I20251108 00:02:58.813612 139717798590272 data_text_parser.cc:93] get inflate_stream
I20251108 00:02:58.814113 139717798590272 data_text_parser.cc:101] get chunk buffer, size: 20480
I20251108 00:02:58.814145 139717798590272 data_text_parser.cc:116] beg_pos: 0,end_pos: 2203
I20251108 00:02:58.814153 139717798590272 data_text_parser.cc:59] line: 0|35|1720@2078803368:0.246407;1185@1022287638:0.151071;1587@1896086210:0.40376;1048@2194625307:0.592291;1413@1971522102:0.825387;1472@2922165161:0.871905;1861@3768081605:0.293949;1430@1737946202:0.11469;1384@741076129:0.642461;1829@322538332:0.955556;1635@3968333030:0.508139;1785@373545807:0.000863;1712@3322140010:0.820868;1116@2242950518:0.654862;1010@1339198236:0.291084;1371@1713145511:0.242184;1381@201403854:0.760227;1736@2809535861:0.994925;1206@2211812975:0.040462;1202@2681596852:0.050213|67@0.121579,0.662585,0.059782,0.950017,0.615238,0.117334,0.195037,0.150216,0.943708,0.391018,0.445609;56@0.262912,0.749598,0.467136,0.925941,0.94136,0.628454,0.27895,0.524211,0.556681,0.869557,0.693013,0.243626;73@0.05898,0.264405;38@0.795042,0.099788,0.501431,0.944934,0.024748,0.914699,0.026745,0.284343,0.625706,0.280179;1@;14@0.615097,0.493561,0.344589,0.294255,0.2225,0.316669,0.965489,0.612126,0.792227;41@;32@0.733426,0.926457,0.12923,0.061133;70@0.826519,0.52859,0.342883,0.145356;43@0.041453,0.693145,0.221867,0.167814,0.866901,0.893683,0.523852,0.582871,0.146278,0.242635,0.63825;65@0.615183,0.944877,0.71581,0.858984;20@0.594907,0.476614,0.482544,0.480593;40@0.6993,0.216401,0.987747;100@0.450281;37@0.54167,0.16817,0.949845,0.896686,0.616016,0.299401,0.486092,0.441808,0.649356,0.516776,0.066628,0.128226,0.132707;27@0.452431,0.197151,0.116742,0.761176,0.391478,0.238058,0.188745;92@0.2489,0.606053,0.549425,0.041956,0.782426;10@0.650402,0.354861,0.22373,0.850653,0.896159,0.083982,0.367598,0.326811,0.020022,0.697582,0.266517,0.140165;75@0.702794,0.494101,0.874633,0.593111,0.023391,0.732085,0.194271,0.768907,0.29141,0.838167;84@0.216734,0.866208,0.975179,0.177829,0.629663,0.024274,0.675508,0.533256,0.612868,0.854688,0.489704;82@0.682467;47@0.059765,0.454814,0.924412,0.611982,0.2778,0.263502,0.312502,0.151457,0.75236,0.196556,0.605261;9@0.364188,0.850041,0.126636,0.372948,0.67076,0.191426,0.295028,0.230212,0.176216,0.52503,0.112567;39@0.284208,0.910184,0.62228,0.983548,0.132523,0.453855,0.535996,0.959049,0.67878;88@0.714896,0.596638,0.86258,0.576769,0.178392,0.757842,0.925137;30@0.157885,0.450023,0.766821,0.119337,0.445898,0.136039,0.430985,0.559229,0.045793,0.008674|0|1762487393
I20251108 00:02:58.814207 139717798590272 data_text_parser.cc:116] beg_pos: 2204,end_pos: 4409
I20251108 00:02:58.814220 139717798590272 data_text_parser.cc:59] line: 1|213|1720@309453711:0.459901;1185@3247141:0.203511;1587@573543391:0.626896;1048@134217086:0.679187;1413@3838273555:0.362938;1472@3417214873:0.709086;1861@2886494811:0.920327;1430@464481434:0.713802;1384@893250698:0.194635;1829@107978211:0.381579;1635@4081631062:0.757654;1785@3756815204:0.176789;1712@373476793:0.33213;1116@3252407575:0.281656;1010@2627292379:0.195175;1371@3024404212:0.088236;1381@2930629999:0.686594;1736@2784056520:0.057964;1206@2123342261:0.965231;1202@1144488963:0.096849|67@0.792375,0.308177,0.591651,0.489665,0.077765,0.598003,0.687102,0.718145,0.268862,0.373468,0.533794;56@0.721558,0.761632,0.838155,0.210903,0.270497,0.884317,0.393179,0.699211,0.318454,0.195537,0.453666,0.809944;73@0.053513,0.71502;38@0.34904,0.565379,0.896339,0.364704,0.146942,0.197313,0.873628,0.483704,0.882128,0.099088;1@;14@0.18501,0.935109,0.235001,0.736886,0.63264,0.616062,0.60546,0.342675,0.087715;41@;32@0.066775,0.425188,0.263852,0.804628;70@0.620299,0.065454,0.170393,0.446349;43@0.100661,0.234634,0.367882,0.643286,0.767496,0.658049,0.226415,0.150394,0.135523,0.795179,0.89163;65@0.863769,0.840207,0.643054,0.192143;20@0.679711,0.064362,0.680854,0.101345;40@0.251453,0.552269,0.530256;100@0.919566;37@0.821356,0.238171,0.923068,0.628443,0.829235,0.345005,0.886768,0.361751,0.020128,0.252872,0.775586,0.748446,0.801664;27@0.8247,0.673017,0.788713,0.207179,0.256049,0.060392,0.396515;92@0.60476,0.39634,0.371736,0.107193,0.41513;10@0.64686,0.501708,0.629481,0.100247,0.465637,0.153274,0.167976,0.239867,0.417287,0.410082,0.199337,0.94945;75@0.266773,0.887709,0.207335,0.167379,0.037356,0.127538,0.663376,0.046971,0.639265,0.725053;84@0.310205,0.008572,0.940464,0.64044,0.87362,0.895709,0.224911,0.746716,0.208705,0.551393,0.288041;82@0.886237;47@0.246179,0.957809,0.264036,0.636902,0.714475,0.874299,0.134612,0.955352,0.818313,0.893714,0.147693;9@0.137692,0.046697,0.632379,0.712357,0.476043,0.649133,0.583027,0.882642,0.429723,0.232302,0.40015;39@0.914237,0.330902,0.446811,0.697335,0.62033,0.310169,0.898779,0.136792,0.068614;88@0.135401,0.192981,0.572366,0.689842,0.411067,0.418359,0.370982;30@0.894334,0.855464,0.45932,0.62014,0.560698,0.488678,0.866144,0.345799,0.263729,0.102338|0|1762487393
I20251108 00:02:58.814267 139717798590272 data_text_parser.cc:116] beg_pos: 4410,end_pos: 6619
I20251108 00:02:58.814280 139717798590272 data_text_parser.cc:59] line: 2|452|1720@3290851331:0.846836;1185@2967003239:0.744581;1587@1675311078:0.423828;1048@126074153:0.100404;1413@1636140260:0.004861;1472@3980804878:0.69477;1861@4036641303:0.887642;1430@4055454213:0.191051;1384@1144751980:0.74751;1829@923864215:0.255103;1635@2996624663:0.354917;1785@472909915:0.475131;1712@992833147:0.183698;1116@2822142200:0.607542;1010@803678944:0.824918;1371@3783720333:0.212085;1381@1012501802:0.342289;1736@1264480587:0.89024;1206@4101925828:0.626213;1202@1843756973:0.469729|67@0.032505,0.704169,0.040954,0.65167,0.469788,0.714414,0.873095,0.740326,0.589013,0.384492,0.391561;56@0.837178,0.216298,0.074698,0.867152,0.948403,0.498182,0.875882,0.580521,0.354484,0.200194,0.333153,0.432355;73@0.651278,0.651291;38@0.607232,0.83607,0.973898,0.977161,0.772264,0.264692,0.306526,0.612688,0.803245,0.546009;1@;14@0.550155,0.855776,0.347446,0.733774,0.561395,0.94484,0.996816,0.232481,0.716978;41@;32@0.283968,0.566402,0.823465,0.022899;70@0.243627,0.038431,0.132722,0.253419;43@0.890139,0.136209,0.250074,0.186487,0.154066,0.800836,0.574553,0.192846,0.422183,0.131757,0.473476;65@0.761878,0.77344,0.106519,0.545608;20@0.073301,0.999472,0.854319,0.489661;40@0.196179,0.03387,0.900976;100@0.057748;37@0.287952,0.791804,0.669371,0.612689,0.655614,0.752262,0.576843,0.414203,0.536776,0.267636,0.400494,0.737254,0.581319;27@0.945768,0.712418,0.074209,0.969138,0.734248,0.750453,0.169727;92@0.191697,0.351974,0.24634,0.529499,0.92948;10@0.295271,0.909886,0.579607,0.905863,0.491079,0.645796,0.91966,0.833914,0.165021,0.934142,0.413319,0.368431;75@0.406207,0.154009,0.941764,0.940937,0.040125,0.806737,0.019775,0.492273,0.700746,0.068669;84@0.936393,0.112701,0.611139,0.583132,0.773795,0.778631,0.955929,0.754681,0.51663,0.06399,0.027121;82@0.743986;47@0.348814,0.819026,0.679731,0.306813,0.695481,0.550837,0.79906,0.31807,0.478343,0.052951,0.106338;9@0.354759,0.061925,0.363551,0.672089,0.916939,0.805073,0.07233,0.553462,0.52075,0.990453,0.870977;39@0.26455,0.160289,0.58982,0.645221,0.903991,0.652279,0.609684,0.110717,0.495109;88@0.586492,0.150297,0.399565,0.229994,0.82795,0.738461,0.828849;30@0.579076,0.38516,0.059044,0.972052,0.997102,0.889241,0.852375,0.220763,0.261054,0.461764|0|1762487393
I20251108 00:02:58.814311 139717798590272 data_text_parser.cc:116] beg_pos: 6620,end_pos: 8828
I20251108 00:02:58.814323 139717798590272 data_text_parser.cc:59] line: 3|697|1720@171319843:0.426726;1185@2362258146:0.269213;1587@2197120262:0.000641;1048@1997907531:0.606156;1413@1191484442:0.005136;1472@133999643:0.35498;1861@2064094886:0.94325;1430@3689896764:0.366412;1384@3684888928:0.808109;1829@3131082723:0.271743;1635@199150076:0.031904;1785@1326930630:0.242689;1712@1091816933:0.911842;1116@2601094377:0.872745;1010@2731010032:0.715207;1371@2211544165:0.896421;1381@1528376463:0.412385;1736@1266299351:0.52889;1206@3080652180:0.984761;1202@2082472141:0.453421|67@0.963377,0.453577,0.22568,0.373986,0.783895,0.667314,0.123843,0.456664,0.680008,0.315255,0.228511;56@0.934384,0.013096,0.618675,0.955782,0.978115,0.668588,0.234979,0.15955,0.890514,0.170897,0.961929,0.719858;73@0.378753,0.208982;38@0.585821,0.576744,0.148855,0.78974,0.789716,0.548066,0.605456,0.871189,0.560353,0.018655;1@;14@0.062781,0.696409,0.236969,0.096192,0.003321,0.545016,0.24905,0.31837,0.957679;41@;32@0.058745,0.555816,0.443485,0.852936;70@0.389271,0.634088,0.489569,0.179782;43@0.421065,0.804265,0.765904,0.273774,0.008744,0.099719,0.915924,0.654896,0.847717,0.085364,0.208293;65@0.210831,0.790742,0.509219,0.733583;20@0.181319,0.397249,0.408489,0.30147;40@0.653252,0.176072,0.719117;100@0.815684;37@0.048832,0.797524,0.358151,0.831625,0.720475,0.267572,0.442058,0.246399,0.354683,0.3854,0.975027,0.973004,0.371229;27@0.899256,0.784203,0.660174,0.446033,0.036586,0.842812,0.834234;92@0.789963,0.640597,0.061553,0.572732,0.1555;10@0.597119,0.070853,0.366615,0.58558,0.086597,0.580764,0.112401,0.577109,0.963084,0.178493,0.744525,0.299509;75@0.547997,0.825694,0.049819,0.455867,0.648565,0.399731,0.802509,0.845545,0.168229,0.21392;84@0.297938,0.859723,0.889733,0.085334,0.62444,0.833699,0.799588,0.765445,0.744802,0.090359,0.910934;82@0.286527;47@0.829237,0.394527,0.727204,0.34663,0.509417,0.87254,0.293964,0.851462,0.676305,0.04339,0.125547;9@0.30133,0.721157,0.968505,0.885391,0.02491,0.145552,0.642205,0.603316,0.584119,0.412779,0.842835;39@0.804499,0.23724,0.147149,0.48327,0.327611,0.445577,0.875409,0.928185,0.013926;88@0.211015,0.032526,0.782993,0.523783,0.952178,0.550978,0.053961;30@0.684646,0.665422,0.920039,0.814695,0.807215,0.600355,0.47529,0.091538,0.851022,0.191719|0|1762487393
I20251108 00:02:58.814365 139717798590272 data_text_parser.cc:116] beg_pos: 8829,end_pos: 11038
I20251108 00:02:58.814397 139717798590272 data_text_parser.cc:59] line: 4|574|1720@3480540247:0.447484;1185@3968333030:0.663532;1587@3684172086:0.429092;1048@1957116837:0.298197;1413@1624351355:0.059082;1472@3483082364:0.254085;1861@2198553591:0.975518;1430@2607825172:0.392432;1384@1089034237:0.097737;1829@2067024658:0.449947;1635@1900372311:0.489243;1785@1100481293:0.042785;1712@3935865631:0.86193;1116@3366262077:0.201625;1010@3745216778:0.278474;1371@2678751332:0.873457;1381@2181995198:0.14331;1736@752160270:0.089005;1206@325459237:0.932334;1202@1518911047:0.718404|67@0.603439,0.420306,0.365122,0.488295,0.47166,0.528152,0.570816,0.524949,0.666416,0.243215,0.800577;56@0.360617,0.235993,0.22004,0.645587,0.3444,0.484621,0.834057,0.719606,0.386704,0.312376,0.228027,0.206227;73@0.695846,0.957813;38@0.839351,0.571475,0.518938,0.380907,0.954588,0.00666,0.141424,0.288575,0.142798,0.395773;1@;14@0.031336,0.259098,0.525867,0.294408,0.98341,0.396211,0.309168,0.702882,0.97762;41@;32@0.463255,0.18609,0.96939,0.026284;70@0.409371,0.601417,0.671975,0.726161;43@0.320362,0.516472,0.582515,0.750581,0.260246,0.471885,0.498027,0.534676,0.587959,0.15093,0.0216;65@0.363482,0.752075,0.944289,0.795087;20@0.416208,0.962057,0.897295,0.297138;40@0.827877,0.523058,0.095302;100@0.552252;37@0.176029,0.774519,0.661175,0.692131,0.915604,0.894113,0.291293,0.634435,0.211763,0.03983,0.832223,0.026064,0.544654;27@0.992959,0.693703,0.428701,0.154832,0.634589,0.763476,0.905733;92@0.713278,0.230071,0.679702,0.926665,0.2964;10@0.696318,0.02338,0.813952,0.510536,0.999296,0.852048,0.626481,0.986066,0.249621,0.1031,0.408175,0.491085;75@0.278118,0.232568,0.074498,0.747259,0.417332,0.743152,0.971928,0.828789,0.593941,0.800187;84@0.060587,0.391105,0.306032,0.316185,0.692891,0.9129,0.877218,0.192068,0.752708,0.490184,0.199816;82@0.573045;47@0.493274,0.276165,0.231628,0.068163,0.227944,0.002498,0.563328,0.674645,0.757902,0.207347,0.358986;9@0.72015,0.830958,0.400048,0.866881,0.115696,0.792102,0.512945,0.194182,0.641541,0.104271,0.242548;39@0.766062,0.061392,0.121895,0.846608,0.667552,0.845013,0.604904,0.586894,0.801862;88@0.122927,0.397288,0.204393,0.420996,0.137302,0.352056,0.567336;30@0.500736,0.524477,0.68911,0.580023,0.886451,0.869305,0.234204,0.057104,0.271689,0.723797|1|1762487393
I20251108 00:02:58.814440 139717798590272 data_text_parser.cc:116] beg_pos: 11039,end_pos: 13244
I20251108 00:02:58.814454 139717798590272 data_text_parser.cc:59] line: 5|554|1720@1364104653:0.721354;1185@2251222309:0.60358;1587@3972783621:0.773258;1048@759804188:0.390922;1413@3140165875:0.091018;1472@147617615:0.651137;1861@1013645444:0.657895;1430@1116605561:0.603107;1384@1768011219:0.111748;1829@2827736647:0.308491;1635@3380478002:0.019122;1785@2428966007:0.189718;1712@3089930725:0.67855;1116@3522124929:0.063187;1010@1287683160:0.245292;1371@1590359658:0.711377;1381@2232020502:0.008254;1736@3371431386:0.83055;1206@1862195:0.604914;1202@2581041321:0.348925|67@0.39267,0.758022,0.042634,0.090886,0.239253,0.64855,0.02336,0.552956,0.394843,0.749209,0.212413;56@0.277243,0.360697,0.820195,0.622793,0.811288,0.519851,0.509997,0.063193,0.180167,0.176583,0.17576,0.940233;73@0.161734,0.565959;38@0.533898,0.898364,0.630604,0.256299,0.278462,0.339344,0.194957,0.393653,0.883027,0.101122;1@;14@0.223279,0.799384,0.680839,0.618889,0.191078,0.896049,0.14098,0.037433,0.992978;41@;32@0.470129,0.784753,0.386551,0.998951;70@0.993073,0.576898,0.400913,0.09189;43@0.311276,0.01007,0.740187,0.593891,0.395461,0.341723,0.749273,0.040396,0.179762,0.105581,0.367405;65@0.083517,0.16995,0.253094,0.003118;20@0.605771,0.461568,0.231567,0.113281;40@0.050784,0.070619,0.363383;100@0.445054;37@0.598809,0.416077,0.449764,0.346633,0.436201,0.473452,0.328203,0.132729,0.418826,0.243983,0.824297,0.719398,0.184019;27@0.467768,0.071378,0.902923,0.527365,0.356112,0.120144,0.972856;92@0.370418,0.269495,0.031906,0.842009,0.623396;10@0.750222,0.316595,0.56139,0.990601,0.959926,0.330348,0.004483,0.341137,0.241053,0.43024,0.341207,0.748033;75@0.681295,0.178923,0.038535,0.5907,0.005695,0.582608,0.84241,0.421614,0.492078,0.516293;84@0.012908,0.188505,0.507345,0.156975,0.815594,0.593463,0.54461,0.659623,0.391829,0.092124,0.234367;82@0.455346;47@0.75453,0.402066,0.639264,0.577058,0.529211,0.674135,0.411915,0.237156,0.256871,0.762882,0.05861;9@0.531672,0.973657,0.604994,0.903426,0.22808,0.382311,0.092549,0.577475,0.467923,0.900388,0.6704;39@0.151617,0.443075,0.117645,0.952075,0.568527,0.044841,0.252006,0.845264,0.176073;88@0.30763,0.800176,0.969343,0.738856,0.644391,0.917926,0.751287;30@0.603455,0.496941,0.422263,0.522677,0.204175,0.333451,0.921811,0.207281,0.84538,0.43909|1|1762487393
I20251108 00:02:58.814497 139717798590272 data_text_parser.cc:116] beg_pos: 13245,end_pos: 15455
I20251108 00:02:58.814509 139717798590272 data_text_parser.cc:59] line: 6|860|1720@1927884708:0.132628;1185@200419932:0.401801;1587@1179632240:0.955356;1048@2454679622:0.403319;1413@3392631216:0.308465;1472@153467460:0.690437;1861@3853094363:0.800426;1430@316920753:0.543487;1384@1726364424:0.439014;1829@3177268830:0.819694;1635@2926492681:0.796386;1785@3469039385:0.656294;1712@3567946803:0.814691;1116@2768204742:0.499269;1010@1698715284:0.291015;1371@3953041521:0.697516;1381@1381572513:0.813076;1736@392041706:0.080358;1206@3007482289:0.372887;1202@2030518780:0.089113|67@0.186155,0.770957,0.224977,0.171549,0.142623,0.464189,0.26421,0.368432,0.20535,0.918138,0.801582;56@0.288737,0.264794,0.47665,0.206482,0.622826,0.613457,0.566369,0.080135,0.094115,0.572841,0.846461,0.387475;73@0.986246,0.469077;38@0.145032,0.092011,0.843406,0.867493,0.623106,0.395754,0.073678,0.877483,0.920058,0.651457;1@;14@0.993841,0.595482,0.901318,0.6757,0.951756,0.565876,0.492857,0.368282,0.335247;41@;32@0.16322,0.549641,0.017136,0.20565;70@0.801701,0.086991,0.286788,0.497821;43@0.69382,0.467683,0.985704,0.779564,0.289028,0.692512,0.592773,0.808977,0.597717,0.405619,0.588613;65@0.02523,0.106838,0.83497,0.214411;20@0.083168,0.223098,0.059105,0.025767;40@0.383496,0.402444,0.594421;100@0.505885;37@0.87954,0.749686,0.643346,0.061384,0.439902,0.787414,0.440762,0.171233,0.821822,0.05906,0.459876,0.623555,0.666397;27@0.415129,0.165678,0.968541,0.871375,0.262966,0.769061,0.271799;92@0.80965,0.153956,0.924174,0.452672,0.340278;10@0.759387,0.950783,0.178457,0.250813,0.83083,0.220944,0.199188,0.224672,0.571791,0.138636,0.500313,0.253252;75@0.330542,0.945397,0.930782,0.883025,0.304433,0.477315,0.708313,0.451244,0.688473,0.39571;84@0.228284,0.364179,0.114318,0.600381,0.053204,0.362529,0.485545,0.170875,0.763376,0.539628,0.56733;82@0.12272;47@0.32398,0.339935,0.514088,0.857326,0.458054,0.904366,0.066233,0.029826,0.571879,0.06437,0.38973;9@0.275081,0.297625,0.05993,0.093887,0.834373,0.403887,0.836496,0.924424,0.565505,0.719227,0.324239;39@0.028989,0.358971,0.021803,0.922298,0.259928,0.307038,0.742416,0.542732,0.315862;88@0.977984,0.073069,0.847911,0.196533,0.020726,0.886375,0.438583;30@0.842684,0.204779,0.648982,0.506019,0.041933,0.023758,0.773889,0.220241,0.130738,0.041928|1|1762487393
I20251108 00:02:58.814552 139717798590272 data_text_parser.cc:116] beg_pos: 15456,end_pos: 17673
I20251108 00:02:58.814564 139717798590272 data_text_parser.cc:59] line: 7|602|1720@3906433197:0.811035;1185@2421952652:0.025303;1587@3515837277:0.215018;1048@2361747905:0.756628;1413@1902390599:0.018382;1472@2151206599:0.513353;1861@1646981861:0.662211;1430@2245928831:0.408526;1384@2428966007:0.829436;1829@3989578573:0.663096;1635@3841748820:0.084241;1785@1764848680:0.515462;1712@1683767367:0.430341;1116@819961635:0.367925;1010@2294969919:0.296348;1371@1646109686:0.371165;1381@925012268:0.20842;1736@4170740656:0.980908;1206@2715215906:0.473273;1202@788657399:0.673571|67@0.887659,0.005362,0.638432,0.344024,0.36884,0.489842,0.961536,0.797337,0.557205,0.190523,0.430115;56@0.195154,0.252751,0.91118,0.128771,0.06366,0.566641,0.311619,0.707149,0.860527,0.258053,0.795774,0.167568;73@0.110513,0.501113;38@0.555559,0.299485,0.068707,0.403485,0.929598,0.451118,0.774718,0.833896,0.265138,0.81631;1@;14@0.796599,0.630815,0.762024,0.937643,0.007897,0.986823,0.441942,0.088583,0.738992;41@;32@0.974619,0.474703,0.775438,0.33875;70@0.418548,0.797943,0.46942,0.384646;43@0.484731,0.453738,0.655166,0.995398,0.027882,0.578012,0.431077,0.025337,0.182478,0.482161,0.562809;65@0.007964,0.158134,0.423488,0.358875;20@0.056776,0.313938,0.96204,0.643063;40@0.185464,0.956842,0.628922;100@0.456597;37@0.436795,0.889743,0.859521,0.469043,0.256661,0.053964,0.448296,0.52388,0.550069,0.595409,0.702173,0.509274,0.821672;27@0.089793,0.538323,0.92417,0.682027,0.215782,0.147239,0.17525;92@0.84729,0.471614,0.255759,0.450228,0.985793;10@0.253142,0.075788,0.247877,0.589904,0.360407,0.884237,0.940144,0.204814,0.814376,0.984447,0.545534,0.945898;75@0.306553,0.647533,0.059256,0.304672,0.68207,0.583881,0.205535,0.198235,0.556916,0.741151;84@0.837197,0.206372,0.654715,0.236352,0.412257,0.023728,0.932422,0.585429,0.155454,0.008581,0.786049;82@0.820713;47@0.098873,0.068608,0.425068,0.166592,0.244492,0.83163,0.144449,0.713307,0.797029,0.392921,0.841239;9@0.370386,0.983911,0.168971,0.986527,0.043567,0.327718,0.705855,0.231868,0.726446,0.266234,0.313506;39@0.517672,0.061461,0.588166,0.879975,0.643304,0.127693,0.746251,0.374126,0.260023;88@0.542012,0.543741,0.399031,0.970947,0.538355,0.218214,0.52258;30@0.620665,0.867251,0.805125,0.158146,0.475512,0.317856,0.740965,0.222832,0.153347,0.111702|1|1762487393
I20251108 00:02:58.814596 139717798590272 data_text_parser.cc:116] beg_pos: 17674,end_pos: 19879
I20251108 00:02:58.814608 139717798590272 data_text_parser.cc:59] line: 8|691|1720@40021238:0.72676;1185@1164900494:0.799458;1587@654807676:0.779753;1048@946912719:0.277985;1413@3912991612:0.346091;1472@3649559853:0.268601;1861@2479170633:0.970001;1430@2410347236:0.217428;1384@654115836:0.012613;1829@1482364931:0.428279;1635@3910390617:0.796723;1785@4241024589:0.460885;1712@2860344087:0.162939;1116@310669967:0.992424;1010@531991901:0.308025;1371@1660466260:0.785972;1381@3746104099:0.121114;1736@3993855760:0.362817;1206@2557164171:0.715516;1202@3651349097:0.12051|67@0.193052,0.187516,0.943347,0.758949,0.178882,0.19096,0.611061,0.291028,0.576724,0.148635,0.313008;56@0.17761,0.717899,0.997108,0.338958,0.878921,0.323243,0.904418,0.253196,0.521372,0.48042,0.343166,0.026403;73@0.231793,0.877632;38@0.824623,0.52332,0.005654,0.17234,0.567103,0.282701,0.075202,0.159481,0.506974,0.497128;1@;14@0.333319,0.918563,0.896493,0.973476,0.988587,0.974851,0.136523,0.951816,0.754816;41@;32@0.084995,0.980777,0.923538,0.713092;70@0.973018,0.03059,0.000974,0.218167;43@0.195871,0.876329,0.905835,0.866815,0.980397,0.391871,0.460304,0.345278,0.964013,0.387406,0.666639;65@0.132996,0.631553,0.55985,0.870168;20@0.585868,0.327202,0.890102,0.418217;40@0.171446,0.256087,0.797662;100@0.944333;37@0.317063,0.936044,0.276432,0.703947,0.83563,0.68181,0.488286,0.256252,0.52066,0.794401,0.057587,0.036445,0.231829;27@0.796647,0.995066,0.479151,0.372676,0.938515,0.131469,0.450794;92@0.2879,0.848223,0.326822,0.947075,0.95321;10@0.132637,0.636868,0.175788,0.829183,0.062491,0.011036,0.010898,0.986292,0.756156,0.367507,0.962239,0.298052;75@0.122896,0.569306,0.786062,0.142399,0.872387,0.8694,0.794282,0.831813,0.333616,0.98017;84@0.232985,0.661441,0.422831,0.121805,0.385916,0.71896,0.321899,0.873205,0.91683,0.042465,0.619951;82@0.554225;47@0.676419,0.72847,0.688892,0.115884,0.881662,0.549822,0.497706,0.666297,0.831398,0.880579,0.086193;9@0.736914,0.158924,0.819723,0.058269,0.823304,0.651965,0.948386,0.821256,0.961385,0.654878,0.639286;39@0.924304,0.08751,0.694995,0.114234,0.977143,0.20141,0.248307,0.670539,0.494366;88@0.749954,0.600387,0.562267,0.158066,0.493056,0.674291,0.404771;30@0.453706,0.948964,0.470883,0.242024,0.463285,0.790476,0.672906,0.548144,0.374325,0.592662|0|1762487393
I20251108 00:02:58.814638 139717798590272 data_text_parser.cc:116] beg_pos: 19880,end_pos: 20480
I20251108 00:02:58.814880 139717798590272 data_text_parser.cc:101] get chunk buffer, size: 20480
I20251108 00:02:58.814903 139717798590272 data_text_parser.cc:116] beg_pos: 0,end_pos: 1617
I20251108 00:02:58.814911 139717798590272 data_text_parser.cc:61] buffer line: 9|896|1720@2274795160:0.970809;1185@3053906741:0.630631;1587@3689785685:0.478864;1048@191935858:0.159374;1413@2273150916:0.117508;1472@4162248678:0.728662;1861@2656686622:0.108545;1430@4181888793:0.027378;1384@3298453578:0.677133;1829@365235962:0.979653;1635@2596097790:0.884904;1785@2343992474:0.01688;1712@547791995:0.274027;1116@331865263:0.466196;1010@1307080859:0.346005;1371@4258656998:0.456415;1381@1245859142:0.569334;1736@1842167004:0.519252;1206@3053906741:0.297381;1202@2932762014:0.732764|67@0.203872,0.087495,0.744725,0.513648,0.911785,0.692341,0.451753,0.502601,0.553476,0.482134,0.141553;56@0.366218,0.928193,0.791761,0.760352,0.952993,0.361616,0.816071,0.985271,0.196947,0.733483,0.982115,0.606266;73@0.701835,0.03489;38@0.624721,0.392446,0.982975,0.665725,0.007388,0.963697,0.318808,0.777542,0.923824,0.889847;1@;14@0.756062,0.140722,0.55502,0.67547,0.068762,0.289357,0.689662,0.515223,0.552757;41@;32@0.652122,0.882444,0.425324,0.927524;70@0.935268,0.274978,0.472609,0.273532;43@0.664749,0.418241,0.332031,0.790336,0.267788,0.195996,0.851044,0.00784,0.892654,0.872693,0.371395;65@0.267057,0.314965,0.70047,0.397679;20@0.203162,0.16691,0.690188,0.313159;40@0.188764,0.401105,0.451841;100@0.420565;37@0.854698,0.823873,0.414085,0.401999,0.762187,0.809236,0.109264,0.98048,0.42097,0.802299,0.335693,0.236218,0.516965;27@0.766043,0.364998,0.385898,0.539369,0.903113,0.829562,0.472756;92@0.469067,0.796232,0.170648,0.142451,0.840727;10@0.06303,0.943557,0.800882,0.738644,0.910013,0.150467,0.144553,0.685685,0.508445,0.921171,0.996243,0.955901;75@0.560041,0.005709,0.107614,0.617828,0.858813,0.731124,0.326388,0.04148,0.504292,0.972471;84@0.157695,0.976272,0.777733,0.886635,0.11817,0.89396,0.210978,0.208219,0.909557,0.263252,0.814034;82@0.170341;47@0.425463,0.527146,0.357496,0.896795,0.649875,0.794434,0.616869,0.091439,0.801105,0.797035,0.742366;9@0.272734,0.467729,0.662607,0.050441,0.629121,0.940653,0.047765,0.154254,0.486085,0.858894,0.978565;39@0.759357,0.945168,0.157852,0.482714,0.925312,0.373786,0.47711,0.009764,0.882295;88@0.925934,0.907855,0.725747,0.654514,0.603125,0.995677,0.712714;30@0.391974,0.902961,0.282572,0.557956,0.654077,0.998316,0.038698,0.662812,0.563926,0.259599|1|1762487393
I20251108 00:02:58.814943 139717798590272 data_text_parser.cc:116] beg_pos: 1618,end_pos: 3828
I20251108 00:02:58.814955 139717798590272 data_text_parser.cc:59] line: 10|857|1720@2326200770:0.859972;1185@3708015449:0.083342;1587@3021825018:0.427977;1048@1908838787:0.852639;1413@4194379348:0.684454;1472@1571693490:0.588086;1861@3357441273:0.197955;1430@4257262344:0.517857;1384@1845745250:0.180687;1829@3156975677:0.881992;1635@2518617051:0.984423;1785@3889354205:0.166608;1712@3740691480:0.815673;1116@1254284750:0.336642;1010@1900259804:0.344849;1371@4209884480:0.067521;1381@1162835739:0.908376;1736@4036641303:0.265893;1206@1749090963:0.214548;1202@89954784:0.348887|67@0.507468,0.667428,0.168916,0.378686,0.953488,0.954277,0.086249,0.101682,0.940704,0.810018,0.954786;56@0.831127,0.218445,0.598671,0.511122,0.436703,0.430768,0.657836,0.020408,0.160415,0.684709,0.697969,0.751697;73@0.040135,0.258765;38@0.002669,0.32011,0.502472,0.61985,0.087117,0.544446,0.808383,0.22136,0.045631,0.024322;1@;14@0.604621,0.359494,0.989843,0.425573,0.794704,0.494641,0.133672,0.296947,0.919985;41@;32@0.267656,0.685625,0.908941,0.472528;70@0.651917,0.489624,0.203828,0.668581;43@0.438165,0.786069,0.457472,0.065857,0.841809,0.498641,0.534533,0.735471,0.695601,0.145787,0.321153;65@0.98152,0.281206,0.272734,0.490368;20@0.806924,0.734501,0.506737,0.605956;40@0.290469,0.274733,0.670757;100@0.785008;37@0.862402,0.686209,0.637332,0.040922,0.25703,0.992517,0.857797,0.361852,0.60807,0.690345,0.607879,0.964453,0.578124;27@0.988347,0.639441,0.481037,0.62756,0.585915,0.717112,0.158366;92@0.796253,0.402527,0.483641,0.226306,0.764693;10@0.6386,0.587745,0.631789,0.33921,0.860619,0.955996,0.190815,0.827639,0.406185,0.15353,0.713642,0.912754;75@0.043446,0.845365,0.342278,0.574074,0.644787,0.95285,0.463901,0.786909,0.503115,0.129913;84@0.915949,0.457434,0.77813,0.70531,0.667735,0.921048,0.94067,0.218397,0.387971,0.362379,0.357107;82@0.862988;47@0.062811,0.7872,0.471655,0.186107,0.127897,0.779867,0.153653,0.954694,0.485399,0.06193,0.197477;9@0.752233,0.63958,0.712666,0.574999,0.049299,0.39929,0.40431,0.640116,0.777604,0.803554,0.645393;39@0.116849,0.994668,0.894636,0.818427,0.509725,0.364626,0.028848,0.83526,0.568667;88@0.365796,0.5056,0.194989,0.878574,0.401388,0.479893,0.074083;30@0.910032,0.256735,0.758182,0.395658,0.415446,0.960988,0.785294,0.881913,0.663233,0.460225|0|1762487393
I20251108 00:02:58.814996 139717798590272 data_text_parser.cc:116] beg_pos: 3829,end_pos: 6031
I20251108 00:02:58.815009 139717798590272 data_text_parser.cc:59] line: 11|986|1720@3710122819:0.436505;1185@854172050:0.945008;1587@3628081332:0.757139;1048@2774269349:0.490822;1413@1074915481:0.247204;1472@2325833431:0.678291;1861@1736900598:0.813372;1430@1598267763:0.941891;1384@78713242:0.303929;1829@547521821:0.40139;1635@890667181:0.50984;1785@4091804526:0.425874;1712@3484289692:0.720582;1116@3057638384:0.328835;1010@1556964541:0.213515;1371@831395894:0.709164;1381@952350189:0.117666;1736@1747614739:0.445631;1206@3525502825:0.246694;1202@3245186414:0.574493|67@0.953771,0.321033,0.532299,0.275544,0.753725,0.367624,0.19536,0.377445,0.371527,0.803099,0.601323;56@0.110835,0.630011,0.797543,0.337962,0.145645,0.987299,0.974068,0.971696,0.267651,0.818478,0.023927,0.687533;73@0.127676,0.228532;38@0.918708,0.9661,0.058582,0.053918,0.965315,0.50694,0.809695,0.303634,0.143559,0.720256;1@;14@0.65195,0.130581,0.873952,0.368428,0.072019,0.661195,0.872647,0.898567,0.174635;41@;32@0.556061,0.190078,0.034881,0.524928;70@0.974642,0.616103,0.685508,0.515833;43@0.731128,0.540479,0.092833,0.715705,0.006921,0.168225,0.542759,0.526518,0.84029,0.283883,0.950163;65@0.948807,0.502458,0.607601,0.77352;20@0.636261,0.502931,0.869708,0.484982;40@0.7439,0.235952,0.052824;100@0.821858;37@0.331645,0.280298,0.615399,0.159444,0.485179,0.223426,0.14179,0.35395,0.55269,0.344376,0.6063,0.122968,0.65932;27@0.514029,0.208073,0.105936,0.062944,0.184277,0.595984,0.444386;92@0.62541,0.753891,0.773405,0.533261,0.265587;10@0.709649,0.556908,0.612906,0.302984,0.300578,0.118153,0.42799,0.989904,0.911954,0.79278,0.535774,0.294087;75@0.939376,0.381318,0.520828,0.929108,0.499039,0.411726,0.359671,0.419508,0.422589,0.338809;84@0.671485,0.83096,0.440137,0.099343,0.646088,0.490383,0.38352,0.609383,0.690305,0.460952,0.882614;82@0.402183;47@0.192524,0.286258,0.102522,0.256404,0.015701,0.764011,0.650846,0.418066,0.282597,0.139743,0.463218;9@0.345518,0.302167,0.990225,0.422796,0.278931,0.078509,0.999878,0.604601,0.220642,0.276019,0.014204;39@0.954332,0.21448,0.404478,0.47189,0.486327,0.438517,0.75238,0.378492,0.921905;88@0.732902,0.256774,0.156929,0.842391,0.280215,0.142808,0.792568;30@0.746558,0.643375,0.422008,0.510004,0.4225,0.131557,0.560702,0.080464,0.140366,0.109287|0|1762487393
I20251108 00:02:58.815052 139717798590272 data_text_parser.cc:116] beg_pos: 6032,end_pos: 8245
I20251108 00:02:58.815064 139717798590272 data_text_parser.cc:59] line: 12|332|1720@1583133282:0.975961;1185@1336272296:0.786222;1587@2359045956:0.882729;1048@4112547550:0.042786;1413@2305001583:0.465201;1472@418664793:0.976929;1861@3265780994:0.819544;1430@3246671837:0.920518;1384@4062491090:0.548634;1829@2223420355:0.519935;1635@831395894:0.351622;1785@1377368329:0.451602;1712@531561743:0.074671;1116@2387654525:0.935403;1010@4281502887:0.827909;1371@347813322:0.216028;1381@2606000840:0.658739;1736@3553382650:0.6722;1206@390048697:0.426081;1202@1376104936:0.274882|67@0.754821,0.828421,0.636358,0.61007,0.592532,0.478092,0.533519,0.378166,0.152538,0.498872,0.383831;56@0.993413,0.348775,0.560657,0.367966,0.366029,0.606127,0.031618,0.321568,0.097534,0.662319,0.437709,0.896503;73@0.949403,0.139294;38@0.247421,0.212832,0.558339,0.583651,0.454631,0.95476,0.899831,0.383973,0.215399,0.830974;1@;14@0.339761,0.717279,0.522547,0.640948,0.419726,0.308083,0.039128,0.334286,0.08636;41@;32@0.482439,0.62118,0.943188,0.727687;70@0.880516,0.173966,0.843331,0.88164;43@0.117456,0.153894,0.417114,0.258107,0.546271,0.194036,0.829302,0.149483,0.427324,0.787296,0.572745;65@0.955706,0.978113,0.409382,0.854501;20@0.189183,0.805108,0.966632,0.717311;40@0.859545,0.702839,0.834486;100@0.617079;37@0.014859,0.087382,0.811627,0.762415,0.427974,0.899392,0.519184,0.494711,0.076793,0.546623,0.973512,0.394829,0.309882;27@0.931341,0.511093,0.24967,0.143895,0.350611,0.06931,0.137124;92@0.50012,0.345701,0.27014,0.185441,0.830878;10@0.327948,0.262369,0.263734,0.156582,0.814722,0.641156,0.062949,0.782757,0.68971,0.345559,0.961908,0.332524;75@0.78132,0.040472,0.353277,0.542109,0.558792,0.508383,0.319535,0.177848,0.519675,0.223006;84@0.468206,0.360234,0.573664,0.728912,0.723288,0.528445,0.876012,0.718275,0.877475,0.348659,0.684047;82@0.568134;47@0.970511,0.739442,0.77739,0.055083,0.891385,0.240562,0.427295,0.066139,0.346024,0.861154,0.539501;9@0.801268,0.384213,0.350665,0.765817,0.482983,0.661166,0.980945,0.376417,0.525807,0.980049,0.533981;39@0.50709,0.164981,0.993105,0.051615,0.015486,0.110099,0.760818,0.150344,0.134578;88@0.0859,0.529703,0.123562,0.539535,0.919736,0.387219,0.715406;30@0.99078,0.908689,0.107724,0.500323,0.704451,0.597173,0.332654,0.946205,0.842564,0.793149|1|1762487393
I20251108 00:02:58.815096 139717798590272 data_text_parser.cc:116] beg_pos: 8246,end_pos: 10453
I20251108 00:02:58.815108 139717798590272 data_text_parser.cc:59] line: 13|873|1720@2525620547:0.046188;1185@234875076:0.417249;1587@221313870:0.126871;1048@716841597:0.189109;1413@163158778:0.790927;1472@1375369357:0.664278;1861@3662806307:0.761055;1430@1703652069:0.155634;1384@1703301924:0.948508;1829@1936221992:0.353962;1635@2731668564:0.827623;1785@3541984270:0.341762;1712@1451445467:0.935285;1116@2510302135:0.856804;1010@1828273782:0.096308;1371@3292991922:0.490056;1381@2574855530:0.087046;1736@3440405458:0.798075;1206@148288949:0.491624;1202@1668431218:0.54342|67@0.329723,0.22411,0.901528,0.345056,0.725224,0.924826,0.340045,0.9719,0.362506,0.463387,0.249382;56@0.508079,0.274005,0.581448,0.854263,0.999794,0.756287,0.041602,0.306909,0.33602,0.805133,0.598081,0.236811;73@0.271211,0.110847;38@0.364684,0.493735,0.913304,0.085221,0.026029,0.720967,0.201361,0.869091,0.659707,0.053228;1@;14@0.046393,0.933558,0.452442,0.962777,0.885245,0.173953,0.957907,0.460778,0.744294;41@;32@0.823648,0.941722,0.548502,0.78977;70@0.743252,0.751537,0.4294,0.110614;43@0.41045,0.226593,0.576021,0.717276,0.237228,0.488573,0.426891,0.648936,0.379779,0.074795,0.348324;65@0.271068,0.041061,0.521868,0.26766;20@0.706663,0.683999,0.246867,0.586945;40@0.712375,0.424751,0.959882;100@0.637069;37@0.534157,0.144302,0.152434,0.899818,0.376622,0.12165,0.348689,0.266966,0.354907,0.208986,0.887418,0.127427,0.433541;27@0.031226,0.734957,0.948242,0.740797,0.188792,0.306996,0.186438;92@0.084681,0.598668,0.640079,0.593794,0.162233;10@0.009243,0.603859,0.542043,0.440982,0.51788,0.096474,0.411927,0.225496,0.439152,0.716939,0.781301,0.863958;75@0.139274,0.258911,0.219829,0.341242,0.817622,0.485806,0.815896,0.259836,0.192333,0.705928;84@0.660157,0.434921,0.767107,0.979495,0.268291,0.49353,0.51806,0.682576,0.521571,0.677991,0.940111;82@0.779305;47@0.856125,0.374031,0.115961,0.584253,0.677247,0.755691,0.686073,0.705061,0.630128,0.48226,0.926372;9@0.240595,0.800109,0.458542,0.802509,0.24151,0.203217,0.210642,0.188331,0.332113,0.653879,0.984571;39@0.4457,0.452601,0.508007,0.598089,0.22257,0.912054,0.936203,0.75453,0.909456;88@0.73719,0.096297,0.390896,0.401143,0.734224,0.25693,0.707933;30@0.35656,0.872074,0.499002,0.604848,0.86142,0.952578,0.996871,0.447798,0.657594,0.716564|1|1762487393
I20251108 00:02:58.815149 139717798590272 data_text_parser.cc:116] beg_pos: 10454,end_pos: 12662
I20251108 00:02:58.815161 139717798590272 data_text_parser.cc:59] line: 14|713|1720@3274738473:0.573594;1185@4205875499:0.443413;1587@2232708298:0.824674;1048@2096772687:0.263175;1413@3500350869:0.403542;1472@524248150:0.44063;1861@3133461454:0.48472;1430@3266882762:0.092519;1384@2204934973:0.531945;1829@3659388775:0.035386;1635@3784720478:0.768131;1785@3924280816:0.097622;1712@767341979:0.010777;1116@370771018:0.986917;1010@4200467357:0.724392;1371@519845875:0.228437;1381@1675147190:0.449586;1736@2256891586:0.917864;1206@1836331817:0.813883;1202@1461504933:0.922485|67@0.373831,0.990194,0.990115,0.98626,0.872915,0.576251,0.727269,0.244752,0.929353,0.933839,0.010347;56@0.429725,0.337334,0.121662,0.843926,0.521445,0.020014,0.872582,0.471761,0.079115,0.921784,0.120244,0.319451;73@0.267081,0.565142;38@0.136429,0.280249,0.907319,0.236082,0.053106,0.154286,0.48065,0.170897,0.129556,0.182386;1@;14@0.965679,0.524634,0.429394,0.650292,0.236232,0.14908,0.122706,0.999813,0.33491;41@;32@0.203647,0.594497,0.01212,0.789591;70@0.412017,0.238352,0.875247,0.930372;43@0.335354,0.025288,0.936987,0.48243,0.595003,0.43647,0.983171,0.004966,0.098385,0.809033,0.078829;65@0.117449,0.247046,0.446904,0.515881;20@0.640387,0.864845,0.178105,0.498889;40@0.732643,0.300309,0.919069;100@0.481046;37@0.5653,0.662915,0.205081,0.639589,0.698409,0.652493,0.029408,0.718416,0.593267,0.135082,0.916839,0.200268,0.721158;27@0.581922,0.77192,0.287811,0.251886,0.08668,0.923616,0.738601;92@0.485842,0.006998,0.372111,0.613924,0.894292;10@0.915824,0.519074,0.305197,0.162287,0.232045,0.142795,0.55222,0.339569,0.917635,0.468512,0.652547,0.778907;75@0.401561,0.653184,0.564292,0.397067,0.81421,0.167009,0.725323,0.789649,0.341467,0.604095;84@0.832711,0.87754,0.761445,0.7234,0.145517,0.177504,0.394923,0.29467,0.477894,0.279818,0.65533;82@0.107462;47@0.940654,0.134148,0.805884,0.776297,0.488625,0.71155,0.040404,0.216282,0.901434,0.970317,0.232039;9@0.060649,0.030207,0.111765,0.365052,0.37242,0.415475,0.870926,0.161822,0.664458,0.337653,0.108132;39@0.54776,0.381371,0.468732,0.801709,0.972792,0.824134,0.359442,0.141866,0.787826;88@0.798682,0.719047,0.595876,0.163175,0.738172,0.938345,0.962477;30@0.717469,0.392085,0.545161,0.177102,0.986197,0.381743,0.84759,0.623946,0.753906,0.728618|0|1762487393
I20251108 00:02:58.815192 139717798590272 data_text_parser.cc:116] beg_pos: 12663,end_pos: 14872
I20251108 00:02:58.815221 139717798590272 data_text_parser.cc:59] line: 15|927|1720@1492460918:0.34798;1185@2879892254:0.871538;1587@430117580:0.747864;1048@2851757157:0.101088;1413@3187298619:0.487966;1472@3921562811:0.670766;1861@3299062035:0.492907;1430@3734168333:0.290817;1384@3430243331:0.641071;1829@3573465928:0.747354;1635@537344062:0.072481;1785@3552426440:0.316315;1712@2789101048:0.287369;1116@2817733715:0.057125;1010@2078865481:0.902204;1371@135665028:0.699188;1381@3505232156:0.03073;1736@463792778:0.8665;1206@3633601779:0.61269;1202@312744976:0.604875|67@0.266136,0.266269,0.712244,0.169939,0.113736,0.631914,0.971387,0.301011,0.907698,0.246585,0.843377;56@0.562034,0.241844,0.914198,0.644067,0.792146,0.122358,0.911037,0.638612,0.690486,0.5587,0.294101,0.496081;73@0.100141,0.335162;38@0.757326,0.659351,0.261755,0.038146,0.132435,0.946635,0.115833,0.510993,0.53368,0.817919;1@;14@0.713947,0.329531,0.107957,0.957819,0.232177,0.23382,0.528402,0.874791,0.971685;41@;32@0.376461,0.390223,0.083895,0.541157;70@0.294406,0.216119,0.550333,0.775065;43@0.036928,0.875952,0.870657,0.246395,0.101753,0.801417,0.348333,0.406572,0.719753,0.0993,0.054628;65@0.491173,0.510299,0.896665,0.649508;20@0.201793,0.008379,0.336534,0.819667;40@0.682518,0.71447,0.668081;100@0.270367;37@0.835516,0.018312,0.38452,0.743436,0.933754,0.641577,0.260509,0.056371,0.952418,0.352691,0.664354,0.642798,0.013649;27@0.681077,0.841866,0.396478,0.183337,0.03023,0.894934,0.644524;92@0.865904,0.636539,0.597029,0.113453,0.643174;10@0.984227,0.895745,0.771619,0.62902,0.455442,0.172206,0.224344,0.915691,0.745412,0.522956,0.920618,0.775969;75@0.162647,0.179497,0.479504,0.98457,0.59471,0.603316,0.422722,0.071123,0.661948,0.444733;84@0.576835,0.451164,0.119286,0.918604,0.741326,0.298449,0.449169,0.366676,0.388208,0.527367,0.826305;82@0.074897;47@0.228598,0.649188,0.28412,0.983648,0.427378,0.498989,0.996489,0.454658,0.043294,0.958335,0.716399;9@0.766582,0.153942,0.644733,0.13597,0.732218,0.684011,0.774621,0.415552,0.969023,0.357926,0.19809;39@0.89617,0.080627,0.739975,0.504703,0.772811,0.214894,0.836625,0.508462,0.919779;88@0.654101,0.796402,0.807549,0.263101,0.605875,0.824554,0.913761;30@0.569402,0.158948,0.929533,0.749202,0.202117,0.926512,0.812458,0.082161,0.38934,0.787664|0|1762487393
I20251108 00:02:58.815264 139717798590272 data_text_parser.cc:116] beg_pos: 14873,end_pos: 17085
I20251108 00:02:58.815277 139717798590272 data_text_parser.cc:59] line: 16|953|1720@2368078686:0.286563;1185@1369799468:0.464999;1587@876860546:0.550097;1048@1670874153:0.801844;1413@1756485149:0.945274;1472@747486154:0.725242;1861@2802495865:0.5542;1430@1813322626:0.177015;1384@929354104:0.482669;1829@2252935401:0.798832;1635@1967037445:0.159326;1785@3289998358:0.615844;1712@637591089:0.864843;1116@1276752129:0.845324;1010@4046688889:0.206266;1371@308567318:0.553951;1381@1959205805:0.014704;1736@4104751073:0.397564;1206@1866013547:0.064842;1202@3692018340:0.102597|67@0.927858,0.708457,0.262943,0.144819,0.533492,0.586388,0.759065,0.495445,0.543746,0.609198,0.301362;56@0.218514,0.203781,0.889512,0.385328,0.631006,0.169456,0.60609,0.121589,0.078315,0.326718,0.608744,0.590211;73@0.587723,0.877236;38@0.546979,0.39509,0.005303,0.483233,0.476598,0.647858,0.002033,0.310991,0.389759,0.923266;1@;14@0.944022,0.145069,0.709514,0.444337,0.560471,0.015167,0.211776,0.792088,0.118149;41@;32@0.369629,0.76716,0.696493,0.079042;70@0.719675,0.736024,0.204369,0.911346;43@0.855868,0.438707,0.469356,0.01942,0.897971,0.785128,0.740383,0.957185,0.567103,0.291945,0.903119;65@0.961481,0.725627,0.227561,0.898767;20@0.780703,0.518954,0.423127,0.066691;40@0.676991,0.402624,0.962471;100@0.454768;37@0.82189,0.128939,0.69149,0.542628,0.728273,0.919239,0.48164,0.86796,0.60836,0.626943,0.724259,0.771172,0.231734;27@0.333408,0.403739,0.214491,0.997428,0.201031,0.543697,0.538439;92@0.152716,0.556604,0.177874,0.265618,0.218554;10@0.494359,0.474151,0.40333,0.868051,0.754458,0.137045,0.765318,0.659434,0.73565,0.034294,0.201546,0.330662;75@0.050732,0.562301,0.990158,0.32037,0.968486,0.227369,0.720584,0.109279,0.966281,0.346693;84@0.760286,0.728381,0.312966,0.185724,0.996924,0.38391,0.488977,0.605217,0.86473,0.84132,0.017966;82@0.17482;47@0.799106,0.941922,0.295441,0.620692,0.488436,0.736155,0.659789,0.006882,0.586256,0.264924,0.949027;9@0.521604,0.981124,0.425291,0.305406,0.196869,0.478226,0.562686,0.578141,0.319558,0.095276,0.579643;39@0.852266,0.223954,0.706142,0.971165,0.338893,0.07232,0.466474,0.088757,0.396437;88@0.412652,0.048833,0.086948,0.350765,0.301336,0.090674,0.581436;30@0.070078,0.057531,0.616036,0.988795,0.552593,0.229376,0.945263,0.500618,0.260145,0.759253|0|1762487393
I20251108 00:02:58.815308 139717798590272 data_text_parser.cc:116] beg_pos: 17086,end_pos: 19291
I20251108 00:02:58.815320 139717798590272 data_text_parser.cc:59] line: 17|92|1720@2810210051:0.575555;1185@2739958880:0.677842;1587@1896662148:0.669096;1048@3470961955:0.593555;1413@2211892463:0.569925;1472@3693697960:0.238138;1861@183994011:0.97142;1430@1219396324:0.21258;1384@3629472244:0.621984;1829@430035667:0.682765;1635@3631540244:0.52194;1785@1908961469:0.490428;1712@1101719896:0.078559;1116@3884554469:0.98245;1010@3250959534:0.825092;1371@964210868:0.911693;1381@922400767:0.393573;1736@3822750722:0.554488;1206@2713816747:0.898539;1202@2281227683:0.179952|67@0.662895,0.249541,0.52256,0.061401,0.84623,0.771841,0.193954,0.30993,0.500054,0.145939,0.441337;56@0.750783,0.03504,0.206145,0.711863,0.780594,0.330286,0.113343,0.531727,0.166212,0.540072,0.996414,0.977429;73@0.378407,0.861657;38@0.861773,0.881228,0.826016,0.57765,0.518583,0.945779,0.129329,0.207112,0.512704,0.900606;1@;14@0.870634,0.131302,0.553533,0.08101,0.48013,0.115674,0.589177,0.979927,0.677396;41@;32@0.392226,0.397011,0.695269,0.673302;70@0.598641,0.332722,0.244248,0.509458;43@0.540185,0.987206,0.271386,0.109819,0.881615,0.150312,0.617536,0.035188,0.208772,0.255889,0.110896;65@0.146035,0.896815,0.852712,0.197508;20@0.199275,0.626608,0.691713,0.18241;40@0.865441,0.099373,0.30248;100@0.817045;37@0.349892,0.290719,0.889288,0.338314,0.96913,0.825324,0.815336,0.001676,0.88518,0.230425,0.812144,0.623289,0.236435;27@0.894474,0.249637,0.503534,0.568607,0.274602,0.677994,0.526178;92@0.91605,0.069346,0.184943,0.758201,0.995833;10@0.421684,0.151006,0.159764,0.241092,0.888278,0.569405,0.523436,0.341342,0.582351,0.850023,0.722062,0.346715;75@0.517015,0.008717,0.65879,0.236796,0.242163,0.371624,0.731913,0.403383,0.751463,0.356915;84@0.779529,0.639248,0.526304,0.073965,0.551221,0.873154,0.989909,0.225903,0.575588,0.695212,0.439164;82@0.966697;47@0.329883,0.035947,0.127617,0.654572,0.430405,0.908542,0.876831,0.45457,0.23525,0.730487,0.73652;9@0.441103,0.755966,0.330177,0.616389,0.492587,0.325751,0.18976,0.195948,0.012602,0.615104,0.67074;39@0.978457,0.957659,0.20396,0.060389,0.523263,0.173521,0.153168,0.731299,0.09379;88@0.45212,0.326462,0.945412,0.717184,0.788818,0.714892,0.243008;30@0.711157,0.278829,0.527121,0.363704,0.25054,0.867644,0.282826,0.084936,0.059414,0.576631|0|1762487393
I20251108 00:02:58.815353 139717798590272 data_text_parser.cc:116] beg_pos: 19292,end_pos: 20480
I20251108 00:02:58.815602 139717798590272 data_text_parser.cc:101] get chunk buffer, size: 20480
I20251108 00:02:58.815621 139717798590272 data_text_parser.cc:116] beg_pos: 0,end_pos: 1017
I20251108 00:02:58.815628 139717798590272 data_text_parser.cc:61] buffer line: 18|251|1720@3696136565:0.35139;1185@1659558746:0.310708;1587@1673691406:0.558126;1048@3391228595:0.868422;1413@2202387269:0.144985;1472@387086090:0.4936;1861@2999423099:0.588825;1430@250993836:0.621402;1384@290220632:0.451006;1829@2185957289:0.15717;1635@2015380989:0.225688;1785@883932500:0.152064;1712@541386556:0.657225;1116@4161614269:0.498515;1010@121482445:0.600781;1371@3891831383:0.383597;1381@2614733320:0.189004;1736@386087596:0.444463;1206@3589467322:0.690454;1202@3497949645:0.031381|67@0.262387,0.871206,0.787326,0.763461,0.832143,0.127826,0.064421,0.361904,0.651416,0.25497,0.883691;56@0.669452,0.433887,0.541237,0.280921,0.583099,0.949253,0.387887,0.938522,0.921698,0.231532,0.603688,0.728519;73@0.145129,0.050911;38@0.398511,0.160782,0.451409,0.980284,0.197858,0.819976,0.130347,0.120683,0.079539,0.960252;1@;14@0.089328,0.503039,0.972621,0.299554,0.932637,0.196707,0.997138,0.268614,0.483357;41@;32@0.371435,0.210143,0.718324,0.385945;70@0.445413,0.651292,0.605826,0.098807;43@0.660014,0.118012,0.827258,0.81728,0.603391,0.673806,0.676231,0.731874,0.165056,0.206003,0.732837;65@0.233296,0.484978,0.030166,0.486334;20@0.870445,0.045202,0.1571,0.902399;40@0.178508,0.424718,0.591281;100@0.371126;37@0.723516,0.591615,0.531555,0.05562,0.609869,0.060033,0.640052,0.51261,0.696522,0.868903,0.08697,0.475346,0.181032;27@0.354476,0.142525,0.67127,0.578737,0.415488,0.735004,0.413285;92@0.494931,0.878164,0.733896,0.040194,0.26489;10@0.373174,0.482794,0.63667,0.175257,0.061999,0.110265,0.172961,0.102153,0.545507,0.47254,0.553551,0.533392;75@0.310905,0.34748,0.338563,0.477084,0.0409,0.976576,0.013218,0.002504,0.431937,0.771576;84@0.320781,0.347525,0.735153,0.57879,0.042816,0.851043,0.078783,0.995296,0.002238,0.016254,0.759511;82@0.73558;47@0.166583,0.632665,0.465075,0.126738,0.169982,0.637237,0.795895,0.210349,0.506237,0.714375,0.903481;9@0.120511,0.548363,0.213979,0.190748,0.951786,0.477926,0.593795,0.959876,0.432406,0.550233,0.803231;39@0.224137,0.868342,0.85596,0.06606,0.332368,0.480404,0.909851,0.168452,0.64217;88@0.365553,0.895164,0.407639,0.020215,0.263285,0.454765,0.976107;30@0.728024,0.660722,0.049915,0.672881,0.531807,0.712387,0.075801,0.13362,0.697142,0.465533|0|1762487393
I20251108 00:02:58.815669 139717798590272 data_text_parser.cc:116] beg_pos: 1018,end_pos: 3218
I20251108 00:02:58.815682 139717798590272 data_text_parser.cc:59] line: 19|487|1720@47759665:0.045205;1185@2434648602:0.414848;1587@433828296:0.389594;1048@1649586141:0.299679;1413@257531173:0.228674;1472@4006536301:0.464721;1861@2308340458:0.586929;1430@239895633:0.585834;1384@2712430533:0.481448;1829@4268954049:0.221131;1635@1364104653:0.073807;1785@3674658604:0.43201;1712@3770274318:0.196052;1116@672033018:0.021541;1010@1579593833:0.722989;1371@70229160:0.699617;1381@3663377314:0.254736;1736@3217213449:0.795491;1206@4181023177:0.73369;1202@3756815204:0.862788|67@0.624847,0.397029,0.328668,0.030246,0.304965,0.927819,0.891955,0.690307,0.929345,0.64179,0.522098;56@0.494126,0.571838,0.638955,0.666436,0.839295,0.796261,0.732807,0.047847,0.667013,0.63421,0.991629,0.311794;73@0.607345,0.093027;38@0.345922,0.578201,0.012151,0.071364,0.12927,0.381877,0.671912,0.937294,0.133573,0.36665;1@;14@0.643607,0.567802,0.207574,0.830923,0.459077,0.02587,0.89872,0.258671,0.406433;41@;32@0.991518,0.124617,0.168099,0.813387;70@0.913445,0.053354,0.608335,0.515809;43@0.241236,0.665411,0.108505,0.891351,0.557015,0.87477,0.855438,0.496982,0.646437,0.271008,0.916712;65@0.860662,0.183693,0.406093,0.08697;20@0.384633,0.357194,0.42284,0.004287;40@0.526281,0.728858,0.120377;100@0.471477;37@0.072701,0.202877,0.942251,0.089117,0.416118,0.94637,0.392892,0.895851,0.359713,0.70425,0.038177,0.927069,0.836552;27@0.302038,0.480385,0.19995,0.172037,0.916889,0.280448,0.090604;92@0.437068,0.20084,0.733983,0.622835,0.924398;10@0.133973,0.983733,0.079899,0.560328,0.459543,0.895939,0.929615,0.434521,0.349582,0.845008,0.322548,0.702491;75@0.899465,0.625997,0.8101,0.08811,0.807795,0.10584,0.752757,0.803875,0.138211,0.716263;84@0.820898,0.685576,0.452274,0.190018,0.69036,0.010887,0.157582,0.125948,0.885744,0.299048,0.619557;82@0.523948;47@0.86687,0.613018,0.064017,0.581141,0.972227,0.704824,0.736293,0.940856,0.248072,0.95211,0.767829;9@0.823053,0.882886,0.940271,0.412414,0.561865,0.605391,0.451616,0.528146,0.500766,0.207423,0.17131;39@0.27829,0.984162,0.521708,0.421049,0.233077,0.299299,0.626635,0.434073,0.684001;88@0.477923,0.39828,0.093375,0.831012,0.823921,0.67737,0.561061;30@0.95564,0.074397,0.295496,0.325286,0.568525,0.875835,0.088011,0.05212,0.075575,0.393172|0|1762487393
I20251108 00:02:58.815714 139717798590272 data_text_parser.cc:116] beg_pos: 3219,end_pos: 5432
I20251108 00:02:58.815726 139717798590272 data_text_parser.cc:59] line: 20|666|1720@3895373517:0.641369;1185@1760859973:0.43649;1587@2857068709:0.255421;1048@1679526976:0.983613;1413@3068864404:0.518765;1472@636351568:0.593242;1861@1060076012:9.3e-05;1430@3520796517:0.330783;1384@3714254317:0.185417;1829@2614733320:0.572595;1635@2526689800:0.411523;1785@72560465:0.613752;1712@3195378066:0.140672;1116@1170839526:0.012906;1010@3170231594:0.938644;1371@367798337:0.526923;1381@2164083377:0.066812;1736@1971319281:0.122974;1206@1587505489:0.43977;1202@677823208:0.411141|67@0.054921,0.563443,0.855262,0.110914,0.347878,0.148303,0.349935,0.933391,0.678157,0.873678,0.704494;56@0.096773,0.304592,0.984039,0.345313,0.129885,0.130797,0.108388,0.571449,0.46525,0.261669,0.711954,0.615052;73@0.718157,0.066119;38@0.465581,0.198335,0.651582,0.206934,0.706252,0.145206,0.937955,0.103193,0.971658,0.636592;1@;14@0.45988,0.197508,0.943363,0.552782,0.368506,0.195247,0.13684,0.11371,0.537332;41@;32@0.743276,0.99901,0.964736,0.749925;70@0.654214,0.79474,0.222112,0.988316;43@0.485851,0.812389,0.121607,0.854183,0.227377,0.949036,0.340245,0.894124,0.695655,0.919799,0.553482;65@0.268255,0.062844,0.626056,0.763689;20@0.703082,0.532006,0.521798,0.361365;40@0.721964,0.514115,0.09777;100@0.313511;37@0.815797,0.833127,0.708056,0.279255,0.741535,0.866556,0.176839,0.520787,0.699816,0.624636,0.837493,0.732483,0.210267;27@0.534281,0.21712,0.099516,0.535784,0.519079,0.309856,0.499128;92@0.448755,0.181301,0.325108,0.131244,0.839796;10@0.093853,0.593083,0.513268,0.17022,0.333774,0.118122,0.251208,0.92804,0.134996,0.474291,0.769856,0.564853;75@0.212129,0.173869,0.832353,0.251199,0.76667,0.387482,0.814757,0.845456,0.798471,0.905819;84@0.10195,0.81937,0.094637,0.264682,0.530401,0.156883,0.657214,0.884245,0.731663,0.423892,0.818481;82@0.348107;47@0.138915,0.368617,0.926583,0.883979,0.786594,0.458108,0.159748,0.473021,0.857588,0.242776,0.076006;9@0.804105,0.071583,0.816133,0.506247,0.187494,0.501856,0.353941,0.206098,0.594333,0.277879,0.64208;39@0.631943,0.55066,0.826514,0.605801,0.974565,0.339541,0.976938,0.737674,0.598853;88@0.841808,0.309957,0.979976,0.927921,0.635088,0.023074,0.259903;30@0.988866,0.368739,0.846696,0.063109,0.850441,0.737113,0.398323,0.327328,0.591571,0.747725|0|1762487393
I20251108 00:02:58.815767 139717798590272 data_text_parser.cc:116] beg_pos: 5433,end_pos: 7648
I20251108 00:02:58.815779 139717798590272 data_text_parser.cc:59] line: 21|472|1720@2524711731:0.758858;1185@659100385:0.242505;1587@2364500013:0.908715;1048@301688763:0.073144;1413@3495555676:0.915204;1472@4067164996:0.08807;1861@2667560689:0.123462;1430@2522880830:0.738736;1384@2361308083:0.787163;1829@3698805262:0.75405;1635@1308020452:0.588639;1785@4212986649:0.839134;1712@2261535047:0.764481;1116@2814919539:0.427746;1010@1516354515:0.616762;1371@301155462:0.926511;1381@1992761669:0.237875;1736@2361368820:0.148392;1206@2269413056:0.631161;1202@1543731965:0.157754|67@0.909801,0.494074,0.63078,0.539054,0.600156,0.866573,0.182239,0.655646,0.603207,0.446664,0.570679;56@0.663388,0.981727,0.286558,0.223543,0.023204,0.962716,0.428097,0.283892,0.659903,0.53951,0.246183,0.278901;73@0.588678,0.151177;38@0.078013,0.603081,0.818036,0.113598,0.542625,0.506443,0.593267,0.859753,0.525933,0.256844;1@;14@0.809613,0.252548,0.963722,0.308151,0.045175,0.558328,0.521583,0.383642,0.967185;41@;32@0.731842,0.048783,0.389749,0.447244;70@0.503219,0.195907,0.328763,0.300328;43@0.844207,0.72751,0.927393,0.706115,0.923367,0.709029,0.233197,0.960568,0.23733,0.783997,0.197303;65@0.033526,0.431329,0.439682,0.782397;20@0.646084,0.243098,0.14271,0.356671;40@0.79169,0.6706,0.060162;100@0.350579;37@0.709752,0.048125,0.342702,0.905377,0.170157,0.525089,0.470496,0.271363,0.961537,0.236144,0.658606,0.594156,0.654724;27@0.117847,0.350634,0.883297,0.795378,0.903122,0.214552,0.838779;92@0.812189,0.393023,0.189137,0.704126,0.901322;10@0.094305,0.744114,0.03996,0.690749,0.488833,0.240509,0.669871,0.983637,0.028414,0.908685,0.084991,0.566113;75@0.604788,0.607615,0.775305,0.137912,0.964694,0.28181,0.338756,0.868535,0.67777,0.49109;84@0.338449,0.815244,0.853579,0.320349,0.598001,0.857467,0.44021,0.298075,0.894462,0.293173,0.14744;82@0.601764;47@0.538578,0.173104,0.679569,0.139806,0.859671,0.815171,0.491053,0.800883,0.075589,0.309021,0.768972;9@0.160806,0.321038,0.718543,0.810248,0.866799,0.187771,0.077416,0.635834,0.042119,0.834322,0.07889;39@0.995762,0.313483,0.730663,0.562713,0.487653,0.825545,0.812719,0.061163,0.062943;88@0.821057,0.425047,0.921124,0.849233,0.905776,0.460719,0.855462;30@0.298696,0.438633,0.749482,0.997244,0.532476,0.282252,0.187163,0.361303,0.283361,0.44172|1|1762487393
I20251108 00:02:58.815815 139717798590272 data_text_parser.cc:116] beg_pos: 7649,end_pos: 9855
I20251108 00:02:58.815827 139717798590272 data_text_parser.cc:59] line: 22|856|1720@170972630:0.587527;1185@3483082364:0.591582;1587@828668469:0.873353;1048@2694485730:0.224984;1413@328295899:0.046707;1472@3174589317:0.70133;1861@1179584128:0.966127;1430@435832943:0.217387;1384@1041838920:0.140751;1829@2032964084:0.322304;1635@317666141:0.12294;1785@644609420:0.009838;1712@2533374417:0.992326;1116@4224456808:0.220023;1010@690783603:0.653535;1371@78998066:0.559952;1381@1997024654:0.985035;1736@1442053751:0.727117;1206@2937775397:0.119075;1202@2356689185:0.751108|67@0.844598,0.483311,0.89943,0.427124,0.39664,0.615808,0.484161,0.676273,0.823041,0.178083,0.890765;56@0.209519,0.767807,0.087032,0.072775,0.247585,0.212104,0.151946,0.878835,0.673217,0.426321,0.862941,0.527542;73@0.328907,0.230538;38@0.581336,0.577086,0.043875,0.361521,0.054725,0.84705,0.97743,0.168722,0.263885,0.510293;1@;14@0.282927,0.380678,0.491151,0.327713,0.517047,0.50731,0.178489,0.766348,0.34605;41@;32@0.651126,0.610142,0.370909,0.863706;70@0.910044,0.08176,0.64169,0.622954;43@0.846075,0.831596,0.591459,0.157852,0.660013,0.683626,0.057754,0.376264,0.808595,0.221878,0.188533;65@0.472574,0.908178,0.36944,0.548447;20@0.127328,0.779246,0.453293,0.115634;40@0.294528,0.775441,0.754946;100@0.787624;37@0.066782,0.76693,0.207269,0.138577,0.812902,0.312702,0.902522,0.065085,0.025739,0.867053,0.278799,0.432593,0.411084;27@0.831446,0.187368,0.388178,0.324595,0.143158,0.293193,0.075288;92@0.122908,0.845588,0.428239,0.111656,0.810682;10@0.42026,0.004305,0.220659,0.645522,0.0535,0.242846,0.936041,0.868845,0.031044,0.884351,0.728261,0.33858;75@0.576028,0.369823,0.625641,0.996484,0.631693,0.28868,0.135236,0.325531,0.430543,0.327041;84@0.408572,0.788782,0.485732,0.76689,0.662381,0.571195,0.093738,0.915739,0.642727,0.482891,0.616759;82@0.696634;47@0.413453,0.031752,0.765062,0.752462,0.293784,0.022341,0.518432,0.25347,0.447728,0.755325,0.084325;9@0.368442,0.475465,0.793068,0.984145,0.345653,0.624588,0.797538,0.286485,0.853409,0.047799,0.502697;39@0.826318,0.748841,0.162312,0.139963,0.354347,0.482902,0.917473,0.853676,0.151145;88@0.298901,0.73574,0.349317,0.582821,0.172404,0.315881,0.808479;30@0.498301,0.518857,0.711206,0.670399,0.166097,0.964643,0.704149,0.356088,0.22701,0.192881|0|1762487393
I20251108 00:02:58.815868 139717798590272 data_text_parser.cc:116] beg_pos: 9856,end_pos: 12068
I20251108 00:02:58.815880 139717798590272 data_text_parser.cc:59] line: 23|174|1720@2394650487:0.04675;1185@2938195956:0.311949;1587@3354025244:0.306682;1048@741719390:0.46065;1413@2928975068:0.675565;1472@4069865944:0.560751;1861@3122729287:0.717474;1430@3040560328:0.818209;1384@1367577453:0.342161;1829@227526912:0.052552;1635@1525538255:0.626544;1785@4214931845:0.056647;1712@2951518731:0.243968;1116@2338444905:0.268148;1010@2488297264:0.876559;1371@1562062051:0.94249;1381@1930375517:0.617328;1736@2114484986:0.669887;1206@4277651881:0.682673;1202@3473606449:0.406832|67@0.415913,0.668723,0.804667,0.457687,0.176202,0.847816,0.22367,0.591609,0.571561,0.850372,0.710538;56@0.156587,0.464946,0.529752,0.362647,0.715963,0.735179,0.57855,0.206386,0.325576,0.654748,0.721718,0.761866;73@0.730462,0.629687;38@0.581987,0.275314,0.442364,0.424261,0.822575,0.965177,0.100038,0.233342,0.615431,0.001549;1@;14@0.620532,0.386405,0.340395,0.685101,0.419162,0.267224,0.814496,0.226129,0.118222;41@;32@0.045409,0.981424,0.81641,0.237387;70@0.993465,0.065539,0.899357,0.79373;43@0.029976,0.914981,0.873843,0.100292,0.427842,0.502293,0.085624,0.605307,0.504058,0.135145,0.663162;65@0.286624,0.013383,0.07108,0.754124;20@0.159983,0.4851,0.776132,0.772533;40@0.441346,0.972316,0.246264;100@0.953532;37@0.920571,0.629515,0.686809,0.463471,0.785356,0.930892,0.110641,0.178134,0.805821,0.833684,0.175699,0.815511,0.617804;27@0.635696,0.451836,0.685679,0.481591,0.756949,0.873995,0.604109;92@0.538988,0.667267,0.25852,0.717284,0.782018;10@0.97419,0.63869,0.657278,0.718919,0.842586,0.30377,0.587933,0.869043,0.932973,0.241428,0.743117,0.437214;75@0.03974,0.239008,0.273882,0.059383,0.614199,0.111305,0.154419,0.3655,0.701096,0.030005;84@0.894874,0.469114,0.606582,0.254172,0.036912,0.173868,0.971831,0.710673,0.196688,0.31058,0.786798;82@0.103509;47@0.954741,0.741053,0.508234,0.476083,0.621329,0.92081,0.650684,0.982754,0.509165,0.314489,0.443992;9@0.008442,0.410102,0.310915,0.273551,0.117343,0.7961,0.136295,0.464239,0.728616,0.908384,0.174654;39@0.282398,0.028179,0.511046,0.523558,0.078081,0.453077,0.099336,0.445914,0.086613;88@0.275434,0.769642,0.901738,0.54305,0.448141,0.633335,0.067959;30@0.154862,0.573163,0.599189,0.657906,0.659726,0.704819,0.985794,0.236502,0.778305,0.073202|1|1762487393
I20251108 00:02:58.815923 139717798590272 data_text_parser.cc:116] beg_pos: 12069,end_pos: 14284
I20251108 00:02:58.815936 139717798590272 data_text_parser.cc:59] line: 24|1000|1720@3031596077:0.751467;1185@2527123743:0.115629;1587@3686247165:0.771105;1048@1173098715:0.410207;1413@2354824081:0.266915;1472@677931614:0.05087;1861@2058779560:0.296093;1430@593278313:0.141392;1384@3857043632:0.526179;1829@158426952:0.385908;1635@598618873:0.400302;1785@281076768:0.761282;1712@124626595:0.09358;1116@3952739728:0.819983;1010@2363601542:0.821486;1371@993223318:0.975997;1381@1299231955:0.59536;1736@3279988008:0.80071;1206@3408312105:0.62408;1202@3705946742:0.546388|67@0.013916,0.266105,0.833579,0.778614,0.291966,0.567313,0.856378,0.163991,0.287446,0.492806,0.062087;56@0.965878,0.115448,0.907222,0.262233,0.641685,0.980944,0.342508,0.162598,0.056735,0.995111,0.461929,0.008866;73@0.208899,0.665946;38@0.159644,0.206707,0.279498,0.383517,0.967485,0.804579,0.386681,0.608131,0.432321,0.221604;1@;14@0.26935,0.120005,0.697309,0.893551,0.805679,0.509594,0.264446,0.902855,0.770278;41@;32@0.263627,0.318117,0.107875,0.626053;70@0.576907,0.402214,0.116044,0.536387;43@0.214915,0.724153,0.994774,0.418682,0.19311,0.18838,0.611038,0.271593,0.172005,0.937053,0.862161;65@0.084784,0.98893,0.458121,0.763978;20@0.199804,0.393603,0.906091,0.377289;40@0.524839,0.461104,0.865054;100@0.710592;37@0.471443,0.105031,0.374665,0.947028,0.056779,0.703711,0.098776,0.800772,0.894029,0.672935,0.497377,0.827717,0.821154;27@0.168693,0.084677,0.57073,0.071709,0.286358,0.250423,0.997488;92@0.257576,0.588135,0.425581,0.302638,0.922368;10@0.099163,0.710267,0.478941,0.224979,0.526448,0.801131,0.602087,0.724773,0.477473,0.397723,0.920434,0.830567;75@0.770811,0.052595,0.509043,0.220504,0.136666,0.465582,0.272332,0.442654,0.361458,0.625908;84@0.221247,0.349284,0.766785,0.123558,0.762225,0.541031,0.758591,0.191509,0.402488,0.907374,0.265755;82@0.605514;47@0.894257,0.156374,0.547267,0.448205,0.229887,0.135245,0.532976,0.128355,0.072699,0.622473,0.719058;9@0.009015,0.061454,0.166655,0.210994,0.01405,0.450977,0.888447,0.19145,0.947214,0.650875,0.488099;39@0.453821,0.25401,0.909694,0.692043,0.129719,0.277311,0.82714,0.689226,0.198402;88@0.440895,0.546282,0.030952,0.949897,0.497437,0.496004,0.602003;30@0.612174,0.558734,0.297678,0.133079,0.715762,0.103838,0.61912,0.045864,0.426012,0.464197|1|1762487393
I20251108 00:02:58.815966 139717798590272 data_text_parser.cc:116] beg_pos: 14285,end_pos: 16491
I20251108 00:02:58.815978 139717798590272 data_text_parser.cc:59] line: 25|854|1720@2414479467:0.714777;1185@1706126693:0.48789;1587@2812399422:0.151678;1048@1859732478:0.334584;1413@2237731792:0.762534;1472@2656686622:0.796631;1861@2811735962:0.017512;1430@3303873615:0.75538;1384@3755264267:0.259876;1829@2763449711:0.525246;1635@2082495130:0.568069;1785@1336491433:0.721443;1712@4086780496:0.701246;1116@869044855:0.510222;1010@1364336234:0.583231;1371@2293460640:0.238485;1381@17798671:0.175438;1736@1023219146:0.951314;1206@765632468:0.543828;1202@3440405458:0.518127|67@0.496832,0.62304,0.031847,0.865062,0.5334,0.481299,0.846838,0.033583,0.785428,0.833526,0.893311;56@0.926858,0.725344,0.322876,0.175734,0.662628,0.388752,0.361515,0.841505,0.439957,0.12192,0.718606,0.228972;73@0.379431,0.009706;38@0.112916,0.536605,0.70476,0.860352,0.154306,0.143322,0.900939,0.643133,0.22106,0.57051;1@;14@0.449872,0.505463,0.539693,0.146586,0.099591,0.716933,0.728951,0.837236,0.226144;41@;32@0.752778,0.889576,0.390535,0.229904;70@0.15412,0.115851,0.889431,0.209843;43@0.42428,0.895757,0.035413,0.762447,0.070766,0.154953,0.642561,0.306583,0.016083,0.468555,0.926675;65@0.133878,0.203555,0.744604,0.472906;20@0.447916,0.052448,0.027857,0.538395;40@0.96622,0.980618,0.187664;100@0.862152;37@0.239509,0.997387,0.759344,0.974247,0.215004,0.16702,0.148824,0.125801,0.998558,0.736887,0.444971,0.854587,0.128199;27@0.686105,0.811253,0.462331,0.220066,0.823973,0.832249,0.917854;92@0.112131,0.238665,0.332965,0.73103,0.552107;10@0.976926,0.110062,0.979533,0.649463,0.962149,0.086357,0.02748,0.756696,0.816075,0.349497,0.613193,0.57658;75@0.984725,0.366005,0.364338,0.217288,0.492203,0.322409,0.480231,0.018095,0.872051,0.828091;84@0.523257,0.84152,0.912566,0.75315,0.659533,0.046678,0.899473,0.998718,0.989686,0.599787,0.292743;82@0.941404;47@0.116687,0.883809,0.776195,0.763423,0.787811,0.778143,0.630268,0.595734,0.0225,0.284404,0.187622;9@0.088923,0.484912,0.995958,0.361827,0.244122,0.317994,0.261529,0.442326,0.333861,0.52429,0.992997;39@0.759517,0.833542,0.5292,0.496286,0.061118,0.680265,0.215422,0.926833,0.457427;88@0.862179,0.548003,0.06741,0.028336,0.515365,0.508238,0.76852;30@0.343145,0.677942,0.54131,0.591665,0.429864,0.947196,0.041798,0.892946,0.620629,0.037852|1|1762487393
I20251108 00:02:58.816064 139717798590272 data_text_parser.cc:116] beg_pos: 16492,end_pos: 18701
I20251108 00:02:58.816078 139717798590272 data_text_parser.cc:59] line: 26|175|1720@3277673755:0.642535;1185@1539997842:0.705494;1587@1893043818:0.158346;1048@3830975726:0.384911;1413@368259861:0.042933;1472@1823500884:0.035255;1861@1151772093:0.721754;1430@2550951071:0.472329;1384@2193399721:0.639442;1829@4076860981:0.004097;1635@392167731:0.664802;1785@2363606874:0.944255;1712@4279565151:0.743778;1116@3324225163:0.215531;1010@496748589:0.27729;1371@3322603485:0.347903;1381@3193878650:0.422487;1736@1915815251:0.984582;1206@137222183:0.39046;1202@1540629368:0.016205|67@0.608629,0.029714,0.79863,0.610602,0.151705,0.379833,0.575108,0.95406,0.278119,0.585457,0.564082;56@0.970826,0.193562,0.130173,0.869722,0.341048,0.870564,0.899827,0.473366,0.475267,0.170921,0.568929,0.266574;73@0.262428,0.990125;38@0.331877,0.598126,0.091333,0.561273,0.087358,0.808098,0.74689,0.541902,0.171106,0.730971;1@;14@0.406521,0.33259,0.128033,0.406397,0.319528,0.199275,0.249385,0.694573,0.555895;41@;32@0.535926,0.588432,0.571661,0.330449;70@0.271541,0.10392,0.429476,0.150955;43@0.19854,0.120234,0.474187,0.900922,0.115909,0.539587,0.895284,0.543588,0.492606,0.000537,0.876438;65@0.723619,0.929522,0.987562,0.287663;20@0.107801,0.736655,0.666055,0.059506;40@0.374514,0.656973,0.435117;100@0.715442;37@0.929094,0.694214,0.45463,0.008929,0.802235,0.40146,0.54355,0.181088,0.641453,0.74034,0.506469,0.623844,0.39561;27@0.396804,0.471784,0.101241,0.092396,0.434576,0.481721,0.870741;92@0.083202,0.166587,0.20408,0.803618,0.711274;10@0.984496,0.07573,0.254271,0.690852,0.703418,0.344945,0.063466,0.001062,0.411298,0.057227,0.043582,0.910096;75@0.186779,0.370268,0.392404,0.307614,0.881002,0.238406,0.251249,0.60394,0.476636,0.883338;84@0.09466,0.225488,0.991153,0.10375,0.639527,0.801754,0.69302,0.232947,0.289408,0.974818,0.912108;82@0.66523;47@0.769007,0.383326,0.518388,0.808646,0.700885,0.140153,0.587666,0.527744,0.288806,0.888358,0.668213;9@0.63602,0.633922,0.627236,0.142554,0.175622,0.081311,0.165006,0.580338,0.874461,0.691967,0.574851;39@0.780143,0.402415,0.910423,0.842932,0.710013,0.205315,0.274696,0.133166,0.403083;88@0.228817,0.910319,0.167811,0.101882,0.158992,0.997105,0.44354;30@0.680622,0.20957,0.033601,0.248899,0.977326,0.125603,0.742303,0.053576,0.084696,0.053845|1|1762487393
I20251108 00:02:58.816106 139717798590272 data_text_parser.cc:116] beg_pos: 18702,end_pos: 20480
I20251108 00:02:58.816364 139717798590272 data_text_parser.cc:101] get chunk buffer, size: 20480
I20251108 00:02:58.816378 139717798590272 data_text_parser.cc:116] beg_pos: 0,end_pos: 424
I20251108 00:02:58.816386 139717798590272 data_text_parser.cc:61] buffer line: 27|371|1720@3221483565:0.840235;1185@3039575840:0.600725;1587@410447721:0.005955;1048@344480055:0.556665;1413@1162704529:0.163276;1472@1880634992:0.964764;1861@194190518:0.615018;1430@2101449974:0.542294;1384@3632449634:0.336285;1829@3044580123:0.409011;1635@337761926:0.862838;1785@3657070061:0.786422;1712@1505600909:0.86292;1116@2294087452:0.10863;1010@3908394365:0.991824;1371@3328208769:0.220881;1381@1390866690:0.551098;1736@496054620:0.04513;1206@1890659459:0.589013;1202@3886162612:0.41219|67@0.92646,0.468925,0.924942,0.55416,0.58147,0.748733,0.131904,0.149268,0.906742,0.810176,0.795741;56@0.3298,0.608065,0.17319,0.564147,0.414534,0.391737,0.773484,0.125914,0.263547,0.923896,0.898114,0.057277;73@0.698354,0.022049;38@0.631615,0.560145,0.765949,0.163068,0.787054,0.128736,0.643037,0.963178,0.818918,0.482456;1@;14@0.283668,0.255039,0.449427,0.545952,0.841878,0.703875,0.207718,0.395,0.784803;41@;32@0.814333,0.873291,0.63364,0.511296;70@0.805755,0.181496,0.590039,0.275332;43@0.667226,0.141152,0.249887,0.561755,0.515688,0.574542,0.821436,0.419591,0.156241,0.490313,0.133942;65@0.828878,0.243796,0.524771,0.888707;20@0.547399,0.45308,0.425359,0.227316;40@0.156123,0.151701,0.343955;100@0.177623;37@0.654879,0.12388,0.765693,0.436603,0.27688,0.046679,0.179175,0.129327,0.215944,0.308538,0.022629,0.333719,0.128052;27@0.276167,0.4389,0.389962,0.395598,0.279113,0.234983,0.252273;92@0.578007,0.850548,0.608642,0.276806,0.564009;10@0.737369,0.505126,0.244001,0.056885,0.60031,0.47926,0.245503,0.177829,0.402142,0.820092,0.153981,0.193645;75@0.857013,0.606677,0.115056,0.62989,0.938723,0.566242,0.577588,0.40205,0.034353,0.846345;84@0.625908,0.121393,0.65016,0.587716,0.873702,0.912921,0.017602,0.103459,0.963225,0.110854,0.569989;82@0.932166;47@0.327901,0.42004,0.124827,0.420017,0.180165,0.846643,0.119663,0.654367,0.070609,0.90832,0.247728;9@0.137321,0.708579,0.859332,0.734694,0.786991,0.630212,0.399149,0.618946,0.479676,0.793305,0.719552;39@0.971295,0.76697,0.295408,0.332271,0.023113,0.908002,0.859332,0.208486,0.398152;88@0.563815,0.342876,0.383691,0.719311,0.481838,0.033017,0.026062;30@0.668943,0.368135,0.400332,0.247595,0.163088,0.07192,0.78048,0.592394,0.368245,0.850918|1|1762487393
I20251108 00:02:58.816429 139717798590272 data_text_parser.cc:116] beg_pos: 425,end_pos: 2624
I20251108 00:02:58.816443 139717798590272 data_text_parser.cc:59] line: 28|963|1720@3357847356:0.155174;1185@2447801855:0.553554;1587@3273437788:0.42988;1048@3224956295:0.691671;1413@2541461887:0.10944;1472@1890411470:0.127325;1861@460328114:0.997972;1430@368259861:0.580287;1384@1683779324:0.3745;1829@3329334796:0.97248;1635@2193399721:0.327776;1785@297446751:0.180951;1712@3520696403:0.907993;1116@1712395396:0.364078;1010@1855017229:0.488717;1371@4017370539:0.258081;1381@3777803744:0.441801;1736@1510422456:0.60665;1206@11673887:0.049232;1202@504626017:0.666641|67@0.102245,0.72388,0.12614,0.657331,0.884773,0.748858,0.699541,0.772349,0.745081,0.862316,0.558009;56@0.853907,0.121291,0.100054,0.776072,0.554759,0.256455,0.180561,0.44362,0.68508,0.139154,0.787756,0.293151;73@0.769449,0.282815;38@0.523535,0.310952,0.457857,0.218989,0.032776,0.271154,0.450539,0.209147,0.1673,0.130443;1@;14@0.039821,0.424339,0.1146,0.42087,0.958024,0.431091,0.773091,0.666294,0.749506;41@;32@0.961625,0.591336,0.58906,0.845125;70@0.791794,0.48413,0.886411,0.152104;43@0.270596,0.865581,0.369032,0.441541,0.313365,0.38047,0.465048,0.082205,0.355884,0.814814,0.018817;65@0.948036,0.784927,0.822482,0.288698;20@0.762304,0.417397,0.441655,0.236943;40@0.601223,0.012931,0.235195;100@0.360126;37@0.20639,0.236234,0.482216,0.68971,0.861412,0.785372,0.68836,0.626111,0.092053,0.927984,0.819171,0.492361,0.339318;27@0.075147,0.36793,0.796303,0.348006,0.691602,0.647661,0.766825;92@0.284769,0.429385,0.765024,0.147735,0.400426;10@0.230132,0.387155,0.927198,0.292941,0.663826,0.415442,0.530126,0.542789,0.093146,0.067362,0.384323,0.33932;75@0.311815,0.361208,0.041985,0.167739,0.819336,0.063081,0.340208,0.11568,0.969665,0.919779;84@0.1745,0.827548,0.387731,0.531001,0.007989,0.683087,0.559906,0.168466,0.113348,0.184676,0.079922;82@0.531889;47@0.485641,0.795612,0.702825,0.772644,0.820167,0.363008,0.323491,0.477194,0.232773,0.911633,0.963819;9@0.257452,0.619092,0.914327,0.841818,0.181402,0.51703,0.167685,0.678844,0.254544,0.915399,0.34993;39@0.828074,0.725457,0.931614,0.054659,0.9161,0.563648,0.074341,0.380831,0.800999;88@0.582536,0.505054,0.498802,0.985005,0.507619,0.305959,0.62753;30@0.014848,0.207444,0.464423,0.823372,0.872902,0.787169,0.265925,0.519436,0.568145,0.976969|1|1762487393
I20251108 00:02:58.816479 139717798590272 data_text_parser.cc:116] beg_pos: 2625,end_pos: 4831
I20251108 00:02:58.816499 139717798590272 data_text_parser.cc:59] line: 29|56|1720@3468523744:0.652971;1185@3636240832:0.060437;1587@649526127:0.572947;1048@1253964917:0.097288;1413@2043430287:0.58401;1472@1214709850:0.664227;1861@469446089:0.260801;1430@229718914:0.170119;1384@976733102:0.788745;1829@3706109008:0.483614;1635@1442654862:0.965843;1785@2904350852:0.318338;1712@1546764109:0.988424;1116@2751117897:0.106697;1010@953645205:0.388972;1371@1600757849:0.982881;1381@3940045995:0.294252;1736@1562433046:0.499383;1206@315063025:0.474228;1202@1590359658:0.722985|67@0.607098,0.072753,0.87275,0.948898,0.452261,0.326721,0.767804,0.536848,0.039815,0.047996,0.220084;56@0.355252,0.468338,0.633545,0.028829,0.285784,0.772673,0.935874,0.631883,0.932213,0.603817,0.264073,0.384888;73@0.120298,0.266302;38@0.380099,0.854051,0.99474,0.185441,0.357051,0.068996,0.833033,0.104687,0.197322,0.143055;1@;14@0.952837,0.575396,0.785734,0.20469,0.05181,0.13514,0.168438,0.408301,0.100539;41@;32@0.062425,0.495165,0.909061,0.115553;70@0.603157,0.292712,0.559137,0.898666;43@0.834927,0.276624,0.385309,0.711215,0.547806,0.894864,0.215586,0.377149,0.226047,0.19513,0.674684;65@0.645527,0.460463,0.401972,0.487447;20@0.738,0.496539,0.698625,0.215632;40@0.801333,0.854227,0.812404;100@0.224471;37@0.093623,0.860831,0.700189,0.100669,0.769143,0.099236,0.275741,0.189134,0.683217,0.22118,0.725425,0.122965,0.580619;27@0.444905,0.72746,0.464444,0.397782,0.279674,0.565974,0.844213;92@0.574256,0.079306,0.683623,0.948233,0.366284;10@0.194943,0.194127,0.31118,0.521024,0.501264,0.843505,0.320778,0.278504,0.263838,0.330132,0.373085,0.863409;75@0.629139,0.245002,0.053338,0.155674,0.454055,0.170483,0.1734,0.374565,0.694889,0.793525;84@0.375452,0.027656,0.98294,0.255948,0.599705,0.202511,0.429205,0.168552,0.851925,0.141218,0.157435;82@0.32697;47@0.01545,0.623403,0.645411,0.265781,0.63617,0.94668,0.986227,0.35033,0.550445,0.243937,0.735486;9@0.235981,0.103503,0.938452,0.251681,0.463666,0.470224,0.214819,0.132137,0.053728,0.137591,0.675537;39@0.707726,0.95765,0.903386,0.855335,0.028929,0.049478,0.562102,0.651776,0.286756;88@0.204237,0.460964,0.866302,0.442079,0.686658,0.324119,0.185389;30@0.167571,0.076818,0.13094,0.890177,0.189978,0.681727,0.557878,0.709127,0.039728,0.495164|1|1762487393
I20251108 00:02:58.816556 139717798590272 data_text_parser.cc:116] beg_pos: 4832,end_pos: 7040
I20251108 00:02:58.816572 139717798590272 data_text_parser.cc:59] line: 30|732|1720@1674950059:0.556229;1185@1149618717:0.07027;1587@3381833679:0.560662;1048@798185198:0.133934;1413@3779792056:0.218031;1472@2350240695:0.940239;1861@4167835561:0.808585;1430@2176197367:0.716792;1384@3865332043:0.190332;1829@889462320:0.469316;1635@1352174878:0.135083;1785@2006615347:0.471098;1712@812203021:0.741004;1116@3678425632:0.649127;1010@1145046197:0.245153;1371@309255282:0.956471;1381@1679526976:0.83745;1736@1245557323:0.054427;1206@385224304:0.07221;1202@3841389005:0.393984|67@0.473038,0.965154,0.091713,0.809088,0.594534,0.933021,0.729956,0.718367,0.335387,0.06769,0.540725;56@0.61219,0.084244,0.739466,0.010936,0.136662,0.160411,0.299505,0.197052,0.909071,0.495111,0.019565,0.026607;73@0.569692,0.469973;38@0.455029,0.260699,0.301108,0.347359,0.036922,0.392569,0.32764,0.083256,0.478513,0.31099;1@;14@0.904692,0.666611,0.381015,0.837835,0.015389,0.066125,0.922884,0.490558,0.064653;41@;32@0.760358,0.163254,0.160019,0.066563;70@0.839988,0.099576,0.863321,0.215443;43@0.767631,0.839348,0.022577,0.120201,0.089441,0.205197,0.87754,0.216561,0.41254,0.493624,0.206283;65@0.22788,0.549256,0.713768,0.766961;20@0.905683,0.195618,0.10195,0.138644;40@0.522307,0.867102,0.327663;100@0.294234;37@0.120825,0.814634,0.74352,0.421324,0.927723,0.536317,0.975226,0.647944,0.081564,0.333598,0.039169,0.477373,0.268613;27@0.481226,0.461308,0.33727,0.862371,0.382603,0.923491,0.312843;92@0.699154,0.697512,0.542144,0.034488,0.720254;10@0.902892,0.456618,0.421396,0.522345,0.02747,0.665485,0.21397,0.080271,0.894568,0.544087,0.221468,0.186004;75@0.239465,0.061669,0.027203,0.976563,0.930609,0.464286,0.978392,0.757159,0.133979,0.9877;84@0.417128,0.688056,0.358064,0.950687,0.932314,0.390758,0.164929,0.643974,0.167772,0.661525,0.578854;82@0.374011;47@0.953653,0.081559,0.232712,0.603225,0.738627,0.52717,0.450798,0.682671,0.600814,0.216129,0.465145;9@0.959539,0.84284,0.978902,0.249633,0.503595,0.186737,0.288069,0.935684,0.828926,0.624417,0.102872;39@0.73159,0.054693,0.31034,0.600898,0.255802,0.475535,0.171339,0.612584,0.159374;88@0.432352,0.850395,0.956025,0.985429,0.66962,0.913584,0.701899;30@0.104072,0.343488,0.558232,0.531173,0.813382,0.761105,0.922232,0.08307,0.127872,0.234826|1|1762487393
I20251108 00:02:58.816616 139717798590272 data_text_parser.cc:116] beg_pos: 7041,end_pos: 9255
I20251108 00:02:58.816628 139717798590272 data_text_parser.cc:59] line: 31|874|1720@3932138126:0.927151;1185@3919475299:0.094349;1587@1845030187:0.112658;1048@600194751:0.873128;1413@1347064494:0.621828;1472@676353421:0.503334;1861@2249871994:0.730865;1430@2411499216:0.566649;1384@525754644:0.90531;1829@2354684152:0.901825;1635@1424902429:0.666951;1785@3658992329:0.641125;1712@1392041970:0.064316;1116@734070305:0.109503;1010@238332336:0.217621;1371@3113565224:0.749104;1381@496140685:0.263164;1736@3559135760:0.91215;1206@858012511:0.460075;1202@2317567759:0.526572|67@0.845534,0.499299,0.874702,0.120934,0.926693,0.916589,0.378944,0.698623,0.937873,0.239378,0.474904;56@0.950536,0.517154,0.024135,0.581382,0.91508,0.051947,0.549198,0.777247,0.195965,0.191252,0.343063,0.695539;73@0.457609,0.856902;38@0.757064,0.512831,0.064174,0.322414,0.648151,0.085744,0.371028,0.531132,0.81193,0.183379;1@;14@0.525098,0.640852,0.115715,0.482313,0.714582,0.124889,0.234814,0.50194,0.811595;41@;32@0.266193,0.004554,0.381417,0.483562;70@0.314609,0.032617,0.088769,0.271006;43@0.620451,0.382536,0.515449,0.697827,0.408292,0.872311,0.516472,0.501226,0.01055,0.016902,0.702639;65@0.845531,0.769743,0.689082,0.074771;20@0.506311,0.682367,0.592647,0.552598;40@0.736763,0.498658,0.03853;100@0.363386;37@0.4203,0.210821,0.830252,0.681173,0.992755,0.631302,0.892727,0.566536,0.689465,0.248024,0.530641,0.782481,0.16786;27@0.495659,0.285657,0.182678,0.435548,0.786858,0.082069,0.71889;92@0.358384,0.621658,0.897865,0.739468,0.502346;10@0.558303,0.385264,0.377305,0.413269,0.863172,0.894877,0.768941,0.74935,0.188017,0.740779,0.723192,0.990193;75@0.464656,0.617945,0.329211,0.110796,0.422582,0.403218,0.595591,0.963434,0.551579,0.919151;84@0.654851,0.429084,0.70972,0.460742,0.276245,0.484404,0.044141,0.333157,0.637212,0.452148,0.626101;82@0.595449;47@0.703921,0.782113,0.006162,0.96323,0.174152,0.221026,0.485632,0.951432,0.072113,0.691768,0.643104;9@0.771266,0.732504,0.712122,0.599543,0.066754,0.148601,0.979269,0.291187,0.273081,0.229385,0.395599;39@0.965065,0.609205,0.549619,0.46103,0.445566,0.180122,0.567058,0.422234,0.834962;88@0.959054,0.201943,0.049777,0.853211,0.890769,0.155207,0.092402;30@0.222533,0.355938,0.897691,0.601631,0.749834,0.108026,0.617972,0.381831,0.233911,0.076164|0|1762487393
I20251108 00:02:58.816659 139717798590272 data_text_parser.cc:116] beg_pos: 9256,end_pos: 11461
I20251108 00:02:58.816671 139717798590272 data_text_parser.cc:59] line: 32|320|1720@3675538007:0.676755;1185@4192691631:0.366207;1587@244817399:0.505618;1048@2015849408:0.947391;1413@1023925170:0.895984;1472@1567163746:0.267684;1861@1720273094:0.241925;1430@2211640826:0.581273;1384@3414684109:0.325882;1829@3834606189:0.171834;1635@1382264527:0.510315;1785@521406196:0.613962;1712@3192899604:0.999733;1116@3112402808:0.961156;1010@2260764613:0.095717;1371@2147390329:0.265753;1381@3659614333:0.501603;1736@221313870:0.303782;1206@1874702893:0.173015;1202@319034633:0.348045|67@0.189827,0.777882,0.401558,0.915631,0.695676,0.090445,0.240642,0.842052,0.631548,0.583524,0.424788;56@0.477622,0.789469,0.789576,0.568249,0.363609,0.807737,0.549006,0.619994,0.317012,0.776838,0.526645,0.154496;73@0.81015,0.191153;38@0.608941,0.517826,0.798067,0.72299,0.905218,0.66186,0.467283,0.217977,0.023897,0.635247;1@;14@0.323823,0.368761,0.594607,0.70636,0.733681,0.634948,0.01148,0.57464,0.941304;41@;32@0.953541,0.817158,0.381838,0.875801;70@0.988696,0.684704,0.46459,0.467487;43@0.010683,0.20553,0.272881,0.672735,0.743815,0.80071,0.576381,0.17544,0.972926,0.426073,0.064977;65@0.239853,0.391007,0.983906,0.583946;20@0.315049,0.923808,0.661695,0.446913;40@0.453536,0.253536,3.5e-05;100@0.806257;37@0.60414,0.431882,0.164832,0.121301,0.094299,0.408915,0.487106,0.160459,0.447685,0.062413,0.648137,0.756693,0.07872;27@0.215125,0.191353,0.833157,0.566158,0.681725,0.527576,0.616;92@0.896349,0.639911,0.126812,0.640781,0.461346;10@0.013032,0.327714,0.652275,0.079587,0.640918,0.673623,0.476124,0.671684,0.25898,0.054916,0.655393,0.56639;75@0.147089,0.347647,0.658147,0.020342,0.280352,0.908698,0.833437,0.839977,0.418806,0.119265;84@0.938447,0.17605,0.474404,0.72992,0.099466,0.887539,0.129677,0.750063,0.988908,0.449978,0.032723;82@0.390345;47@0.779667,0.127614,0.789782,0.576216,0.475655,0.501506,0.660223,0.241755,0.0048,0.832047,0.684896;9@0.35161,0.466878,0.138754,0.858518,0.203646,0.667341,0.769413,0.059461,0.428115,0.307277,0.181556;39@0.126962,0.538618,0.460454,0.588497,0.647887,0.068559,0.219163,0.004488,0.560811;88@0.247355,0.207553,0.87159,0.45109,0.78007,0.628577,0.121207;30@0.97348,0.343137,0.116293,0.547669,0.192747,0.353948,0.465252,0.516512,0.996894,0.533137|1|1762487393
I20251108 00:02:58.816712 139717798590272 data_text_parser.cc:116] beg_pos: 11462,end_pos: 13672
I20251108 00:02:58.816724 139717798590272 data_text_parser.cc:59] line: 33|644|1720@2173029357:0.900804;1185@733875497:0.416673;1587@2175260132:0.983084;1048@1507366833:0.871903;1413@2184806204:0.595035;1472@1807852393:0.768073;1861@73274732:0.545673;1430@2596097790:0.958972;1384@433513831:0.256982;1829@456456546:0.048238;1635@773885196:0.152372;1785@3254115402:0.384902;1712@2701036215:0.55491;1116@1527070320:0.351711;1010@178994367:0.175574;1371@1445864987:0.888033;1381@1169552859:0.588151;1736@1134115470:0.715995;1206@2913546035:0.079844;1202@811093356:0.254521|67@0.04514,0.118263,0.162847,0.529051,0.067563,0.638031,0.457567,0.707881,0.041031,0.187263,0.854124;56@0.908368,0.284822,0.773195,0.10863,0.925685,0.8723,0.268961,0.924771,0.893315,0.735038,0.522046,0.135375;73@0.654149,0.546475;38@0.259709,0.815906,0.086789,0.103732,0.050797,0.308157,0.918843,0.831733,0.824774,0.104309;1@;14@0.865546,0.635574,0.308234,0.225023,0.517249,0.585058,0.01868,0.984059,0.306831;41@;32@0.574636,0.902668,0.249845,0.210163;70@0.22888,0.58445,0.62346,0.836585;43@0.909491,0.311109,0.842564,0.534368,0.845581,0.349661,0.672626,0.766773,0.616925,0.330208,0.418733;65@0.897245,0.49257,0.350401,0.408214;20@0.818817,0.913553,0.821302,0.809124;40@0.193827,0.590653,0.479066;100@0.223566;37@0.495287,0.931822,0.381531,0.194342,0.530789,0.650831,0.368838,0.47357,0.118532,0.245186,0.233637,0.228021,0.522511;27@0.142089,0.349485,0.356112,0.537834,0.719242,0.833274,0.189402;92@0.434392,0.70111,0.615519,0.407525,0.677266;10@0.753515,0.277842,0.381323,0.643979,0.732505,0.04766,0.697719,0.021891,0.813433,0.451412,0.715178,0.384881;75@0.108559,0.90433,0.612133,0.750684,0.199242,0.376901,0.410031,0.126258,0.00319,0.885509;84@0.292694,0.00246,0.137862,0.008417,0.864953,0.575709,0.414371,0.204505,0.520754,0.703062,0.860319;82@0.315929;47@0.478372,0.825181,0.545924,0.901823,0.305197,0.4013,0.792422,0.548843,0.329144,0.480889,0.424287;9@0.944791,0.671375,0.307199,0.923277,0.397471,0.228731,0.545137,0.627274,0.572108,0.608253,0.129554;39@0.260157,0.515042,0.506109,0.008982,0.765433,0.666668,0.970104,0.538621,0.686486;88@0.095855,0.795493,0.278455,0.010565,0.915241,0.666476,0.206705;30@0.241749,0.000638,0.877489,0.546366,0.916385,0.081629,0.903236,0.144721,0.975378,0.751415|1|1762487393
I20251108 00:02:58.816755 139717798590272 data_text_parser.cc:116] beg_pos: 13673,end_pos: 15873
I20251108 00:02:58.816767 139717798590272 data_text_parser.cc:59] line: 34|516|1720@2119185217:0.218749;1185@1385351575:0.51828;1587@3079046002:0.918759;1048@598961774:0.315003;1413@1327072695:0.70419;1472@459559368:0.33029;1861@1021902867:0.098169;1430@3429798579:0.274497;1384@479621636:0.623205;1829@236726992:0.60755;1635@3904498977:0.07862;1785@2360094319:0.201663;1712@3082847070:0.639652;1116@1192610733:0.970519;1010@1517014744:0.153793;1371@4109936314:0.550493;1381@3890863940:0.52063;1736@1639440844:0.813483;1206@3185143914:0.035087;1202@1601585854:0.008114|67@0.219521,0.740148,0.27857,0.687779,0.68634,0.772069,0.786015,0.143507,0.675807,0.11231,0.238974;56@0.579477,0.539028,0.409162,0.760397,0.12439,0.513492,0.727716,0.913896,0.846805,0.490708,0.451063,0.341786;73@0.077017,0.130064;38@0.500814,0.578889,0.507423,0.164133,0.479271,0.860368,0.522739,0.482183,0.610464,0.841632;1@;14@0.457779,0.025416,0.466162,0.128719,0.366165,0.354214,0.205549,0.277717,0.044518;41@;32@0.131062,0.366616,0.448015,0.183973;70@0.000263,0.665282,0.205872,0.250806;43@0.404274,0.57985,0.327752,0.742183,0.55002,0.854948,0.355683,0.786793,0.531325,0.681383,0.151215;65@0.259382,0.458879,0.923749,0.203436;20@0.970065,0.845135,0.783376,0.545392;40@0.769955,0.663182,0.319127;100@0.62109;37@0.268214,0.338841,0.96713,0.338881,0.97372,0.976141,0.937992,0.814454,0.266766,0.320228,0.249963,0.194171,0.455609;27@0.9614,0.834697,0.769832,0.654728,0.836026,0.05274,0.271906;92@0.87865,0.574342,0.423231,0.784286,0.560759;10@0.650099,0.219985,0.872991,0.49112,0.066328,0.50448,0.344084,0.84276,0.498682,0.906409,0.564679,0.089714;75@0.725809,0.101277,0.212403,0.679675,0.048122,0.982337,0.341984,0.979007,0.674212,0.210037;84@0.204359,0.865451,0.213904,0.875742,0.482584,0.985383,0.76547,0.191021,0.867649,0.754938,0.719488;82@0.257621;47@0.29109,0.229476,0.005802,0.40593,0.371461,0.68055,0.114691,0.506407,0.89892,0.54499,0.31234;9@0.757167,0.565217,0.829711,0.997191,0.472697,0.550718,0.55235,0.553733,0.875188,0.313353,0.036372;39@0.209756,0.597563,0.17097,0.024529,0.610928,0.595676,0.685551,0.939485,0.618425;88@0.497814,0.274979,0.914267,0.192644,0.310527,0.373306,0.248259;30@0.998281,0.710686,0.373016,0.30368,0.510103,0.516972,0.934397,0.063186,0.957768,0.179742|1|1762487393
I20251108 00:02:58.816808 139717798590272 data_text_parser.cc:116] beg_pos: 15874,end_pos: 18074
I20251108 00:02:58.816820 139717798590272 data_text_parser.cc:59] line: 35|888|1720@453455511:0.952191;1185@2882729754:0.708094;1587@983904768:0.317595;1048@4099110277:0.126601;1413@2556908430:0.076752;1472@4281452621:0.744;1861@3236662065:0.91049;1430@471313601:0.551803;1384@3957958353:0.331248;1829@494446469:0.930101;1635@209480491:0.206081;1785@3250020902:0.999577;1712@1515197632:0.531439;1116@3586910948:0.363913;1010@1903464674:0.280795;1371@964556601:0.687702;1381@2870048166:0.650986;1736@1327033651:0.875086;1206@2632425871:0.970548;1202@2782598802:0.893376|67@0.294361,0.910906,0.385568,0.526305,0.091281,0.959964,0.197986,0.183195,0.27294,0.690703,0.167924;56@0.409187,0.246344,0.629607,0.997376,0.762112,0.563043,0.427684,0.575484,0.267139,0.33618,0.442731,0.616571;73@0.786208,0.294597;38@0.384385,0.35871,0.485401,0.407572,0.604608,0.889096,0.19241,0.322493,0.929126,0.193417;1@;14@0.125318,0.552043,0.657429,0.954597,0.912993,0.923704,0.201739,0.486574,0.825248;41@;32@0.922662,0.662505,0.460202,0.134344;70@0.351108,0.900847,0.706827,0.050066;43@0.74421,0.466689,0.807809,0.630935,0.753733,0.990879,0.808409,0.919437,0.294505,0.001925,0.983492;65@0.99438,0.11214,0.642216,0.067788;20@0.493955,0.725182,0.245382,0.31176;40@0.386446,0.913097,0.526274;100@0.329503;37@0.651606,0.5604,0.825791,0.881171,0.174709,0.86144,0.45377,0.257039,0.250106,0.147483,0.5484,0.054027,0.296236;27@0.687715,0.808426,0.875336,0.664539,0.062912,0.719392,0.701252;92@0.763355,0.447133,0.278115,0.667705,0.337555;10@0.65959,0.249708,0.983412,0.550014,0.947496,0.6581,0.153114,0.577988,0.092653,0.984353,0.341264,0.964077;75@0.863629,0.863445,0.849656,0.687061,0.934692,0.007995,0.043128,0.495087,0.466723,0.030528;84@0.140988,0.298328,0.952619,0.445928,0.28393,0.300516,0.415726,0.595028,0.622228,0.04973,0.700966;82@0.902494;47@0.035772,0.769921,0.17278,0.505887,0.852425,0.748294,0.839905,0.98234,0.60121,0.896146,0.514147;9@0.087882,0.014431,0.885173,0.483193,0.6756,0.080562,0.179293,0.83112,0.356703,0.324411,0.621943;39@0.05185,0.025275,0.822902,0.458713,0.516766,0.447434,0.134739,0.143466,0.349218;88@0.462001,0.052964,0.924902,0.746023,0.221726,0.604594,0.444249;30@0.186719,0.718598,0.574656,0.290556,0.353116,0.554742,0.092183,0.392696,0.698186,0.755576|1|1762487393
I20251108 00:02:58.816862 139717798590272 data_text_parser.cc:116] beg_pos: 18075,end_pos: 20290
I20251108 00:02:58.816875 139717798590272 data_text_parser.cc:59] line: 36|511|1720@2676775413:0.39168;1185@4243938313:0.000991;1587@2097870213:0.366233;1048@1921504615:0.762503;1413@4073731725:0.720558;1472@1029201319:0.279062;1861@1068871407:0.823987;1430@3301526638:0.164962;1384@931421832:0.646771;1829@2361622413:0.463897;1635@3093922980:0.069506;1785@392311584:0.855691;1712@4244004443:0.822426;1116@3915264590:0.610947;1010@672521935:0.060619;1371@2130678364:0.724902;1381@2783975356:0.065146;1736@2648382923:0.658639;1206@3786053689:0.548844;1202@1960306768:0.671496|67@0.848047,0.111399,0.961683,0.164703,0.319784,0.520129,0.590255,0.294644,0.969116,0.183072,0.173799;56@0.021758,0.760699,0.872876,0.887656,0.784635,0.453445,0.458982,0.092981,0.616059,0.342707,0.988255,0.023577;73@0.233566,0.021285;38@0.380901,0.824813,0.280311,0.759282,0.268916,0.856999,0.837507,0.677542,0.31494,0.831647;1@;14@0.949296,0.63246,0.958492,0.172904,0.03436,0.380369,0.845634,0.84052,0.458748;41@;32@0.016656,0.776159,0.835367,0.480225;70@0.872039,0.487485,0.420173,0.996246;43@0.832215,0.535446,0.725217,0.332791,0.430754,0.516216,0.664483,0.725341,0.601074,0.962751,0.367033;65@0.150594,0.67633,0.857455,0.02661;20@0.118835,0.625209,0.350706,0.852565;40@0.108879,0.462615,0.908404;100@0.102515;37@0.978778,0.1548,0.388642,0.993603,0.775253,0.516598,0.276259,0.709115,0.703457,0.338818,0.058427,0.614726,0.270462;27@0.857892,0.131912,0.959969,0.952713,0.622141,0.404014,0.321995;92@0.619212,0.547246,0.711181,0.256793,0.874667;10@0.556209,0.403992,0.80724,0.007152,0.725444,0.844954,0.411314,0.554774,0.999939,0.965742,0.073675,0.529052;75@0.884172,0.476789,0.571642,0.285504,0.046933,0.219983,0.936481,0.674192,0.362275,0.238301;84@0.918207,0.291787,0.994346,0.2033,0.341501,0.064584,0.084906,0.117244,0.142016,0.943001,0.075461;82@0.390956;47@0.713971,0.92704,0.607061,0.157576,0.09512,0.600605,0.762925,0.021173,0.6385,0.860752,0.633019;9@0.718549,0.205424,0.556357,0.477725,0.538782,0.839669,0.58124,0.782953,0.492902,0.14174,0.929775;39@0.803877,0.703804,0.855872,0.038885,0.383538,0.027329,0.344487,0.216682,0.568521;88@0.450744,0.892233,0.676025,0.677991,0.953449,0.367323,0.820836;30@0.146569,0.640894,0.327381,0.390882,0.643582,0.342925,0.543859,0.069775,0.306054,0.888317|0|1762487393
I20251108 00:02:58.816892 139717798590272 data_text_parser.cc:116] beg_pos: 20291,end_pos: 20480
I20251108 00:02:58.817137 139717798590272 data_text_parser.cc:101] get chunk buffer, size: 20480
I20251108 00:02:58.817162 139717798590272 data_text_parser.cc:116] beg_pos: 0,end_pos: 2023
I20251108 00:02:58.817170 139717798590272 data_text_parser.cc:61] buffer line: 37|177|1720@1392069106:0.675117;1185@2506406611:0.582143;1587@571779949:0.211602;1048@1251023269:0.021396;1413@1671844911:0.549102;1472@3287689090:0.85162;1861@1254726365:0.152727;1430@2060345293:0.622624;1384@2449819758:0.624175;1829@2581231978:0.721024;1635@3098189245:0.297156;1785@3326623080:0.846852;1712@4045640175:0.711867;1116@502380840:0.438149;1010@2068140264:0.749471;1371@3786843269:0.623123;1381@4104713713:0.806606;1736@1251350676:0.694911;1206@3646723115:0.464204;1202@1327033651:0.265386|67@0.024566,0.212863,0.245849,0.658325,0.74285,0.552859,0.574573,0.881496,0.864691,0.314456,0.582779;56@0.487136,0.616382,0.906137,0.274577,0.837479,0.236879,0.094659,0.800817,0.287365,0.098313,0.065191,0.90708;73@0.995528,0.739932;38@0.08721,0.007426,0.290174,0.051006,0.925032,0.574782,0.740914,0.08756,0.548232,0.897613;1@;14@0.052139,0.039017,0.67141,0.612155,0.796645,0.729317,0.204822,0.504181,0.135273;41@;32@0.968363,0.493898,0.915574,0.364244;70@0.468953,0.759503,0.207322,0.350457;43@0.937086,0.629301,0.193452,0.681105,0.478306,0.691181,0.518639,0.349873,0.652162,0.274122,0.555642;65@0.851057,0.33714,0.841025,0.827381;20@0.823517,0.601699,0.702218,0.108997;40@0.140678,0.002558,0.846116;100@0.784462;37@0.621337,0.75694,0.825882,0.389937,0.532057,0.636424,0.239849,0.152521,0.395529,0.939969,0.861417,0.774993,0.967584;27@0.990809,0.182553,0.025854,0.558382,0.301464,0.551505,0.723223;92@0.823524,0.196971,0.932429,0.051748,0.570431;10@0.35451,0.201601,0.274044,0.763327,0.533446,0.806766,0.43157,0.85409,0.933271,0.405065,0.136364,0.682684;75@0.287712,0.573384,0.848839,0.32292,0.707795,0.209997,0.26323,0.966564,0.106218,0.491635;84@0.63582,0.43698,0.475746,0.914817,0.896894,0.232226,0.18188,0.421651,0.747446,0.004588,0.163309;82@0.422567;47@0.712406,0.813025,0.252416,0.419961,0.924763,0.55993,0.482855,0.451459,0.641178,0.302375,0.130421;9@0.369695,0.630069,0.062868,0.017622,0.953043,0.891622,0.662849,0.437717,0.264035,0.63787,0.277985;39@0.752545,0.109478,0.482951,0.040019,0.582918,0.130782,0.232222,0.73183,0.777002;88@0.27192,0.172511,0.133484,0.399727,0.795787,0.971915,0.347017;30@0.21073,0.224984,0.088951,0.234338,0.66316,0.109834,0.722398,0.213535,0.266012,0.207405|0|1762487393
I20251108 00:02:58.817211 139717798590272 data_text_parser.cc:116] beg_pos: 2024,end_pos: 4227
I20251108 00:02:58.817223 139717798590272 data_text_parser.cc:59] line: 38|63|1720@3992529769:0.285037;1185@1035416586:0.141817;1587@3691053690:0.96623;1048@1173242388:0.790893;1413@1372702222:0.484972;1472@2081221514:0.505748;1861@132082103:0.905007;1430@3248712498:0.60131;1384@3680035100:0.337326;1829@4014547300:0.873893;1635@676478285:0.80849;1785@3785292384:0.313858;1712@834835312:0.316725;1116@2584148222:0.984673;1010@338442141:0.402355;1371@2971311055:0.159251;1381@1501960481:0.739951;1736@3078571326:0.106094;1206@1687374853:0.150015;1202@582469909:0.186171|67@0.469296,0.598302,0.163339,0.525946,0.307241,0.32466,0.987354,0.833947,0.264234,0.900011,0.476504;56@0.709386,0.463395,0.386448,0.281347,0.243725,0.65466,0.913419,0.252101,0.220747,0.669579,0.194687,0.066731;73@0.871693,0.136758;38@0.244114,0.911854,0.515183,0.066789,0.570884,0.912099,0.11333,0.268191,0.993729,0.6803;1@;14@0.23635,0.034201,0.521315,0.123768,0.371686,0.751261,0.862356,0.212171,0.544355;41@;32@0.74851,0.025727,0.156291,0.042454;70@0.325888,0.928806,0.199992,0.672569;43@0.123252,0.809479,0.703438,0.665804,0.45887,0.821923,0.775098,0.650746,0.732748,0.559562,0.966047;65@0.2578,0.110173,0.637597,0.16719;20@0.171891,0.107348,0.453496,0.939937;40@0.664648,0.388249,0.093161;100@0.923392;37@0.059761,0.282057,0.099858,0.404431,0.695254,0.20498,0.551627,0.502131,0.061015,0.780071,0.927138,0.033471,0.346615;27@0.91331,0.904285,0.500677,0.258308,0.308819,0.557079,0.538684;92@0.008299,0.943483,0.933744,0.354901,0.663957;10@0.111485,0.658723,0.0792,0.896778,0.845338,0.695134,0.268057,0.840518,0.221548,0.632445,0.256936,0.524732;75@0.972265,0.58645,0.578534,0.13646,0.248184,0.315983,0.688043,0.228349,0.401826,0.56051;84@0.291579,0.355381,0.454004,0.569871,0.020447,0.124467,0.646269,0.565571,0.080506,0.876832,0.580178;82@0.241301;47@0.698521,0.508569,0.524892,0.26136,0.407791,0.698823,0.590033,0.413079,0.702593,0.479951,0.805439;9@0.61529,0.025417,0.949744,0.411467,0.497808,0.696167,0.42164,0.582111,0.012699,0.204717,0.809724;39@0.824946,0.451148,0.985658,0.09726,0.268591,0.038026,0.823132,0.79775,0.010419;88@0.730311,0.398326,0.246543,0.341902,0.851495,0.096859,0.60456;30@0.917843,0.529938,0.629865,0.447899,0.433293,0.760048,0.919864,0.714738,0.562548,0.027528|0|1762487393
I20251108 00:02:58.817253 139717798590272 data_text_parser.cc:116] beg_pos: 4228,end_pos: 6442
I20251108 00:02:58.817265 139717798590272 data_text_parser.cc:59] line: 39|660|1720@3316633230:0.151529;1185@3077612897:0.397345;1587@674358523:0.330459;1048@878985565:0.829765;1413@3807712298:0.605366;1472@2510401142:0.573432;1861@3935174312:0.977327;1430@3318752147:0.508578;1384@1750805477:0.291678;1829@1741429220:0.800855;1635@2287074586:0.44422;1785@931629455:0.025383;1712@3897680323:0.680392;1116@555992638:0.688509;1010@3028850356:0.970856;1371@1102650781:0.248485;1381@291413227:0.527938;1736@149414047:0.224719;1206@4281565979:0.184073;1202@3712965742:0.083353|67@0.174109,0.866649,0.909186,0.766313,0.320774,0.987821,0.659449,0.362957,0.541277,0.654187,0.188837;56@0.916893,0.568047,0.575639,0.711218,0.872871,0.777048,0.128917,0.001588,0.118817,0.384981,0.741921,0.328159;73@0.114239,0.036849;38@0.457718,0.004065,0.108259,0.972166,0.734498,0.733414,0.021835,0.426028,0.400313,0.522355;1@;14@0.768179,0.961721,0.385965,0.843916,0.93026,0.358842,0.207936,0.750029,0.448943;41@;32@0.9589,0.053656,0.990515,0.295532;70@0.651498,0.809313,0.360428,0.639438;43@0.028121,0.827604,0.190545,0.257896,0.978297,0.399572,0.826669,0.897142,0.156546,0.646429,0.801818;65@0.290409,0.217795,0.494811,0.928163;20@0.432937,0.632578,0.293984,0.419878;40@0.866199,0.444504,0.896485;100@0.245527;37@0.262396,0.918682,0.321589,0.751856,0.428065,0.830767,0.640816,0.136683,0.131686,0.230156,0.353271,0.407648,0.68794;27@0.531678,0.884281,0.259885,0.114974,0.498334,0.315866,0.818844;92@0.934644,0.538467,0.236438,0.756164,0.599123;10@0.230056,0.333988,0.502614,0.125608,0.099856,0.243379,0.685609,0.506398,0.75317,0.376814,0.906027,0.307649;75@0.323731,0.207029,0.041704,0.959276,0.474042,0.382298,0.703898,0.687578,0.766055,0.362753;84@0.264837,0.44856,0.4398,0.687322,0.41396,0.286206,0.110892,0.511136,0.96727,0.360271,0.301686;82@0.443196;47@0.38939,0.305398,0.641737,0.511517,0.143406,0.089352,0.578581,0.351265,0.524704,0.382356,0.361697;9@0.179972,0.085865,0.994679,0.988839,0.997161,0.11139,0.449787,0.421506,0.695501,0.524004,0.798171;39@0.364715,0.823614,0.330961,0.804274,0.808138,0.558271,0.103503,0.643509,0.524423;88@0.36244,0.748081,0.717251,0.750923,0.702789,0.215621,0.111657;30@0.953923,0.21823,0.72818,0.552504,0.096511,0.633512,0.659431,0.368131,0.341788,0.853488|1|1762487393
I20251108 00:02:58.817305 139717798590272 data_text_parser.cc:116] beg_pos: 6443,end_pos: 8655
I20251108 00:02:58.817317 139717798590272 data_text_parser.cc:59] line: 40|161|1720@715101603:0.410873;1185@1716346437:0.834224;1587@1608777393:0.382065;1048@1546312431:0.344313;1413@2103584607:0.830877;1472@2076981327:0.493058;1861@1334677193:0.060101;1430@1240073495:0.195008;1384@1159662295:0.242539;1829@4073731725:0.0028;1635@534293539:0.302429;1785@3833737840:0.770913;1712@3649286411:0.656596;1116@3269852205:0.625145;1010@3204929196:0.56577;1371@291763698:0.511844;1381@676478285:0.820858;1736@2959494236:0.016634;1206@723594039:0.509791;1202@1893043818:0.24268|67@0.501774,0.844596,0.954791,0.637153,0.613179,0.618409,0.042935,0.081974,0.318087,0.859582,0.883997;56@0.869514,0.585472,0.119124,0.255452,0.053848,0.809309,0.838597,0.325163,0.783475,0.474357,0.346838,0.362121;73@0.277999,0.879689;38@0.976416,0.050646,0.001505,0.231588,0.09357,0.023497,0.319207,0.028482,0.383805,0.244033;1@;14@0.735486,0.551227,0.679834,0.791529,0.879317,0.212518,0.927445,0.356278,0.481358;41@;32@0.807748,0.443767,0.207928,0.213683;70@0.985066,0.987072,0.505421,0.667209;43@0.868435,0.439873,0.291042,0.960586,0.359463,0.587858,0.471624,0.471756,0.735515,0.590083,0.228999;65@0.268174,0.29905,0.672023,0.190639;20@0.180277,0.773338,0.387782,0.005703;40@0.607328,0.011681,0.919798;100@0.160152;37@0.861169,0.119089,0.837062,0.732231,0.959909,0.278986,0.968673,0.495644,0.284969,0.76114,0.850531,0.352237,0.728185;27@0.883768,0.003679,0.42321,0.030933,0.364788,0.469142,0.236771;92@0.705956,0.259208,0.429561,0.931049,0.034421;10@0.158452,0.860846,0.6737,0.593197,0.055897,0.128774,0.910843,0.972256,0.900401,0.249469,0.396314,0.663755;75@0.490484,0.18116,0.708781,0.721822,0.986696,0.325407,0.934078,0.386131,0.967892,0.795669;84@0.198545,0.94096,0.437524,0.198204,0.128831,0.008613,0.897778,0.026606,0.967146,0.059083,0.742768;82@0.419982;47@0.864005,0.117661,0.346888,0.865567,0.355648,0.924264,0.274044,0.998754,0.996902,0.069962,0.396183;9@0.409891,0.748755,0.086296,0.770008,0.883936,0.547791,0.393472,0.799982,0.12856,0.171066,0.166182;39@0.115977,0.203819,0.007693,0.42182,0.017622,0.18902,0.58834,0.634004,0.295166;88@0.592919,0.317161,0.128557,0.037967,0.049813,0.400967,0.473217;30@0.087455,0.492839,0.42308,0.110578,0.85802,0.492117,0.859059,0.53872,0.406877,0.280416|0|1762487393
I20251108 00:02:58.817365 139717798590272 data_text_parser.cc:116] beg_pos: 8656,end_pos: 10865
I20251108 00:02:58.817378 139717798590272 data_text_parser.cc:59] line: 41|784|1720@3863580785:0.05982;1185@3512498083:0.844585;1587@3517432274:0.20971;1048@3990825255:0.629053;1413@1021981304:0.674037;1472@705085754:0.662992;1861@4288346774:0.946909;1430@1438000378:0.917469;1384@4086749087:0.780725;1829@897828860:0.193898;1635@3483220709:0.721018;1785@3501719038:0.309198;1712@741076129:0.630149;1116@1376979488:0.231038;1010@1624351355:0.422903;1371@3265886449:0.215859;1381@290220632:0.541362;1736@2007452592:0.716411;1206@500554265:0.293948;1202@3058337699:0.956308|67@0.894445,0.181098,0.609925,0.936228,0.183836,0.10771,0.408866,0.101126,0.769321,0.813496,0.786242;56@0.697074,0.47751,0.900924,0.173511,0.388588,0.039069,0.373607,0.138954,0.312306,0.596855,0.039715,0.793823;73@0.277429,0.78486;38@0.895702,0.864912,0.302905,0.929624,0.537679,0.937853,0.176175,0.993217,0.882425,0.729441;1@;14@0.752354,0.919321,0.987848,0.641414,0.425653,0.523499,0.07511,0.482881,0.704954;41@;32@0.528024,0.957333,0.448675,0.938436;70@0.82809,0.506428,0.924693,0.514085;43@0.857091,0.280296,0.070067,0.815027,0.810721,0.267489,0.422381,0.316238,0.389691,0.862579,0.085148;65@0.594168,0.603845,0.639317,0.964898;20@0.692194,0.173399,0.570522,0.588776;40@0.793839,0.133458,0.981811;100@0.474993;37@0.994278,0.619088,0.043283,0.893758,0.745449,0.204508,0.8576,0.294109,0.032329,0.439395,0.355038,0.816157,0.279392;27@0.289995,0.453418,0.186379,0.634008,0.623222,0.636644,0.172488;92@0.555907,0.192156,0.923123,0.795499,0.318309;10@0.735824,0.753141,0.012646,0.758007,0.15762,0.971374,0.949911,0.860213,0.911574,0.968973,0.448083,0.31647;75@0.781605,0.668909,0.781536,0.529877,0.10099,0.562185,0.491245,0.498052,0.375836,0.905967;84@0.431611,0.072909,0.451104,0.06315,0.463333,0.256725,0.127427,0.663837,0.761776,0.681495,0.975409;82@0.307757;47@0.440434,0.2084,0.93114,0.485233,0.173496,0.458377,0.758989,0.614845,0.351106,0.03549,0.467498;9@0.106794,0.689079,0.916831,0.039893,0.553685,0.269223,0.317627,0.171893,0.664557,0.305646,0.216451;39@0.562789,0.069766,0.227444,0.554329,0.013586,0.605954,0.550236,0.223832,0.119393;88@0.335252,0.608694,0.472663,0.785162,0.183474,0.92925,0.277417;30@0.534798,0.2601,0.809166,0.77759,0.825418,0.311995,0.323991,0.264182,0.184983,0.04599|0|1762487393
I20251108 00:02:58.817409 139717798590272 data_text_parser.cc:116] beg_pos: 10866,end_pos: 13081
I20251108 00:02:58.817421 139717798590272 data_text_parser.cc:59] line: 42|866|1720@863833088:0.36773;1185@2860989664:0.187197;1587@4189568927:0.610136;1048@3369745040:0.178205;1413@2928480718:0.423761;1472@1594509883:0.395129;1861@429281894:0.220004;1430@1238764179:0.770258;1384@2807155135:0.092055;1829@2658882698:0.800957;1635@75670166:0.857443;1785@3950557964:0.130913;1712@4194379348:0.269777;1116@1445015682:0.146343;1010@710068784:0.750199;1371@643034679:0.460501;1381@325860250:0.83716;1736@3275652954:0.563688;1206@4064551238:0.684677;1202@3813770909:0.982361|67@0.01063,0.056466,0.468831,0.156501,0.220233,0.90397,0.08029,0.212174,0.65557,0.269846,0.332628;56@0.982369,0.899918,0.752705,0.169403,0.961774,0.943799,0.082597,0.092074,0.285806,0.939368,0.680892,0.350663;73@0.17712,0.962291;38@0.028038,0.025668,0.077867,0.522466,0.952691,0.696814,0.019223,0.059708,0.051104,0.828371;1@;14@0.010162,0.97535,0.043719,0.428227,0.912955,0.909804,0.064248,0.203122,0.124738;41@;32@0.306798,0.788373,0.230261,0.928031;70@0.120731,0.381931,0.520362,0.966673;43@0.927808,0.865209,0.99136,0.637896,0.618285,0.200287,0.539804,0.259852,0.392503,0.229235,0.997165;65@0.584819,0.807071,0.616565,0.876637;20@0.020963,0.428604,0.793072,0.049645;40@0.734383,0.754397,0.268654;100@0.551951;37@0.377445,0.705564,0.146155,0.673401,0.907109,0.09139,0.702939,0.953173,0.601504,0.104192,0.208308,0.868752,0.820116;27@0.328395,0.157907,0.543389,0.553295,0.450637,0.622567,0.232275;92@0.221015,0.514503,0.661279,0.372047,0.158431;10@0.898941,0.213708,0.906045,0.498751,0.431552,0.824427,0.399204,0.745612,0.971747,0.231239,0.04098,0.224596;75@0.923844,0.535492,0.292627,0.781173,0.414766,0.566447,0.855098,0.510347,0.454143,0.825895;84@0.162242,0.903613,0.584956,0.946511,0.400141,0.611343,0.869348,0.634099,0.863934,0.797774,0.241042;82@0.048148;47@0.722997,0.852433,0.630833,0.626207,0.355941,0.667379,0.475261,0.969316,0.296175,0.905973,0.298404;9@0.126622,0.267725,0.219213,0.089951,0.405791,0.734271,0.262451,0.437082,0.03856,0.10397,0.945927;39@0.747036,0.417015,0.289222,0.931411,0.601473,0.837582,0.982179,0.431634,0.713559;88@0.888095,0.82833,0.743515,0.987404,0.888898,0.438874,0.678227;30@0.291933,0.310196,0.180091,0.020264,0.347938,0.765999,0.889485,0.610936,0.191926,0.430629|0|1762487393
I20251108 00:02:58.817462 139717798590272 data_text_parser.cc:116] beg_pos: 13082,end_pos: 15295
I20251108 00:02:58.817474 139717798590272 data_text_parser.cc:59] line: 43|219|1720@2078865481:0.534913;1185@2311317088:0.478883;1587@36744639:0.303847;1048@3739713047:0.326385;1413@4170740656:0.210193;1472@1074373667:0.944455;1861@3528284739:0.080396;1430@1299218383:0.37131;1384@1210829039:0.350848;1829@664262104:0.075954;1635@860351279:0.449641;1785@2011235938:0.042238;1712@1529436402:0.909152;1116@3385482614:0.255051;1010@3625510357:0.75453;1371@149414047:0.742172;1381@4112626071:0.169527;1736@2068140264:0.708033;1206@4008775685:0.100025;1202@1895760524:0.522346|67@0.58166,0.480245,0.308862,0.996693,0.590686,0.299914,0.139865,0.595283,0.624522,0.464096,0.345539;56@0.795602,0.546285,0.604581,0.86152,0.548912,0.608456,0.269963,0.527485,0.196153,0.321623,0.194083,0.460503;73@0.229815,0.259242;38@0.283018,0.398104,0.681378,0.438562,0.296153,0.936927,0.145966,0.533496,0.001135,0.360403;1@;14@0.6916,0.544486,0.751776,0.263383,0.795405,0.914172,0.631882,0.952368,0.913638;41@;32@0.164241,0.253997,0.422388,0.295233;70@0.995575,0.051953,0.607214,0.203075;43@0.698602,0.69707,0.400116,0.053809,0.135997,0.762422,0.990721,0.429815,0.510374,0.200525,0.493793;65@0.626188,0.581594,0.061089,0.252322;20@0.653181,0.213224,0.721354,0.227294;40@0.446159,0.622001,0.830489;100@0.389611;37@0.869782,0.643318,0.170028,0.077723,0.033989,0.471118,0.5659,0.947747,0.196703,0.652031,0.351761,0.713255,0.043961;27@0.265653,0.617104,0.243331,0.177332,0.939362,0.542938,0.024008;92@0.277477,0.491248,0.025826,0.161815,0.922484;10@0.594453,0.729158,0.452998,0.257875,0.232525,0.902191,0.582491,0.28605,0.662296,0.353922,0.114438,0.489039;75@0.948959,0.465514,0.745262,0.770915,0.60176,0.688944,0.203906,0.115393,0.900952,0.459329;84@0.835206,0.196151,0.048302,0.23501,0.343782,0.402615,0.895062,0.513737,0.422778,0.512726,0.638676;82@0.175858;47@0.253731,0.475846,0.981898,0.195231,0.04371,0.448154,0.531126,0.720875,0.051474,0.238655,0.502827;9@0.929907,0.894547,0.122991,0.044598,0.143937,0.849255,0.67293,0.56936,0.360177,0.55447,0.143009;39@0.515287,0.749375,0.012776,0.237158,0.153163,0.158855,0.035245,0.335454,0.287597;88@0.32025,0.224838,0.171643,0.768463,0.636711,0.758558,0.974515;30@0.540619,0.359175,0.839813,0.971419,0.935864,0.388128,0.382559,0.986818,0.43466,0.171037|0|1762487393
I20251108 00:02:58.817505 139717798590272 data_text_parser.cc:116] beg_pos: 15296,end_pos: 17510
I20251108 00:02:58.817516 139717798590272 data_text_parser.cc:59] line: 44|481|1720@3787587749:0.289375;1185@2758202660:0.612828;1587@3935865631:0.361263;1048@1587505489:0.522599;1413@1260094769:0.452483;1472@2133685260:0.212652;1861@200047865:0.287239;1430@4197157510:0.84311;1384@2464948058:0.614073;1829@3712311671:0.560391;1635@588945255:0.36922;1785@2759270963:0.215552;1712@1836008557:0.106822;1116@248716407:0.328867;1010@3698637505:0.599206;1371@191875987:0.063624;1381@4168026933:0.972255;1736@2468249175:0.640114;1206@1250547828:0.065576;1202@357158790:0.786046|67@0.785817,0.262005,0.473722,0.357195,0.296348,0.942846,0.133773,0.389076,0.581928,0.440936,0.307133;56@0.804821,0.318283,0.044278,0.948157,0.998492,0.158272,0.482129,0.522393,0.674637,0.730822,0.749734,0.745448;73@0.425851,0.618467;38@0.921973,0.071417,0.004498,0.431539,0.051228,0.092018,0.021369,0.038538,0.825363,0.330841;1@;14@0.02965,0.293031,0.535512,0.019583,0.090877,0.156188,0.592352,0.803309,0.195347;41@;32@0.791923,0.180906,0.301883,0.053352;70@0.268784,0.051987,0.859317,0.395076;43@0.210486,0.462812,0.54522,0.759979,0.75226,0.357008,0.784299,0.075496,0.422808,0.345073,0.375724;65@0.762558,0.232631,0.732315,0.785491;20@0.876155,0.640297,0.727707,0.334546;40@0.33347,0.140286,0.220833;100@0.88063;37@0.90278,0.239519,0.157975,0.327323,0.173348,0.299567,0.139373,0.42174,0.223112,0.936183,0.331645,0.747796,0.504577;27@0.849273,0.400901,0.855326,0.882508,0.858172,0.797837,0.177375;92@0.474576,0.556576,0.154709,0.006021,0.619287;10@0.361831,0.063515,0.376134,0.689286,0.644769,0.020502,0.903527,0.087703,0.396564,0.490738,0.625487,0.068217;75@0.07047,0.867709,0.847433,0.962226,0.931368,0.685485,0.514722,0.984455,0.568609,0.860508;84@0.731641,0.084582,0.964467,0.317779,0.842013,0.459177,0.72655,0.569411,0.426699,0.686333,0.86804;82@0.184527;47@0.349206,0.087485,0.34163,0.223296,0.072002,0.551098,0.407637,0.253825,0.901321,0.651465,0.636042;9@0.812621,0.545709,0.246646,0.614733,0.431643,0.05009,0.167708,0.331787,0.064466,0.89142,0.820241;39@0.271916,0.706951,0.445109,0.079006,0.678762,0.168701,0.449205,0.432468,0.786511;88@0.65986,0.019311,0.000902,0.082181,0.337418,0.455798,0.647786;30@0.997843,0.424959,0.579065,0.509845,0.520647,0.313684,0.83513,0.670739,0.195373,0.376614|0|1762487393
I20251108 00:02:58.817557 139717798590272 data_text_parser.cc:116] beg_pos: 17511,end_pos: 19719
I20251108 00:02:58.817570 139717798590272 data_text_parser.cc:59] line: 45|578|1720@2165631509:0.337286;1185@1438000378:0.773496;1587@2069108298:0.589478;1048@474609808:0.777562;1413@678121091:0.861806;1472@547659719:0.121258;1861@1194188578:0.001437;1430@3635196515:0.795856;1384@4103719429:0.846754;1829@1726139266:0.520025;1635@177360798:0.981162;1785@2763572433:0.656439;1712@1997907531:0.965768;1116@2010342346:0.755748;1010@2055246226:0.464107;1371@2219720757:0.915189;1381@1735269981:0.018778;1736@610299331:0.780723;1206@1949052636:0.424584;1202@3765157546:0.57542|67@0.334988,0.328098,0.780903,0.219174,0.506284,0.189877,0.674048,0.675575,0.421769,0.9095,0.826514;56@0.02438,0.001124,0.864953,0.599758,0.199646,0.795851,0.604497,0.572769,0.028889,0.824062,0.694835,0.557029;73@0.417785,0.780295;38@0.224875,0.106709,0.901036,0.691294,0.026749,0.995514,0.914631,0.758024,0.593288,0.146531;1@;14@0.56117,0.967533,0.095331,0.869955,0.862673,0.755036,0.522491,0.088167,0.10265;41@;32@0.992134,0.980909,0.339753,0.692791;70@0.748231,0.78966,0.563574,0.479721;43@0.703331,0.555143,0.102087,0.039377,0.611945,0.459099,0.231586,0.734725,0.730941,0.667313,0.692287;65@0.243357,0.133179,0.8213,0.266984;20@0.733512,0.550334,0.372239,0.06039;40@0.575438,0.535643,0.934382;100@0.371138;37@0.57502,0.262394,0.003612,0.523986,0.608443,0.839466,0.576159,0.574402,0.79756,0.446915,0.303035,0.463123,0.845946;27@0.420181,0.791973,0.793943,0.883915,0.29542,0.897702,0.662827;92@0.479229,0.613927,0.318858,0.634902,0.351868;10@0.677522,0.474968,0.419105,0.884775,0.433573,0.182851,0.124461,0.045701,0.125646,0.990509,0.267867,0.68006;75@0.207204,0.560088,0.318001,0.298261,0.126307,0.52075,0.539123,0.180368,0.426188,0.538923;84@0.331954,0.724202,0.363113,0.569554,0.415422,0.984376,0.119993,0.262121,0.746614,0.850112,0.335634;82@0.617026;47@0.773271,0.924653,0.860953,0.029101,0.22306,0.383165,0.822056,0.564439,0.725188,0.729943,0.04389;9@0.84145,0.381495,0.990128,0.480616,0.577594,0.282671,0.374348,0.171036,0.839487,0.432965,0.056645;39@0.251489,0.243814,0.81499,0.210468,0.09472,0.052533,0.456193,0.113146,0.914674;88@0.829073,0.5038,0.061994,0.87968,0.491967,0.576568,0.307885;30@0.849561,0.567532,0.800789,0.092766,0.813268,0.736912,0.983864,0.674944,0.081154,0.581583|1|1762487393
I20251108 00:02:58.817591 139717798590272 data_text_parser.cc:116] beg_pos: 19720,end_pos: 20480
I20251108 00:02:58.817842 139717798590272 data_text_parser.cc:101] get chunk buffer, size: 20480
I20251108 00:02:58.817863 139717798590272 data_text_parser.cc:116] beg_pos: 0,end_pos: 1451
I20251108 00:02:58.817875 139717798590272 data_text_parser.cc:61] buffer line: 46|993|1720@762203580:0.946954;1185@1392069106:0.183882;1587@1484841446:0.240219;1048@3698733203:0.830763;1413@324608803:0.363331;1472@3027116475:0.659697;1861@2065873079:0.281168;1430@3309634939:0.570374;1384@906661827:0.960372;1829@1850560508:0.784792;1635@2567378820:0.120569;1785@368259861:0.224073;1712@3813484459:0.731578;1116@3827855481:0.737478;1010@93288364:0.859316;1371@3706109008:0.979233;1381@1764848680:0.514014;1736@4012881169:0.964453;1206@1185006463:0.05279;1202@2887010498:0.649759|67@0.700422,0.475565,0.00968,0.792833,0.967177,0.179661,0.238496,0.660908,0.822695,0.758861,0.881634;56@0.874676,0.077241,0.655629,0.997922,0.694967,0.39301,0.577153,0.586883,0.911523,0.471266,0.404955,0.230945;73@0.386646,0.30336;38@0.073545,0.8654,0.430782,0.788652,0.098677,0.447553,0.86819,0.042744,0.505446,0.474019;1@;14@0.934103,0.29716,0.981324,0.602599,0.543411,0.312621,0.633962,0.137523,0.420524;41@;32@0.055123,0.393794,0.958603,0.171186;70@0.350822,0.094524,0.560987,0.057452;43@0.452555,0.555561,0.920289,0.712681,0.667052,0.932157,0.841279,0.382076,0.559119,0.171785,0.213279;65@0.840442,0.340493,0.12044,0.195031;20@0.436682,0.845495,0.164252,0.824725;40@0.923933,0.125503,0.891359;100@0.981567;37@0.844793,0.842867,0.889489,0.340428,0.732446,0.760071,0.115782,0.412948,0.061151,0.002522,0.1918,0.677898,0.211336;27@0.739468,0.274997,0.458508,0.697975,0.417426,0.750841,0.672169;92@0.395212,0.707335,0.436949,0.778116,0.926634;10@0.430964,0.23585,0.442781,0.525532,0.646494,0.856583,0.186011,0.750919,0.275124,0.96947,0.428255,0.27867;75@0.179652,0.710181,0.178938,0.311445,0.482737,0.944697,0.43136,0.776721,0.737751,0.949697;84@0.761871,0.55878,0.621665,0.205456,0.781397,0.475422,0.858927,0.472355,0.923906,0.425521,0.477529;82@0.368104;47@0.940355,0.335576,0.274459,0.957597,0.309587,0.874021,0.142144,0.746457,0.197119,0.699111,0.536934;9@0.458537,0.116264,0.165284,0.674704,0.019217,0.877393,0.203944,0.032737,0.293292,0.342117,0.158713;39@0.637805,0.680305,0.907822,0.950071,0.605796,0.794952,0.080304,0.881159,0.239767;88@0.179211,0.154448,0.81023,0.245381,0.366182,0.898924,0.547281;30@0.982691,0.396906,0.062793,0.752646,0.092109,0.18309,0.916325,0.001818,0.633154,0.66457|0|1762487393
I20251108 00:02:58.817913 139717798590272 data_text_parser.cc:116] beg_pos: 1452,end_pos: 3662
I20251108 00:02:58.817926 139717798590272 data_text_parser.cc:59] line: 47|102|1720@3587624701:0.893962;1185@368766769:0.481301;1587@2602605287:0.799445;1048@96343719:0.630007;1413@1789481928:0.516569;1472@3224956295:0.591509;1861@608184127:0.602708;1430@2172054387:0.589531;1384@1675573627:0.123075;1829@2833865659:0.406877;1635@2656478616:0.144006;1785@1923895442:0.660982;1712@686925405:0.393699;1116@1822072655:0.89648;1010@2908239012:0.433492;1371@620070242:0.003688;1381@3274738473:0.688624;1736@1371078034:0.277225;1206@643034679:0.232844;1202@2331149788:0.445211|67@0.600846,0.371815,0.340384,0.218513,0.690002,0.628854,0.23259,0.392805,0.253456,0.909158,0.739334;56@0.123549,0.848992,0.950935,0.067507,0.071698,0.382591,0.261278,0.59866,0.611438,0.978592,0.608172,0.293161;73@0.576874,0.472006;38@0.252488,0.655013,0.240075,0.253006,0.808996,0.986912,0.227998,0.133451,0.412586,0.042467;1@;14@0.979693,0.007584,0.632075,0.973986,0.490557,0.314956,0.070084,0.46825,0.077669;41@;32@0.932428,0.06951,0.032284,0.714991;70@0.781293,0.688309,0.591995,0.317097;43@0.670619,0.063979,0.629181,0.073889,0.064373,0.579954,0.50894,0.252692,0.424996,0.030033,0.595371;65@0.375986,0.909416,0.08639,0.488485;20@0.342945,0.625939,0.192534,0.725373;40@0.734851,0.236232,0.058178;100@0.053757;37@0.975198,0.633621,0.635752,0.35794,0.47146,0.220107,0.045981,0.995401,0.550438,0.095072,0.429575,0.586279,0.626927;27@0.972696,0.580317,0.146399,0.287512,0.486724,0.378715,0.249072;92@0.25879,0.538479,0.592051,0.077632,0.652428;10@0.5762,0.955659,0.662923,0.501586,0.608168,0.296779,0.860297,0.557948,0.710268,0.438374,0.281831,0.620729;75@0.363341,0.771205,0.840838,0.853403,0.942464,0.586034,0.531011,0.281615,0.100124,0.623498;84@0.567868,0.339418,0.060481,0.720452,0.100023,0.151932,0.828769,0.790835,0.645537,0.205729,0.23343;82@0.032939;47@0.195714,0.721942,0.86299,0.574767,0.140687,0.920537,0.934683,0.872535,0.711506,0.230507,0.90416;9@0.717639,0.085352,0.899523,0.49005,0.852687,0.898959,0.694426,0.233425,0.405812,0.689021,0.268896;39@0.753885,0.479794,0.050234,0.671913,0.892852,0.821071,0.064033,0.997199,0.031746;88@0.543305,0.450698,0.037194,0.302381,0.49624,0.029056,0.19101;30@0.241443,0.365726,0.713586,0.571046,0.58781,0.821722,0.967627,0.373873,0.230091,0.771223|1|1762487393
I20251108 00:02:58.817967 139717798590272 data_text_parser.cc:116] beg_pos: 3663,end_pos: 5871
I20251108 00:02:58.817979 139717798590272 data_text_parser.cc:59] line: 48|642|1720@1033684960:0.278053;1185@2830153143:0.873642;1587@3523361825:0.919899;1048@78107889:0.941461;1413@3004042184:0.449249;1472@3761328471:0.902057;1861@688049806:0.482919;1430@2355948384:0.963892;1384@1583317653:0.887309;1829@1694890323:0.604703;1635@2032414547:0.620084;1785@2277051903:0.91864;1712@949279284:0.704607;1116@650378123:0.127545;1010@776754695:0.236505;1371@4031300233:0.026261;1381@1100481293:0.74451;1736@161030575:0.597717;1206@2289991815:0.620901;1202@1068218375:0.563374|67@0.626274,0.004579,0.52324,0.953148,0.116805,0.034741,0.670829,0.138251,0.229224,0.242846,0.596084;56@0.155643,0.26457,0.08357,0.363578,0.587569,0.021151,0.344801,0.587893,0.323877,0.219237,0.863054,0.171259;73@0.665156,0.540456;38@0.409923,0.765205,0.510716,0.649849,0.980765,0.799553,0.161332,0.069832,0.759516,0.615041;1@;14@0.746093,0.456109,0.880001,0.173054,0.825391,0.298887,0.510519,0.457156,0.261406;41@;32@0.356808,0.672233,0.374119,0.746622;70@0.980014,0.613664,0.023889,0.813158;43@0.800855,0.737621,0.588933,0.228384,0.746829,0.238333,0.097663,0.060301,0.396083,0.998961,0.318405;65@0.023512,0.317786,0.939819,0.185447;20@0.232182,0.244547,0.685528,0.366279;40@0.063919,0.504646,0.978713;100@0.745321;37@0.816706,0.196566,0.896724,0.073866,0.287149,0.950154,0.863896,0.976491,0.750076,0.752491,0.852009,0.755085,0.682157;27@0.127295,0.259217,0.799318,0.619335,0.787521,0.920752,0.591957;92@0.816355,0.5944,0.481502,0.748824,0.153956;10@0.967516,0.235311,0.020797,0.485789,0.335711,0.781184,0.594382,0.327336,0.988935,0.477868,0.49314,0.687596;75@0.988737,0.336925,0.416529,0.710764,0.35099,0.474472,0.098125,0.774861,0.382453,0.119306;84@0.72766,0.237194,0.18955,0.910937,0.326399,0.092312,0.584293,0.828198,0.43221,0.341281,0.030982;82@0.560942;47@0.655411,0.130717,0.814553,0.83533,0.105488,0.082591,0.312299,0.111665,0.407834,0.46466,0.520327;9@0.353257,0.802527,0.896996,0.078551,0.340203,0.03352,0.663654,0.040775,0.355164,0.203397,0.953816;39@0.742982,0.502123,0.599839,0.918774,0.539303,0.956818,0.524586,0.323808,0.00766;88@0.254038,0.99934,0.776146,0.339051,0.452278,0.69041,0.665131;30@0.245212,0.089721,0.654845,0.636123,0.176026,0.564322,0.83315,0.60046,0.98385,0.660131|1|1762487393
I20251108 00:02:58.818010 139717798590272 data_text_parser.cc:116] beg_pos: 5872,end_pos: 8074
I20251108 00:02:58.818022 139717798590272 data_text_parser.cc:59] line: 49|550|1720@3879334907:0.232579;1185@3972783621:0.690892;1587@4275728169:0.880672;1048@1390866690:0.28136;1413@4133359770:0.951362;1472@185328820:0.448402;1861@2410042162:0.680804;1430@825892325:0.006663;1384@1484501647:0.644054;1829@145657224:0.41847;1635@3309634939:0.231197;1785@1873918344:0.31742;1712@2983268873:0.128448;1116@2308599284:0.49498;1010@2138265828:0.739204;1371@3971568421:0.642562;1381@2404755704:0.690017;1736@1516337617:0.950233;1206@1980731942:0.606675;1202@3921562811:0.916619|67@0.847767,0.121574,0.33009,0.701887,0.240241,0.392969,0.48945,0.989359,0.016159,0.209295,0.681081;56@0.787197,0.115561,0.754283,0.387049,0.599981,0.435294,0.309848,0.933319,0.607251,0.295085,0.04911,0.585853;73@0.263414,0.096013;38@0.61046,0.902965,0.176751,0.871246,0.632966,0.01607,0.811711,0.681373,0.571374,0.066715;1@;14@0.25244,0.657279,0.649495,0.604106,0.528548,0.122045,0.503446,0.231049,0.194166;41@;32@0.800225,0.92834,0.845084,0.04841;70@0.704045,0.070721,0.558022,0.632036;43@0.1509,0.40659,0.900554,0.455226,0.554179,0.3671,0.070888,0.229062,0.359817,0.32552,0.093888;65@0.384822,0.634334,0.558631,0.834868;20@0.428384,0.225055,0.289872,0.652196;40@0.003326,0.362602,0.348413;100@0.570669;37@0.263304,0.299442,0.555995,0.378752,0.45098,0.919534,0.846663,0.066839,0.60029,0.425457,0.539348,0.880504,0.88724;27@0.501906,0.734988,0.786662,0.337006,0.663979,0.831659,0.887422;92@0.557422,0.449709,0.619635,0.209601,0.123173;10@0.744704,0.754238,0.402185,0.262794,0.46187,0.45817,0.921432,0.433042,0.991266,0.975248,0.645032,0.577374;75@0.484278,0.399968,0.389189,0.098252,0.13934,0.821886,0.332616,0.49639,0.512921,0.74259;84@0.873567,0.380334,0.637132,0.450682,0.161937,0.310783,0.569368,0.254846,0.377408,0.218392,0.16086;82@0.738622;47@0.993659,0.92383,0.862753,0.407847,0.101519,0.337699,0.196422,0.483575,0.418834,0.293938,0.934096;9@0.89963,0.015052,0.189268,0.135051,0.326112,0.237623,0.707571,0.618442,0.408188,0.117312,0.730482;39@0.948754,0.130269,0.492229,0.20141,0.822624,0.572262,0.898635,0.974126,0.514887;88@0.26172,0.690697,0.022264,0.991633,0.989826,0.192825,0.799028;30@0.083325,0.038767,0.878181,0.258142,0.553965,0.475806,0.849625,0.997061,0.499327,0.318905|1|1762487393
I20251108 00:02:58.818064 139717798590272 data_text_parser.cc:116] beg_pos: 8075,end_pos: 10282
I20251108 00:02:58.818076 139717798590272 data_text_parser.cc:59] line: 50|257|1720@673277178:0.24429;1185@1300348889:0.475886;1587@857748984:0.745064;1048@4057282100:0.973058;1413@898323970:0.627596;1472@2496242448:0.928931;1861@163158778:0.451545;1430@421860369:0.480542;1384@3979433710:0.36582;1829@1980261478:0.956447;1635@3905087360:0.230683;1785@1973880266:0.852805;1712@3879334907:0.893686;1116@3322797446:0.305049;1010@2960533033:0.718828;1371@3212954474:0.775044;1381@1048917694:0.599412;1736@1795702859:0.015595;1206@1145516640:0.405782;1202@3756858040:0.459405|67@0.961151,0.519438,0.525702,0.068479,0.730012,0.447196,0.838831,0.439875,0.865635,0.504337,0.623095;56@0.935329,0.550719,0.585853,0.928867,0.401254,0.036237,0.54762,0.552457,0.005031,0.441171,0.329085,0.755806;73@0.812502,0.600673;38@0.606261,0.488791,0.650481,0.470415,0.070466,0.624361,0.214834,0.686901,0.423438,0.824655;1@;14@0.335512,0.82151,0.397114,0.466765,0.670201,0.591525,0.174748,0.811813,0.988699;41@;32@0.569809,0.595802,0.860638,0.379882;70@0.005526,0.643806,0.660775,0.625945;43@0.209158,0.168491,0.02066,0.306725,0.414723,0.596658,0.122997,0.737613,0.064262,0.384658,0.813842;65@0.989608,0.330333,0.545867,0.137941;20@0.420817,0.41029,0.97236,0.797441;40@0.764875,0.732257,0.592754;100@0.533978;37@0.905988,0.277911,0.833802,0.251363,0.596538,0.244906,0.849849,0.630934,0.463476,0.748504,0.901386,0.845155,0.210829;27@0.276785,0.059605,0.310133,0.36032,0.841826,0.446798,0.343586;92@0.399407,0.073216,0.96946,0.521536,0.577077;10@0.254444,0.112218,0.949079,0.685355,0.935952,0.409189,0.877045,0.464594,0.425451,0.680082,0.162169,0.901855;75@0.151804,0.481834,0.720593,0.264078,0.064916,0.416934,0.585536,0.668264,0.766501,0.176705;84@0.719256,0.481839,0.59819,0.990081,0.264609,0.45462,0.474736,0.394063,0.39024,0.472547,0.430174;82@0.131771;47@0.72052,0.576951,0.274395,0.779228,0.986801,0.96505,0.8382,0.610273,0.28835,0.450494,0.912765;9@0.724375,0.409742,0.202343,0.476946,0.325287,0.22267,0.934674,0.165581,0.212363,0.098841,0.963641;39@0.441981,0.395312,0.023923,0.082856,0.893776,0.458358,0.854549,0.5791,0.460693;88@0.410731,0.783261,0.82674,0.579201,0.54154,0.55151,0.730669;30@0.452107,0.26958,0.803467,0.281879,0.784871,0.071743,0.666756,0.513776,0.209814,0.532743|1|1762487393
I20251108 00:02:58.818107 139717798590272 data_text_parser.cc:116] beg_pos: 10283,end_pos: 12500
I20251108 00:02:58.818119 139717798590272 data_text_parser.cc:59] line: 51|938|1720@2580594547:0.036878;1185@1064242865:0.616808;1587@3718771250:0.235399;1048@2087326504:0.092693;1413@1716205797:0.734691;1472@2852206043:0.517891;1861@381562885:0.024772;1430@2727577861:0.172704;1384@3635101786:0.185909;1829@1608777393:0.010711;1635@3411006928:0.751994;1785@1387903188:0.026118;1712@5671226:0.956151;1116@2142841509:0.064348;1010@2236772131:0.500407;1371@3759963558:0.378166;1381@1062701749:0.872065;1736@3859501287:0.697355;1206@1579593833:0.772722;1202@3260758489:0.863772|67@0.223636,0.536347,0.982976,0.319598,0.656538,0.952759,0.266824,0.658987,0.567346,0.978915,0.997497;56@0.068547,0.76418,0.573513,0.343098,0.302672,0.033867,0.604344,0.868449,0.696749,0.223394,0.649039,0.70304;73@0.943802,0.134632;38@0.299695,0.265164,0.941278,0.172434,0.975096,0.519968,0.897692,0.288753,0.490537,0.323843;1@;14@0.213834,0.654896,0.370141,0.498828,0.412069,0.824429,0.094571,0.326805,0.209006;41@;32@0.437852,0.373234,0.186122,0.847593;70@0.534664,0.304601,0.084181,0.373386;43@0.872832,0.293372,0.180683,0.20522,0.875889,0.978937,0.482138,0.940601,0.413709,0.885573,0.859368;65@0.403419,0.07112,0.317273,0.208503;20@0.983366,0.688768,0.586754,0.552127;40@0.433712,0.810063,0.5453;100@0.688886;37@0.300571,0.014658,0.583277,0.245656,0.614004,0.320301,0.231447,0.591468,0.352019,0.373005,0.306369,0.267466,0.43081;27@0.730853,0.128369,0.395719,0.222128,0.908968,0.832534,0.186776;92@0.811043,0.666145,0.713281,0.370652,0.570626;10@0.201704,0.829589,0.84082,0.244762,0.367211,0.810913,0.474438,0.495681,0.461529,0.016044,0.676051,0.210241;75@0.944799,0.399446,0.529988,0.376058,0.771492,0.207369,0.297717,0.206746,0.266361,0.54385;84@0.597841,0.187011,0.405473,0.634653,0.903821,0.787174,0.103343,0.952492,0.44479,0.758115,0.880401;82@0.068424;47@0.867697,0.425667,0.864956,0.957566,0.106658,0.78818,0.844607,0.223122,0.445571,0.3462,0.359645;9@0.161189,0.851194,0.952064,0.595265,0.206324,0.243486,0.724528,0.485204,0.856142,0.380971,0.777712;39@0.006286,0.239917,0.448032,0.432947,0.750294,0.332714,0.065155,0.388125,0.616061;88@0.665247,0.83851,0.565325,0.888527,0.035937,0.939049,0.979033;30@0.773708,0.677758,0.474687,0.450935,0.520373,0.852305,0.83513,0.637775,0.644028,0.157597|1|1762487393
I20251108 00:02:58.818159 139717798590272 data_text_parser.cc:116] beg_pos: 12501,end_pos: 14708
I20251108 00:02:58.818172 139717798590272 data_text_parser.cc:59] line: 52|450|1720@4279565151:0.037285;1185@2279222632:0.021976;1587@3316256148:0.698192;1048@4225140661:0.705974;1413@1541879841:0.777021;1472@1509189613:0.478314;1861@2107932175:0.510375;1430@1491915420:0.919581;1384@83659260:0.762282;1829@62759765:0.49283;1635@3485510052:0.236984;1785@150483811:0.972862;1712@167848220:0.621716;1116@3995345750:0.579178;1010@21333744:0.18478;1371@1555409002:0.946455;1381@1554545137:0.313003;1736@3957192933:0.54633;1206@2309609678:0.306859;1202@3077170496:0.402766|67@0.775074,0.341999,0.925525,0.300461,0.022818,0.173674,0.939616,0.463281,0.538892,0.540946,0.035711;56@0.438132,0.216503,0.934611,0.319055,0.37881,0.134169,0.483468,0.663522,0.697855,0.495477,0.145061,0.281745;73@0.037595,0.964778;38@0.760121,0.346694,0.842007,0.429403,0.716468,0.976018,0.24066,0.845744,0.240377,0.132087;1@;14@0.435794,0.010155,0.663624,0.804243,0.783779,0.636907,0.538698,0.244614,0.16363;41@;32@0.348446,0.102988,0.078996,0.466227;70@0.041353,0.805484,0.078696,0.261294;43@0.435618,0.692764,0.716376,0.086115,0.23594,0.349207,0.947496,0.500326,0.874029,0.811955,0.55077;65@0.58074,0.029837,0.423277,0.141057;20@0.987719,0.793207,0.309997,0.277788;40@0.694416,0.711279,0.069081;100@0.109614;37@0.897525,0.365793,0.040413,0.208955,0.244441,0.85683,0.906169,0.552434,0.829096,0.025435,0.073326,0.55034,0.625781;27@0.598754,0.258235,0.109727,0.372281,0.632355,0.184523,0.169118;92@0.624724,0.306728,0.469145,0.294912,0.193861;10@0.367739,0.906857,0.598047,0.538775,0.772098,0.58875,0.446646,0.913191,0.130158,0.779387,0.036863,0.746744;75@0.366011,0.744591,0.488083,0.436672,0.513783,0.074627,0.673514,0.150318,0.008992,0.358648;84@0.52366,0.698301,0.832169,0.950161,0.927632,0.436402,0.046904,0.156059,0.16711,0.907531,0.138297;82@0.942899;47@0.294076,0.65203,0.929897,0.179838,0.313144,0.804877,0.152016,0.1137,0.066966,0.256921,0.685301;9@0.936325,0.520985,0.161339,0.330137,0.540734,0.972422,0.991601,0.834224,0.851823,0.52916,0.548349;39@0.292487,0.84894,0.925068,0.825879,0.079187,0.407303,0.310964,0.908802,0.406411;88@0.409835,0.574667,0.815623,0.158437,0.082498,0.663306,0.306284;30@0.8513,0.939834,0.539442,0.665714,0.052363,0.608438,0.584838,0.340491,0.566451,0.189824|1|1762487393
I20251108 00:02:58.818212 139717798590272 data_text_parser.cc:116] beg_pos: 14709,end_pos: 16911
I20251108 00:02:58.818224 139717798590272 data_text_parser.cc:59] line: 53|529|1720@925012268:0.782041;1185@202693671:0.401291;1587@3512942635:0.019428;1048@419311915:0.18746;1413@3402129934:0.868627;1472@1472678664:0.313412;1861@1048085987:0.408065;1430@1908961469:0.586942;1384@2889251410:0.2382;1829@1286711283:0.44989;1635@1726949214:0.462256;1785@2986342696:0.19351;1712@3292991922:0.100081;1116@1163845241:0.570607;1010@4019311736:0.197819;1371@3942798131:0.686766;1381@2621952473:0.855861;1736@3513716128:0.599221;1206@1368341382:0.850084;1202@453455511:0.822275|67@0.013095,0.264358,0.527597,0.999047,0.70138,0.338691,0.531719,0.430739,0.125044,0.757165,0.357785;56@0.691993,0.496016,0.304806,0.33801,0.080212,0.496319,0.251495,0.483849,0.808533,0.877868,0.865963,0.301227;73@0.793566,0.416141;38@0.561452,0.517341,0.791101,0.433275,0.158897,0.157059,0.795212,0.897347,0.712427,0.242547;1@;14@0.999,0.099062,0.753017,0.206747,0.366567,0.123043,0.247509,0.354541,0.318964;41@;32@0.338232,0.597478,0.14372,0.584505;70@0.915584,0.686794,0.388181,0.202706;43@0.095063,0.600977,0.361794,0.330001,0.33059,0.47656,0.944962,0.486449,0.049107,0.758596,0.834737;65@0.46648,0.757546,0.906693,0.58551;20@0.915845,0.637499,0.490414,0.971482;40@0.925282,0.992031,0.669831;100@0.323044;37@0.113892,0.696723,0.129037,0.202583,0.411576,0.83744,0.518279,0.414153,0.202044,0.619021,0.219358,0.550889,0.933136;27@0.162435,0.791552,0.953522,0.513067,0.264237,0.20808,0.422093;92@0.104237,0.132233,0.516529,0.781141,0.032977;10@0.217642,0.389222,0.920569,0.522557,0.669238,0.1872,0.628794,0.742219,0.661001,0.690423,0.513555,0.675342;75@0.644402,0.962014,0.544137,0.093819,0.333231,0.441961,0.332274,0.091513,0.786608,0.571409;84@0.886778,0.281115,0.473905,0.130651,0.98411,0.990423,0.905257,0.654726,0.642948,0.25533,0.004263;82@0.619081;47@0.901194,0.186643,0.372267,0.897255,0.708787,0.268774,0.137528,0.437617,0.477988,0.290746,0.148751;9@0.377637,0.708739,0.507795,0.854086,0.689859,0.232796,0.445912,0.076241,0.163833,0.969885,0.819969;39@0.103325,0.8711,0.960223,0.675343,0.646937,0.765021,0.751185,0.31493,0.715681;88@0.1616,0.167789,0.418041,0.778222,0.492451,0.17367,0.065761;30@0.059821,0.557236,0.453183,0.287706,0.4074,0.457756,0.172399,0.720153,0.78211,0.942224|1|1762487393
I20251108 00:02:58.818255 139717798590272 data_text_parser.cc:116] beg_pos: 16912,end_pos: 19123
I20251108 00:02:58.818266 139717798590272 data_text_parser.cc:59] line: 54|139|1720@499871339:0.565699;1185@4121368076:0.17789;1587@1105229336:0.191482;1048@723594039:0.032395;1413@2575210767:0.690176;1472@1809496224:0.622681;1861@816816699:0.863357;1430@2185353070:0.072067;1384@3434481712:0.568713;1829@295430133:0.046349;1635@3467400421:0.230133;1785@3398179400:0.68123;1712@329295526:0.413053;1116@4167425059:0.388041;1010@3840014314:0.831219;1371@540103418:0.224715;1381@4053889044:0.163348;1736@4169894103:0.68445;1206@1724133950:0.671021;1202@2202997065:0.48831|67@0.055188,0.049168,0.807618,0.023728,0.507124,0.822407,0.571139,0.177007,0.049167,0.517066,0.262093;56@0.144732,0.00962,0.477322,0.734011,0.557126,0.689549,0.474099,0.868839,0.619257,0.710882,0.623232,0.769234;73@0.501309,0.762191;38@0.948638,0.308132,0.430102,0.19231,0.387576,0.453771,0.502092,0.75492,0.315592,0.694291;1@;14@0.341378,0.786697,0.249053,0.217615,0.395185,0.510091,0.406888,0.353489,0.773689;41@;32@0.861389,0.199456,0.236379,0.786704;70@0.64051,0.60056,0.928008,0.143446;43@0.430636,0.716238,0.958025,0.155309,0.928362,0.116533,0.018772,0.184216,0.655036,0.481319,0.537829;65@0.977689,0.251108,0.580777,0.624513;20@0.316241,0.171105,0.435902,0.814798;40@0.195886,0.281146,0.454349;100@0.48038;37@0.997705,0.98187,0.559925,0.150159,0.322483,0.109917,0.605819,0.796011,0.663935,0.924769,0.375622,0.792781,0.481435;27@0.645514,0.864704,0.529904,0.619648,0.299511,0.838197,0.284982;92@0.438805,0.43326,0.592514,0.069173,0.284353;10@0.398288,0.75037,0.732477,0.205513,0.276597,0.73711,0.396252,0.68343,0.224813,0.111824,0.157601,0.725684;75@0.908993,0.152199,0.087231,0.270901,0.914495,0.739825,0.381344,0.182416,0.910263,0.810019;84@0.351277,0.790717,0.116239,0.63123,0.159295,0.846427,0.010094,0.658323,0.578134,0.003597,0.949172;82@0.254141;47@0.554431,0.694394,0.250837,0.405664,0.023355,0.149537,0.260245,0.780021,0.686026,0.558869,0.970771;9@0.048878,0.306007,0.179748,0.709584,0.643285,0.159511,0.029479,0.630231,0.65313,0.215816,0.532517;39@0.373108,0.556623,0.778355,0.27164,0.301424,0.566698,0.593096,0.884297,0.619296;88@0.792518,0.236478,0.220938,0.030031,0.58935,0.208091,0.442785;30@0.408646,0.271482,0.639666,0.104563,0.864188,0.934249,0.673425,0.210157,0.576001,0.216441|0|1762487393
I20251108 00:02:58.818300 139717798590272 data_text_parser.cc:116] beg_pos: 19124,end_pos: 20480
I20251108 00:02:58.818551 139717798590272 data_text_parser.cc:101] get chunk buffer, size: 20480
I20251108 00:02:58.818569 139717798590272 data_text_parser.cc:116] beg_pos: 0,end_pos: 853
I20251108 00:02:58.818576 139717798590272 data_text_parser.cc:61] buffer line: 55|641|1720@1958022302:0.465463;1185@2617262799:0.480843;1587@2577126088:0.691084;1048@2999563653:0.757347;1413@3524803887:0.081115;1472@1539997842:0.393005;1861@3385482614:0.721644;1430@3374268904:0.757846;1384@2566590045:0.16315;1829@915166061:0.229912;1635@2842397146:0.829517;1785@2237013582:0.211976;1712@2327515147:0.774307;1116@3768689790:0.082852;1010@1860918631:0.112364;1371@296375594:0.72423;1381@2777480992:0.728339;1736@3666430320:0.359709;1206@3061156679:0.456732;1202@1823500884:0.387828|67@0.620349,0.759142,0.872525,0.038332,0.075335,0.231813,0.212273,0.771491,0.491454,0.850124,0.811611;56@0.884089,0.093225,0.079941,0.100441,0.335128,0.791185,0.804089,0.546103,0.872553,0.743424,0.852809,0.987064;73@0.026706,0.947806;38@0.195718,0.721883,0.005223,0.759058,0.396192,0.04633,0.898002,0.462553,0.722281,0.862231;1@;14@0.584431,0.313578,0.018472,0.480283,0.608209,0.924851,0.144006,0.761907,0.10191;41@;32@0.733356,0.420447,0.27865,0.706956;70@0.951973,0.341038,0.083954,0.942203;43@0.81063,0.885052,0.519899,0.581894,0.089525,0.571752,0.954315,0.283264,0.654074,0.411589,0.110503;65@0.198605,0.475732,0.383915,0.583685;20@0.292121,0.474562,0.055284,0.338165;40@0.35269,0.706366,0.696875;100@0.204072;37@0.790753,0.628174,0.806854,0.74524,0.019719,0.610224,0.817612,0.675887,0.483524,0.218611,0.384656,0.243927,0.512162;27@0.394008,0.287289,0.721922,0.2268,0.557681,0.752126,0.27929;92@0.977152,0.822726,0.474667,0.426536,0.480501;10@0.085533,0.025385,0.277961,0.439717,0.396163,0.775537,0.320676,0.670557,0.253328,0.637745,0.572873,0.794378;75@0.712679,0.265021,0.644616,0.859274,0.753086,0.205271,0.53673,0.312709,0.672472,0.997211;84@0.968976,0.941662,0.196749,0.735505,0.609954,0.026625,0.613009,0.526428,0.097555,0.727153,0.073609;82@0.320419;47@0.379844,0.533,0.643981,0.849585,0.44711,0.900296,0.515944,0.731007,0.76813,0.791508,0.102288;9@0.633596,0.377362,0.420062,0.654949,0.351584,0.30689,0.125589,0.750432,0.988438,0.130698,0.620352;39@0.69719,0.872316,0.289444,0.335078,0.48433,0.66034,0.734801,0.755277,0.031838;88@0.786496,0.03583,0.030404,0.961412,0.967166,0.042841,0.52371;30@0.100686,0.804095,0.550744,0.80448,0.790304,0.74982,0.565657,0.291603,0.443738,0.494777|0|1762487393
I20251108 00:02:58.818607 139717798590272 data_text_parser.cc:116] beg_pos: 854,end_pos: 3071
I20251108 00:02:58.818619 139717798590272 data_text_parser.cc:59] line: 56|309|1720@1039127057:0.488634;1185@2127204759:0.937742;1587@2326465360:0.274254;1048@578679614:0.527054;1413@517867517:0.740048;1472@403066621:0.074065;1861@2358142063:0.833321;1430@2516282628:0.970885;1384@2599541439:0.983334;1829@4115657955:0.412603;1635@1786678458:0.721114;1785@1949163340:0.702294;1712@666972945:0.415613;1116@1255533718:0.178346;1010@3690517979:0.151226;1371@2496924060:0.196862;1381@3272404660:0.962278;1736@3427311575:0.870542;1206@2719414406:0.461127;1202@1066815972:0.52568|67@0.374324,0.634268,0.360321,0.205519,0.145633,0.100559,0.456193,0.914083,0.411911,0.860227,0.994073;56@0.997088,0.991878,0.917626,0.634905,0.036702,0.825437,0.254572,0.223663,0.296319,0.532538,0.887888,0.178933;73@0.289677,0.410072;38@0.117739,0.228046,0.478988,0.877402,0.731325,0.479791,0.561426,0.519895,0.203221,0.561558;1@;14@0.350822,0.510919,0.659818,0.712204,0.547945,0.498463,0.768786,0.465121,0.085672;41@;32@0.97496,0.564969,0.482767,0.412729;70@0.159669,0.958155,0.518463,0.888797;43@0.681498,0.863196,0.59377,0.086916,0.299202,0.223563,0.268052,0.387878,0.84305,0.746425,0.327123;65@0.083797,0.21889,0.971687,0.489368;20@0.486398,0.301337,0.573581,0.258736;40@0.844529,0.661447,0.664405;100@0.672661;37@0.644782,0.737931,0.556612,0.786802,0.219481,0.597135,0.981266,0.468277,0.380833,0.312775,0.939113,0.496526,0.481956;27@0.798875,0.983652,0.413166,0.659931,0.444634,0.006329,0.584062;92@0.504519,0.382116,0.599048,0.37859,0.281563;10@0.720493,0.899934,0.581393,0.138251,0.623229,0.645696,0.755305,0.926374,0.242175,0.848142,0.19445,0.708358;75@0.541272,0.629365,0.546754,0.623226,0.186578,0.638794,0.082619,0.694083,0.822896,0.118381;84@0.873151,0.761041,0.321606,0.553924,0.221971,0.021465,0.050771,0.994691,0.49609,0.371152,0.541602;82@0.615125;47@0.84586,0.769632,0.646693,0.311458,0.442901,0.377723,0.969901,0.314998,0.448727,0.25325,0.605697;9@0.198046,0.548163,0.067867,0.9626,0.657403,0.321687,0.324442,0.563563,0.476832,0.354103,0.676213;39@0.256766,0.63689,0.591041,0.029258,0.365037,0.451512,0.068013,0.566586,0.761112;88@0.170798,0.318552,0.270773,0.59172,0.163622,0.154038,0.612667;30@0.129219,0.05936,0.658284,0.873564,0.920003,0.781338,0.553573,0.321434,0.819154,0.115689|1|1762487393
I20251108 00:02:58.818660 139717798590272 data_text_parser.cc:116] beg_pos: 3072,end_pos: 5282
I20251108 00:02:58.818673 139717798590272 data_text_parser.cc:59] line: 57|575|1720@2177929096:0.799681;1185@1980740801:0.86963;1587@313400775:0.688568;1048@3997196514:0.086842;1413@3445057992:0.528588;1472@1954009903:0.458734;1861@4048099734:0.533334;1430@2650233984:0.238498;1384@1877188715:0.509924;1829@2767720384:0.149447;1635@3182106073:0.626803;1785@1907735307:0.332794;1712@2253179642:0.310577;1116@3511310264:0.304904;1010@196364462:0.470145;1371@576293302:0.885348;1381@3430323071:0.438408;1736@1764199323:0.930476;1206@4067164996:0.615722;1202@3945266479:0.75691|67@0.131351,0.85274,0.490339,0.145043,0.560337,0.117122,0.410236,0.150013,0.046592,0.86934,0.515002;56@0.554512,0.685345,0.121504,0.847478,0.827902,0.248137,0.265848,0.480143,0.632386,0.501912,0.527752,0.543603;73@0.647095,0.712392;38@0.547156,0.886524,0.985693,0.095806,0.714049,0.085636,0.479947,0.535609,0.959904,0.669514;1@;14@0.714651,0.877233,0.501794,0.689817,0.636266,0.39393,0.787581,0.252269,0.881323;41@;32@0.964346,0.69909,0.903894,0.385318;70@0.241517,0.780485,0.102746,0.491017;43@0.173769,0.47099,0.594201,0.99653,0.222355,0.267528,0.554832,0.717442,0.34497,0.874456,0.339631;65@0.031198,0.42531,0.117836,0.235582;20@0.045068,0.049098,0.597211,0.96542;40@0.674361,0.081902,0.897911;100@0.702591;37@0.499558,0.671682,0.680438,0.31503,0.027954,0.458774,0.064871,0.688795,0.301134,0.177509,0.726575,0.454229,0.111663;27@0.144333,0.744774,0.084297,0.142807,0.038372,0.453069,0.487877;92@0.673798,0.428668,0.317343,0.776494,0.063206;10@0.270712,0.381285,0.493258,0.685086,0.728301,0.70855,0.640345,0.887581,0.050638,0.511617,0.751596,0.461147;75@0.820087,0.94078,0.62104,0.556065,0.063401,0.422417,0.829113,0.075602,0.821966,0.496554;84@0.299817,0.874449,0.332989,0.826139,0.021949,0.214901,0.903651,0.429986,0.159343,0.261369,0.300506;82@0.933521;47@0.338013,0.813555,0.330038,0.835089,0.756927,0.535442,0.239896,0.454449,0.257846,0.313892,0.947124;9@0.749468,0.978281,0.733572,0.756479,0.092968,0.32042,0.61945,0.870652,0.825237,0.574573,0.078186;39@0.33107,0.082277,0.1178,0.673706,0.334614,0.260813,0.730902,0.410203,0.716505;88@0.979602,0.521846,0.318605,0.540653,0.200214,0.892315,0.757415;30@0.906016,0.560399,0.97266,0.345105,0.674718,0.57972,0.896828,0.28512,0.969339,0.982919|1|1762487393
I20251108 00:02:58.818704 139717798590272 data_text_parser.cc:116] beg_pos: 5283,end_pos: 7485
I20251108 00:02:58.818725 139717798590272 data_text_parser.cc:59] line: 58|508|1720@3429798579:0.757706;1185@3540448757:0.117288;1587@1098882794:0.771286;1048@789350170:0.057888;1413@380287120:0.631072;1472@1664219714:0.251955;1861@3721848540:0.53102;1430@2743136679:0.477049;1384@3767538507:0.968744;1829@1625354506:0.860035;1635@764810500:0.144357;1785@3959192267:0.240869;1712@2879318771:0.799068;1116@1734373389:0.977627;1010@1312869044:0.408827;1371@186651924:0.387608;1381@1628605817:0.277738;1736@1230717493:0.295882;1206@1206716207:0.067376;1202@2248604969:0.092168|67@0.66217,0.361847,0.896175,0.975031,0.996602,0.99481,0.610987,0.636779,0.809297,0.116537,0.251216;56@0.282142,0.302073,0.796321,0.544924,0.988507,0.090471,0.882043,0.915656,0.540926,0.913857,0.590488,0.021052;73@0.829344,0.594825;38@0.57385,0.641969,0.427436,0.845386,0.369331,0.198927,0.167079,0.830387,0.80302,0.811606;1@;14@0.657622,0.778633,0.283075,0.864055,0.216699,0.964678,0.1061,0.010309,0.615509;41@;32@0.246697,0.739175,0.710208,0.146861;70@0.718472,0.310229,0.047745,0.388077;43@0.736786,0.532524,0.653941,0.05548,0.038961,0.099309,0.6192,0.67484,0.642786,0.146484,0.300495;65@0.729273,0.991226,0.843528,0.039312;20@0.219531,0.43873,0.932053,0.881148;40@0.974611,0.432409,0.595173;100@0.810466;37@0.147045,0.547449,0.735604,0.227248,0.929341,0.314104,0.172477,0.707353,0.13747,0.511594,0.306403,0.121161,0.417709;27@0.923743,0.393684,0.131186,0.890431,0.00017,0.207497,0.987708;92@0.71707,0.383568,0.47099,0.975504,0.090876;10@0.854835,0.435126,0.908775,0.48671,0.667401,0.0193,0.88745,0.025401,0.542349,0.273084,0.992628,0.907293;75@0.607637,0.900244,0.758415,0.311931,0.905259,0.894007,0.162614,0.750664,0.239338,0.151582;84@0.159431,0.717421,0.312077,0.924118,0.898473,0.571106,0.416151,0.70815,0.903266,0.085907,0.835585;82@0.345273;47@0.896237,0.079485,0.682032,0.4109,0.801687,0.782617,0.467148,0.694378,0.34798,0.08905,0.187341;9@0.252639,0.877586,0.209398,0.349637,0.498093,0.993533,0.253049,0.587092,0.548667,0.265609,0.303789;39@0.41092,0.053446,0.564224,0.78093,0.31819,0.191888,0.453634,0.901168,0.2497;88@0.191185,0.579999,0.495669,0.041578,0.886069,0.753144,0.566864;30@0.549152,0.531298,0.608172,0.395719,0.084766,0.153269,0.893629,0.763877,0.099056,0.876386|1|1762487393
I20251108 00:02:58.818760 139717798590272 data_text_parser.cc:116] beg_pos: 7486,end_pos: 9700
I20251108 00:02:58.818773 139717798590272 data_text_parser.cc:59] line: 59|862|1720@3717807030:0.980543;1185@2157448074:0.290389;1587@2140105380:0.411343;1048@3891754057:0.056455;1413@2739906793:0.007186;1472@495801860:0.597531;1861@1379361863:0.452057;1430@1392253259:0.104397;1384@3979954075:0.348413;1829@3613350856:0.119681;1635@4018580633:0.749366;1785@1509411018:0.807678;1712@1761429488:0.966725;1116@2717318236:0.323817;1010@1135183227:0.092134;1371@3822977962:0.87266;1381@1467441894:0.336402;1736@663576148:0.451935;1206@3192639437:0.566092;1202@3887564545:0.441976|67@0.851165,0.946246,0.389087,0.674814,0.842814,0.959658,0.745212,0.65427,0.863463,0.361741,0.449756;56@0.982207,0.623649,0.303109,0.555191,0.607299,0.122251,0.691436,0.996274,0.115262,0.183245,0.725182,0.712347;73@0.932185,0.059085;38@0.496107,0.567153,0.491069,0.601407,0.393011,0.340366,0.298569,0.252585,0.993752,0.447947;1@;14@0.970221,0.939227,0.751462,0.324382,0.780425,0.089736,0.657231,0.989557,0.757072;41@;32@0.328084,0.58674,0.776806,0.145011;70@0.169104,0.728968,0.276317,0.506826;43@0.363702,0.898763,0.624954,0.722821,0.280022,0.356259,0.663079,0.309982,0.824496,0.032499,0.844363;65@0.403047,0.153765,0.557284,0.993391;20@0.810623,0.810226,0.087487,0.969297;40@0.89214,0.993519,0.996325;100@0.161254;37@0.710401,0.829689,0.58689,0.092184,0.847217,0.876172,0.117002,0.228071,0.175699,0.239628,0.828187,0.241182,0.292805;27@0.4375,0.665938,0.565224,0.413843,0.705052,0.254314,0.984713;92@0.856406,0.043844,0.31808,0.243274,0.052261;10@0.93514,0.885048,0.824508,0.075167,0.956386,0.953275,0.692417,0.859162,0.82661,0.075924,0.974123,0.401557;75@0.455724,0.405631,0.920745,0.015805,0.206526,0.655975,0.237105,0.085206,0.327058,0.042774;84@0.160139,0.959349,0.609686,0.445096,0.567918,0.779516,0.625465,0.965124,0.81791,0.676223,0.233641;82@0.700091;47@0.87379,0.038239,0.148749,0.965238,0.1227,0.627681,0.959585,0.33297,0.172462,0.416485,0.796064;9@0.157941,0.874212,0.959906,0.40826,0.15969,0.030996,0.568366,0.226743,0.395715,0.378294,0.752747;39@0.043819,0.155893,0.44486,0.936627,0.863804,0.706049,0.951019,0.507612,0.823005;88@0.851842,0.049747,0.087582,0.175787,0.268945,0.231445,0.745041;30@0.577515,0.02695,0.767163,0.830005,0.402622,0.328642,0.964041,0.646212,0.11547,0.408146|0|1762487393
I20251108 00:02:58.818813 139717798590272 data_text_parser.cc:116] beg_pos: 9701,end_pos: 11902
I20251108 00:02:58.818826 139717798590272 data_text_parser.cc:59] line: 60|28|1720@3404377442:0.19392;1185@2613446593:0.823508;1587@3860898106:0.387713;1048@1774714930:0.661313;1413@2556601479:0.766638;1472@2885907784:0.386421;1861@1472678664:0.421396;1430@3919063470:0.440436;1384@1605774988:0.377014;1829@2017836771:0.79221;1635@61363208:0.360188;1785@4133359770:0.805001;1712@331785472:0.614456;1116@624584858:0.196366;1010@3841748820:0.759332;1371@150483811:0.652068;1381@840897223:0.064191;1736@3707076228:0.066217;1206@2092900100:0.823177;1202@1782315011:0.244746|67@0.271503,0.71133,0.458144,0.051441,0.708615,0.598386,0.443096,0.714076,0.074982,0.13297,0.449771;56@0.092703,0.309113,0.15684,0.398249,0.65391,0.950084,0.50209,0.800112,0.726839,0.203591,0.925108,0.709762;73@0.383468,0.287076;38@0.858695,0.052756,0.469855,0.296191,0.279284,0.019462,0.078762,0.169016,0.173533,0.26131;1@;14@0.021279,0.964686,0.312094,0.629789,0.879672,0.337006,0.456861,0.993765,0.861016;41@;32@0.291187,0.307695,0.343552,0.19416;70@0.049901,0.192046,0.926365,0.985999;43@0.042659,0.421975,0.96358,0.663585,0.720811,0.555364,0.366538,0.376609,0.961422,0.470854,0.830052;65@0.496766,0.116632,0.623268,0.022945;20@0.606332,0.355713,0.851555,0.127533;40@0.327585,0.483005,0.943421;100@0.78791;37@0.154737,0.223266,0.64671,0.643998,0.59033,0.2962,0.168675,0.91196,0.198032,0.186725,0.188534,0.882028,0.148016;27@0.002217,0.774388,0.612874,0.367751,0.659518,0.659553,0.009046;92@0.947962,0.621399,0.695549,0.972149,0.814771;10@0.603749,0.608607,0.570209,0.039305,0.62657,0.390279,0.208718,0.515318,0.633826,0.231384,0.025388,0.224952;75@0.960169,0.309295,0.680097,0.308802,0.485322,0.105981,0.74275,0.410455,0.38218,0.621247;84@0.119948,0.750843,0.514349,0.03048,0.548425,0.839547,0.716458,0.477755,0.71809,0.06955,0.421873;82@0.239798;47@0.612051,0.77107,0.673911,0.023477,0.703066,0.207954,0.132023,0.988183,0.005741,0.947377,0.628392;9@0.199964,0.276017,0.612343,0.791814,0.599601,0.920924,0.669621,0.361864,0.793419,0.577818,0.592845;39@0.345205,0.80178,0.743844,0.776069,0.188029,0.061687,0.269382,0.502341,0.315082;88@0.81951,0.259791,0.277517,0.370542,0.69668,0.310431,0.84965;30@0.994999,0.218071,0.435823,0.656724,0.669276,0.649688,0.932229,0.87755,0.690057,0.960634|0|1762487393
I20251108 00:02:58.818857 139717798590272 data_text_parser.cc:116] beg_pos: 11903,end_pos: 14120
I20251108 00:02:58.818869 139717798590272 data_text_parser.cc:59] line: 61|431|1720@2222448467:0.807814;1185@3785177769:0.253103;1587@3181555759:0.986039;1048@208645733:0.944508;1413@3211309403:0.775626;1472@928759265:0.066553;1861@2442551893:0.456785;1430@2168068331:0.127468;1384@918883628:0.690295;1829@2031219099:0.406358;1635@1734091497:0.259106;1785@1450270850:0.752102;1712@3957958353:0.789437;1116@2750461754:0.867521;1010@4056313117:0.872673;1371@2722946377:0.434694;1381@1449120919:0.348989;1736@1716346437:0.103384;1206@4167425059:0.944459;1202@323722718:0.434359|67@0.9245,0.124423,0.440077,0.921502,0.139505,0.203362,0.038423,0.322394,0.436257,0.331181,0.333743;56@0.276771,0.815586,0.655639,0.23903,0.013902,0.284212,0.658482,0.85872,0.666278,0.667075,0.952973,0.669265;73@0.807709,0.59324;38@0.139083,0.390081,0.480776,0.72908,0.083897,0.218572,0.485571,0.544306,0.148726,0.840656;1@;14@0.243508,0.094575,0.207729,0.607399,0.131986,0.008846,0.844689,0.873832,0.40178;41@;32@0.460492,0.083754,0.232913,0.006653;70@0.041853,0.055658,0.808921,0.794423;43@0.603689,0.819585,0.268529,0.509506,0.022501,0.06325,0.695931,0.879739,0.173403,0.228093,0.589674;65@0.317256,0.47499,0.860069,0.168548;20@0.05596,0.576142,0.877932,0.084885;40@0.52029,0.330953,0.543101;100@0.925899;37@0.486169,0.446455,0.962031,0.107081,0.173064,0.009305,0.863472,0.812407,0.236758,0.406179,0.575119,0.383532,0.33648;27@0.754317,0.287298,0.894976,0.037739,0.706764,0.700442,0.948301;92@0.061356,0.233833,0.364637,0.268188,0.001785;10@0.891054,0.518295,0.521015,0.272908,0.950663,0.585274,0.040087,0.389801,0.851436,0.710978,0.023869,0.939901;75@0.500045,0.830289,0.917183,0.314096,0.748888,0.144358,0.677014,0.122746,0.430791,0.293427;84@0.25214,0.183988,0.779575,0.521179,0.214042,0.524002,0.697249,0.436936,0.612762,0.96023,0.062762;82@0.012293;47@0.478545,0.138939,0.806958,0.781886,0.651762,0.565537,0.618738,0.536388,0.513481,0.526883,0.098131;9@0.093727,0.200119,0.265753,0.829231,0.014586,0.123373,0.980942,0.674199,0.413076,0.349472,0.879854;39@0.12815,0.868503,0.821355,0.877869,0.724501,0.617318,0.631125,0.358006,0.288556;88@0.768085,0.485145,0.219758,0.972456,0.505552,0.694549,0.050768;30@0.131815,0.097912,0.000484,0.490121,0.451783,0.479065,0.065313,0.826179,0.965573,0.490588|0|1762487393
I20251108 00:02:58.818911 139717798590272 data_text_parser.cc:116] beg_pos: 14121,end_pos: 16317
I20251108 00:02:58.818923 139717798590272 data_text_parser.cc:59] line: 62|975|1720@3466613824:0.646849;1185@512744245:0.825658;1587@3256410415:0.425035;1048@3189904839:0.039973;1413@100718116:0.422087;1472@993529788:0.967724;1861@2084493681:0.424528;1430@2675368648:0.323888;1384@1619230349:0.771594;1829@1714689574:0.390295;1635@1659947280:0.289703;1785@2281227683:0.655796;1712@1749003215:0.871818;1116@460328114:0.956734;1010@2675086765:0.130497;1371@2111969221:0.333626;1381@2119185217:0.194134;1736@2650833795:0.201938;1206@1711219647:0.41372;1202@688049806:0.246963|67@0.625341,0.612946,0.675037,0.607396,0.866693,0.56668,0.197093,0.70152,0.850332,0.401163,0.847919;56@0.557908,0.34582,0.70328,0.592561,0.655586,0.849675,0.303625,0.458734,0.81706,0.299871,0.719906,0.35737;73@0.481489,0.284531;38@0.3149,0.519329,0.719519,0.830656,0.564583,0.231098,0.767587,0.249337,0.98303,0.223682;1@;14@0.588921,0.193966,0.286671,0.578252,0.747888,0.586873,0.721949,0.296238,0.903004;41@;32@0.39085,0.553915,0.350575,0.155223;70@0.656693,0.413727,0.563466,0.454738;43@0.450991,0.438956,0.076098,0.900983,0.685736,0.504459,0.158318,0.52946,0.053696,0.836999,0.339273;65@0.3614,0.952543,0.767758,0.09852;20@0.702062,0.87673,0.390951,0.446485;40@0.186823,0.692616,0.088665;100@0.390831;37@0.619547,0.508487,0.203846,0.041455,0.590359,0.174186,0.18282,0.541512,0.986121,0.135172,0.665462,0.944103,0.633149;27@0.547549,0.020898,0.18739,0.87814,0.151986,0.138356,0.643073;92@0.106957,0.65297,0.529678,0.24688,0.821885;10@0.353386,0.64449,0.919022,0.991188,0.203218,0.998795,0.198344,0.244653,0.615052,0.135687,0.199763,0.323656;75@0.318337,0.425495,0.7,0.53242,0.368709,0.36296,0.073644,0.242454,0.490162,0.995855;84@0.683873,0.423053,0.558476,0.952414,0.868211,0.133647,0.202823,0.938419,0.341801,0.025584,0.409912;82@0.96194;47@0.088477,0.592243,0.738649,0.8919,0.43349,0.066854,0.705962,0.359016,0.061103,0.501498,0.876446;9@0.763997,0.023359,0.875392,0.666117,0.323022,0.962299,0.039699,0.542451,0.195845,0.19793,0.533793;39@0.520509,0.684705,0.925875,0.614415,0.589057,0.558263,0.02574,0.986485,0.966394;88@0.358662,0.050818,0.811988,0.761065,0.253564,0.887497,0.255977;30@0.682153,0.555943,0.099784,0.554347,0.319327,0.168792,0.832397,0.950183,0.554913,0.129564|1|1762487393
I20251108 00:02:58.818954 139717798590272 data_text_parser.cc:116] beg_pos: 16318,end_pos: 18528
I20251108 00:02:58.818966 139717798590272 data_text_parser.cc:59] line: 63|549|1720@547791995:0.997466;1185@3992361065:0.615634;1587@179682573:0.359454;1048@4113217689:0.371301;1413@3492239244:0.154246;1472@3926842291:0.904043;1861@11673887:0.094074;1430@1823286622:0.121458;1384@235529170:0.516954;1829@2074214346:0.999252;1635@464268646:0.299131;1785@2791652003:0.212623;1712@1397461639:0.746955;1116@4015616577:0.945666;1010@2411826322:0.528231;1371@1507481459:0.233349;1381@2096430730:0.791329;1736@2695226427:0.779656;1206@920581363:0.424681;1202@1883455191:0.873577|67@0.951079,0.151895,0.309861,0.012431,0.131849,0.218458,0.0299,0.175805,0.829283,0.753687,0.581035;56@0.253474,0.296784,0.010852,0.622024,0.970371,0.619671,0.258471,0.53621,0.985853,0.233265,0.977904,0.153949;73@0.241424,0.635112;38@0.780274,0.886753,0.76554,0.747836,0.100233,0.559183,0.027855,0.404022,0.634998,0.147549;1@;14@0.309245,0.600518,0.474066,0.57234,0.184059,0.472096,0.735256,0.414257,0.484539;41@;32@0.811878,0.371819,0.849878,0.086925;70@0.081774,0.673491,0.943085,0.082098;43@0.171448,0.511037,0.862606,0.504385,0.673355,0.151081,0.624795,0.366623,0.340871,0.175795,0.757963;65@0.149799,0.425722,0.060914,0.475482;20@0.669658,0.863843,0.007743,0.16434;40@0.249007,0.967964,0.445895;100@0.628875;37@0.687337,0.315266,0.541775,0.089036,0.649747,0.744945,0.536132,0.778088,0.669186,0.100258,0.470056,0.591951,0.392309;27@0.016174,0.901626,0.329962,0.184611,0.133495,0.130542,0.677087;92@0.467696,0.078368,0.392569,0.160078,0.098806;10@0.137996,0.070156,0.394504,0.806721,0.891788,0.854831,0.336026,0.054602,0.155451,0.304226,0.572823,0.753605;75@0.488353,0.562651,0.349665,0.382956,0.63841,0.198894,0.29384,0.367737,0.412472,0.87528;84@0.737621,0.522611,0.980474,0.923313,0.76261,0.4178,0.491941,0.483486,0.297867,0.723191,0.405118;82@0.893771;47@0.2165,0.171819,0.392551,0.351501,0.26307,0.660944,0.574457,0.276767,0.480079,0.306203,0.743073;9@0.256406,0.312356,0.949815,0.309897,0.869065,0.427987,0.372934,0.96099,0.89316,0.588613,0.785357;39@0.032878,0.665641,0.225808,0.36696,0.301288,0.707351,0.635463,0.382427,0.444724;88@0.110425,0.856693,0.706372,0.287794,0.691745,0.364567,0.012533;30@0.192004,0.34454,0.740853,0.687943,0.281828,0.519164,0.333691,0.469452,0.401972,0.435071|1|1762487393
I20251108 00:02:58.819005 139717798590272 data_text_parser.cc:116] beg_pos: 18529,end_pos: 20480
I20251108 00:02:58.819255 139717798590272 data_text_parser.cc:101] get chunk buffer, size: 20480
I20251108 00:02:58.819269 139717798590272 data_text_parser.cc:116] beg_pos: 0,end_pos: 243
I20251108 00:02:58.819276 139717798590272 data_text_parser.cc:61] buffer line: 64|204|1720@492720313:0.974835;1185@2580594547:0.05006;1587@2307806114:0.230989;1048@4010989558:0.70721;1413@646576759:0.157084;1472@1960082246:0.807659;1861@4258656998:0.827957;1430@1272261200:0.098633;1384@3116603684:0.4525;1829@1539997842:0.27073;1635@2379433274:0.686424;1785@3015492402:0.942401;1712@759880554:0.258649;1116@1862195:0.239562;1010@3190777116:0.851405;1371@34414951:0.521998;1381@1839710590:0.746001;1736@3886162612:0.420335;1206@299020005:0.099071;1202@2246186805:0.2299|67@0.036805,0.939456,0.286396,0.382545,0.756669,0.883834,0.435334,0.264058,0.660622,0.381583,0.883535;56@0.617557,0.882914,0.33008,0.509086,0.268615,0.039586,0.55519,0.442773,0.440852,0.846788,0.705004,0.833906;73@0.514053,0.50222;38@0.28568,0.77491,0.875026,0.202752,0.840265,0.152274,0.360961,0.552522,0.236289,0.082583;1@;14@0.146945,0.868151,0.235668,0.836005,0.245743,0.762781,0.267241,0.96617,0.183345;41@;32@0.252406,0.022084,0.863394,0.869122;70@0.338565,0.168029,0.155289,0.255474;43@0.62152,0.163626,0.53017,0.991515,0.230465,0.72705,0.275528,0.577123,0.413454,0.742934,0.424949;65@0.157331,0.97715,0.596474,0.344148;20@0.596266,0.238389,0.232498,0.41309;40@0.40648,0.956163,0.837573;100@0.437459;37@0.600806,0.372973,0.024892,0.609599,0.973488,0.072242,0.056394,0.075781,0.691922,0.445506,0.621074,0.545381,0.896614;27@0.181655,0.727918,0.139481,0.427233,0.488598,0.513261,0.374715;92@0.3659,0.921017,0.497655,0.88005,0.142302;10@0.028058,0.973109,0.289118,0.548265,0.13599,0.791945,0.311806,0.525838,0.63507,0.136544,0.291198,0.998638;75@0.084905,0.515406,0.661529,0.642551,0.598008,0.25802,0.212625,0.748895,0.728542,0.758602;84@0.516954,0.662019,0.105859,0.868621,0.500719,0.216619,0.61898,0.376165,0.382757,0.995722,0.774807;82@0.922104;47@0.38334,0.131949,0.858704,0.994903,0.194781,0.006738,0.827992,0.661865,0.520213,0.562604,0.689671;9@0.368011,0.483236,0.212124,0.94512,0.840084,0.798209,0.200532,0.75107,0.720998,0.331815,0.098164;39@0.967924,0.066075,0.006024,0.360289,0.854362,0.25599,0.324444,0.42549,0.49292;88@0.699237,0.764675,0.236498,0.785766,0.579247,0.106416,0.787385;30@0.27922,0.891805,0.723765,0.155844,0.336994,0.693634,0.009171,0.850117,0.338628,0.789058|1|1762487393
I20251108 00:02:58.819318 139717798590272 data_text_parser.cc:116] beg_pos: 244,end_pos: 2450
I20251108 00:02:58.819330 139717798590272 data_text_parser.cc:59] line: 65|269|1720@3060426826:0.668898;1185@852319569:0.851092;1587@1021500811:0.808467;1048@269020291:0.092162;1413@2493549346:0.171112;1472@1056600285:0.918237;1861@2764962119:0.182265;1430@3245623709:0.501686;1384@4256522197:0.857132;1829@2443071834:0.078021;1635@1949924022:0.603638;1785@3914481264:0.951575;1712@969408413:0.211812;1116@1971235400:0.51177;1010@2479170633:0.736982;1371@3799077486:0.985964;1381@2067320697:0.215415;1736@280307178:0.994699;1206@2730517200:0.808265;1202@380287120:0.469405|67@0.416794,0.750913,0.338661,0.764907,0.739713,0.86924,0.135228,0.17328,0.272483,0.503296,0.379075;56@0.913265,0.285378,0.884688,0.921114,0.051782,0.753043,0.873215,0.091616,0.067419,0.964746,0.726696,0.125274;73@0.335667,0.684417;38@0.657556,0.948927,0.900433,0.683403,0.65105,0.679783,0.899991,0.323706,0.903921,0.721244;1@;14@0.302151,0.846635,0.06558,0.522492,0.606247,0.849562,0.785003,0.881141,0.835699;41@;32@0.030197,0.224007,0.637395,0.595108;70@0.431777,0.397635,0.269072,0.661609;43@0.943285,0.796479,0.945256,0.867802,0.018194,0.401002,0.63709,0.20878,0.350665,0.232255,0.42641;65@0.819296,0.776106,0.158241,0.002433;20@0.472039,0.106626,0.961318,0.105379;40@0.793899,0.547855,0.577414;100@0.339765;37@0.419827,0.030822,0.61562,0.686858,0.623252,0.830451,0.455447,0.698403,0.410385,0.44898,0.513181,0.311665,0.7954;27@0.115932,0.172786,0.946901,0.113206,0.092862,0.580498,0.390792;92@0.143858,0.450528,0.834801,0.649588,0.5521;10@0.311956,0.120616,0.297532,0.013248,0.997362,0.563217,0.575595,0.22026,0.069779,0.835291,0.600965,0.38298;75@0.742169,0.44673,0.956149,0.774255,0.711893,0.23644,0.473441,0.287872,0.16755,0.89193;84@0.661848,0.430806,0.949237,0.694299,0.241876,0.679293,0.749481,0.902315,0.205153,0.070868,0.269191;82@0.828424;47@0.262386,0.629564,0.790132,0.589548,0.27269,0.114112,0.437655,0.79284,0.894203,0.748821,0.471467;9@0.238052,0.238386,0.017008,0.621052,0.284492,0.391029,0.888531,0.666803,0.974364,0.676002,0.563097;39@0.624692,0.217144,0.924517,0.630934,0.716821,0.756378,0.185927,0.38221,0.517672;88@0.830737,0.925862,0.335695,0.492692,0.711739,0.013888,0.567651;30@0.447015,0.38429,0.66168,0.304831,0.208389,0.267487,0.083759,0.334568,0.544597,0.933785|1|1762487393
I20251108 00:02:58.819361 139717798590272 data_text_parser.cc:116] beg_pos: 2451,end_pos: 4652
I20251108 00:02:58.819373 139717798590272 data_text_parser.cc:59] line: 66|389|1720@3497391803:0.554551;1185@4240554191:0.569994;1587@91437240:0.689084;1048@3316256148:0.431282;1413@964556601:0.626504;1472@2661819874:0.685358;1861@679053410:0.167343;1430@590561702:0.571774;1384@1226550563:0.195366;1829@1367033223:0.474131;1635@2533374417:0.990351;1785@1386868336:0.096849;1712@1963118988:0.024893;1116@3612445500:0.300941;1010@3844134342:0.184022;1371@3494099590:0.636702;1381@3234955523:0.149285;1736@3159296608:0.144385;1206@3985822777:0.61873;1202@934413467:0.669079|67@0.89697,0.442346,0.284725,0.209741,0.670172,0.176251,0.51081,0.161192,0.671092,0.010676,0.172241;56@0.936537,0.861737,0.822867,0.208938,0.587239,0.244098,0.683323,0.797606,0.841708,0.856189,0.482322,0.486373;73@0.932584,0.670819;38@0.154235,0.633503,0.624296,0.635655,0.956924,0.249998,0.857952,0.63223,0.09192,0.303914;1@;14@0.127852,0.486898,0.204819,0.585502,0.653764,0.814851,0.795905,0.971018,0.409398;41@;32@0.215803,0.558659,0.125292,0.237307;70@0.75859,0.902053,0.360149,0.215796;43@0.127025,0.886853,0.805424,0.348056,0.471076,0.773636,0.090372,0.681258,0.519187,0.623795,0.710333;65@0.097282,0.775503,0.034239,0.605666;20@0.404365,0.184002,0.223112,0.196657;40@0.930381,0.456708,0.94083;100@0.521691;37@0.067843,0.326833,0.280738,0.105801,0.539365,0.394488,0.717285,0.051574,0.12968,0.013159,0.82834,0.86637,0.83504;27@0.228327,0.427176,0.265912,0.997443,0.992579,0.225357,0.314364;92@0.372245,0.84765,0.294117,0.577851,0.435796;10@0.152486,0.600855,0.695776,0.337946,0.229663,0.513559,0.887451,0.88663,0.679627,0.671396,0.686876,0.98362;75@0.627025,0.134944,0.833452,0.188115,0.839886,0.795762,0.707914,0.89582,0.90315,0.005835;84@0.198997,0.216792,0.376511,0.657072,0.175283,0.674798,0.237693,0.570148,0.2543,0.078364,0.662802;82@0.074133;47@0.2741,0.470086,0.48098,0.009656,0.871889,0.432279,0.637111,0.627225,0.67489,0.342013,0.306523;9@0.109919,0.913167,0.594192,0.84883,0.136527,0.011336,0.942524,0.29062,0.760729,0.606327,0.421572;39@0.122794,0.561448,0.919047,0.317082,0.189196,0.254594,0.092176,0.615451,0.553451;88@0.37002,0.514813,0.699424,0.25678,0.50107,0.306273,0.642227;30@0.261226,0.87561,0.777143,0.671868,0.311548,0.099077,0.330312,0.736243,0.15498,0.644491|1|1762487393
I20251108 00:02:58.819414 139717798590272 data_text_parser.cc:116] beg_pos: 4653,end_pos: 6860
I20251108 00:02:58.819426 139717798590272 data_text_parser.cc:59] line: 67|348|1720@3187298619:0.943513;1185@1516728461:0.257009;1587@1494643791:0.261821;1048@1019887245:0.665809;1413@238690653:0.036914;1472@3408478378:0.675358;1861@3044580123:0.522837;1430@216828705:0.227208;1384@2569439779:0.572335;1829@3373240214:0.075796;1635@2730517200:0.772585;1785@922400767:0.912884;1712@573543391:0.352735;1116@992433814:0.328852;1010@2591861378:0.929407;1371@1238764179:0.938538;1381@1009681203:0.689378;1736@2316552552:0.32908;1206@2617262799:0.873858;1202@2187507821:0.776031|67@0.126595,0.499124,0.118309,0.069405,0.072548,0.605777,0.371213,0.154331,0.608511,0.466137,0.549569;56@0.437388,0.483997,0.069455,0.470987,0.938007,0.709815,0.591817,0.714579,0.448869,0.812867,0.614274,0.00219;73@0.625641,0.456292;38@0.578112,0.853651,0.60913,0.965876,0.950341,0.036151,0.064504,0.640102,0.73962,0.960881;1@;14@0.203141,0.815679,0.986102,0.443452,0.904615,0.180114,0.824009,0.118673,0.321276;41@;32@0.87061,0.284212,0.418931,0.615422;70@0.361876,0.094915,0.547038,0.307263;43@0.371477,0.679269,0.958857,0.852469,0.557509,0.898003,0.231018,0.494151,0.914499,0.402933,0.259791;65@0.404485,0.16948,0.839219,0.301797;20@0.36923,0.100748,0.320311,0.229379;40@0.216667,0.427592,0.836554;100@0.407749;37@0.775222,0.714255,0.256729,0.001215,0.769127,0.535656,0.56888,0.278557,0.119258,0.220832,0.187693,0.380594,0.833928;27@0.6468,0.126751,0.62939,0.032419,0.315869,0.309319,0.520239;92@0.082045,0.194086,0.517925,0.085834,0.188563;10@0.82774,0.567767,0.415058,0.481891,0.160308,0.691298,0.024134,0.769717,0.098912,0.069239,0.41161,0.404578;75@0.17546,0.426785,0.310417,0.445735,0.418943,0.263295,0.946152,0.510735,0.92487,0.111024;84@0.443978,0.588336,0.260531,0.700902,0.585459,0.559301,0.280258,0.337674,0.863006,0.4119,0.547723;82@0.2945;47@0.659987,0.365268,0.980422,0.099954,0.071659,0.015505,0.613643,0.683959,0.283557,0.26266,0.490076;9@0.831158,0.066308,0.424111,0.020428,0.514965,0.668447,0.544108,0.550822,0.498361,0.583546,0.025282;39@0.040767,0.516541,0.734015,0.955987,0.543121,0.615101,0.142218,0.720451,0.92964;88@0.571358,0.320406,0.08133,0.513191,0.284991,0.60817,0.399047;30@0.393272,0.070472,0.947663,0.770843,0.368504,0.17505,0.462035,0.216867,0.402365,0.882436|1|1762487393
I20251108 00:02:58.819457 139717798590272 data_text_parser.cc:116] beg_pos: 6861,end_pos: 9067
I20251108 00:02:58.819469 139717798590272 data_text_parser.cc:59] line: 68|356|1720@1500383049:0.886326;1185@940655271:0.927797;1587@3730518638:0.952585;1048@4081601514:0.296203;1413@1767541672:0.544287;1472@1241796149:0.975821;1861@1202673537:0.652699;1430@2209258244:0.142391;1384@3725933899:0.930441;1829@4267712204:0.523305;1635@610299331:0.598997;1785@66031209:0.706177;1712@2769976721:0.284097;1116@1612409415:0.539364;1010@155249120:0.142183;1371@2131954466:0.598052;1381@2630933571:0.880026;1736@568518617:0.942048;1206@897828860:0.96303;1202@2086904208:0.155694|67@0.0274,0.023618,0.801206,0.272896,0.509249,0.362219,0.990566,0.021885,0.445884,0.228355,0.897204;56@0.012434,0.197486,0.399265,0.537055,0.795281,0.077669,0.317249,0.91592,0.559982,0.131153,0.465476,0.900031;73@0.225614,0.85377;38@0.653383,0.23163,0.11225,0.248268,0.220236,0.127494,0.060206,0.370199,0.61415,0.861936;1@;14@0.270544,0.585809,0.120459,0.268526,0.419416,0.778976,0.419141,0.610003,0.276806;41@;32@0.189693,0.91558,0.375612,0.886846;70@0.003623,0.116656,0.994124,0.199436;43@0.354637,0.528158,0.247279,0.810326,0.801741,0.707274,0.190358,0.538625,0.830664,0.849976,0.01026;65@0.015933,0.776336,0.639419,0.275019;20@0.06258,0.468861,0.561292,0.307329;40@0.06815,0.852323,0.178175;100@0.2477;37@0.88444,0.209368,0.254063,0.676503,0.30894,0.975977,0.932763,0.398194,0.322806,0.513762,0.011111,0.282633,0.591985;27@0.450962,0.810949,0.158994,0.409546,0.044354,0.015293,0.274129;92@0.851198,0.941844,0.424438,0.751258,0.359465;10@0.62684,0.402948,0.146739,0.072402,0.200252,0.176772,0.433816,0.136842,0.686297,0.907507,0.008816,0.233486;75@0.8705,0.787179,0.381703,0.659244,0.947635,0.033084,0.582333,0.124405,0.475572,0.122578;84@0.057816,0.853923,0.93214,0.149141,0.209712,0.542261,0.568077,0.654512,0.870739,0.423675,0.153582;82@0.013535;47@0.979816,0.99862,0.003838,0.150977,0.527804,0.769235,0.901103,0.855249,0.246968,0.180609,0.249938;9@0.766648,0.250574,0.155723,0.811439,0.386816,0.800334,0.263099,0.462566,0.379669,0.981248,0.254615;39@0.868455,0.558964,0.527456,0.460908,0.016358,0.014901,0.947701,0.459119,0.185019;88@0.818207,0.717543,0.157459,0.997001,0.624087,0.81219,0.582268;30@0.820332,0.321728,0.725847,0.454344,0.558832,0.58589,0.565774,0.928996,0.030388,0.459375|0|1762487393
I20251108 00:02:58.819509 139717798590272 data_text_parser.cc:116] beg_pos: 9068,end_pos: 11275
I20251108 00:02:58.819522 139717798590272 data_text_parser.cc:59] line: 69|146|1720@918084095:0.278147;1185@3047385873:0.076423;1587@1367934561:0.935508;1048@1185224975:0.948368;1413@1405838792:0.032685;1472@3098050059:0.80151;1861@2602516163:0.303726;1430@3415407218:0.960909;1384@545148246:0.238122;1829@330077362:0.351565;1635@3680035100:0.52565;1785@3381346686:0.823747;1712@2543816264:0.620138;1116@4076280188:0.430986;1010@2951519484:0.710199;1371@1064242865:0.152604;1381@2882729754:0.056527;1736@3467216720:0.87241;1206@34165169:0.167695;1202@3660953754:0.961016|67@0.128059,0.302706,0.084064,0.54758,0.330796,0.400686,0.069937,0.822135,0.233174,0.800111,0.855456;56@0.272362,0.433546,0.70565,0.114078,0.055763,0.234632,0.033196,0.785696,0.050659,0.67789,0.211904,0.356788;73@0.697837,0.1668;38@0.654754,0.662828,0.367,0.730481,0.188447,0.073885,0.482998,0.325089,0.689563,0.540415;1@;14@0.851738,0.588319,0.816143,0.433524,0.239012,0.372054,0.213889,0.077035,0.299001;41@;32@0.165011,0.84021,0.043361,0.904726;70@0.664051,0.622596,0.1113,0.507143;43@0.335622,0.593423,0.32546,0.5346,0.816609,0.690378,0.915117,0.831261,0.858414,0.608752,0.258431;65@0.819786,0.655454,0.360137,0.629932;20@0.276697,0.430003,0.520354,0.101985;40@0.532356,0.405641,0.813984;100@0.772371;37@0.255368,0.959878,0.523455,0.670921,0.931939,0.98031,0.45144,0.535395,0.975825,0.997142,0.809103,0.750732,0.332691;27@0.435234,0.859027,0.676022,0.193109,0.443348,0.820174,0.332155;92@0.300534,0.20685,0.325246,0.484343,0.262259;10@0.621073,0.391583,0.392621,0.161535,0.269201,0.608792,0.496773,0.570754,0.351526,0.481909,0.109049,0.135338;75@0.234768,0.710943,0.650297,0.864062,0.028002,0.285945,0.548831,0.755589,0.316115,0.308543;84@0.374121,0.785168,0.877197,0.959468,0.319079,0.160927,0.430578,0.558639,0.801789,0.093234,0.640278;82@0.744209;47@0.852041,0.195019,0.358118,0.541846,0.388781,0.535233,0.497148,0.364442,0.482213,0.584135,0.904791;9@0.687777,0.705632,0.45115,0.274229,0.117282,0.886494,0.932273,0.342134,0.260237,0.384023,0.578345;39@0.294599,0.851352,0.70939,0.859506,0.046109,0.515266,0.060311,0.616645,0.459298;88@0.988026,0.820362,0.182855,0.872149,0.899868,0.510527,0.11366;30@0.04676,0.445817,0.399982,0.471292,0.319816,0.626663,0.886374,0.794536,0.518923,0.431894|0|1762487393
I20251108 00:02:58.819557 139717798590272 data_text_parser.cc:116] beg_pos: 11276,end_pos: 13490
I20251108 00:02:58.819576 139717798590272 data_text_parser.cc:59] line: 70|693|1720@578679614:0.572857;1185@232725774:0.391917;1587@1623915298:0.21371;1048@3366062964:0.162564;1413@2585630810:0.811158;1472@1402144851:0.019017;1861@3528284739:0.097554;1430@3001407443:0.316561;1384@1627398857:0.571536;1829@1504713467:0.737249;1635@2411499216:0.839668;1785@1937240590:0.192787;1712@904916526:0.886267;1116@3767538507:0.941397;1010@3589456604:0.947336;1371@2046021554:0.353144;1381@1409414852:0.092975;1736@1998952096:0.044281;1206@3220273808:0.524875;1202@1206716207:0.285654|67@0.6373,0.521557,0.943854,0.315145,0.710389,0.506209,0.599393,0.341845,0.765894,0.008518,0.261481;56@0.660859,0.964194,0.018656,0.741555,0.803007,0.549996,0.579172,0.896371,0.49139,0.019976,0.109786,0.466243;73@0.217465,0.668613;38@0.191035,0.394164,0.432863,0.189431,0.427264,0.688784,0.019962,0.274082,0.968096,0.673863;1@;14@0.490438,0.097457,0.947416,0.007348,0.756172,0.068167,0.507912,0.41793,0.666976;41@;32@0.182733,0.034647,0.088503,0.139421;70@0.467731,0.340327,0.056557,0.98537;43@0.592164,0.873554,0.576879,0.226242,0.926428,0.649506,0.420279,0.570667,0.274503,0.088795,0.721269;65@0.431278,0.750799,0.37779,0.960566;20@0.251759,0.117633,0.300824,0.846305;40@0.804963,0.921119,0.087616;100@0.694299;37@0.604623,0.669698,0.088943,0.607048,0.610997,0.581667,0.813144,0.634887,0.520137,0.89958,0.04932,0.687117,0.083099;27@0.372308,0.508178,0.397576,0.088023,0.47495,0.51399,0.240261;92@0.828876,0.658781,0.795033,0.96656,0.282423;10@0.135049,0.757906,0.019214,0.107348,0.153502,0.08125,0.510942,0.872875,0.672268,0.744659,0.281549,0.028125;75@0.761404,0.41827,0.803636,0.524072,0.304149,0.616534,0.719966,0.370606,0.397014,0.060319;84@0.909635,0.462496,0.048409,0.762354,0.100993,0.978459,0.417725,0.407726,0.686596,0.739106,0.892227;82@0.672809;47@0.562121,0.453554,0.680568,0.338662,0.051012,0.426849,0.107894,0.869763,0.669925,0.314878,0.340516;9@0.541949,0.515799,0.545409,0.051994,0.758894,0.251552,0.51301,0.291266,0.621638,0.321054,0.522082;39@0.379765,0.72779,0.137401,0.81744,0.072145,0.887211,0.636007,0.29954,0.159127;88@0.505774,0.180835,0.916879,0.334931,0.538086,0.519898,0.987077;30@0.893983,0.99834,0.025437,0.919945,0.651118,0.728212,0.100729,0.172885,0.551337,0.675906|1|1762487393
I20251108 00:02:58.819608 139717798590272 data_text_parser.cc:116] beg_pos: 13491,end_pos: 15702
I20251108 00:02:58.819620 139717798590272 data_text_parser.cc:59] line: 71|923|1720@4028888953:0.699021;1185@89130903:0.735576;1587@2383022358:0.623116;1048@2785478219:0.581258;1413@1675311078:0.935473;1472@2182693523:0.237257;1861@2783150599:0.778574;1430@2010342346:0.509119;1384@3224956295:0.072347;1829@4037774907:0.00377;1635@783445654:0.193248;1785@1736964204:0.826801;1712@2351001140:0.570956;1116@305849147:0.240224;1010@2063956429:0.849425;1371@4177820875:0.781109;1381@3841748820:0.868461;1736@2352726892:0.588752;1206@3680604937:0.781534;1202@49745861:0.634334|67@0.224885,0.156434,0.797829,0.405156,0.49972,0.222299,0.67095,0.108465,0.941215,0.098934,0.725126;56@0.662836,0.282327,0.698575,0.47194,0.860882,0.148497,0.495462,0.410539,0.974376,0.554064,0.990933,0.317182;73@0.82373,0.008128;38@0.157058,0.690873,0.991314,0.405625,0.617739,0.568805,0.131194,0.065307,0.536319,0.225868;1@;14@0.461865,0.256552,0.096645,0.944345,0.742195,0.070957,0.494645,0.591513,0.282191;41@;32@0.911048,0.756218,0.639707,0.694813;70@0.970644,0.154749,0.530617,0.7635;43@0.089359,0.296534,0.274763,0.095238,0.865653,0.127149,0.241023,0.215688,0.153711,0.976261,0.919979;65@0.701584,0.631656,0.754015,0.624254;20@0.019994,0.692687,0.361643,0.841098;40@0.808134,0.064243,0.814798;100@0.204869;37@0.697145,0.744259,0.574029,0.437802,0.363411,0.129836,0.677207,0.375672,0.45568,0.692334,0.212924,0.764544,0.735908;27@0.390504,0.142818,0.340657,0.153431,0.889573,0.350079,0.329996;92@0.842594,0.36646,0.4293,0.439215,0.567284;10@0.247042,0.214144,0.561633,0.140069,0.06477,0.406584,0.797292,0.566402,0.995899,0.941126,0.254609,0.312964;75@0.910641,0.242251,0.067173,0.785471,0.14407,0.253038,0.606024,0.590783,0.14581,0.275111;84@0.631272,0.380101,0.486195,0.890118,0.22002,0.328404,0.844735,0.382985,0.582949,0.531924,0.621433;82@0.647958;47@0.277035,0.636925,0.488109,0.767593,0.957789,0.060581,0.385877,0.626554,0.102087,0.976566,0.680353;9@0.123702,0.974914,0.318178,0.572235,0.854463,0.323678,0.820971,0.185117,0.6727,0.849566,0.70404;39@0.639236,0.033742,0.104338,0.636996,0.018029,0.588921,0.355437,0.327332,0.867306;88@0.526018,0.056462,0.121266,0.958408,0.50083,0.286234,0.966304;30@0.137277,0.942285,0.204567,0.735031,0.234916,0.611118,0.171132,0.740058,0.770427,0.139088|0|1762487393
I20251108 00:02:58.819661 139717798590272 data_text_parser.cc:116] beg_pos: 15703,end_pos: 17915
I20251108 00:02:58.819673 139717798590272 data_text_parser.cc:59] line: 72|422|1720@3681661316:0.582168;1185@2644670163:0.980982;1587@2927830357:0.111618;1048@3942192368:0.615458;1413@1039010732:0.416985;1472@3509659284:0.151157;1861@1247855486:0.505925;1430@1736964204:0.003122;1384@3892619255:0.929957;1829@235529170:0.386172;1635@3153204270:0.338026;1785@2422122428:0.784388;1712@328295899:0.505206;1116@334340682:0.899329;1010@2694485730:0.45029;1371@1690709558:0.305508;1381@2851757157:0.108634;1736@1907735307:0.314221;1206@2806625750:0.019736;1202@516551308:0.960237|67@0.049802,0.01659,0.859475,0.494751,0.454864,0.120715,0.052202,0.635398,0.50989,0.450416,0.489227;56@0.118144,0.120355,0.642558,0.872424,0.805277,0.011166,0.126897,0.283489,0.813761,0.618454,0.214919,0.573909;73@0.517897,0.595342;38@0.58915,0.95052,0.801164,0.285975,0.529291,0.671732,0.505035,0.405147,0.715615,0.83424;1@;14@0.515204,0.728618,0.494996,0.729202,0.020365,0.212736,0.789823,0.94868,0.597068;41@;32@0.932248,0.815157,0.431468,0.580725;70@0.063439,0.51298,0.204804,0.918887;43@0.687114,0.870252,0.630176,0.136647,0.922642,0.826332,0.726845,0.885594,0.382723,0.509402,0.661431;65@0.785743,0.763441,0.250906,0.484672;20@0.660696,0.880433,0.596352,0.236597;40@0.880185,0.524481,0.207103;100@0.410919;37@0.506925,0.847811,0.471827,0.27917,0.366475,0.958813,0.207227,0.874487,0.909429,0.015392,0.964055,0.216751,0.430859;27@0.430324,0.307316,0.489332,0.521361,0.662229,0.755688,0.796827;92@0.531768,0.057668,0.880987,0.661995,0.965686;10@0.201814,0.279603,0.189019,0.921968,0.642702,0.232647,0.67533,0.012797,0.232564,0.022839,0.099491,0.421065;75@0.350768,0.347278,0.218286,0.58076,0.219898,0.945529,0.035482,0.858299,0.185248,0.306999;84@0.393059,0.328581,0.345752,0.409846,0.825276,0.570075,0.361571,0.188671,0.689392,0.842075,0.341084;82@0.457143;47@0.732523,0.249746,0.981477,0.564176,0.430793,0.470643,0.816993,0.013977,0.462146,0.349219,0.028437;9@0.036814,0.626125,0.000294,0.832387,0.621093,0.412398,0.190599,0.079571,0.834747,0.293665,0.385701;39@0.553813,0.877308,0.943971,0.75974,0.410705,0.688708,0.851682,0.38067,0.31051;88@0.164281,0.2633,0.686776,0.899565,0.158649,0.54978,0.015224;30@0.271283,0.340966,0.22647,0.823571,0.42698,0.613358,0.53264,0.992714,0.822847,0.484953|0|1762487393
I20251108 00:02:58.819704 139717798590272 data_text_parser.cc:116] beg_pos: 17916,end_pos: 20135
I20251108 00:02:58.819716 139717798590272 data_text_parser.cc:59] line: 73|230|1720@2224141631:0.290183;1185@3469281455:0.452218;1587@4102002181:0.599032;1048@914530346:0.430784;1413@2610082238:0.654191;1472@3171388589:0.690028;1861@981849586:0.268342;1430@2253179642:0.424335;1384@2790145676:0.40973;1829@3357246432:0.924524;1635@2088514868:0.668146;1785@1848390629:0.944167;1712@3514360854:0.792844;1116@336085958:0.537609;1010@1528831599:0.994562;1371@2351727962:0.025515;1381@613732446:0.632632;1736@4259338806:0.671515;1206@3196363220:0.274119;1202@2390621756:0.451179|67@0.350374,0.899566,0.202414,0.169907,0.645632,0.285819,0.682905,0.895951,0.881521,0.041365,0.248411;56@0.084124,0.597265,0.933027,0.378531,0.021277,0.623229,0.236336,0.568786,0.525877,0.162226,0.217938,0.107723;73@0.077171,0.068534;38@0.802031,0.368809,0.532156,0.448883,0.360481,0.774526,0.056582,0.812996,0.588583,0.236476;1@;14@0.012082,0.824955,0.25672,0.906804,0.651181,0.357745,0.902803,0.194204,0.211549;41@;32@0.640976,0.143005,0.049232,0.731055;70@0.613281,0.632971,0.961956,0.33311;43@0.345303,0.883464,0.467323,0.658977,0.271749,0.169618,0.933444,0.778604,0.4685,0.766639,0.208712;65@0.014819,0.258887,0.688717,0.506488;20@0.42297,0.89709,0.462528,0.892549;40@0.477083,0.288047,0.891304;100@0.466652;37@0.415205,0.353634,0.335101,0.866908,0.277753,0.140691,0.166774,0.588112,0.369048,0.003691,0.011154,0.956683,0.532415;27@0.529163,0.108508,0.536182,0.636475,0.296265,0.035083,0.311469;92@0.233798,0.975877,0.295791,0.652332,0.359463;10@0.381771,0.81893,0.877195,0.251643,0.580972,0.278396,0.523299,0.705954,0.812361,0.859903,0.975006,0.783549;75@0.591316,0.780657,0.177387,0.209397,0.558077,0.019169,0.660162,0.048608,0.479154,0.354285;84@0.888893,0.66413,0.559721,0.244032,0.768506,0.263182,0.946838,0.967905,0.709247,0.160357,0.780564;82@0.032859;47@0.65395,0.074332,0.765207,0.470491,0.250994,0.426724,0.354534,0.149149,0.641832,0.398667,0.194771;9@0.315967,0.577578,0.962305,0.324444,0.980659,0.494532,0.768521,0.031282,0.160205,0.177681,0.66832;39@0.501338,0.187927,0.775898,0.877523,0.759994,0.554475,0.319473,0.252558,0.252396;88@0.678446,0.042793,0.840573,0.370553,0.597311,0.331698,0.566678;30@0.98925,0.509436,0.98704,0.396593,0.494176,0.222052,0.977799,0.558024,0.431968,0.266838|1|1762487393
I20251108 00:02:58.819745 139717798590272 data_text_parser.cc:116] beg_pos: 20136,end_pos: 20480
I20251108 00:02:58.819995 139717798590272 data_text_parser.cc:101] get chunk buffer, size: 20480
I20251108 00:02:58.820019 139717798590272 data_text_parser.cc:116] beg_pos: 0,end_pos: 1863
I20251108 00:02:58.820026 139717798590272 data_text_parser.cc:61] buffer line: 74|413|1720@1851699055:0.82381;1185@3366062964:0.463417;1587@604308459:0.25457;1048@130794710:0.108661;1413@1234368875:0.885196;1472@70229160:0.388483;1861@1326930630:0.335142;1430@2561073125:0.732671;1384@3025773980:0.742612;1829@4095376104:0.317754;1635@3465207766:0.218073;1785@1714256495:0.561164;1712@3399089548:0.919321;1116@4029107983:0.211095;1010@3604233642:0.967478;1371@2900636438:0.091979;1381@4169890647:0.71019;1736@1329812520:0.055718;1206@2840920732:0.640534;1202@202908582:0.375728|67@0.073088,0.025442,0.997822,0.03252,0.413141,0.238498,0.835728,0.39445,0.111109,0.841095,0.86736;56@0.139062,0.851819,0.395575,0.630764,0.26509,0.758106,0.637216,0.807138,0.67619,0.925618,0.826164,0.843692;73@0.085145,0.251944;38@0.617704,0.982399,0.036453,0.974559,0.371187,0.804743,0.812104,0.009363,0.068554,0.495963;1@;14@0.319791,0.365146,0.230642,0.934946,0.068716,0.765868,0.550316,0.878208,0.100459;41@;32@0.666291,0.266089,0.808979,0.733343;70@0.294303,0.745778,0.289561,0.458457;43@0.51764,0.92784,0.323121,0.777987,0.485205,0.564406,0.502493,0.097941,0.574048,0.008372,0.87029;65@0.398401,0.504496,0.460966,0.435931;20@0.227291,0.599057,0.673171,0.856098;40@0.978647,0.293386,0.452014;100@0.221346;37@0.227436,0.437527,0.787248,0.583082,0.78836,0.714815,0.101112,0.883988,0.373996,0.892164,0.037652,0.408597,0.048579;27@0.589742,0.002185,0.270626,0.553519,0.638431,0.343185,0.818658;92@0.573835,0.111015,0.715532,0.762788,0.339507;10@0.249375,0.193923,0.544641,0.017931,0.082215,0.508579,0.793613,0.242518,0.851498,0.363592,0.77605,0.486415;75@0.879283,0.965788,0.230758,0.453576,0.036126,0.02042,0.236079,0.48739,0.063782,0.680496;84@0.27451,0.896016,0.218302,0.715184,0.622719,0.403524,0.454492,0.771479,0.930753,0.277524,0.71296;82@0.788112;47@0.467833,0.200014,0.516091,0.030555,0.874147,0.940803,0.551275,0.998937,0.457674,0.339129,0.459143;9@0.680171,0.038192,0.557796,0.083944,0.045514,0.982836,0.706767,0.295194,0.576633,0.599316,0.403823;39@0.914019,0.221779,0.945865,0.651444,0.566844,0.176879,0.581781,0.13134,0.95328;88@0.715081,0.397657,0.712685,0.095156,0.063217,0.677309,0.657831;30@0.29757,0.169503,0.282066,0.982256,0.541468,0.261753,0.61372,0.701,0.752624,0.814436|1|1762487393
I20251108 00:02:58.820057 139717798590272 data_text_parser.cc:116] beg_pos: 1864,end_pos: 4067
I20251108 00:02:58.820069 139717798590272 data_text_parser.cc:59] line: 75|854|1720@104987565:0.601958;1185@82939899:0.316641;1587@4288903016:0.088856;1048@2960533033:0.316755;1413@3569322260:0.010876;1472@2811735962:0.483949;1861@1743500736:0.016036;1430@198985590:0.986522;1384@115329456:0.107804;1829@3774720535:0.180726;1635@2794136161:0.359201;1785@47536643:0.227604;1712@2151789564:0.495477;1116@3960559778:0.27376;1010@1691517519:0.087627;1371@510414908:0.965946;1381@1683013252:0.10741;1736@3170034136:0.497737;1206@4000140017:0.395388;1202@365614222:0.93406|67@0.088895,0.709562,0.938567,0.691272,0.233523,0.864662,0.511729,0.302165,0.677706,0.491078,0.443541;56@0.55648,0.89525,0.919824,0.513092,0.461664,0.956404,0.097426,0.670607,0.243814,0.149572,0.784855,0.923257;73@0.000397,0.656273;38@0.056613,0.406247,0.043585,0.612813,0.681014,0.74471,0.787972,0.485866,0.584728,0.877665;1@;14@0.454366,0.174204,0.41442,0.916894,0.573564,0.546545,0.789899,0.643696,0.244597;41@;32@0.843589,0.438658,0.162315,0.76381;70@0.102843,0.798737,0.178099,0.23774;43@0.327369,0.82818,0.333568,0.090289,0.932117,0.009081,0.293131,0.895468,0.937422,0.959968,0.544141;65@0.276943,0.50344,0.647656,0.947656;20@0.166777,0.913886,0.923394,0.733383;40@0.172406,0.653241,0.174851;100@0.091336;37@0.13801,0.217892,0.56579,0.068394,0.11358,0.686284,0.584943,0.429848,0.752786,0.738917,0.541182,0.696745,0.259783;27@0.09109,0.296048,0.44677,0.302081,0.903766,0.722173,0.22857;92@0.185686,0.666681,0.512416,0.095936,0.633364;10@0.069002,0.190071,0.073535,0.264393,0.034032,0.732477,0.741535,0.239269,0.329541,0.175918,0.037564,0.277428;75@0.309802,0.840693,0.702247,0.097979,0.391326,0.766406,0.34861,0.328573,0.784094,0.448147;84@0.572358,0.735175,0.686467,0.701114,0.832805,0.807233,0.204246,0.793052,0.831348,0.962632,0.899822;82@0.40627;47@0.492195,0.323346,0.26553,0.6233,0.745359,0.029874,0.756582,0.850945,0.934414,0.058149,0.527891;9@0.199591,0.576917,0.837405,0.80346,0.580112,0.291514,0.942096,0.927229,0.349299,0.854496,0.906662;39@0.225453,0.173648,0.062277,0.864554,0.783527,0.377723,0.022877,0.135405,0.538885;88@0.015538,0.837412,0.739008,0.399825,0.656897,0.164219,0.321576;30@0.496711,0.285776,0.265101,0.651169,0.047809,0.272907,0.298572,0.130754,0.158897,0.76716|1|1762487393
I20251108 00:02:58.820109 139717798590272 data_text_parser.cc:116] beg_pos: 4068,end_pos: 6280
I20251108 00:02:58.820122 139717798590272 data_text_parser.cc:59] line: 76|600|1720@1232595476:0.966179;1185@2648170343:0.979221;1587@4033585616:0.253214;1048@3587407797:0.430607;1413@165260684:0.452536;1472@3884074330:0.770794;1861@2495244876:0.866132;1430@259268642:0.369628;1384@3544683265:0.962472;1829@1904255997:0.535965;1635@830639435:0.914435;1785@2959063788:0.788103;1712@1632224046:0.754522;1116@1516354515:0.295754;1010@3990825255:0.129051;1371@701585381:0.432553;1381@4128521721:0.121362;1736@3857043632:0.590251;1206@4272571220:0.68028;1202@661645367:0.360308|67@0.820578,0.991263,0.001493,0.911887,0.328938,0.009515,0.046424,0.602937,0.387557,0.408495,0.092574;56@0.848914,0.547798,0.167478,0.737785,0.704454,0.804857,0.543421,0.067334,0.574223,0.101058,0.924522,0.526568;73@0.629058,0.653962;38@0.518711,0.336473,0.341773,0.280878,0.991901,0.263473,0.29881,0.029646,0.30424,0.954482;1@;14@0.071979,0.737257,0.474574,0.520929,0.664985,0.335359,0.166546,0.446684,0.931123;41@;32@0.351327,0.593235,0.93427,0.065303;70@0.197115,0.929735,0.366444,0.223084;43@0.017998,0.243641,0.628698,0.246748,0.011341,0.893965,0.838347,0.625508,0.581801,0.440816,0.04264;65@0.686613,0.623455,0.676913,0.704674;20@0.472619,0.70495,0.49461,0.755913;40@0.063253,0.232814,0.745461;100@0.93086;37@0.003354,0.68217,0.818735,0.851824,0.710836,0.585048,0.786924,0.527481,0.133704,0.913148,0.655299,0.415277,0.345013;27@0.950203,0.476415,0.238141,0.831097,0.426832,0.751322,0.378745;92@0.070121,0.648183,0.49035,0.171558,0.395427;10@0.327602,0.211043,0.017552,0.979279,0.573738,0.726831,0.229889,0.071638,0.987028,0.555801,0.496546,0.151332;75@0.508096,0.258161,0.051524,0.161412,0.83699,0.53663,0.101931,0.116804,0.703814,0.803512;84@0.452528,0.535619,0.544,0.750052,0.971393,0.960187,0.834321,0.907378,0.282418,0.836211,0.89375;82@0.400602;47@0.690782,0.240835,0.950413,0.109101,0.45598,0.375181,0.44849,0.873761,0.160282,0.896065,0.502493;9@0.088151,0.093813,0.286112,0.881059,0.436249,0.245619,0.165084,0.102175,0.622562,0.499121,0.674275;39@0.769782,0.426324,0.793905,0.153211,0.515233,0.765969,0.580114,0.515171,0.241683;88@0.632333,0.532217,0.497936,0.295826,0.41561,0.056786,0.175698;30@0.959847,0.153666,0.667562,0.598243,0.002845,0.706873,0.835468,0.963984,0.088368,0.396992|1|1762487393
I20251108 00:02:58.820163 139717798590272 data_text_parser.cc:116] beg_pos: 6281,end_pos: 8487
I20251108 00:02:58.820175 139717798590272 data_text_parser.cc:59] line: 77|197|1720@2935362703:0.330901;1185@1772458143:0.16988;1587@250993836:0.549596;1048@3843608848:0.087458;1413@3730812404:0.033889;1472@3786053689:0.355264;1861@422221822:0.601521;1430@4161599262:0.09446;1384@829482387:0.645636;1829@2856796453:0.869124;1635@531561743:0.835661;1785@2078865481:0.138137;1712@167848220:0.336739;1116@233985817:0.657161;1010@1511402318:0.075886;1371@2481437996:0.066771;1381@2316962422:0.363458;1736@3872412238:0.076441;1206@559082563:0.005842;1202@2737675823:0.933318|67@0.721336,0.539303,0.745106,0.596063,0.287128,0.902675,0.675183,0.236181,0.506042,0.639683,0.992899;56@0.81449,0.463246,0.875829,0.535797,0.187317,0.257796,0.603435,0.225043,0.240337,0.171375,0.090195,0.729385;73@0.657991,0.757414;38@0.75206,0.859453,0.586468,0.256001,0.749682,0.767803,0.978665,0.21266,0.086757,0.243265;1@;14@0.005261,0.071146,0.429629,0.906926,0.033199,0.918711,0.931024,0.59891,0.574487;41@;32@0.490083,0.257261,0.094596,0.593551;70@0.982094,0.716456,0.45983,0.832695;43@0.295161,0.149137,0.176972,0.73931,0.781759,0.521432,0.259472,0.745215,0.781769,0.667372,0.306704;65@0.333586,0.352608,0.57353,0.662031;20@0.501567,0.268289,0.376503,0.032855;40@0.066251,0.098806,0.04158;100@0.977486;37@0.111992,0.801252,0.466529,0.374807,0.626243,0.646953,0.343955,0.845664,0.803478,0.482593,0.533585,0.964524,0.956303;27@0.291174,0.073664,0.570451,0.810206,0.66124,0.643168,0.538882;92@0.049208,0.741477,0.935493,0.541437,0.629025;10@0.962965,0.918801,0.159805,0.245545,0.752635,0.722964,0.467909,0.28121,0.945919,0.911436,0.902437,0.849469;75@0.806652,0.069217,0.570424,0.134936,0.589559,0.598383,0.118921,0.128774,0.622171,0.264502;84@0.512742,0.163658,0.551771,0.573559,0.978273,0.352293,0.52506,0.75018,0.91129,0.516292,0.329921;82@0.392754;47@0.213927,0.116204,0.048677,0.814121,0.673998,0.027267,0.000555,0.295666,0.002464,0.397309,0.159459;9@0.91452,0.911068,0.791365,0.92322,0.910867,0.788469,0.024863,0.691937,0.512843,0.600561,0.179652;39@0.052052,0.685656,0.124585,0.912998,0.348693,0.446296,0.327844,0.491347,0.553121;88@0.480474,0.85805,0.724394,0.167694,0.5196,0.763925,0.78292;30@0.893505,0.293967,0.948714,0.89474,0.501246,0.424361,0.477805,0.352753,0.28836,0.628444|0|1762487393
I20251108 00:02:58.820206 139717798590272 data_text_parser.cc:116] beg_pos: 8488,end_pos: 10690
I20251108 00:02:58.820218 139717798590272 data_text_parser.cc:59] line: 78|562|1720@2824364903:0.096088;1185@2620939206:0.131213;1587@3030288183:0.928827;1048@3449665856:0.867572;1413@1256571571:0.769069;1472@349265424:0.120296;1861@4034773335:0.25688;1430@1537610209:0.885565;1384@3961237500:0.809105;1829@838483902:0.621202;1635@1049652805:0.230147;1785@911976550:0.492174;1712@3843608848:0.247152;1116@1841457076:0.31751;1010@518709194:0.586188;1371@2802495865:0.01035;1381@1879420684:0.498502;1736@2807419796:0.698186;1206@444952652:0.925462;1202@1804262185:0.55798|67@0.568396,0.338372,0.246521,0.347474,0.104831,0.51442,0.869603,0.969069,0.326355,0.913847,0.315566;56@0.856531,0.98886,0.293902,0.076458,0.201852,0.138794,0.955115,0.762529,0.720979,0.647457,0.930118,0.98198;73@0.647718,0.230413;38@0.074392,0.661809,0.262538,0.861758,0.339958,0.043148,0.402294,0.377741,0.105864,0.159356;1@;14@0.481775,0.25737,0.905853,0.444459,0.51585,0.449013,0.39486,0.049283,0.289506;41@;32@0.363236,0.046693,0.472748,0.82991;70@0.456526,0.778635,0.249191,0.439434;43@0.968296,0.005464,0.713221,0.464045,0.332669,0.954761,0.964565,0.213995,0.187343,0.115219,0.951476;65@0.335269,0.797947,0.6213,0.867273;20@0.536247,0.280103,0.264038,0.165504;40@0.235443,0.548415,0.015942;100@0.637557;37@0.385447,0.629324,0.159908,0.934892,0.596919,0.457355,0.919243,0.164688,0.267484,0.900179,0.363887,0.166489,0.910681;27@0.4477,0.728063,0.014999,0.331259,0.626925,0.614269,0.893445;92@0.195729,0.399225,0.73207,0.843252,0.383652;10@0.53291,0.514398,0.916912,0.614204,0.896846,0.560404,0.668998,0.51075,0.803826,0.270259,0.795727,0.127508;75@0.450717,0.634407,0.178957,0.478817,0.439909,0.44057,0.278703,0.015832,0.071849,0.30759;84@0.903121,0.869449,0.099647,0.157805,0.330772,0.136836,0.071677,0.098571,0.791875,0.805252,0.977385;82@0.972747;47@0.939628,0.398359,0.10572,0.010947,0.410242,0.878479,0.048587,0.767012,0.35462,0.136714,0.41677;9@0.790528,0.068662,0.325039,0.215187,0.982825,0.50527,0.184416,0.629678,0.17185,0.634296,0.746445;39@0.627419,0.284399,0.686388,0.101497,0.657532,0.015941,0.807899,0.311273,0.707897;88@0.054424,0.287111,0.393383,0.67816,0.540163,0.136467,0.63868;30@0.560694,0.039869,0.265101,0.423888,0.837784,0.3606,0.411344,0.192183,0.655214,0.660932|1|1762487393
I20251108 00:02:58.820259 139717798590272 data_text_parser.cc:116] beg_pos: 10691,end_pos: 12900
I20251108 00:02:58.820271 139717798590272 data_text_parser.cc:59] line: 79|888|1720@2266484916:0.891484;1185@4236063187:0.785189;1587@782573787:0.748497;1048@4224456808:0.151106;1413@1893043818:0.26508;1472@3494099590:0.014837;1861@2318147583:0.588978;1430@2352165238:0.606167;1384@3214766367:0.060345;1829@2072284299:0.930157;1635@3883968916:0.940782;1785@1817512180:0.068923;1712@317540501:0.142609;1116@447395508:0.000955;1010@1724625358:0.160423;1371@3412204920:0.98763;1381@353386604:0.183608;1736@3950557964:0.46033;1206@4017370539:0.119108;1202@1555409002:0.983066|67@0.526929,0.599251,0.663023,0.016201,0.340129,0.692541,0.831971,0.965216,0.136611,0.897792,0.156612;56@0.601951,0.962146,0.561672,0.423328,0.841836,0.620187,0.223673,0.349936,0.01447,0.551902,0.105044,0.962227;73@0.559416,0.748755;38@0.463053,0.631253,0.902339,0.968973,0.970533,0.358193,0.639148,0.190563,0.168343,0.24434;1@;14@0.845149,0.821954,0.719461,0.686257,0.47225,0.577119,0.571877,0.562751,0.985951;41@;32@0.577147,0.779949,0.502164,0.72462;70@0.815782,0.043142,0.923612,0.908485;43@0.691015,0.919098,0.373804,0.687629,0.76632,0.509351,0.629185,0.020845,0.949804,0.810166,0.424613;65@0.473403,0.745574,0.103169,0.920408;20@0.574988,0.448101,0.841434,0.720435;40@0.51334,0.513759,0.063407;100@0.117597;37@0.594549,0.333419,0.077714,0.532812,0.638328,0.401541,0.760364,0.146072,0.770052,0.361137,0.280496,0.838462,0.177652;27@0.261107,0.985311,0.029954,0.549489,0.628059,0.379402,0.432629;92@0.421082,0.284225,0.457276,0.596263,0.775326;10@0.063636,0.927033,0.869724,0.18198,0.6594,0.842463,0.6861,0.373566,0.923129,0.700263,0.103488,0.673328;75@0.185744,0.504983,0.327234,0.314468,0.552714,0.376029,0.51254,0.072126,0.742467,0.142739;84@0.003617,0.43272,0.361446,0.7152,0.784137,0.829937,0.063038,0.649444,0.954509,0.90768,0.233111;82@0.048873;47@0.744874,0.221319,0.084973,0.622852,0.562582,0.081092,0.025696,0.191607,0.820089,0.490276,0.634539;9@0.88247,0.453584,0.012757,0.828198,0.145989,0.351652,0.443234,0.89378,0.358763,0.094229,0.637795;39@0.256751,0.702574,0.089248,0.721593,0.85515,0.166479,0.848485,0.174929,0.499654;88@0.053981,0.817836,0.485462,0.315367,0.963095,0.939178,0.716716;30@0.550622,0.07123,0.854278,0.629601,0.345654,0.793805,0.411512,0.998857,0.697367,0.859098|1|1762487393
I20251108 00:02:58.820302 139717798590272 data_text_parser.cc:116] beg_pos: 12901,end_pos: 15103
I20251108 00:02:58.820315 139717798590272 data_text_parser.cc:59] line: 80|417|1720@1898512493:0.427029;1185@3523138041:0.192974;1587@1819880942:0.961001;1048@1314727009:0.15765;1413@3950643927:0.897633;1472@2048822463:0.253992;1861@1995537412:0.156493;1430@17881169:0.432915;1384@11162893:0.955862;1829@1248319377:0.337228;1635@1755870066:0.479124;1785@2222448467:0.703482;1712@1022287638:0.338426;1116@1853041476:0.389659;1010@2406619179:0.7208;1371@3803615164:0.828193;1381@3597049284:0.513968;1736@585304759:0.842886;1206@2891192570:0.584663;1202@2991886930:0.260751|67@0.921715,0.341208,0.217855,0.322055,0.143212,0.78218,0.37631,0.622603,0.500574,0.188282,0.722287;56@0.113514,0.332421,0.953585,0.331685,0.692531,0.800282,0.302142,0.72636,0.414007,0.068547,0.295655,0.887103;73@0.686546,0.274543;38@0.674657,0.861904,0.48645,0.081562,0.260716,0.04567,0.393208,0.655062,0.357875,0.460478;1@;14@0.354024,0.789254,0.572928,0.029603,0.306709,0.718998,0.425849,0.651143,0.06578;41@;32@0.673954,0.733323,0.625964,0.121922;70@0.727687,0.485872,0.713673,0.385114;43@0.031848,0.616518,0.128424,0.583366,0.160869,0.024478,0.997722,0.475445,0.609284,0.483176,0.994569;65@0.988367,0.776324,0.168486,0.94835;20@0.353237,0.761694,0.343555,0.371254;40@0.42807,0.663714,0.120216;100@0.237075;37@0.971122,0.09809,0.934057,0.04043,0.177891,0.598479,0.374489,0.4426,0.723106,0.036826,0.733188,0.728103,0.914256;27@0.970333,0.705673,0.356171,0.688889,0.286479,0.209248,0.165335;92@0.447775,0.955744,0.541573,0.324872,0.07999;10@0.42898,0.979001,0.242148,0.761808,0.730592,0.241524,0.266659,0.748017,0.194493,0.372583,0.172774,0.381328;75@0.922692,0.294822,0.703387,0.464237,0.523811,0.042643,0.022827,0.366721,0.844435,0.266836;84@0.156607,0.021264,0.025344,0.767838,0.699098,1e-05,0.651011,0.615881,0.403073,0.910924,0.963971;82@0.736158;47@0.039864,0.559877,0.91468,0.058936,0.681592,0.131059,0.974335,0.47521,0.655281,0.108044,0.175019;9@0.972324,0.65253,0.831438,0.944854,0.692523,0.668174,0.648456,0.197599,0.953624,0.776058,0.8643;39@0.501561,0.477881,0.546879,0.853598,0.799908,0.460655,0.546012,0.573939,0.830363;88@0.191058,0.726787,0.543476,0.848106,0.995751,0.448096,0.102102;30@0.887751,0.765166,0.422169,0.874815,0.75725,0.929853,0.172898,0.825,0.039454,0.921861|1|1762487393
I20251108 00:02:58.820355 139717798590272 data_text_parser.cc:116] beg_pos: 15104,end_pos: 17316
I20251108 00:02:58.820368 139717798590272 data_text_parser.cc:59] line: 81|322|1720@238889453:0.571731;1185@2269441858:0.32825;1587@2828928604:0.52956;1048@3556761845:0.00083;1413@2652208500:0.837368;1472@2485558304:0.368361;1861@915166061:0.251897;1430@2463719484:0.815158;1384@1467200628:0.596729;1829@3724272066:0.878096;1635@1168323474:0.660803;1785@3029706855:0.222074;1712@3269936803:0.143948;1116@1860708492:0.110193;1010@2145584469:0.09747;1371@3254963123:0.954923;1381@3060285846:0.353505;1736@273014513:0.262195;1206@3729918206:0.129784;1202@4066178214:0.365562|67@0.732982,0.561926,0.426751,0.55068,0.01209,0.402485,0.322604,0.578229,0.879162,0.685276,0.356504;56@0.784456,0.220565,0.013278,0.286152,0.041669,0.07631,0.687877,0.879562,0.524425,0.005288,0.021011,0.777207;73@0.529351,0.704952;38@0.748607,0.063974,0.532194,0.013841,0.660928,0.374308,0.574871,0.02681,0.288581,0.535776;1@;14@0.829935,0.128888,0.939988,0.533868,0.330739,0.022999,0.906995,0.185836,0.516531;41@;32@0.545979,0.731201,0.292776,0.77271;70@0.110416,0.675935,0.241626,0.880478;43@0.801143,0.945105,0.79261,0.637099,0.139303,0.429294,0.041679,0.164901,0.467594,0.622857,0.890934;65@0.955625,0.608276,0.319692,0.711333;20@0.271298,0.517368,0.182233,0.239544;40@0.184846,0.46768,0.070101;100@0.814598;37@0.455149,0.089727,0.398948,0.563794,0.703997,0.436187,0.202133,0.84273,0.712255,0.175008,0.306125,0.31867,0.240342;27@0.090417,0.899719,0.115799,0.221546,0.099392,0.880228,0.345334;92@0.961153,0.278068,0.866301,0.625416,0.763397;10@0.233462,0.382567,0.715827,0.690948,0.112543,0.234259,0.547679,0.490684,0.912697,0.664557,0.727596,0.353295;75@0.389027,0.771811,0.65397,0.144201,0.263178,0.232735,0.316945,0.697577,0.039204,0.956309;84@0.814847,0.529613,0.473187,0.313394,0.112715,0.161779,0.664472,0.420993,0.762885,0.371972,0.09015;82@0.93134;47@0.430774,0.654448,0.792226,0.168655,0.162298,0.722914,0.691035,0.446231,0.319118,0.383573,0.699635;9@0.338528,0.026827,0.204545,0.26099,0.058355,0.740317,0.001705,0.197494,0.04394,0.313679,0.182874;39@0.119742,0.015362,0.478166,0.106869,0.467055,0.20464,0.860137,0.448077,0.718573;88@0.357832,0.255658,0.489761,0.081638,0.199469,0.545584,0.008752;30@0.449437,0.3754,0.161963,0.593451,0.937198,0.250224,0.278475,0.842248,0.414714,0.472223|0|1762487393
I20251108 00:02:58.820403 139717798590272 data_text_parser.cc:116] beg_pos: 17317,end_pos: 19523
I20251108 00:02:58.820422 139717798590272 data_text_parser.cc:59] line: 82|696|1720@732632173:0.156101;1185@3046470824:0.85099;1587@25523842:0.069876;1048@1919446758:0.173547;1413@1972535142:0.777193;1472@575169627:0.383526;1861@1188182791:0.942168;1430@3486175086:0.801661;1384@2406453815:0.055733;1829@3398649579:0.813626;1635@1949052636:0.543191;1785@3285576626:0.417351;1712@1239364460:0.258579;1116@517867517:0.8787;1010@2891911665:0.851655;1371@411826938:0.168159;1381@1163097282:0.747037;1736@455829992:0.186704;1206@3559135760:0.257646;1202@2399586174:0.944508|67@0.603222,0.97147,0.965579,0.995193,0.250921,0.684754,0.394936,0.66647,0.904628,0.352442,0.998967;56@0.755997,0.062514,0.896792,0.410433,0.775837,0.100532,0.78648,0.539294,0.762511,0.241347,0.812259,0.187417;73@0.626351,0.620362;38@0.774519,0.581244,0.292646,0.314942,0.789722,0.43602,0.291714,0.839067,0.186033,0.545756;1@;14@0.773122,0.527093,0.216368,0.430801,0.841584,0.407325,0.77822,0.824196,0.68422;41@;32@0.068783,0.016801,0.360927,0.35464;70@0.829772,0.882472,0.680763,0.794243;43@0.711662,0.631443,0.19044,0.246615,0.216518,0.818732,0.101895,0.970735,0.737609,0.794091,0.405252;65@0.523571,0.642219,0.201149,0.603078;20@0.933918,0.50607,0.066741,0.593294;40@0.303478,0.263778,0.653267;100@0.541812;37@0.898755,0.680278,0.597012,0.208696,0.712388,0.818019,0.111968,0.62687,0.139428,0.280906,0.542708,0.251827,0.409351;27@0.910726,0.839911,0.286994,0.505576,0.09918,0.374296,0.131032;92@0.084251,0.350952,0.147505,0.487485,0.99263;10@0.857733,0.780113,0.917051,0.642605,0.388599,0.046556,0.247032,0.12763,0.381231,0.002905,0.606528,0.797776;75@0.940588,0.71415,0.607346,0.000502,0.825103,0.569573,0.528537,0.302426,0.021137,0.573653;84@0.38206,0.958962,0.564038,0.42033,0.127513,0.060723,0.689215,0.263102,0.659711,0.384589,0.331592;82@0.793468;47@0.560828,0.16084,0.923066,0.693259,0.820885,0.308217,0.263435,0.072567,0.948507,0.89054,0.743325;9@0.415329,0.705824,0.813304,0.835884,0.597027,0.734441,0.813406,0.372945,0.017671,0.834644,0.535746;39@0.101393,0.630078,0.692844,0.542618,0.811348,0.626585,0.32066,0.675509,0.750163;88@0.782511,0.357683,0.034099,0.363681,0.369625,0.585587,0.518352;30@0.397149,0.602494,0.292964,0.06979,0.369258,0.352175,0.600858,0.019874,0.831988,0.471238|0|1762487393
I20251108 00:02:58.820445 139717798590272 data_text_parser.cc:116] beg_pos: 19524,end_pos: 20480
I20251108 00:02:58.820697 139717798590272 data_text_parser.cc:101] get chunk buffer, size: 20480
I20251108 00:02:58.820719 139717798590272 data_text_parser.cc:116] beg_pos: 0,end_pos: 1245
I20251108 00:02:58.820727 139717798590272 data_text_parser.cc:61] buffer line: 83|700|1720@1909115534:0.488911;1185@3784578185:0.055321;1587@2346721641:0.171385;1048@146115136:0.404063;1413@3025773980:0.954569;1472@2913546035:0.146303;1861@3839118656:0.085246;1430@368259861:0.12153;1384@369078461:0.732386;1829@612770422:0.370815;1635@3682534486:0.001057;1785@651302668:0.453875;1712@1987402500:0.158689;1116@3130653288:0.209445;1010@1818576970:0.91142;1371@1418516945:0.701794;1381@2865615433:0.813608;1736@2973142829:0.550337;1206@169885306:0.656537;1202@1992761669:0.452003|67@0.124409,0.15468,0.90592,0.20607,0.127567,0.274542,0.236298,0.31868,0.638499,0.457299,0.936857;56@0.050793,0.910466,0.415395,0.299622,0.24596,0.023241,0.295567,0.357365,0.876825,0.975808,0.275485,0.914568;73@0.316172,0.859482;38@0.141896,0.966742,0.839504,0.3762,0.001441,0.938567,0.553598,0.428446,0.831954,0.156428;1@;14@0.427452,0.103399,0.348614,0.714502,0.423101,0.186448,0.500113,0.442771,0.113463;41@;32@0.590732,0.94164,0.720845,0.438533;70@0.372969,0.690799,0.168188,0.148608;43@0.71467,0.705603,0.213777,0.998659,0.309777,0.177844,0.068992,0.570635,0.97144,0.473104,0.2832;65@0.115243,0.738063,0.507523,0.889209;20@0.488848,0.093692,0.170872,0.831857;40@0.830273,0.025035,0.113073;100@0.105115;37@0.893158,0.989664,0.683228,0.458468,0.595247,0.731303,0.65339,0.596354,0.629289,0.177008,0.218195,0.267508,0.455994;27@0.871563,0.640607,0.332312,0.909939,0.078683,0.797089,0.325143;92@0.21109,0.259089,0.6175,0.720023,0.038577;10@0.757244,0.183667,0.271618,0.508566,0.428404,0.120308,0.202905,0.868935,0.090545,0.330828,0.735547,0.691031;75@0.20128,0.631836,0.022085,0.51441,0.295828,0.899369,0.787182,0.392472,0.514889,0.881279;84@0.548259,0.576968,0.005171,0.365391,0.138491,0.066412,0.81215,0.249904,0.415914,0.076289,0.964354;82@0.47657;47@0.281467,0.295531,0.268554,0.872857,0.50527,0.879272,0.284563,0.613542,0.10874,0.947404,0.024987;9@0.042929,0.71923,0.040222,0.318306,0.859895,0.699284,0.554673,0.40308,0.356352,0.859091,0.854945;39@0.012956,0.149256,0.582047,0.570113,0.133526,0.142738,0.098603,0.677314,0.525088;88@0.931792,0.070063,0.199826,0.14511,0.708452,0.300659,0.199912;30@0.690461,0.22054,0.744179,0.346551,0.628762,0.931589,0.64073,0.353338,0.674454,0.405969|0|1762487393
I20251108 00:02:58.820770 139717798590272 data_text_parser.cc:116] beg_pos: 1246,end_pos: 3461
I20251108 00:02:58.820783 139717798590272 data_text_parser.cc:59] line: 84|119|1720@1686015396:0.832941;1185@3786461514:0.426321;1587@292072842:0.790644;1048@3574715693:0.539826;1413@1604222837:0.808821;1472@1910430348:0.348352;1861@4012064098:0.659739;1430@430117580:0.380135;1384@1965448764:0.873504;1829@2498848245:0.677476;1635@3412204920:0.864444;1785@3585359007:0.466403;1712@750781155:0.466783;1116@1282311674:0.113804;1010@2116329884:0.535684;1371@3061055941:0.290966;1381@138231296:0.76261;1736@1230723139:0.795039;1206@2314452790:0.950575;1202@1589612355:0.893379|67@0.694223,0.471417,0.402391,0.396501,0.936675,0.124306,0.552098,0.083284,0.372331,0.124334,0.932934;56@0.00434,0.928328,0.285899,0.12425,0.170747,0.221368,0.530952,0.918136,0.376539,0.03677,0.368121,0.764696;73@0.517346,0.970274;38@0.154015,0.677473,0.268655,0.255074,0.967775,0.530282,0.41292,0.157594,0.041856,0.03263;1@;14@0.38343,0.009632,0.492969,0.579335,0.004026,0.495119,0.733921,0.975133,0.231017;41@;32@0.66219,0.217601,0.564658,0.702406;70@0.580453,0.920736,0.805409,0.338691;43@0.052164,0.698861,0.667768,0.321346,0.199746,0.959056,0.896917,0.721203,0.348044,0.196644,0.790251;65@0.988761,0.100326,0.288051,0.965391;20@0.546232,0.574068,0.121702,0.772098;40@0.367647,0.943988,0.119326;100@0.073541;37@0.737182,0.382511,0.210832,0.978907,0.689457,0.281919,0.147825,0.228339,0.46401,0.273241,0.076007,0.163615,0.099278;27@0.260847,0.42028,0.541325,0.792247,0.83433,0.651519,0.987943;92@0.493565,0.872307,0.967476,0.889282,0.725627;10@0.521068,0.228546,0.733535,0.312808,0.318644,0.95065,0.558797,0.005028,0.833697,0.273652,0.318034,0.89231;75@0.160934,0.635251,0.466821,0.842168,0.807623,0.482046,0.310671,0.346506,0.082298,0.917055;84@0.556697,0.717825,0.761859,0.511931,0.538417,0.438066,0.194612,0.328903,0.842599,0.599112,0.522908;82@0.930201;47@0.279501,0.660587,0.274412,0.724598,0.35533,0.968148,0.72484,0.162869,0.118118,0.141806,0.275798;9@0.675624,0.003329,0.296439,0.336865,0.974976,0.189555,0.479794,0.886447,0.564606,0.50434,0.037191;39@0.156239,0.401105,0.193764,0.011625,0.461887,0.188537,0.962632,0.32306,0.228129;88@0.316811,0.641773,0.066728,0.496484,0.380949,0.726253,0.373054;30@0.618473,0.752868,0.109003,0.766698,0.295041,0.274394,0.965329,0.586061,0.853042,0.933475|1|1762487393
I20251108 00:02:58.820815 139717798590272 data_text_parser.cc:116] beg_pos: 3462,end_pos: 5665
I20251108 00:02:58.820827 139717798590272 data_text_parser.cc:59] line: 85|748|1720@2087754436:0.425613;1185@229617862:0.685616;1587@391797039:0.305126;1048@1105331811:0.127709;1413@3219514854:0.543361;1472@3660589356:0.753012;1861@3369745040:0.801104;1430@988490781:0.76238;1384@2393435127:0.507535;1829@1193348877:0.596359;1635@2996624663:0.699547;1785@4245577421:0.547699;1712@3398179400:0.608569;1116@1138375486:0.627058;1010@1534692659:0.469361;1371@1312009098:0.263439;1381@822728080:0.103682;1736@3707076228:0.585275;1206@4262633349:0.854099;1202@298675368:0.527777|67@0.658529,0.380361,0.212821,0.797209,0.47684,0.691016,0.401857,0.447789,0.882338,0.002765,0.423685;56@0.382892,0.120606,0.283653,0.003701,0.789114,0.372593,0.312993,0.191325,0.989541,0.573559,0.55468,0.579752;73@0.831229,0.340455;38@0.078116,0.521835,0.605498,0.100412,0.839236,0.168581,0.697823,0.889231,0.442993,0.422998;1@;14@0.053249,0.834388,0.872222,0.016133,0.006237,0.054525,0.364046,0.401103,0.079233;41@;32@0.234168,0.306889,0.218819,0.915298;70@0.166686,0.559058,0.524558,0.595778;43@0.37884,0.459423,0.422038,0.76853,0.953251,0.004826,0.511191,0.243423,0.22084,0.873391,0.193645;65@0.35287,0.574363,0.42608,0.614698;20@0.606782,0.788208,0.855799,0.189514;40@0.263288,0.274566,0.064808;100@0.16659;37@0.985224,0.227247,0.721591,0.564401,0.536254,0.469081,0.479549,0.445643,0.205545,0.596574,0.548583,0.290028,0.398656;27@0.987621,0.037993,0.124232,0.121351,0.250505,0.604446,0.629294;92@0.985167,0.879098,0.650198,0.336447,0.729578;10@0.593186,0.566357,0.873783,0.814958,0.526261,0.470649,0.513439,0.748197,0.129822,0.730019,0.828992,0.801114;75@0.714247,0.679,0.034231,0.577545,0.061161,0.10543,0.295583,0.415294,0.700679,0.18605;84@0.29607,0.366068,0.250377,0.5948,0.827697,0.275974,0.545312,0.301166,0.158964,0.569546,0.344624;82@0.505503;47@0.010851,0.514878,0.133366,0.041871,0.805851,0.57199,0.826145,0.079041,0.3127,0.18259,0.592554;9@0.01056,0.503304,0.48586,0.742078,0.840239,0.77403,0.998307,0.964888,0.946121,0.407355,0.08847;39@0.954295,0.372066,0.49345,0.748111,0.715349,0.589009,0.838544,0.895843,0.066988;88@0.136541,0.033201,0.788833,0.013206,0.123573,0.942528,0.99344;30@0.36747,0.368084,0.969703,0.717616,0.307902,0.306695,0.564497,0.808766,0.853064,0.155267|0|1762487393
I20251108 00:02:58.820868 139717798590272 data_text_parser.cc:116] beg_pos: 5666,end_pos: 7872
I20251108 00:02:58.820880 139717798590272 data_text_parser.cc:59] line: 86|353|1720@2494429406:0.047704;1185@4212452205:0.668903;1587@1624803472:0.668049;1048@413876767:0.904342;1413@203090791:0.17042;1472@2145584469:0.901153;1861@1523852024:0.554191;1430@3489707358:0.46388;1384@1808040064:0.666414;1829@1885195784:0.41535;1635@3662684976:0.036571;1785@270738670:0.588865;1712@3010451602:0.091954;1116@2890203754:0.414749;1010@1270507282:0.268752;1371@1030102679:0.110839;1381@3223374935:0.938007;1736@2764398770:0.462975;1206@4190673957:0.327103;1202@1230987459:0.230511|67@0.212874,0.577406,0.886985,0.050013,0.04788,0.110317,0.60991,0.980387,0.631239,0.194713,0.353519;56@0.056921,0.312172,0.233621,0.267555,0.771704,0.87536,0.317625,0.205226,0.124302,0.996051,0.863754,0.68953;73@0.217396,0.875135;38@0.909082,0.142471,0.316479,0.600952,0.432576,0.403101,0.116441,0.098323,0.846469,0.834925;1@;14@0.906795,0.78273,0.640835,0.115853,0.15467,0.899249,0.187396,0.582976,0.559774;41@;32@0.996811,0.466367,0.285655,0.156108;70@0.197196,0.443346,0.418337,0.380846;43@0.244845,0.848875,0.466155,0.482492,0.000544,0.606357,0.914732,0.769463,0.197037,0.2475,0.150434;65@0.670203,0.990013,0.963411,0.96443;20@0.597493,0.203541,0.616212,0.94458;40@0.640285,0.202636,0.866008;100@0.167004;37@0.215304,0.865316,0.731729,0.010934,0.61404,0.404399,0.987719,0.288835,0.97154,0.790991,0.457759,0.007412,0.905472;27@0.377554,0.438519,0.379518,0.121377,0.882911,0.265973,0.431959;92@0.99036,0.141814,0.707597,0.754336,0.857197;10@0.617105,0.65499,0.657454,0.915955,0.671904,0.385217,0.947622,0.66934,0.042362,0.3193,0.755457,0.176719;75@0.745284,0.789122,0.435864,0.19692,0.684442,0.56944,0.905595,0.556197,0.969338,0.919311;84@0.106752,0.165693,0.415024,0.510227,0.163055,0.651236,0.698003,0.392583,0.856582,0.463424,0.028775;82@0.15948;47@0.016764,0.706793,0.339619,0.081291,0.265758,0.558013,0.697168,0.404203,0.516329,0.891549,0.312414;9@0.517173,0.907189,0.650971,0.916525,0.071677,0.569967,0.620469,0.856889,0.659236,0.875702,0.726622;39@0.206099,0.32926,0.866645,0.545593,0.162736,0.939655,0.260787,0.061684,0.423188;88@0.532081,0.360961,0.59407,0.407176,0.187728,0.050844,0.143406;30@0.661075,0.350772,0.793637,0.86767,0.87012,0.117035,0.028847,0.841993,0.952189,0.112038|1|1762487393
I20251108 00:02:58.820911 139717798590272 data_text_parser.cc:116] beg_pos: 7873,end_pos: 10077
I20251108 00:02:58.820923 139717798590272 data_text_parser.cc:59] line: 87|989|1720@2349719498:0.534452;1185@1750089866:0.505283;1587@2469221517:0.561864;1048@1096132357:0.346724;1413@3113406419:0.679421;1472@1356988771:0.070586;1861@4246995094:0.570006;1430@1599395705:0.064199;1384@385337095:0.741901;1829@2497629738:0.292082;1635@910114641:0.532071;1785@887170462:0.375445;1712@4152877778:0.396317;1116@2692816430:0.969707;1010@1492460918:0.448404;1371@4101616527:0.561691;1381@3784956248:0.149282;1736@1600757849:0.203899;1206@956179054:0.47253;1202@1158350838:0.759309|67@0.553488,0.806033,0.943436,0.867318,0.945762,0.529924,0.81045,0.28218,0.841972,0.714563,0.96098;56@0.770551,0.572756,0.25842,0.725483,0.034077,0.378196,0.785874,0.793238,0.33563,0.839848,0.98798,0.951059;73@0.209031,0.38802;38@0.933756,0.447407,0.962657,0.025133,0.983502,0.502037,0.523585,0.54121,0.42436,0.002675;1@;14@0.436953,0.033044,0.009128,0.428194,0.704556,0.191971,0.702341,0.089902,0.572312;41@;32@0.245254,0.195359,0.146482,0.623967;70@0.360099,0.276899,0.034891,0.17098;43@0.866746,0.978567,0.723159,0.192539,0.233635,0.855903,0.605993,0.908644,0.892652,0.756372,0.180773;65@0.153301,0.446147,0.856423,0.133591;20@0.089531,0.38463,0.43823,0.820512;40@0.533808,0.079318,0.563055;100@0.927228;37@0.152627,0.81676,0.245641,0.875276,0.125581,0.811135,0.168601,0.300505,0.970074,0.109648,0.196007,0.37384,0.331931;27@0.107226,0.816344,0.397159,0.386893,0.56602,0.571223,0.894396;92@0.180436,0.159973,0.829749,0.829253,0.260558;10@0.813796,0.462656,0.524671,0.559221,0.016317,0.319911,0.440205,0.978613,0.349869,0.26584,0.499871,0.395724;75@0.96509,0.178414,0.373517,0.123246,0.905927,0.217186,0.377811,0.605995,0.099702,0.646564;84@0.618242,0.165131,0.436605,0.067678,0.453817,0.84791,0.297006,0.950328,0.147208,0.872824,0.279409;82@0.678991;47@0.07531,0.825366,0.612499,0.632224,0.585579,0.076503,0.200227,0.980755,0.638636,0.690348,0.855497;9@0.210136,0.278862,0.96264,0.406976,0.687544,0.230476,0.383559,0.92146,0.694953,0.400864,0.66144;39@0.209366,0.015723,0.619462,0.29155,0.659251,0.59951,0.79231,0.010364,0.681635;88@0.919489,0.274826,0.275904,0.509128,0.34236,0.596486,0.653037;30@0.849231,0.410635,0.145121,0.409607,0.483988,0.456485,0.17454,0.510664,0.595041,0.473598|1|1762487393
I20251108 00:02:58.820965 139717798590272 data_text_parser.cc:116] beg_pos: 10078,end_pos: 12282
I20251108 00:02:58.820977 139717798590272 data_text_parser.cc:59] line: 88|3|1720@594262026:0.449058;1185@4180922086:0.61642;1587@2657168008:0.01557;1048@722555436:0.55384;1413@852976159:0.139309;1472@619466390:0.584504;1861@3823880411:0.594553;1430@1845574325:0.393365;1384@343175831:0.195529;1829@4001315011:0.699715;1635@1216944280:0.303141;1785@234047070:0.722754;1712@3481164877:0.183081;1116@2423908237:0.290256;1010@1262596909:0.028769;1371@3078124074:0.401389;1381@2426558407:0.980697;1736@3779626714:0.217772;1206@4193619401:0.349973;1202@1968217766:0.725105|67@0.03464,0.001724,0.128425,0.557195,0.447952,0.156256,0.091778,0.862387,0.26812,0.686806,0.685697;56@0.535558,0.65758,0.333388,0.029618,0.853409,0.515691,0.940562,0.600378,0.79837,0.858127,0.458045,0.130006;73@0.083743,0.042285;38@0.330904,0.983483,0.478725,0.284807,0.260627,0.52377,0.709541,0.960556,0.155125,0.045477;1@;14@0.411539,0.322657,0.478873,0.521516,0.319051,0.644572,0.121783,0.955883,0.262213;41@;32@0.786566,0.56692,0.474387,0.191576;70@0.861069,0.998894,0.215668,0.592955;43@0.379715,0.303559,0.083336,0.281817,0.355562,0.909609,0.800565,0.749317,0.616661,0.424105,0.184483;65@0.02528,0.715514,0.074979,0.563512;20@0.882967,0.658939,0.248005,0.595889;40@0.949482,0.686922,0.22826;100@0.772958;37@0.91901,0.069139,0.82696,0.724927,0.611703,0.944103,0.313414,0.958593,0.023256,0.629399,0.463331,0.688833,0.69869;27@0.25439,0.65984,0.648398,0.855375,0.172533,0.066876,0.527975;92@0.95246,0.681735,0.600429,0.72356,0.450652;10@0.077148,0.482522,0.540159,0.077868,0.974321,0.34048,0.047595,0.367471,0.665018,0.509542,0.935544,0.734622;75@0.927075,0.526284,0.076506,0.239425,0.49228,0.805243,0.113033,0.323635,0.32495,0.784849;84@0.12173,0.422577,0.717931,0.750204,0.757593,0.886713,0.626821,0.577394,0.483951,0.443933,0.999592;82@0.272591;47@0.417902,0.727199,0.269937,0.936923,0.218246,0.409537,0.445783,0.435238,0.279394,0.964071,0.398135;9@0.577784,0.372865,0.620202,0.299089,0.793064,0.298936,0.80835,0.940131,0.835488,0.668992,0.801533;39@0.78708,0.513788,0.295963,0.627143,0.586478,0.803604,0.510077,0.365294,0.313815;88@0.860535,0.639922,0.317556,0.169284,0.569572,0.003708,0.674961;30@0.408958,0.725319,0.629829,0.758127,0.394727,0.671039,0.111264,0.031579,0.598983,0.159344|0|1762487393
I20251108 00:02:58.821018 139717798590272 data_text_parser.cc:116] beg_pos: 12283,end_pos: 14499
I20251108 00:02:58.821030 139717798590272 data_text_parser.cc:59] line: 89|603|1720@1265233644:0.461239;1185@4289078213:0.232384;1587@1277876526:0.275165;1048@2133685260:0.547752;1413@1673691406:0.261072;1472@1467441894:0.24042;1861@3437501115:0.615465;1430@2923026714:0.803954;1384@3133242917:0.036478;1829@1997756892:0.924801;1635@1482122106:0.199288;1785@2590533256:0.485823;1712@202693671:0.599257;1116@1307834546:0.846335;1010@3491006586:0.341509;1371@3365014404:0.533609;1381@791187066:0.932741;1736@2533729166:0.519414;1206@2730526753:0.339181;1202@3416835091:0.574668|67@0.979197,0.29565,0.043629,0.442422,0.165506,0.823718,0.549057,0.83325,0.691061,0.326753,0.111492;56@0.045271,0.70869,0.69051,0.519409,0.221033,0.990684,0.146355,0.009909,0.199187,0.078833,0.943559,0.319314;73@0.066391,0.218024;38@0.391183,0.652907,0.148749,0.822126,0.589703,0.463813,0.49712,0.457174,0.087533,0.174737;1@;14@0.078984,0.933932,0.845255,0.761456,0.446968,0.574542,0.936482,0.914797,0.82013;41@;32@0.448376,0.069639,0.362676,0.048821;70@0.823148,0.484931,0.866718,0.582287;43@0.835778,0.002532,0.870908,0.892681,0.150114,0.606051,0.653988,0.804375,0.21121,0.128241,0.156784;65@0.934623,0.054738,0.406027,0.957855;20@0.710395,0.950548,0.962944,0.450368;40@0.763173,0.071965,0.849724;100@0.937085;37@0.432376,0.867036,0.606247,0.78237,0.204517,0.592171,0.961889,0.005981,0.498432,0.982243,0.754703,0.022617,0.995651;27@0.082857,0.263234,0.118754,0.413528,0.20744,0.086174,0.806719;92@0.655879,0.517865,0.710385,0.273881,0.17451;10@0.871907,0.478045,0.255938,0.040678,0.762851,0.829147,0.843195,0.665271,0.995105,0.077132,0.758493,0.344974;75@0.144293,0.42667,0.4513,0.123369,0.775818,0.36788,0.619307,0.292136,0.97612,0.600689;84@0.165429,0.549678,0.167531,0.783336,0.427002,0.175517,0.892382,0.128845,0.44561,0.188913,0.426843;82@0.539501;47@0.105835,0.704995,0.728668,0.380931,0.980146,0.827731,0.148661,0.434222,0.262733,0.643728,0.481566;9@0.910734,0.933119,0.322008,0.031728,0.038913,0.643504,0.316744,0.877385,0.921107,0.599029,0.632805;39@0.58497,0.967587,0.094736,0.437078,0.335806,0.082525,0.871357,0.693139,0.292374;88@0.412801,0.744188,0.691939,0.185487,0.847423,0.701238,0.384102;30@0.536004,0.007717,0.800309,0.548678,0.852387,0.175226,0.540235,0.943905,0.443359,0.782361|1|1762487393
I20251108 00:02:58.821061 139717798590272 data_text_parser.cc:116] beg_pos: 14500,end_pos: 16710
I20251108 00:02:58.821073 139717798590272 data_text_parser.cc:59] line: 90|925|1720@3919201719:0.115365;1185@2804300294:0.398713;1587@1163106716:0.972057;1048@4263128675:0.918253;1413@3756642271:0.662662;1472@4217273619:0.80601;1861@2310913057:0.604791;1430@807492233:0.999333;1384@314993624:0.532331;1829@743076711:0.6484;1635@2758032173:0.619923;1785@1972354550:0.680359;1712@2796723332:0.514471;1116@520817309:0.297982;1010@822728080:0.374284;1371@4100192084:0.517568;1381@2858044663:0.475761;1736@2097870213:0.24824;1206@1398582696:0.543113;1202@2200760129:0.47113|67@0.073734,0.378758,0.22179,0.721158,0.742,0.187283,0.978334,0.542749,0.627062,0.587142,0.064825;56@0.704692,0.560843,0.094292,0.06015,0.314375,0.648319,0.23395,0.825215,0.257039,0.231377,0.210568,0.597932;73@0.095947,0.242883;38@0.221795,0.564401,0.33384,0.211874,0.098742,0.020602,0.088772,0.660553,0.492874,0.201082;1@;14@0.753601,0.769463,0.958229,0.364906,0.854753,0.202903,0.106504,0.652024,0.020774;41@;32@0.454031,0.960395,0.527315,0.819174;70@0.962168,0.141228,0.162264,0.537086;43@0.142863,0.478296,0.870874,0.358191,0.845715,0.222082,0.651559,0.78178,0.133025,0.892921,0.088949;65@0.850573,0.793487,0.52231,0.972608;20@0.000621,0.684638,0.30627,0.731137;40@0.755935,0.034125,0.460573;100@0.265662;37@0.301121,0.992853,0.350368,0.524122,0.536338,0.899311,0.057852,0.221908,0.297181,0.038036,0.67521,0.601618,0.039517;27@0.582554,0.608532,0.583856,0.563317,0.295979,0.638443,0.607252;92@0.739698,0.794719,0.775757,0.802863,0.561793;10@0.865661,0.797476,0.224961,0.244584,0.838899,0.735859,0.881819,0.746366,0.442819,0.095491,0.062967,0.256182;75@0.508541,0.629169,0.801469,0.162296,0.925423,0.584609,0.206828,0.75721,0.950064,0.095517;84@0.685478,0.52894,0.849657,0.977824,0.157675,0.930268,0.365391,0.303507,0.235366,0.122877,0.626128;82@0.226619;47@0.519277,0.966676,0.914153,0.198426,0.513701,0.619251,0.699743,0.190686,0.099796,0.608617,0.236911;9@0.006298,0.042461,0.927549,0.843769,0.114019,0.884029,0.970013,0.800675,0.541721,0.440255,0.656912;39@0.177191,0.662682,0.824248,0.043202,0.3234,0.215223,0.785015,0.507997,0.629375;88@0.315669,0.514477,0.857451,0.432197,0.100854,0.401875,0.434721;30@0.904445,0.882428,0.415064,0.414053,0.703869,0.079315,0.73677,0.280719,0.360847,0.621093|0|1762487393
I20251108 00:02:58.821114 139717798590272 data_text_parser.cc:116] beg_pos: 16711,end_pos: 18916
I20251108 00:02:58.821126 139717798590272 data_text_parser.cc:59] line: 91|543|1720@1584954522:0.595142;1185@1091214873:0.332358;1587@777453757:0.143318;1048@2897971325:0.356354;1413@2351773736:0.624379;1472@1435286917:0.531134;1861@2507415384:0.18819;1430@2867785934:0.546672;1384@1085340211:0.990255;1829@3961237500:0.481485;1635@1019887245:0.828259;1785@2366998000:0.797706;1712@28082074:0.654613;1116@3125009543:0.00338;1010@136575167:0.403293;1371@877920066:0.145652;1381@3263617369:0.512415;1736@1108913994:0.639649;1206@1059653251:0.255005;1202@1685281678:0.689356|67@0.858975,0.909745,0.179568,0.705552,0.427799,0.866121,0.785483,0.280417,0.84293,0.862048,0.180244;56@0.972731,0.817804,0.232903,0.746761,0.719024,0.054582,0.002251,0.392125,0.711424,0.672217,0.521138,0.339111;73@0.049179,0.248618;38@0.978203,0.807072,0.291125,0.516865,0.430323,0.753931,0.242018,0.22599,0.05786,0.67589;1@;14@0.072748,0.808729,0.759661,0.950903,0.088221,0.058728,0.844626,0.024943,0.315342;41@;32@0.665724,0.485149,0.393169,0.591755;70@0.813795,0.50939,0.482868,0.595489;43@0.230357,0.506815,0.871423,0.487672,0.417254,0.994182,0.356767,0.398488,0.831597,0.841106,0.587921;65@0.1087,0.610428,0.519845,0.796967;20@0.208141,0.555433,0.776566,0.773446;40@0.746939,0.581741,0.499943;100@0.983548;37@0.718033,0.138814,0.679148,0.1452,0.631009,0.176584,0.65195,0.165437,0.026428,0.114532,0.237721,0.403357,0.627958;27@0.206433,0.43392,0.983359,0.257725,0.113832,0.142725,0.794312;92@0.532806,0.425362,0.43257,0.302167,0.070721;10@0.289096,0.55137,0.170148,0.445641,0.601503,0.983556,0.961354,0.793457,0.181256,0.765922,0.83274,0.607044;75@0.342048,0.558894,0.193483,0.342396,0.893806,0.258959,0.269037,0.110113,0.847942,0.776123;84@0.452437,0.841807,0.976602,0.9588,0.068592,0.804375,0.529742,0.877828,0.762813,0.666518,0.547852;82@0.026485;47@0.262037,0.329581,0.353566,0.475602,0.582183,0.274776,0.288428,0.312348,0.537582,0.293703,0.553782;9@0.141743,0.705938,0.270263,0.367717,0.518646,0.87672,0.837105,0.130402,0.414605,0.548164,0.796865;39@0.000271,0.667243,0.320816,0.24862,0.037419,0.112782,0.091685,0.499613,0.974894;88@0.338165,0.957082,0.231694,0.601405,0.947074,0.729782,0.287621;30@0.98052,0.2778,0.173579,0.310514,0.440009,0.95748,0.669494,0.049365,0.596363,0.7582|0|1762487393
I20251108 00:02:58.821153 139717798590272 data_text_parser.cc:116] beg_pos: 18917,end_pos: 20480
I20251108 00:02:58.821414 139717798590272 data_text_parser.cc:101] get chunk buffer, size: 20480
I20251108 00:02:58.821430 139717798590272 data_text_parser.cc:116] beg_pos: 0,end_pos: 657
I20251108 00:02:58.821438 139717798590272 data_text_parser.cc:61] buffer line: 92|629|1720@1697125489:0.832232;1185@1904244134:0.339504;1587@3808873118:0.953704;1048@3687595625:0.017376;1413@2033194355:0.205146;1472@2620956583:0.537385;1861@3352669943:0.13418;1430@2135516762:0.089519;1384@1366616159:0.06535;1829@4264372819:0.083981;1635@3615927175:0.277148;1785@1398582696:0.805042;1712@2554464226:0.523004;1116@2936121823:0.237214;1010@2825135698:0.483989;1371@1541879841:0.165203;1381@2364066937:0.424254;1736@1456217203:0.82648;1206@2872928720:0.565596;1202@1081832613:0.200825|67@0.994266,0.017318,0.131983,0.52502,0.846013,0.247816,0.877386,0.572808,0.987175,0.813028,0.289547;56@0.612037,0.490035,0.29179,0.910628,0.54893,0.939376,0.776358,0.804768,0.833277,0.760758,0.207099,0.638619;73@0.194012,0.501665;38@0.860229,0.37343,0.472321,0.581967,0.105644,0.306511,0.507038,0.262799,0.884092,0.055655;1@;14@0.697299,0.426249,0.454323,0.034668,0.256573,0.141728,0.428484,0.001831,0.487534;41@;32@0.067285,0.593239,0.763476,0.179601;70@0.968347,0.344291,0.868002,0.441274;43@0.840361,0.106044,0.945143,0.809793,0.920168,0.066384,0.213649,0.024651,0.352664,0.220445,0.687546;65@0.420118,0.581901,0.26215,0.375139;20@0.776822,0.003792,0.61652,0.067082;40@0.803921,0.030638,0.417374;100@0.464144;37@0.724931,0.197812,0.122382,0.720934,0.30373,0.097839,0.429865,0.885137,0.399029,0.471511,0.775446,0.171429,0.202238;27@0.782236,0.769148,0.895421,0.216381,0.956006,0.755283,0.77097;92@0.234646,0.715145,0.959936,0.272696,0.094337;10@0.085126,0.184655,0.587029,0.002982,0.166505,0.027852,0.689132,0.311873,0.289225,0.945888,0.166396,0.345728;75@0.890304,0.831838,0.345926,0.72723,0.935913,0.291853,0.241458,0.243138,0.107193,0.652135;84@0.74879,0.753605,0.577373,0.148114,0.297688,0.264352,0.057742,0.001634,0.742153,0.327659,0.852516;82@0.834242;47@0.091033,0.407368,0.976491,0.501429,0.921472,0.542049,0.32284,0.638064,0.847879,0.689554,0.264618;9@0.739754,0.78365,0.525935,0.088643,0.766556,0.198364,0.825811,0.662324,0.436401,0.327907,0.581087;39@0.43713,0.538548,0.671722,0.109541,0.531701,0.299461,0.761448,0.674706,0.884836;88@0.459588,0.259679,0.280889,0.899702,0.982648,0.700343,0.698658;30@0.764211,0.530852,0.518715,0.844719,0.980654,0.638497,0.189912,0.116689,0.354424,0.900625|0|1762487393
I20251108 00:02:58.821480 139717798590272 data_text_parser.cc:116] beg_pos: 658,end_pos: 2859
I20251108 00:02:58.821492 139717798590272 data_text_parser.cc:59] line: 93|240|1720@1570596008:0.072214;1185@805270804:0.424076;1587@496054620:0.760123;1048@3565120749:0.347221;1413@3239605337:0.447333;1472@3822750722:0.819714;1861@2803531599:0.630088;1430@666617181:0.950076;1384@3956544415:0.588315;1829@741076129:0.682541;1635@2757963840:0.871854;1785@487052695:0.578499;1712@3495859661:0.573323;1116@1375828502:0.993925;1010@1605168875:0.198734;1371@3656441886:0.091321;1381@3966280571:0.182477;1736@4221890637:0.359527;1206@2274795160:0.546956;1202@2588229631:0.128334|67@0.525453,0.547733,0.424139,0.138343,0.879031,0.095057,0.423566,0.415103,0.112503,0.98258,0.910557;56@0.203564,0.247989,0.011506,0.2807,0.416479,0.057995,0.494131,0.095978,0.540983,0.471027,0.90805,0.766924;73@0.495509,0.481118;38@0.546261,0.563546,0.070544,0.183421,0.2395,0.842337,0.159991,0.806354,0.298352,0.3892;1@;14@0.84016,0.65664,0.203857,0.20064,0.53833,0.472736,0.391362,0.218384,0.028439;41@;32@0.495814,0.971914,0.8026,0.71506;70@0.806984,0.788226,0.193821,0.520372;43@0.387838,0.947945,0.364468,0.762538,0.022795,0.680274,0.175374,0.885117,0.493181,0.692223,0.815902;65@0.522911,0.038015,0.765587,0.479926;20@0.048286,0.454078,0.866053,0.832856;40@0.15804,0.885739,0.610595;100@0.759212;37@0.149635,0.578364,0.838181,0.985106,0.95538,0.049401,0.138941,0.991215,0.552264,0.353166,0.480207,0.206129,0.027634;27@0.895585,0.570791,0.883545,0.31634,0.30982,0.720906,0.929598;92@0.200255,0.050103,0.569674,0.303751,0.720562;10@0.357559,0.928578,0.949825,0.863919,0.622571,0.438141,0.952439,0.245601,0.66326,0.720705,0.757434,0.415844;75@0.493705,0.297523,0.07287,0.955344,0.262753,0.339966,0.86031,0.885354,0.377012,0.751221;84@0.605879,0.804504,0.636684,0.891737,0.338242,0.261455,0.904143,0.132654,0.121971,0.443258,0.006572;82@0.842173;47@0.19438,0.912541,0.488513,0.813285,0.087304,0.255464,0.747482,0.865308,0.3599,0.129533,0.093539;9@0.897255,0.793813,0.717763,0.817365,0.302923,0.343768,0.967663,0.451775,0.853085,0.35405,0.103432;39@0.941449,0.763277,0.556838,0.08038,0.834494,0.302917,0.473247,0.790143,0.69111;88@0.880348,0.415422,0.609193,0.138711,0.768784,0.688989,0.269944;30@0.865397,0.379736,0.566407,0.652014,0.365015,0.306581,0.76028,0.104678,0.879054,0.17534|0|1762487393
I20251108 00:02:58.821540 139717798590272 data_text_parser.cc:116] beg_pos: 2860,end_pos: 5071
I20251108 00:02:58.821552 139717798590272 data_text_parser.cc:59] line: 94|698|1720@3159616401:0.33839;1185@646566586:0.429751;1587@3687326693:0.154557;1048@3389216396:0.711228;1413@2594456004:0.656221;1472@4139344546:0.493674;1861@1833946566:0.098756;1430@904219804:0.934336;1384@3177268830:0.303914;1829@2609698006:0.114208;1635@1014598669:0.211215;1785@2385627986:0.348155;1712@3474854303:0.701984;1116@3926466919:0.019872;1010@2273150916:0.249568;1371@2286690431:0.410668;1381@1503176793:0.740515;1736@2733960443:0.813745;1206@1741429220:0.169521;1202@403884134:0.786625|67@0.388374,0.773257,0.465082,0.30146,0.318899,0.197314,0.496253,0.366983,0.217166,0.796724,0.980574;56@0.254503,0.81506,0.154225,0.399461,0.889744,0.930214,0.777567,0.30104,0.367572,0.831176,0.088209,0.24672;73@0.038659,0.39793;38@0.927811,0.284836,0.664011,0.890878,0.031366,0.445723,0.889098,0.659808,0.35627,0.74795;1@;14@0.91544,0.396369,0.060835,0.517807,0.297305,0.267371,0.302699,0.385476,0.143758;41@;32@0.460884,0.813569,0.898094,0.838482;70@0.767632,0.585212,0.382544,0.682085;43@0.89919,0.817151,0.49956,0.794328,0.53036,0.582014,0.321635,0.790557,0.327555,0.061282,0.73184;65@0.180018,0.177312,0.61472,0.096739;20@0.970495,0.322694,0.613555,0.704932;40@0.914097,0.884278,0.877739;100@0.223045;37@0.415126,0.741358,0.990444,0.01602,0.864645,0.067002,0.950968,0.302584,0.976922,0.203284,0.841233,0.997252,0.995572;27@0.439421,0.641823,0.991953,0.791818,0.119426,0.030397,0.922642;92@0.776333,0.843473,0.538059,0.912846,0.643027;10@0.48993,0.454095,0.854246,0.159939,0.920806,0.530095,0.565044,0.966183,0.245101,0.268912,0.36762,0.723503;75@0.619422,0.606871,0.268997,0.758165,0.26106,0.768187,0.076431,0.591837,0.430135,0.343872;84@0.074102,0.733042,0.451988,0.373793,0.329506,0.394623,0.827999,0.676898,0.144899,0.921913,0.560579;82@0.799361;47@0.380636,0.426909,0.189651,0.1744,0.691398,0.817721,0.373485,0.127454,0.531579,0.219134,0.923498;9@0.132704,0.363922,0.554012,0.891253,0.179303,0.160252,0.742086,0.250924,0.624796,0.666411,0.749719;39@0.643288,0.749882,0.671427,0.590014,0.498993,0.365372,0.83111,0.71159,0.136506;88@0.175087,0.358544,0.975861,0.649374,0.590714,0.380221,0.042846;30@0.679642,0.786336,0.649221,0.754683,0.107492,0.765502,0.955876,0.749548,0.470753,0.902809|1|1762487393
I20251108 00:02:58.821584 139717798590272 data_text_parser.cc:116] beg_pos: 5072,end_pos: 7278
I20251108 00:02:58.821595 139717798590272 data_text_parser.cc:59] line: 95|33|1720@1740063867:0.606856;1185@1381572513:0.368334;1587@3707160339:0.885472;1048@3968808614:0.859181;1413@3901920875:0.412703;1472@1406132489:0.756391;1861@45436087:0.327495;1430@289593020:0.552924;1384@936791122:0.414061;1829@2349719498:0.040582;1635@2837082906:0.807331;1785@486387023:0.50981;1712@452562901:0.413178;1116@2423193188:0.60776;1010@1960306768:0.555928;1371@1344605883:0.270463;1381@4102002181:0.428238;1736@4113543033:0.398965;1206@1122463419:0.812034;1202@1300481546:0.104036|67@0.251906,0.683293,0.926609,0.477344,0.844612,0.082162,0.958394,0.982981,0.346646,0.111156,0.828047;56@0.63939,0.426314,0.579689,0.262609,0.219001,0.171472,0.000773,0.127806,0.136396,0.554542,0.423915,0.315557;73@0.906301,0.192199;38@0.226972,0.428606,0.432904,0.186461,0.411542,0.230028,0.93156,0.876041,0.354113,0.631751;1@;14@0.032531,0.861171,0.067982,0.20973,0.123878,0.62839,0.679694,0.801508,0.550368;41@;32@0.66449,0.702714,0.407234,0.715356;70@0.071351,0.968629,0.827663,0.13392;43@0.111487,0.410292,0.899,0.486267,0.253936,0.742113,0.744131,0.615906,0.942646,0.073161,0.801224;65@0.23263,0.672085,0.015267,0.559465;20@0.554376,0.532624,0.384574,0.419605;40@0.781359,0.636729,0.301728;100@0.251321;37@0.780054,0.500463,0.189932,0.809269,0.043044,0.113331,0.147465,0.193163,0.189348,0.104656,0.061382,0.997243,0.322964;27@0.099191,0.09216,0.812955,0.907899,0.002221,0.688932,0.937982;92@0.859098,0.272216,0.40028,0.982926,0.988368;10@0.54842,0.806819,0.153438,0.453927,0.570109,0.761039,0.029215,0.879394,0.158324,0.086044,0.207285,0.399214;75@0.5097,0.675082,0.932803,0.486958,0.04145,0.083106,0.054633,0.375679,0.703751,0.558132;84@0.46586,0.611864,0.543862,0.110957,0.59921,0.698096,0.378502,0.89922,0.07154,0.330688,0.381328;82@0.329137;47@0.957797,0.371598,0.826969,0.559004,0.629491,0.555452,0.160881,0.773365,0.179615,0.937713,0.447386;9@0.775912,0.135017,0.627835,0.627723,0.702167,0.30631,0.384149,0.883717,0.630715,0.949858,0.746076;39@0.675654,0.384064,0.841579,0.696689,0.613532,0.415513,0.607938,0.530584,0.305471;88@0.773386,0.501483,0.910492,0.600437,0.643196,0.410555,0.848666;30@0.233954,0.725235,0.231742,0.609942,0.636575,0.664794,0.246362,0.180808,0.768412,0.595815|1|1762487393
I20251108 00:02:58.821636 139717798590272 data_text_parser.cc:116] beg_pos: 7279,end_pos: 9489
I20251108 00:02:58.821648 139717798590272 data_text_parser.cc:59] line: 96|737|1720@3157478751:0.532159;1185@1746401289:0.488452;1587@3044895629:0.002869;1048@2205753190:0.789186;1413@2307937666:0.803643;1472@1668905084:0.403988;1861@3444849098:0.414185;1430@3617705451:0.352812;1384@2709549145:0.4525;1829@2195125415:0.529005;1635@434472911:0.590015;1785@2032419418:0.192522;1712@3658950077:0.053206;1116@2996665034:0.547028;1010@2148638318:0.32086;1371@3528116029:0.682665;1381@3327423555:0.522591;1736@3184618720:0.318754;1206@1512899156:0.475954;1202@2359002833:0.750691|67@0.770202,0.370386,0.870205,0.518606,0.291848,0.989376,0.685619,0.620141,0.834961,0.398614,0.034398;56@0.225491,0.990445,0.365648,0.803897,0.443888,0.896736,0.80115,0.694903,0.95688,0.481808,0.655329,0.350262;73@0.646659,0.774981;38@0.074665,0.819988,0.961946,0.218429,0.052683,0.932964,0.315887,0.595126,0.295833,0.172424;1@;14@0.444581,0.900962,0.24542,0.244686,0.47924,0.328409,0.185881,0.185674,0.693648;41@;32@0.419152,0.710756,0.159716,0.388897;70@0.850502,0.710225,0.751396,0.801337;43@0.943578,0.333632,0.064573,0.780633,0.149181,0.859891,0.171187,0.218929,0.953071,0.658912,0.296278;65@0.799842,0.385881,0.210544,0.287729;20@0.399581,0.421898,0.538824,0.2404;40@0.804335,0.295101,0.529948;100@0.818369;37@0.794495,0.727059,0.027762,0.988356,0.056563,0.665596,0.996621,0.544047,0.46588,0.613459,0.041055,0.671633,0.708511;27@0.650858,0.033215,0.150206,0.712803,0.108825,0.500373,0.378678;92@0.093019,0.701736,0.350383,0.232259,0.416662;10@0.424885,0.488045,0.988588,0.597993,0.25971,0.584932,0.848039,0.726372,0.745711,0.865298,0.569346,0.929301;75@0.267876,0.45781,0.717811,0.922951,0.660821,0.291146,0.613661,0.771783,0.44119,0.820633;84@0.456396,0.692807,0.751304,0.678746,0.935385,0.43011,0.687302,0.569263,0.921275,0.644059,0.304886;82@0.03846;47@0.745106,0.14312,0.019312,0.201819,0.120014,0.985031,0.310988,0.05566,0.239238,0.620926,0.9046;9@0.882204,0.12675,0.569253,0.720774,0.769673,0.339334,0.677494,0.394586,0.715475,0.97818,0.66798;39@0.307871,0.015924,0.478502,0.183614,0.346164,0.774715,0.159937,0.911219,0.790787;88@0.926015,0.814619,0.860579,0.93619,0.292144,0.07013,0.179347;30@0.201475,0.602334,0.818643,0.608028,0.948884,0.628213,0.437969,0.042023,0.040221,0.62787|0|1762487393
I20251108 00:02:58.821680 139717798590272 data_text_parser.cc:116] beg_pos: 9490,end_pos: 11690
I20251108 00:02:58.821692 139717798590272 data_text_parser.cc:59] line: 97|372|1720@4200362228:0.115091;1185@752160270:0.550656;1587@116861462:0.203884;1048@2083475928:0.42119;1413@770375346:0.457674;1472@1917878532:0.077595;1861@4148692634:0.986523;1430@1987267463:0.077087;1384@2257350856:0.672741;1829@539662221:0.609749;1635@3254115402:0.285597;1785@3162413160:0.587018;1712@3095432747:0.573406;1116@812977241:0.270514;1010@2289776240:0.738269;1371@2188264349:0.043355;1381@1631302992:0.050015;1736@3417214873:0.132663;1206@137331101:0.262616;1202@1389797622:0.558631|67@0.700768,0.949268,0.490041,0.587425,0.321174,0.892213,0.876879,0.405256,0.405785,0.562024,0.710684;56@0.148075,0.380876,0.707059,0.298801,0.211575,0.6518,0.12457,0.823679,0.596198,0.267146,0.217896,0.597084;73@0.16473,0.662917;38@0.039572,0.124491,0.203002,0.339276,0.194873,0.692125,0.099751,0.703807,0.927849,0.960119;1@;14@0.476909,0.887549,0.8099,0.991229,0.2227,0.005426,0.793858,0.645292,0.15211;41@;32@0.263234,0.285109,0.599622,0.671483;70@0.467643,0.315625,0.03263,0.757265;43@0.633637,0.664143,0.816502,0.709455,0.0545,0.856192,0.039889,0.588547,0.516527,0.700483,0.197127;65@0.367619,0.897072,0.018532,0.69737;20@0.782064,0.572842,0.576233,0.474537;40@0.003785,0.881151,0.366334;100@0.26655;37@0.081766,0.909056,0.940534,0.61848,0.5613,0.952741,0.16421,0.576508,0.148881,0.252374,0.135225,0.95142,0.410733;27@0.387683,0.98207,0.038699,0.92178,0.847678,0.125519,0.882405;92@0.338709,0.345793,0.083286,0.496172,0.796518;10@0.983315,0.028636,0.404889,0.956702,0.367141,0.072472,0.657622,0.265141,0.17428,0.470344,0.862227,0.38827;75@0.676074,0.788723,0.213292,0.194885,0.12006,0.952959,0.557548,0.84526,0.835365,0.094034;84@0.060602,0.523323,0.94422,0.218362,0.280694,0.733985,0.370971,0.411024,0.157886,0.757337,0.80025;82@0.326616;47@0.131936,0.282437,0.071986,0.463135,0.301801,0.235006,0.667005,0.652528,0.195596,0.649278,0.483643;9@0.404805,0.217697,0.115529,0.808072,0.307513,0.532455,0.344172,0.043595,0.825556,0.921728,0.896886;39@0.539951,0.539825,0.54262,0.323372,0.118435,0.224999,0.603974,0.062617,0.803093;88@0.609219,0.998777,0.928202,0.545718,0.392624,0.241789,0.067881;30@0.106938,0.241356,0.28863,0.416111,0.846301,0.442944,0.818907,0.177635,0.319335,0.041232|1|1762487393
I20251108 00:02:58.821732 139717798590272 data_text_parser.cc:116] beg_pos: 11691,end_pos: 13895
I20251108 00:02:58.821745 139717798590272 data_text_parser.cc:59] line: 98|783|1720@3691053690:0.934631;1185@2845783935:0.137633;1587@3001733534:0.967644;1048@3898467722:0.777544;1413@951424762:0.720457;1472@3947179334:0.176718;1861@2637666742:0.358619;1430@3772207140:0.403118;1384@262212798:0.668483;1829@96451810:0.66104;1635@531561743:0.318254;1785@1296209059:0.368765;1712@4222742707:0.050324;1116@1237581040:0.236509;1010@1012028201:0.555713;1371@193198702:0.065382;1381@2564697372:0.508409;1736@3372193811:0.471804;1206@337247344:0.611552;1202@129162004:0.091172|67@0.635924,0.472287,0.874859,0.866268,0.573046,0.651611,0.858896,0.646072,0.256866,0.633371,0.912224;56@0.597919,0.607633,0.451102,0.207883,0.01251,0.229728,0.622336,0.157724,0.535938,0.991451,0.30607,0.948327;73@0.580963,0.304794;38@0.301253,0.908294,0.454538,0.520215,0.982934,0.419797,0.299727,0.104617,0.013392,0.050884;1@;14@0.54588,0.440631,0.443353,0.461757,0.765469,0.68616,0.454954,0.240387,0.833967;41@;32@0.040965,0.317037,0.880133,0.956525;70@0.988958,0.689053,0.022565,0.546578;43@0.597,0.652672,0.266559,0.357628,0.647655,0.931472,0.024633,0.861127,0.815996,0.415452,0.645738;65@0.295712,0.181528,0.497784,0.618555;20@0.178376,0.908584,0.225974,0.478731;40@0.982449,0.008953,0.936699;100@0.648701;37@0.998462,0.231871,0.612587,0.951671,0.981257,0.474303,0.00629,0.217905,0.48969,0.267907,0.885754,0.38323,0.618725;27@0.221361,0.076244,0.676737,0.810928,0.943185,0.439945,0.852711;92@0.132693,0.51623,0.490688,0.478124,0.567066;10@0.731489,0.730274,0.224776,0.917072,0.627603,0.207932,0.3872,0.19915,0.315994,0.948049,0.303034,0.697677;75@0.40417,0.211142,0.939278,0.989469,0.697948,0.307143,0.942172,0.668687,0.012407,0.141445;84@0.38562,0.18252,0.869656,0.228237,0.768642,0.659961,0.908247,0.984682,0.233453,0.694274,0.510405;82@0.481481;47@0.255612,0.417402,0.062893,0.871394,0.637538,0.977083,0.857983,0.317598,0.56911,0.385912,0.620965;9@0.008757,0.39236,0.278737,0.482844,0.211638,0.674386,0.112601,0.538942,0.385707,0.93773,0.06464;39@0.519629,0.386548,0.199319,0.669657,0.068556,0.934188,0.820853,0.372332,0.405092;88@0.240903,0.430443,0.939478,0.075873,0.742142,0.466616,0.202885;30@0.191599,0.290345,0.274665,0.284758,0.986668,0.803929,0.42898,0.07384,0.004032,0.942822|1|1762487393
I20251108 00:02:58.821776 139717798590272 data_text_parser.cc:116] beg_pos: 13896,end_pos: 16098
I20251108 00:02:58.821788 139717798590272 data_text_parser.cc:59] line: 99|112|1720@3067061402:0.512863;1185@3984737003:0.242835;1587@1950315407:0.54455;1048@624273349:0.793248;1413@1809496224:0.95593;1472@2575378109:0.42387;1861@446976393:0.18932;1430@3582747784:0.945987;1384@407505689:0.052473;1829@3871484542:0.435567;1635@286919781:0.680676;1785@3993561099:0.40576;1712@2527994944:0.598601;1116@3366262077:0.742255;1010@3372481548:0.098193;1371@2065873079:0.280827;1381@1414048772:0.370331;1736@3309216263:0.825798;1206@1555409002:0.005828;1202@4210578267:0.795971|67@0.839072,0.122952,0.947341,0.05411,0.103522,0.358914,0.482732,0.861537,0.747681,0.360122,0.547777;56@0.482773,0.832794,0.934188,0.600476,0.935128,0.270721,0.560991,0.555511,0.435067,0.011965,0.466747,0.982639;73@0.531329,0.777274;38@0.436081,0.036002,0.715159,0.557745,0.222176,0.956329,0.795117,0.064475,0.59545,0.761589;1@;14@0.475669,0.10472,0.577446,0.589545,0.251003,0.92013,0.604111,0.671516,0.684886;41@;32@0.33323,0.034598,0.139005,0.871426;70@0.274671,0.905458,0.030721,0.278684;43@0.571374,0.818903,0.5385,0.268959,0.770936,0.185614,0.606933,0.495431,0.09538,0.447593,0.180809;65@0.640537,0.34591,0.583019,0.217517;20@0.503684,0.959909,0.796508,0.817228;40@0.183953,0.084946,0.401102;100@0.51438;37@0.352375,0.445159,0.677838,0.002167,0.196716,0.760465,0.875795,0.888182,0.997144,0.189888,0.433152,0.661782,0.162963;27@0.919675,0.827963,0.597069,0.417655,0.045025,0.698463,0.384193;92@0.161813,0.426428,0.224749,0.95559,0.436835;10@0.540735,0.06874,0.477891,0.521815,0.38735,0.943799,0.087857,0.97718,0.058723,0.076949,0.230994,0.480786;75@0.725376,0.958939,0.194305,0.881663,0.410931,0.149513,0.384553,0.22596,0.964135,0.197797;84@0.552197,0.840828,0.535338,0.333071,0.130886,0.2302,0.956324,0.057156,0.546888,0.336821,0.794217;82@0.019589;47@0.15184,0.891329,0.863663,0.89716,0.501971,0.018149,0.487344,0.36766,0.116982,0.397177,0.959731;9@0.496184,0.728184,0.641969,0.66786,0.273141,0.0785,0.336408,0.696785,0.605731,0.957565,0.965927;39@0.164393,0.737102,0.963514,0.657794,0.883969,0.706638,0.506352,0.951083,0.020765;88@0.242802,0.035651,0.317337,0.631867,0.501326,0.094064,0.29346;30@0.69428,0.847414,0.777747,0.434119,0.857643,0.620079,0.183686,0.688222,0.380738,0.722395|0|1762487393
I20251108 00:02:58.821830 139717798590272 data_text_parser.cc:116] beg_pos: 16099,end_pos: 18317
I20251108 00:02:58.821842 139717798590272 data_text_parser.cc:59] line: 100|264|1720@238989440:0.562133;1185@2795465606:0.966262;1587@1809161210:0.068432;1048@2055246226:0.646839;1413@3099741162:0.991665;1472@3756545064:0.280234;1861@1818679999:0.754296;1430@2248604969:0.935882;1384@3739241045:0.122062;1829@2651168531:0.848239;1635@4114373850:0.046792;1785@2766158101:0.631348;1712@1937095967:0.521312;1116@3981366835:0.759041;1010@3384701299:0.610628;1371@2753766918:0.718761;1381@1990970223:0.508176;1736@3153204270:0.199505;1206@1017265572:0.890585;1202@2555317554:0.365941|67@0.800152,0.451407,0.745668,0.553662,0.566779,0.433248,0.138726,0.835216,0.260434,0.97599,0.790694;56@0.539449,0.000434,0.807021,0.369395,0.651898,0.631654,0.239929,0.425804,0.53024,0.612788,0.336135,0.423094;73@0.148166,0.367506;38@0.283908,0.845434,0.359733,0.174062,0.920632,0.9999,0.120501,0.343434,0.893479,0.943655;1@;14@0.773782,0.892063,0.564703,0.986538,0.519734,0.788295,0.079431,0.773963,0.085803;41@;32@0.363729,0.490696,0.255829,0.740218;70@0.863283,0.13425,0.117675,0.286145;43@0.286587,0.370646,0.183822,0.787217,0.360905,0.736377,0.988483,0.788702,0.292176,0.772555,0.728745;65@0.356742,0.097988,0.801618,0.785991;20@0.224584,0.038623,0.32422,0.5083;40@0.975597,0.02529,0.640125;100@0.957214;37@0.390573,0.790247,0.440413,0.511292,0.768473,0.149991,0.57126,0.633349,0.190369,0.423433,0.493267,0.579647,0.062312;27@0.089955,0.730235,0.948308,0.656234,0.992104,0.886229,0.616596;92@0.44674,0.875756,0.991319,0.340163,0.235658;10@0.260669,0.43718,0.747597,0.143057,0.379077,0.222621,0.483673,0.020897,0.153088,0.098834,0.601214,0.769266;75@0.482321,0.672202,0.304625,0.652076,0.689566,0.734846,0.933267,0.153722,0.356868,0.971082;84@0.830109,0.073648,0.520027,0.340032,0.52828,0.15521,0.947114,0.366679,0.027939,0.532512,0.413259;82@0.2264;47@0.207994,0.287838,0.704694,0.891194,0.04694,0.016763,0.976759,0.176566,0.230986,0.965017,0.785999;9@0.166838,0.902154,0.595541,0.642041,0.596129,0.108296,0.834822,0.543678,0.957089,0.835733,0.589747;39@0.127411,0.837683,0.985663,0.580565,0.854209,0.859093,0.029994,0.010185,0.050272;88@0.143438,0.523589,0.366029,0.807931,0.62557,0.273683,0.808622;30@0.689082,0.875077,0.286471,0.442036,0.147513,0.145139,0.262553,0.474049,0.266991,0.981806|0|1762487393
I20251108 00:02:58.821882 139717798590272 data_text_parser.cc:116] beg_pos: 18318,end_pos: 20480
I20251108 00:02:58.822128 139717798590272 data_text_parser.cc:101] get chunk buffer, size: 20480
I20251108 00:02:58.822140 139717798590272 data_text_parser.cc:116] beg_pos: 0,end_pos: 50
I20251108 00:02:58.822147 139717798590272 data_text_parser.cc:61] buffer line: 101|793|1720@3556958425:0.465748;1185@227062872:0.243218;1587@3711421582:0.477722;1048@4244646477:0.883303;1413@2512347371:0.468799;1472@1413927612:0.109335;1861@4008589981:0.378025;1430@3426687871:0.723311;1384@4045588694:0.85023;1829@2186891395:0.305621;1635@2257729740:0.482526;1785@369057250:0.530203;1712@3258805459:0.901618;1116@1819880942:0.15656;1010@2211640826:0.986249;1371@1830080800:0.246908;1381@41633505:0.655716;1736@748468411:0.967859;1206@2691832182:0.578204;1202@1980142987:0.092869|67@0.947875,0.090404,0.025045,0.45146,0.697065,0.197966,0.772525,0.491507,0.260883,0.926995,0.724201;56@0.365012,0.87356,0.249579,0.691136,0.622798,0.574443,0.96278,0.40603,0.975218,0.839508,0.893419,0.223469;73@0.79166,0.700514;38@0.427357,0.437208,0.361047,0.721505,0.272713,0.965607,0.340578,0.954881,0.976757,0.016873;1@;14@0.952066,0.923026,0.265835,0.534078,0.199661,0.673062,0.360401,0.353551,0.009588;41@;32@0.472622,0.397246,0.825237,0.553972;70@0.100724,0.914046,0.785128,0.853158;43@0.782512,0.700068,0.981304,0.372434,0.599659,0.60866,0.27085,0.050829,0.070817,0.549391,0.028429;65@0.563995,0.108772,0.994963,0.588375;20@0.667397,0.081532,0.529772,0.926833;40@0.963355,0.580812,0.226539;100@0.873038;37@0.318724,0.102646,0.500501,0.117933,0.295431,0.735415,0.103153,0.368762,0.166189,0.690132,0.419951,0.097249,0.736432;27@0.530132,0.487127,0.075048,0.719958,0.048604,0.080734,0.258685;92@0.445059,0.182092,0.134322,0.222018,0.370838;10@0.823527,0.644642,0.801017,0.993678,0.505681,0.963979,0.346532,0.015748,0.731439,0.842746,0.342499,0.306196;75@0.163198,0.086122,0.321753,0.389227,0.954738,0.827869,0.018309,0.65878,0.231183,0.818343;84@0.578585,0.020762,0.246629,0.649112,0.775128,0.444926,0.462746,0.060766,0.49971,0.559401,0.807811;82@0.106946;47@0.112714,0.63444,0.937918,0.432144,0.038834,0.715595,0.778459,0.659642,0.529665,0.913106,0.672387;9@0.192862,0.633544,0.160024,0.227857,0.435338,0.994869,0.589582,0.631101,0.604,0.785009,0.921353;39@0.6422,0.454449,0.652132,0.909763,0.258467,0.39909,0.546558,0.105496,0.778811;88@0.738691,0.211896,0.005622,0.140423,0.349346,0.435313,0.0845;30@0.057717,0.154564,0.478335,0.595639,0.834101,0.564344,0.690935,0.051484,0.701319,0.584675|1|1762487393
I20251108 00:02:58.822178 139717798590272 data_text_parser.cc:116] beg_pos: 51,end_pos: 2261
I20251108 00:02:58.822190 139717798590272 data_text_parser.cc:59] line: 102|639|1720@1865622554:0.424479;1185@701684712:0.51672;1587@525437311:0.636154;1048@3236624101:0.04636;1413@1640884467:0.306517;1472@3200749465:0.120303;1861@656765548:0.568428;1430@3156975677:0.701057;1384@1435026960:0.077588;1829@4109406129:0.378041;1635@922048079:0.378235;1785@3993561099:0.329689;1712@3841168831:0.477306;1116@2697381468:0.679597;1010@1896464807:0.620664;1371@3932158870:0.039264;1381@37631349:0.981112;1736@733644154:0.359617;1206@2532509360:0.537468;1202@1491915420:0.726489|67@0.090288,0.988167,0.329759,0.907695,0.167587,0.882925,0.65781,0.144326,0.926035,0.268619,0.233651;56@0.075371,0.823346,0.369089,0.502643,0.30484,0.577201,0.292115,0.266947,0.226633,0.454248,0.678557,0.042022;73@0.723101,0.192115;38@0.285367,0.711522,0.947229,0.825675,0.435099,0.827058,0.301726,0.427687,0.199591,0.149342;1@;14@0.745861,0.667368,0.965376,0.710745,0.62145,0.531315,0.610969,0.851124,0.829966;41@;32@0.273869,0.586194,0.44091,0.422695;70@0.418431,0.814513,0.363076,0.237944;43@0.614287,0.094803,0.267743,0.448855,0.24388,0.699031,0.033547,0.420906,0.924117,0.726886,0.843534;65@0.64095,0.213605,0.459213,0.510056;20@0.849719,0.233537,0.434965,0.78679;40@0.729277,0.372314,0.604552;100@0.420478;37@0.354202,0.972172,0.939233,0.588343,0.531987,0.953034,0.431916,0.047687,0.409987,0.114258,0.240824,0.746803,0.930343;27@0.569649,0.288855,0.204823,0.820872,0.919929,0.564481,0.938643;92@0.04984,0.552843,0.540998,0.832683,0.325268;10@0.963601,0.823125,0.305315,0.885416,0.757347,0.038527,0.769305,0.361439,0.405715,0.636814,0.12125,0.049306;75@0.283993,0.44052,0.416122,0.157372,0.815717,0.530454,0.113676,0.353406,0.239372,0.261754;84@0.999725,0.535265,0.017459,0.485542,0.163324,0.625022,0.953578,0.9799,0.369494,0.706088,0.013775;82@0.494277;47@0.59727,0.974886,0.86444,0.471275,0.896994,0.258363,0.177311,0.812078,0.475014,0.827846,0.809876;9@0.309422,0.447493,0.730979,0.071049,0.176232,0.151144,0.261869,0.782222,0.844477,0.196718,0.508978;39@0.50537,0.962004,0.929578,0.660145,0.77736,0.877548,0.801548,0.110296,0.95921;88@0.821547,0.580941,0.146336,0.391651,0.882793,0.360205,0.10584;30@0.933511,0.768893,0.466744,0.438475,0.718765,0.223266,0.788398,0.988557,0.240793,0.985668|0|1762487393
I20251108 00:02:58.822231 139717798590272 data_text_parser.cc:116] beg_pos: 2262,end_pos: 4470
I20251108 00:02:58.822243 139717798590272 data_text_parser.cc:59] line: 103|78|1720@1371078034:0.109434;1185@2612357788:0.755244;1587@1024739886:0.771313;1048@3843286740:0.154294;1413@3640279411:0.820161;1472@3476623477:0.46374;1861@798185198:0.439075;1430@1498730650:0.848543;1384@99656172:0.793804;1829@1359960709:0.640331;1635@701684712:0.483289;1785@17881169:0.702324;1712@1798602114:0.889308;1116@2166937041:0.510024;1010@2484316220:0.064973;1371@2837082906:0.107895;1381@3673468533:0.543701;1736@3135723646:0.007778;1206@1031086788:0.040456;1202@727911581:0.494231|67@0.942039,0.396195,0.790512,0.295882,0.525036,0.942605,0.898981,0.305406,0.851043,0.473627,0.672592;56@0.963419,0.073081,0.434167,0.885278,0.778193,0.074423,0.938164,0.483135,0.156313,0.101709,0.821898,0.8653;73@0.371201,0.380623;38@0.301941,0.223199,0.980553,0.477127,0.142463,0.916575,0.94611,0.011061,0.127044,0.408913;1@;14@0.8712,0.057037,0.839665,0.313031,0.787147,0.847071,0.364975,0.68219,0.47933;41@;32@0.725926,0.484725,0.87952,0.837551;70@0.084051,0.051919,0.273668,0.084696;43@0.050703,0.383587,0.105584,0.832763,0.127542,0.843132,0.575264,0.367005,0.300214,0.276614,0.279818;65@0.036696,0.277731,0.571405,0.193051;20@0.186835,0.515388,0.222961,0.055458;40@0.37464,0.295019,0.222316;100@0.85796;37@0.253523,0.991847,0.772162,0.047427,0.145188,0.870646,0.785825,0.051324,0.956113,0.786399,0.181022,0.057006,0.235759;27@0.601896,0.319088,0.763567,0.851797,0.304532,0.727797,0.764835;92@0.996043,0.987352,0.407334,0.84377,0.540276;10@0.498236,0.059906,0.208092,0.161858,0.915447,0.681783,0.434776,0.054928,0.803534,0.502535,0.806166,0.66018;75@0.482041,0.517726,0.062379,0.324332,0.208422,0.116537,0.167116,0.622433,0.655922,0.933043;84@0.981822,0.592502,0.26923,0.463084,0.224095,0.848839,0.634924,0.330899,0.691986,0.443777,0.436556;82@0.996099;47@0.355264,0.550199,0.696935,0.502711,0.913809,0.381813,0.184051,0.32455,0.445337,0.285347,0.601823;9@0.097191,0.938643,0.960051,0.790525,0.679338,0.175309,0.193608,0.732449,0.946615,0.320707,0.103884;39@0.59042,0.594579,0.762989,0.47348,0.865164,0.349762,0.99803,0.849419,0.88786;88@0.095985,0.505722,0.328566,0.26658,0.195648,0.440301,0.511294;30@0.552835,0.077041,0.394405,0.781038,0.013658,0.844096,0.244926,0.28337,0.514954,0.913137|0|1762487393
I20251108 00:02:58.822274 139717798590272 data_text_parser.cc:116] beg_pos: 4471,end_pos: 6673
I20251108 00:02:58.822286 139717798590272 data_text_parser.cc:59] line: 104|902|1720@2473918162:0.677777;1185@3761209023:0.345931;1587@3985403770:0.682764;1048@775795201:0.678564;1413@2303605429:0.507941;1472@367166784:0.07229;1861@922400767:0.427634;1430@1343169663:0.81893;1384@15689193:0.951633;1829@654301202:0.038602;1635@1484501647:0.42329;1785@185328820:0.6405;1712@1804039254:0.261628;1116@3955690849:0.318327;1010@2142841509:0.45707;1371@3367230947:0.337339;1381@3725933899:0.590643;1736@2316863635:0.849702;1206@1043137996:0.970687;1202@4206227086:0.672378|67@0.809755,0.127975,0.211697,0.525693,0.428046,0.487365,0.715056,0.775128,0.262749,0.716339,0.33748;56@0.255394,0.808749,0.160293,0.935618,0.176503,0.443209,0.947903,0.539187,0.280966,0.532629,0.407198,0.166822;73@0.331324,0.959927;38@0.843152,0.595331,0.39189,0.235866,0.386535,0.940949,0.802017,0.481018,0.340228,0.850394;1@;14@0.843192,0.775671,0.481093,0.464037,0.433219,0.088272,0.891333,0.099423,0.099597;41@;32@0.18903,0.099219,0.192401,0.562733;70@0.562727,0.682051,0.099314,0.181773;43@0.766666,0.458365,0.27508,0.858399,0.867291,0.014777,0.337386,0.012283,0.442242,0.605026,0.239095;65@0.646989,0.538167,0.09936,0.157166;20@0.796012,0.562675,0.707417,0.206732;40@0.5626,0.387685,0.355641;100@0.587559;37@0.61483,0.434453,0.559419,0.881225,0.306561,0.246584,0.693034,0.215721,0.900051,0.622857,0.026812,0.811566,0.901209;27@0.885354,0.288486,0.025135,0.355384,0.626348,0.529119,0.953333;92@0.147606,0.138759,0.590782,0.73505,0.227663;10@0.931607,0.284906,0.583556,0.97408,0.58324,0.546215,0.81342,0.187895,0.262066,0.915436,0.614746,0.06013;75@0.989836,0.120987,0.620593,0.855076,0.368841,0.972686,0.938366,0.621602,0.102972,0.698304;84@0.081831,0.336691,0.244698,0.446333,0.921324,0.717058,0.927433,0.202027,0.462547,0.072607,0.28281;82@0.520626;47@0.558014,0.419961,0.701127,0.033414,0.10699,0.7284,0.978036,0.326501,0.295823,0.284103,0.75767;9@0.123388,0.617086,0.044522,0.313234,0.591147,0.641629,0.82433,0.998994,0.171447,0.407159,0.201038;39@0.331507,0.180936,0.143921,0.699044,0.007297,0.720628,0.261111,0.475747,0.844532;88@0.053239,0.78857,0.63181,0.275323,0.460252,0.85835,0.828446;30@0.645997,0.049333,0.612672,0.395733,0.823889,0.202751,0.629152,0.745655,0.905166,0.994389|0|1762487393
['BatchRow', 'BatchRowMeta', 'ByteStream', 'ByteStreamMeta', 'DataDecompressor', 'DataPipeline', 'DataReader', 'DataTextParser', 'DenseColumn', 'InflateStream', 'InflateStreamMeta', 'SparseColumn', 'Stream', 'StreamMeta', 'StringStream', 'StringStreamMeta', '__builtins__', '__cached__', '__doc__', '__file__', '__loader__', '__name__', '__package__', '__path__', '__spec__', 'csrc', 'pipeline', 'stream', 'utils']
['__builtins__', '__cached__', '__doc__', '__file__', '__loader__', '__name__', '__package__', '__path__', '__spec__', 'pybind_module']
['BatchRow', 'BatchRowMeta', 'ByteStream', 'ByteStreamMeta', 'Column', 'ColumnType', 'DataDecompressor', 'DataPipeline', 'DataReader', 'DataTextParser', 'InflateStream', 'InflateStreamMeta', 'Stream', 'StreamMeta', 'StringStream', 'StringStreamMeta', '__doc__', '__file__', '__loader__', '__name__', '__package__', '__spec__']
<class 'DataFlow.csrc.pybind_module.ByteStreamMeta'>
<class 'DataFlow.csrc.pybind_module.ByteStream'>
<class 'DataFlow.csrc.pybind_module.DataReader'>
<class 'DataFlow.csrc.pybind_module.DataReader.Source'>
s:  <DataFlow.csrc.pybind_module.BatchRow object at 0x7f1288cf6ef0>
s:  <DataFlow.csrc.pybind_module.BatchRow object at 0x7f1288b26630>
s:  <DataFlow.csrc.pybind_module.BatchRow object at 0x7f1288cf6ef0>
s:  <DataFlow.csrc.pybind_module.BatchRow object at 0x7f1288b26630>
s:  <DataFlow.csrc.pybind_module.BatchRow object at 0x7f1288cf6ef0>
s:  <DataFlow.csrc.pybind_module.BatchRow object at 0x7f1288b26630>
s:  <DataFlow.csrc.pybind_module.BatchRow object at 0x7f1288cf6ef0>
s:  <DataFlow.csrc.pybind_module.BatchRow object at 0x7f1288b26630>
s:  <DataFlow.csrc.pybind_module.BatchRow object at 0x7f1288cf6ef0>
s:  <DataFlow.csrc.pybind_module.BatchRow object at 0x7f1288b26630>
s:  <DataFlow.csrc.pybind_module.BatchRow object at 0x7f1288cf6ef0>
s:  <DataFlow.csrc.pybind_module.BatchRow object at 0x7f1288b26630>
s:  <DataFlow.csrc.pybind_module.BatchRow object at 0x7f1288cf6ef0>
s:  <DataFlow.csrc.pybind_module.BatchRow object at 0x7f1288b26630>
s:  <DataFlow.csrc.pybind_module.BatchRow object at 0x7f1288cf6ef0>
s:  <DataFlow.csrc.pybind_module.BatchRow object at 0x7f1288b26630>
s:  <DataFlow.csrc.pybind_module.BatchRow object at 0x7f1288cf6ef0>
s:  <DataFlow.csrc.pybind_module.BatchRow object at 0x7f1288b26630>
s:  <DataFlow.csrc.pybind_module.BatchRow object at 0x7f1288cf6ef0>
s:  <DataFlow.csrc.pybind_module.BatchRow object at 0x7f1288b26630>
s:  <DataFlow.csrc.pybind_module.BatchRow object at 0x7f1288cf6ef0>
s:  <DataFlow.csrc.pybind_module.BatchRow object at 0x7f1288b26630>
s:  <DataFlow.csrc.pybind_module.BatchRow object at 0x7f1288cf6ef0>
s:  <DataFlow.csrc.pybind_module.BatchRow object at 0x7f1288b26630>
s:  <DataFlow.csrc.pybind_module.BatchRow object at 0x7f1288cf6ef0>
s:  <DataFlow.csrc.pybind_module.BatchRow object at 0x7f1288b26630>
s:  <DataFlow.csrc.pybind_module.BatchRow object at 0x7f1288cf6ef0>
s:  <DataFlow.csrc.pybind_module.BatchRow object at 0x7f1288b26630>
s:  <DataFlow.csrc.pybind_module.BatchRow object at 0x7f1288cf6ef0>
s:  <DataFlow.csrc.pybind_module.BatchRow object at 0x7f1288b26630>
s:  <DataFlow.csrc.pybind_module.BatchRow object at 0x7f1288cf6ef0>
s:  <DataFlow.csrc.pybind_module.BatchRow object at 0x7f1288b26630>
s:  <DataFlow.csrc.pybind_module.BatchRow object at 0x7f1288cf6ef0>
s:  <DataFlow.csrc.pybind_module.BatchRow object at 0x7f1288b26630>
s:  <DataFlow.csrc.pybind_module.BatchRow object at 0x7f1288cf6ef0>
s:  <DataFlow.csrc.pybind_module.BatchRow object at 0x7f1288b26630>
s:  <DataFlow.csrc.pybind_module.BatchRow object at 0x7f1288cf6ef0>
s:  <DataFlow.csrc.pybind_module.BatchRow object at 0x7f1288b26630>
s:  <DataFlow.csrc.pybind_module.BatchRow object at 0x7f1288cf6ef0>
s:  <DataFlow.csrc.pybind_module.BatchRow object at 0x7f1288b26630>
s:  <DataFlow.csrc.pybind_module.BatchRow object at 0x7f1288cf6ef0>
s:  <DataFlow.csrc.pybind_module.BatchRow object at 0x7f1288b26630>
s:  <DataFlow.csrc.pybind_module.BatchRow object at 0x7f1288cf6ef0>
s:  <DataFlow.csrc.pybind_module.BatchRow object at 0x7f1288b26630>
s:  <DataFlow.csrc.pybind_module.BatchRow object at 0x7f1288cf6ef0>
s:  <DataFlow.csrc.pybind_module.BatchRow object at 0x7f1288b26630>
s:  <DataFlow.csrc.pybind_module.BatchRow object at 0x7f1288cf6ef0>
s:  <DataFlow.csrc.pybind_module.BatchRow object at 0x7f1288b26630>
s:  <DataFlow.csrc.pybind_module.BatchRow object at 0x7f1288cf6ef0>
s:  <DataFlow.csrc.pybind_module.BatchRow object at 0x7f1288b26630>
s:  <DataFlow.csrc.pybind_module.BatchRow object at 0x7f1288cf6ef0>
s:  <DataFlow.csrc.pybind_module.BatchRow object at 0x7f1288b26630>
s:  <DataFlow.csrc.pybind_module.BatchRow object at 0x7f1288cf6ef0>
s:  <DataFlow.csrc.pybind_module.BatchRow object at 0x7f1288b26630>
s:  <DataFlow.csrc.pybind_module.BatchRow object at 0x7f1288cf6ef0>
s:  <DataFlow.csrc.pybind_module.BatchRow object at 0x7f1288b26630>
s:  <DataFlow.csrc.pybind_module.BatchRow object at 0x7f1288cf6ef0>
s:  <DataFlow.csrc.pybind_module.BatchRow object at 0x7f1288b26630>
s:  <DataFlow.csrc.pybind_module.BatchRow object at 0x7f1288cf6ef0>
s:  <DataFlow.csrc.pybind_module.BatchRow object at 0x7f1288b26630>
s:  <DataFlow.csrc.pybind_module.BatchRow object at 0x7f1288cf6ef0>
s:  <DataFlow.csrc.pybind_module.BatchRow object at 0x7f1288b26630>
s:  <DataFlow.csrc.pybind_module.BatchRow object at 0x7f1288cf6ef0>
s:  <DataFlow.csrc.pybind_module.BatchRow object at 0x7f1288b26630>
s:  <DataFlow.csrc.pybind_module.BatchRow object at 0x7f1288cf6ef0>
s:  <DataFlow.csrc.pybind_module.BatchRow object at 0x7f1288b26630>
s:  <DataFlow.csrc.pybind_module.BatchRow object at 0x7f1288cf6ef0>
s:  <DataFlow.csrc.pybind_module.BatchRow object at 0x7f1288b26630>
s:  <DataFlow.csrc.pybind_module.BatchRow object at 0x7f1288cf6ef0>
s:  <DataFlow.csrc.pybind_module.BatchRow object at 0x7f1288b26630>
s:  <DataFlow.csrc.pybind_module.BatchRow object at 0x7f1288cf6ef0>
s:  <DataFlow.csrc.pybind_module.BatchRow object at 0x7f1288b26630>
s:  <DataFlow.csrc.pybind_module.BatchRow object at 0x7f1288cf6ef0>
s:  <DataFlow.csrc.pybind_module.BatchRow object at 0x7f1288b26630>
s:  <DataFlow.csrc.pybind_module.BatchRow object at 0x7f1288cf6ef0>
s:  <DataFlow.csrc.pybind_module.BatchRow object at 0x7f1288b26630>
s:  <DataFlow.csrc.pybind_module.BatchRow object at 0x7f1288cf6ef0>
s:  <DataFlow.csrc.pybind_module.BatchRow object at 0x7f1288b26630>
s:  <DataFlow.csrc.pybind_module.BatchRow object at 0x7f1288cf6ef0>
s:  <DataFlow.csrc.pybind_module.BatchRow object at 0x7f1288b26630>
s:  <DataFlow.csrc.pybind_module.BatchRow object at 0x7f1288cf6ef0>
s:  <DataFlow.csrc.pybind_module.BatchRow object at 0x7f1288b26630>
s:  <DataFlow.csrc.pybind_module.BatchRow object at 0x7f1288cf6ef0>
s:  <DataFlow.csrc.pybind_module.BatchRow object at 0x7f1288b26630>
s:  <DataFlow.csrc.pybind_module.BatchRow object at 0x7f1288cf6ef0>
s:  <DataFlow.csrc.pybind_module.BatchRow object at 0x7f1288b26630>
s:  <DataFlow.csrc.pybind_module.BatchRow object at 0x7f1288cf6ef0>
s:  <DataFlow.csrc.pybind_module.BatchRow object at 0x7f1288b26630>
s:  <DataFlow.csrc.pybind_module.BatchRow object at 0x7f1288cf6ef0>
s:  <DataFlow.csrc.pybind_module.BatchRow object at 0x7f1288b26630>
s:  <DataFlow.csrc.pybind_module.BatchRow object at 0x7f1288cf6ef0>
s:  <DataFlow.csrc.pybind_module.BatchRow object at 0x7f1288b26630>
s:  <DataFlow.csrc.pybind_module.BatchRow object at 0x7f1288cf6ef0>
s:  <DataFlow.csrc.pybind_module.BatchRow object at 0x7f1288b26630>
s:  <DataFlow.csrc.pybind_module.BatchRow object at 0x7f1288cf6ef0>
s:  <DataFlow.csrc.pybind_module.BatchRow object at 0x7f1288b26630>
s:  <DataFlow.csrc.pybind_module.BatchRow object at 0x7f1288cf6ef0>
s:  <DataFlow.csrc.pybind_module.BatchRow object at 0x7f1288b26630>
s:  <DataFlow.csrc.pybind_module.BatchRow object at 0x7f1288cf6ef0>
s:  <DataFlow.csrc.pybind_module.BatchRow object at 0x7f1288b26630>
s:  <DataFlow.csrc.pybind_module.BatchRow object at 0x7f1288cf6ef0>
s:  <DataFlow.csrc.pybind_module.BatchRow object at 0x7f1288b26630>
s:  <DataFlow.csrc.pybind_module.BatchRow object at 0x7f1288cf6ef0>
s:  <DataFlow.csrc.pybind_module.BatchRow object at 0x7f1288b26630>
s:  <DataFlow.csrc.pybind_module.BatchRow object at 0x7f1288cf6ef0>I20251108 00:02:58.822358 139717798590272 data_text_parser.cc:116] beg_pos: 6674,end_pos: 8877
I20251108 00:02:58.822369 139717798590272 data_text_parser.cc:59] line: 105|570|1720@3655692436:0.750501;1185@588814272:0.242997;1587@829431360:0.334167;1048@2007739050:0.053286;1413@84860496:0.636892;1472@3185143914:0.617864;1861@1838897340:0.597717;1430@1324947452:0.818407;1384@488044968:0.678847;1829@492720313:0.860048;1635@1994787187:0.720963;1785@3594893539:0.303423;1712@114020993:0.683309;1116@2291501799:0.298848;1010@2400807622:0.99475;1371@1865643856:0.691432;1381@2550818687:0.767228;1736@935383930:0.71147;1206@1872771679:0.809041;1202@2116329884:0.752077|67@0.078543,0.67967,0.357725,0.885487,0.131851,0.121697,0.055331,0.85052,0.467378,0.847409,0.752706;56@0.894155,0.327771,0.244163,0.716374,0.802171,0.349815,0.446755,0.728928,0.36386,0.337584,0.73478,0.779706;73@0.910991,0.145453;38@0.350605,0.52389,0.122491,0.977627,0.424984,0.535697,0.543289,0.67775,0.516219,0.899481;1@;14@0.556917,0.30227,0.918218,0.036138,0.964286,0.421989,0.534516,0.048014,0.712839;41@;32@0.251632,0.631321,0.179817,0.022026;70@0.622485,0.568731,0.648242,0.950315;43@0.353543,0.644242,0.351027,0.273255,0.405139,0.15752,0.983486,0.800171,0.211105,0.9724,0.718989;65@0.478585,0.794468,0.49218,0.188421;20@0.898915,0.977346,0.368474,0.197427;40@0.759766,0.676559,0.722944;100@0.075041;37@0.054775,0.016774,0.444587,0.906425,0.564359,0.816258,0.001071,0.892969,0.067749,0.184041,0.534615,0.830548,0.614132;27@0.094738,0.589125,0.021192,0.102062,0.479103,0.1032,0.072446;92@0.72963,0.11144,0.568126,0.23918,0.186362;10@0.050722,0.877411,0.308605,0.409044,0.385646,0.158413,0.859055,0.461949,0.763877,0.581279,0.199983,0.27245;75@0.306805,0.352659,0.531548,0.628077,0.190147,0.836262,0.557307,0.647202,0.407058,0.713891;84@0.053695,0.161866,0.685013,0.696783,0.927239,0.722227,0.39234,0.645552,0.226006,0.738091,0.454219;82@0.266675;47@0.476708,0.359164,0.151374,0.911088,0.65462,0.610333,0.463163,0.145001,0.23003,0.41109,0.687634;9@0.721025,0.430788,0.755791,0.970455,0.13935,0.904667,0.605915,0.732148,0.973472,0.881493,0.768767;39@0.475893,0.309903,0.808811,0.064675,0.065443,0.794916,0.267336,0.986718,0.671767;88@0.557963,0.296254,0.462031,0.126484,0.688155,0.03061,0.961426;30@0.73278,0.047993,0.638875,0.618123,0.260712,0.992717,0.604229,0.899155,0.116137,0.162081|1|1762487393
I20251108 00:02:58.822411 139717798590272 data_text_parser.cc:116] beg_pos: 8878,end_pos: 11093
I20251108 00:02:58.822423 139717798590272 data_text_parser.cc:59] line: 106|518|1720@2569348300:0.538356;1185@1747614739:0.589363;1587@3275213280:0.397575;1048@3356590367:0.343342;1413@3920125664:0.715246;1472@3576698400:0.591181;1861@1306036491:0.174462;1430@930025142:0.126021;1384@3139883919:0.742424;1829@3624178901:0.032341;1635@1174660081:0.855041;1785@100347393:0.613887;1712@1903651215:0.028474;1116@2010342346:0.901252;1010@1310926111:0.502873;1371@527013259:0.413841;1381@130794710:0.298341;1736@3006333498:0.67332;1206@3606693147:0.97931;1202@3586796966:0.224467|67@0.811061,0.836387,0.204994,0.844755,0.992163,0.886723,0.444467,0.80129,0.110125,0.35869,0.137018;56@0.662166,0.155378,0.527545,0.911204,0.267604,0.290752,0.064882,0.464091,0.776583,0.637179,0.881236,0.366578;73@0.831348,0.204639;38@0.074877,0.157952,0.808065,0.785426,0.949957,0.884944,0.098843,0.946047,0.954388,0.227061;1@;14@0.711982,0.915732,0.525406,0.986125,0.698006,0.563662,0.581052,0.834148,0.713727;41@;32@0.013151,0.876383,0.528671,0.939557;70@0.572779,0.522822,0.813365,0.797447;43@0.509548,0.834131,0.721066,0.120308,0.757705,0.882764,0.879586,0.096696,0.812629,0.560668,0.729648;65@0.056886,0.222389,0.26529,0.602815;20@0.6855,0.51097,0.978166,0.280838;40@0.654922,0.628244,0.766699;100@0.041281;37@0.352536,0.369511,0.112592,0.399599,0.329367,0.296944,0.83039,0.606066,0.735313,0.090506,0.527616,0.228466,0.337239;27@0.072179,0.878024,0.748995,0.473134,0.397701,0.15196,0.10462;92@0.412613,0.750221,0.298149,0.893141,0.747065;10@0.287031,0.736423,0.085901,0.718095,0.487634,0.601348,0.637636,0.289695,0.269268,0.038803,0.689916,0.027287;75@0.411365,0.077511,0.049846,0.293009,0.284141,0.407476,0.849371,0.440655,0.518633,0.641873;84@0.543813,0.152057,0.264505,0.540744,0.811834,0.565357,0.576836,0.126045,0.08446,0.730357,0.038625;82@0.840824;47@0.587191,0.923079,0.803068,0.646261,0.17402,0.840841,0.960565,0.467617,0.433129,0.190547,0.58111;9@0.656233,0.223819,0.837274,0.111535,0.7746,0.447379,0.049998,0.916286,0.925879,0.421109,0.34662;39@0.699067,0.581172,0.938341,0.422528,0.118217,0.135939,0.617678,0.379063,0.566596;88@0.84046,0.394141,0.351718,0.721296,0.017741,0.273804,0.010456;30@0.599963,0.988225,0.756774,0.822041,0.890583,0.797156,0.862356,0.183421,0.934583,0.017665|0|1762487393
I20251108 00:02:58.822455 139717798590272 data_text_parser.cc:116] beg_pos: 11094,end_pos: 13301
I20251108 00:02:58.822467 139717798590272 data_text_parser.cc:59] line: 107|801|1720@752160270:0.994037;1185@2017836771:0.882297;1587@2694485730:0.539847;1048@1038963028:0.07231;1413@1304831208:0.963928;1472@1173242388:0.485779;1861@3372481548:0.510303;1430@1302579514:0.7921;1384@2596045347:0.560136;1829@1506252960:0.475504;1635@1035472157:0.640338;1785@994323112:0.970469;1712@3919063470:0.162391;1116@526135500:0.314891;1010@2986900666:0.223172;1371@312243028:0.375694;1381@3799077486:0.12366;1736@311046463:0.789814;1206@3028994272:0.354464;1202@3866007273:0.988745|67@0.786267,0.163532,0.605152,0.522294,0.175444,0.514707,0.168956,0.207338,0.980835,0.499668,0.859886;56@0.88882,0.061005,0.036554,0.081827,0.137986,0.03539,0.79785,0.190025,0.054653,0.013083,0.390789,0.077498;73@0.109601,0.035554;38@0.076008,0.783863,0.581091,0.410011,0.551074,0.774716,0.856271,0.672231,0.633034,0.475382;1@;14@0.536229,0.228323,0.734777,0.788421,0.234731,0.997526,0.871536,0.070895,0.069882;41@;32@0.886896,0.266585,0.51234,0.410583;70@0.787369,0.924119,0.677295,0.271049;43@0.402375,0.987316,0.864309,0.643331,0.694304,0.155808,0.405701,0.360125,0.104325,0.101056,0.879894;65@0.799465,0.582446,0.617903,0.13129;20@0.471509,0.669977,0.309742,0.385299;40@0.5485,0.400254,0.145308;100@0.35321;37@0.718689,0.678708,0.409987,0.00442,0.038329,0.030243,0.950862,0.347392,0.063375,0.612778,0.198256,0.295395,0.401736;27@0.066059,0.487088,0.212897,0.461446,0.321768,0.702181,0.14706;92@0.452686,0.816181,0.618831,0.689415,0.191962;10@0.448695,0.850014,0.075238,0.576108,0.197338,0.589644,0.197874,0.262939,0.536288,0.539131,0.03882,0.04626;75@0.414723,0.535598,0.901309,0.068929,0.309813,0.169542,0.346413,0.889808,0.106,0.708332;84@0.414346,0.661115,0.236706,0.825931,0.652668,0.51154,0.50026,0.217471,0.224196,0.090621,0.33275;82@0.057929;47@0.916416,0.064064,0.974036,0.281378,0.208368,0.136684,0.973401,0.829761,0.807257,0.858598,0.664272;9@0.968585,0.250004,0.090077,0.535262,0.635977,0.052519,0.535596,0.232589,0.486393,0.639488,0.996918;39@0.665267,0.989388,0.112542,0.966039,0.605799,0.329712,0.211282,0.88716,0.710727;88@0.524089,0.473626,0.317972,0.12078,0.24595,0.826679,0.547591;30@0.554069,0.354359,0.639277,0.298775,0.886074,0.944239,0.846577,0.955511,0.822304,0.884178|0|1762487393
I20251108 00:02:58.822508 139717798590272 data_text_parser.cc:116] beg_pos: 13302,end_pos: 15519
I20251108 00:02:58.822520 139717798590272 data_text_parser.cc:59] line: 108|139|1720@2170017154:0.895217;1185@1714576966:0.795045;1587@672992534:0.999278;1048@3473007297:0.585139;1413@3970995890:0.608904;1472@3101836496:0.547329;1861@3575621457:0.891416;1430@1580257457:0.63851;1384@3760338281:0.690415;1829@1286560744:0.323464;1635@3139759616:0.834258;1785@78713242:0.810178;1712@2751117897:0.699947;1116@3085656233:0.945463;1010@1834076602:0.734135;1371@1577184697:0.346741;1381@1521732521:0.900893;1736@855788954:0.816288;1206@2737350297:0.752008;1202@108941232:0.781509|67@0.771818,0.148414,0.451068,0.038639,0.773791,0.921904,0.125356,0.955991,0.325668,0.383833,0.111213;56@0.809356,0.720314,0.093203,0.88332,0.404501,0.682423,0.342907,0.258274,0.839129,0.754102,0.672127,0.502773;73@0.608339,0.358722;38@0.769009,0.606225,0.623103,0.928319,0.334985,0.670356,0.157869,0.229584,0.360466,0.086607;1@;14@0.589835,0.691503,0.304986,0.551307,0.502838,0.819793,0.843271,0.682341,0.790465;41@;32@0.219099,0.040417,0.676688,0.302266;70@0.616275,0.159933,0.913402,0.485615;43@0.902817,0.882752,0.02167,0.269045,0.644303,0.024288,0.336215,0.486008,0.363681,0.285152,0.822589;65@0.664734,0.594429,0.785592,0.986021;20@0.726828,0.866056,0.587505,0.500918;40@0.069799,0.148644,0.834655;100@0.747893;37@0.178016,0.974321,0.172078,0.219475,0.952336,0.15974,0.253983,0.768323,0.86459,0.88531,0.953787,0.661163,0.893915;27@0.724712,0.371574,0.76246,0.664434,0.554936,0.445487,0.878838;92@0.834174,0.534871,0.000794,0.086546,0.280051;10@0.279114,0.377661,0.232383,0.653614,0.124566,0.629615,0.612047,0.85102,0.466515,0.742421,0.232392,0.457671;75@0.441729,0.980865,0.376183,0.102419,0.517606,0.462619,0.182607,0.971531,0.801652,0.747266;84@0.332426,0.101957,0.59445,0.662253,0.291489,0.055692,0.998506,0.817422,0.456782,0.564876,0.428994;82@0.540001;47@0.041644,0.923998,0.151504,0.488564,0.643958,0.786561,0.482348,0.806033,0.848236,0.457937,0.938541;9@0.1349,0.899622,0.324664,0.692411,0.551139,0.43174,0.848381,0.505015,0.765676,0.209363,0.354537;39@0.570008,0.338103,0.310607,0.845633,0.5624,0.956904,0.177671,0.528927,0.030173;88@0.497687,0.334559,0.071699,0.280114,0.419175,0.742654,0.44477;30@0.227348,0.046687,0.694361,0.766623,0.209225,0.657133,0.631257,0.951147,0.119492,0.698555|0|1762487393
I20251108 00:02:58.822551 139717798590272 data_text_parser.cc:116] beg_pos: 15520,end_pos: 17734
I20251108 00:02:58.822563 139717798590272 data_text_parser.cc:59] line: 109|531|1720@4061846564:0.345454;1185@2532964674:0.196546;1587@3988505151:0.550888;1048@4187230246:0.555391;1413@2854958779:0.435285;1472@3864068651:0.431723;1861@1847523107:0.907718;1430@1633952233:0.814903;1384@3212592017:0.333707;1829@3638952646:0.129584;1635@2140105380:0.608874;1785@905681416:0.667709;1712@392311584:0.356225;1116@341052371:0.197328;1010@1064255574:0.387155;1371@3036755695:0.945251;1381@1600757849:0.109431;1736@1497300123:0.125074;1206@2363660016:0.012075;1202@1454929798:0.712041|67@0.85353,0.444002,0.664426,0.637906,0.851074,0.966986,0.708952,0.127448,0.369398,0.135582,0.085036;56@0.325343,0.92317,0.614634,0.462064,0.956052,0.5383,0.748175,0.280145,0.43729,0.605932,0.376767,0.817012;73@0.107624,0.512019;38@0.346561,0.86846,0.297117,0.707488,0.14692,0.147662,0.925172,0.000306,0.20741,0.841711;1@;14@0.489652,0.228157,0.275986,0.230432,0.638852,0.979259,0.408283,0.3919,0.234683;41@;32@0.167611,0.130143,0.108476,0.659697;70@0.392182,0.984396,0.919076,0.457494;43@0.352397,0.943051,0.308452,0.811883,0.309119,0.714413,0.026276,0.313868,0.138915,0.999599,0.982557;65@0.384506,0.892481,0.560536,0.753092;20@0.096469,0.906195,0.162725,0.004611;40@0.625008,0.641565,0.518389;100@0.070238;37@0.235434,0.56463,0.813241,0.753147,0.463899,0.942535,0.166659,0.991847,0.125252,0.107858,0.300632,0.021951,0.19268;27@0.44055,0.097855,0.433621,0.589675,0.996838,0.55731,0.63601;92@0.789104,0.846113,0.232634,0.064409,0.385465;10@0.603302,0.244949,0.828577,0.226873,0.787839,0.325488,0.981165,0.339409,0.242423,0.857981,0.313363,0.579153;75@0.232047,0.732266,0.130966,0.388336,0.928708,0.019751,0.802573,0.600905,0.229437,0.386651;84@0.91117,0.806868,0.256043,0.031191,0.267713,0.525107,0.195992,0.035795,0.844082,0.016084,0.401259;82@0.370698;47@0.187321,0.628401,0.745328,0.938573,0.363899,0.561628,0.200465,0.642858,0.951624,0.87133,0.564502;9@0.968672,0.75534,0.284471,0.572901,0.484883,0.833795,0.306353,0.836997,0.236305,0.622857,0.281205;39@0.63196,0.977384,0.783374,0.313499,0.875837,0.670813,0.107486,0.503344,0.509615;88@0.232646,0.036348,0.141875,0.566127,0.015613,0.813544,0.693162;30@0.06831,0.869934,0.275481,0.489733,0.301002,0.198202,0.885281,0.798572,0.321904,0.746064|1|1762487393
I20251108 00:02:58.822605 139717798590272 data_text_parser.cc:116] beg_pos: 17735,end_pos: 19941
I20251108 00:02:58.822617 139717798590272 data_text_parser.cc:59] line: 110|43|1720@619688182:0.381128;1185@3846329580:0.860553;1587@2506491265:0.149604;1048@206392221:0.627778;1413@506319359:0.050307;1472@932788062:0.614053;1861@3400915899:0.714413;1430@3139748962:0.330682;1384@1934564720:0.500873;1829@4106833018:0.858939;1635@2309583284:0.320358;1785@151489820:0.352318;1712@3425342195:0.095738;1116@2578951553:0.899466;1010@1662719558:0.983424;1371@2541461887:0.983192;1381@1949163340:0.510867;1736@2043232097:0.381562;1206@2214208763:0.275164;1202@887850564:0.16588|67@0.017606,0.554698,0.671007,0.625232,0.49965,0.46893,0.214494,0.122845,0.184934,0.849314,0.196872;56@0.467626,0.696762,0.277611,0.96834,0.3494,0.087548,0.826908,0.623251,0.457994,0.279426,0.07138,0.069387;73@0.348692,0.455479;38@0.332518,0.214298,0.915791,0.287849,0.364187,0.741567,0.96005,0.078949,0.676969,0.138067;1@;14@0.791449,0.454763,0.988523,0.784516,0.735316,0.840827,0.020125,0.491549,0.02088;41@;32@0.331041,0.199803,0.603054,0.248064;70@0.778883,0.273015,0.767388,0.459533;43@0.234726,0.657969,0.340504,0.28129,0.752138,0.873773,0.980844,0.0353,0.605232,0.294286,0.81578;65@0.451241,0.202036,0.531069,0.726301;20@0.254192,0.47878,0.831052,0.921584;40@0.209906,0.224133,0.832064;100@0.053576;37@0.893454,0.997877,0.766889,0.517731,0.255491,0.013443,0.173632,0.922413,0.92925,0.085386,0.566519,0.730233,0.913601;27@0.296325,0.532471,0.02594,0.046794,0.691088,0.417005,0.697429;92@0.509913,0.58696,0.177953,0.444629,0.663703;10@0.964469,0.738605,0.703155,0.323633,0.60326,0.485759,0.859645,0.973675,0.226556,0.390674,0.37003,0.467965;75@0.001264,0.614606,0.63551,0.498045,0.788226,0.630408,0.096492,0.320284,0.526789,0.943819;84@0.726619,0.233847,0.028785,0.403172,0.884345,0.539788,0.434167,0.692389,0.80234,0.357797,0.425595;82@0.070667;47@0.190226,0.905263,0.843828,0.405207,0.98408,0.569365,0.845632,0.541667,0.536642,0.546146,0.517609;9@0.839466,0.348994,0.132253,0.385485,0.556507,0.716482,0.310552,0.626621,0.831549,0.474365,0.337677;39@0.699561,0.204823,0.681286,0.155789,0.804176,0.417712,0.595201,0.213923,0.175832;88@0.521191,0.339363,0.779723,0.872897,0.556385,0.057852,0.831738;30@0.102882,0.533027,0.835969,0.762426,0.081413,0.422974,0.56869,0.66247,0.522556,0.658821|0|1762487393
I20251108 00:02:58.822637 139717798590272 data_text_parser.cc:116] beg_pos: 19942,end_pos: 20480
I20251108 00:02:58.822888 139717798590272 data_text_parser.cc:101] get chunk buffer, size: 20480
I20251108 00:02:58.822917 139717798590272 data_text_parser.cc:116] beg_pos: 0,end_pos: 1672
I20251108 00:02:58.822925 139717798590272 data_text_parser.cc:61] buffer line: 111|266|1720@1701305451:0.558788;1185@3634826022:0.862344;1587@3770076756:0.097973;1048@2190971169:0.654751;1413@4085263898:0.474357;1472@527343025:0.68177;1861@1110877387:0.586927;1430@2414701051:0.897686;1384@4169525701:0.453472;1829@2910341197:0.457957;1635@891106642:0.197453;1785@3075744883:0.659344;1712@795476632:0.193634;1116@3624993861:0.022318;1010@3520796517:0.076359;1371@158535956:0.489459;1381@369078461:0.634565;1736@2444289149:0.192949;1206@653816883:0.43947;1202@420592583:0.210544|67@0.145057,0.122096,0.503681,0.694989,0.88646,0.497432,0.943763,0.003688,0.382171,0.834174,0.582568;56@0.720993,0.655143,0.850487,0.445144,0.291782,0.306536,0.569286,0.769672,0.679869,0.46751,0.148802,0.842405;73@0.297989,0.117588;38@0.952657,0.280581,0.173523,0.664659,0.624321,0.665946,0.029848,0.394685,0.59991,0.359236;1@;14@0.402258,0.6264,0.890849,0.651039,0.959926,0.887537,0.591375,0.458933,0.627416;41@;32@0.970512,0.648144,0.314546,0.191632;70@0.522193,0.605221,0.908187,0.136468;43@0.16499,0.974954,0.541455,0.657564,0.918562,0.120326,0.272161,0.450976,0.198311,0.371133,0.778508;65@0.723778,0.409894,0.626731,0.048763;20@0.497902,0.47925,0.467075,0.966626;40@0.007412,0.018007,0.217776;100@0.142677;37@0.332553,0.663544,0.904735,0.304168,0.910787,0.820608,0.111792,0.03832,0.379978,0.107875,0.694862,0.649225,0.875892;27@0.869083,0.645673,0.082662,0.3888,0.320488,0.254392,0.955233;92@0.851115,0.536425,0.862456,0.210256,0.711392;10@0.696099,0.602874,0.917527,0.149522,0.468262,0.694436,0.574219,0.724094,0.216856,0.093644,0.43533,0.095495;75@0.730765,0.108124,0.873324,0.716436,0.380334,0.278211,0.315755,0.786875,0.747708,0.438028;84@0.80219,0.478652,0.280876,0.403514,0.518064,0.802534,0.224497,0.59274,0.589394,0.912146,0.435536;82@0.260216;47@0.471924,0.39242,0.036518,0.128956,0.876317,0.913863,0.846665,0.873471,0.087048,0.898662,0.890124;9@0.104469,0.447711,0.032095,0.635834,0.996362,0.367107,0.167598,0.434094,0.684498,0.219142,0.242468;39@0.419284,0.429805,0.837386,0.863352,0.97056,0.218923,0.401619,0.952065,0.736204;88@0.94714,0.956971,0.420564,0.887269,0.504646,0.267933,0.403416;30@0.038672,0.39581,0.781438,0.086234,0.38736,0.004229,0.021454,0.069614,0.117211,0.939156|1|1762487393
I20251108 00:02:58.822956 139717798590272 data_text_parser.cc:116] beg_pos: 1673,end_pos: 3879
I20251108 00:02:58.822968 139717798590272 data_text_parser.cc:59] line: 112|957|1720@2960607657:0.400673;1185@555704816:0.64983;1587@2886327952:0.7867;1048@1014270269:0.729642;1413@1105229336:0.077841;1472@4115261292:0.442069;1861@559125312:0.433429;1430@1023925170:0.9955;1384@3649559853:0.677502;1829@1326930630:0.788237;1635@1672044751:0.998062;1785@1586493004:0.145978;1712@1267184656:0.59555;1116@3993855760:0.00495;1010@2048822463:0.815957;1371@857748984:0.518175;1381@644080621:0.861128;1736@2719414406:0.141112;1206@1205362577:0.434054;1202@968257382:0.446879|67@0.422088,0.482494,0.4448,0.43491,0.90093,0.092148,0.024228,0.521827,0.888978,0.190435,0.662944;56@0.207602,0.281597,0.655104,0.994382,0.325533,0.636833,0.933016,0.76491,0.229618,0.201128,0.735235,0.615239;73@0.796636,0.178451;38@0.065451,0.737994,0.011726,0.469927,0.087476,0.129333,0.565888,0.521148,0.835082,0.212263;1@;14@0.532617,0.786814,0.833672,0.834429,0.593085,0.27676,0.137469,0.151587,0.474914;41@;32@0.201027,0.255473,0.171077,0.409402;70@0.366733,0.793945,0.77803,0.43135;43@0.181125,0.658644,0.410916,0.900582,0.678793,0.211646,0.374614,0.597226,0.242398,0.349826,0.485519;65@0.762298,0.101074,0.843549,0.849316;20@0.711573,0.788221,0.65356,0.626505;40@0.523163,0.51603,0.735434;100@0.472089;37@0.379077,0.780335,0.127512,0.475288,0.389906,0.505356,0.213489,0.517178,0.872481,0.317206,0.554136,0.729946,0.498705;27@0.791978,0.760904,0.914145,0.435766,0.310732,0.010679,0.033988;92@0.561966,0.331545,0.273001,0.723051,0.341996;10@0.869862,0.287092,0.76369,0.506846,0.08753,0.620267,0.111681,0.846908,0.702789,0.824416,0.295927,0.452859;75@0.195762,0.439703,0.202245,0.971282,0.356282,0.130424,0.86581,0.597919,0.304348,0.457981;84@0.360468,0.861388,0.22438,0.805304,0.418034,0.029071,0.386825,0.68856,0.075455,0.480573,0.577159;82@0.605523;47@0.829196,0.888644,0.913461,0.832471,0.011213,0.197731,0.269585,0.290554,0.985822,0.274842,0.744714;9@0.944179,0.813441,0.763676,0.543956,0.209584,0.084734,0.287603,0.929923,0.340525,0.439862,0.559808;39@0.891682,0.422517,0.172499,0.172599,0.839693,0.670209,0.533943,0.950822,0.814036;88@0.975277,0.620591,0.908918,0.50188,0.152022,0.307437,0.591224;30@0.841798,0.790192,0.73557,0.492856,0.12857,0.914361,0.486713,0.976914,0.71188,0.874141|1|1762487393
I20251108 00:02:58.823010 139717798590272 data_text_parser.cc:116] beg_pos: 3880,end_pos: 6079
I20251108 00:02:58.823022 139717798590272 data_text_parser.cc:59] line: 113|349|1720@2402006986:0.1384;1185@2556274467:0.93315;1587@3369745040:0.410364;1048@2151403665:0.634709;1413@2973602334:0.664291;1472@758457978:0.395457;1861@774304389:0.605164;1430@671607413:0.973241;1384@777813184:0.02001;1829@4231979584:0.66219;1635@1080435506:0.434171;1785@2837633239:0.196547;1712@154915537:0.378155;1116@2927349006:0.048365;1010@3523138041:0.218148;1371@4196086267:0.270593;1381@3147149830:0.622941;1736@3405541820:0.770975;1206@643939556:0.072345;1202@2893608610:0.140382|67@0.018141,0.605945,0.898362,0.028141,0.245737,0.162537,0.667341,0.457425,0.335418,0.583503,0.325035;56@0.296719,0.339545,0.801795,0.994762,0.042931,0.642815,0.589352,0.379025,0.112497,0.894292,0.532839,0.400697;73@0.47275,0.834354;38@0.624348,0.47513,0.780179,0.189378,0.161263,0.649519,0.66507,0.298058,0.853368,0.776072;1@;14@0.651329,0.916046,0.682274,0.369498,0.150136,0.423282,0.418048,0.513854,0.616187;41@;32@0.699151,0.785135,0.172295,0.953051;70@0.9375,0.841439,0.121795,0.220306;43@0.989532,0.754507,0.929312,0.990971,0.311601,0.240222,0.449503,0.285867,0.21185,0.145403,0.88754;65@0.931954,0.03496,0.292573,0.473917;20@0.049173,0.930581,0.755079,0.556659;40@0.621811,0.35744,0.59773;100@0.697755;37@0.200433,0.708335,0.411534,0.749097,0.278182,0.48349,0.296505,0.671991,0.440543,0.810972,0.840416,0.216568,0.257649;27@0.631677,0.383832,0.79549,0.131779,0.445922,0.039379,0.763948;92@0.025419,0.511473,0.361719,0.485099,0.035299;10@0.110739,0.70622,0.56458,0.226935,0.831131,0.891659,0.287455,0.96816,0.312589,0.841671,0.485758,0.944412;75@0.609315,0.09201,0.00736,0.472749,0.516168,0.511524,0.601073,0.168597,0.284687,0.812133;84@0.188879,0.778198,0.17541,0.204708,0.216191,0.708883,0.383641,0.63232,0.183968,0.568827,0.841622;82@0.144008;47@0.19504,0.819424,0.910507,0.960279,0.292517,0.852086,0.427955,0.328959,0.933171,0.944397,0.035826;9@0.452032,0.138885,0.515144,0.547901,0.36497,0.706501,0.021034,0.663007,0.760534,0.20071,0.767539;39@0.53361,0.121624,0.769767,0.168122,0.747017,0.786645,0.547426,0.63858,0.236177;88@0.353298,0.915527,0.060912,0.405849,0.372361,0.444536,0.213226;30@0.937075,0.85085,0.04775,0.537211,0.310336,0.37894,0.223159,0.354273,0.295933,0.639812|1|1762487393
I20251108 00:02:58.823053 139717798590272 data_text_parser.cc:116] beg_pos: 6080,end_pos: 8275
I20251108 00:02:58.823065 139717798590272 data_text_parser.cc:59] line: 114|588|1720@2822179708:0.511929;1185@1856382792:0.66487;1587@1890659459:0.808788;1048@4169525701:0.511697;1413@3411006928:0.93204;1472@2174401493:0.506149;1861@95406967:0.319228;1430@1011369280:0.05165;1384@4086771898:0.099495;1829@71612063:0.176552;1635@1154448446:0.132993;1785@1997024654:0.129177;1712@2219478965:0.960067;1116@716794159:0.355628;1010@4086780496:0.57078;1371@3395367132:0.10855;1381@1753052178:0.132296;1736@2673037213:0.819246;1206@3314018086:0.179375;1202@367705524:0.315672|67@0.87276,0.799081,0.031178,0.29534,0.942416,0.848199,0.350874,0.605268,0.981683,0.824247,0.5611;56@0.285363,0.61403,0.429617,0.12337,0.087712,0.997207,0.437551,0.28333,0.872621,0.964319,0.433654,0.14396;73@0.907316,0.499783;38@0.287118,0.817589,0.673999,0.559322,0.525816,0.292271,0.480513,0.880759,0.667087,0.613438;1@;14@0.304863,0.418512,0.703946,0.742003,0.329243,0.313677,0.356353,0.728955,0.287484;41@;32@0.866719,0.793022,0.739688,0.91971;70@0.786039,0.744836,0.446678,0.397681;43@0.03106,0.664492,0.254147,0.851538,0.896432,0.198179,0.487616,0.693876,0.565293,0.302165,0.261479;65@0.239834,0.5767,0.570139,0.877676;20@0.761643,0.340175,0.132976,0.153347;40@0.886413,0.663234,0.4129;100@0.910041;37@0.886816,0.244218,0.181185,0.709319,0.047312,0.003772,0.697953,0.432576,0.264154,0.986504,0.033467,0.341093,0.869096;27@0.73773,0.604883,0.459288,0.258912,0.798546,0.711412,0.448719;92@0.473402,0.581695,0.685381,0.471054,0.461682;10@0.945123,0.194368,0.15476,0.602075,0.074918,0.94073,0.462381,0.701104,0.807441,0.207305,0.318539,0.809344;75@0.921939,0.86986,0.770351,0.80474,0.353211,0.83541,0.5891,0.02081,0.528459,0.452081;84@0.128625,0.857503,0.215842,0.572868,0.195824,0.826003,0.541532,0.584499,0.899303,0.802206,0.809756;82@0.94229;47@0.331209,0.324778,0.662087,0.250935,0.084572,0.788227,0.710393,0.057873,0.681047,0.980588,0.859797;9@0.535821,0.247609,0.620301,0.666437,0.364948,0.429389,0.217681,0.953527,0.74432,0.491282,0.713178;39@0.87006,0.018993,0.664654,0.306395,0.875379,0.505493,0.347701,0.906367,0.652075;88@0.89365,0.091056,0.156008,0.719021,0.013405,0.771719,0.863432;30@0.36024,0.29028,0.264931,0.385457,0.053695,0.294239,0.09838,0.86123,0.415825,0.229507|1|1762487393
I20251108 00:02:58.823105 139717798590272 data_text_parser.cc:116] beg_pos: 8276,end_pos: 10477
I20251108 00:02:58.823118 139717798590272 data_text_parser.cc:59] line: 115|131|1720@3783922871:0.927861;1185@29301891:0.062585;1587@2372218094:0.90677;1048@2496242448:0.938498;1413@1371078034:0.588252;1472@1330693859:0.812679;1861@1715395483:0.769456;1430@92668701:0.368835;1384@775795201:0.393717;1829@1245859142:0.278337;1635@2722482773:0.48;1785@183115321:0.767752;1712@3494879833:0.315839;1116@1254284750:0.479274;1010@3243139072:0.15712;1371@2989076961:0.577312;1381@2928975068:0.094576;1736@1185006463:0.641236;1206@1523021809:0.207041;1202@309916703:0.408176|67@0.212209,0.796881,0.682356,0.88693,0.129443,0.259977,0.43204,0.396574,0.923266,0.880407,0.551905;56@0.275363,0.333089,0.849755,0.813806,0.220199,0.164702,0.84462,0.107444,0.840683,0.629953,0.536616,0.650025;73@0.112016,0.55914;38@0.636474,0.173171,0.842413,0.070945,0.753524,0.10414,0.485214,0.451403,0.910955,0.288058;1@;14@0.027761,0.598343,0.072071,0.209645,0.566625,0.60464,0.027982,0.296646,0.876102;41@;32@0.007623,0.088733,0.864237,0.171994;70@0.658962,0.891505,0.506829,0.082968;43@0.260672,0.980292,0.922833,0.356516,0.941284,0.009298,0.998028,0.63062,0.922359,0.33556,0.356212;65@0.250821,0.613472,0.890066,0.086733;20@0.851416,0.284133,0.225785,0.626152;40@0.614071,0.668878,0.779144;100@0.382679;37@0.344319,0.758758,0.328654,0.435207,0.546514,0.505996,0.772842,0.167568,0.222142,0.86942,0.994462,0.843891,0.974321;27@0.984722,0.497061,0.411422,0.533982,0.478512,0.444172,0.748804;92@0.020984,0.656549,0.645216,0.703993,0.066824;10@0.861898,0.843062,0.05768,0.1895,0.612883,0.968904,0.295689,0.288211,0.60404,0.377263,0.917696,0.989843;75@0.914864,0.41246,0.12641,0.853301,0.304763,0.375989,0.384291,0.785729,0.297727,0.533615;84@0.716631,0.431219,0.494928,0.871859,0.692109,0.275185,0.054981,0.85067,0.95756,0.168362,0.733872;82@0.066748;47@0.666543,0.649718,0.698285,0.033026,0.456442,0.806475,0.30725,0.665729,0.312048,0.481045,0.584809;9@0.477061,0.076444,0.164664,0.798367,0.168762,0.225521,0.220886,0.562575,0.754088,0.687106,0.000672;39@0.56591,0.052278,0.293501,0.022306,0.314478,0.42653,0.210569,0.791521,0.700272;88@0.902486,0.387607,0.361697,0.20393,0.483501,0.364909,0.610206;30@0.817371,0.91565,0.657738,0.122372,0.005943,0.922492,0.19972,0.040643,0.563302,0.464076|0|1762487393
I20251108 00:02:58.823149 139717798590272 data_text_parser.cc:116] beg_pos: 10478,end_pos: 12689
I20251108 00:02:58.823160 139717798590272 data_text_parser.cc:59] line: 116|579|1720@671305384:0.161254;1185@1623915298:0.321372;1587@3073017617:0.472238;1048@1467441894:0.916219;1413@1908838787:0.357948;1472@3516269453:0.079003;1861@2641585069:0.278145;1430@2807328152:0.76922;1384@746765651:0.997441;1829@666972945:0.280485;1635@3950557964:0.678806;1785@1967896935:0.024888;1712@3712937515:0.464696;1116@819961635:0.926265;1010@2404755704:0.01641;1371@3708015449:0.508682;1381@127527430:0.701231;1736@976206512:0.037453;1206@3521136431:0.825927;1202@2849266499:0.369944|67@0.793614,0.325722,0.325694,0.133339,0.745817,0.64657,0.941211,0.680864,0.543917,0.173964,0.624298;56@0.491723,0.867435,0.620564,0.409147,0.318311,0.17736,0.74961,0.258089,0.252679,0.446023,0.12389,0.927677;73@0.311156,0.152219;38@0.592059,0.756803,0.68074,0.959298,0.194872,0.896794,0.183623,0.269901,0.306219,0.203875;1@;14@0.492712,0.400212,0.495466,0.457876,0.394717,0.761406,0.249593,0.103558,0.708158;41@;32@0.66159,0.138756,0.683091,0.02042;70@0.245726,0.181243,0.721957,0.374445;43@0.342199,0.619301,0.693727,0.091119,0.175503,0.767285,0.346772,0.899301,0.673648,0.501765,0.542514;65@0.263983,0.153548,0.053882,0.005845;20@0.210547,0.864323,0.470971,0.1842;40@0.904738,0.040844,0.670088;100@0.672537;37@0.497376,0.705774,0.73375,0.19125,0.25972,0.309666,0.439034,0.77054,0.967078,0.203896,0.223181,0.542942,0.028607;27@0.021556,0.512498,0.434523,0.470165,0.833884,0.059077,0.894706;92@0.995682,0.486123,0.50865,0.786915,0.11212;10@0.874083,0.348659,0.471656,0.691651,0.428389,0.230269,0.458696,0.044897,0.918557,0.890461,0.125406,0.813403;75@0.050054,0.286912,0.416112,0.405962,0.980005,0.740105,0.807261,0.415147,0.611586,0.804892;84@0.983858,0.976802,0.519634,0.727008,0.319446,0.896125,0.544162,0.138518,0.510206,0.422835,0.16769;82@0.423056;47@0.647666,0.382108,0.353107,0.284068,0.716101,0.277412,0.462034,0.668687,0.870376,0.194649,0.941461;9@0.943844,0.804547,0.660089,0.96469,0.26367,0.437966,0.973778,0.612059,0.657974,0.258575,0.248492;39@0.910884,0.031599,0.239678,0.385118,0.685447,0.931247,0.164375,0.128127,0.266651;88@0.651375,0.024253,0.336996,0.434131,0.275075,0.643572,0.676857;30@0.801283,0.770519,0.531671,0.750216,0.010083,0.346555,0.002882,0.785453,0.143791,0.225024|1|1762487393
I20251108 00:02:58.823201 139717798590272 data_text_parser.cc:116] beg_pos: 12690,end_pos: 14879
I20251108 00:02:58.823213 139717798590272 data_text_parser.cc:59] line: 117|401|1720@560811573:0.716024;1185@1523852024:0.92908;1587@936791122:0.786217;1048@1720475327:0.809172;1413@2782598802:0.730829;1472@3268872998:0.935109;1861@4264758735:0.532234;1430@4257262344:0.237578;1384@4017370539:0.046859;1829@3512569346:0.432625;1635@1227476973:0.954335;1785@2973079613:0.150097;1712@312390348:0.702895;1116@3475326205:0.506532;1010@1975698829:0.285993;1371@337247344:0.861318;1381@89965243:0.333291;1736@3783922871:0.456077;1206@2162812933:0.31141;1202@1712752339:0.588479|67@0.35881,0.680183,0.892046,0.108003,0.475279,0.766639,0.835598,0.169425,0.262213,0.572426,0.184878;56@0.594184,0.734324,0.68339,0.089093,0.905955,0.881153,0.328887,0.90627,0.662416,0.723574,0.847547,0.965503;73@0.370064,0.649858;38@0.13111,0.493959,0.34061,0.821345,0.861647,0.069932,0.66797,0.023185,0.54192,0.700208;1@;14@0.001347,0.36593,0.540437,0.063289,0.971173,0.59499,0.864044,0.234585,0.960073;41@;32@0.366159,0.476255,0.661715,0.364301;70@0.129814,0.478688,0.592255,0.761845;43@0.381966,0.230655,0.137612,0.861261,0.092134,0.57928,0.57471,0.181659,0.377911,0.105416,0.087546;65@0.656676,0.510388,0.92864,0.272688;20@0.971986,0.342763,0.640474,0.773301;40@0.474164,0.64794,0.756485;100@0.4746;37@0.755706,0.19034,0.368747,0.658589,0.442048,0.52403,0.044989,0.025801,0.62866,0.108759,0.815831,0.109901,0.632398;27@0.882732,0.797251,0.824743,0.580883,0.856858,0.874347,0.54462;92@0.618909,0.0734,0.22434,0.07932,0.16832;10@0.00646,0.748859,0.874535,0.588204,0.059743,0.955897,0.961052,0.405036,0.131103,0.996147,0.791058,0.652519;75@0.690765,0.958575,0.57814,0.546774,0.199954,0.062732,0.10361,0.548821,0.892844,0.939928;84@0.66663,0.47189,0.061162,0.42033,0.9955,0.404402,0.125351,0.455468,0.782168,0.772554,0.685789;82@0.416533;47@0.761635,0.532977,0.647204,0.826806,0.842382,0.782128,0.21002,0.261461,0.468732,0.435347,0.049445;9@0.119231,0.936909,0.258809,0.537489,0.128154,0.43518,0.734673,0.430184,0.05445,0.397339,0.294569;39@0.664782,0.870517,0.834599,0.85986,0.844439,0.113828,0.756339,0.202319,0.73864;88@0.198466,0.52314,0.960628,0.968001,0.836695,0.166875,0.766464;30@0.36645,0.825321,0.507792,0.784454,0.451836,0.853942,0.10856,0.045645,0.795726,0.859927|1|1762487393
I20251108 00:02:58.823253 139717798590272 data_text_parser.cc:116] beg_pos: 14880,end_pos: 17096
I20251108 00:02:58.823268 139717798590272 data_text_parser.cc:59] line: 118|578|1720@3141927384:0.279183;1185@1048917694:0.584823;1587@3253286946:0.135697;1048@4055035950:0.076569;1413@3695180573:0.634559;1472@3438447978:0.878644;1861@2096772687:0.183585;1430@3133565398:0.431802;1384@4006319640:0.172708;1829@3643492452:0.06093;1635@3122729287:0.803623;1785@2774618694:0.106134;1712@2222954782:0.482216;1116@2764447800:0.737607;1010@3082768831:0.360553;1371@940803922:0.174999;1381@636351568:0.339201;1736@1216944280:0.218447;1206@815190927:0.857981;1202@2361368820:0.38093|67@0.055404,0.594048,0.0321,0.06564,0.481574,0.314555,0.829793,0.359411,0.285579,0.178261,0.465948;56@0.192767,0.207398,0.615594,0.786831,0.606854,0.076455,0.804214,0.863869,0.228203,0.562548,0.876299,0.734722;73@0.342815,0.146503;38@0.636333,0.942008,0.897121,0.85851,0.377622,0.745271,0.822931,0.458321,0.569531,0.475799;1@;14@0.236652,0.24279,0.006117,0.968863,0.264614,0.555066,0.812128,0.733608,0.933873;41@;32@0.030058,0.177025,0.520505,0.275965;70@0.399194,0.624031,0.283631,0.309461;43@0.683082,0.801547,0.843431,0.116432,0.473093,0.026351,0.375887,0.739577,0.711737,0.967194,0.324742;65@0.519875,0.625477,0.328447,0.399734;20@0.423753,0.291267,0.123995,0.215483;40@0.47003,0.441455,0.709433;100@0.18215;37@0.42945,0.455184,0.193476,0.959615,0.776394,0.481295,0.541591,0.661022,0.381648,0.20013,0.835842,0.704694,0.849914;27@0.412502,0.524568,0.833805,0.961754,0.990429,0.169121,0.689163;92@0.266613,0.246952,0.871245,0.32307,0.849032;10@0.632189,0.322202,0.885899,0.382577,0.223744,0.663425,0.688852,0.350849,0.199734,0.724303,0.025009,0.716998;75@0.739114,0.938823,0.851216,0.218526,0.876351,0.189435,0.90773,0.374747,0.864103,0.871773;84@0.469516,0.766386,0.460377,0.059457,0.880599,0.80998,0.242413,0.529262,0.379301,0.102862,0.06939;82@0.850311;47@0.49901,0.962713,0.290346,0.004523,0.288976,0.009338,0.173656,0.410859,0.592235,0.281902,0.933446;9@0.982002,0.773451,0.855324,0.264833,0.534258,0.424999,0.089923,0.166969,0.202473,0.86647,0.989672;39@0.346925,0.129141,0.802993,0.813057,0.350549,0.255218,0.735299,0.752721,0.437297;88@0.671835,0.097388,0.234388,0.442369,0.071563,0.315797,0.856546;30@0.888418,0.396345,0.138397,0.576088,0.865551,0.652824,0.454502,0.579511,0.56134,0.703454|1|1762487393
I20251108 00:02:58.823299 139717798590272 data_text_parser.cc:116] beg_pos: 17097,end_pos: 19302
I20251108 00:02:58.823311 139717798590272 data_text_parser.cc:59] line: 119|859|1720@4089110850:0.818844;1185@2019242582:0.792769;1587@3919826264:0.123849;1048@3934613631:0.628046;1413@1869625434:0.214201;1472@563605636:0.466331;1861@858679956:0.256768;1430@357295370:0.429802;1384@399712489:0.734691;1829@134217086:0.623041;1635@2214585178:0.56952;1785@3347734183:0.420501;1712@3548148151:0.79188;1116@3680376107:0.472669;1010@384359525:0.052978;1371@3968199838:0.16681;1381@1995537412:0.952257;1736@3610271866:0.140951;1206@3477520259:0.732254;1202@3815673281:0.512997|67@0.714527,0.975231,0.312717,0.933902,0.632497,0.96219,0.425528,0.009751,0.501591,0.753023,0.479114;56@0.50791,0.967853,0.090892,0.324259,0.632085,0.933696,0.998314,0.257303,0.503733,0.5969,0.282898,0.119434;73@0.250234,0.184388;38@0.883471,0.880562,0.544105,0.151922,0.549489,0.57567,0.643058,0.372623,0.588971,0.301695;1@;14@0.738831,0.716652,0.745937,0.428273,0.74716,0.048166,0.959867,0.225364,0.689841;41@;32@0.732539,0.828419,0.516051,0.800115;70@0.692862,0.54877,0.092688,0.32908;43@0.55995,0.588964,0.565385,0.73,0.242268,0.063769,0.688163,0.516856,0.998946,0.488453,0.865284;65@0.858157,0.341497,0.25669,0.105595;20@0.038115,0.580889,0.341727,0.767048;40@0.415523,0.661335,0.321787;100@0.500722;37@0.728627,0.533558,0.778411,0.492031,0.742284,0.160383,0.503378,0.502843,0.886181,0.460201,0.694694,0.098491,0.435019;27@0.842478,0.630116,0.276931,0.358126,0.950117,0.574162,0.322039;92@0.131566,0.381801,0.12689,0.644227,0.461342;10@0.637971,0.103853,0.915468,0.57319,0.621716,0.833269,0.054165,0.256971,0.952497,0.206077,0.849259,0.719213;75@0.300546,0.009932,0.21447,0.136921,0.405698,0.440311,0.639754,0.119068,0.431827,0.075935;84@0.381018,0.052652,0.377013,0.92908,0.73782,0.810001,0.237744,0.549638,0.626399,0.065804,0.776419;82@0.073997;47@0.986618,0.813168,0.560185,0.16248,0.103579,0.829274,0.345158,0.553841,0.999183,0.47055,0.618659;9@0.404152,0.599705,0.39971,0.827776,0.870367,0.746401,0.142676,0.226678,0.508935,0.432586,0.764169;39@0.363315,0.258004,0.184484,0.285099,0.561736,0.266772,0.101138,0.441706,0.43004;88@0.238843,0.495271,0.301647,0.618278,0.131448,0.289111,0.956672;30@0.008172,0.867646,0.676968,0.487284,0.214901,0.875479,0.270626,0.423592,0.351894,0.399382|0|1762487393
I20251108 00:02:58.823344 139717798590272 data_text_parser.cc:116] beg_pos: 19303,end_pos: 20480
I20251108 00:02:58.823605 139717798590272 data_text_parser.cc:101] get chunk buffer, size: 20480
I20251108 00:02:58.823625 139717798590272 data_text_parser.cc:116] beg_pos: 0,end_pos: 1036
I20251108 00:02:58.823632 139717798590272 data_text_parser.cc:61] buffer line: 120|307|1720@2390321013:0.312372;1185@2580695043:0.805226;1587@3404541229:0.65119;1048@557318550:0.184845;1413@3689785685:0.386031;1472@3279304361:0.109432;1861@4150629317:0.015966;1430@3177212145:0.621867;1384@3393407487:0.563237;1829@1406318037:0.999463;1635@4067306734:0.99731;1785@331679642:0.496234;1712@3663927368:0.83059;1116@936769573:0.462815;1010@2589847272:0.715363;1371@455377712:0.89512;1381@3784720478:0.49139;1736@3688887697:0.714137;1206@3994940535:0.161125;1202@1660572140:0.198392|67@0.919972,0.145569,0.906586,0.779154,0.545758,0.980572,0.004961,0.517897,0.243755,0.650422,0.204078;56@0.543096,0.453782,0.935287,0.667197,0.007953,0.351341,0.278057,0.693745,0.684862,0.244032,0.356075,0.986465;73@0.407551,0.587908;38@0.257027,0.682278,0.006852,0.478193,0.83929,0.454088,0.740075,0.694252,0.364597,0.256993;1@;14@0.125531,0.149604,0.405883,0.142516,0.24426,0.223934,0.821265,0.709921,0.170437;41@;32@0.965393,0.548615,0.25997,0.502096;70@0.513036,0.877102,0.360951,0.265088;43@0.976666,0.844389,0.332728,0.985724,0.613596,0.392301,0.575961,0.63748,0.439562,0.878699,0.236018;65@0.965035,0.44748,0.212208,0.528436;20@0.449022,0.393956,0.260287,0.512551;40@0.094945,0.932277,0.046387;100@0.963422;37@0.769409,0.779107,0.775743,0.508099,0.787941,0.87456,0.298418,0.640389,0.998171,0.835849,0.971882,0.451201,0.931632;27@0.345777,0.485071,0.930009,0.594451,0.95348,0.076282,0.154156;92@0.814553,0.628941,0.909446,0.775104,0.546967;10@0.725997,0.600944,0.178128,0.499089,0.222505,0.541889,0.764002,0.319879,0.382571,0.194095,0.819342,0.638439;75@0.609782,0.014821,0.765959,0.845715,0.97746,0.0319,0.971445,0.113685,0.286075,0.827047;84@0.162828,0.82425,0.315429,0.190886,0.78467,0.300531,0.821023,0.439644,0.819062,0.334688,0.100398;82@0.407361;47@0.712734,0.409157,0.689143,0.267023,0.745669,0.433977,0.300081,0.207169,0.124443,0.300767,0.322487;9@0.907809,0.585257,0.369143,0.098446,0.571123,0.773747,0.890244,0.306952,0.351622,0.710005,0.670242;39@0.030171,0.732655,0.332738,0.648167,0.461903,0.553689,0.195985,0.214188,0.462996;88@0.961622,0.690848,0.543789,0.420195,0.824896,0.836497,0.320359;30@0.595903,0.817999,0.44299,0.930367,0.25386,0.714854,0.561924,0.443279,0.092454,0.83782|0|1762487393
I20251108 00:02:58.823664 139717798590272 data_text_parser.cc:116] beg_pos: 1037,end_pos: 3252
I20251108 00:02:58.823677 139717798590272 data_text_parser.cc:59] line: 121|312|1720@1541775958:0.877228;1185@889931556:0.988814;1587@2989850980:0.340237;1048@4196086267:0.053417;1413@331679642:0.145616;1472@2922361882:0.989647;1861@350953287:0.728097;1430@2555317554:0.351724;1384@1008220519:0.631605;1829@909434073:0.891585;1635@3786053689:0.267373;1785@3570488526:0.613278;1712@2797344754:0.031282;1116@335801316:0.228783;1010@2721954713:0.646708;1371@3935930394:0.77441;1381@1555318465:0.639622;1736@676353421:0.256198;1206@2463063113:0.760447;1202@3888084644:0.679753|67@0.47283,0.691942,0.352547,0.570506,0.692894,0.454024,0.335205,0.542012,0.812414,0.563422,0.53745;56@0.497832,0.355544,0.322457,0.690327,0.573941,0.911136,0.844007,0.930471,0.514297,0.146509,0.051739,0.675073;73@0.04439,0.212398;38@0.123029,0.540425,0.581363,0.375981,0.781114,0.029276,0.606399,0.122739,0.437307,0.954337;1@;14@0.509171,0.226291,0.92062,0.367909,0.456211,0.80776,0.959442,0.938365,0.897925;41@;32@0.329796,0.455166,0.264703,0.996123;70@0.814907,0.824918,0.679915,0.541793;43@0.284061,0.066696,0.694975,0.075839,0.973553,0.522187,0.772334,0.882911,0.520384,0.689828,0.554315;65@0.734374,0.169534,0.264363,0.339976;20@0.730146,0.751984,0.86412,0.412601;40@0.882926,0.882346,0.907562;100@0.76015;37@0.371622,0.591276,0.814608,0.687925,0.251316,0.328608,0.01022,0.414079,0.609041,0.755925,0.349535,0.830815,0.944162;27@0.489227,0.223172,0.803818,0.953705,0.541053,0.919245,0.906225;92@0.984412,0.128472,0.123876,0.641751,0.694164;10@0.412336,0.336672,0.885308,0.26707,0.553079,0.559089,0.804252,0.753581,0.567502,0.772856,0.130913,0.487929;75@0.787136,0.468438,0.428491,0.447116,0.195889,0.339073,0.717846,0.855656,0.029312,0.527099;84@0.849306,0.50191,0.306884,0.090475,0.066063,0.049478,0.428178,0.734516,0.585363,0.588986,0.544228;82@0.755728;47@0.894664,0.821748,0.896327,0.609219,0.367439,0.371997,0.062093,0.132354,0.652827,0.579285,0.167962;9@0.611694,0.449257,0.319638,0.311817,0.208932,0.011751,0.815785,0.144245,0.22378,0.654922,0.246307;39@0.012226,0.736864,0.93251,0.998158,0.280195,0.548672,0.141555,0.609296,0.081356;88@0.367936,0.458059,0.117908,0.755381,0.47025,0.647097,0.473116;30@0.830339,0.098863,0.948731,0.831144,0.138585,0.612175,0.94381,0.849723,0.17498,0.793079|0|1762487393
I20251108 00:02:58.823717 139717798590272 data_text_parser.cc:116] beg_pos: 3253,end_pos: 5460
I20251108 00:02:58.823730 139717798590272 data_text_parser.cc:59] line: 122|745|1720@1049160326:0.538999;1185@2794905322:0.472087;1587@1199008882:0.388974;1048@3947179334:0.520926;1413@531215680:0.43298;1472@1342924019:0.065217;1861@1455191595:0.793069;1430@1917950726:0.013933;1384@3132273412:0.20363;1829@2015811147:0.156149;1635@227232407:0.580746;1785@3415407218:0.831581;1712@1062701749:0.601667;1116@3771937477:0.228005;1010@1990088690:0.817461;1371@2020862487:0.720191;1381@3246687055:0.999389;1736@1061055775:0.538852;1206@95406967:0.058988;1202@1031294326:0.693925|67@0.735345,0.711156,0.914642,0.257957,0.163513,0.74693,0.979636,0.846877,0.806412,0.60764,0.65554;56@0.79135,0.436111,0.17043,0.049476,0.005387,0.830434,0.396786,0.563162,0.557028,0.060788,0.14771,0.483262;73@0.74708,0.126092;38@0.341766,0.388472,0.979417,0.69079,0.621963,0.503144,0.241674,0.754031,0.421782,0.527703;1@;14@0.146564,0.043078,0.901992,0.620189,0.060108,0.578677,0.887377,0.522619,0.718258;41@;32@0.60002,0.43991,0.435229,0.348443;70@0.813403,0.602529,0.454764,0.966704;43@0.147767,0.026359,0.391971,0.432783,0.963926,0.377272,0.911708,0.351414,0.256109,0.072356,0.610405;65@0.049429,0.26304,0.479467,0.068438;20@0.341385,0.815834,0.670161,0.519091;40@0.742006,0.450784,0.383948;100@0.926639;37@0.122818,0.150867,0.8204,0.371178,0.282701,0.903407,0.079107,0.506856,0.913118,0.227953,0.696971,0.861484,0.667736;27@0.345744,0.133228,0.97885,0.587916,0.355035,0.279548,0.683632;92@0.917491,0.594427,0.397086,0.176838,0.814152;10@0.188085,0.852657,0.940325,0.159314,0.555795,0.722594,0.743454,0.696702,0.818253,0.704118,0.872395,0.403677;75@0.066509,0.149876,0.793541,0.754897,0.466679,0.003094,0.67261,0.026436,0.822785,0.13419;84@0.669212,0.239241,0.004539,0.999145,0.37678,0.701693,0.536959,0.552598,0.796936,0.757914,0.759283;82@0.670738;47@0.875046,0.329768,0.628482,0.009128,0.331345,0.217587,0.917835,0.34653,0.637591,0.586102,0.573659;9@0.246487,0.933858,0.869911,0.769331,0.435533,0.633163,0.554093,0.712523,0.282336,0.35051,0.333714;39@0.118626,0.511436,0.68672,0.703487,0.278518,0.647381,0.890147,0.591805,0.390236;88@0.591857,0.2037,0.194806,0.905686,0.187922,0.382558,0.214085;30@0.656345,0.009787,0.623267,0.493151,0.60778,0.371214,0.432754,0.841611,0.459746,0.85021|0|1762487393
I20251108 00:02:58.823771 139717798590272 data_text_parser.cc:116] beg_pos: 5461,end_pos: 7676
I20251108 00:02:58.823784 139717798590272 data_text_parser.cc:59] line: 123|313|1720@3598127377:0.705229;1185@3770274318:0.968459;1587@3348543419:0.207393;1048@3608605565:0.157981;1413@3811375670:0.429569;1472@964045399:0.609574;1861@1679387090:0.87279;1430@2827736647:0.959624;1384@3054882964:0.377426;1829@1306036491:0.33246;1635@4267755220:0.238919;1785@2611030268:0.708665;1712@1675147190:0.226967;1116@2989008420:0.931901;1010@1392041970:0.445068;1371@236294592:0.738515;1381@2840912794:0.738024;1736@887170462:0.681018;1206@2530628269:0.335856;1202@2377076960:0.626149|67@0.980378,0.891563,0.206804,0.330429,0.371948,0.00945,0.045589,0.915893,0.642884,0.960696,0.33984;56@0.530295,0.984423,0.53785,0.133925,0.065877,0.586197,0.166266,0.813331,0.373705,0.545474,0.16048,0.838848;73@0.146149,0.367183;38@0.768919,0.396345,0.193658,0.257641,0.174976,0.361613,0.542536,0.502426,0.749258,0.060773;1@;14@0.689684,0.867576,0.286467,0.638581,0.409189,0.937921,0.086103,0.582138,0.577501;41@;32@0.755469,0.476152,0.942461,0.550679;70@0.473225,0.938403,0.313519,0.251639;43@0.406842,0.158238,0.907701,0.63288,0.286785,0.327971,0.987454,0.674842,0.767897,0.817557,0.856527;65@0.421411,0.412579,0.912864,0.025613;20@0.425113,0.10876,0.78127,0.791893;40@0.134894,0.399006,0.245619;100@0.589634;37@0.572851,0.304048,0.616574,0.617489,0.738531,0.470854,0.981062,0.004572,0.940323,0.597587,0.673162,0.429373,0.936155;27@0.674037,0.484777,0.644391,0.751104,0.604434,0.410632,0.439136;92@0.173768,0.290254,0.68049,0.646009,0.513769;10@0.981653,0.699926,0.541604,0.782499,0.817854,0.050654,0.10269,0.332014,0.421505,0.729543,0.776387,0.431457;75@0.60573,0.295727,0.524959,0.672292,0.231637,0.549834,0.12748,0.578087,0.750182,0.79913;84@0.245817,0.564343,0.612675,0.233783,0.677732,0.115825,0.90119,0.574215,0.956958,0.498656,0.915949;82@0.943637;47@0.62805,0.048961,0.25035,0.998305,0.328246,0.242785,0.083123,0.564049,0.645381,0.763073,0.01148;9@0.081112,0.924864,0.646059,0.689352,0.542721,0.095548,0.216212,0.144918,0.846711,0.260507,0.862088;39@0.834277,0.881299,0.441716,0.653435,0.007514,0.468109,0.005195,0.224254,0.18844;88@0.975356,0.456779,0.975841,0.193874,0.172038,0.017997,0.909422;30@0.966614,0.879805,0.284949,0.189367,0.247544,0.497584,0.918729,0.747489,0.008622,0.083768|1|1762487393
I20251108 00:02:58.823815 139717798590272 data_text_parser.cc:116] beg_pos: 7677,end_pos: 9893
I20251108 00:02:58.823827 139717798590272 data_text_parser.cc:59] line: 124|632|1720@3979225442:0.508372;1185@619400206:0.272458;1587@1368341382:0.99757;1048@1392253259:0.657674;1413@3892619255:0.1532;1472@668674913:0.863521;1861@4132823514:0.147685;1430@577663022:0.637019;1384@3943774533:0.735755;1829@42367483:0.950598;1635@2615955489:0.844846;1785@2774618694:0.559502;1712@2765344562:0.266887;1116@707833005:0.424112;1010@1532453902:0.218979;1371@920335219:0.189587;1381@1324443726:0.09579;1736@990150978:0.236422;1206@1770877879:0.555659;1202@3543322083:0.457241|67@0.903356,0.995972,0.214899,0.205526,0.839479,0.690341,0.234097,0.181441,0.749897,0.621484,0.153341;56@0.555557,0.961647,0.450282,0.868876,0.410625,0.575965,0.287834,0.997689,0.421659,0.86492,0.818223,0.490823;73@0.442711,0.763342;38@0.200062,0.766065,0.216585,0.738233,0.390392,0.915345,0.016272,0.367276,0.900889,0.218439;1@;14@0.17342,0.659142,0.099931,0.711086,0.217083,0.990948,0.680389,0.233901,0.296248;41@;32@0.935716,0.264198,0.168346,0.422634;70@0.341048,0.660734,0.142529,0.503986;43@0.220146,0.996005,0.202534,0.295555,0.170707,0.925937,0.262712,0.015684,0.618328,0.375174,0.009148;65@0.865347,0.937273,0.776685,0.439202;20@0.367355,0.390153,0.788586,0.990144;40@0.016489,0.187692,0.645439;100@0.449029;37@0.902257,0.530067,0.83786,0.447003,0.330851,0.701879,0.423847,0.964335,0.746233,0.475695,0.274084,0.11711,0.590572;27@0.501727,0.793081,0.172468,0.020232,0.100232,0.268177,0.859576;92@0.605757,0.195285,0.078139,0.510497,0.587725;10@0.349176,0.021254,0.344835,0.842904,0.175988,0.410994,0.399667,0.852715,0.619323,0.802573,0.086658,0.102085;75@0.335986,0.591265,0.395244,0.372936,0.475261,0.307568,0.740743,0.45624,0.667684,0.778353;84@0.313355,0.850604,0.100465,0.90086,0.352543,0.577499,0.676622,0.97025,0.372969,0.518191,0.609893;82@0.805762;47@0.555652,0.937547,0.669149,0.719547,0.894012,0.723302,0.141194,0.902626,0.973557,0.418866,0.176247;9@0.250498,0.376726,0.453932,0.276818,0.885289,0.083202,0.622532,0.058617,0.154035,0.41848,0.392353;39@0.771184,0.634192,0.905729,0.223067,0.573289,0.706043,0.886728,0.579671,0.883616;88@0.910394,0.767445,0.963346,0.142517,0.096601,0.765581,0.928816;30@0.465923,0.519859,0.916001,0.622791,0.950588,0.037469,0.251316,0.76744,0.082183,0.270199|0|1762487393
I20251108 00:02:58.823868 139717798590272 data_text_parser.cc:116] beg_pos: 9894,end_pos: 12102
I20251108 00:02:58.823881 139717798590272 data_text_parser.cc:59] line: 125|334|1720@2963323718:0.17324;1185@42367483:0.288244;1587@2942853066:0.627969;1048@2740954964:0.011484;1413@500371833:0.278293;1472@1075898091:0.165489;1861@2923404609:0.600776;1430@3923244995:0.604915;1384@2056484476:0.173329;1829@1517729345:0.362265;1635@4288334873:0.079715;1785@194751316:0.07365;1712@2983290883:0.873469;1116@884451318:0.637358;1010@2799761035:0.332171;1371@3617443956:0.065101;1381@339959330:0.716315;1736@751510706:0.227984;1206@2379433274:0.338301;1202@2456328180:0.632271|67@0.78389,0.495728,0.641155,0.202668,0.076945,0.040132,0.457585,0.679092,0.601533,0.142184,0.013002;56@0.51357,0.239652,0.002951,0.609894,0.30788,0.95342,0.571528,0.431222,0.130782,0.968394,0.85659,0.776306;73@0.13487,0.689509;38@0.354157,0.880291,0.701234,0.850119,0.626022,0.807238,0.319005,0.847824,0.84558,0.742719;1@;14@0.073029,0.583312,0.428786,0.562928,0.088189,0.267728,0.532635,0.749397,0.653513;41@;32@0.512445,0.157598,0.152714,0.947603;70@0.60869,0.263674,0.753013,0.041237;43@0.394813,0.764517,0.774285,0.759396,0.987273,0.34211,0.386603,0.594181,0.707911,0.323056,0.759933;65@0.988384,0.70691,0.96437,0.516124;20@0.132677,0.355169,0.887194,0.060543;40@0.936905,0.209761,0.219648;100@0.859694;37@0.257831,0.64729,0.295465,0.210121,0.996035,0.004212,0.116947,0.71532,0.887249,0.462292,0.367292,0.164513,0.748456;27@0.670004,0.125181,0.557015,0.381548,0.544187,0.039879,0.257977;92@0.933197,0.492293,0.279505,0.214209,0.125059;10@0.338554,0.16892,0.538427,0.123122,0.606374,0.818447,0.339179,0.122848,0.028199,0.62274,0.938503,0.473072;75@0.260879,0.816109,0.324117,0.71449,0.177892,0.210469,0.916253,0.745857,0.376129,0.730013;84@0.964975,0.700836,0.198678,0.229697,0.251561,0.549967,0.971531,0.186642,0.294746,0.310568,0.978904;82@0.138621;47@0.436953,0.380896,0.168655,0.49239,0.762049,0.133904,0.399488,0.517331,0.756867,0.797429,0.312094;9@0.354497,0.719274,0.048318,0.661123,0.903608,0.777603,0.895269,0.072238,0.128356,0.667566,0.477347;39@0.590872,0.556214,0.875759,0.50253,0.501536,0.815998,0.578387,0.27919,0.21522;88@0.189023,0.984883,0.855179,0.535293,0.688196,0.546354,0.893301;30@0.760528,0.240011,0.441607,0.818634,0.041081,0.084254,0.985701,0.613572,0.239415,0.570932|1|1762487393
I20251108 00:02:58.823911 139717798590272 data_text_parser.cc:116] beg_pos: 12103,end_pos: 14310
I20251108 00:02:58.823923 139717798590272 data_text_parser.cc:59] line: 126|999|1720@2032281467:0.369434;1185@400912054:0.867431;1587@1656293805:0.052806;1048@1917878532:0.260785;1413@4289861935:0.568074;1472@2237731792:0.493923;1861@1836008557:0.464633;1430@2354824081:0.748496;1384@1840389822:0.57983;1829@3560890740:0.643578;1635@1383631443:0.543767;1785@1369046339:0.984447;1712@1074305428:0.91896;1116@179682573:0.829829;1010@3375744569:0.732152;1371@1280002060:0.24523;1381@670269425:0.487479;1736@260789066:0.26458;1206@3864068651:0.345845;1202@3903431066:0.305243|67@0.114209,0.493142,0.922402,0.303167,0.149031,0.2089,0.768619,0.102371,0.190801,0.793031,0.514004;56@0.664863,0.965672,0.064014,0.345519,0.552212,0.079426,0.009916,0.971949,0.822587,0.747575,0.811146,0.483834;73@0.193959,0.93026;38@0.183864,0.067645,0.090978,0.162795,0.077891,0.708202,0.324461,0.797647,0.773778,0.648718;1@;14@0.562962,0.895587,0.455406,0.892347,0.375011,0.728975,0.187922,0.90031,0.751574;41@;32@0.706131,0.244652,0.984178,0.958531;70@0.421887,0.725663,0.92541,0.087069;43@0.848709,0.229767,0.81353,0.879611,0.056129,0.775258,0.274352,0.164907,0.617082,0.009374,0.542306;65@0.680667,0.543314,0.598287,0.896977;20@0.915649,0.658485,0.70661,0.529366;40@0.007719,0.364098,0.966445;100@0.235395;37@0.801182,0.122478,0.634243,0.239185,0.773389,0.566233,0.920823,0.64027,0.617812,0.405683,0.035725,0.160941,0.850338;27@0.505733,0.302508,0.802883,0.597297,0.065633,0.452932,0.825061;92@0.668726,0.145823,0.907512,0.812906,0.89691;10@0.622117,0.505284,0.95464,0.400889,0.190352,0.422301,0.609334,0.101719,0.182593,0.32504,0.312561,0.195875;75@0.951064,0.979311,0.378772,0.81299,0.571031,0.221914,0.650546,0.110756,0.682151,0.612108;84@0.609232,0.909148,0.980709,0.000986,0.165529,0.528857,0.392066,0.37174,0.444805,0.27402,0.629196;82@0.25004;47@0.478084,0.316619,0.734599,0.241288,0.759351,0.159566,0.602598,0.28946,0.039251,0.708679,0.913368;9@0.67009,0.446127,0.061642,0.471964,0.708032,0.629783,0.431582,0.162558,0.331318,0.742654,0.698211;39@0.659662,0.633753,0.335712,0.476786,0.350156,0.046064,0.80763,0.064287,0.422271;88@0.782759,0.058609,0.626978,0.820893,0.6332,0.432626,0.624401;30@0.005114,0.386032,0.208145,0.743354,0.550558,0.255378,0.51159,0.913165,0.08362,0.596318|1|1762487393
I20251108 00:02:58.823964 139717798590272 data_text_parser.cc:116] beg_pos: 14311,end_pos: 16516
I20251108 00:02:58.823977 139717798590272 data_text_parser.cc:59] line: 127|372|1720@3793069704:0.288559;1185@287794581:0.625116;1587@2963323718:0.104687;1048@3528116029:0.394977;1413@3566067775:0.257304;1472@2908239012:0.49826;1861@1006651576:0.614525;1430@2551999929:0.032433;1384@2199485447:0.63705;1829@2009731978:0.785314;1635@2930862906:0.652614;1785@61363208:0.089141;1712@2884170588:0.289986;1116@2573991253:0.550949;1010@2630461207:0.282838;1371@730200049:0.626685;1381@2420004239:0.449162;1736@2561274066:0.1307;1206@3798799901:0.987467;1202@3821643355:0.494172|67@0.67848,0.44239,0.148417,0.416175,0.675415,0.801711,0.217465,0.354012,0.148421,0.322631,0.527495;56@0.165265,0.467952,0.101598,0.642138,0.229133,0.314954,0.223214,0.563605,0.271118,0.069033,0.231253,0.244373;73@0.197309,0.106318;38@0.447576,0.934341,0.442067,0.819019,0.082117,0.4398,0.680104,0.994875,0.262376,0.346567;1@;14@0.970029,0.433907,0.604634,0.621539,0.249722,0.5783,0.443111,0.02689,0.122554;41@;32@0.028099,0.548199,0.70303,0.47076;70@0.997769,0.706359,0.134598,0.153913;43@0.078088,0.154762,0.996092,0.63984,0.432386,0.569733,0.376713,0.586954,0.035747,0.763208,0.039617;65@0.060887,0.992772,0.452745,0.322009;20@0.33928,0.35977,0.358241,0.635421;40@0.737814,0.019776,0.932563;100@0.810347;37@0.036793,0.649218,0.135362,0.685548,0.779249,0.542815,0.271934,0.288252,0.094465,0.161781,0.06428,0.321231,0.10404;27@0.927214,0.627848,0.366882,0.426461,0.177283,0.724957,0.785629;92@0.497012,0.997128,0.176035,0.978239,0.012416;10@0.929834,0.912636,0.099695,0.582081,0.289412,0.624081,0.019007,0.667464,0.019037,0.008164,0.658213,0.839683;75@0.086684,0.709544,0.974081,0.5024,0.649462,0.805576,0.544631,0.344895,0.484437,0.555156;84@0.807346,0.594148,0.280789,0.349754,0.809458,0.029481,0.041179,0.517545,0.0753,0.633089,0.463868;82@0.703763;47@0.37366,0.827202,0.052354,0.60749,0.769497,0.054187,0.682129,0.409222,0.068857,0.318408,0.562463;9@0.940585,0.258264,0.286178,0.163803,0.117933,0.05747,0.971549,0.422222,0.536854,0.19949,0.537162;39@0.500437,0.164618,0.287299,0.486201,0.520204,0.435537,0.321369,0.133776,0.890814;88@0.583432,0.779332,0.98862,0.469877,0.277172,0.858334,0.496971;30@0.096944,0.409404,0.310377,0.310569,0.110397,0.755809,0.762461,0.165005,0.589733,0.96097|1|1762487393
I20251108 00:02:58.824008 139717798590272 data_text_parser.cc:116] beg_pos: 16517,end_pos: 18730
I20251108 00:02:58.824020 139717798590272 data_text_parser.cc:59] line: 128|269|1720@1939101982:0.038252;1185@22906190:0.651302;1587@3342553440:0.446994;1048@780434952:0.451227;1413@1021555617:0.124772;1472@3523200957:0.832841;1861@3523200957:0.736865;1430@3045976113:0.278625;1384@2996068223:0.089611;1829@1624513410:0.162513;1635@593278313:0.793611;1785@3426687871:0.10312;1712@2446244837:0.716735;1116@1116419039:0.098997;1010@403066621:0.344173;1371@572633011:0.258089;1381@301151506:0.380642;1736@4261390738:0.390144;1206@2646641094:0.492401;1202@2127204759:0.19619|67@0.183778,0.550111,0.552805,0.016609,0.321781,0.200128,0.195681,0.158619,0.689641,0.955665,0.211494;56@0.212773,0.32154,0.383235,0.799683,0.558119,0.680875,0.972179,0.323139,0.062323,0.346713,0.736184,0.647443;73@0.100686,0.700307;38@0.491513,0.666995,0.569408,0.176181,0.427569,0.019507,0.157665,0.022072,0.028773,0.422046;1@;14@0.089947,0.491007,0.824869,0.539397,0.182992,0.535267,0.913752,0.544281,0.272086;41@;32@0.886563,0.575763,0.560695,0.67753;70@0.721063,0.961973,0.795077,0.020001;43@0.342744,0.656624,0.558175,0.881295,0.246877,0.291731,0.39411,0.490401,0.708835,0.501276,0.926531;65@0.044442,0.941041,0.431134,0.849586;20@0.216347,0.79124,0.06578,0.749529;40@0.303402,0.978563,0.78385;100@0.070512;37@0.395708,0.006782,0.224651,0.340886,0.734294,0.676352,0.992698,0.078107,0.756671,0.083084,0.062329,0.341015,0.867619;27@0.945404,0.429492,0.717245,0.108882,0.454786,0.754626,0.193209;92@0.251138,0.118767,0.765197,0.202504,0.880422;10@0.004771,0.028276,0.469871,0.381194,0.393679,0.585093,0.401474,0.432992,0.815489,0.18185,0.881428,0.900274;75@0.810705,0.568671,0.762702,0.44856,0.183134,0.640543,0.788053,0.604851,0.215979,0.390804;84@0.003087,0.278156,0.780318,0.694808,0.606218,0.109222,0.443617,0.964576,0.657555,0.405216,0.16473;82@0.484423;47@0.530207,0.940367,0.389196,0.604276,0.739765,0.113408,0.581521,0.222621,0.311232,0.609055,0.333686;9@0.619268,0.377907,0.305018,0.08866,0.973817,0.50807,0.390077,0.718763,0.512039,0.367126,0.898336;39@0.08778,0.690523,0.946993,0.82001,0.738667,0.249925,0.325544,0.547457,0.890357;88@0.523876,0.005024,0.202528,0.09594,0.222785,0.835998,0.40916;30@0.624035,0.938388,0.122105,0.007918,0.375378,0.188096,0.650438,0.336126,0.285418,0.700623|1|1762487393
I20251108 00:02:58.824057 139717798590272 data_text_parser.cc:116] beg_pos: 18731,end_pos: 20480
I20251108 00:02:58.824300 139717798590272 data_text_parser.cc:101] get chunk buffer, size: 20480
I20251108 00:02:58.824315 139717798590272 data_text_parser.cc:116] beg_pos: 0,end_pos: 466
I20251108 00:02:58.824323 139717798590272 data_text_parser.cc:61] buffer line: 129|941|1720@1784474468:0.463528;1185@613732446:0.824073;1587@3812086297:0.751367;1048@3125163945:0.193409;1413@2725258612:0.776648;1472@2502380983:0.894049;1861@2823145360:0.442982;1430@427043897:0.748237;1384@3653523038:0.972227;1829@488044968:0.707157;1635@393219957:0.469384;1785@2211281440:0.706095;1712@4273920632:0.572152;1116@3959093778:0.804719;1010@1087300381:0.384173;1371@2642787575:0.455742;1381@2264829684:0.051809;1736@3162413160:0.017609;1206@927822855:0.593486;1202@658491782:0.718297|67@0.772687,0.700131,0.736586,0.042093,0.113103,0.449399,0.007533,0.405496,0.169665,0.004714,0.167279;56@0.213836,0.771517,0.759659,0.935231,0.768146,0.691909,0.03952,0.98017,0.169872,0.415683,0.619906,0.030725;73@0.002872,0.222898;38@0.353891,0.354989,0.914749,0.866089,0.707677,0.271935,0.537205,0.909125,0.553797,0.693947;1@;14@0.653227,0.555762,0.274704,0.373328,0.150052,0.802087,0.45561,0.713377,0.979082;41@;32@0.879919,0.904052,0.659734,0.841667;70@0.240271,0.250518,0.592918,0.791087;43@0.494963,0.301706,0.060098,0.953141,0.994178,0.121395,0.075781,0.955689,0.32127,0.844803,0.274974;65@0.171981,0.822889,0.163198,0.563177;20@0.681208,0.695652,0.913164,0.262504;40@0.138455,0.178747,0.967704;100@0.780753;37@0.099551,0.134518,0.673323,0.866235,0.488259,0.031923,0.743526,0.381155,0.295981,0.981091,0.441478,0.589032,0.7994;27@0.018652,0.56556,0.86137,0.11736,0.363312,0.624922,0.039067;92@0.431796,0.517685,0.69096,0.606164,0.678993;10@0.714441,0.679899,0.69796,0.712161,0.713026,0.420737,0.722643,0.661418,0.929103,0.02707,0.411623,0.633156;75@0.103878,0.644157,0.483454,0.533636,0.265003,0.524882,0.607274,0.033155,0.875766,0.830733;84@0.873845,0.609597,0.853828,0.525862,0.748476,0.296458,0.172619,0.654759,0.93927,0.309624,0.222248;82@0.419507;47@0.941141,0.471096,0.918372,0.431012,0.92392,0.915522,0.258358,0.818287,0.841251,0.470396,0.297132;9@0.387829,0.303161,0.562005,0.976773,0.958532,0.784521,0.366442,0.194875,0.99297,0.008191,0.167193;39@0.482288,0.84426,0.752986,0.763082,0.086557,0.281545,0.960264,0.476504,0.941105;88@0.007167,0.489933,0.412005,0.577933,0.328607,0.803683,0.617711;30@0.647304,0.708054,0.886356,0.890384,0.950847,0.112664,0.635016,0.804861,0.135598,0.968864|0|1762487393
I20251108 00:02:58.824364 139717798590272 data_text_parser.cc:116] beg_pos: 467,end_pos: 2683
I20251108 00:02:58.824377 139717798590272 data_text_parser.cc:59] line: 130|824|1720@2253811725:0.211489;1185@3273437788:0.725069;1587@4231804463:0.513452;1048@1654501554:0.137393;1413@3655288819:0.111255;1472@3993561099:0.650023;1861@75278992:0.370563;1430@3223958988:0.507091;1384@4240554191:0.975087;1829@1430209668:0.409833;1635@4006319640:0.511252;1785@2152801322:0.278836;1712@566677572:0.319254;1116@296375594:0.677959;1010@2076407490:0.224301;1371@3103017184:0.036598;1381@812977241:0.249447;1736@1973880266:0.999174;1206@2806625750:0.929279;1202@647888225:0.582226|67@0.510909,0.940263,0.890421,0.189813,0.101115,0.98078,0.552692,0.531486,0.983111,0.364475,0.257692;56@0.583609,0.667374,0.297915,0.841482,0.233071,0.698772,0.441398,0.622509,0.745497,0.711143,0.56902,0.990242;73@0.011004,0.727553;38@0.318603,0.022052,0.631547,0.473967,0.038616,0.825481,0.491428,0.186256,0.259828,0.326935;1@;14@0.979244,0.103559,0.91723,0.173719,0.371678,0.685034,0.642442,0.359923,0.086581;41@;32@0.016626,0.771466,0.965872,0.674503;70@0.565805,0.535456,0.511539,0.556955;43@0.572474,0.980486,0.956895,0.136035,0.880303,0.650146,0.078544,0.729412,0.469881,0.844442,0.374471;65@0.93933,0.159074,0.950061,0.538122;20@0.359306,0.783542,0.488643,0.503677;40@0.683341,0.362785,0.647559;100@0.12231;37@0.57627,0.142783,0.219771,0.019238,0.739261,0.360693,0.033822,0.669912,0.390535,0.193944,0.653607,0.321283,0.363939;27@0.441943,0.596155,0.652443,0.128233,0.975531,0.216863,0.399033;92@0.2346,0.684334,0.116721,0.549823,0.918159;10@0.679984,0.163945,0.587705,0.942684,0.707076,0.600639,0.064385,0.294486,0.654973,0.307715,0.385336,0.628694;75@0.71302,0.642215,0.876391,0.286331,0.951427,0.982837,0.062975,0.870916,0.074244,0.201323;84@0.261303,0.744036,0.707032,0.494034,0.220899,0.288593,0.880485,0.214849,0.837032,0.263553,0.62457;82@0.432989;47@0.499687,0.367903,0.314229,0.907975,0.616721,0.646951,0.37602,0.389116,0.093164,0.287474,0.788872;9@0.959369,0.059282,0.695839,0.773701,0.612117,0.094564,0.899654,0.621731,0.326392,0.723496,0.362679;39@0.698189,0.598366,0.209324,0.314113,0.782525,0.438615,0.041503,0.212426,0.47459;88@0.956056,0.689939,0.82667,0.947353,0.034848,0.541776,0.573702;30@0.138971,0.114926,0.722777,0.138039,0.955083,0.915402,0.891527,0.39563,0.818426,0.44083|1|1762487393
I20251108 00:02:58.824408 139717798590272 data_text_parser.cc:116] beg_pos: 2684,end_pos: 4888
I20251108 00:02:58.824420 139717798590272 data_text_parser.cc:59] line: 131|885|1720@3533328590:0.481644;1185@3994121470:0.387444;1587@3555020984:0.153463;1048@1360217398:0.563659;1413@1734091497:0.94218;1472@4115757277:0.285752;1861@3794309080:0.490344;1430@2766501502:0.23277;1384@1997756892:0.966596;1829@2346618280:0.970223;1635@2659904064:0.284123;1785@2665833661:0.978559;1712@3844134342:0.28981;1116@459559368:0.045809;1010@452088436:0.195049;1371@1390866690:0.331565;1381@3016496861:0.467215;1736@1957386785:0.83387;1206@3323083653:0.61081;1202@3077170496:0.37918|67@0.02168,0.617824,0.576246,0.704217,0.297031,0.376129,0.888696,0.35149,0.588026,0.182775,0.828634;56@0.600002,0.012613,0.75981,0.041815,0.211287,0.030939,0.199958,0.045804,0.558345,0.882521,0.21891,0.557595;73@0.693036,0.595987;38@0.660786,0.765093,0.161484,0.43575,0.07774,0.949383,0.887701,0.488006,0.739747,0.851879;1@;14@0.479859,0.908906,0.101634,0.071373,0.226912,0.763229,0.125876,0.289363,0.840053;41@;32@0.089235,0.917742,0.675406,0.78543;70@0.992219,0.595314,0.583698,0.395782;43@0.895688,0.727828,0.89122,0.635872,0.124103,0.728717,0.341033,0.531963,0.504532,0.862089,0.141255;65@0.433771,0.930225,0.478012,0.422808;20@0.651027,0.150312,0.588265,0.295007;40@0.379258,0.747505,0.56033;100@0.617894;37@0.22009,0.693732,0.400965,0.422874,0.083563,0.985853,0.418713,0.559951,0.173381,0.218625,0.048863,0.583211,0.097995;27@0.401096,0.349021,0.707536,0.62021,0.947504,0.592554,0.753589;92@0.256502,0.20016,0.324138,0.464369,0.64057;10@0.739349,0.759569,0.61934,0.79851,0.918994,0.109065,0.725464,0.830367,0.76624,0.137988,0.698494,0.122856;75@0.838623,0.35145,0.758772,0.241902,0.38213,0.39013,0.099064,0.653385,0.02395,0.776953;84@0.765182,0.571929,0.405753,0.209089,0.366229,0.395788,0.988267,0.620288,0.306553,0.354404,0.894079;82@0.058253;47@0.8723,0.320257,0.911493,0.35579,0.447247,0.366759,0.787194,0.491249,0.912489,0.618967,0.782187;9@0.743287,0.768588,0.557658,0.913358,0.692134,0.830575,0.58714,0.646559,0.814577,0.727287,0.410586;39@0.501885,0.71016,0.838191,0.283488,0.543371,0.698046,0.008632,0.171943,0.101605;88@0.327617,0.541152,0.121453,0.746294,0.468083,0.580144,0.520071;30@0.061961,0.424869,0.078809,0.753495,0.019554,0.012493,0.414589,0.723348,0.201127,0.321733|0|1762487393
I20251108 00:02:58.824461 139717798590272 data_text_parser.cc:116] beg_pos: 4889,end_pos: 7101
I20251108 00:02:58.824473 139717798590272 data_text_parser.cc:59] line: 132|706|1720@1163106716:0.008263;1185@2361368820:0.123991;1587@1142400492:0.3047;1048@2062362120:0.582016;1413@780285926:0.097395;1472@2289776240:0.194811;1861@3706747908:0.758677;1430@3784720478:0.985249;1384@2825135698:0.413465;1829@1823137861:0.139717;1635@3343759445:0.811421;1785@1955312319:0.38682;1712@3868482170:0.271061;1116@2498452502:0.44494;1010@1691437858:0.584818;1371@4201087322:0.340427;1381@1896601057:0.26435;1736@2374033477:0.102593;1206@2310913057:0.404803;1202@3346951014:0.304871|67@0.282985,0.517582,0.02139,0.775005,0.870494,0.641791,0.099331,0.323911,0.508194,0.3664,0.456119;56@0.992475,0.104171,0.896032,0.385392,0.170586,0.277692,0.567392,0.233598,0.073552,0.542028,0.978266,0.363262;73@0.510411,0.349478;38@0.622607,0.565668,0.172176,0.101376,0.97567,0.275518,0.529031,0.955609,0.685241,0.317648;1@;14@0.986843,0.424937,0.373116,0.840817,0.78331,0.466132,0.376327,0.108087,0.101465;41@;32@0.848141,0.756197,0.230156,0.352557;70@0.243383,0.910351,0.662801,0.541769;43@0.774359,0.169891,0.097871,0.347278,0.249277,0.619803,0.757847,0.804916,0.692421,0.813416,0.086241;65@0.852035,0.046064,0.0637,0.791547;20@0.240239,0.042166,0.567056,0.967427;40@0.088224,0.810176,0.523478;100@0.227857;37@0.876135,0.26739,0.951232,0.797449,0.534623,0.663793,0.207091,0.357621,0.461086,0.375232,0.344171,0.457487,0.140376;27@0.132421,0.57849,0.073445,0.372593,0.329972,0.867735,0.486031;92@0.934904,0.707349,0.184384,0.79991,0.111746;10@0.584338,0.232027,0.631527,0.618529,0.51877,0.564342,0.191853,0.608836,0.419987,0.724591,0.528684,0.3038;75@0.971697,0.9085,0.926652,0.859056,0.812438,0.267921,0.086956,0.860842,0.914023,0.487866;84@0.953992,0.23108,0.948785,0.856833,0.494762,0.898901,0.010621,0.252482,0.748869,0.855539,0.24092;82@0.110851;47@0.520581,0.09176,0.122763,0.808678,0.889101,0.686418,0.196363,0.96608,0.890486,0.136742,0.138865;9@0.493106,0.396434,0.206346,0.828802,0.184735,0.566998,0.303777,0.938002,0.003998,0.635657,0.155846;39@0.161383,0.470002,0.968559,0.445354,0.157433,0.917724,0.524966,0.667694,0.632297;88@0.109452,0.690122,0.351322,0.985526,0.700916,0.709799,0.696582;30@0.787818,0.045252,0.323378,0.519866,0.328185,0.484877,0.576931,0.269865,0.501379,0.022562|0|1762487393
I20251108 00:02:58.824520 139717798590272 data_text_parser.cc:116] beg_pos: 7102,end_pos: 9310
I20251108 00:02:58.824539 139717798590272 data_text_parser.cc:59] line: 133|498|1720@3023982150:0.301726;1185@3702587278:0.108283;1587@4206149513:0.294866;1048@327074034:0.214675;1413@39540871:0.473751;1472@2461574306:0.221163;1861@478810572:0.676709;1430@3484701107:0.575003;1384@1390251231:0.598874;1829@1151404440:0.861836;1635@1500274498:0.30425;1785@1081356716:0.793057;1712@3268807007:0.276786;1116@1430550475:0.426856;1010@3749860256:0.725181;1371@43959811:0.139752;1381@212191187:0.872339;1736@1504713467:0.150639;1206@644037756:0.172986;1202@1799245285:0.325989|67@0.668062,0.118515,0.335537,0.393026,0.77952,0.331283,0.370933,0.450147,0.896781,0.057013,0.521715;56@0.408983,0.27881,0.130579,0.624048,0.435638,0.187672,0.093605,0.577845,0.883509,0.195118,0.265907,0.35748;73@0.099567,0.670513;38@0.210365,0.373867,0.20141,0.840768,0.094413,0.013333,0.870708,0.55654,0.822933,0.600686;1@;14@0.004612,0.176217,0.861017,0.168756,0.11295,0.582258,0.034804,0.736715,0.789517;41@;32@0.522766,0.102805,0.453144,0.297087;70@0.813997,0.449126,0.658425,0.154446;43@0.34629,0.458201,0.588275,0.723249,0.791287,0.843819,0.95318,0.577961,0.625368,0.661752,0.925787;65@0.789441,0.80701,0.923619,0.201213;20@0.528037,0.892789,0.180688,0.361993;40@0.074351,0.224287,0.02642;100@0.310506;37@0.660873,0.213115,0.260509,0.288875,0.064097,0.877564,0.344993,0.364437,0.039013,0.586595,0.804193,0.735509,0.058254;27@0.758956,0.21379,0.748843,0.229994,0.92999,0.157317,0.242717;92@0.958836,0.518181,0.354921,0.081252,0.906308;10@0.097149,0.173624,0.789419,0.876915,0.636845,0.864949,0.098434,0.168552,0.106909,0.184137,0.122151,0.429044;75@0.823309,0.99499,0.137867,0.133944,0.215461,0.352729,0.799785,0.603771,0.113169,0.074541;84@0.299468,0.311144,0.996634,0.629723,0.104563,0.570526,0.784296,0.992151,0.97863,0.482935,0.152585;82@0.882237;47@0.329324,0.779374,0.082537,0.642387,0.207271,0.287524,0.821971,0.322329,0.543039,0.504065,0.03691;9@0.280502,0.345685,0.050882,0.084822,0.333913,0.627676,0.675525,0.234887,0.00222,0.684799,0.62058;39@0.213678,0.794527,0.023034,0.171764,0.914991,0.09174,0.99693,0.642193,0.204839;88@0.647157,0.830934,0.946465,0.273795,0.009018,0.779721,0.480451;30@0.616053,0.389162,0.355017,0.999415,0.552053,0.98928,0.166926,0.221239,0.596771,0.993101|1|1762487393
I20251108 00:02:58.824617 139717798590272 data_text_parser.cc:116] beg_pos: 9311,end_pos: 11521
I20251108 00:02:58.824631 139717798590272 data_text_parser.cc:59] line: 134|480|1720@2015849408:0.296455;1185@2963436828:0.038022;1587@3547205766:0.918747;1048@3627299604:0.390057;1413@452711065:0.364005;1472@2910341197:0.511488;1861@949279284:0.197253;1430@1902390599:0.983303;1384@1424902429:0.494822;1829@1484501647:0.11953;1635@734215176:0.749506;1785@863833088:0.235162;1712@2929346450:0.275535;1116@1276380580:0.183275;1010@3187298619:0.682462;1371@510414908:0.689855;1381@3649667410:0.396183;1736@3374268904:0.278528;1206@1294714988:0.270287;1202@1975698829:0.108757|67@0.953667,0.857468,0.186883,0.158229,0.601748,0.684095,0.939078,0.087619,0.332285,0.967145,0.975798;56@0.134693,0.739039,0.313282,0.693085,0.450668,0.455927,0.347974,0.330863,0.098534,0.392982,0.551514,0.102161;73@0.246864,0.579898;38@0.90321,0.348811,0.654623,0.944561,0.40877,0.143913,0.736998,0.952984,0.984684,0.905117;1@;14@0.462927,0.661193,0.394334,0.982338,0.31657,0.489974,0.630647,0.387198,0.752157;41@;32@0.426342,0.636911,0.251507,0.452968;70@0.701063,0.445523,0.015225,0.293122;43@0.71693,0.39615,0.254792,0.551363,0.473206,0.337138,0.511136,0.888267,0.651964,0.313828,0.113999;65@0.114879,0.268575,0.31679,0.727829;20@0.212514,0.289237,0.091394,0.85477;40@0.751752,0.122888,0.229856;100@0.90891;37@0.855162,0.799558,0.648672,0.079034,0.640311,0.662172,0.018532,0.437162,0.006536,0.439697,0.272534,0.532103,0.152057;27@0.774646,0.041514,0.793322,0.212955,0.522015,0.620719,0.470733;92@0.53007,0.864823,0.594351,0.674008,0.360705;10@0.135802,0.871505,0.837521,0.4707,0.997523,0.201298,0.879646,0.983821,0.036402,0.692594,0.334986,0.591869;75@0.236276,0.09257,0.107296,0.751501,0.266515,0.778614,0.717655,0.861693,0.903621,0.202886;84@0.306003,0.296609,0.012454,0.285931,0.984675,0.131862,0.114387,0.319317,0.892541,0.157119,0.578321;82@0.26427;47@0.197621,0.69187,0.868539,0.048223,0.563705,0.92773,0.508564,0.885972,0.425987,0.635685,0.110948;9@0.539373,0.970257,0.367653,0.697472,0.09188,0.69894,0.495338,0.208077,0.201047,0.496965,0.156161;39@0.77147,0.752395,0.425372,0.339988,0.428872,0.294535,0.315428,0.888786,0.916872;88@0.79979,0.226287,0.758091,0.45034,0.023159,0.928742,0.87191;30@0.623742,0.758593,0.963259,0.217027,0.960494,0.521649,0.020213,0.424314,0.472169,0.913482|1|1762487393
I20251108 00:02:58.824673 139717798590272 data_text_parser.cc:116] beg_pos: 11522,end_pos: 13718
I20251108 00:02:58.824686 139717798590272 data_text_parser.cc:59] line: 135|395|1720@1750089866:0.884979;1185@362568356:0.66939;1587@2443071834:0.033977;1048@510378767:0.124759;1413@2355307444:0.879008;1472@2509468600:0.468202;1861@2644250042:0.576922;1430@3011765195:0.066542;1384@410460561:0.455261;1829@625889867:0.986598;1635@1385351575:0.72494;1785@517867517:0.218219;1712@1756398766:0.575304;1116@385691562:0.975717;1010@3049528382:0.382055;1371@4289861935:0.533385;1381@3381875177:0.733272;1736@996951034:0.28854;1206@2639719757:0.878409;1202@1376615061:0.064318|67@0.227539,0.447187,0.680308,0.529995,0.357164,0.66781,0.681883,0.952358,0.554191,0.435053,0.003289;56@0.379264,0.297035,0.726846,0.430529,0.090502,0.26782,0.402353,0.831804,0.60256,0.408032,0.406484,0.811669;73@0.663874,0.496051;38@0.335181,0.413266,0.9451,0.951875,0.920138,0.876982,0.600059,0.166542,0.034164,0.260098;1@;14@0.693631,0.568782,0.3277,0.5543,0.194008,0.368355,0.104428,0.54895,0.06297;41@;32@0.496848,0.190889,0.05508,0.84713;70@0.142654,0.978499,0.683697,0.300364;43@0.796762,0.261915,0.539113,0.538924,0.777501,0.81297,0.873488,0.472064,0.103381,0.94429,0.172341;65@0.93568,0.21219,0.399701,0.453617;20@0.537628,0.602942,0.67854,0.555055;40@0.461695,0.434072,0.287213;100@0.474726;37@0.815151,0.347628,0.555539,0.018747,0.8822,0.968491,0.584276,0.231047,0.805802,0.420093,0.932576,0.063741,0.557318;27@0.281453,0.162245,0.447785,0.407634,0.919267,0.531301,0.42382;92@0.183177,0.249349,0.300563,0.354287,0.780909;10@0.883297,0.929748,0.240854,0.888972,0.381179,0.450255,0.018855,0.919458,0.423204,0.75075,0.845772,0.419224;75@0.692274,0.342638,0.191865,0.799604,0.234254,0.34424,0.734175,0.674846,0.801267,0.881026;84@0.416569,0.374892,0.926078,0.589743,0.277127,0.533539,0.556065,0.696025,0.39812,0.084098,0.868849;82@0.569377;47@0.5321,0.073229,0.710886,0.069454,0.768067,0.17706,0.758068,0.097759,0.800112,0.353419,0.99686;9@0.04081,0.065492,0.459557,0.294613,0.552663,0.163664,0.62211,0.765156,0.98697,0.805858,0.678495;39@0.410521,0.472216,0.020581,0.910135,0.108734,0.975174,0.358989,0.129857,0.942461;88@0.228039,0.743147,0.466909,0.520673,0.113003,0.446251,0.386129;30@0.149453,0.613614,0.551274,0.817205,0.388664,0.337647,0.117488,0.255362,0.811414,0.598054|1|1762487393
I20251108 00:02:58.824717 139717798590272 data_text_parser.cc:116] beg_pos: 13719,end_pos: 15928
I20251108 00:02:58.824729 139717798590272 data_text_parser.cc:59] line: 136|586|1720@2043430287:0.295549;1185@3571853866:0.098519;1587@1181437099:0.227096;1048@2729754802:0.18508;1413@1529436402:0.71761;1472@1355527112:0.856715;1861@2922361882:0.397168;1430@883522878:0.955649;1384@3992469676:0.860498;1829@2041636120:0.533212;1635@789182518:0.402673;1785@2556601479:0.02334;1712@1192610733:0.008383;1116@165602003:0.399075;1010@2346618280:0.349078;1371@19299557:0.726766;1381@2583125555:0.260415;1736@1579593833:0.18881;1206@915166061:0.747107;1202@585304759:0.069513|67@0.057004,0.515649,0.233531,0.521566,0.896607,0.591438,0.728858,0.315374,0.518991,0.096236,0.448449;56@0.299061,0.376519,0.07266,0.060748,0.120741,0.83253,0.212195,0.737365,0.56181,0.572171,0.567877,0.896093;73@0.528172,0.869479;38@0.697383,0.031805,0.168553,0.289918,0.961419,0.97353,0.373124,0.318945,0.963311,0.643936;1@;14@0.04609,0.337598,0.117882,0.021285,0.773477,0.202492,0.478717,0.505455,0.216499;41@;32@0.444856,0.513096,0.740042,0.648421;70@0.339334,0.520304,0.797826,0.510723;43@0.566723,0.474573,0.423256,0.611213,0.783157,0.126884,0.472241,0.406507,0.481812,0.228257,0.724124;65@0.444071,0.157081,0.384952,0.540099;20@0.847836,0.813094,0.786264,0.951531;40@0.157342,0.440446,0.05909;100@0.444713;37@0.384646,0.076424,0.6917,0.186499,0.367867,0.393026,0.240841,0.563705,0.428048,0.455526,0.277893,0.694564,0.13137;27@0.137536,0.137717,0.64976,0.933679,0.840867,0.802005,0.528011;92@0.769415,0.80619,0.312681,0.208202,0.28329;10@0.499642,0.152229,0.536377,0.467899,0.276213,0.663793,0.276311,0.889381,0.352828,0.925453,0.692159,0.280144;75@0.896276,0.326532,0.316582,0.966113,0.449559,0.522151,0.817397,0.711435,0.229685,0.608154;84@0.449328,0.184774,0.826656,0.406682,0.085742,0.071631,0.618085,0.195898,0.84913,0.31412,0.031104;82@0.957839;47@0.303236,0.712907,0.057456,0.366616,0.494425,0.815787,0.462583,0.447324,0.894561,0.074585,0.745246;9@0.539444,0.041146,0.437866,0.905969,0.336074,0.949754,0.087767,0.919717,0.704369,0.760698,0.897958;39@0.158714,0.266608,0.833305,0.893052,0.182196,0.298528,0.042656,0.630534,0.883023;88@0.774947,0.019249,0.363019,0.426413,0.096186,0.577609,0.788121;30@0.427122,0.25484,0.199585,0.366123,0.97506,0.194243,0.86073,0.355519,0.534151,0.247514|1|1762487393
I20251108 00:02:58.824772 139717798590272 data_text_parser.cc:116] beg_pos: 15929,end_pos: 18126
I20251108 00:02:58.824785 139717798590272 data_text_parser.cc:59] line: 137|716|1720@2842113296:0.181847;1185@1867902669:0.482946;1587@3038178265:0.436252;1048@4015873151:0.332034;1413@400912054:0.809944;1472@502380840:0.542761;1861@2670479579:0.260736;1430@1104819022:0.364714;1384@187520855:0.741554;1829@1030835602:0.429187;1635@1299218383:0.440249;1785@3633601779:0.042848;1712@126277670:0.053593;1116@4135737212:0.4292;1010@3339302238:0.797687;1371@982570532:0.086657;1381@366281857:0.851873;1736@1950129434:0.987945;1206@614470622:0.431973;1202@2932118365:0.311088|67@0.41988,0.469347,0.78833,0.428099,0.704207,0.970891,0.512583,0.193438,0.95917,0.815008,0.431869;56@0.633255,0.323247,0.51737,0.714182,0.378488,0.313299,0.969196,0.037521,0.161507,0.153542,0.956363,0.086265;73@0.188254,0.655992;38@0.988523,0.052735,0.19763,0.77632,0.370948,0.823162,0.889201,0.934214,0.99119,0.842165;1@;14@0.422875,0.506971,0.289426,0.988428,0.155742,0.799355,0.712753,0.477069,0.6321;41@;32@0.966517,0.397232,0.167892,0.120985;70@0.8036,0.860627,0.95677,0.908882;43@0.30569,0.658007,0.024692,0.618263,0.453888,0.608455,0.924404,0.343221,0.59894,0.752757,0.999446;65@0.840198,0.29813,0.976935,0.877178;20@0.54945,0.166026,0.907446,0.370301;40@0.190326,0.859392,0.580334;100@0.630597;37@0.323479,0.985448,0.103481,0.100173,0.827326,0.541855,0.416659,0.584805,0.635266,0.711876,0.905797,0.724369,0.369837;27@0.945603,0.642659,0.18831,0.49353,0.772206,0.460674,0.607067;92@0.318276,0.894001,0.38423,0.41141,0.271919;10@0.041215,0.881912,0.920899,0.139518,0.673329,0.008632,0.609704,0.243988,0.116981,0.626199,0.961358,0.952023;75@0.460104,0.454726,0.611592,0.355917,0.763054,0.295055,0.470318,0.9481,0.453184,0.644552;84@0.953287,0.273492,0.094907,0.399439,0.392791,0.487506,0.155386,0.250637,0.73504,0.249765,0.586331;82@0.965557;47@0.749062,0.515195,0.421121,0.054526,0.025622,0.193025,0.16072,0.618983,0.05803,0.981137,0.150724;9@0.983112,0.674741,0.701804,0.784549,0.275073,0.27839,0.724233,0.814755,0.938028,0.934075,0.303857;39@0.031428,0.009523,0.65328,0.733662,0.41332,0.86065,0.489391,0.622837,0.65937;88@0.566767,0.674587,0.737756,0.102453,0.95878,0.583972,0.200607;30@0.331103,0.087626,0.133544,0.481481,0.602923,0.292607,0.132122,0.264654,0.564734,0.277183|0|1762487393
I20251108 00:02:58.824816 139717798590272 data_text_parser.cc:116] beg_pos: 18127,end_pos: 20344
I20251108 00:02:58.824828 139717798590272 data_text_parser.cc:59] line: 138|401|1720@3537494850:0.055811;1185@674358523:0.106189;1587@3076671042:0.311024;1048@3088841382:0.927313;1413@2409100648:0.777617;1472@1567129107:0.763131;1861@3113406419:0.563902;1430@3220273808:0.135615;1384@260343835:0.502003;1829@2267919494:0.794656;1635@2183844235:0.657052;1785@3987050933:0.548007;1712@1888597540:0.483423;1116@2131458195:0.101083;1010@3253867253:0.082102;1371@4229544333:0.390677;1381@4240554191:0.451914;1736@3152893450:0.820103;1206@4071151882:0.834741;1202@3026716152:0.093954|67@0.574428,0.126868,0.626252,0.755548,0.822783,0.316159,0.62206,0.893238,0.293481,0.298838,0.536204;56@0.196519,0.910351,0.771555,0.760464,0.341147,0.274915,0.414676,0.909394,0.254557,0.233141,0.085534,0.814556;73@0.365593,0.416164;38@0.173817,0.327956,0.031992,0.969298,0.401775,0.363895,0.010604,0.523187,0.439385,0.266144;1@;14@0.61608,0.802035,0.02194,0.911276,0.145212,0.037442,0.344022,0.522825,0.406545;41@;32@0.57893,0.735639,0.320846,0.762574;70@0.741483,0.554404,0.770386,0.782251;43@0.479756,0.27069,0.944511,0.613809,0.495701,0.925243,0.565785,0.419632,0.032571,0.600863,0.981053;65@0.437204,0.025123,0.429871,0.630605;20@0.566498,0.075616,0.142979,0.442152;40@0.325039,0.336276,0.291697;100@0.406594;37@0.336302,0.339493,0.2939,0.148081,0.441083,0.953331,0.743025,0.803321,0.880371,0.715062,0.381685,0.101068,0.67668;27@0.293101,0.67817,0.944623,0.195195,0.519815,0.17486,0.023677;92@0.012089,0.384893,0.809806,0.793513,0.144843;10@0.340556,0.734569,0.978072,0.90313,0.367183,0.88017,0.931597,0.928996,0.335662,0.015997,0.540835,0.239924;75@0.695839,0.427163,0.989035,0.687117,0.029356,0.413801,0.566387,0.589997,0.112973,0.601322;84@0.703033,0.128083,0.061462,0.975657,0.57218,0.147741,0.02961,0.318201,0.637136,0.728116,0.548073;82@0.131114;47@0.875884,0.512258,0.955051,0.216321,0.826338,0.617208,0.819587,0.030228,0.132056,0.948397,0.122818;9@0.291286,0.145406,0.113413,0.87364,0.159615,0.851655,0.818317,0.240382,0.304533,0.689306,0.98247;39@0.495108,0.81045,0.295764,0.627017,0.555802,0.606763,0.714453,0.469218,0.454469;88@0.933089,0.036839,0.738307,0.828848,0.718314,0.177964,0.578002;30@0.266761,0.191564,0.594565,0.200428,0.170039,0.41791,0.596234,0.031923,0.422198,0.332996|0|1762487393
I20251108 00:02:58.824854 139717798590272 data_text_parser.cc:116] beg_pos: 20345,end_pos: 20480
I20251108 00:02:58.825099 139717798590272 data_text_parser.cc:101] get chunk buffer, size: 20480
I20251108 00:02:58.825124 139717798590272 data_text_parser.cc:116] beg_pos: 0,end_pos: 2066
I20251108 00:02:58.825132 139717798590272 data_text_parser.cc:61] buffer line: 139|303|1720@746295570:0.90186;1185@1683779324:0.494569;1587@190873622:0.651198;1048@960872093:0.133011;1413@1285230045:0.395902;1472@2788424940:0.495332;1861@1350012349:0.119928;1430@2492277266:0.937647;1384@3798799901:0.490843;1829@1995537412:0.384684;1635@2723781175:0.708439;1785@2072858431:0.99015;1712@1517579936:0.982061;1116@463142482:0.037722;1010@3273437788:0.420713;1371@431011675:0.733491;1381@3602781632:0.413713;1736@444076755:0.995606;1206@923860541:0.91992;1202@3532937832:0.109814|67@0.909888,0.896038,0.947152,0.926068,0.191884,0.137196,0.454779,0.652285,0.338157,0.292442,0.237557;56@0.844844,0.07046,0.12824,0.284843,0.485373,0.361226,0.161315,0.80114,0.140263,0.173284,0.578939,0.046852;73@0.454358,0.431647;38@0.595423,0.096031,0.086027,0.807597,0.525842,0.753919,0.112296,0.469474,0.354391,0.231309;1@;14@0.088305,0.349977,0.286359,0.549988,0.028872,0.100546,0.568671,0.031868,0.751909;41@;32@0.741332,0.020679,0.964364,0.546322;70@0.212906,0.326096,0.513501,0.531866;43@0.057799,0.59804,0.579486,0.463995,0.693962,0.440197,0.150249,0.527797,0.306396,0.834067,0.985315;65@0.702178,0.810938,0.761818,0.811572;20@0.918083,0.69216,0.518356,0.269337;40@0.004276,0.950085,0.168856;100@0.839241;37@0.192544,0.14985,0.350886,0.558934,0.606694,0.514801,0.703558,0.670339,0.157131,0.865209,0.209959,0.539668,0.114752;27@0.465689,0.423296,0.119845,0.198192,0.020102,0.45201,0.845782;92@0.216945,0.579301,0.320978,0.202617,0.078625;10@0.61484,0.922063,0.049061,0.528485,0.8494,0.212573,0.159058,0.301837,0.755986,0.332345,0.498049,0.391579;75@0.230831,0.485023,0.706872,0.142422,0.772331,0.20587,0.194293,0.098863,0.715821,0.049871;84@0.781405,0.516816,0.597172,0.726617,0.197231,0.248923,0.949996,0.848115,0.419327,0.85385,0.123905;82@0.672983;47@0.289603,0.102417,0.36843,0.56933,0.929523,0.329443,0.362028,0.85996,0.221904,0.476602,0.152322;9@0.404691,0.283211,0.087638,0.230702,0.20144,0.994538,0.765415,0.70466,0.723976,0.544349,0.873941;39@0.32398,0.328683,0.384867,0.970176,0.727353,0.502624,0.776784,0.131917,0.788028;88@0.169213,0.400712,0.5597,0.929829,0.322127,0.053019,0.51071;30@0.226834,0.079757,0.1512,0.384,0.595957,0.452497,0.492457,0.939561,0.247669,0.949861|1|1762487393
I20251108 00:02:58.825168 139717798590272 data_text_parser.cc:116] beg_pos: 2067,end_pos: 4273
I20251108 00:02:58.825186 139717798590272 data_text_parser.cc:59] line: 140|23|1720@3190755112:0.108965;1185@2678751332:0.078628;1587@3602781632:0.873466;1048@1626038279:0.640073;1413@573543391:0.410107;1472@1150356309:0.162795;1861@1628605817:0.097305;1430@3091901126:0.182741;1384@4198552635:0.941458;1829@55183953:0.698572;1635@3960204630:0.370426;1785@461187680:0.022548;1712@2181421409:0.074184;1116@3030506464:0.061259;1010@2930629999:0.1027;1371@2990670517:0.71371;1381@1442936784:0.699096;1736@176466766:0.036299;1206@2033961602:0.736322;1202@3046470824:0.024521|67@0.788043,0.713072,0.871067,0.4978,0.568847,0.658629,0.548423,0.416997,0.977548,0.508484,0.62907;56@0.827822,0.465388,0.903175,0.936427,0.041057,0.245528,0.195531,0.256705,0.089266,0.182443,0.686586,0.199085;73@0.597133,0.39926;38@0.823658,0.512102,0.65278,0.673613,0.478604,0.43833,0.163765,0.854463,0.453402,0.2769;1@;14@0.852575,0.396996,0.605982,0.230063,0.178437,0.009626,0.343913,0.886442,0.824069;41@;32@0.484333,0.399481,0.010277,0.12695;70@0.592436,0.881628,0.839798,0.415424;43@0.831712,0.742906,0.991883,0.505457,0.688444,0.995871,0.352419,0.458106,0.193714,0.369325,0.064679;65@0.100652,0.398339,0.23045,0.738607;20@0.215969,0.127482,0.816402,0.580348;40@0.865448,0.958828,0.993899;100@0.224554;37@0.16011,0.46233,0.554001,0.139383,0.835319,0.831409,0.318745,0.698722,0.657353,0.896175,0.42611,0.130084,0.043502;27@0.536703,0.184146,0.443048,0.05358,0.863827,0.743513,0.305666;92@0.250847,0.142662,0.320177,0.847677,0.522641;10@0.193199,0.273807,0.598591,0.998304,0.010546,0.286291,0.133792,0.880111,0.925539,0.509842,0.46959,0.450353;75@0.270426,0.646537,0.854763,0.40101,0.548107,0.314981,0.707924,0.572192,0.256528,0.429615;84@0.55428,0.445203,0.677302,0.788251,0.519977,0.466365,0.345167,0.451905,0.173034,0.461171,0.876832;82@0.353338;47@0.883972,0.303202,0.806791,0.259385,0.338259,0.116389,0.855039,0.430442,0.740984,0.72868,0.984871;9@0.188836,0.363066,0.56713,0.617747,0.266529,0.783399,0.921547,0.997726,0.550822,0.347026,0.385849;39@0.42192,0.428574,0.006323,0.238152,0.312408,0.156819,0.702962,0.580957,0.259377;88@0.491457,0.973738,0.941853,0.090202,0.684186,0.961541,0.386993;30@0.629179,0.064752,0.570202,0.163042,0.828775,0.252964,0.37759,0.752364,0.070408,0.69045|0|1762487393
I20251108 00:02:58.825218 139717798590272 data_text_parser.cc:116] beg_pos: 4274,end_pos: 6494
I20251108 00:02:58.825232 139717798590272 data_text_parser.cc:59] line: 141|90|1720@1814543034:0.768824;1185@2541461887:0.799115;1587@3519411699:0.785737;1048@1528831599:0.979977;1413@1842167004:0.694896;1472@2057176172:0.135132;1861@2107519977:0.103623;1430@2792604677:0.934682;1384@236294592:0.710818;1829@3516269453:0.241954;1635@75871235:0.862874;1785@1121701521:0.707852;1712@2831645024:0.507914;1116@2573784946:0.220517;1010@2486777872:0.045026;1371@593626515:0.104073;1381@3966402163:0.727509;1736@2449890449:0.024535;1206@4137453451:0.568633;1202@1606749706:0.422503|67@0.757944,0.144006,0.681696,0.817939,0.930023,0.826348,0.419041,0.266662,0.450268,0.929228,0.968465;56@0.360017,0.279815,0.577925,0.781615,0.943752,0.063893,0.36425,0.989841,0.048267,0.451694,0.034954,0.801317;73@0.822581,0.698187;38@0.308996,0.786886,0.396319,0.872036,0.949761,0.076993,0.499439,0.649385,0.387777,0.995534;1@;14@0.127676,0.896113,0.917335,0.936184,0.801939,0.315051,0.937298,0.031632,0.745865;41@;32@0.211887,0.240283,0.357179,0.908483;70@0.42795,0.218875,0.627618,0.68076;43@0.507255,0.894068,0.497333,0.268618,0.788534,0.375915,0.035284,0.344543,0.414624,0.569407,0.597867;65@0.424769,0.168584,0.016851,0.225998;20@0.583742,0.755192,0.144335,0.276386;40@0.16406,0.012417,0.203983;100@0.681418;37@0.621233,0.285097,0.535562,0.141467,0.738885,0.039478,0.305392,0.358558,0.246037,0.723956,0.36513,0.586598,0.431218;27@0.201819,0.942525,0.037147,0.59439,0.722665,0.427547,0.760453;92@0.031178,0.203168,0.79089,0.690198,0.515278;10@0.167941,0.082857,0.903907,0.820236,0.959543,0.204756,0.329024,0.720245,0.137953,0.735265,0.259649,0.974016;75@0.879586,0.590102,0.691414,0.189249,0.124292,0.961577,0.11179,0.184862,0.150513,0.635524;84@0.724639,0.835054,0.760899,0.030938,0.906616,0.174704,0.974836,0.228051,0.184846,0.177972,0.177122;82@0.296503;47@0.588983,0.06213,0.318812,0.352934,0.919766,0.913759,0.228157,0.044573,0.388633,0.87981,0.497778;9@0.905968,0.815254,0.549247,0.209302,0.354408,0.827307,0.266517,0.636057,0.27805,0.233225,0.732029;39@0.268003,0.228199,0.46519,0.260368,0.168997,0.456422,0.416487,0.814211,0.710181;88@0.764719,0.166828,0.787535,0.281139,0.640247,0.322042,0.430592;30@0.365359,0.411303,0.556071,0.569592,0.347123,0.130154,0.691811,0.925145,0.725245,0.630707|0|1762487393
I20251108 00:02:58.825273 139717798590272 data_text_parser.cc:116] beg_pos: 6495,end_pos: 8705
I20251108 00:02:58.825286 139717798590272 data_text_parser.cc:59] line: 142|83|1720@3000980297:0.41698;1185@259914828:0.467543;1587@4055480415:0.123998;1048@360371906:0.802855;1413@869787393:0.310522;1472@185620020:0.034248;1861@1356988771:0.318887;1430@2691832182:0.168646;1384@2770856933:0.431898;1829@1080161663:0.527838;1635@2076407490:0.654316;1785@1995534919:0.45219;1712@2237731792:0.932116;1116@2953943509:0.745086;1010@354255629:0.321802;1371@3937888301:0.831627;1381@1108913994:0.704437;1736@2616784791:0.096579;1206@3500814852:0.619914;1202@3897680323:0.17564|67@0.936593,0.537385,0.93724,0.91575,0.798379,0.718063,0.334123,0.391457,0.466261,0.771176,0.941337;56@0.716779,0.864495,0.919299,0.163566,0.372303,0.403027,0.517825,0.083086,0.673623,0.415498,0.467887,0.472268;73@0.688921,0.985996;38@0.717231,0.610727,0.574545,0.387387,0.705653,0.493525,0.463108,0.358679,0.128565,0.433737;1@;14@0.759273,0.398171,0.504467,0.955116,0.353142,0.228867,0.447386,0.433104,0.251757;41@;32@0.654667,0.078416,0.762517,0.252571;70@0.744153,0.635877,0.699451,0.379826;43@0.223643,0.063398,0.4596,0.428882,0.263671,0.59224,0.446818,0.299052,0.190231,0.840359,0.948553;65@0.220129,0.136077,0.590591,0.585373;20@0.752948,0.172777,0.327575,0.563571;40@0.773654,0.673513,0.052835;100@0.955196;37@0.29692,0.70012,0.758281,0.983312,0.373772,0.617718,0.590267,0.184636,0.620514,0.113558,0.316828,0.981961,0.594174;27@0.998281,0.184755,0.101663,0.398351,0.488931,0.142862,0.217513;92@0.380269,0.380873,0.464836,0.794331,0.580086;10@0.236489,0.024558,0.617735,0.128888,0.723372,0.700447,0.410846,0.159711,0.384934,0.613448,0.760232,0.949681;75@0.32561,0.53322,0.739659,0.182668,0.937985,0.133296,0.506738,0.042929,0.123096,0.86782;84@0.341712,0.859787,0.239386,0.274696,0.899094,0.404772,0.32757,0.40667,0.943416,0.162867,0.965861;82@0.678826;47@0.801489,0.530474,0.522329,0.889664,0.161392,0.20216,0.488088,0.850372,0.96999,0.579559,0.811497;9@0.208328,0.397649,0.461965,0.675147,0.874109,0.04421,0.551465,0.285774,0.935392,0.61309,0.052576;39@0.509636,0.639899,0.943732,0.086618,0.842547,0.317295,0.593727,0.720739,0.963763;88@0.904946,0.810238,0.120449,0.197545,0.219585,0.344715,0.957009;30@0.845013,0.359559,0.625719,0.836154,0.550459,0.148795,0.388024,0.375504,0.551045,0.3337|1|1762487393
I20251108 00:02:58.825317 139717798590272 data_text_parser.cc:116] beg_pos: 8706,end_pos: 10912
I20251108 00:02:58.825329 139717798590272 data_text_parser.cc:59] line: 143|855|1720@2394650487:0.632337;1185@2757371590:0.27622;1587@688750867:0.640375;1048@392237193:0.907266;1413@2935402533:0.093812;1472@1515197632:0.188117;1861@970986980:0.921716;1430@2372009817:0.097158;1384@1489094429:0.269754;1829@1590359658:0.260231;1635@3687595625:0.345079;1785@2023148975:0.000217;1712@2330967485:0.309861;1116@1668704855:0.711293;1010@58938611:0.503915;1371@596727092:0.600582;1381@948870856:0.496715;1736@3737329985:0.622147;1206@3375789278:0.917497;1202@3068864404:0.034201|67@0.928502,0.459301,0.283695,0.026694,0.823317,0.267147,0.352537,0.019954,0.421607,0.717054,0.617692;56@0.307502,0.882472,0.990045,0.122087,0.198413,0.622595,0.862423,0.251271,0.379031,0.95398,0.62306,0.720074;73@0.992516,0.890754;38@0.710752,0.6374,0.456546,0.769948,0.854751,0.01645,0.979168,0.773213,0.032223,0.430118;1@;14@0.685273,0.100318,0.640171,0.358156,0.099613,0.415162,0.946757,0.296529,0.926238;41@;32@0.914599,0.321649,0.520439,0.754417;70@0.426908,0.517851,0.79882,0.119841;43@0.655037,0.771232,0.196051,0.4644,0.458518,0.331892,0.876196,0.612277,0.011942,0.897145,0.18916;65@0.164215,0.346852,0.09611,0.241086;20@0.358104,0.629262,0.617858,0.138019;40@0.439881,0.949567,0.53269;100@0.469293;37@0.532397,0.20628,0.02904,0.735661,0.639151,0.469465,0.001452,0.131885,0.883243,0.714032,0.641304,0.283707,0.449295;27@0.785818,0.432808,0.674185,0.07218,0.90974,0.233657,0.986279;92@0.232134,0.070401,0.826328,0.770912,0.262075;10@0.800669,0.851156,0.469397,0.65428,0.157789,0.125538,0.8769,0.243739,0.762223,0.493233,0.949478,0.895223;75@0.470562,0.855703,0.221281,0.064236,0.407464,0.179959,0.954159,0.118572,0.976689,0.278876;84@0.771614,0.381499,0.838664,0.999111,0.120697,0.260324,0.46593,0.27435,0.343004,0.148081,0.434515;82@0.821443;47@0.516138,0.959593,0.592479,0.045488,0.54177,0.923061,0.646012,0.941688,0.135315,0.773119,0.756518;9@0.858474,0.236745,0.956632,0.157735,0.773778,0.240153,0.050725,0.326274,0.377884,0.969577,0.564033;39@0.975686,0.895884,0.258284,0.166696,0.265294,0.561684,0.577582,0.276943,0.025646;88@0.98349,0.053331,0.815895,0.577174,0.890581,0.950984,0.055714;30@0.694134,0.563506,0.585903,0.780477,0.587872,0.353224,0.650949,0.04944,0.264903,0.969042|1|1762487393
I20251108 00:02:58.825370 139717798590272 data_text_parser.cc:116] beg_pos: 10913,end_pos: 13128
I20251108 00:02:58.825382 139717798590272 data_text_parser.cc:59] line: 144|250|1720@2637666742:0.117985;1185@1286560744:0.419216;1587@3100578480:0.03884;1048@3730095409:0.085798;1413@4233122981:0.093794;1472@2766501502:0.071991;1861@2885490664:0.067464;1430@1682403427:0.514928;1384@3486674292:0.621063;1829@1646109686:0.142452;1635@1138375486:0.258138;1785@1993836759:0.541414;1712@1596615208:0.986381;1116@84860496:0.049508;1010@1462669164:0.704452;1371@1195325384:0.370766;1381@3841748820:0.123462;1736@1909934865:0.190665;1206@2502520264:0.679332;1202@1636140260:0.524498|67@0.286573,0.416708,0.766683,0.129004,0.604322,0.892034,0.808223,0.977498,0.748318,0.067004,0.18427;56@0.120479,0.537043,0.288181,0.463345,0.599121,0.657783,0.204421,0.751307,0.271196,0.43905,0.900916,0.00364;73@0.782683,0.621638;38@0.14835,0.586396,0.744592,0.207432,0.60749,0.488001,0.592433,0.271785,0.469689,0.555021;1@;14@0.431413,0.71018,0.342191,0.471672,0.526585,0.070538,0.604346,0.83081,0.95973;41@;32@0.634139,0.306117,0.556807,0.27814;70@0.295989,0.296154,0.046361,0.198727;43@0.041851,0.18591,0.107966,0.786107,0.259658,0.943032,0.538824,0.332646,0.013183,0.041892,0.000505;65@0.219491,0.549205,0.296386,0.558012;20@0.087968,0.981274,0.476756,0.100555;40@0.049877,0.132899,0.894133;100@0.969148;37@0.07692,0.033216,0.890661,0.822485,0.094168,0.215326,0.652273,0.427529,0.107087,0.569252,0.951283,0.319669,0.95977;27@0.310279,0.216937,0.420333,0.148107,0.198874,0.674406,0.108166;92@0.921894,0.864901,0.16617,0.76948,0.212768;10@0.506075,0.961926,0.149629,0.515713,0.222455,0.132423,0.775728,0.093812,0.469855,0.287844,0.846612,0.317554;75@0.163563,0.755481,0.419085,0.393117,0.917836,0.282628,0.527159,0.862451,0.316073,0.895491;84@0.801126,0.897374,0.640466,0.87522,0.636652,0.463387,0.223329,0.149124,0.44766,0.185925,0.843936;82@0.462627;47@0.227127,0.010337,0.050359,0.280934,0.511746,0.068779,0.392387,0.606051,0.619005,0.398674,0.247852;9@0.377867,0.075671,0.730852,0.682239,0.876643,0.952969,0.005875,0.239573,0.617355,0.69126,0.128507;39@0.411024,0.832891,0.20433,0.812333,0.485815,0.701882,0.794845,0.579398,0.721926;88@0.584268,0.859875,0.073457,0.69485,0.675915,0.799018,0.845624;30@0.512589,0.743856,0.611636,0.221132,0.414342,0.585508,0.666711,0.558902,0.610759,0.395209|1|1762487393
I20251108 00:02:58.825413 139717798590272 data_text_parser.cc:116] beg_pos: 13129,end_pos: 15337
I20251108 00:02:58.825425 139717798590272 data_text_parser.cc:59] line: 145|363|1720@2135516762:0.205227;1185@2355307444:0.951176;1587@2890203754:0.855401;1048@2006706617:0.113732;1413@235529170:0.951725;1472@2290133817:0.905073;1861@1084041447:0.783197;1430@698679343:0.699883;1384@3597049284:0.055562;1829@64223459:0.540901;1635@3183638872:0.174932;1785@521406196:0.930894;1712@3367087072:0.223615;1116@688049806:0.910386;1010@1718096020:0.675407;1371@279414389:0.472884;1381@4051975907:0.580146;1736@3485468101:0.633986;1206@3627419827:0.123613;1202@3685380601:0.213597|67@0.645787,0.206468,0.141218,0.828714,0.532822,0.934729,0.875309,0.75749,0.60218,0.34813,0.856451;56@0.531774,0.041463,0.117548,0.774519,0.366575,0.541853,0.397984,0.890927,0.139823,0.142641,0.522092,0.926644;73@0.177116,0.593616;38@0.453721,0.569212,0.585576,0.865133,0.577458,0.270767,0.699571,0.984732,0.685512,0.275222;1@;14@0.967822,0.364347,0.036876,0.225072,0.677036,0.928695,0.238287,0.975873,0.95686;41@;32@0.557202,0.695965,0.993958,0.03272;70@0.995625,0.686061,0.953124,0.461697;43@0.743602,0.850624,0.201065,0.45962,0.637726,0.37756,0.772326,0.264044,0.363346,0.325353,0.630963;65@0.075314,0.365569,0.591122,0.974648;20@0.516144,0.769889,0.459352,0.057168;40@0.956788,0.881525,0.092184;100@0.292892;37@0.846285,0.367557,0.216264,0.212931,0.577139,0.30157,0.172453,0.910536,0.518127,0.27548,0.717689,0.077596,0.922637;27@0.640702,0.679469,0.926556,0.947248,0.15772,0.218871,0.918662;92@0.44171,0.89909,0.324611,0.382565,0.37924;10@0.178847,0.114546,0.253278,0.629508,0.828989,0.425044,0.481411,0.14034,0.752319,0.989533,0.412586,0.154778;75@0.14184,0.626005,0.912507,0.914098,0.326812,0.115537,0.822017,0.1001,0.555643,0.804616;84@0.474501,0.851196,0.855352,0.748724,0.289149,0.080093,0.554294,0.563133,0.169362,0.589792,0.745776;82@0.569274;47@0.927456,0.457731,0.509982,0.976927,0.016862,0.622261,0.020964,0.390783,0.981507,0.135594,0.608632;9@0.771276,0.832916,0.73977,0.808549,0.767001,0.500919,0.777349,0.988821,0.318251,0.159225,0.229959;39@0.395962,0.473248,0.676401,0.677084,0.083565,0.806073,0.608801,0.756331,0.638132;88@0.389491,0.03498,0.807194,0.947124,0.302042,0.182073,0.774784;30@0.54497,0.247661,0.637524,0.808289,0.294175,0.09711,0.205007,0.496275,0.32061,0.289044|1|1762487393
I20251108 00:02:58.825466 139717798590272 data_text_parser.cc:116] beg_pos: 15338,end_pos: 17544
I20251108 00:02:58.825478 139717798590272 data_text_parser.cc:59] line: 146|543|1720@263948761:0.408568;1185@3151097457:0.36895;1587@2128616930:0.651219;1048@1885234347:0.660803;1413@3829807338:0.104017;1472@1321576776:0.88865;1861@3523952119:0.761399;1430@2202132603:0.311141;1384@1169368718:0.395472;1829@1209205888:0.742658;1635@4255858670:0.381682;1785@1122102749:0.580717;1712@3223640334:0.070643;1116@1120904971:0.979538;1010@482409422:0.873276;1371@4257262344:0.469054;1381@1260275675:0.234504;1736@453659198:0.601805;1206@1244243561:0.99131;1202@3031342713:0.565023|67@0.031048,0.067794,0.715485,0.494702,0.76326,0.534334,0.062109,0.987239,0.119016,0.919174,0.2625;56@0.966501,0.616787,0.73038,0.053173,0.537982,0.675215,0.869921,0.678252,0.081076,0.641957,0.979504,0.030789;73@0.648948,0.476087;38@0.283863,0.422774,0.260685,0.006125,0.28109,0.917674,0.154173,0.654372,0.468827,0.265561;1@;14@0.944439,0.45537,0.536185,0.569255,0.781472,0.598252,0.254693,0.216132,0.120017;41@;32@0.207509,0.383801,0.153811,0.071184;70@0.78045,0.955064,0.41111,0.449671;43@0.835129,0.186842,0.456746,0.612475,0.365998,0.50231,0.385918,0.997786,0.321548,0.274795,0.648453;65@0.228994,0.21745,0.772668,0.828755;20@0.097403,0.385442,0.21411,0.558841;40@0.577979,0.022382,0.254707;100@0.99691;37@0.379954,0.498204,0.35956,0.484385,0.605111,0.615269,0.808641,0.967243,0.999559,0.35096,0.049999,0.000574,0.724383;27@0.979973,0.290234,0.368983,0.226225,0.747729,0.627984,0.293058;92@0.036297,0.661812,0.46264,0.728475,0.240278;10@0.320305,0.372738,0.755698,0.247148,0.671432,0.654552,0.256247,0.057999,0.979572,0.563364,0.809662,0.201634;75@0.023231,0.261695,0.28106,0.724618,0.62177,0.629628,0.939777,0.654882,0.610714,0.238746;84@0.325686,0.307172,0.118766,0.293399,0.792364,0.865576,0.801377,0.823277,0.245335,0.625779,0.53857;82@0.326632;47@0.158662,0.744169,0.642088,0.31798,0.990207,0.802616,0.095366,0.845237,0.92343,0.29867,0.581677;9@0.544069,0.584165,0.490072,0.88573,0.262721,0.403216,0.468021,0.844063,0.726832,0.980004,0.567673;39@0.084284,0.842938,0.958727,0.611046,0.664134,0.971734,0.023072,0.476601,0.361965;88@0.574648,0.274698,0.549134,0.656291,0.078609,0.754482,0.327549;30@0.263104,0.009543,0.876585,0.398507,0.692177,0.202,0.271467,0.047627,0.548111,0.412736|1|1762487393
I20251108 00:02:58.825525 139717798590272 data_text_parser.cc:116] beg_pos: 17545,end_pos: 19751
I20251108 00:02:58.825537 139717798590272 data_text_parser.cc:59] line: 147|502|1720@1414209618:0.148022;1185@698306609:0.981235;1587@28146200:0.227405;1048@593626515:0.516529;1413@2589847272:0.971018;1472@676353421:0.246115;1861@138231296:0.365538;1430@3563934746:0.520191;1384@310344712:0.387818;1829@2519596939:0.322658;1635@1338099323:0.185529;1785@2751465411:0.607113;1712@2209258244:0.912504;1116@1541999386:0.004418;1010@2211812975:0.840483;1371@3686823650:0.503825;1381@3112119376:0.989892;1736@2962892445:0.832732;1206@1110805561:0.275075;1202@47759665:0.288071|67@0.293898,0.278746,0.679182,0.064697,0.668603,0.050405,0.153754,0.41676,0.313315,0.034294,0.767618;56@0.332893,0.861763,0.319705,0.622009,0.881641,0.431871,0.198778,0.223908,0.853798,0.638259,0.555538,0.291454;73@0.710334,0.681693;38@0.638577,0.35891,0.24358,0.75572,0.173062,0.743294,0.718375,0.894629,0.155026,0.663226;1@;14@0.572711,0.350176,0.034931,0.68125,0.646472,0.913021,0.911089,0.271113,0.640056;41@;32@0.622951,0.597299,0.066552,0.887267;70@0.610664,0.856276,0.486491,0.795013;43@0.225294,0.411249,0.409008,0.722998,0.373086,0.749348,0.659515,0.844544,0.01099,0.825842,0.430374;65@0.973684,0.185422,0.689381,0.614446;20@0.317681,0.294877,0.249302,0.883787;40@0.022437,0.061664,0.761904;100@0.63983;37@0.546838,0.866879,0.838436,0.086114,0.308658,0.218432,0.88176,0.985127,0.520377,0.436092,0.762632,0.359585,0.153592;27@0.068895,0.397232,0.742869,0.23994,0.933046,0.165793,0.682681;92@0.593742,0.396126,0.939957,0.104992,0.988119;10@0.730159,0.011871,0.62662,0.637661,0.842271,0.308155,0.914757,0.940862,0.691162,0.745596,0.333659,0.385286;75@0.469363,0.743328,0.207278,0.25223,0.075805,0.177927,0.47518,0.35096,0.331722,0.409108;84@0.962269,0.491398,0.530935,0.962543,0.725389,0.436206,0.218923,0.22095,0.068121,0.499086,0.059356;82@0.938678;47@0.154433,0.100187,0.005685,0.174667,0.746289,0.019099,0.683948,0.958625,0.87707,0.487952,0.523375;9@0.121603,0.715506,0.418599,0.831964,0.414611,0.671337,0.058611,0.547249,0.746919,0.774257,0.632463;39@0.961752,0.670678,0.565005,0.609341,0.683782,0.661479,0.7654,0.535799,0.201262;88@0.52951,0.709146,0.394857,0.181396,0.0551,0.666636,0.431684;30@0.334214,0.569658,0.845541,0.648917,0.682416,0.601105,0.24907,0.074224,0.24062,0.334571|0|1762487393
I20251108 00:02:58.825558 139717798590272 data_text_parser.cc:116] beg_pos: 19752,end_pos: 20480
I20251108 00:02:58.825816 139717798590272 data_text_parser.cc:101] get chunk buffer, size: 20480
I20251108 00:02:58.825838 139717798590272 data_text_parser.cc:116] beg_pos: 0,end_pos: 1470
I20251108 00:02:58.825845 139717798590272 data_text_parser.cc:61] buffer line: 148|121|1720@1633952233:0.899562;1185@1490446056:0.913798;1587@3226628029:0.268947;1048@433828296:0.274668;1413@4162406171:0.785857;1472@3625777053:0.128263;1861@3817384226:0.482917;1430@680595492:0.168714;1384@4291121218:0.005784;1829@1081356716:0.973747;1635@1630671227:0.017774;1785@3545526605:0.100342;1712@3962537356:0.975335;1116@3334708844:0.14813;1010@3823727858:0.049034;1371@1074373667:0.024709;1381@654807676:0.035533;1736@3743774310:0.489897;1206@3988505151:0.027078;1202@966860642:0.011894|67@0.342168,0.612425,0.863198,0.182702,0.846293,0.806307,0.414419,0.690578,0.795797,0.2464,0.751941;56@0.132601,0.959837,0.045323,0.115731,0.611273,0.032233,0.78945,0.129359,0.118476,0.51357,0.06572,0.57505;73@0.079952,0.068403;38@0.844397,0.424695,0.959316,0.725901,0.715332,0.755254,0.77487,0.695403,0.999912,0.790784;1@;14@0.4289,0.685898,0.50371,0.89158,0.316337,0.205526,0.019031,0.762099,0.738611;41@;32@0.95529,0.221661,0.295991,0.855656;70@0.537666,0.368231,0.464885,0.452155;43@0.41664,0.904126,0.121509,0.278248,0.37737,0.868201,0.716881,0.183951,0.069606,0.433127,0.230668;65@0.313367,0.867247,0.593708,0.305113;20@0.933859,0.813211,0.577331,0.023625;40@0.287508,0.215679,0.68019;100@0.97356;37@0.409699,0.435326,0.292382,0.201254,0.463116,0.87492,0.867183,0.362955,0.184832,0.965558,0.6301,0.463677,0.79281;27@0.98346,0.85318,0.245059,0.360132,0.145289,0.71712,0.361579;92@0.412027,0.543893,0.334752,0.653769,0.341863;10@0.729054,0.424431,0.261059,0.964323,0.713139,0.672384,0.09672,0.686621,0.540346,0.987949,0.411453,0.805788;75@0.065706,0.235852,0.267258,0.454497,0.076899,0.935695,0.35687,0.127312,0.806165,0.697154;84@0.133197,0.39742,0.120557,0.967918,0.213025,0.720503,0.819944,0.777481,0.773231,0.7359,0.672566;82@0.569918;47@0.088356,0.103768,0.74675,0.447735,0.601936,0.507093,0.531692,0.716851,0.091293,0.725153,0.446799;9@0.02671,0.951586,0.739617,0.131258,0.492218,0.01181,0.961176,0.118376,0.335647,0.624907,0.13625;39@0.502674,0.884292,0.829901,0.142604,0.02662,0.025451,0.956232,0.869493,0.347562;88@0.55523,0.057546,0.227417,0.506713,0.222392,0.775358,0.974779;30@0.144853,0.416393,0.457451,0.775318,0.741166,0.847493,0.833873,0.560514,0.276399,0.880024|1|1762487393
I20251108 00:02:58.825889 139717798590272 data_text_parser.cc:116] beg_pos: 1471,end_pos: 3689
I20251108 00:02:58.825897 139717798590272 data_text_parser.cc:59] line: 149|948|1720@420596292:0.680443;1185@1218319593:0.772091;1587@907886025:0.061445;1048@1860125064:0.743235;1413@2356689185:0.28957;1472@4211349357:0.114975;1861@1496112294:0.054213;1430@2031445103:0.691232;1384@2631060031:0.563315;1829@3160704143:0.114083;1635@2058408332:0.482672;1785@1272841467:0.020797;1712@2056484476:0.675613;1116@2156658019:0.162373;1010@2997593616:0.225921;1371@2643586756:0.560617;1381@2646908685:0.833371;1736@2366192657:0.426697;1206@2825135698:0.358332;1202@563325074:0.088457|67@0.140628,0.557999,0.167767,0.785683,0.277851,0.506768,0.682261,0.413692,0.326186,0.230196,0.977101;56@0.597995,0.542477,0.864475,0.450131,0.840329,0.252182,0.587333,0.016334,0.952395,0.362765,0.264744,0.13116;73@0.308805,0.747756;38@0.642374,0.194737,0.025851,0.142682,0.020477,0.630224,0.282858,0.02224,0.232546,0.411033;1@;14@0.619443,0.200476,0.481889,0.283651,0.020532,0.236067,0.229072,0.77362,0.054599;41@;32@0.693681,0.375869,0.980044,0.542286;70@0.752106,0.517803,0.269572,0.834366;43@0.495147,0.161575,0.133326,0.323087,0.75687,0.683995,0.382098,0.181652,0.388846,0.284026,0.866935;65@0.084893,0.050102,0.373418,0.786373;20@0.159817,0.242616,0.351239,0.859698;40@0.302507,0.04381,0.740734;100@0.169522;37@0.027659,0.825128,0.613723,0.667095,0.240623,0.779606,0.537584,0.355056,0.731681,0.938466,0.588442,0.836577,0.814471;27@0.87088,0.954151,0.03131,0.473332,0.163639,0.143292,0.066936;92@0.242834,0.300503,0.469954,0.181818,0.932759;10@0.833194,0.62611,0.565016,0.617286,0.731406,0.019415,0.332892,0.410343,0.739995,0.229242,0.629556,0.157874;75@0.422738,0.481625,0.665011,0.880461,0.149835,0.771328,0.388928,0.305598,0.242444,0.514817;84@0.455064,0.173845,0.658219,0.308117,0.361678,0.55562,0.32722,0.267698,0.295768,0.022651,0.766452;82@0.519953;47@0.023657,0.025168,0.577728,0.987867,0.358754,0.709916,0.688623,0.173393,0.34871,0.885935,0.796887;9@0.948409,0.820843,0.570014,0.637744,0.013471,0.139576,0.105412,0.675476,0.476929,0.769517,0.683665;39@0.169257,0.488922,0.144568,0.016494,0.815962,0.898694,0.920902,0.756506,0.01881;88@0.923695,0.321581,0.759183,0.385413,0.150196,0.674251,0.729049;30@0.098085,0.294497,0.590488,0.722043,0.361884,0.309909,0.537922,0.2425,0.616314,0.00724|0|1762487393
I20251108 00:02:58.825927 139717798590272 data_text_parser.cc:116] beg_pos: 3690,end_pos: 5896
I20251108 00:02:58.825937 139717798590272 data_text_parser.cc:59] line: 150|813|1720@3466396182:0.795767;1185@1282311674:0.390169;1587@91529680:0.250835;1048@233985817:0.005185;1413@889462320:0.345041;1472@1621347381:0.043738;1861@1756178290:0.337473;1430@1321068946:0.07648;1384@2948291317:0.621023;1829@1614573259:0.824112;1635@2971856673:0.634149;1785@1746401289:0.19987;1712@1342924597:0.509586;1116@782573787:0.758731;1010@3863059834:0.040012;1371@3837201200:0.814227;1381@3266891516:0.991623;1736@2451484304:0.564222;1206@4085263898:0.180378;1202@1006572694:0.354306|67@0.334299,0.774608,0.804533,0.305694,0.454647,0.578108,0.662117,0.332718,0.031419,0.24871,0.655755;56@0.535465,0.816328,0.11864,0.402149,0.851087,0.283778,0.012022,0.985482,0.622585,0.209776,0.513192,0.898565;73@0.456308,0.932371;38@0.52505,0.604207,0.617676,0.578463,0.20895,0.995649,0.790917,0.213393,0.967941,0.182787;1@;14@0.938343,0.012769,0.201699,0.218145,0.63853,0.165091,0.464738,0.67151,0.55945;41@;32@0.599885,0.99786,0.838301,0.230572;70@0.637359,0.98647,0.293421,0.807505;43@0.898135,0.296117,0.247273,0.38796,0.381336,0.853872,0.364265,0.146199,0.084589,0.746661,0.831569;65@0.26778,0.313087,0.840805,0.247382;20@0.551098,0.740101,0.912115,0.401417;40@0.070683,0.403115,0.308797;100@0.804223;37@0.309992,0.748998,0.087998,0.391307,0.932111,0.555371,0.776336,0.185456,0.374123,0.788809,0.50503,0.985948,0.530706;27@0.669852,0.588915,0.768368,0.526371,0.00446,0.282945,0.889975;92@0.343053,0.929995,0.755579,0.754652,0.681365;10@0.998368,0.557947,0.901327,0.672383,0.280611,0.779568,0.965258,0.28137,0.249735,0.809328,0.447901,0.241556;75@0.616665,0.605515,0.456599,0.190485,0.453692,0.309987,0.9052,0.876214,0.436564,0.958244;84@0.395032,0.200566,0.316056,0.931891,0.972182,0.149522,0.243402,0.092192,0.025756,0.766091,0.476277;82@0.160833;47@0.093456,0.770429,0.502014,0.553697,0.5195,0.754217,0.475896,0.80637,0.392273,0.642231,0.179638;9@0.478709,0.252348,0.140304,0.591592,0.213416,0.06587,0.322346,0.389355,0.638269,0.473116,0.440672;39@0.463992,0.147733,0.676067,0.308546,0.127429,0.093773,0.805235,0.597501,0.634588;88@0.72238,0.637831,0.332205,0.56697,0.231551,0.55724,0.459576;30@0.856633,0.860267,0.784911,0.91565,0.114791,0.160822,0.018829,0.619802,0.041718,0.892432|1|1762487393
I20251108 00:02:58.825977 139717798590272 data_text_parser.cc:116] beg_pos: 5897,end_pos: 8111
I20251108 00:02:58.825986 139717798590272 data_text_parser.cc:59] line: 151|512|1720@3542463714:0.151169;1185@3469245777:0.306678;1587@3625510357:0.957172;1048@1632636278:0.728314;1413@3300944937:0.779059;1472@4031508601:0.530168;1861@2207937337:0.187321;1430@1956659595:0.855638;1384@4289978046:0.911561;1829@2783269670:0.475357;1635@4539253:0.739539;1785@29559944:0.549762;1712@3922484112:0.366873;1116@4262005569:0.964538;1010@3057638384:0.075443;1371@3148693652:0.397385;1381@1329158227:0.020556;1736@1186565002:0.315319;1206@571779949:0.240433;1202@1904244134:0.064577|67@0.913195,0.137919,0.104854,0.238578,0.782233,0.052366,0.999082,0.243319,0.493179,0.268555,0.677607;56@0.895826,0.453933,0.210582,0.186409,0.622712,0.477148,0.008655,0.041961,0.852013,0.749855,0.946683,0.531486;73@0.367037,0.820497;38@0.638168,0.002709,0.770289,0.148378,0.256598,0.985301,0.25273,0.076534,0.947322,0.565512;1@;14@0.17997,0.872969,0.978423,0.004535,0.61327,0.868864,0.12065,0.48752,0.760683;41@;32@0.951779,0.035718,0.082656,0.879493;70@0.116657,0.840254,0.765233,0.324338;43@0.355003,0.877147,0.189959,0.066564,0.871852,0.471661,0.885412,0.959204,0.721325,0.89881,0.014252;65@0.847595,0.038088,0.695156,0.161892;20@0.188295,0.304168,0.908945,0.237715;40@0.641415,0.89429,0.912291;100@0.094218;37@0.707015,0.649516,0.080685,0.175052,0.988084,0.873734,0.620055,0.533324,0.998088,0.825501,0.465195,0.503069,0.985069;27@0.867538,0.282157,0.755902,0.910373,0.150803,0.508215,0.057925;92@0.42192,0.546692,0.254518,0.18912,0.638103;10@0.917939,0.556672,0.735436,0.587441,0.073344,0.550531,0.397496,0.43665,0.179857,0.837709,0.182452,0.146727;75@0.3813,0.32621,0.605621,0.911278,0.645855,0.472327,0.008019,0.151691,0.841032,0.565447;84@0.105435,0.195337,0.914747,0.559032,0.036273,0.69644,0.764008,0.729501,0.580136,0.753933,0.867628;82@0.573173;47@0.933078,0.868882,0.58159,0.277267,0.989026,0.91755,0.093089,0.051835,0.856808,0.592343,0.909131;9@0.484658,0.986247,0.528873,0.220536,0.106185,0.765562,0.66086,0.321232,0.812675,0.752918,0.792359;39@0.561569,0.956524,0.480178,0.968633,0.413995,0.693222,0.137816,0.273106,0.208274;88@0.074005,0.401561,0.546149,0.527385,0.919708,0.532982,0.003312;30@0.108057,0.758846,0.651822,0.411533,0.264561,0.421582,0.858365,0.629235,0.646769,0.452287|0|1762487393
I20251108 00:02:58.826025 139717798590272 data_text_parser.cc:116] beg_pos: 8112,end_pos: 10320
I20251108 00:02:58.826038 139717798590272 data_text_parser.cc:59] line: 152|989|1720@337761926:0.759988;1185@2290599281:0.151868;1587@1134916792:0.924469;1048@714654967:0.466401;1413@3886162612:0.409801;1472@1360217398:0.63461;1861@1061055775:0.725707;1430@2778593409:0.036434;1384@1582214096:0.369348;1829@2791167270:0.190941;1635@2987436735:0.20468;1785@104280169:0.271042;1712@3608605565:0.442497;1116@1372904406:0.18982;1010@1228658054:0.350698;1371@799365429:0.955552;1381@4053113859:0.202942;1736@2751609262:0.114687;1206@3975458502:0.973299;1202@3385482614:0.550142|67@0.022026,0.734252,0.846357,0.283737,0.260681,0.904959,0.603101,0.726306,0.930717,0.184692,0.405712;56@0.927065,0.982123,0.380758,0.369494,0.690006,0.536273,0.918563,0.736028,0.881327,0.008926,0.737488,0.07094;73@0.37689,0.241008;38@0.629028,0.414006,0.432679,0.449122,0.780613,0.122819,0.317118,0.87431,0.507295,0.762589;1@;14@0.896727,0.271351,0.346502,0.508395,0.965977,0.409065,0.452956,0.969614,0.728258;41@;32@0.514711,0.354876,0.419421,0.884382;70@0.445643,0.059183,0.63553,0.354272;43@0.37522,0.402845,0.287517,0.722874,0.908767,0.965235,0.980983,0.405317,0.967325,0.01573,0.045348;65@0.804116,0.7616,0.064653,0.485831;20@0.887428,0.460333,0.183348,0.387764;40@0.546448,0.640885,0.235821;100@0.71104;37@0.077068,0.772726,0.820606,0.601622,0.260382,0.659084,0.30642,0.434841,0.494102,0.443961,0.239344,0.607198,0.62414;27@0.68457,0.075286,0.863022,0.015575,0.799294,0.625285,0.682537;92@0.63913,0.932794,0.477909,0.295009,0.853558;10@0.536277,0.657698,0.512075,0.230695,0.279193,0.49401,0.692689,0.889673,0.107867,0.710544,0.62458,0.382878;75@0.171135,0.741855,0.761848,0.180202,0.183569,0.275151,0.936826,0.064085,0.262869,0.5931;84@0.930627,0.307528,0.009868,0.495013,0.280468,0.137197,0.010857,0.388106,0.576351,0.085408,0.305514;82@0.827402;47@0.283899,0.892166,0.760281,0.046911,0.399669,0.27026,0.725178,0.883811,0.997339,0.726308,0.668677;9@0.964753,0.734962,0.556415,0.464028,0.608157,0.043747,0.822479,0.048094,0.351085,0.628683,0.754488;39@0.627663,0.633839,0.919947,0.558231,0.907837,0.2686,0.78858,0.020068,0.669515;88@0.807679,0.729633,0.182413,0.505767,0.647078,0.694961,0.630188;30@0.504652,0.705697,0.346939,0.930474,0.686981,0.735104,0.34173,0.106965,0.845282,0.640052|0|1762487393
I20251108 00:02:58.826068 139717798590272 data_text_parser.cc:116] beg_pos: 10321,end_pos: 12528
I20251108 00:02:58.826081 139717798590272 data_text_parser.cc:59] line: 153|428|1720@241980366:0.900369;1185@1098113154:0.754307;1587@738145940:0.337785;1048@1858531222:0.177432;1413@1626645751:0.858726;1472@502380840:0.447206;1861@876729658:0.913927;1430@3631540244:0.209115;1384@3762513122:0.047632;1829@1157101921:0.836645;1635@529082174:0.666378;1785@1401952161:0.00395;1712@1153104004:0.532722;1116@3384701299:0.388613;1010@4141404589:0.607995;1371@4077830005:0.444418;1381@3496811010:0.226877;1736@4152754565:0.744288;1206@2077853634:0.942966;1202@1823500884:0.536701|67@0.236633,0.454481,0.260866,0.273625,0.649469,0.26507,0.564604,0.99737,0.163083,0.90534,0.095504;56@0.132511,0.585111,0.728507,0.580606,0.196762,0.84788,0.975737,0.404194,0.281799,0.579632,0.049541,0.039747;73@0.374673,0.308285;38@0.646719,0.100332,0.122859,0.65985,0.072966,0.12632,0.174608,0.388307,0.888753,0.041189;1@;14@0.47471,0.061399,0.19796,0.383976,0.936494,0.251739,0.498757,0.319177,0.124568;41@;32@0.267861,0.529244,0.214775,0.903281;70@0.529523,0.448341,0.300961,0.155365;43@0.003447,0.595737,0.425559,0.996188,0.146694,0.8542,0.085959,0.033962,0.481334,0.659129,0.400817;65@0.069195,0.111719,0.696184,0.72967;20@0.571469,0.064984,0.515433,0.367835;40@0.230758,0.339808,0.987771;100@0.467715;37@0.212912,0.32026,0.285835,0.944767,0.495741,0.685351,0.257172,0.938643,0.087286,0.108708,0.15654,0.905808,0.492989;27@0.690856,0.400887,0.88376,0.631516,0.765007,0.814961,0.898466;92@0.776025,0.92324,0.676221,0.243531,0.855425;10@0.595346,0.19481,0.379803,0.84853,0.292775,0.96899,0.945911,0.928052,0.709549,0.781747,0.592757,0.150296;75@0.924823,0.41075,0.875311,0.154181,0.523794,0.539064,0.278528,0.581832,0.652136,0.984155;84@0.153633,0.219297,0.324858,0.530984,0.006647,0.376492,0.323114,0.397423,0.64747,0.862957,0.022905;82@0.635833;47@0.764293,0.675761,0.716762,0.048077,0.711439,0.547972,0.555952,0.905684,0.142622,0.023745,0.349624;9@0.514911,0.354311,0.244217,0.634835,0.88166,0.715183,0.519883,0.564215,0.568132,0.68975,0.727292;39@0.599624,0.158394,0.009636,0.427193,0.884931,0.546169,0.083732,0.751144,0.046758;88@0.218377,0.958413,0.531736,0.326945,0.117614,0.4271,0.471285;30@0.220752,0.760291,0.621052,0.547255,0.752512,0.410846,0.124516,0.716521,0.481682,0.287785|0|1762487393
I20251108 00:02:58.826121 139717798590272 data_text_parser.cc:116] beg_pos: 12529,end_pos: 14741
I20251108 00:02:58.826133 139717798590272 data_text_parser.cc:59] line: 154|380|1720@1470718452:0.197307;1185@2372009817:0.274182;1587@2040949978:0.485184;1048@2491758963:0.691775;1413@3632449634:0.456282;1472@2352216981:0.670873;1861@465171005:0.644301;1430@4099340999:0.900817;1384@1610972037:0.400104;1829@2242950518:0.838578;1635@178275634:0.582098;1785@1221136621:0.838526;1712@130251360:0.359629;1116@3918557404:0.743341;1010@1253964917:0.818319;1371@3339302238:0.952582;1381@1902390599:0.66125;1736@550782165:0.84623;1206@392041706:0.48238;1202@3154186794:0.95026|67@0.37663,0.486271,0.937736,0.980688,0.259402,0.945166,0.457108,0.573909,0.467283,0.294888,0.91742;56@0.890366,0.536009,0.802974,0.965976,0.807125,0.804732,0.183173,0.948195,0.294969,0.205407,0.837915,0.497284;73@0.55328,0.710641;38@0.769109,0.552057,0.230886,0.720188,0.899568,0.056414,0.879536,0.051843,0.535768,0.659419;1@;14@0.748945,0.742553,0.659157,0.200578,0.469532,0.229298,0.008142,0.351993,0.93405;41@;32@0.763141,0.917925,0.977587,0.977062;70@0.843905,0.726236,0.154959,0.853476;43@0.360454,0.546141,0.198309,0.064493,0.233852,0.693603,0.151296,0.646463,0.86301,0.291726,0.239321;65@0.14718,0.629328,0.453602,0.368311;20@0.229148,0.613761,0.028059,0.069421;40@0.295555,0.301274,0.049051;100@0.044092;37@0.944328,0.346189,0.284838,0.183719,0.272218,0.958985,0.036805,0.981456,0.54134,0.571078,0.998185,0.057916,0.964854;27@0.249884,0.074244,0.221216,0.577256,0.885276,0.76896,0.288395;92@0.149255,0.923632,0.10774,0.777126,0.764106;10@0.412032,0.945941,0.578792,0.716592,0.076951,0.866787,0.083193,0.245506,0.480007,0.65423,0.735898,0.399515;75@0.943137,0.10449,0.258476,0.206688,0.557571,0.722601,0.364564,0.097938,0.706253,0.895556;84@0.46226,0.166827,0.349348,0.284214,0.479024,0.430755,0.742796,0.397281,0.907942,0.825413,0.267693;82@0.632446;47@0.612307,0.030705,0.090446,0.844493,0.151,0.460561,0.894435,0.259354,0.117819,0.614263,0.364181;9@0.400346,0.830008,0.972767,0.374391,0.252648,0.830156,0.006084,0.170786,0.619803,0.592044,0.734709;39@0.627689,0.572527,0.380577,0.466927,0.123494,0.297479,0.156248,0.238162,0.461375;88@0.622906,0.025173,0.316081,0.829639,0.831235,0.245207,0.924831;30@0.71055,0.302942,0.438796,0.844854,0.208033,0.734389,0.502609,0.204833,0.231905,0.336093|0|1762487393
I20251108 00:02:58.826164 139717798590272 data_text_parser.cc:116] beg_pos: 14742,end_pos: 16957
I20251108 00:02:58.826176 139717798590272 data_text_parser.cc:59] line: 155|109|1720@4095045258:0.278221;1185@1845030187:0.61147;1587@998869518:0.791562;1048@1227476973:0.771485;1413@309453711:0.740038;1472@2574891043:0.632213;1861@1378291966:0.556102;1430@444952652:0.951165;1384@2247300381:0.435591;1829@3170821505:0.31483;1635@3548554144:0.031796;1785@936072959:0.668931;1712@1473271997:0.522338;1116@186534372:0.534407;1010@2559855406:0.560045;1371@1033684960:0.498921;1381@2669404444:0.013136;1736@656462502:0.385617;1206@2971311055:0.885122;1202@1300348889:0.435036|67@0.874795,0.667287,0.81791,0.101165,0.753192,0.617153,0.616685,0.477093,0.289233,0.003096,0.64285;56@0.539138,0.094433,0.211487,0.410527,0.175842,0.493838,0.775763,0.465589,0.417889,0.528182,0.159434,0.383666;73@0.340597,0.286205;38@0.305087,0.221158,0.241388,0.588589,0.129453,0.040072,0.025446,0.676891,0.198122,0.354055;1@;14@0.128715,0.745563,0.415801,0.247781,0.433165,0.168884,0.620406,0.970887,0.933533;41@;32@0.558368,0.154125,0.200219,0.820025;70@0.087108,0.714511,0.246766,0.189418;43@0.134821,0.219359,0.770825,0.955793,0.083429,0.738355,0.110065,0.99713,0.004513,0.373012,0.343281;65@0.549068,0.573421,0.320417,0.593257;20@0.510998,0.769098,0.064602,0.088053;40@0.521806,0.990466,0.142382;100@0.655853;37@0.788213,0.354409,0.417073,0.016572,0.083937,0.74732,0.541502,0.156484,0.855681,0.023634,0.120988,0.719222,0.94321;27@0.463128,0.139233,0.731711,0.640868,0.487141,0.485854,0.12402;92@0.245836,0.778247,0.63983,0.810499,0.552479;10@0.290586,0.159289,0.696281,0.498326,0.124428,0.683831,0.065607,0.43519,0.702102,0.944586,0.265978,0.285369;75@0.79886,0.328449,0.332476,0.849366,0.428288,0.125448,0.909197,0.668201,0.07363,0.66468;84@0.90757,0.537601,0.832413,0.798177,0.205855,0.746326,0.693204,0.192021,0.519245,0.594776,0.141818;82@0.699365;47@0.616324,0.240297,0.775814,0.144434,0.629343,0.092459,0.597013,0.495354,0.530482,0.782409,0.076976;9@0.805727,0.451862,0.040118,0.88532,0.742652,0.426094,0.37342,0.326849,0.901909,0.322614,0.207309;39@0.534055,0.929448,0.151197,0.542932,0.912671,0.579211,0.286231,0.392111,0.216592;88@0.021482,0.067858,0.237898,0.042232,0.947556,0.054165,0.196606;30@0.242552,0.942942,0.172389,0.211204,0.776355,0.634615,0.092517,0.352556,0.851039,0.698583|1|1762487393
I20251108 00:02:58.826216 139717798590272 data_text_parser.cc:116] beg_pos: 16958,end_pos: 19167
I20251108 00:02:58.826225 139717798590272 data_text_parser.cc:59] line: 156|539|1720@4247199080:0.736515;1185@1417297267:0.081595;1587@1842536504:0.426568;1048@3629472244:0.256072;1413@602479028:0.932927;1472@3697382678:0.629888;1861@764439869:0.892849;1430@2433446269:0.971071;1384@1832931528:0.236436;1829@3274738473:0.489594;1635@368766769:0.591324;1785@3309634939:0.237902;1712@917725626:0.319853;1116@4036835232:0.17798;1010@1749003215:0.273531;1371@2318147583:0.455778;1381@4005000478:0.363441;1736@4137453451:0.573986;1206@3702587278:0.294807;1202@1497523500:0.216593|67@0.834108,0.215524,0.062865,0.4209,0.36403,0.931741,0.548285,0.130541,0.17806,0.376747,0.616779;56@0.640376,0.540494,0.93622,0.777188,0.324062,0.117137,0.651881,0.170067,0.068366,0.465874,0.398781,0.658314;73@0.184933,0.676581;38@0.707383,0.224118,0.256566,0.024301,0.131571,0.361021,0.786402,0.092121,0.83215,0.884486;1@;14@0.452319,0.558835,0.010515,0.182942,0.902432,0.92911,0.055451,0.567477,0.688034;41@;32@0.671023,0.74492,0.93294,0.419506;70@0.126544,0.45074,0.874969,0.94061;43@0.643675,0.572027,0.089778,0.777225,0.535874,0.96889,0.345613,0.030715,0.358644,0.468473,0.387247;65@0.73743,0.547751,0.386685,0.552785;20@0.215095,0.046726,0.678073,0.508079;40@0.144783,0.280125,0.112927;100@0.90155;37@0.719668,0.981493,0.852628,0.118203,0.083282,0.049966,0.516887,0.387639,0.865443,0.304637,0.441034,0.991755,0.689227;27@0.203812,0.890354,0.429165,0.152333,0.834019,0.238873,0.111866;92@0.291545,0.38896,0.992515,0.076111,0.752777;10@0.018016,0.950325,0.332266,0.654869,0.043233,0.309719,0.060572,0.717379,0.630714,0.172654,0.032458,0.803971;75@0.791098,0.902774,0.530218,0.860254,0.349534,0.373516,0.943175,0.887855,0.187536,0.818528;84@0.58121,0.071123,0.5448,0.438698,0.310412,0.778712,0.391357,0.122773,0.473251,0.288466,0.937813;82@0.539448;47@0.292392,0.318424,0.182693,0.006002,0.349912,0.092769,0.681904,0.860112,0.724459,0.140717,0.830073;9@0.824457,0.295577,0.551414,0.284413,0.211034,0.826508,0.21036,0.946816,0.214003,0.065377,0.422418;39@0.213261,0.182534,0.821123,0.327592,0.918306,0.387813,0.199108,0.300724,0.911231;88@0.995335,0.91182,0.661505,0.273442,0.381739,0.074673,0.540396;30@0.766082,0.14625,0.309176,0.777418,0.8977,0.078421,0.661649,0.744632,0.367846,0.253437|1|1762487393
I20251108 00:02:58.826249 139717798590272 data_text_parser.cc:116] beg_pos: 19168,end_pos: 20480
I20251108 00:02:58.826485 139717798590272 data_text_parser.cc:101] get chunk buffer, size: 20480
I20251108 00:02:58.826503 139717798590272 data_text_parser.cc:116] beg_pos: 0,end_pos: 910
I20251108 00:02:58.826515 139717798590272 data_text_parser.cc:61] buffer line: 157|776|1720@3813144505:0.991233;1185@4210578267:0.803342;1587@3234361887:0.130935;1048@2460303948:0.192634;1413@679865738:0.944535;1472@4015873151:0.300555;1861@3428545800:0.889035;1430@2007278075:0.85391;1384@1179489375:0.293277;1829@2386470081:0.105956;1635@4065669239:0.533559;1785@1391005586:0.270113;1712@841309329:0.047658;1116@2316962422:0.531928;1010@1227236498:0.306941;1371@343458086:0.465392;1381@3937748880:0.491226;1736@1015332907:0.838446;1206@3112402808:0.920564;1202@1807717891:0.065552|67@0.937009,0.709799,0.603753,0.430704,0.323506,0.709663,0.073969,0.272083,0.586171,0.111137,0.258406;56@0.50123,0.508137,0.928138,0.328755,0.947493,0.967405,0.718653,0.309646,0.650405,0.749201,0.263645,0.449949;73@0.721484,0.676222;38@0.332728,0.191551,0.615067,0.621974,0.151573,0.35397,0.939936,0.194627,0.618474,0.513474;1@;14@0.800306,0.962031,0.777828,0.400773,0.816201,0.714921,0.486308,0.485335,0.892501;41@;32@0.377678,0.346729,0.094223,0.555712;70@0.207052,0.697095,0.420851,0.883835;43@0.562245,0.249345,0.158833,0.236724,0.909309,0.648395,0.866677,0.309095,0.557237,0.426158,0.403155;65@0.611286,0.551973,0.706273,0.030772;20@0.432787,0.254496,0.007558,0.411322;40@0.763825,0.663087,0.986262;100@0.398921;37@0.904874,0.332521,0.634961,0.632856,0.472014,0.748762,0.46489,0.77486,0.584465,0.133477,0.455391,0.386338,0.756718;27@0.759006,0.73505,0.941459,0.829326,0.438226,0.672636,0.917658;92@0.448717,0.925055,0.297854,0.331721,0.145192;10@0.076498,0.664806,0.257344,0.52026,0.41076,0.7966,0.288966,0.956821,0.642063,0.178476,0.111092,0.024319;75@0.752874,0.839317,0.578671,0.212372,0.351017,0.729163,0.250977,0.390367,0.765589,0.345399;84@0.356871,0.297892,0.524834,0.293367,0.264033,0.164704,0.978861,0.305045,0.229942,0.167209,0.056839;82@0.608557;47@0.354899,0.573684,0.622313,0.58341,0.550924,0.998126,0.691221,0.337792,0.105897,0.919747,0.982979;9@0.185058,0.984747,0.364579,0.335512,0.850734,0.978448,0.735315,0.513313,0.79855,0.523555,0.685499;39@0.187286,0.644228,0.553323,0.010527,0.472473,0.913816,0.162454,0.300376,0.929124;88@0.848674,0.767805,0.312119,0.202564,0.067721,0.529849,0.084312;30@0.866639,0.791865,0.534101,0.208189,0.310433,0.295191,0.787693,0.248475,0.792247,0.183865|0|1762487393
I20251108 00:02:58.826552 139717798590272 data_text_parser.cc:116] beg_pos: 911,end_pos: 3113
I20251108 00:02:58.826565 139717798590272 data_text_parser.cc:59] line: 158|591|1720@2372218094:0.974928;1185@2037228215:0.025463;1587@448883178:0.7469;1048@1087597367:0.058262;1413@516051468:0.03239;1472@3111247682:0.489345;1861@1622985539:0.393238;1430@1108519488:0.803733;1384@1227794049:0.318506;1829@2452420870:0.32049;1635@1551933152:0.490286;1785@973312201:0.676271;1712@2744528982:0.0302;1116@3871432195:0.763996;1010@244817399:0.257261;1371@2731668564:0.736531;1381@2208034751:0.244358;1736@2034197116:0.48277;1206@1283225283:0.457041;1202@2366018614:0.62989|67@0.644069,0.105412,0.915652,0.486715,0.585684,0.069601,0.749687,0.543617,0.35132,0.283963,0.333306;56@0.817379,0.151246,0.921989,0.132023,0.019204,0.350024,0.715838,0.321853,0.919073,0.477849,0.102141,0.586679;73@0.290422,0.950888;38@0.312169,0.23453,0.426986,0.791851,0.895579,0.304943,0.528272,0.552407,0.836778,0.626596;1@;14@0.678823,0.304017,0.679538,0.370051,0.862029,0.397216,0.672466,0.433166,0.851561;41@;32@0.265286,0.86503,0.633954,0.559464;70@0.109534,0.56173,0.735059,0.038523;43@0.228457,0.025773,0.69586,0.685587,0.279851,0.648129,0.625145,0.192533,0.135317,0.557649,0.7632;65@0.952799,0.440875,0.31582,0.872884;20@0.461644,0.134957,0.890415,0.046044;40@0.322632,0.685291,0.758832;100@0.227;37@0.287558,0.080336,0.951103,0.331503,0.776377,0.142843,0.118238,0.912892,0.100355,0.274891,0.612903,0.121489,0.166195;27@0.521756,0.297817,0.104667,0.680742,0.36248,0.809414,0.814782;92@0.076052,0.822405,0.784061,0.417203,0.869253;10@0.308039,0.769691,0.328515,0.768819,0.021775,0.849731,0.202523,0.681607,0.974257,0.392759,0.743243,0.871163;75@0.736704,0.667486,0.964502,0.511881,0.240363,0.891365,0.962567,0.287588,0.96876,0.929973;84@0.222965,0.394498,0.627001,0.18854,0.141345,0.301294,0.227731,0.552485,0.129535,0.667595,0.961477;82@0.840017;47@0.733396,0.867512,0.025883,0.629415,0.159456,0.673763,0.711533,0.728116,0.68358,0.965796,0.833292;9@0.16429,0.204921,0.768604,0.22987,0.897295,0.303191,0.467598,0.270921,0.661661,0.93201,0.14227;39@0.349932,0.446437,0.7136,0.57686,0.827598,0.317102,0.364833,0.020796,0.788528;88@0.386765,0.075359,0.253702,0.300327,0.727143,0.158649,0.022862;30@0.413727,0.690449,0.245147,0.667964,0.84823,0.311098,0.754135,0.607105,0.032181,0.651957|0|1762487393
I20251108 00:02:58.826606 139717798590272 data_text_parser.cc:116] beg_pos: 3114,end_pos: 5322
I20251108 00:02:58.826618 139717798590272 data_text_parser.cc:59] line: 159|960|1720@617198242:0.561659;1185@1900187813:0.72792;1587@2234946132:0.596573;1048@697166963:0.360608;1413@3275066095:0.798617;1472@3744218564:0.413264;1861@3028994272:0.116394;1430@3185143914:0.915652;1384@2596097790:0.40221;1829@2792565270:0.335811;1635@931421832:0.216278;1785@1980731942:0.524441;1712@2759671996:0.914526;1116@3850473290:0.240344;1010@3642599960:0.283284;1371@371256470:0.353244;1381@2498848245:0.169577;1736@878666113:0.986736;1206@2703481682:0.610373;1202@57968243:0.876198|67@0.828384,0.535187,0.005053,0.788629,0.082018,0.959936,0.885565,0.917791,0.481122,0.207934,0.133294;56@0.94047,0.179247,0.159986,0.655836,0.299605,0.988598,0.676198,0.924521,0.566823,0.185007,0.975176,0.386002;73@0.5148,0.599922;38@0.152527,0.550975,0.694302,0.783699,0.250055,0.073349,0.428584,0.415835,0.876776,0.500859;1@;14@0.277102,0.49074,0.76423,0.436713,0.362252,0.197577,0.480648,0.485647,0.854744;41@;32@0.307122,0.708917,0.751964,0.427982;70@0.941836,0.430485,0.471573,0.892381;43@0.110501,0.356798,0.425612,0.999005,0.541831,0.085886,0.586193,0.247069,0.476016,0.061281,0.258284;65@0.444214,0.78783,0.546714,0.691216;20@0.38592,0.026803,0.486759,0.300242;40@0.888826,0.013534,0.689001;100@0.524687;37@0.916582,0.394742,0.698544,0.710832,0.555949,0.342412,0.775511,0.075286,0.920546,0.344117,0.866496,0.547793,0.616968;27@0.487285,0.212443,0.637746,0.62141,0.536799,0.039699,0.158221;92@0.809321,0.655626,0.729112,0.473662,0.20935;10@0.922662,0.378766,0.991287,0.77262,0.036591,0.232056,0.266967,0.238254,0.247792,0.614676,0.424435,0.105378;75@0.678613,0.18818,0.118923,0.553152,0.882116,0.100993,0.67951,0.015774,0.927726,0.786125;84@0.510132,0.777431,0.947342,0.584034,0.132538,0.041486,0.071074,0.497705,0.773649,0.56694,0.536569;82@0.461597;47@0.91687,0.233257,0.943519,0.909284,0.056569,0.590576,0.024912,0.748347,0.810773,0.860196,0.861182;9@0.445291,0.519765,0.639185,0.046582,0.31552,0.228303,0.330239,0.965331,0.146669,0.777422,0.074967;39@0.648747,0.01904,0.270424,0.874445,0.145496,0.763696,0.854237,0.35039,0.216075;88@0.627176,0.373887,0.611501,0.760156,0.8504,0.830041,0.687534;30@0.504392,0.813579,0.335544,0.590074,0.794695,0.592342,0.16783,0.497252,0.561394,0.196236|1|1762487393
I20251108 00:02:58.826649 139717798590272 data_text_parser.cc:116] beg_pos: 5323,end_pos: 7528
I20251108 00:02:58.826661 139717798590272 data_text_parser.cc:59] line: 160|792|1720@998869518:0.754757;1185@1646109686:0.779826;1587@3773409519:0.157197;1048@3212954474:0.658047;1413@2102976933:0.144616;1472@2799402025:0.494188;1861@365157892:0.078037;1430@1639440844:0.566544;1384@3381875177:0.008122;1829@2973079613:0.303374;1635@1367577453:0.767218;1785@3722852557:0.112404;1712@1049193272:0.69285;1116@3614492162:0.058639;1010@1925489013:0.45119;1371@954623761:0.452565;1381@3124954949:0.519146;1736@2983866134:0.514358;1206@369898783:0.268499;1202@976733102:0.457326|67@0.559279,0.27845,0.398035,0.851942,0.868334,0.187292,0.828112,0.199227,0.512171,0.089545,0.292278;56@0.587903,0.184326,0.61625,0.592981,0.97156,0.517356,0.868974,0.720406,0.118584,0.735505,0.36601,0.771243;73@0.115856,0.785636;38@0.658129,0.310961,0.913971,0.579831,0.891609,0.09915,0.543773,0.462425,0.093977,0.182613;1@;14@0.502903,0.214092,0.275353,0.989951,0.897289,0.10259,0.55228,0.391041,0.91291;41@;32@0.664366,0.905025,0.178769,0.96954;70@0.820521,0.394517,0.030022,0.465757;43@0.433628,0.500597,0.31106,0.172014,0.53764,0.543588,0.430704,0.702551,0.341497,0.058946,0.74726;65@0.195406,0.512355,0.375844,0.740727;20@0.199874,0.245907,0.987773,0.639625;40@0.315748,0.159904,0.902427;100@0.415628;37@0.677584,0.947466,0.60357,0.046721,0.173786,0.909112,0.247943,0.01328,0.128172,0.034791,0.683746,0.97468,0.299892;27@0.154827,0.940454,0.192475,0.000155,0.770973,0.835299,0.470858;92@0.382017,0.433837,0.977289,0.888839,0.414837;10@0.847966,0.016849,0.319608,0.430282,0.988329,0.754909,0.942623,0.260591,0.964127,0.794487,0.660635,0.363177;75@0.0249,0.910921,0.275665,0.221921,0.023244,0.119518,0.795665,0.60069,0.090434,0.483057;84@0.471828,0.007159,0.879029,0.013432,0.606076,0.440678,0.909233,0.225026,0.63259,0.911136,0.324227;82@0.101859;47@0.028643,0.809334,0.538458,0.339206,0.953925,0.05594,0.958242,0.323984,0.491692,0.7215,0.548749;9@0.862445,0.533282,0.551385,0.228979,0.163516,0.930906,0.448414,0.304599,0.122016,0.742107,0.241261;39@0.165828,0.745768,0.302873,0.997718,0.423544,0.777567,0.07881,0.131684,0.080381;88@0.366979,0.376187,0.877648,0.398423,0.135995,0.373602,0.133974;30@0.321552,0.240523,0.852238,0.4918,0.060695,0.123624,0.050704,0.804884,0.634964,0.759915|0|1762487393
I20251108 00:02:58.826702 139717798590272 data_text_parser.cc:116] beg_pos: 7529,end_pos: 9744
I20251108 00:02:58.826715 139717798590272 data_text_parser.cc:59] line: 161|507|1720@286616487:0.318179;1185@2214726998:0.908565;1587@3264297140:0.61545;1048@590049815:0.280216;1413@2428966007:0.362645;1472@2311317088:0.794536;1861@267193086:0.925303;1430@2622738821:0.249475;1384@1430437857:0.834545;1829@2775388873:0.363535;1635@1927138718:0.462239;1785@1276136627:0.590312;1712@3817384226:0.453367;1116@2096430730:0.112738;1010@2740629825:0.701462;1371@174643835:0.447546;1381@2886327952:0.096323;1736@1859288867:0.256938;1206@2569348300:0.365042;1202@4207650500:0.426829|67@0.712191,0.387899,0.46322,0.288944,0.460962,0.641851,0.324494,0.278644,0.008093,0.422009,0.225042;56@0.820804,0.452088,0.468721,0.489529,0.993869,0.831828,0.233404,0.155664,0.698114,0.884812,0.622737,0.732063;73@0.095911,0.140877;38@0.258228,0.670154,0.900478,0.451656,0.246033,0.758557,0.337052,0.114632,0.832772,0.759853;1@;14@0.27726,0.586168,0.26127,0.44822,0.39306,0.694312,0.802567,0.66092,0.097935;41@;32@0.499053,0.921596,0.093025,0.134931;70@0.183133,0.085297,0.76906,0.323849;43@0.347756,0.322425,0.177194,0.976755,0.739483,0.765862,0.942287,0.099352,0.190973,0.918642,0.347261;65@0.586518,0.985718,0.73936,0.78776;20@0.939396,0.15917,0.130634,0.467891;40@0.150066,0.473478,0.693632;100@0.389781;37@0.993648,0.781306,0.034543,0.196723,0.373226,0.282706,0.508397,0.799389,0.545403,0.564675,0.469708,0.596599,0.127659;27@0.020015,0.228293,0.117533,0.97236,0.696694,0.411194,0.440769;92@0.441782,0.897579,0.33996,0.496572,0.678852;10@0.380174,0.88943,0.161695,0.895697,0.215251,0.230548,0.947275,0.914322,0.635242,0.638066,0.244909,0.183742;75@0.989778,0.238399,0.672901,0.068393,0.874993,0.689612,0.350821,0.447177,0.725047,0.350688;84@0.23826,0.853842,0.493512,0.519603,0.789657,0.800074,0.59908,0.462509,0.246849,0.627533,0.856857;82@0.827342;47@0.823435,0.224872,0.402807,0.381421,0.461175,0.722708,0.590676,0.060083,0.460621,0.46405,0.716776;9@0.583879,0.727116,0.505173,0.601005,0.096678,0.522205,0.231825,0.602504,0.995077,0.933993,0.313292;39@0.968395,0.896957,0.438645,0.820349,0.066021,0.773161,0.919184,0.739367,0.733529;88@0.055054,0.155436,0.761145,0.889935,0.906494,0.789134,0.290968;30@0.965271,0.418279,0.71072,0.630606,0.242978,0.944696,0.881681,0.726477,0.696016,0.495817|0|1762487393
I20251108 00:02:58.826746 139717798590272 data_text_parser.cc:116] beg_pos: 9745,end_pos: 11951
I20251108 00:02:58.826758 139717798590272 data_text_parser.cc:59] line: 162|989|1720@1899039149:0.577654;1185@1267184656:0.135849;1587@3823749280:0.348878;1048@3054882964:0.141891;1413@2649792299:0.284561;1472@4191583230:0.35885;1861@1229668117:0.618038;1430@3634826022:0.546917;1384@214449334:0.37359;1829@3773658615:0.872406;1635@3037411598:0.929217;1785@231069162:0.698086;1712@1011369280:0.593054;1116@2351727962:0.382254;1010@3999489628:0.103905;1371@1364861298:0.34287;1381@2562862336:0.180905;1736@89069215:0.018132;1206@745536862:0.28112;1202@2681619282:0.241978|67@0.16118,0.055511,0.128607,0.599099,0.665544,0.964603,0.039314,0.965508,0.965375,0.920928,0.981469;56@0.392752,0.219439,0.738655,0.493315,0.768755,0.975289,0.340421,0.176258,0.518998,0.36462,0.526742,0.183533;73@0.772708,0.074062;38@0.149916,0.970962,0.935766,0.251535,0.041834,0.104524,0.130473,0.581839,0.155841,0.040991;1@;14@0.671976,0.112485,0.002175,0.811484,0.871803,0.529451,0.19686,0.890364,0.3913;41@;32@0.111836,0.997288,0.442643,0.003906;70@0.745109,0.004464,0.153479,0.08623;43@0.689667,0.679915,0.576814,0.789131,0.433929,0.768676,0.59507,0.493995,0.694814,0.16428,0.641141;65@0.956305,0.843153,0.596251,0.469299;20@0.807107,0.259395,0.570433,0.556259;40@0.595995,0.187085,0.768376;100@0.184244;37@0.12412,0.360114,0.523627,0.630431,0.314329,0.096293,0.834028,0.168898,0.330906,0.876584,0.474445,0.367053,0.222896;27@0.934709,0.216773,0.813931,0.538778,0.38078,0.353914,0.594086;92@0.001292,0.645193,0.865721,0.430018,0.828068;10@0.849772,0.815956,0.229311,0.27448,0.596166,0.393092,0.94942,0.538109,0.028245,0.396673,0.632572,0.312797;75@0.124475,0.568445,0.906656,0.851594,0.835069,0.153196,0.506857,0.565509,0.374092,0.251658;84@0.396806,0.916867,0.818002,0.701913,0.834538,0.923263,0.074357,0.761572,0.34899,0.495074,0.789242;82@0.373935;47@0.27138,0.3706,0.627965,0.061327,0.036564,0.244438,0.219902,0.109899,0.648172,0.1267,0.088064;9@0.7851,0.231883,0.195317,0.068126,0.184637,0.089396,0.750305,0.463172,0.954432,0.731653,0.759239;39@0.644442,0.820852,0.196478,0.659539,0.67275,0.055718,0.209094,0.203774,0.194193;88@0.615503,0.84108,0.121459,0.408308,0.435034,0.726381,0.802591;30@0.922147,0.587915,0.865785,0.821322,0.971002,0.547702,0.143436,0.492966,0.128466,0.680931|1|1762487393
I20251108 00:02:58.826800 139717798590272 data_text_parser.cc:116] beg_pos: 11952,end_pos: 14161
I20251108 00:02:58.826813 139717798590272 data_text_parser.cc:59] line: 163|875|1720@1248041632:0.729912;1185@2669404444:0.226309;1587@4065900145:0.855925;1048@531215680:0.033906;1413@889630363:0.44454;1472@3034723936:0.308647;1861@2272895234:0.974848;1430@1091816933:0.345285;1384@3049698912:0.423595;1829@3666070326:0.778318;1635@260343835:0.029153;1785@966579069:0.739849;1712@794956833:0.267745;1116@3253286946:0.443713;1010@1731796881:0.109817;1371@4014547300:0.175572;1381@2827013463:0.670966;1736@904219804:0.993395;1206@1482918530:0.990848;1202@3635584540:0.248256|67@0.020697,0.003598,0.049037,0.161798,0.726533,0.331956,0.162602,0.497032,0.037483,0.639548,0.35052;56@0.000434,0.295773,0.973458,0.76264,0.980225,0.297009,0.918645,0.919828,0.295346,0.764145,0.045034,0.810935;73@0.388838,0.510145;38@0.974086,0.072892,0.696033,0.2426,0.066059,0.815284,0.222881,0.281295,0.658834,0.7839;1@;14@0.3109,0.161944,0.082414,0.148564,0.989973,0.056031,0.15359,0.788365,0.512466;41@;32@0.853478,0.393885,0.751983,0.976294;70@0.700027,0.331125,0.145076,0.06282;43@0.494309,0.874725,0.210449,0.458048,0.580804,0.331216,0.773029,0.762524,0.141627,0.787448,0.595014;65@0.415792,0.091063,0.962451,0.868818;20@0.183033,0.529587,0.297993,0.779371;40@0.055969,0.593083,0.242067;100@0.608152;37@0.169458,0.982402,0.443875,0.603746,0.932215,0.094183,0.95202,0.671395,0.675555,0.403386,0.132741,0.998886,0.395291;27@0.203256,0.505318,0.805033,0.466067,0.41582,0.880622,0.287482;92@0.317286,0.998837,0.372644,0.503728,0.209777;10@0.039671,0.86354,0.862328,0.892269,0.52519,0.364219,0.442635,0.587307,0.085514,0.227427,0.736635,0.897136;75@0.317506,0.960228,0.963386,0.324461,0.565478,0.963374,0.094354,0.770962,0.010528,0.948584;84@0.474598,0.093861,0.918728,0.529293,0.713632,0.709741,0.602584,0.752083,0.495154,0.933445,0.123474;82@0.519965;47@0.203032,0.59874,0.075463,0.903822,0.661874,0.581536,0.181938,0.391945,0.612237,0.542888,0.348463;9@0.483451,0.309798,0.227515,0.963035,0.918194,0.974794,0.648919,0.476594,0.577351,0.909815,0.25151;39@0.042307,0.985139,0.395023,0.58521,0.78582,0.907771,0.5042,0.318535,0.076127;88@0.023703,0.389191,0.355538,0.660597,0.817349,0.265773,0.240762;30@0.125579,0.552395,0.25044,0.938435,0.061576,0.813814,0.737652,0.606285,0.506393,0.791933|1|1762487393
I20251108 00:02:58.826853 139717798590272 data_text_parser.cc:116] beg_pos: 14162,end_pos: 16380
I20251108 00:02:58.826866 139717798590272 data_text_parser.cc:59] line: 164|696|1720@2528659277:0.257117;1185@3218849565:0.51838;1587@4101925828:0.48859;1048@2211894941:0.105021;1413@1179489375:0.252073;1472@2821135893:0.418613;1861@976073144:0.055995;1430@2459048667:0.582585;1384@3904498977:0.95314;1829@3694123431:0.601246;1635@1821112444:0.270649;1785@2264063208:0.693908;1712@4093747531:0.881633;1116@1768011219:0.320436;1010@3453984443:0.588199;1371@3864068651:0.717484;1381@2100840490:0.00727;1736@980513043:0.669528;1206@1712636291:0.449839;1202@3787978476:0.498172|67@0.957042,0.420292,0.293893,0.586045,0.466134,0.548572,0.26983,0.347445,0.717742,0.220761,0.983089;56@0.337683,0.307753,0.875642,0.979528,0.698002,0.455864,0.551294,0.855066,0.277583,0.012981,0.050483,0.846527;73@0.505309,0.453494;38@0.606531,0.407037,0.653271,0.045773,0.081512,0.787006,0.872741,0.964165,0.663806,0.242815;1@;14@0.781249,0.963551,0.626089,0.411316,0.895306,0.854021,0.517328,0.427111,0.426469;41@;32@0.527547,0.402997,0.854248,0.743156;70@0.362118,0.8025,0.664241,0.200456;43@0.872031,0.528672,0.69015,0.635072,0.68766,0.853762,0.81381,0.148937,0.718622,0.449172,0.323606;65@0.860425,0.097304,0.707747,0.990105;20@0.454273,0.255314,0.081661,0.350683;40@0.592906,0.050959,0.033081;100@0.773665;37@0.505812,0.639866,0.182986,0.592004,0.505918,0.821521,0.325738,0.560004,0.673616,0.791926,0.230076,0.4757,0.551195;27@0.179363,0.090306,0.384749,0.493055,0.35269,0.156296,0.357027;92@0.198388,0.660074,0.568707,0.928718,0.233071;10@0.102768,0.382133,0.25919,0.801609,0.744584,0.249248,0.03653,0.447379,0.743249,0.985526,0.770634,0.055823;75@0.285632,0.007187,0.912147,0.153518,0.737603,0.011909,0.788913,0.273884,0.020331,0.047969;84@0.562585,0.011288,0.533007,0.369223,0.786504,0.213349,0.291145,0.272296,0.86277,0.186435,0.820443;82@0.182639;47@0.303836,0.579412,0.463147,0.890101,0.717783,0.832613,0.683375,0.532891,0.392488,0.824361,0.031599;9@0.480044,0.929456,0.812693,0.00899,0.889829,0.943878,0.552123,0.871505,0.323578,0.448355,0.055871;39@0.400091,0.966491,0.570795,0.759084,0.085073,0.610193,0.609935,0.952517,0.933088;88@0.365502,0.652773,0.963434,0.110303,0.090772,0.884012,0.621338;30@0.226753,0.849602,0.280685,0.538229,0.728661,0.252804,0.609334,0.600804,0.933153,0.224456|0|1762487393
I20251108 00:02:58.826897 139717798590272 data_text_parser.cc:116] beg_pos: 16381,end_pos: 18589
I20251108 00:02:58.826908 139717798590272 data_text_parser.cc:59] line: 165|218|1720@2097998275:0.439491;1185@1548778732:0.876776;1587@3403803673:0.359761;1048@1050409069:0.333571;1413@2778593409:0.934077;1472@1682121139:0.664681;1861@3157905244:0.904397;1430@3354872327:0.232649;1384@2363606874:0.865879;1829@290918730:0.871417;1635@3137158931:0.253358;1785@2586016072:0.590965;1712@1915529703:0.377995;1116@53565150:0.534581;1010@1500671326:0.019301;1371@56934665:0.78822;1381@2385627986:0.648824;1736@333331556:0.324186;1206@464481434:0.797106;1202@3111915116:0.963012|67@0.154664,0.936171,0.232505,0.585905,0.773236,0.439227,0.347008,0.789584,0.749707,0.123752,0.420965;56@0.861103,0.262799,0.00937,0.129628,0.964314,0.084501,0.545972,0.019558,0.954974,0.860555,0.822206,0.050278;73@0.868816,0.325448;38@0.70503,0.858823,0.375567,0.089611,0.034116,0.800319,0.019512,0.304347,0.820159,0.159602;1@;14@0.481675,0.382075,0.029076,0.219521,0.865389,0.775592,0.140012,0.878419,0.342817;41@;32@0.895734,0.546999,0.976662,0.084137;70@0.653258,0.961291,0.199468,0.634245;43@0.367314,0.560086,0.774372,0.013986,0.719369,0.739817,0.099342,0.745198,0.476534,0.316853,0.885169;65@0.92217,0.437383,0.531543,0.961738;20@0.896425,0.377592,0.752355,0.31493;40@0.066664,0.698681,0.591531;100@0.942314;37@0.64483,0.418886,0.491139,0.272714,0.946386,0.176397,0.768924,0.385891,0.006642,0.343307,0.39553,0.238265,0.536499;27@0.800475,0.077452,0.122524,0.809036,0.474799,0.111532,0.545004;92@0.612991,0.781805,0.808666,0.278254,0.763944;10@0.087739,0.789978,0.482165,0.093845,0.472703,0.043863,0.67661,0.161312,0.46211,0.38172,0.14815,0.088291;75@0.098301,0.332503,0.964138,0.049223,0.128619,0.329095,0.738961,0.88588,0.477866,0.904843;84@0.651853,0.539827,0.996696,0.515328,0.572843,0.840166,0.381186,0.097805,0.318164,0.526164,0.847985;82@0.245826;47@0.678518,0.747919,0.677317,0.344208,0.84878,0.045068,0.755635,0.752695,0.413356,0.033414,0.06637;9@0.615834,0.851738,0.824293,0.151991,0.998914,0.896911,0.099721,0.775946,0.395035,0.936771,0.013885;39@0.076707,0.56519,0.181898,0.514636,0.22569,0.354134,0.500509,0.674806,0.347367;88@0.423839,0.6331,0.803527,0.1209,0.129939,0.792299,0.596636;30@0.82196,0.591086,0.71569,0.121347,0.240501,0.815781,0.036973,0.481183,0.207657,0.986295|1|1762487393
I20251108 00:02:58.826947 139717798590272 data_text_parser.cc:116] beg_pos: 18590,end_pos: 20480
I20251108 00:02:58.827198 139717798590272 data_text_parser.cc:101] get chunk buffer, size: 20480
I20251108 00:02:58.827212 139717798590272 data_text_parser.cc:116] beg_pos: 0,end_pos: 324
I20251108 00:02:58.827220 139717798590272 data_text_parser.cc:61] buffer line: 166|231|1720@2280585108:0.161757;1185@589206471:0.047441;1587@3438447978:0.152287;1048@334516809:0.914567;1413@3629472244:0.916576;1472@1827619006:0.82705;1861@1534448487:0.66755;1430@3592553649:0.780382;1384@3936967341:0.778473;1829@2914214136:0.378747;1635@1653796167:0.398362;1785@1388665588:0.103388;1712@161552347:0.341395;1116@3603980203:0.892617;1010@3348825568:0.262827;1371@4158294154:0.827992;1381@392041706:0.988449;1736@2983946067:0.039401;1206@1894315770:0.370825;1202@830474005:0.661064|67@0.310711,0.258696,0.219897,0.23493,0.679577,0.856377,0.81746,0.649454,0.667623,0.727979,0.707581;56@0.434845,0.766973,0.614188,0.59302,0.300662,0.308908,0.806258,0.318709,0.981598,0.469187,0.565182,0.956537;73@0.622022,0.744176;38@0.290876,0.828007,0.550649,0.514478,0.142019,0.675475,0.169583,0.049845,0.122223,0.976532;1@;14@0.651636,0.143163,0.857353,0.766627,0.400663,0.476122,0.088118,0.762622,0.458414;41@;32@0.981138,0.204292,0.598749,0.462212;70@0.224908,0.143246,0.547187,0.081528;43@0.490953,0.829652,0.437675,0.74734,0.083108,0.593669,0.681397,0.724379,0.860554,0.485157,0.066831;65@0.491533,0.32287,0.298418,0.381473;20@0.045849,0.970064,0.144219,0.38983;40@0.945612,0.551741,0.086214;100@0.463591;37@0.157347,0.164858,0.07119,0.527451,0.594968,0.359087,0.032836,0.04192,0.101302,0.985237,0.760915,0.140345,0.969413;27@0.716371,0.916955,0.182612,0.387196,0.781317,0.829642,0.637477;92@0.541079,0.004918,0.190248,0.848906,0.649298;10@0.265609,0.813307,0.247176,0.080989,0.545848,0.127515,0.455499,0.413168,0.440006,0.526744,0.228845,0.253619;75@0.404273,0.532416,0.189619,0.942666,0.966825,0.900148,0.364124,0.828484,0.9753,0.985538;84@0.394341,0.977576,0.303948,0.271538,0.096371,0.21995,0.29722,0.425265,0.439867,0.959238,0.753147;82@0.972902;47@0.447069,0.750393,0.580739,0.005976,0.125315,0.424516,0.430091,0.432133,0.899656,0.929479,0.944924;9@0.25462,0.264173,0.054345,0.083423,0.79645,0.54087,0.065746,0.912412,0.588085,0.230356,0.213529;39@0.247306,0.41601,0.931298,0.110415,0.547233,0.086351,0.772555,0.291949,0.046471;88@0.878377,0.645319,0.006164,0.530838,0.762286,0.706613,0.300319;30@0.729626,0.955918,0.878027,0.826614,0.149231,0.323825,0.947862,0.934696,0.008963,0.601797|1|1762487393
I20251108 00:02:58.827251 139717798590272 data_text_parser.cc:116] beg_pos: 325,end_pos: 2537
I20251108 00:02:58.827263 139717798590272 data_text_parser.cc:59] line: 167|365|1720@2937775397:0.367793;1185@1449614889:0.630779;1587@3416785927:0.319896;1048@3702587278:0.573127;1413@2092233767:0.143583;1472@3368223238:0.089441;1861@3500814852:0.180439;1430@4207365738:0.153394;1384@858679956:0.047911;1829@1385211104:0.776698;1635@1424719496:0.614828;1785@331491703:0.837831;1712@827133060:0.879831;1116@4035509363:0.13705;1010@1517579936:0.709316;1371@2589239154:0.640591;1381@905650362:0.998858;1736@3461491177:0.320204;1206@2991337727:0.935371;1202@3415635592:0.580602|67@0.656127,0.467615,0.302501,0.273376,0.117331,0.813817,0.861599,0.321691,0.719638,0.082719,0.994617;56@0.118398,0.012604,0.028109,0.628469,0.969957,0.359595,0.891184,0.162554,0.008597,0.691287,0.385661,0.882943;73@0.218556,0.51737;38@0.824309,0.680849,0.794292,0.592221,0.974713,0.288929,0.810635,0.067006,0.998774,0.957881;1@;14@0.271961,0.673496,0.184887,0.771144,0.826207,0.747196,0.392812,0.453837,0.104359;41@;32@0.394219,0.173417,0.23147,0.297696;70@0.674344,0.064532,0.620449,0.369528;43@0.199374,0.349963,0.373074,0.034528,0.942071,0.949902,0.819355,0.265109,0.245281,0.730911,0.585013;65@0.242466,0.089895,0.636437,0.3576;20@0.252915,0.701048,0.281111,0.197795;40@0.137275,0.551203,0.181114;100@0.322827;37@0.194815,0.55168,0.949651,0.408849,0.023501,0.59882,0.328352,0.822637,0.914965,0.429363,0.528691,0.606549,0.849102;27@0.257464,0.238665,0.245547,0.805563,0.564152,0.478505,0.570726;92@0.097107,0.182305,0.440436,0.170065,0.259848;10@0.141008,0.860845,0.468749,0.346742,0.828375,0.705439,0.935336,0.63354,0.771815,0.711577,0.288294,0.362587;75@0.675952,0.979361,0.48699,0.173412,0.210584,0.062446,0.086669,0.438581,0.756127,0.78708;84@0.078419,0.012887,0.592907,0.689545,0.752416,0.122422,0.753488,0.359046,0.615199,0.280802,0.15646;82@0.74234;47@0.35101,0.794604,0.665185,0.37306,0.077374,0.958945,0.919629,0.016585,0.608971,0.062874,0.122777;9@0.847087,0.131233,0.000292,0.78119,0.269061,0.244697,0.675882,0.034869,0.48376,0.758763,0.820095;39@0.94789,0.662144,0.8299,0.031865,0.244215,0.01093,0.976787,0.524172,0.799031;88@0.157652,0.720711,0.010896,0.822293,0.071328,0.219074,0.181166;30@0.083223,0.35171,0.193366,0.843392,0.279914,0.386422,0.809676,0.001164,0.061874,0.513701|0|1762487393
I20251108 00:02:58.827304 139717798590272 data_text_parser.cc:116] beg_pos: 2538,end_pos: 4751
I20251108 00:02:58.827317 139717798590272 data_text_parser.cc:59] line: 168|1|1720@3937748880:0.319908;1185@1096132357:0.526773;1587@573543391:0.179432;1048@922125858:0.646357;1413@3106416132:0.99303;1472@664372699:0.87696;1861@367798337:0.263095;1430@3803615164:0.626453;1384@2057983274:0.319026;1829@3333959872:0.333567;1635@883950721:0.795717;1785@3435909337:0.035511;1712@2430558738:0.275313;1116@62060088:0.616964;1010@1091214873:0.754035;1371@346674777:0.117772;1381@3502989535:0.148717;1736@4089783704:0.767327;1206@2708858734:0.341691;1202@3406204117:0.536023|67@0.75365,0.391425,0.914538,0.039183,0.046927,0.005514,0.116305,0.861044,0.213053,0.626643,0.743653;56@0.686174,0.43659,0.019111,0.329299,0.991073,0.669684,0.402195,0.600773,0.887139,0.984654,0.719028,0.488261;73@0.940192,0.358478;38@0.022267,0.456928,0.046873,0.058428,0.518345,0.763612,0.600074,0.223969,0.727454,0.868969;1@;14@0.907784,0.861963,0.488577,0.958362,0.698801,0.318892,0.181407,0.255792,0.270321;41@;32@0.9023,0.802084,0.593597,0.095425;70@0.097245,0.133534,0.369283,0.306553;43@0.553852,0.406474,0.076127,0.887236,0.605844,0.763433,0.243181,0.031991,0.665028,0.612358,0.985483;65@0.827103,0.064679,0.084345,0.856385;20@0.485393,0.055223,0.313612,0.653873;40@0.900092,0.67078,0.575036;100@0.263303;37@0.130438,0.622564,0.552049,0.922537,0.602016,0.180042,0.540615,0.710863,0.708747,0.800921,0.242561,0.310627,0.639134;27@0.323225,0.531185,0.204478,0.133268,0.085464,0.024213,0.668672;92@0.071124,0.991721,0.457341,0.124668,0.109808;10@0.089809,0.813894,0.819029,0.100502,0.374281,0.513497,0.031712,0.292135,0.733759,0.93888,0.558009,0.373513;75@0.5412,0.255223,0.776628,0.222861,0.514701,0.622857,0.462969,0.671685,0.582189,0.649986;84@0.961685,0.822192,0.960827,0.526371,0.731652,0.208381,0.383487,0.262561,0.078749,0.588303,0.399643;82@0.048314;47@0.806621,0.560281,0.367069,0.035272,0.367473,0.634507,0.918529,0.163187,0.813013,0.450383,0.358979;9@0.747717,0.338623,0.208219,0.038145,0.962972,0.731208,0.039912,0.549789,0.075381,0.460195,0.589857;39@0.554759,0.051664,0.862747,0.159961,0.441782,0.873223,0.450295,0.330945,0.87064;88@0.930951,0.669413,0.604759,0.385623,0.852676,0.303332,0.565732;30@0.696314,0.428952,0.31494,0.299457,0.23438,0.133164,0.665225,0.22713,0.497879,0.366376|0|1762487393
I20251108 00:02:58.827353 139717798590272 data_text_parser.cc:116] beg_pos: 4752,end_pos: 6970
I20251108 00:02:58.827365 139717798590272 data_text_parser.cc:59] line: 169|902|1720@3825278640:0.834289;1185@279412631:0.912342;1587@1923096702:0.917848;1048@1009908525:0.555379;1413@1164764944:0.793256;1472@3415588062:0.92436;1861@1188352631:0.98411;1430@30640881:0.134053;1384@4257262344:0.683626;1829@3339167656:0.375969;1635@1018085715:0.602761;1785@518144919:0.416203;1712@3219514854:0.978722;1116@1513444571:0.833164;1010@244062796:0.534385;1371@1591412489:0.069265;1381@2640049247:0.763143;1736@2214726998:0.089849;1206@2669189345:0.927423;1202@4071021462:0.34194|67@0.924975,0.210233,0.308857,0.23343,0.919626,0.195403,0.976849,0.345563,0.07029,0.363421,0.963744;56@0.567589,0.588271,0.008087,0.210841,0.301556,0.417863,0.219775,0.924297,0.198491,0.377291,0.040905,0.212698;73@0.456055,0.728443;38@0.376506,0.523414,0.982045,0.926551,0.842413,0.115981,0.849021,0.290578,0.122083,0.513691;1@;14@0.240303,0.473637,0.557033,0.906442,0.381126,0.665558,0.056638,0.77094,0.271412;41@;32@0.632209,0.119939,0.495121,0.717061;70@0.716975,0.902467,0.192803,0.994602;43@0.978888,0.335553,0.27941,0.694993,0.424377,0.925478,0.813633,0.184302,0.005723,0.681185,0.989991;65@0.662575,0.479239,0.560297,0.723441;20@0.909183,0.871352,0.464006,0.52943;40@0.940866,0.931304,0.313485;100@0.091889;37@0.196857,0.292928,0.950448,0.532272,0.299702,0.65808,0.175437,0.047407,0.931648,0.821526,0.21088,0.355282,0.255417;27@0.091056,0.295045,0.132415,0.468639,0.139195,0.229725,0.595737;92@0.742836,0.548041,0.451814,0.580642,0.780076;10@0.378921,0.418855,0.257977,0.539471,0.19107,0.395615,0.20145,0.579694,0.669081,0.131214,0.464351,0.577588;75@0.294967,0.148617,0.375231,0.324634,0.080033,0.740348,0.630512,0.712542,0.083618,0.411172;84@0.300522,0.892667,0.80896,0.963062,0.956431,0.708085,0.472026,0.950538,0.071767,0.800474,0.197695;82@0.715495;47@0.830469,0.045901,0.022794,0.370716,0.051687,0.338053,0.924619,0.794994,0.437028,0.003397,0.888912;9@0.556627,0.038053,0.387347,0.211968,0.186479,0.805412,0.028639,0.416435,0.244453,0.046983,0.674759;39@0.367233,0.94069,0.276732,0.625221,0.005264,0.923888,0.563092,0.469496,0.743332;88@0.574639,0.226813,0.641325,0.258839,0.558992,0.447686,0.194467;30@0.127318,0.808804,0.933638,0.119576,0.601419,0.988776,0.395745,0.351428,0.253403,0.594955|1|1762487393
I20251108 00:02:58.827402 139717798590272 data_text_parser.cc:116] beg_pos: 6971,end_pos: 9177
I20251108 00:02:58.827415 139717798590272 data_text_parser.cc:59] line: 170|584|1720@1753024495:0.162088;1185@2726029513:0.790862;1587@4262633349:0.161081;1048@2660682865:0.149586;1413@1059626656:0.022326;1472@3001407443:0.625398;1861@1537610209:0.287792;1430@1164955050:0.952528;1384@3392631216:0.004553;1829@4058484307:0.184319;1635@4242209456:0.2936;1785@2855851987:0.123732;1712@1116200291:0.840939;1116@3083452023:0.975114;1010@2281227683:0.26189;1371@2674915347:0.620809;1381@1464977165:0.258887;1736@414947958:0.600996;1206@1624009053:0.995573;1202@616238271:0.739272|67@0.018756,0.95172,0.923083,0.963064,0.5149,0.568006,0.947348,0.800445,0.551862,0.42271,0.88017;56@0.499227,0.781455,0.620695,0.742947,0.915597,0.627949,0.83048,0.650169,0.817091,0.69019,0.44817,0.296472;73@0.450769,0.086909;38@0.342015,0.374815,0.996577,0.237666,0.120743,0.56555,0.630492,0.136366,0.348313,0.517045;1@;14@0.678377,0.06604,0.467959,0.269028,0.50252,0.58485,0.504135,0.580836,0.734278;41@;32@0.61784,0.30931,0.822693,0.753058;70@0.61924,0.930252,0.813989,0.285694;43@0.981907,0.540343,0.747341,0.041731,0.334136,0.663902,0.502669,0.080668,0.600261,0.343515,0.347485;65@0.760988,0.29814,0.35581,0.564765;20@0.254595,0.143629,0.170663,0.717991;40@0.591426,0.547434,0.697187;100@0.240868;37@0.142919,0.746925,0.605685,0.098787,0.520287,0.376427,0.547052,0.428767,0.374342,0.634363,0.846069,0.688918,0.525201;27@0.814269,0.955226,0.226576,0.342685,0.943617,0.814087,0.71805;92@0.082357,0.923077,0.87189,0.442688,0.492768;10@0.367254,0.413906,0.867034,0.504049,0.508234,0.494324,0.819363,0.724463,0.598854,0.746629,0.40997,0.363122;75@0.923779,0.702893,0.277232,0.769483,0.937163,0.562978,0.950974,0.534148,0.069385,0.029757;84@0.964568,0.085267,0.991842,0.700338,0.736404,0.629538,0.453936,0.786343,0.008751,0.389107,0.941523;82@0.186529;47@0.368217,0.403729,0.594532,0.67846,0.976717,0.827076,0.722086,0.690903,0.969133,0.271812,0.201466;9@0.202605,0.53812,0.986493,0.687468,0.875268,0.201924,0.481862,0.701548,0.491404,0.30628,0.361442;39@0.458991,0.862718,0.431057,0.021467,0.500417,0.714538,0.316905,0.623659,0.637226;88@0.12256,0.009423,0.684453,0.77701,0.527176,0.470882,0.062934;30@0.889775,0.780047,0.102611,0.81439,0.709734,0.277581,0.794179,0.799906,0.114473,0.118298|0|1762487393
I20251108 00:02:58.827456 139717798590272 data_text_parser.cc:116] beg_pos: 9178,end_pos: 11389
I20251108 00:02:58.827468 139717798590272 data_text_parser.cc:59] line: 171|83|1720@4121188827:0.830498;1185@4028619786:0.320276;1587@4037774907:0.713536;1048@1802058776:0.386267;1413@978404542:0.159328;1472@2812589869:0.681291;1861@86340175:0.515014;1430@3696271260:0.90771;1384@1972571591:0.329531;1829@3746976159:0.234755;1635@3458954073:0.483804;1785@2119812958:0.545601;1712@526960903:0.296578;1116@2898331582:0.043365;1010@3454444639:0.298882;1371@2083493717:0.42172;1381@4248321259:0.12007;1736@2395268221:0.120003;1206@408991260:0.345777;1202@2264590835:0.142449|67@0.814362,0.385367,0.190669,0.757625,0.465691,0.585275,0.965765,0.562464,0.093203,0.881221,0.099054;56@0.850531,0.434405,0.699837,0.546223,0.103255,0.956335,0.606706,0.867154,0.519528,0.185401,0.948302,0.846478;73@0.449558,0.614427;38@0.171787,0.811591,0.228381,0.75825,0.731625,0.151927,0.879735,0.387575,0.650593,0.822209;1@;14@0.924464,0.727692,0.587895,0.553286,0.799489,0.763114,0.416263,0.669537,0.289719;41@;32@0.436321,0.982821,0.913643,0.21814;70@0.222091,0.00475,0.983681,0.16467;43@0.338475,0.176272,0.179565,0.710599,0.410671,0.373282,0.493552,0.599785,0.513277,0.922634,0.951827;65@0.963736,0.549639,0.495734,0.869556;20@0.029577,0.467601,0.196341,0.592728;40@0.663005,0.815128,0.319411;100@0.517203;37@0.155138,0.457072,0.344906,0.720909,0.127487,0.655719,0.577202,0.280065,0.639763,0.261084,0.726632,0.152921,0.534203;27@0.412342,0.726029,0.846219,0.908635,0.348224,0.331761,0.159585;92@0.277044,0.832659,0.997894,0.599388,0.763691;10@0.565893,0.129995,0.375289,0.753885,0.437392,0.023509,0.23744,0.867716,0.933437,0.172627,0.717503,0.108426;75@0.961343,0.542317,0.22701,0.072206,0.640966,0.390708,0.194317,0.161612,0.495255,0.765324;84@0.341324,0.395399,0.61358,0.79031,0.118084,0.46944,0.810728,0.045606,0.194232,0.889193,0.9565;82@0.417643;47@0.10035,0.472217,0.267235,0.295357,0.894534,0.934283,0.252008,0.136344,0.266745,0.468044,0.906211;9@0.597736,0.065925,0.327021,0.717066,0.670211,0.37134,0.649119,0.018088,0.559995,0.899287,0.539987;39@0.912254,0.070715,0.150127,0.781159,0.630036,0.279074,0.534327,0.869919,0.14779;88@0.20054,0.018321,0.30128,0.53719,0.095094,0.391986,0.952928;30@0.137692,0.899154,0.071957,0.892329,0.736611,0.695105,0.692573,0.838279,0.230267,0.487543|0|1762487393
I20251108 00:02:58.827499 139717798590272 data_text_parser.cc:116] beg_pos: 11390,end_pos: 13592
I20251108 00:02:58.827511 139717798590272 data_text_parser.cc:59] line: 172|170|1720@3068453175:0.288853;1185@1642215497:0.358537;1587@1406318037:0.56051;1048@4237006980:0.665928;1413@1441843729:0.792335;1472@2963323718:0.748569;1861@311208663:0.423847;1430@4127615685:0.386687;1384@4084362672:0.970897;1829@320550786:0.929748;1635@4008942526:0.17157;1785@3779413207:0.818794;1712@2951519484:0.513361;1116@3061055941:0.047759;1010@2103584607:0.847633;1371@1626645751:0.419939;1381@4136688200:0.444216;1736@397407721:0.602551;1206@4150280404:0.129427;1202@2097998275:0.695956|67@0.990699,0.520626,0.95735,0.216616,0.985682,0.53162,0.845389,0.383613,0.821327,0.583103,0.729282;56@0.145425,0.639928,0.197393,0.884682,0.813687,0.785423,0.051047,0.505379,0.442683,0.344404,0.974013,0.550001;73@0.033758,0.326414;38@0.795448,0.291289,0.48369,0.849359,0.162281,0.0069,0.303224,0.523165,0.364874,0.395935;1@;14@0.788224,0.202002,0.036796,0.883589,0.169782,0.322631,0.881246,0.321563,0.805252;41@;32@0.287751,0.459884,0.864021,0.931324;70@0.8918,0.417944,0.535323,0.617692;43@0.228354,0.573746,0.18024,0.713211,0.628115,0.54702,0.980872,0.418206,0.933911,0.326111,0.472655;65@0.186329,0.372194,0.868392,0.786295;20@0.88314,0.707053,0.107714,0.067664;40@0.504286,0.613636,0.260944;100@0.564941;37@0.406121,0.478942,0.388509,0.216274,0.857528,0.07691,0.088615,0.380475,0.317522,0.708244,0.224035,0.292484,0.777494;27@0.995625,0.466137,0.273218,0.642151,0.134367,0.127478,0.208428;92@0.97817,0.47848,0.325631,0.225557,0.332988;10@0.171173,0.082108,0.936215,0.638615,0.284548,0.520196,0.257867,0.111072,0.038262,0.27172,0.572788,0.982665;75@0.562896,0.7122,0.469669,0.86858,0.933791,0.16682,0.282924,0.69027,0.025133,0.851304;84@0.190637,0.407423,0.028157,0.687963,0.4405,0.971366,0.173043,0.876914,0.03262,0.108725,0.692026;82@0.091775;47@0.033563,0.789961,0.915459,0.71694,0.641527,0.540135,0.329913,0.940637,0.125321,0.257682,0.62983;9@0.77334,0.51009,0.466628,0.758497,0.256207,0.286122,0.285474,0.226537,0.174151,0.464706,0.443144;39@0.489294,0.411966,0.058951,0.00031,0.933052,0.502868,0.155338,0.519071,0.995224;88@0.531187,0.706055,0.240318,0.447796,0.614233,0.662025,0.606889;30@0.106463,0.273987,0.971999,0.406066,0.131551,0.906927,0.268424,0.968,0.458491,0.818414|1|1762487393
I20251108 00:02:58.827552 139717798590272 data_text_parser.cc:116] beg_pos: 13593,end_pos: 15797
I20251108 00:02:58.827564 139717798590272 data_text_parser.cc:59] line: 173|727|1720@1337942533:0.117619;1185@513235931:0.317157;1587@2989076961:0.997683;1048@213256817:0.001695;1413@3118377114:0.045548;1472@114581106:0.320421;1861@1907792748:0.292985;1430@3871432195:0.308874;1384@999771323:0.9364;1829@403066621:0.657601;1635@524248150:0.965433;1785@805047898:0.863877;1712@1184907625:0.603019;1116@30319099:0.332053;1010@2524711731:0.875789;1371@2434648602:0.347918;1381@638583372:0.679759;1736@3046470824:0.966399;1206@2609342452:0.313565;1202@3288279174:0.595308|67@0.256228,0.597128,0.127222,0.061999,0.870246,0.793058,0.631097,0.159431,0.703836,0.166315,0.916611;56@0.089869,0.429493,0.124738,0.429344,0.237906,0.614722,0.579776,0.544772,0.644843,0.071059,0.500782,0.620074;73@0.929843,0.573416;38@0.740988,0.350812,0.140529,0.213619,0.843806,0.285357,0.139754,0.216234,0.358855,0.031969;1@;14@0.259904,0.110164,0.609274,0.002926,0.339788,0.293784,0.110119,0.537964,0.179237;41@;32@0.476112,0.691174,0.124207,0.924388;70@0.131982,0.406408,0.536399,0.845259;43@0.925292,0.595003,0.334362,0.50625,0.876419,0.715232,0.331193,0.415818,0.815354,0.973245,0.792932;65@0.497514,0.518287,0.739359,0.076588;20@0.768017,0.865366,0.821496,0.704323;40@0.334516,0.858445,0.538005;100@0.538306;37@0.278267,0.365913,0.135228,0.866457,0.273895,0.875179,0.43067,0.407535,0.983261,0.553093,0.94121,0.340318,0.568842;27@0.177311,0.53078,0.137966,0.391981,0.403227,0.536946,0.977593;92@0.91262,0.269009,0.684032,0.265111,0.757085;10@0.981743,0.738546,0.936604,0.638954,0.020562,0.979862,0.304448,0.887118,0.684635,0.129337,0.414943,0.078994;75@0.137209,0.511681,0.518104,0.576176,0.301353,0.736051,0.040489,0.835649,0.577488,0.897694;84@0.952996,0.269795,0.251386,0.410389,0.115466,0.032953,0.83586,0.505999,0.134,0.451513,0.979635;82@0.704581;47@0.008157,0.412774,0.141796,0.852496,0.346309,0.783595,0.508694,0.395164,0.865957,0.134481,0.7246;9@0.357957,0.374714,0.757747,0.28573,0.221304,0.568389,0.192197,0.015962,0.034498,0.526864,0.529254;39@0.502034,0.22304,0.87648,0.07952,0.568409,0.493278,0.237067,0.976758,0.230982;88@0.606193,0.594173,0.52441,0.624071,0.274516,0.224012,0.206;30@0.500339,0.775866,0.77914,0.237952,0.578349,0.721402,0.996503,0.46768,0.778647,0.064939|0|1762487393
I20251108 00:02:58.827595 139717798590272 data_text_parser.cc:116] beg_pos: 15798,end_pos: 18009
I20251108 00:02:58.827607 139717798590272 data_text_parser.cc:59] line: 174|163|1720@3583713432:0.764169;1185@3120959419:0.033034;1587@1689866421:0.539151;1048@3957958353:0.095841;1413@1003000379:0.111078;1472@3212726968:0.562141;1861@1255203584:0.402387;1430@375645101:0.728042;1384@1904938659:0.017438;1829@3759963558:0.601284;1635@108845860:0.644638;1785@3362952646:0.293474;1712@4007794354:0.164492;1116@702464747:0.596119;1010@1917161777:0.182943;1371@2087326504:0.905684;1381@3166650860:0.552978;1736@1819753940:0.562239;1206@2340757853:0.215712;1202@1174339063:0.240513|67@0.380597,0.693762,0.391592,0.832012,0.157852,0.68518,0.455075,0.910379,0.1965,0.344792,0.541628;56@0.594268,0.684341,0.787188,0.843757,0.997462,0.237798,0.670854,0.773092,0.462351,0.538992,0.005436,0.942418;73@0.435183,0.988849;38@0.475796,0.312012,0.030494,0.37678,0.886671,0.34914,0.691555,0.35444,0.086302,0.502377;1@;14@0.721916,0.064375,0.178844,0.475708,0.969408,0.276522,0.004944,0.884849,0.268987;41@;32@0.311697,0.136932,0.939903,0.023922;70@0.609664,0.096882,0.621061,0.762863;43@0.558094,0.933097,0.200948,0.188424,0.277664,0.441804,0.141662,0.714892,0.771721,0.825371,0.501811;65@0.10284,0.83209,0.86729,0.190272;20@0.200692,0.753247,0.899215,0.23472;40@0.315109,0.156548,0.763631;100@0.261844;37@0.028807,0.016177,0.989384,0.344971,0.130938,0.583315,0.507339,0.198102,0.450986,0.534067,0.922376,0.92683,0.038405;27@0.3194,0.011656,0.197049,0.296908,0.218376,0.814999,0.163829;92@0.338312,0.605731,0.012996,0.043604,0.440254;10@0.801755,0.099534,0.073695,0.292281,0.253075,0.44336,0.772014,0.742825,0.677039,0.552754,0.285503,0.029654;75@0.695493,0.155542,0.175964,0.464184,0.70102,0.94238,0.630369,0.072411,0.130562,0.915976;84@0.325909,0.420132,0.153012,0.293977,0.275494,0.482401,0.195815,0.459709,0.438545,0.514911,0.217447;82@0.442797;47@0.143562,0.821584,0.254354,0.329075,0.173124,0.279013,0.56687,0.215185,0.322889,0.848106,0.995353;9@0.50075,0.761998,0.215231,0.888599,0.163222,0.396447,0.01057,0.997312,0.6765,0.99322,0.268425;39@0.040294,0.198013,0.809914,0.373448,0.008231,0.434994,0.098598,0.989903,0.99761;88@0.660821,0.700048,0.985422,0.715152,0.999176,0.262805,0.684133;30@0.741066,0.237173,0.800092,0.240046,0.038509,0.489116,0.480067,0.603959,0.177644,0.063586|0|1762487393
I20251108 00:02:58.827649 139717798590272 data_text_parser.cc:116] beg_pos: 18010,end_pos: 20219
I20251108 00:02:58.827661 139717798590272 data_text_parser.cc:59] line: 175|254|1720@227526912:0.808818;1185@1761677650:0.894594;1587@303590409:0.943895;1048@3209612221:0.352604;1413@684660039:0.081184;1472@2652189748:0.939346;1861@1747320335:0.536982;1430@2388967739:0.821003;1384@1369046339:0.698181;1829@3172732660:0.18098;1635@3303890554:0.288933;1785@1980261478:0.088543;1712@1778585541:0.85752;1116@3993855760:0.271647;1010@3596579133:0.259799;1371@4099626160:0.349869;1381@1912652007:0.143497;1736@3804927952:0.584839;1206@1525864256:0.525144;1202@2012692460:0.63853|67@0.761166,0.674532,0.057108,0.733896,0.424553,0.810908,0.789742,0.992109,0.206648,0.400572,0.510404;56@0.551108,0.0175,0.602192,0.751961,0.293607,0.78571,0.271609,0.084023,0.354004,0.078783,0.420577,0.207978;73@0.679142,0.88482;38@0.349123,0.54982,0.008942,0.693057,0.797867,0.975468,0.698375,0.318274,0.530936,0.021614;1@;14@0.999964,0.586723,0.692887,0.376122,0.797442,0.555783,0.153135,0.239802,0.641414;41@;32@0.54079,0.095887,0.879088,0.77063;70@0.749221,0.489532,0.080132,0.867251;43@0.849917,0.797765,0.053031,0.71454,0.913407,0.104448,0.065632,0.568946,0.8982,0.306936,0.212828;65@0.100229,0.490468,0.653594,0.428805;20@0.508988,0.166702,0.289257,0.017846;40@0.169993,0.729152,0.588561;100@0.73387;37@0.223868,0.915271,0.615626,0.857975,0.591667,0.047755,0.464134,0.880727,0.320448,0.782875,0.698316,0.258275,0.10611;27@0.329384,0.334798,0.68677,0.899976,0.184445,0.749453,0.151643;92@0.00233,0.946411,0.480657,0.438321,0.512192;10@0.567814,0.056059,0.943166,0.60699,0.520762,0.952831,0.37648,0.163136,0.32467,0.595897,0.902448,0.373586;75@0.743325,0.715384,0.365787,0.740395,0.401978,0.89276,0.758949,0.363549,0.357316,0.797062;84@0.832001,0.539143,0.751203,0.80631,0.453723,0.936051,0.815085,0.642116,0.838507,0.546975,0.212665;82@0.70698;47@0.015145,0.509627,0.305962,0.925491,0.676432,0.316234,0.69807,0.184951,0.781282,0.924793,0.191781;9@0.46013,0.157405,0.737163,0.332343,0.558457,0.354593,0.794578,0.037985,0.914207,0.835068,0.056058;39@0.942015,0.448492,0.316077,0.554099,0.767627,0.972667,0.859328,0.618645,0.998693;88@0.537959,0.084711,0.556574,0.931444,0.206391,0.331626,0.784882;30@0.273586,0.729496,0.877466,0.343457,0.064674,0.740594,0.319138,0.013035,0.437341,0.520411|1|1762487393
I20251108 00:02:58.827689 139717798590272 data_text_parser.cc:116] beg_pos: 20220,end_pos: 20480
I20251108 00:02:58.827932 139717798590272 data_text_parser.cc:101] get chunk buffer, size: 20480
I20251108 00:02:58.827957 139717798590272 data_text_parser.cc:116] beg_pos: 0,end_pos: 1950
I20251108 00:02:58.827964 139717798590272 data_text_parser.cc:61] buffer line: 176|450|1720@1297010504:0.226936;1185@3303186477:0.661589;1587@2326465360:0.551981;1048@1292983171:0.093243;1413@1741888165:0.530317;1472@347698460:0.688895;1861@3282152629:0.126833;1430@2585630810:0.880083;1384@3427311575:0.521026;1829@1620894879:0.009007;1635@3860885138:0.45759;1785@723782381:0.467646;1712@2879400764:0.531859;1116@2423081872:0.299114;1010@758457978:0.936577;1371@3017533542:0.754792;1381@3617705451:0.211756;1736@2935062653:0.717273;1206@4119219347:0.56558;1202@1405838792:0.643332|67@0.945111,0.929434,0.016799,0.85288,0.136016,0.34483,0.521354,0.406261,0.777235,0.602106,0.214725;56@0.957534,0.115195,0.053219,0.087538,0.725032,0.826141,0.06061,0.246355,0.780076,0.833468,0.221838,0.356884;73@0.941809,0.794951;38@0.174259,0.800491,0.547105,0.452494,0.272444,0.67798,0.085746,0.132976,0.984112,0.539856;1@;14@0.977847,0.454319,0.432914,0.521503,0.751117,0.777957,0.574998,0.287153,0.353973;41@;32@0.057591,0.671578,0.635728,0.765369;70@0.06459,0.192465,0.56163,0.605929;43@0.705899,0.174385,0.482438,0.857392,0.665275,0.826114,0.56412,0.925639,0.025439,0.654745,0.573502;65@0.738406,0.649233,0.595366,0.983443;20@0.962912,0.706222,0.72109,0.486922;40@0.6007,0.554268,0.032876;100@0.143456;37@0.652311,0.7674,0.314162,0.585731,0.362678,0.798025,0.919981,0.101381,0.444327,0.096739,0.00627,0.814466,0.170923;27@0.814688,0.733423,0.344367,0.091252,0.564296,0.594851,0.326235;92@0.687681,0.255669,0.638337,0.162751,0.350465;10@0.653313,0.513757,0.696144,0.869414,0.194308,0.922487,0.96292,0.399905,0.442524,0.220288,0.771112,0.833764;75@0.861557,0.677404,0.537997,0.536179,0.726339,0.16796,0.687752,0.979518,0.268578,0.068285;84@0.925111,0.671908,0.317204,0.08796,0.651647,0.238681,0.246875,0.397238,0.671457,0.589902,0.195003;82@0.349799;47@0.84014,0.816767,0.943221,0.134212,0.161332,0.770003,0.163135,0.289526,0.949702,0.58672,0.631401;9@0.11605,0.674905,0.043815,0.366109,0.771548,0.173193,0.804121,0.349734,0.351582,0.564417,0.330769;39@0.803233,0.334477,0.210563,0.035341,0.000611,0.415686,0.210498,0.221073,0.082059;88@0.258433,0.494772,0.373988,0.139573,0.307493,0.972657,0.88287;30@0.015882,0.1571,0.748403,0.613069,0.608185,0.688538,0.853254,0.103047,0.627179,0.245191|1|1762487393
I20251108 00:02:58.827995 139717798590272 data_text_parser.cc:116] beg_pos: 1951,end_pos: 4153
I20251108 00:02:58.828008 139717798590272 data_text_parser.cc:59] line: 177|321|1720@2862665670:0.324893;1185@801133262:0.719836;1587@663576148:0.264751;1048@403884134:0.75667;1413@3777820670:0.059848;1472@2451484304:0.786634;1861@4033494962:0.350516;1430@972580247:0.228675;1384@4248228835:0.458612;1829@2932474328:0.042837;1635@3176233912:0.554184;1785@905660814:0.851001;1712@694727401:0.614523;1116@3005955795:0.826766;1010@1259839825:0.76002;1371@1908076930:0.273539;1381@3608342264:0.517657;1736@830639435:0.818874;1206@2674915347:0.908552;1202@46417650:0.409781|67@0.380782,0.0848,0.029059,0.195297,0.741239,0.810408,0.783523,0.141086,0.312227,0.736246,0.038631;56@0.174346,0.363416,0.544753,0.889258,0.833032,0.1105,0.536992,0.282309,0.530748,0.037155,0.188041,0.136968;73@0.930185,0.908033;38@0.16679,0.278957,0.183196,0.773001,0.494246,0.421969,0.441786,0.56459,0.469067,0.753069;1@;14@0.459303,0.802452,0.723273,0.776652,0.72218,0.142336,0.123532,0.56896,0.217958;41@;32@0.263917,0.414729,0.009281,0.090962;70@0.069602,0.231788,0.471808,0.112957;43@0.467464,0.155258,0.895062,0.12519,0.225193,0.766795,0.228117,0.517539,0.302158,0.628469,0.809806;65@0.834054,0.107993,0.584229,0.68069;20@0.938519,0.960808,0.880968,0.822245;40@0.587035,0.868125,0.250438;100@0.032584;37@0.9602,0.107809,0.214951,0.333019,0.914223,0.499902,0.741882,0.353216,0.097119,0.552155,0.116633,0.414609,0.181639;27@0.866397,0.970303,0.38389,0.490119,0.703633,0.244,0.520736;92@0.900133,0.393618,0.377531,0.75302,0.113787;10@0.28951,0.174714,0.747799,0.826298,0.276996,0.817052,0.28153,0.397095,0.722198,0.750192,0.138156,0.318409;75@0.149827,0.302158,0.454218,0.304226,0.914665,0.48443,0.202372,0.687394,0.968615,0.471321;84@0.932979,0.85478,0.392787,0.319912,0.895005,0.142709,0.115094,0.971672,0.248242,0.000219,0.805455;82@0.065363;47@0.310835,0.630577,0.729304,0.472474,0.910281,0.845884,0.576139,0.76767,0.872613,0.207876,0.008059;9@0.014818,0.975682,0.55496,0.258797,0.404211,0.914876,0.025388,0.658485,0.659358,0.568515,0.283878;39@0.768058,0.744339,0.255155,0.408832,0.351099,0.137542,0.52639,0.896422,0.740678;88@0.895234,0.973457,0.518558,0.611989,0.393241,0.530123,0.874133;30@0.605431,0.959345,0.866819,0.031232,0.779195,0.085377,0.345423,0.030396,0.689277,0.701683|0|1762487393
I20251108 00:02:58.828049 139717798590272 data_text_parser.cc:116] beg_pos: 4154,end_pos: 6358
I20251108 00:02:58.828061 139717798590272 data_text_parser.cc:59] line: 178|281|1720@728433186:0.452902;1185@2327457029:0.201604;1587@1146301013:0.940826;1048@2858466771:0.552955;1413@1419934224:0.936613;1472@1307080859:0.926926;1861@998732913:0.261113;1430@2188373201:0.171678;1384@1726477078:0.512065;1829@3098050059:0.821761;1635@1249083067:0.841313;1785@3533328590:0.734862;1712@260759728:0.710943;1116@3925641644:0.348352;1010@2314452790:0.570248;1371@1966981219:0.763331;1381@3233847120:0.480092;1736@3523697283:0.627788;1206@1770782868:0.762784;1202@2279655735:0.685379|67@0.303292,0.430728,0.816955,0.476023,0.927978,0.047932,0.460165,0.9589,0.250321,0.901269,0.984812;56@0.601946,0.828008,0.533686,0.070651,0.614867,0.721496,0.682817,0.457141,0.0397,0.451198,0.651926,0.143936;73@0.225966,0.775426;38@0.520235,0.654685,0.926003,0.317405,0.023316,0.582331,0.306746,0.671505,0.807137,0.189644;1@;14@0.013062,0.332301,0.900036,0.962438,0.622572,0.598743,0.214521,0.9694,0.440079;41@;32@0.22415,0.994225,0.925777,0.289281;70@0.33736,0.153947,0.370326,0.598969;43@0.406066,0.952908,0.82095,0.990858,0.217872,0.954309,0.139284,0.400762,0.39352,0.450768,0.949561;65@0.345841,0.41346,0.637996,0.0689;20@0.503285,0.683914,0.454561,0.278675;40@0.899167,0.25871,0.728196;100@0.393607;37@0.833273,0.221158,0.023933,0.797854,0.17317,0.741075,0.155455,0.099058,0.751447,0.483759,0.703173,0.51833,0.348824;27@0.156557,0.404823,0.87387,0.189712,0.721019,0.01831,0.40047;92@0.604958,0.610968,0.293439,0.356807,0.534268;10@0.299381,0.762589,0.238874,0.142823,0.612485,0.368106,0.744786,0.779892,0.1508,0.172226,0.563009,0.657152;75@0.914686,0.045747,0.815674,0.506909,0.647156,0.489815,0.128929,0.815815,0.609887,0.528515;84@0.625388,0.122693,0.061555,0.20576,0.827573,0.947662,0.105505,0.740183,0.283402,0.182261,0.877945;82@0.447139;47@0.168015,0.492201,0.907283,0.541527,0.646715,0.62065,0.348721,0.185618,0.584979,0.366576,0.683168;9@0.273988,0.02181,0.752605,0.272983,0.04858,0.011389,0.062595,0.132273,0.104331,0.052998,0.281136;39@0.02169,0.854555,0.941391,0.287506,0.457261,0.2906,0.61692,0.78415,0.734541;88@0.613185,0.074304,0.645743,0.538701,0.743662,0.790714,0.066156;30@0.128888,0.952052,0.149556,0.300641,0.216043,0.663951,0.237863,0.842876,0.945338,0.553879|1|1762487393
I20251108 00:02:58.828092 139717798590272 data_text_parser.cc:116] beg_pos: 6359,end_pos: 8573
I20251108 00:02:58.828104 139717798590272 data_text_parser.cc:59] line: 179|715|1720@2843959600:0.929895;1185@3623503348:0.478659;1587@1906517799:0.867443;1048@1218319593:0.085665;1413@530794895:0.728663;1472@3269700932:0.835719;1861@1968470020:0.661233;1430@4050721437:0.18894;1384@1904255997:0.254091;1829@1453661652:0.708008;1635@3572180696:0.378798;1785@2211544165:0.528181;1712@2138362957:0.051255;1116@3800786027:0.81489;1010@1028270398:0.908949;1371@517254738:0.606483;1381@3290333173:0.665861;1736@186651924:0.32899;1206@3516269453:0.560265;1202@2983268873:0.04682|67@0.252157,0.701257,0.199531,0.881042,0.204649,0.938793,0.722929,0.560665,0.517871,0.518833,0.828951;56@0.533499,0.824878,0.875369,0.163101,0.412924,0.776746,0.565896,0.826412,0.426829,0.292474,0.503971,0.390291;73@0.497691,0.420336;38@0.975717,0.551902,0.989345,0.631143,0.554111,0.906552,0.670768,0.040763,0.567203,0.264076;1@;14@0.462769,0.181653,0.816125,0.958325,0.849327,0.779934,0.737878,0.97832,0.290387;41@;32@0.479148,0.083706,0.827865,0.969128;70@0.96553,0.70882,0.311434,0.922826;43@0.097869,0.459237,0.150753,0.876606,0.116875,0.685942,0.609706,0.07168,0.585102,0.293693,0.054959;65@0.370909,0.712135,0.326161,0.537232;20@0.262082,0.49354,0.108393,0.037842;40@0.565891,0.066471,0.400489;100@0.811728;37@0.203413,0.034642,0.55431,0.804163,0.365983,0.767932,0.230901,0.801685,0.344996,0.956697,0.955109,0.410448,0.970811;27@0.347807,0.609362,0.582053,0.888408,0.753918,0.493241,0.891311;92@0.187529,0.89659,0.048765,0.963284,0.21059;10@0.69397,0.113473,0.523555,0.385625,0.985415,0.956693,0.983463,0.002446,0.861502,0.798511,0.581584,0.844167;75@0.880685,0.969153,0.162824,0.096765,0.131887,0.638594,0.098333,0.992095,0.396286,0.565153;84@0.620612,0.788063,0.972371,0.339572,0.242511,0.603438,0.04864,0.263094,0.523597,0.880501,0.196971;82@0.944437;47@0.853637,0.550739,0.369454,0.98869,0.356301,0.154357,0.167993,0.892633,0.256147,0.336562,0.205523;9@0.973804,0.46259,0.797293,0.285711,0.849384,0.165161,0.943293,0.710137,0.550245,0.146828,0.873673;39@0.026147,0.824974,0.38248,0.870778,0.530778,0.015487,0.250058,0.761299,0.715996;88@0.126123,0.872869,0.325248,0.544528,0.718712,0.667984,0.2297;30@0.936418,0.91263,0.982926,0.185706,0.970931,0.434741,0.305252,0.800591,0.233238,0.252046|1|1762487393
I20251108 00:02:58.828144 139717798590272 data_text_parser.cc:116] beg_pos: 8574,end_pos: 10779
I20251108 00:02:58.828157 139717798590272 data_text_parser.cc:59] line: 180|235|1720@1974938601:0.386815;1185@771798355:0.465907;1587@3556958425:0.959847;1048@3424114686:0.958843;1413@2345965075:0.111987;1472@1264480587:0.894637;1861@4169525701:0.841654;1430@1377188186:0.772597;1384@4167223765:0.417422;1829@2812707096:0.350866;1635@265420446:0.613322;1785@3817710597:0.25384;1712@554313755:0.149262;1116@3501327764:0.595533;1010@2513345904:0.807435;1371@2969422019:0.76431;1381@494790646:0.186784;1736@2163786426:0.331827;1206@4067306734:0.272887;1202@1491655376:0.032723|67@0.573724,0.493064,0.144026,0.547616,0.606877,0.698039,0.108839,0.20208,0.174067,0.422378,0.314436;56@0.905248,0.192183,0.03228,0.127813,0.62577,0.784745,0.962965,0.261614,0.851985,0.740504,0.092256,0.599897;73@0.696291,0.064951;38@0.91598,0.26003,0.123465,0.161736,0.723547,0.16718,0.797228,0.966952,0.352598,0.376769;1@;14@0.974153,0.227052,0.614395,0.423074,0.617171,0.644998,0.13875,0.552517,0.660975;41@;32@0.099614,0.548729,0.18859,0.766315;70@0.105856,0.666266,0.509224,0.994937;43@0.595016,0.237577,0.429274,0.409515,0.574401,0.093278,0.56444,0.524825,0.322815,0.499938,0.283041;65@0.598204,0.203503,0.78418,0.199076;20@0.170244,0.949032,0.654892,0.619444;40@0.244672,0.024565,0.25834;100@0.382498;37@0.922669,0.310183,0.005139,0.659691,0.759416,0.58717,0.599508,0.652917,0.11025,0.0586,0.260086,0.130958,0.678989;27@0.152934,0.109549,0.196437,0.672181,0.471906,0.796365,0.319201;92@0.67274,0.361824,0.802535,0.719619,0.472196;10@0.336395,0.804472,0.104691,0.286566,0.090721,0.737259,0.001188,0.217966,0.38134,0.764384,0.626819,0.156231;75@0.494078,0.10297,0.174154,0.465043,0.302743,0.734755,0.925687,0.004724,0.889669,0.530552;84@0.684055,0.824513,0.843378,0.382525,0.057772,0.023729,0.283793,0.361268,0.564921,0.236744,0.709715;82@0.897804;47@0.217324,0.085102,0.057003,0.826025,0.54282,0.499348,0.377028,0.327418,0.55459,0.880893,0.04292;9@0.169049,0.544077,0.775777,0.382998,0.26281,0.922802,0.041826,0.952765,0.915854,0.466747,0.879325;39@0.692009,0.159857,0.125739,0.418366,0.780605,0.094563,0.953467,0.451816,0.682449;88@0.546756,0.488368,0.761025,0.795407,0.41999,0.46501,0.158967;30@0.838521,0.92302,0.660833,0.124307,0.744696,0.049259,0.803074,0.39136,0.076236,0.706541|1|1762487393
I20251108 00:02:58.828192 139717798590272 data_text_parser.cc:116] beg_pos: 10780,end_pos: 13000
I20251108 00:02:58.828211 139717798590272 data_text_parser.cc:59] line: 181|590|1720@2319888103:0.756426;1185@4245577421:0.497655;1587@3605733973:0.766074;1048@1653796167:0.813641;1413@2579615955:0.985561;1472@3356943694:0.458454;1861@250993836:0.504216;1430@2156839340:0.074961;1384@2492583268:0.894869;1829@2350220864:0.709066;1635@574654644:0.088026;1785@3869241486:0.213981;1712@2774269349:0.541884;1116@3994940535:0.420493;1010@291163653:0.252632;1371@495943634:0.821501;1381@3707160339:0.757914;1736@2861693311:0.982496;1206@3559159218:0.403478;1202@2484262083:0.354111|67@0.014808,0.664611,0.730291,0.783935,0.448872,0.407227,0.946738,0.248091,0.828326,0.005987,0.214719;56@0.835256,0.924098,0.084796,0.779044,0.285123,0.725314,0.77565,0.515552,0.811513,0.695403,0.276978,0.006312;73@0.712599,0.700407;38@0.29787,0.973434,0.117805,0.342192,0.077078,0.44352,0.758027,0.978088,0.778887,0.772932;1@;14@0.581652,0.084679,0.195152,0.024113,0.74457,0.116139,0.198749,0.491234,0.894061;41@;32@0.099312,0.840412,0.450703,0.626746;70@0.844702,0.076515,0.477142,0.631304;43@0.128053,0.116016,0.470929,0.65784,0.326623,0.467166,0.213242,0.749745,0.819144,0.13646,0.744762;65@0.028358,0.327688,0.180482,0.230616;20@0.993978,0.553826,0.440893,0.106927;40@0.924587,0.246099,0.422129;100@0.916885;37@0.813152,0.59061,0.443607,0.127244,0.952837,0.448389,0.456385,0.441836,0.538452,0.300077,0.438694,0.308928,0.487974;27@0.171457,0.983335,0.678081,0.925709,0.500214,0.044825,0.954845;92@0.453812,0.185394,0.481115,0.052506,0.798422;10@0.49447,0.551646,0.738462,0.801896,0.739658,0.213511,0.962279,0.833254,0.245768,0.576789,0.117619,0.216919;75@0.553728,0.299117,0.517001,0.65866,0.457233,0.778845,0.296388,0.712761,0.349544,0.769902;84@0.794122,0.923295,0.466772,0.240379,0.193971,0.547467,0.935441,0.176912,0.050331,0.61334,0.400421;82@0.34967;47@0.319454,0.664907,0.410285,0.840329,0.160847,0.287662,0.893987,0.646068,0.222384,0.165228,0.737015;9@0.367679,0.433857,0.315671,0.449216,0.676189,0.781951,0.023834,0.855274,0.131789,0.401476,0.82782;39@0.161704,0.017948,0.610239,0.724683,0.378886,0.719665,0.305083,0.724655,0.507825;88@0.951228,0.184857,0.278412,0.43892,0.280937,0.144434,0.087808;30@0.415766,0.018826,0.041717,0.089833,0.312196,0.698958,0.607808,0.558436,0.919787,0.973781|0|1762487393
I20251108 00:02:58.828242 139717798590272 data_text_parser.cc:116] beg_pos: 13001,end_pos: 15211
I20251108 00:02:58.828255 139717798590272 data_text_parser.cc:59] line: 182|624|1720@208401540:0.535403;1185@4047439278:0.356707;1587@2007278075:0.928982;1048@138231296:0.789303;1413@3378480669:0.517818;1472@3707890111:0.439401;1861@3963041614:0.383346;1430@106906681:0.633244;1384@2268800340:0.129085;1829@2194625307:0.327611;1635@134217086:0.588639;1785@2122050126:0.948488;1712@3615154690:0.904591;1116@3618852864:0.346698;1010@962615914:0.500065;1371@1253808143:0.445285;1381@541386556:0.566388;1736@2469822398:0.204769;1206@317172541:0.940142;1202@1238348999:0.042464|67@0.509168,0.675018,0.638313,0.696815,0.111611,0.42227,0.563268,0.910571,0.226431,0.03784,0.944233;56@0.134284,0.571721,0.228032,0.506922,0.620338,0.882181,0.293506,0.331177,0.85178,0.958843,0.129171,0.825803;73@0.770544,0.520915;38@0.292117,0.683773,0.029605,0.464943,0.748356,0.997099,0.88415,0.512291,0.718785,0.651076;1@;14@0.069652,0.870927,0.88558,0.000877,0.694444,0.760506,0.085104,0.167203,0.879986;41@;32@0.009081,0.915104,0.766683,0.672558;70@0.503706,0.574512,0.331208,0.216984;43@0.949954,0.670268,0.032291,0.443733,0.239814,0.975853,0.429547,0.036533,0.769586,0.098634,0.654505;65@0.365107,0.734575,0.638968,0.694407;20@0.680105,0.135765,0.742751,0.702609;40@0.439555,0.952249,0.585148;100@0.27193;37@0.968692,0.365158,0.745089,0.762834,0.653239,0.41001,0.554677,0.393988,0.904758,0.993329,0.614812,0.951525,0.512183;27@0.753116,0.931554,0.473798,0.338389,0.998413,0.785034,0.647941;92@0.068036,0.368945,0.611239,0.047788,0.221572;10@0.872801,0.991623,0.381374,0.11138,0.916577,0.212382,0.656609,0.813009,0.176893,0.796522,0.458454,0.118755;75@0.689992,0.63124,0.795716,0.195844,0.793144,0.502776,0.087549,0.38682,0.659885,0.102171;84@0.06481,0.999019,0.550565,0.381411,0.037221,0.95814,0.424368,0.738793,0.8682,0.383967,0.870902;82@0.749454;47@0.707329,0.416377,0.451595,0.938044,0.063141,0.08902,0.854629,0.51936,0.772598,0.700628,0.226267;9@0.235997,0.896975,0.040086,0.719531,0.414879,0.550121,0.098088,0.579166,0.10231,0.999642,0.074893;39@0.641745,0.903176,0.693006,0.015951,0.702944,0.753473,0.104685,0.344443,0.755764;88@0.622183,0.872266,0.651728,0.543043,0.617167,0.363139,0.075299;30@0.398701,0.022338,0.282822,0.572886,0.340213,0.8765,0.39009,0.512778,0.344253,0.381521|0|1762487393
I20251108 00:02:58.828296 139717798590272 data_text_parser.cc:116] beg_pos: 15212,end_pos: 17421
I20251108 00:02:58.828309 139717798590272 data_text_parser.cc:59] line: 183|700|1720@1032009722:0.613006;1185@1451788921:0.220467;1587@2697264935:0.623647;1048@3641284359:0.588322;1413@130251360:0.21305;1472@3589272917:0.764684;1861@1086645949:0.367292;1430@535416044:0.626812;1384@35750011:0.931942;1829@1528831599:0.026848;1635@197163229:0.542751;1785@3866007273:0.929956;1712@2294379975:0.685515;1116@3988307480:0.815636;1010@1667165697:0.662293;1371@104280169:0.853563;1381@1033581825:0.680604;1736@15689193:0.913288;1206@1291467187:0.21297;1202@1629917847:0.331122|67@0.300841,0.006451,0.471477,0.849956,0.065281,0.743269,0.580359,0.187275,0.733341,0.002408,0.983343;56@0.447863,0.718587,0.197292,0.263371,0.889692,0.843192,0.306125,0.811626,0.48101,0.855752,0.7103,0.177964;73@0.597326,0.982788;38@0.43049,0.461664,0.589973,0.902602,0.162737,0.069422,0.373967,0.931212,0.266249,0.045273;1@;14@0.969177,0.6331,0.729385,0.710438,0.747884,0.276747,0.00748,0.980638,0.139592;41@;32@0.123425,0.150047,0.564603,0.946514;70@0.993413,0.122856,0.901765,0.471466;43@0.10196,0.045992,0.196826,0.733065,0.786131,0.559274,0.402269,0.289269,0.211386,0.288947,0.251287;65@0.233003,0.283361,0.432011,0.108613;20@0.033054,0.387366,0.22228,0.836423;40@0.292667,0.478968,0.150972;100@0.741956;37@0.365467,0.542031,0.856551,0.782079,0.003291,0.663389,0.740699,0.096924,0.146983,0.234288,0.858037,0.957042,0.127973;27@0.981842,0.069239,0.004412,0.092772,0.907576,0.093073,0.263911;92@0.46121,0.7516,0.318546,0.123884,0.127213;10@0.87403,0.223802,0.739874,0.047592,0.777202,0.881617,0.798441,0.944294,0.405709,0.205525,0.296431,0.971466;75@0.95388,0.787309,0.574715,0.605734,0.279603,0.77766,0.668829,0.488134,0.242174,0.874989;84@0.293856,0.750172,0.091934,0.144066,0.486058,0.605592,0.80176,0.722114,0.431197,0.854154,0.412392;82@0.372645;47@0.631525,0.954008,0.227158,0.083187,0.96985,0.737475,0.562803,0.490897,0.379086,0.996162,0.865838;9@0.942593,0.479508,0.352912,0.760166,0.953184,0.12694,0.351154,0.860022,0.594914,0.025782,0.959478;39@0.765954,0.305449,0.023739,0.010526,0.232731,0.144534,0.544715,0.685703,0.471054;88@0.895307,0.617122,0.970431,0.490093,0.029571,0.571207,0.477677;30@0.424275,0.891758,0.685266,0.201399,0.369217,0.013907,0.918702,0.757137,0.410023,0.468546|1|1762487393
I20251108 00:02:58.828340 139717798590272 data_text_parser.cc:116] beg_pos: 17422,end_pos: 19627
I20251108 00:02:58.828351 139717798590272 data_text_parser.cc:59] line: 184|329|1720@681909008:0.921194;1185@758457978:0.365201;1587@3237557253:0.28105;1048@1325408842:0.236069;1413@1347846981:0.240277;1472@1005458037:0.419194;1861@1221136621:0.057755;1430@2793708230:0.265554;1384@3860688621:0.876622;1829@2148314095:0.759521;1635@1213860421:0.475528;1785@1374361100:0.055969;1712@690253744:0.241769;1116@1195518253:0.992123;1010@864022326:0.177853;1371@1682299406:0.373559;1381@3514360854:0.139727;1736@42367483:0.130568;1206@3957192933:0.885056;1202@2428966007:0.595125|67@0.824657,0.92067,0.218464,0.955395,0.794923,0.786023,0.401374,0.440927,0.299839,0.211958,0.655453;56@0.178669,0.549476,0.124352,0.56022,0.494714,0.239902,0.400311,0.009857,0.428,0.320234,0.411884,0.827244;73@0.72581,0.777254;38@0.556098,0.157589,0.140668,0.611282,0.682389,0.651148,0.475515,0.777912,0.584836,0.585092;1@;14@0.896247,0.152461,0.045669,0.714097,0.318276,0.637121,0.674973,0.913489,0.621111;41@;32@0.489418,0.627667,0.23194,0.214052;70@0.370826,0.194325,0.637785,0.273181;43@0.892919,0.201004,0.613287,0.44775,0.76942,0.147299,0.240552,0.560705,0.274411,0.946219,0.162869;65@0.201053,0.197099,0.660449,0.777431;20@0.067149,0.229258,0.642908,0.019809;40@0.476051,0.729802,0.878783;100@0.118883;37@0.700587,0.033641,0.503874,0.734114,0.676001,0.706394,0.709918,0.343889,0.069827,0.374595,0.831646,0.767576,0.113653;27@0.833952,0.174892,0.448102,0.83285,0.521837,0.651608,0.0409;92@0.609131,0.715968,0.276597,0.548101,0.217528;10@0.849337,0.975191,0.444431,0.907619,0.308446,0.963449,0.422375,0.961901,0.243966,0.22699,0.233336,0.166223;75@0.595676,0.422424,0.797638,0.649623,0.326422,0.38848,0.231107,0.620468,0.467738,0.746167;84@0.698381,0.947862,0.115179,0.438212,0.619509,0.885624,0.496435,0.475651,0.383942,0.872728,0.727089;82@0.000712;47@0.113308,0.97187,0.056488,0.673076,0.689359,0.51343,0.2248,0.873443,0.125361,0.766957,0.540244;9@0.494697,0.26932,0.127179,0.759615,0.284019,0.237053,0.59629,0.619005,0.000436,0.293268,0.024085;39@0.635912,0.088467,0.006573,0.929175,0.819205,0.831216,0.750285,0.585363,0.513008;88@0.45016,0.573278,0.9826,0.252236,0.44328,0.45834,0.468389;30@0.173496,0.240433,0.648163,0.677523,0.371251,0.342353,0.940355,0.467606,0.585196,0.337644|1|1762487393
I20251108 00:02:58.828383 139717798590272 data_text_parser.cc:116] beg_pos: 19628,end_pos: 20480
I20251108 00:02:58.828651 139717798590272 data_text_parser.cc:101] get chunk buffer, size: 20480
I20251108 00:02:58.828673 139717798590272 data_text_parser.cc:116] beg_pos: 0,end_pos: 1358
I20251108 00:02:58.828681 139717798590272 data_text_parser.cc:61] buffer line: 185|421|1720@1528376463:0.362207;1185@734070305:0.530008;1587@1098437149:0.851123;1048@222743971:0.38583;1413@2002329917:0.212143;1472@1714689574:0.591493;1861@3891831383:0.245216;1430@4180490817:0.645321;1384@1869916427:0.03182;1829@4101616527:0.283652;1635@1928863290:0.79756;1785@2652189748:0.517049;1712@3244649673:0.732058;1116@4231175272:0.77503;1010@4079934176:0.843295;1371@3006702227:0.607946;1381@3084015238:0.014523;1736@780434952:0.61941;1206@150534576:0.439244;1202@1968217766:0.291039|67@0.020272,0.016817,0.442499,0.772868,0.661806,0.287525,0.471544,0.237485,0.346545,0.718552,0.995859;56@0.908754,0.748447,0.166216,0.532383,0.315881,0.414552,0.026473,0.801105,0.074661,0.697327,0.863393,0.903817;73@0.503622,0.955157;38@0.94974,0.910877,0.914005,0.252549,0.466788,0.616946,0.294185,0.868702,0.726939,0.21367;1@;14@0.435717,0.516645,0.714883,0.916851,0.48764,0.081132,0.676591,0.639698,0.052155;41@;32@0.449584,0.237068,0.429672,0.434855;70@0.669497,0.404017,0.042948,0.298838;43@0.660257,0.720917,0.019823,0.78251,0.184699,0.689703,0.152272,0.176227,0.167302,0.893141,0.52861;65@0.332365,0.3301,0.473415,0.49907;20@0.443092,0.571962,0.086713,0.804533;40@0.018384,0.305422,0.924262;100@0.275432;37@0.001621,0.333481,0.304003,0.213621,0.205622,0.364254,0.132983,0.681497,0.651916,0.539578,0.052634,0.44991,0.905759;27@0.941553,0.675317,0.152215,0.412896,0.112533,0.637817,0.847226;92@0.192301,0.002891,0.401094,0.051152,0.415289;10@0.183765,0.089203,0.989504,0.381916,0.958917,0.653004,0.516787,0.825509,0.095722,0.457585,0.765522,0.63111;75@0.506105,0.575123,0.846746,0.166137,0.780975,0.484888,0.597676,0.131638,0.480593,0.021341;84@0.444896,0.17203,0.753103,0.30751,0.455949,0.154046,0.882615,0.641903,0.588077,0.646538,0.24337;82@0.859765;47@0.241784,0.887455,0.302464,0.974036,0.946026,0.978901,0.723946,0.196885,0.944481,0.414586,0.282078;9@0.84716,0.140045,0.037234,0.712664,0.980823,0.298765,0.354892,0.990665,0.521031,0.885729,0.261308;39@0.21777,0.81283,0.353399,0.326284,0.975185,0.614416,0.148335,0.554787,0.607442;88@0.337468,0.671017,0.258307,0.693412,0.027079,0.958056,0.731286;30@0.315491,0.88034,0.258929,0.884266,0.720402,0.695586,0.737468,0.910322,0.346787,0.82327|1|1762487393
I20251108 00:02:58.828714 139717798590272 data_text_parser.cc:116] beg_pos: 1359,end_pos: 3572
I20251108 00:02:58.828726 139717798590272 data_text_parser.cc:59] line: 186|484|1720@573877793:0.911286;1185@1466375552:0.556472;1587@672992534:0.353603;1048@2898221002:0.57125;1413@967475013:0.14659;1472@2899583235:0.79232;1861@3957192933:0.062258;1430@2649792299:0.815799;1384@1909253963:0.418583;1829@297827059:0.756344;1635@3009112644:0.734192;1785@4292589870:0.88826;1712@3294303335:0.865002;1116@1784020451:0.857613;1010@3890977543:0.371244;1371@3244719904:0.030289;1381@1517387882:0.981492;1736@753481352:0.576565;1206@1940042837:0.407927;1202@2612357788:0.610988|67@0.363181,0.035088,0.501237,0.852775,0.993187,0.955191,0.804701,0.545347,0.028066,0.167531,0.951982;56@0.435981,0.395002,0.331005,0.513144,0.701542,0.955896,0.683878,0.017375,0.320875,0.445882,0.033842,0.347473;73@0.37538,0.316128;38@0.374703,0.061808,0.996218,0.598877,0.867874,0.990984,0.257181,0.379751,0.493236,0.526862;1@;14@0.548911,0.50172,0.084174,0.177283,0.041729,0.726395,0.55484,0.992746,0.905746;41@;32@0.860177,0.422988,0.159761,0.69961;70@0.124585,0.929595,0.677377,0.59978;43@0.736161,0.078953,0.547564,0.426569,0.473418,0.047704,0.34342,0.907496,0.81994,0.104725,0.245925;65@0.535625,0.945388,0.332102,0.530732;20@0.45271,0.462884,0.132529,0.679646;40@0.319156,0.436845,0.258667;100@0.72128;37@0.325795,0.030498,0.576588,0.371301,0.175834,0.136619,0.140281,0.774796,0.634988,0.516335,0.714791,0.631285,0.726608;27@0.395182,0.048019,0.121443,0.310866,0.560841,0.656483,0.763594;92@0.889532,0.560291,0.218388,0.592137,0.17039;10@0.352601,0.10555,0.175248,0.025846,0.887714,0.820312,0.466471,0.330843,0.686251,0.795706,0.948739,0.958949;75@0.358814,0.596153,0.820472,0.048982,0.650745,0.176132,0.617447,0.367948,0.884643,0.627299;84@0.612896,0.686638,0.810493,0.367243,0.185876,0.769199,0.871431,0.764271,0.319028,0.400909,0.318336;82@0.83569;47@0.793306,0.319786,0.629198,0.182226,0.894038,0.311149,0.785194,0.936224,0.053901,0.847189,0.126216;9@0.090099,0.308643,0.80551,0.768122,0.275233,0.069988,0.232813,0.50245,0.632511,0.443706,0.599826;39@0.677091,0.878902,0.159193,0.125454,0.805706,0.796683,0.003732,0.221897,0.920891;88@0.578842,0.95982,0.605664,0.162268,0.646679,0.635928,0.659026;30@0.883804,0.485111,0.790095,0.870869,0.117257,0.005845,0.265276,0.475704,0.224819,0.199619|0|1762487393
I20251108 00:02:58.828769 139717798590272 data_text_parser.cc:116] beg_pos: 3573,end_pos: 5784
I20251108 00:02:58.828781 139717798590272 data_text_parser.cc:59] line: 187|38|1720@1915815251:0.121936;1185@1889458540:0.622798;1587@733875497:0.397828;1048@2197941819:0.623977;1413@2627402231:0.154733;1472@1086645949:0.719422;1861@1011327988:0.873923;1430@251650175:0.267149;1384@1489111446:0.114426;1829@1013616643:0.512882;1635@2268800340:0.103974;1785@4241024589:0.336757;1712@1089463520:0.93824;1116@3218196422:0.165063;1010@3795087663:0.675453;1371@1997756892:0.250463;1381@2266140518:0.145599;1736@1444300029:0.346056;1206@3039575840:0.667843;1202@3715756509:0.26475|67@0.352222,0.260948,0.511038,0.672689,0.69591,0.92427,0.48607,0.974467,0.397481,0.191384,0.305465;56@0.791403,0.609031,0.313314,0.036388,0.084871,0.571277,0.495755,0.098975,0.799926,0.577147,0.466342,0.894658;73@0.990429,0.333031;38@0.113675,0.682861,0.425463,0.540012,0.527259,0.891953,0.42999,0.329385,0.972488,0.312748;1@;14@0.760573,0.124356,0.113189,0.724351,0.658285,0.404297,0.529897,0.459396,0.482987;41@;32@0.184448,0.656684,0.908709,0.296727;70@0.547914,0.943893,0.42412,0.990286;43@0.302195,0.439331,0.347171,0.5218,0.005701,0.749006,0.916964,0.703274,0.0626,0.792982,0.866045;65@0.248481,0.674158,0.479209,0.298673;20@0.78754,0.271276,0.578921,0.759606;40@0.985407,0.018421,0.146184;100@0.952381;37@0.740388,0.617095,0.679248,0.0698,0.922638,0.202986,0.104188,0.17264,0.652556,0.708824,0.133669,0.634932,0.960139;27@0.273923,0.796028,0.917437,0.651615,0.630814,0.566853,0.634968;92@0.105542,0.715312,0.509031,0.438962,0.985021;10@0.646981,0.338897,0.347743,0.958483,0.090911,0.73283,0.76663,0.796061,0.268807,0.921215,0.816126,0.132927;75@0.164036,0.882163,0.507319,0.102672,0.479326,0.714454,0.971159,0.300222,0.313182,0.682895;84@0.770547,0.177391,0.727271,0.859057,0.065055,0.608282,0.820826,0.747707,0.863314,0.494346,0.66294;82@0.045606;47@0.8807,0.616206,0.329007,0.021674,0.161674,0.801398,0.328724,0.988823,0.582344,0.454338,0.502054;9@0.399732,0.904758,0.110217,0.046177,0.120713,0.699138,0.946463,0.223923,0.678472,0.616757,0.966026;39@0.813934,0.076102,0.986869,0.341283,0.844656,0.527233,0.574923,0.70547,0.298169;88@0.209963,0.301688,0.125897,0.61772,0.641851,0.664626,0.134976;30@0.08307,0.656334,0.119288,0.995134,0.153927,0.478406,0.468383,0.350873,0.803498,0.871875|0|1762487393
I20251108 00:02:58.828823 139717798590272 data_text_parser.cc:116] beg_pos: 5785,end_pos: 8005
I20251108 00:02:58.828836 139717798590272 data_text_parser.cc:59] line: 188|111|1720@1858531222:0.237531;1185@1892189920:0.717452;1587@4224456808:0.604091;1048@1973880266:0.546776;1413@3160704143:0.403017;1472@3437032082:0.168904;1861@1249083067:0.547305;1430@1330693859:0.590645;1384@3415407218:0.986589;1829@1780091353:0.59751;1635@3468536258:0.877368;1785@1576689771:0.555479;1712@308925484:0.114043;1116@1974635885:0.109182;1010@3964250465:0.604452;1371@474609808:0.144154;1381@1938608308:0.011844;1736@3807712298:0.523245;1206@3309011953:0.624514;1202@644609420:0.672955|67@0.84178,0.944334,0.101043,0.722618,0.862729,0.713787,0.956806,0.326892,0.852676,0.198862,0.808348;56@0.571429,0.649701,0.173948,0.283459,0.225205,0.697104,0.881464,0.713379,0.455497,0.307298,0.44681,0.582586;73@0.883098,0.276512;38@0.769125,0.799101,0.904039,0.252662,0.545975,0.139148,0.630091,0.265469,0.866218,0.317177;1@;14@0.784824,0.834644,0.540682,0.683484,0.862095,0.598066,0.907649,0.858209,0.321167;41@;32@0.906186,0.632944,0.738807,0.82704;70@0.79401,0.974924,0.154244,0.046114;43@0.039217,0.736862,0.352923,0.836196,0.599399,0.887157,0.845068,0.212075,0.354725,0.609415,0.777386;65@0.504877,0.722433,0.507908,0.973273;20@0.715454,0.347924,0.89467,0.396056;40@0.267822,0.130971,0.896931;100@0.93277;37@0.984683,0.919997,0.305931,0.095134,0.30668,0.896902,0.108875,0.632015,0.057684,0.296589,0.239824,0.427725,0.633293;27@0.523266,0.036399,0.573789,0.233877,0.364905,0.870741,0.447593;92@0.417289,0.297736,0.214747,0.731726,0.590868;10@0.087488,0.844699,0.653667,0.511118,0.402807,0.050875,0.125441,0.169318,0.015127,0.18152,0.360723,0.162454;75@0.326553,0.085176,0.336749,0.509369,0.837345,0.75037,0.88362,0.611306,0.895745,0.575962;84@0.698085,0.763299,0.319623,0.788752,0.974735,0.752811,0.122337,0.893031,0.019243,0.242817,0.834434;82@0.346339;47@0.891525,0.494942,0.310136,0.93684,0.378413,0.359115,0.559378,0.765025,0.177954,0.940759,0.338263;9@0.163989,0.707571,0.694541,0.338959,0.914263,0.248079,0.627779,0.292627,0.322545,0.162847,0.448632;39@0.477484,0.984982,0.585724,0.101616,0.77734,0.170849,0.270899,0.266092,0.242345;88@0.385064,0.948372,0.567161,0.649121,0.729125,0.397288,0.420877;30@0.45925,0.143225,0.251283,0.055236,0.055248,0.849817,0.036947,0.200502,0.539957,0.579772|0|1762487393
I20251108 00:02:58.828867 139717798590272 data_text_parser.cc:116] beg_pos: 8006,end_pos: 10209
I20251108 00:02:58.828879 139717798590272 data_text_parser.cc:59] line: 189|624|1720@2664856062:0.960611;1185@1861752283:0.788021;1587@1971319281:0.01002;1048@1191489085:0.37042;1413@42118080:0.776518;1472@2098649154:0.410537;1861@3408478378:0.865527;1430@549355208:0.130971;1384@854891484:0.939919;1829@664891748:0.47185;1635@2498848245:0.863814;1785@3005691455:0.599194;1712@1090676480:0.097912;1116@3869703704:0.840321;1010@2395571385:0.184727;1371@460321203:0.140379;1381@473819161:0.048878;1736@2377076960:0.096627;1206@4115261292:0.979011;1202@365059609:0.403792|67@0.735524,0.893638,0.483086,0.788317,0.492401,0.475513,0.162177,0.701877,0.505187,0.690378,0.095184;56@0.284713,0.470578,0.337679,0.691517,0.759299,0.782936,0.366156,0.400375,0.247651,0.264223,0.496379,0.047602;73@0.842711,0.10111;38@0.72597,0.891548,0.402214,0.123256,0.832642,0.972693,0.602755,0.178892,0.480607,0.786505;1@;14@0.140626,0.169761,0.051086,0.809562,0.303471,0.786835,0.535983,0.284573,0.773362;41@;32@0.763742,0.106557,0.871118,0.498977;70@0.565227,0.190923,0.082108,0.04019;43@0.305153,0.465278,0.017974,0.938153,0.604897,0.530154,0.132052,0.764041,0.715962,0.095589,0.540063;65@0.471458,0.172897,0.089952,0.765614;20@0.54107,0.071081,0.730167,0.445658;40@0.383734,0.094651,0.858288;100@0.190103;37@0.464376,0.920518,0.29374,0.09364,0.485322,0.625148,0.974288,0.340868,0.021897,0.263477,0.998789,0.438952,0.247293;27@0.827534,0.111971,0.6853,0.316263,0.130642,0.780685,0.593652;92@0.38928,0.813967,0.356092,0.216187,0.192468;10@0.050837,0.850496,0.997287,0.773402,0.040937,0.996208,0.003457,0.660326,0.121588,0.611257,0.1233,0.218673;75@0.30448,0.285981,0.278816,0.279894,0.470188,0.849801,0.946029,0.087632,0.991487,0.202538;84@0.73846,0.5604,0.627901,0.324987,0.728001,0.789718,0.402333,0.8287,0.009137,0.909478,0.96273;82@0.766047;47@0.55011,0.033523,0.63225,0.66616,0.187053,0.039837,0.282226,0.773814,0.778201,0.21413,0.621805;9@0.467905,0.754492,0.483254,0.586716,0.556881,0.140963,0.217838,0.536354,0.66502,0.752641,0.998103;39@0.636844,0.946721,0.161334,0.302653,0.127059,0.370535,0.568066,0.238846,0.990819;88@0.093614,0.620109,0.411738,0.937047,0.401761,0.022056,0.519833;30@0.849072,0.309645,0.212055,0.989728,0.771299,0.210707,0.992751,0.714057,0.433731,0.371142|1|1762487393
I20251108 00:02:58.828919 139717798590272 data_text_parser.cc:116] beg_pos: 10210,end_pos: 12414
I20251108 00:02:58.828932 139717798590272 data_text_parser.cc:59] line: 190|7|1720@1347064494:0.154576;1185@1282112822:0.51915;1587@2286504049:0.27246;1048@482116484:0.175634;1413@1444300029:0.666999;1472@202908582:0.562425;1861@1965162178:0.748982;1430@190002712:0.49069;1384@1544807930:0.407122;1829@3799047848:0.827367;1635@791242046:0.878568;1785@3489945876:0.813568;1712@2258369463:0.637016;1116@212803753:0.985052;1010@179695458:0.965337;1371@1283225283:0.155077;1381@1466375552:0.724617;1736@108941232:0.600975;1206@377764032:0.335697;1202@2876671912:0.07372|67@0.861467,0.197159,0.62567,0.348459,0.231856,0.712142,0.520824,0.743745,0.721528,0.657292,0.658032;56@0.195991,0.945079,0.001616,0.235774,0.513528,0.578939,0.168857,0.267811,0.842241,0.576378,0.593165,0.835071;73@0.658791,0.878061;38@0.731031,0.700005,0.426756,0.0024,0.673755,0.997303,0.84354,0.672983,0.250859,0.952179;1@;14@0.872443,0.828565,0.921279,0.188883,0.292464,0.401451,0.436596,0.390196,0.493492;41@;32@0.30657,0.464561,0.127473,0.815899;70@0.288885,0.920918,0.367126,0.734239;43@0.14405,0.170166,0.518598,0.3947,0.774108,0.990582,0.311811,0.795403,0.400764,0.012739,0.28268;65@0.882534,0.605119,0.920379,0.253454;20@0.413631,0.623579,0.970054,0.822003;40@0.638813,0.31733,0.479043;100@0.329849;37@0.296233,0.034954,0.735212,0.973772,0.858549,0.482084,0.726635,0.808723,0.133635,0.365318,0.939106,0.675473,0.689595;27@0.455844,0.136731,0.446312,0.172018,0.651596,0.164077,0.81402;92@0.922223,0.53676,0.30187,0.353534,0.22681;10@0.354693,0.037533,0.305171,0.70373,0.414975,0.449273,0.633702,0.503388,0.741838,0.370852,0.377085,0.922551;75@0.800178,0.051261,0.122752,0.210224,0.501519,0.967709,0.536778,0.226035,0.112174,0.160991;84@0.696241,0.390892,0.508143,0.632593,0.650157,0.603044,0.583303,0.405896,0.53733,0.756337,0.243162;82@0.53074;47@0.578292,0.384536,0.252922,0.474769,0.838037,0.958623,0.954645,0.475147,0.377992,0.379264,0.811789;9@0.666641,0.425092,0.325862,0.066223,0.766115,0.888563,0.330266,0.843996,0.162449,0.887039,0.429258;39@0.805959,0.075076,0.022723,0.757656,0.680382,0.183963,0.188765,0.9246,0.018239;88@0.333864,0.696356,0.386625,0.698535,0.519931,0.169347,0.922671;30@0.749121,0.417582,0.364728,0.239699,0.193847,0.673993,0.677786,0.091558,0.404535,0.019733|0|1762487393
I20251108 00:02:58.828964 139717798590272 data_text_parser.cc:116] beg_pos: 12415,end_pos: 14633
I20251108 00:02:58.828976 139717798590272 data_text_parser.cc:59] line: 191|841|1720@2039179821:0.563823;1185@4029501908:0.018012;1587@1908961469:0.316217;1048@4183226448:0.867747;1413@4257262344:0.387142;1472@1089034237:0.898466;1861@606291083:0.071849;1430@1756470669:0.344584;1384@1899039149:0.926097;1829@2994474971:0.782635;1635@3318752147:0.364482;1785@1838897340:0.309933;1712@287485728:0.484538;1116@2033198860:0.492757;1010@22478384:0.310918;1371@2932474328:0.73271;1381@1205488549:0.741659;1736@3187298619:0.63321;1206@3485030685:0.243286;1202@2732610767:0.503602|67@0.663047,0.120811,0.492507,0.815917,0.059662,0.846206,0.136545,0.284249,0.779685,0.546957,0.787992;56@0.060046,0.774244,0.093042,0.587956,0.662421,0.416102,0.113813,0.862186,0.692172,0.147174,0.945549,0.807858;73@0.872547,0.170348;38@0.29268,0.448238,0.967449,0.476247,0.333695,0.458716,0.400119,0.020587,0.540133,0.243762;1@;14@0.096865,0.811269,0.620404,0.772849,0.924682,0.975731,0.17131,0.132348,0.316569;41@;32@0.828764,0.766262,0.148233,0.082065;70@0.317517,0.21307,0.664537,0.992907;43@0.530177,0.838023,0.982125,0.820788,0.937914,0.940886,0.836762,0.745853,0.219364,0.868436,0.745007;65@0.122639,0.489697,0.655781,0.334346;20@0.527324,0.785728,0.656908,0.661967;40@0.99049,0.237917,0.186634;100@0.727892;37@0.558513,0.921857,0.632892,0.307088,0.21665,0.334318,0.972169,0.854389,0.86037,0.847207,0.220339,0.371673,0.965845;27@0.328683,0.181297,0.811327,0.514342,0.797916,0.018972,0.306111;92@0.991798,0.413195,0.053331,0.44943,0.39427;10@0.138866,0.283254,0.234535,0.63988,0.034824,0.474424,0.961062,0.975227,0.644646,0.168473,0.924503,0.3365;75@0.799562,0.474067,0.397851,0.245519,0.890254,0.997826,0.204961,0.240079,0.510628,0.870239;84@0.252261,0.599203,0.062161,0.982036,0.557072,0.341153,0.215767,0.306159,0.528017,0.815846,0.021472;82@0.241745;47@0.508149,0.326812,0.091588,0.551262,0.559906,0.356885,0.684838,0.54755,0.668171,0.543648,0.497596;9@0.127082,0.246907,0.022153,0.183278,0.871888,0.917936,0.242861,0.767333,0.578256,0.79512,0.722425;39@0.350143,0.441221,0.841163,0.490699,0.511913,0.256115,0.938381,0.730452,0.812731;88@0.583739,0.790005,0.373584,0.573888,0.458379,0.597788,0.815946;30@0.651357,0.771773,0.695665,0.855614,0.574509,0.908113,0.226473,0.133726,0.246094,0.159703|0|1762487393
I20251108 00:02:58.829016 139717798590272 data_text_parser.cc:116] beg_pos: 14634,end_pos: 16843
I20251108 00:02:58.829028 139717798590272 data_text_parser.cc:59] line: 192|172|1720@3993855760:0.480099;1185@2881699605:0.138551;1587@2673567161:0.024681;1048@25523842:0.675748;1413@4159109498:0.586601;1472@3662684976:0.166034;1861@4141983198:0.131907;1430@4281452621:0.411073;1384@1246716932:0.350576;1829@355862957:0.232648;1635@2578211816:0.808125;1785@2924029003:0.447801;1712@1726949214:0.60288;1116@1466375552:0.896674;1010@2760636879:0.347209;1371@1517831405:0.116806;1381@794980764:0.291096;1736@875108628:0.780796;1206@2117120863:0.203477;1202@3598127377:0.910914|67@0.818769,0.746002,0.323787,0.344386,0.928733,0.111994,0.697033,0.219265,0.075354,0.047713,0.728575;56@0.121306,0.605034,0.532207,0.430739,0.334726,0.564666,0.065785,0.655466,0.271604,0.875683,0.859712,0.133963;73@0.277014,0.733164;38@0.1298,0.591179,0.09218,0.855278,0.587339,0.655793,0.570797,0.589326,0.335917,0.721655;1@;14@0.9303,0.830736,0.464486,0.048961,0.546503,0.074272,0.322958,0.742309,0.885939;41@;32@0.095015,0.08709,0.476843,0.55291;70@0.09164,0.044595,0.388166,0.642194;43@0.830657,0.339769,0.688182,0.223765,0.844392,0.000803,0.914319,0.397582,0.378636,0.68665,0.28448;65@0.478822,0.960709,0.282153,0.98976;20@0.599816,0.226902,0.872551,0.254;40@0.357375,0.120663,0.525085;100@0.921118;37@0.456915,0.30205,0.805181,0.036552,0.604691,0.120755,0.678862,0.994981,0.493916,0.474278,0.900478,0.039578,0.329139;27@0.55184,0.569449,0.130095,0.772989,0.095818,0.022221,0.331138;92@0.079669,0.084284,0.397513,0.619369,0.338132;10@0.308443,0.600905,0.495666,0.213688,0.674983,0.371443,0.456304,0.337596,0.103706,0.048976,0.32744,0.45229;75@0.827289,0.397544,0.980658,0.804805,0.646991,0.962069,0.974942,0.712253,0.68448,0.288584;84@0.141463,0.217247,0.855799,0.114948,0.720357,0.636822,0.26811,0.517069,0.243716,0.981119,0.094232;82@0.042792;47@0.319632,0.977253,0.413982,0.568881,0.259342,0.439072,0.369352,0.496301,0.607716,0.316208,0.904669;9@0.562729,0.360435,0.741255,0.845656,0.838479,0.924664,0.473542,0.025376,0.306573,0.725786,0.702109;39@0.071188,0.667387,0.036336,0.377269,0.120528,0.44942,0.147105,0.530872,0.465382;88@0.399483,0.75867,0.127637,0.196977,0.814768,0.918944,0.069056;30@0.584253,0.085382,0.936811,0.913018,0.219709,0.534401,0.525225,0.694096,0.041628,0.354389|1|1762487393
I20251108 00:02:58.829069 139717798590272 data_text_parser.cc:116] beg_pos: 16844,end_pos: 19051
I20251108 00:02:58.829088 139717798590272 data_text_parser.cc:59] line: 193|809|1720@3795024919:0.219209;1185@769688730:0.527894;1587@588814272:0.047032;1048@1982230049:0.08288;1413@1714256495:0.609389;1472@135589189:0.614871;1861@2305081859:0.852093;1430@4095045258:0.461533;1384@1851268766:0.652025;1829@1736640959:0.514509;1635@2650833795:0.710258;1785@1337942533:0.120944;1712@3712646095:0.149725;1116@4103719429:0.65836;1010@550451898:0.044886;1371@30640881:0.235635;1381@2650833795:0.232195;1736@1483757217:0.929255;1206@368852608:0.392108;1202@1028270398:0.956804|67@0.985475,0.848732,0.942222,0.065817,0.327713,0.785647,0.108404,0.872501,0.468006,0.09302,0.957335;56@0.42376,0.739709,0.620985,0.004889,0.581987,0.117532,0.103303,0.957358,0.960282,0.850143,0.96507,0.780443;73@0.782462,0.616166;38@0.336606,0.722916,0.777397,0.490916,0.734765,0.040241,0.040806,0.990837,0.390292,0.225918;1@;14@0.601259,0.11775,0.095109,0.267816,0.045592,0.192779,0.688659,0.785593,0.313082;41@;32@0.837513,0.460493,0.433133,0.919726;70@0.971172,0.120318,0.219351,0.879462;43@0.876952,0.675337,0.623747,0.527454,0.360221,0.156157,0.59637,0.772238,0.284313,0.191468,0.407397;65@0.1472,0.532156,0.365141,0.266144;20@0.33628,0.668294,0.137983,0.504731;40@0.954402,0.718082,0.383564;100@0.940031;37@0.624258,0.567933,0.726553,0.838361,0.386825,0.31203,0.836856,0.447115,0.628977,0.705098,0.742977,0.917816,0.594951;27@0.07753,0.099126,0.389194,0.507482,0.131894,0.109236,0.934369;92@0.82998,0.510635,0.041529,0.85258,0.133825;10@0.656079,0.9101,0.4576,0.248283,0.424434,0.504766,0.145329,0.047686,0.176204,0.214908,0.878048,0.306547;75@0.66805,0.378182,0.589828,0.501133,0.210209,0.647229,0.904652,0.664167,0.180008,0.649338;84@0.186065,0.850511,0.713402,0.038876,0.797706,0.61676,0.721539,0.407439,0.98591,0.411602,0.720077;82@0.296605;47@0.024102,0.974719,0.077405,0.44226,0.767217,0.590569,0.822631,0.742914,0.848488,0.214898,0.192628;9@0.345056,0.626288,0.877682,0.464321,0.374098,0.195992,0.630442,0.379539,0.407597,0.446499,0.580958;39@0.414911,0.492317,0.834037,0.104589,0.722039,0.404323,0.495343,0.918196,0.507413;88@0.544981,0.732461,0.947203,0.768378,0.215567,0.129442,0.354788;30@0.965062,0.242332,0.334742,0.028728,0.066189,0.096964,0.190989,0.964126,0.120541,0.50664|0|1762487393
I20251108 00:02:58.829113 139717798590272 data_text_parser.cc:116] beg_pos: 19052,end_pos: 20480
I20251108 00:02:58.829362 139717798590272 data_text_parser.cc:101] get chunk buffer, size: 20480
I20251108 00:02:58.829379 139717798590272 data_text_parser.cc:116] beg_pos: 0,end_pos: 781
I20251108 00:02:58.829386 139717798590272 data_text_parser.cc:61] buffer line: 194|424|1720@2178512692:0.207664;1185@2461933443:0.317361;1587@2092528221:0.138226;1048@1567129107:0.763144;1413@4171840160:0.206903;1472@3741318834:0.695722;1861@3072588078:0.150844;1430@577357121:0.005837;1384@3572180696:0.446726;1829@3807712298:0.983814;1635@697619755:0.86165;1785@2888235143:0.105734;1712@2476932902:0.686503;1116@1105229336:0.765795;1010@3528284739:0.887549;1371@1972535142:0.664048;1381@3638962494:0.168399;1736@2512347371:0.019487;1206@2255085744:0.075319;1202@2316863635:0.985063|67@0.284743,0.968711,0.690914,0.358197,0.16856,0.486749,0.825483,0.716495,0.445818,0.519241,0.032712;56@0.041828,0.225615,0.451831,0.902568,0.555834,0.478153,0.32458,0.606445,0.030261,0.085833,0.841424,0.785277;73@0.721679,0.312097;38@0.801824,0.271623,0.5573,0.165217,0.491796,0.838492,0.520108,0.205895,0.070203,0.689253;1@;14@0.743177,0.68604,0.013647,0.081024,0.816659,0.19527,0.34052,0.726776,0.995744;41@;32@0.099097,0.444195,0.650236,0.117636;70@0.900093,0.137192,0.979147,0.85502;43@0.373918,0.428417,0.674021,0.827406,0.585163,0.293768,0.49031,0.177148,0.508595,0.263069,0.462154;65@0.23378,0.935564,0.304542,0.555979;20@0.517714,0.03645,0.731062,0.264676;40@0.409801,0.336609,0.098953;100@0.630914;37@0.966646,0.281724,0.913706,0.165239,0.877244,0.104388,0.243784,0.695534,0.666948,0.760762,0.116339,0.467292,0.768292;27@0.968044,0.785898,0.862203,0.913462,0.614277,0.932329,0.37801;92@0.995124,0.254984,0.334654,0.665204,0.38611;10@0.315203,0.957288,0.186205,0.942187,0.17146,0.113143,0.067412,0.341399,0.031396,0.663616,0.335279,0.312039;75@0.940316,0.659397,0.288911,0.925195,0.249658,0.672532,0.704726,0.064358,0.915643,0.182524;84@0.461487,0.550303,0.562487,0.03265,0.79909,0.056558,0.44485,0.930037,0.144499,0.668511,0.596989;82@0.593108;47@0.904171,0.58791,0.349234,0.129078,0.67593,0.866339,0.60347,0.839176,0.238118,0.456875,0.589166;9@0.611545,0.237227,0.883868,0.10811,0.007527,0.092509,0.571628,0.462625,0.044385,0.085779,0.968543;39@0.693476,0.814277,0.612334,0.92409,0.216647,0.754513,0.194499,0.157755,0.355409;88@0.779723,0.275364,0.206789,0.784688,0.862237,0.92367,0.446047;30@0.884366,0.355189,0.912136,0.22783,0.808661,0.188568,0.018267,0.858735,0.394157,0.19067|1|1762487393
I20251108 00:02:58.829428 139717798590272 data_text_parser.cc:116] beg_pos: 782,end_pos: 2999
I20251108 00:02:58.829441 139717798590272 data_text_parser.cc:59] line: 195|196|1720@840948019:0.190907;1185@2622738821:0.748759;1587@2622476862:0.928011;1048@3660622527:0.281633;1413@3189299700:0.612368;1472@4197157510:0.040772;1861@863833088:0.487867;1430@3638208376:0.003377;1384@3612888877:0.577081;1829@2985237320:0.099652;1635@3386019745:0.352678;1785@1634327954:0.687387;1712@1088506372:0.293803;1116@2347871280:0.336008;1010@1621193764:0.292506;1371@3660346855:0.067812;1381@1804804769:0.697054;1736@4168364882:0.719709;1206@3152519764:0.34688;1202@1547198488:0.177527|67@0.686217,0.077637,0.811855,0.374943,0.203121,0.456827,0.837612,0.146657,0.635983,0.273402,0.905576;56@0.614945,0.915549,0.11671,0.622429,0.607456,0.904025,0.245744,0.777321,0.203471,0.128288,0.774158,0.004403;73@0.48491,0.22994;38@0.406634,0.622656,0.730439,0.321968,0.911734,0.574502,0.907457,0.07785,0.169808,0.136092;1@;14@0.326651,0.474201,0.055746,0.255345,0.912135,0.064622,0.917863,0.144414,0.420541;41@;32@0.470812,0.357733,0.208473,0.737803;70@0.002209,0.888153,0.400872,0.776336;43@0.064081,0.567452,0.047801,0.669756,0.267937,0.577258,0.175653,0.212563,0.125849,0.054531,0.234903;65@0.393676,0.689177,0.11923,0.756331;20@0.63855,0.922787,0.041403,0.726933;40@0.930669,0.916051,0.424289;100@0.728579;37@0.478566,0.43764,0.019477,0.03884,0.077066,0.595339,0.998043,0.072819,0.216084,0.092727,0.814371,0.634041,0.791521;27@0.693053,0.922825,0.452386,0.638243,0.519475,0.69008,0.449132;92@0.447462,0.025323,0.891846,0.112674,0.872301;10@0.029453,0.847663,0.232665,0.577973,0.359313,0.843521,0.574546,0.66261,0.571103,0.517161,0.176161,0.979568;75@0.291242,0.671656,0.744243,0.491645,0.420489,0.014201,0.463762,0.959988,0.232352,0.792867;84@0.01385,0.98764,0.174436,0.381874,0.199899,0.298183,0.381411,0.022849,0.974008,0.696005,0.780818;82@0.020901;47@0.36979,0.344537,0.632593,0.280134,0.469479,0.137708,0.373833,0.65334,0.916699,0.711257,0.363901;9@0.082379,0.400994,0.037086,0.941213,0.362789,0.243723,0.869068,0.227746,0.706516,0.777896,0.708608;39@0.776047,0.328672,0.880022,0.611739,0.745753,0.380665,0.91793,0.195275,0.046576;88@0.298211,0.856332,0.267276,0.810176,0.384972,0.3422,0.060299;30@0.513555,0.582133,0.248548,0.031099,0.343508,0.199624,0.612757,0.424217,0.380202,0.873384|1|1762487393
I20251108 00:02:58.829472 139717798590272 data_text_parser.cc:116] beg_pos: 3000,end_pos: 5205
I20251108 00:02:58.829484 139717798590272 data_text_parser.cc:59] line: 196|78|1720@3961237500:0.417175;1185@493440794:0.820766;1587@2896486554:0.948711;1048@1159949263:0.673611;1413@2351145914:0.209182;1472@1176807072:0.813727;1861@2715215906:0.362508;1430@202908582:0.995328;1384@2316552552:0.17398;1829@2162246456:0.389992;1635@3418876364:0.87484;1785@998732913:0.840321;1712@889185108:0.52333;1116@617198242:0.692425;1010@1458457523:0.105964;1371@2240112109:0.710347;1381@1914468174:0.218253;1736@2210154629:0.289864;1206@1747320335:0.083322;1202@46610589:0.063662|67@0.267591,0.787355,0.903904,0.280402,0.233447,0.373584,0.635541,0.523538,0.438028,0.113333,0.535209;56@0.123355,0.128763,0.191698,0.307847,0.606291,0.531272,0.514929,0.678534,0.201941,0.737773,0.533704,0.930306;73@0.8918,0.184705;38@0.097885,0.793486,0.732671,0.579264,0.073002,0.958212,0.34785,0.505751,0.56973,0.524401;1@;14@0.985935,0.819386,0.638244,0.716219,0.197859,0.997407,0.706856,0.895475,0.359572;41@;32@0.004988,0.136097,0.816032,0.974792;70@0.418304,0.341081,0.696874,0.307832;43@0.704181,0.218455,0.986937,0.986793,0.74887,0.185674,0.037361,0.005391,0.23838,0.333876,0.447251;65@0.0647,0.459432,0.612748,0.741186;20@0.203011,0.578767,0.112294,0.395749;40@0.577545,0.838134,0.790868;100@0.217261;37@0.974773,0.225722,0.163032,0.336422,0.088338,0.281089,0.480198,0.667918,0.782015,0.232726,0.75552,0.508998,0.336323;27@0.538859,0.840738,0.542258,0.665076,0.824709,0.522034,0.238901;92@0.72933,0.814743,0.376774,0.63408,0.688029;10@0.879747,0.122392,0.514398,0.949706,0.681515,0.08714,0.635329,0.645692,0.960911,0.383898,0.254129,0.00164;75@0.984152,0.935435,0.492832,0.934299,0.807113,0.655096,0.521309,0.187916,0.36558,0.811175;84@0.260731,0.46143,0.514538,0.987109,0.900178,0.750646,0.2892,0.217565,0.439066,0.254547,0.729098;82@0.803161;47@0.652528,0.556824,0.805998,0.782991,0.738111,0.737869,0.070732,0.804828,0.165513,0.303413,0.766053;9@0.789798,0.20472,0.277927,0.689407,0.232152,0.471793,0.811291,0.167904,0.045315,0.610552,0.97184;39@0.959082,0.468386,0.129695,0.369526,0.705892,0.837171,0.635652,0.16027,0.164343;88@0.137991,0.344284,0.818481,0.175193,0.81466,0.900449,0.932162;30@0.385339,0.545235,0.915664,0.969412,0.244819,0.748148,0.732554,0.064866,0.871831,0.927841|0|1762487393
I20251108 00:02:58.829524 139717798590272 data_text_parser.cc:116] beg_pos: 5206,end_pos: 7415
I20251108 00:02:58.829537 139717798590272 data_text_parser.cc:59] line: 197|388|1720@1401952161:0.567472;1185@1947491398:0.019302;1587@910114641:0.318362;1048@1636410175:0.072126;1413@1665092541:0.051268;1472@3171388589:0.084782;1861@385224304:0.522178;1430@3756893552:0.276013;1384@3289998358:0.734445;1829@1671844911:0.902669;1635@666617181:0.241931;1785@1107589223:0.200598;1712@463142482:0.943253;1116@1269543198:0.946178;1010@755314642:0.517357;1371@494123072:0.685216;1381@23926290:0.972;1736@2926868473:0.064042;1206@2210951822:0.392177;1202@2253037216:0.991567|67@0.347149,0.829522,0.553848,0.774794,0.647037,0.705936,0.908797,0.194998,0.849269,0.091165,0.831632;56@0.206555,0.960051,0.00744,0.625204,0.768622,0.239352,0.231678,0.119514,0.226929,0.815142,0.553317,0.718848;73@0.879048,0.804069;38@0.92555,0.490938,0.187794,0.74007,0.918412,0.972543,0.556107,0.879989,0.708365,0.216138;1@;14@0.40654,0.867793,0.645621,0.358529,0.861251,0.750622,0.140972,0.293144,0.487307;41@;32@0.896812,0.13542,0.320513,0.818725;70@0.39965,0.506736,0.883891,0.079765;43@0.313898,0.970648,0.512349,0.220095,0.418244,0.026663,0.478893,0.373323,0.268359,0.97962,0.497958;65@0.622504,0.489285,0.020625,0.738268;20@0.355752,0.537303,0.314949,0.586622;40@0.500798,0.081525,0.801491;100@0.694109;37@0.263588,0.186247,0.619666,0.185415,0.146646,0.505332,0.330356,0.712949,0.684836,0.37573,0.712113,0.941095,0.733806;27@0.953314,0.074183,0.141822,0.091543,0.941159,0.316892,0.676441;92@0.942377,0.180927,0.930447,0.293265,0.556038;10@0.698012,0.050058,0.479753,0.630565,0.960295,0.794578,0.641095,0.831092,0.575617,0.602539,0.327079,0.19148;75@0.758828,0.246965,0.237926,0.489107,0.75303,0.308048,0.102427,0.340682,0.687444,0.828025;84@0.676484,0.544134,0.889783,0.090965,0.7501,0.697697,0.059783,0.51603,0.281872,0.103472,0.754042;82@0.454835;47@0.956284,0.475479,0.505969,0.963477,0.965181,0.259543,0.552631,0.10118,0.386486,0.969246,0.230314;9@0.172608,0.123561,0.735776,0.835774,0.580393,0.617528,0.546403,0.241647,0.354138,0.020563,0.020482;39@0.593797,0.3272,0.129557,0.369129,0.240926,0.530465,0.583266,0.294631,0.470844;88@0.664093,0.631444,0.460951,0.104179,0.794075,0.163081,0.396523;30@0.916963,0.38607,0.452556,0.462766,0.103281,0.899231,0.956942,0.517488,0.018362,0.774007|1|1762487393
I20251108 00:02:58.829567 139717798590272 data_text_parser.cc:116] beg_pos: 7416,end_pos: 9620
I20251108 00:02:58.829584 139717798590272 data_text_parser.cc:59] line: 198|547|1720@610996648:0.6525;1185@3568134353:0.441688;1587@3674884354:0.338708;1048@2355948384:0.667792;1413@4232173725:0.172942;1472@3569031527:0.690133;1861@659404624:0.265872;1430@229617862:0.815611;1384@289571040:0.76269;1829@144172754:0.79174;1635@2975257200:0.356064;1785@130794710:0.157463;1712@2048627904:0.746812;1116@576652297:0.951725;1010@505075974:0.659203;1371@1093268380:0.581225;1381@3300209120:0.952139;1736@2079451260:0.967443;1206@359875142:0.449588;1202@18529310:0.319339|67@0.585922,0.74474,0.261394,0.355327,0.09216,0.458755,0.546583,0.472377,0.771455,0.699863,0.154398;56@0.967003,0.604134,0.445391,0.823394,0.558727,0.868832,0.551691,0.740849,0.211464,0.922721,0.702858,0.095524;73@0.126488,0.432967;38@0.018797,0.071276,0.286653,0.935301,0.392135,0.103917,0.219299,0.583262,0.622227,0.021838;1@;14@0.180692,0.782705,0.220448,0.621741,0.807269,0.240039,0.367245,0.836808,0.340231;41@;32@0.90858,0.813387,0.16916,0.509572;70@0.281353,0.639044,0.124173,0.492304;43@0.26705,0.252282,0.924526,0.536926,0.99915,0.127211,0.845159,0.724816,0.152847,0.845584,0.082205;65@0.563246,0.112971,0.880002,0.94314;20@0.591166,0.338276,0.239251,0.531477;40@0.442748,0.858736,0.926977;100@0.040143;37@0.318848,0.328734,0.113731,0.787396,0.016315,0.613328,0.38723,0.323502,0.967485,0.485277,0.040616,0.553627,0.367279;27@0.834234,0.360343,0.738079,0.689051,0.865034,0.829642,0.669353;92@0.306247,0.473716,0.445326,0.231428,0.272863;10@0.121933,0.417297,0.416734,0.425317,0.163432,0.983618,0.225031,0.56701,0.782621,0.64116,0.60142,0.18425;75@0.85175,0.062545,0.304656,0.390376,0.71453,0.714688,0.304154,0.332871,0.092972,0.138704;84@0.402647,0.267059,0.5002,0.376971,0.720074,0.232813,0.36679,0.022027,0.801742,0.342601,0.582391;82@0.118837;47@0.697253,0.960064,0.902173,0.321832,0.199841,0.840605,0.84479,0.517327,0.362106,0.699466,0.425802;9@0.531743,0.903489,0.845732,0.287008,0.823386,0.533777,0.219061,0.755229,0.612234,0.166236,0.209112;39@0.885295,0.287216,0.497495,0.229904,0.701041,0.662721,0.500908,0.296365,0.837038;88@0.863658,0.229714,0.059742,0.244545,0.475254,0.372848,0.184825;30@0.026086,0.076374,0.184521,0.331342,0.297465,0.241291,0.855892,0.704562,0.726471,0.800524|0|1762487393
I20251108 00:02:58.829621 139717798590272 data_text_parser.cc:116] beg_pos: 9621,end_pos: 11826
I20251108 00:02:58.829634 139717798590272 data_text_parser.cc:59] line: 199|645|1720@1711815651:0.816266;1185@3618852864:0.155392;1587@2862108505:0.538501;1048@2242950518:0.24804;1413@354255629:0.875658;1472@3985843876:0.898434;1861@3740211042:0.516247;1430@1059756508:0.602884;1384@2192909102:0.470881;1829@602066479:0.909977;1635@2775388873:0.479787;1785@2801513083:0.033976;1712@2339153006:0.091987;1116@1442654862:0.016067;1010@2867045187:0.10927;1371@377764032:0.813995;1381@2239797178:0.293635;1736@1254035618:0.953455;1206@3510381009:0.653968;1202@3130739720:0.114612|67@0.304834,0.373633,0.560446,0.362798,0.975781,0.895822,0.674907,0.291254,0.614408,0.804806,0.730106;56@0.601088,0.200433,0.716193,0.65345,0.070032,0.308192,0.62051,0.271184,0.261262,0.839244,0.621681,0.169071;73@0.486333,0.19149;38@0.779265,0.790528,0.440551,0.425581,0.449458,0.138416,0.133621,0.634572,0.698303,0.680962;1@;14@0.496118,0.754046,0.040158,0.491399,0.336426,0.584337,0.324954,0.118504,0.958303;41@;32@0.174402,0.515569,0.535969,0.520893;70@0.625381,0.23564,0.950994,0.074769;43@0.464196,0.410188,0.040096,0.853781,0.243018,0.590201,0.27484,0.055638,0.55887,0.987021,0.916796;65@0.976438,0.43241,0.670717,0.128115;20@0.71329,0.774005,0.144799,0.481175;40@0.005347,0.979728,0.989816;100@0.059499;37@0.854194,0.881364,0.063107,0.939611,0.401011,0.004224,0.856562,0.988572,0.191913,0.17773,0.494318,0.079786,0.612261;27@0.650148,0.429459,0.494155,0.505887,0.7255,0.485903,0.794186;92@0.663633,0.709794,0.193765,0.820716,0.830259;10@0.033027,0.970672,0.517226,0.851698,0.298428,0.511957,0.063845,0.815476,0.71148,0.56397,0.523884,0.170606;75@0.961099,0.794754,0.384976,0.029665,0.397427,0.138516,0.309835,0.67613,0.013654,0.968673;84@0.708195,0.209572,0.36563,0.615899,0.327256,0.516097,0.570954,0.887954,0.560538,0.12653,3.5e-05;82@0.08252;47@0.696708,0.161239,0.12313,0.479094,0.788456,0.748905,0.114972,0.168164,0.648188,0.312463,0.258149;9@0.65034,0.957964,0.683631,0.844095,0.819451,0.9726,0.49526,0.130563,0.782933,0.493201,0.044079;39@0.582173,0.2471,0.108631,0.525828,0.465861,0.444365,0.936337,0.660878,0.12252;88@0.018849,0.25915,0.091317,0.907087,0.536566,0.816551,0.015293;30@0.903401,0.961262,0.149128,0.870698,0.878493,0.793624,0.923005,0.351471,0.882826,0.996813|0|1762487393
I20251108 00:02:58.829682 139717798590272 data_text_parser.cc:116] beg_pos: 11827,end_pos: 14022
I20251108 00:02:58.829694 139717798590272 data_text_parser.cc:59] line: 200|230|1720@437979728:0.917566;1185@998869518:0.219853;1587@487719878:0.626974;1048@938403203:0.166727;1413@66031209:0.397502;1472@2033194355:0.955324;1861@4262633349:0.07439;1430@4163941394:0.942886;1384@1753024495:0.824918;1829@48091323:0.655671;1635@3767970278:0.159921;1785@3006429162:0.412998;1712@2920233632:0.153998;1116@606102906:0.306742;1010@1061055775:0.816243;1371@3660953754:0.311071;1381@2765544832:0.864853;1736@3502059717:0.262117;1206@1588023321:0.137824;1202@1081356716:0.864071|67@0.179483,0.544022,0.27824,0.335616,0.129859,0.707417,0.843765,0.039916,0.665949,0.332115,0.411598;56@0.16873,0.30907,0.624071,0.744698,0.239911,0.031955,0.322177,0.84233,0.351626,0.598859,0.181706,0.255973;73@0.095015,0.842716;38@0.443815,0.79133,0.421543,0.132315,0.784023,0.791682,0.083962,0.444163,0.660023,0.963149;1@;14@0.91347,0.237282,0.610237,0.966652,0.35872,0.813142,0.96428,0.4169,0.950834;41@;32@0.309683,0.290216,0.301942,0.588231;70@0.017598,0.139562,0.925837,0.430016;43@0.7029,0.955505,0.444806,0.506969,0.015347,0.473174,0.229216,0.474564,0.097271,0.824471,0.483;65@0.284775,0.721971,0.436479,0.808606;20@0.077591,0.478831,0.696391,0.62146;40@0.447144,0.907933,0.888466;100@0.268578;37@0.890796,0.176857,0.803918,0.858799,0.720117,0.634326,0.15297,0.30912,0.641315,0.560182,0.897533,0.9898,0.774663;27@0.272018,0.093357,0.349747,0.972919,0.19021,0.484869,0.963204;92@0.564391,0.307731,0.879004,0.461785,0.098607;10@0.769994,0.549065,0.42993,0.313025,0.632405,0.923049,0.039003,0.958007,0.896547,0.060124,0.445128,0.677423;75@0.706786,0.905028,0.86105,0.253199,0.726854,0.766671,0.505604,0.461237,0.625888,0.051186;84@0.186524,0.614271,0.919296,0.775587,0.833976,0.71515,0.04664,0.48581,0.947421,0.821981,0.967539;82@0.336836;47@0.880185,0.477169,0.327229,0.371029,0.54157,0.620071,0.893615,0.509847,0.118795,0.498948,0.755892;9@0.333708,0.224226,0.077149,0.402356,0.239767,0.622328,0.881314,0.879239,0.875768,0.451674,0.878025;39@0.546974,0.792253,0.87947,0.524196,0.37151,0.729573,0.56725,0.909673,0.253655;88@0.49955,0.003239,0.951738,0.450492,0.290321,0.208241,0.941019;30@0.863305,0.340519,0.336806,0.683507,0.497559,0.131954,0.354155,0.302069,0.64562,0.801008|0|1762487393
I20251108 00:02:58.829725 139717798590272 data_text_parser.cc:116] beg_pos: 14023,end_pos: 16228
I20251108 00:02:58.829737 139717798590272 data_text_parser.cc:59] line: 201|544|1720@2059609076:0.29716;1185@2699771651:0.811327;1587@3783720333:0.957263;1048@2890058868:0.431002;1413@800278079:0.93957;1472@3871412801:0.118261;1861@1798602114:0.977298;1430@1376717817:0.517737;1384@1396111926:0.235283;1829@3548519855:0.082617;1635@1689919995:0.62118;1785@2231076558:0.044445;1712@3768689790:0.324288;1116@3603865936:0.536574;1010@4127068062:0.378917;1371@2821577674:0.809783;1381@1844267854:0.535778;1736@3578209118:0.87702;1206@365059609:0.223156;1202@2414701051:0.625458|67@0.643041,0.454915,0.619316,0.667432,0.675044,0.790152,0.552739,0.161172,0.158008,0.209584,0.171044;56@0.16333,0.560395,0.832772,0.845372,0.886846,0.326328,0.660089,0.116611,0.144666,0.9486,0.12463,0.091807;73@0.12254,0.156444;38@0.3471,0.860894,0.338437,0.981171,0.802545,0.637387,0.478154,0.506474,0.89687,0.740519;1@;14@0.232601,0.92429,0.127103,0.14325,0.504408,0.469693,0.552283,0.215119,0.317931;41@;32@0.748383,0.029843,0.850733,0.954022;70@0.625663,0.229675,0.325614,0.845513;43@0.429976,0.276829,0.949952,0.232312,0.928349,0.864826,0.057272,0.656054,0.501196,0.947586,0.392727;65@0.543138,0.309447,0.189891,0.940813;20@0.907827,0.628147,0.919946,0.789465;40@0.539578,0.956927,0.714826;100@0.838236;37@0.946291,0.396152,0.354922,0.669525,0.114062,0.934712,0.441006,0.193112,0.132443,0.29327,0.771567,0.948973,0.191685;27@0.390175,0.307701,0.94889,0.161298,0.610144,0.296227,0.746002;92@0.308488,0.939519,0.28013,0.754481,0.931442;10@0.205858,0.172625,0.624652,0.502468,0.006927,0.011062,0.14208,0.059374,0.775124,0.694832,0.246833,0.108031;75@0.391392,0.483234,0.325174,0.211286,0.192624,0.669152,0.525319,0.59613,0.149785,0.644305;84@0.503525,0.724784,0.79299,0.9081,0.45602,0.897562,0.644944,0.761074,0.883103,0.447467,0.235897;82@0.771356;47@0.004635,0.84221,0.91313,0.857454,0.327555,0.818398,0.003971,0.213428,0.819691,0.099963,0.516799;9@0.844702,0.391241,0.288384,0.027283,0.928103,0.075723,0.616655,0.051922,0.258181,0.548326,0.808505;39@0.980677,0.921877,0.092898,0.33342,0.191585,0.984535,0.628297,0.285586,0.698639;88@0.538438,0.041404,0.627184,0.6845,0.198606,0.045557,0.777072;30@0.848239,0.928005,0.845989,0.678262,0.536625,0.00904,0.482875,0.850502,0.74686,0.048935|0|1762487393
I20251108 00:02:58.829777 139717798590272 data_text_parser.cc:116] beg_pos: 16229,end_pos: 18437
I20251108 00:02:58.829790 139717798590272 data_text_parser.cc:59] line: 202|360|1720@2509468600:0.840166;1185@97723595:0.340457;1587@2641585069:0.644454;1048@2313738262:0.308916;1413@1033049330:0.751525;1472@2888235143:0.283638;1861@3277778313:0.689232;1430@1221088205:0.739217;1384@2799998464:0.025975;1829@2376605783:0.686379;1635@43959811:0.815928;1785@2896486554:0.740444;1712@3381346686:0.176007;1116@2941063181:0.245031;1010@2669574990:0.057737;1371@1473231094:0.853515;1381@3785292384:0.664238;1736@1768680424:0.267097;1206@1337914447:0.969358;1202@121727037:0.537097|67@0.955467,0.803797,0.729908,0.56884,0.388724,0.482482,0.821645,0.122559,0.951485,0.838568,0.03134;56@0.195092,0.459169,0.291179,0.16761,0.351858,0.134707,0.097648,0.148893,0.009253,0.330362,0.793936,0.784142;73@0.207031,0.99517;38@0.556657,0.469241,0.87374,0.865068,0.172852,0.782288,0.964251,0.610401,0.090365,0.84694;1@;14@0.348039,0.857542,0.092595,0.881568,0.464643,0.971731,0.758269,0.42567,0.902455;41@;32@0.340895,0.16282,0.465624,0.66519;70@0.060452,0.160321,0.68869,0.826376;43@0.456297,0.188919,0.790312,0.380913,0.717207,0.865605,0.17926,0.209843,0.799628,0.125759,0.111388;65@0.12584,0.037394,0.331049,0.230053;20@0.461185,0.133347,0.96745,0.844915;40@0.076119,0.280237,0.435036;100@0.173705;37@0.192376,0.397399,0.118124,0.420264,0.033252,0.621392,0.260183,0.130551,0.09404,0.736454,0.062765,0.629123,0.643775;27@0.745334,0.427347,0.626811,0.590258,0.451156,0.788823,0.357235;92@0.675907,0.217542,0.150733,0.370534,0.460056;10@0.432228,0.269034,0.983734,0.216572,0.374414,0.445926,0.036841,0.805422,0.360651,0.383252,0.644881,0.20558;75@0.946359,0.143881,0.154734,0.481796,0.0355,0.07639,0.578853,0.938462,0.911619,0.141636;84@0.529603,0.30386,0.321139,0.72115,0.923097,0.285683,0.080456,0.743384,0.92898,0.995969,0.407835;82@0.898541;47@0.594805,0.058249,0.973216,0.717046,0.090684,0.873016,0.658362,0.080167,0.603666,0.479005,0.266021;9@0.127029,0.237802,0.280476,0.814531,0.578425,0.419177,0.522831,0.539309,0.547221,0.851347,0.577254;39@0.948191,0.774411,0.35273,0.808223,0.299839,0.617502,0.71158,0.462172,0.059196;88@0.491894,0.400591,0.182739,0.238348,0.729321,0.667404,0.40952;30@0.051271,0.225859,0.284516,0.693358,0.468252,0.261073,0.789906,0.550615,0.774773,0.742744|1|1762487393
I20251108 00:02:58.829820 139717798590272 data_text_parser.cc:116] beg_pos: 18438,end_pos: 20480
I20251108 00:02:58.830063 139717798590272 data_text_parser.cc:101] get chunk buffer, size: 20480
I20251108 00:02:58.830075 139717798590272 data_text_parser.cc:116] beg_pos: 0,end_pos: 168
I20251108 00:02:58.830082 139717798590272 data_text_parser.cc:61] buffer line: 203|974|1720@2854958779:0.241031;1185@2351151640:0.09141;1587@2707338839:0.93854;1048@552421456:0.517341;1413@59682361:0.413932;1472@268314893:0.514715;1861@14754336:0.098878;1430@2013859913:0.927261;1384@3730812404:0.147538;1829@1898862208:0.747092;1635@2221706663:0.971105;1785@915166061:0.935894;1712@3881724442:0.211366;1116@3642564767:0.608604;1010@3758008525:0.442787;1371@2252904148:0.657087;1381@1992761669:0.021479;1736@3484555265:0.606125;1206@392963559:0.358489;1202@1168323474:0.420588|67@0.034844,0.470213,0.396653,0.535826,0.684363,0.276482,0.532565,0.729437,0.255802,0.420501,0.373596;56@0.360748,0.39235,0.307521,0.366456,0.970071,0.8823,0.004958,0.336937,0.611752,0.987055,0.574972,0.986407;73@0.531243,0.991339;38@0.117404,0.127028,0.839206,0.946593,0.940275,0.819614,0.88913,0.356763,0.521111,0.673276;1@;14@0.039644,0.454409,0.317617,0.647845,0.252744,0.562406,0.248217,0.406898,0.876989;41@;32@0.628488,0.536293,0.356501,0.562268;70@0.167152,0.617253,0.798722,0.004424;43@0.224349,0.291896,0.852386,0.842988,0.884974,0.89778,0.699976,0.394782,0.91454,0.928804,0.649117;65@0.244831,0.964681,0.390548,0.381862;20@0.508583,0.614465,0.240081,0.206866;40@0.104941,0.550315,0.331181;100@0.751082;37@0.148437,0.582626,0.202614,0.485966,0.964133,0.657609,0.595397,0.538521,0.486226,0.777625,0.979155,0.984843,0.653732;27@0.043563,0.043041,0.728667,0.045991,0.172424,0.270067,0.345141;92@0.321757,0.562691,0.59871,0.093508,0.122608;10@0.499598,0.104172,0.190999,0.041093,0.992118,0.108062,0.922361,0.094819,0.07695,0.794882,0.206528,0.982636;75@0.536363,0.404106,0.177683,0.851618,0.426797,0.103675,0.662149,0.214177,0.641646,0.98842;84@0.81036,0.973564,0.141389,0.90297,0.062814,0.078062,0.032761,0.377221,0.45779,0.409082,0.401109;82@0.847949;47@0.563069,0.577545,0.381853,0.908049,0.90738,0.054045,0.42436,0.759592,0.281352,0.809023,0.699405;9@0.216742,0.159955,0.02755,0.991009,0.443977,0.872602,0.936904,0.40749,0.26917,0.568244,0.542382;39@0.101596,0.785793,0.745194,0.623935,0.862345,0.560922,0.941517,0.999453,0.598062;88@0.335472,0.428141,0.992756,0.587492,0.350052,0.037176,0.254544;30@0.756175,0.770639,0.548492,0.684298,0.247511,0.893101,0.979677,0.509708,0.262826,0.417747|1|1762487393
I20251108 00:02:58.830124 139717798590272 data_text_parser.cc:116] beg_pos: 169,end_pos: 2382
I20251108 00:02:58.830136 139717798590272 data_text_parser.cc:59] line: 204|237|1720@4156330028:0.587921;1185@1599670772:0.119165;1587@560666337:0.884265;1048@2512279024:0.67131;1413@17206801:0.49808;1472@4048506949:0.364422;1861@2924029003:0.822161;1430@2574393267:0.504392;1384@1517370225:0.40819;1829@1925993530:0.006646;1635@3454775141:0.052314;1785@1691878431:0.077042;1712@769860280:0.128139;1116@3871484542:0.185435;1010@568314421:0.615491;1371@1404405133:0.373562;1381@4064427732:0.548809;1736@2978698225:0.648685;1206@3354366225:0.197094;1202@2162812933:0.839293|67@0.822821,0.888979,0.736463,0.967559,0.957866,0.392706,0.232342,0.217563,0.757368,0.992442,0.340286;56@0.202789,0.810689,0.775306,0.563156,0.365456,0.668339,0.075335,0.186793,0.379227,0.761803,0.780753,0.875259;73@0.516685,0.38344;38@0.149131,0.70218,0.998515,0.992326,0.637241,0.24005,0.910991,0.607219,0.257338,0.546024;1@;14@0.662591,0.62199,0.248792,0.411544,0.396548,0.484341,0.895638,0.794019,0.892977;41@;32@0.560312,0.690182,0.214755,0.329058;70@0.373697,0.343171,0.283444,0.035773;43@0.174282,0.089846,0.364496,0.398731,0.055583,0.882694,0.043998,0.054757,0.842687,0.570679,0.42986;65@0.415212,0.88799,0.066897,0.786644;20@0.259657,0.284073,0.244071,0.333592;40@0.879601,0.515248,0.185684;100@0.836377;37@0.444467,0.668,0.010527,0.397764,0.202547,0.468281,0.417665,0.916821,0.584507,0.827356,0.127026,0.899066,0.276884;27@0.866479,0.089617,0.146779,0.580287,0.019355,0.595105,0.618579;92@0.685744,0.534312,0.978896,0.496673,0.002767;10@0.475795,0.698656,0.229482,0.724086,0.974226,0.609491,0.896259,0.961837,0.018726,0.860427,0.214347,0.664087;75@0.887516,0.020917,0.440555,0.229137,0.766287,0.021853,0.688964,0.496674,0.564657,0.967726;84@0.898578,0.253383,0.633432,0.406441,0.859538,0.013537,0.506899,0.892556,0.407179,0.484147,0.074563;82@0.432856;47@0.015807,0.387926,0.917097,0.701883,0.746865,0.73826,0.757219,0.326835,0.22609,0.716996,0.221265;9@0.900062,0.971978,0.198673,0.565275,0.010705,0.818129,0.19436,0.203487,0.930966,0.112601,0.045277;39@0.953553,0.25588,0.452303,0.08154,0.520285,0.455685,0.775966,0.385836,0.767967;88@0.485929,0.459145,0.156466,0.135537,0.100917,0.598446,0.812832;30@0.362976,0.810301,0.860858,0.648269,0.93719,0.804142,0.348478,0.694723,0.597717,0.82481|1|1762487393
I20251108 00:02:58.830177 139717798590272 data_text_parser.cc:116] beg_pos: 2383,end_pos: 4589
I20251108 00:02:58.830186 139717798590272 data_text_parser.cc:59] line: 205|297|1720@1929626721:0.776868;1185@2819200720:0.53278;1587@1989954929:0.112516;1048@3394983326:0.817882;1413@637041069:0.247067;1472@3584340770:0.415253;1861@2128616930:0.761012;1430@2417611102:0.833011;1384@3864043606:0.484411;1829@488815584:0.550308;1635@3556958425:0.846672;1785@3926344096:0.133085;1712@349745628:0.550541;1116@2974297802:0.574586;1010@2963368388:0.677925;1371@2344733617:0.201298;1381@1490446056:0.284869;1736@1469314039:0.963982;1206@1055766592:0.382733;1202@2255077481:0.129484|67@0.39508,0.283639,0.148737,0.974249,0.24382,0.434189,0.627238,0.939978,0.496525,0.229614,0.396753;56@0.260367,0.210389,0.338645,0.552591,0.383377,0.169783,0.005132,0.684699,0.8662,0.205717,0.725763,0.145198;73@0.273929,0.70847;38@0.761778,0.118237,0.324062,0.967501,0.604167,0.19224,0.639361,0.61366,0.634644,0.628387;1@;14@0.01619,0.211196,0.445031,0.834758,0.822435,0.970745,0.530127,0.507868,0.146517;41@;32@0.606017,0.008581,0.095587,0.408541;70@0.84105,0.189718,0.669219,0.377625;43@0.785321,0.421118,0.599086,0.786679,0.36832,0.079058,0.390598,0.608994,0.601203,0.58722,0.509647;65@0.02372,0.59368,0.068693,0.021035;20@0.534429,0.933727,0.270526,0.871339;40@0.612693,0.416593,0.797307;100@0.513574;37@0.448725,0.499017,0.568345,0.839628,0.316981,0.173744,0.491601,0.632283,0.159569,0.394807,0.392524,0.021463,0.542519;27@0.475269,0.585886,0.69426,0.182856,0.434931,0.858778,0.399551;92@0.257208,0.55794,0.917709,0.839902,0.970333;10@0.121772,0.085324,0.07306,0.215981,0.306215,0.718845,0.332454,0.291243,0.134684,0.88589,0.19937,0.423682;75@0.751517,0.734274,0.371258,0.840684,0.804714,0.401433,0.290542,0.125631,0.944492,0.788652;84@0.830596,0.865604,0.605595,0.954282,0.431033,0.793374,0.3843,0.683749,0.322052,0.983374,0.605402;82@0.32487;47@0.75111,0.07479,0.509263,0.420137,0.606671,0.085915,0.586224,0.091668,0.985806,0.359688,0.662789;9@0.83841,0.360692,0.686862,0.599178,0.269509,0.772317,0.982578,0.842359,0.372801,0.376192,0.337721;39@0.033244,0.069392,0.294322,0.68311,0.958344,0.236589,0.448397,0.196874,0.303058;88@0.417222,0.983107,0.853975,0.49344,0.098671,0.748647,0.406106;30@0.521933,0.719111,0.496005,0.543712,0.779651,0.134462,0.434717,0.014929,0.144095,0.15781|0|1762487393
I20251108 00:02:58.830216 139717798590272 data_text_parser.cc:116] beg_pos: 4590,end_pos: 6797
I20251108 00:02:58.830225 139717798590272 data_text_parser.cc:59] line: 206|818|1720@643034679:0.820948;1185@146711060:0.045253;1587@2130223182:0.502357;1048@4250617443:0.175153;1413@4131789325:0.552422;1472@3516269453:0.43017;1861@1284585559:0.439871;1430@3739713047:0.165023;1384@2971856673:0.97833;1829@2814919539:0.890045;1635@1196660332:0.331664;1785@1059272246:0.979154;1712@2152523533:0.281316;1116@804023819:0.402338;1010@4130273505:0.599839;1371@313053492:0.928326;1381@1262628694:0.33441;1736@2932151240:0.418965;1206@2850568070:0.074172;1202@3190777116:0.350329|67@0.598025,0.513663,0.633285,0.01241,0.117496,0.777763,0.099003,0.351278,0.047449,0.308794,0.50732;56@0.627132,0.578951,0.238562,0.326877,0.602032,0.927256,0.572147,0.899837,0.762115,0.154043,0.382853,0.857522;73@0.52711,0.228466;38@0.258462,0.365771,0.803889,0.907615,0.227207,0.892388,0.219995,0.101535,0.068459,0.875417;1@;14@0.78731,0.03966,0.870327,0.544724,0.249428,0.93964,0.89623,0.100124,0.148213;41@;32@0.618887,0.801481,0.136929,0.462244;70@0.14914,0.643738,0.686783,0.434077;43@0.991356,0.434636,0.816906,0.671385,0.163668,0.039955,0.833615,0.939426,0.959508,0.366066,0.989499;65@0.480068,0.00629,0.317452,0.594813;20@0.14151,0.374097,0.627666,0.632011;40@0.194383,0.357512,0.273013;100@0.094715;37@0.167628,0.5569,0.374553,0.961195,0.462748,0.229415,0.301025,0.853097,0.757474,0.817221,0.403824,0.134561,0.995708;27@0.537095,0.777912,0.288303,0.884759,0.32163,0.339752,0.17344;92@0.335966,0.934243,0.113409,0.193863,0.73523;10@0.864216,0.496865,0.242871,0.868713,0.060319,0.243959,0.73865,0.692082,0.680769,0.120449,0.490896,0.262004;75@0.577191,0.896489,0.15716,0.605961,0.44699,0.045848,0.204888,0.205256,0.821868,0.192063;84@0.397375,0.370052,0.972646,0.995668,0.730412,0.9134,0.688164,0.733815,0.555855,0.662892,0.541458;82@0.740648;47@0.145957,0.906733,0.737241,0.980391,0.375735,0.945009,0.277397,0.925017,0.329863,0.637541,0.390358;9@0.033442,0.037297,0.704344,0.474934,0.017356,0.100445,0.822883,0.701791,0.103396,0.743838,0.364269;39@0.18879,0.436249,0.611958,0.385781,0.642317,0.536008,0.750846,0.950619,0.741336;88@0.516984,0.123822,0.828129,0.741615,0.366435,0.113023,0.32517;30@0.520951,0.275539,0.07428,0.920644,0.852597,0.596285,0.075856,0.185643,0.392059,0.221317|1|1762487393
I20251108 00:02:58.830265 139717798590272 data_text_parser.cc:116] beg_pos: 6798,end_pos: 9006
I20251108 00:02:58.830278 139717798590272 data_text_parser.cc:59] line: 207|181|1720@2919301113:0.838;1185@3001831902:0.50608;1587@787051572:0.68985;1048@1618797733:0.73167;1413@786336948:0.713921;1472@2729642299:0.398622;1861@1544285103:0.937015;1430@3402129934:0.975604;1384@1756514487:0.500761;1829@382437419:0.160464;1635@1942237856:0.21262;1785@4291470719:0.333286;1712@3453068713:0.485094;1116@1068919790:0.941055;1010@1431796256:0.671528;1371@2960607657:0.504447;1381@1917950726:0.394982;1736@2741546770:0.843833;1206@1328322132:0.472227;1202@3334812560:0.541518|67@0.585026,0.575526,0.79727,0.81606,0.382927,0.863279,0.632964,0.770217,0.336171,0.483387,0.405207;56@0.453019,0.539835,0.886227,0.820737,0.349053,0.479585,0.603063,0.075623,0.213264,0.951391,0.640496,0.414825;73@0.508511,0.408553;38@0.645375,0.220509,0.447416,0.807336,0.240166,0.864495,0.522855,0.833932,0.086166,0.984643;1@;14@0.778831,0.977092,0.246909,0.464454,0.683707,0.82955,0.964356,0.571577,0.867032;41@;32@0.145426,0.413939,0.778472,0.36483;70@0.844882,0.576093,0.815314,0.082961;43@0.653659,0.904844,0.861742,0.314649,0.777631,0.8337,0.839059,0.573738,0.507314,0.01837,0.962518;65@0.47202,0.178048,0.187583,0.974567;20@0.413242,0.939587,0.654247,0.474113;40@0.121217,0.593779,0.380054;100@0.992161;37@0.584966,0.663506,0.067621,0.247255,0.512816,0.431371,0.777902,0.711481,0.454043,0.644118,0.472275,0.641332,0.724138;27@0.386538,0.470135,0.488148,0.764327,0.797438,0.803081,0.927205;92@0.239097,0.229933,0.609042,0.904687,0.378286;10@0.616607,0.192616,0.552827,0.918092,0.019346,0.764162,0.78191,0.253911,0.585828,0.476623,0.808832,0.276744;75@0.452063,0.60943,0.647246,0.708481,0.838066,0.68916,0.963942,0.144227,0.872915,0.873346;84@0.173453,0.895478,0.336487,0.973065,0.943426,0.219263,0.54439,0.788196,0.007428,0.574365,0.931186;82@0.253659;47@0.103825,0.358582,0.185199,0.946727,0.834381,0.38498,0.299508,0.228638,0.541162,0.737071,0.260793;9@0.700221,0.337167,0.215637,0.79928,0.69824,0.277984,0.12692,0.524122,0.294123,0.631095,0.194238;39@0.868728,0.567684,0.767307,0.495325,0.700448,0.580236,0.821707,0.337997,0.215726;88@0.64424,0.931241,0.351721,0.337171,0.116321,0.506592,0.5855;30@0.419239,0.376655,0.688722,0.955211,0.598066,0.199861,0.316653,0.693093,0.352589,0.625095|1|1762487393
I20251108 00:02:58.830309 139717798590272 data_text_parser.cc:116] beg_pos: 9007,end_pos: 11223
I20251108 00:02:58.830321 139717798590272 data_text_parser.cc:59] line: 208|933|1720@2677184932:0.014823;1185@3116603684:0.230194;1587@910114641:0.045459;1048@2193117779:0.759848;1413@1388271675:0.59265;1472@2298829462:0.634092;1861@1737232494:0.142545;1430@3878516975:0.846538;1384@4214507971:0.893106;1829@769860280:0.891446;1635@108845860:0.086999;1785@1253964917:0.505156;1712@1291146132:0.609607;1116@1139022425:0.670021;1010@1017265572:0.467752;1371@744719240:0.246887;1381@3749963489:0.115728;1736@2641755738:0.610521;1206@3741318834:0.641977;1202@3006702227:0.942867|67@0.707339,0.403223,0.801999,0.399579,0.133804,0.706345,0.86906,0.622201,0.593783,0.472737,0.836312;56@0.785445,0.270075,0.582754,0.712922,0.988352,0.127703,0.651262,0.219475,0.646793,0.779181,0.424733,0.059371;73@0.892393,0.430536;38@0.177462,0.883543,0.376652,0.875403,0.216687,0.900187,0.705278,0.904921,0.936664,0.980614;1@;14@0.870371,0.094718,0.286394,0.323883,0.029093,0.040499,0.137723,0.475741,0.445942;41@;32@0.888392,0.899521,0.331976,0.621793;70@0.071229,0.902636,0.853829,0.515894;43@0.734548,0.109602,0.979403,0.491097,0.153937,0.512808,0.098884,0.24486,0.170463,0.041991,0.603798;65@0.583923,0.275033,0.547539,0.735198;20@0.457298,0.927656,0.956939,0.398563;40@0.472696,0.759375,0.644863;100@0.982358;37@0.744535,0.178398,0.911656,0.420964,0.29443,0.754949,0.892859,0.666443,0.421977,0.58706,0.704868,0.312214,0.387204;27@0.128719,0.29561,0.651585,0.513794,0.974206,0.518235,0.7833;92@0.57968,0.11297,0.047329,0.429908,0.145656;10@0.628113,0.356171,0.584459,0.653033,0.030996,0.793159,0.437779,0.812695,0.938236,0.959742,0.042917,0.398839;75@0.731397,0.333073,0.90573,0.298682,0.166054,0.07658,0.64905,0.406569,0.035214,0.410594;84@0.020318,0.703215,0.687167,0.880888,0.767513,0.061265,0.575849,0.727968,0.907715,0.26477,0.994202;82@0.932089;47@0.112227,0.750193,0.997132,0.740818,0.649311,0.653459,0.037295,0.583284,0.577243,0.888886,0.106842;9@0.613138,0.922744,0.756162,0.600516,0.788761,0.412252,0.410731,0.908642,0.583801,0.317287,0.885271;39@0.919425,0.908281,0.436709,0.479576,0.917544,0.379994,0.033836,0.75198,0.645285;88@0.974386,0.135582,0.662112,0.180059,0.518035,0.33268,0.839377;30@0.921038,0.22736,0.897791,0.810438,0.485144,0.145715,0.082439,0.995405,0.911541,0.015842|0|1762487393
I20251108 00:02:58.830361 139717798590272 data_text_parser.cc:116] beg_pos: 11224,end_pos: 13423
I20251108 00:02:58.830374 139717798590272 data_text_parser.cc:59] line: 209|6|1720@4001893358:0.536284;1185@966579069:0.292566;1587@965581287:0.214331;1048@1630143059:0.294516;1413@3129833691:0.44735;1472@3740211042:0.389779;1861@3893642597:0.808262;1430@2317187981:0.051498;1384@3703975696:0.911777;1829@1001883461:0.032689;1635@2942499607:0.493342;1785@418664793:0.166018;1712@71007540:0.43202;1116@531215680:0.982498;1010@737713843:0.647006;1371@4014547300:0.499435;1381@3438484462:0.682342;1736@3077122952:0.884635;1206@733240826:0.586565;1202@201403854:0.493425|67@0.089026,0.401396,0.128434,0.121061,0.120467,0.439172,0.556632,0.146095,0.747639,0.951696,0.145759;56@0.647655,0.76945,0.435712,0.705575,0.083639,0.895041,0.735131,0.159647,0.652657,0.252487,0.116438,0.703816;73@0.640237,0.637524;38@0.506651,0.571002,0.347812,0.775615,0.803129,0.031716,0.398228,0.385957,0.755571,0.710095;1@;14@0.670639,0.919101,0.200269,0.420722,0.437852,0.178458,0.15692,0.226703,0.527666;41@;32@0.810523,0.461358,0.276365,0.689024;70@0.871225,0.940007,0.526908,0.008612;43@0.851647,0.334333,0.764423,0.255335,0.905713,0.873128,0.418226,0.753048,0.182501,0.527775,0.728569;65@0.866505,0.89499,0.61634,0.8291;20@0.130119,0.5922,0.497516,0.817143;40@0.076353,0.670881,0.446044;100@0.81368;37@0.970403,0.516358,0.866744,0.144671,0.137181,0.989677,0.44271,0.869956,0.580128,0.505607,0.496329,0.929202,0.99927;27@0.81214,0.981546,0.623941,0.429916,0.930097,0.158259,0.007466;92@0.588395,0.131005,0.21163,0.741175,0.761466;10@0.930442,0.023767,0.560984,0.003437,0.059053,0.712044,0.877097,0.547072,0.815175,0.315366,0.30451,0.759446;75@0.541332,0.855842,0.150189,0.198955,0.375986,0.008313,0.945059,0.043585,0.382422,0.613546;84@0.086547,0.684883,0.266261,0.890602,0.637429,0.196857,0.789347,0.107514,0.262653,0.556858,0.620354;82@0.504322;47@0.596358,0.019249,0.540966,0.958211,0.328424,0.802472,0.300158,0.437132,0.117447,0.83212,0.667368;9@0.1453,0.906923,0.019889,0.3247,0.668023,0.01877,0.693065,0.158376,0.555685,0.777866,0.962472;39@0.85174,0.231885,0.933654,0.203496,0.102934,0.018006,0.967114,0.30697,0.106069;88@0.312492,0.893645,0.314214,0.302433,0.459543,0.099214,0.90931;30@0.335523,0.780115,0.041497,0.835833,0.867393,0.786283,0.99114,0.633884,0.528062,0.60449|0|1762487393
I20251108 00:02:58.830404 139717798590272 data_text_parser.cc:116] beg_pos: 13424,end_pos: 15631
I20251108 00:02:58.830421 139717798590272 data_text_parser.cc:59] line: 210|49|1720@3981312041:0.541025;1185@1502337938:0.252817;1587@201418528:0.431779;1048@3453068713:0.151692;1413@3787587749:0.243801;1472@2211894941:0.890811;1861@1860708492:0.664145;1430@1064754856:0.980569;1384@2508565892:0.874552;1829@385224304:0.49387;1635@3966552960:0.981571;1785@3477520259:0.514258;1712@21333744:0.987621;1116@1270507282:0.661077;1010@2855851987:0.63339;1371@2514012642:0.399354;1381@3918557404:0.57437;1736@4043325763:0.715655;1206@238248593:0.337253;1202@876608513:0.422756|67@0.489557,0.021692,0.903926,0.38339,0.656657,0.287954,0.29875,0.345723,0.259604,0.045471,0.56693;56@0.121939,0.517341,0.103383,0.686937,0.663025,0.210688,0.870253,0.024712,0.554449,0.703003,0.263241,0.15485;73@0.960455,0.302318;38@0.219214,0.660082,0.245802,0.872754,0.872724,0.816968,0.730532,0.495944,0.045946,0.504;1@;14@0.104844,0.196264,0.962293,0.642388,0.21008,0.340091,0.241609,0.418526,0.073062;41@;32@0.307593,0.825989,0.690776,0.999561;70@0.131096,0.098786,0.318254,0.388559;43@0.612549,0.109644,0.66265,0.704286,0.314596,0.442116,0.975724,0.010214,0.386647,0.840398,0.598015;65@0.483051,0.804396,0.166046,0.995936;20@0.305082,0.778921,0.199394,0.303469;40@0.390249,0.389182,0.314524;100@0.264303;37@0.993927,0.362975,0.176133,0.718302,0.265105,0.064258,0.538369,0.807736,0.216657,0.607328,0.743056,0.532929,0.735039;27@0.658627,0.69729,0.004904,0.270323,0.430739,0.024735,0.963714;92@0.290874,0.568179,0.840712,0.242502,0.214152;10@0.32157,0.293993,0.990497,0.03848,0.063769,0.763148,0.774682,0.383403,0.106998,0.864822,0.07495,0.493005;75@0.043102,0.268596,0.020196,0.952433,0.600316,0.925543,0.387535,0.77536,0.524612,0.072951;84@0.120177,0.771464,0.998848,0.076756,0.478897,0.38862,0.669907,0.496126,0.21129,0.816302,0.820884;82@0.367734;47@0.746829,0.085616,0.356257,0.561637,0.213202,0.247312,0.834757,0.697522,0.253304,0.557244,0.920921;9@0.042588,0.408534,0.459586,0.082449,0.447338,0.031808,0.933565,0.832537,0.89494,0.20795,0.875755;39@0.910845,0.067066,0.743801,0.924333,0.761655,0.614903,0.453249,0.718067,0.34259;88@0.086531,0.966335,0.948258,0.831663,0.301596,0.933666,0.344635;30@0.893628,0.333968,0.616807,0.495497,0.81068,0.878203,0.476358,0.172188,0.205962,0.616893|1|1762487393
I20251108 00:02:58.830459 139717798590272 data_text_parser.cc:116] beg_pos: 15632,end_pos: 17846
I20251108 00:02:58.830471 139717798590272 data_text_parser.cc:59] line: 211|171|1720@43418508:0.006889;1185@2663702203:0.165436;1587@3437032082:0.562072;1048@3435442029:0.014107;1413@2434648602:0.502097;1472@1593536280:0.802189;1861@1763413342:0.55695;1430@3243139072:0.917407;1384@2518617051:0.432171;1829@1962053045:0.892108;1635@3524293740:0.319721;1785@622858447:0.27456;1712@1226550563:0.476655;1116@173251153:0.815177;1010@2495564155:0.549734;1371@1369515345:0.228304;1381@760865006:0.406246;1736@4262565716:0.703211;1206@385691562:0.682004;1202@477625323:0.620346|67@0.961969,0.22636,0.594239,0.448877,0.867695,0.160268,0.297301,0.241403,0.191329,0.075806,0.110671;56@0.795135,0.080051,0.810617,0.733744,0.380456,0.767322,0.922845,0.387273,0.133757,0.9296,0.958801,0.724068;73@0.824842,0.243008;38@0.281214,0.360745,0.876154,0.453219,0.43778,0.926901,0.330125,0.152162,0.739232,0.138885;1@;14@0.951867,0.393445,0.363901,0.425879,0.526718,0.276531,0.175748,0.882579,0.826192;41@;32@0.242489,0.733948,0.557877,0.636535;70@0.278709,0.516318,0.642704,0.28599;43@0.039503,0.85497,0.193462,0.821179,0.759467,0.663549,0.688474,0.953657,0.794779,0.131856,0.475351;65@0.317279,0.045163,0.952952,0.871872;20@0.229942,0.227995,0.453544,0.733862;40@0.431215,0.420411,0.216745;100@0.586581;37@0.040829,0.455916,0.408783,0.459124,0.290876,0.290195,0.091768,0.253086,0.619209,0.304008,0.890378,0.955433,0.317231;27@0.964736,0.265183,0.280568,0.487348,0.559805,0.994239,0.501743;92@0.767065,0.838716,0.860524,0.039879,0.989494;10@0.768374,0.479727,0.324102,0.452821,0.447223,0.836384,0.434862,0.823881,0.58496,0.907971,0.335557,0.767366;75@0.900963,0.574777,0.761215,0.101532,0.183274,0.741842,0.205533,0.760636,0.67435,0.121664;84@0.776296,0.682928,0.908537,0.414876,0.531001,0.453275,0.879643,0.310531,0.567296,0.445229,0.273586;82@0.922093;47@0.983986,0.614683,0.819165,0.913886,0.714796,0.778474,0.869047,0.566592,0.695003,0.903047,0.700579;9@0.266587,0.340204,0.2382,0.148102,0.017669,0.502746,0.482253,0.667788,0.312532,0.269226,0.268889;39@0.97046,0.425675,0.348539,0.070163,0.308213,0.62178,0.57712,0.810987,0.007246;88@0.364689,0.602263,0.545903,0.491919,0.435501,0.225253,0.152152;30@0.589478,0.78646,0.302435,0.877888,0.687654,0.393135,0.170513,0.049424,0.915947,0.706713|1|1762487393
I20251108 00:02:58.830511 139717798590272 data_text_parser.cc:116] beg_pos: 17847,end_pos: 20043
I20251108 00:02:58.830524 139717798590272 data_text_parser.cc:59] line: 212|721|1720@671607413:0.725216;1185@2605117035:0.94608;1587@847309697:0.61065;1048@2346392974:0.19031;1413@1119247948:0.811142;1472@521503941:0.373691;1861@349745628:0.28951;1430@3806976387:0.340647;1384@4194379348:0.795672;1829@901324822:0.57638;1635@679534716:0.781515;1785@291763698:0.898747;1712@2048968515:0.259492;1116@1010735406:0.041002;1010@639881923:0.39922;1371@671607413:0.893556;1381@1765687185:0.99536;1736@3017533542:0.501998;1206@2833865659:0.634882;1202@1731105968:0.617688|67@0.116771,0.756269,0.31253,0.45644,0.210821,0.48625,0.06653,0.782992,0.756546,0.305744,0.42975;56@0.466932,0.372024,0.221143,0.108904,0.579838,0.699912,0.831492,0.520331,0.530148,0.787923,0.631436,0.374261;73@0.72392,0.357758;38@0.462232,0.971088,0.430269,0.032704,0.695195,0.370287,0.445585,0.779754,0.129509,0.198802;1@;14@0.763794,0.064406,0.461633,0.017368,0.569317,0.813367,0.777625,0.07578,0.515893;41@;32@0.674364,0.120871,0.614981,0.04689;70@0.72994,0.850368,0.174537,0.829722;43@0.263373,0.191427,0.500256,0.763324,0.09726,0.106148,0.444205,0.651681,0.914562,0.4389,0.49844;65@0.407471,0.353319,0.170564,0.884993;20@0.784558,0.317505,0.633607,0.996881;40@0.744509,0.574776,0.668614;100@0.242745;37@0.651788,0.652053,0.229697,0.385042,0.782481,0.686492,0.75994,0.158334,0.148053,0.457524,0.476961,0.784454,0.448692;27@0.323181,0.097889,0.096167,0.619683,0.43865,0.775279,0.307586;92@0.393173,0.199535,0.131346,0.133652,0.423111;10@0.191492,0.463351,0.765015,0.548884,0.075743,0.71709,0.925531,0.008364,0.291577,0.341942,0.420931,0.545071;75@0.187351,0.984774,0.096475,0.566933,0.911902,0.660046,0.931546,0.900534,0.086212,0.138887;84@0.564321,0.1824,0.361852,0.477723,0.972333,0.529278,0.192655,0.850399,0.164295,0.569146,0.527041;82@0.292345;47@0.520979,0.286104,0.56228,0.362227,0.364776,0.098061,0.095875,0.683009,0.037754,0.712171,0.419183;9@0.314174,0.653943,0.935304,0.57276,0.814127,0.861604,0.688618,0.832015,0.916676,0.902483,0.360196;39@0.422324,0.375856,0.793786,0.972458,0.091417,0.350253,0.253232,0.153933,0.3568;88@0.224106,0.4734,0.437447,0.10498,0.642461,0.220791,0.546669;30@0.974977,0.329231,0.441989,0.069239,0.955402,0.849383,0.515899,0.714546,0.143589,0.890707|1|1762487393
I20251108 00:02:58.830543 139717798590272 data_text_parser.cc:116] beg_pos: 20044,end_pos: 20480
I20251108 00:02:58.830795 139717798590272 data_text_parser.cc:101] get chunk buffer, size: 20480
I20251108 00:02:58.830819 139717798590272 data_text_parser.cc:116] beg_pos: 0,end_pos: 1777
I20251108 00:02:58.830826 139717798590272 data_text_parser.cc:61] buffer line: 213|447|1720@1698426410:0.225148;1185@928759265:0.865175;1587@1234293023:0.864649;1048@2409100648:0.157116;1413@1493934509:0.200272;1472@826984985:0.083277;1861@3619341054:0.350207;1430@780434952:0.258473;1384@2669404444:0.391579;1829@3112402808:0.142123;1635@3438447978:0.548688;1785@2426556687:0.54894;1712@3135453337:0.812277;1116@2524260800:0.65565;1010@1788826478:0.114736;1371@4013544677:0.309145;1381@559854562:0.18655;1736@1922394885:0.879601;1206@4128521721:0.049198;1202@3137158931:0.734689|67@0.828538,0.736416,0.702503,0.035531,0.457434,0.26195,0.079042,0.691805,0.714686,0.233219,0.576224;56@0.278743,0.028468,0.591904,0.427903,0.963335,0.08093,0.108487,0.800241,0.950645,0.824073,0.310589,0.069235;73@0.387177,0.86159;38@0.887616,0.111664,0.072091,0.185857,0.897774,0.976154,0.250162,0.855075,0.976465,0.101643;1@;14@0.311371,0.650338,0.471945,0.357332,0.645057,0.872204,0.326761,0.852414,0.874811;41@;32@0.292244,0.679679,0.081401,0.683352;70@0.447107,0.806151,0.515378,0.251513;43@0.437351,0.983616,0.494799,0.249885,0.323547,0.581253,0.21368,0.683622,0.943129,0.334861,0.728177;65@0.588316,0.220721,0.161621,0.032104;20@0.338215,0.121024,0.454413,0.68094;40@0.355001,0.886087,0.777739;100@0.338333;37@0.863886,0.381006,0.205672,0.444758,0.644408,0.597394,0.379382,0.396059,0.685272,0.352789,0.138671,0.632239,0.957617;27@0.180209,0.983856,0.635282,0.899295,0.029644,0.016627,0.00624;92@0.100548,0.361854,0.708515,0.734756,0.837333;10@0.969612,0.080953,0.762226,0.834209,0.433815,0.066434,0.460538,0.168221,0.215396,0.937913,0.587136,0.133585;75@0.394523,0.884318,0.024404,0.866397,0.782281,0.474279,0.917924,0.220632,0.51995,0.47827;84@0.529637,0.57389,0.811347,0.983319,0.556318,0.707518,0.986903,0.53036,0.18598,0.399928,0.849294;82@0.37531;47@0.317938,0.556594,0.553355,0.332471,0.753717,0.038115,0.908021,0.714904,0.634021,0.438378,0.833353;9@0.843628,0.899767,0.120021,0.466904,0.702936,0.220617,0.585117,0.755377,0.099828,0.384974,0.101596;39@0.17226,0.241591,0.729921,0.104504,0.036147,0.632251,0.898408,0.884498,0.189904;88@0.726615,0.922844,0.959441,0.216173,0.633984,0.573579,0.66005;30@0.096751,0.815184,0.764096,0.059765,0.961078,0.358518,0.51716,0.0501,0.497498,0.743782|0|1762487393
I20251108 00:02:58.830869 139717798590272 data_text_parser.cc:116] beg_pos: 1778,end_pos: 3988
I20251108 00:02:58.830888 139717798590272 data_text_parser.cc:59] line: 214|172|1720@910114641:0.119113;1185@737446022:0.24173;1587@615117633:0.304296;1048@1265943328:0.977853;1413@1927093330:0.919498;1472@3210018324:0.360516;1861@4187099175:0.668044;1430@3507301829:0.750103;1384@307113807:0.940495;1829@380160051:0.620287;1635@402862659:0.101333;1785@1739525371:0.183132;1712@2380858820:0.322462;1116@115900645:0.249364;1010@863719108:0.712285;1371@3757241441:0.867801;1381@441920341:0.729998;1736@4252674961:0.244915;1206@2086904208:0.868492;1202@517254738:0.774601|67@0.791666,0.507465,0.80357,0.033315,0.251312,0.473155,0.52631,0.620742,0.788658,0.92764,0.383643;56@0.134182,0.251896,0.270147,0.054803,0.261391,0.013678,0.489194,0.933541,0.193533,0.966334,0.990375,0.337633;73@0.370808,0.841091;38@0.707379,0.53954,0.59995,0.248691,0.291343,0.067397,0.493546,0.978064,0.889092,0.806275;1@;14@0.122783,0.823428,0.719229,0.313944,0.531692,0.891869,0.973896,0.196968,0.463166;41@;32@0.076614,0.81966,0.433763,0.027681;70@0.562387,0.396225,0.129885,0.491999;43@0.847117,0.060452,0.531169,0.417172,0.992715,0.989094,0.92951,0.737966,0.35603,0.298671,0.457133;65@0.078406,0.153433,0.03435,0.190869;20@0.69749,0.434146,0.717866,0.980158;40@0.494922,0.916509,0.178672;100@0.536923;37@0.400479,0.306257,0.252766,0.349325,0.366393,0.720654,0.810103,0.867259,0.188083,0.53431,0.661996,0.820912,0.862055;27@0.250655,0.531655,0.466162,0.977651,0.581561,0.898181,0.737285;92@0.223077,0.967699,0.347535,0.451498,0.339527;10@0.925777,0.914334,0.995251,0.751762,0.94736,0.444775,0.480731,0.211522,0.030555,0.379443,0.369715,0.474565;75@0.971718,0.814662,0.242061,0.140954,0.490041,0.529788,0.553793,0.413465,0.591156,0.561554;84@0.776204,0.505698,0.31601,0.147761,0.356242,0.825641,0.537663,0.621817,0.628108,0.880094,0.840931;82@0.052486;47@0.274351,0.796462,0.565692,0.323097,0.421127,0.538403,0.606956,0.744991,0.682606,0.753094,0.926207;9@0.423736,0.312719,0.481864,0.520929,0.538283,0.830503,0.444541,0.455924,0.721126,0.270865,0.879225;39@0.561057,0.813355,0.401241,0.969054,0.16127,0.433852,0.224514,0.483217,0.032591;88@0.016004,0.979517,0.23642,0.46017,0.865222,0.848135,0.535571;30@0.143141,0.642687,0.745548,0.063391,0.689432,0.293533,0.334865,0.783029,0.190669,0.165669|1|1762487393
I20251108 00:02:58.830930 139717798590272 data_text_parser.cc:116] beg_pos: 3989,end_pos: 6197
I20251108 00:02:58.830949 139717798590272 data_text_parser.cc:59] line: 215|827|1720@1199008882:0.419231;1185@296841333:0.9989;1587@1130728363:0.260534;1048@2067024658:0.130941;1413@3703975696:0.282388;1472@2607114554:0.738779;1861@1075082996:0.763819;1430@1364336234:0.045648;1384@3500350869:0.510939;1829@3366400057:0.541651;1635@1574483272:0.350095;1785@677931614:0.435314;1712@3698805262:0.831718;1116@1320657907:0.067605;1010@3580011160:0.7757;1371@2097500523:0.742611;1381@2982567932:0.882042;1736@1929692755:0.042487;1206@89069215:0.236512;1202@2978085548:0.448512|67@0.49802,0.501958,0.671646,0.942128,0.991404,0.16054,0.905357,0.398987,0.111337,0.497262,0.877813;56@0.666797,0.575681,0.213428,0.416401,0.286615,0.036086,0.898512,0.500875,0.571472,0.786091,0.360266,0.924842;73@0.905659,0.823839;38@0.09569,0.789131,0.375988,0.504543,0.154641,0.543242,0.400879,0.657005,0.507754,0.647138;1@;14@0.167601,0.167422,0.0423,0.894181,0.592269,0.775133,0.225665,0.008562,0.306268;41@;32@0.029413,0.865847,0.1321,0.536318;70@0.120011,0.055682,0.064718,0.516127;43@0.13605,0.356141,0.884491,0.172293,0.301418,0.709067,7.1e-05,0.505427,0.624449,0.888126,0.68118;65@0.797376,0.605937,0.108044,0.189704;20@0.088521,0.683521,0.967768,0.55987;40@0.893257,0.581074,0.058143;100@0.324052;37@0.794713,0.423285,0.196223,0.474558,0.045142,0.925587,0.117118,0.853241,0.582567,0.913271,0.052738,0.852178,0.295267;27@0.733788,0.856038,0.337463,0.055993,0.346904,0.972253,0.511538;92@0.125693,0.73707,0.648801,0.833057,0.177333;10@0.549952,0.366205,0.515974,0.095555,0.24336,0.479635,0.701618,0.944866,0.095824,0.067249,0.437193,0.487186;75@0.346199,0.497181,0.82217,0.936317,0.580125,0.710573,0.358019,0.44949,0.753619,0.119655;84@0.521987,0.255458,0.020939,0.470582,0.283559,0.639648,0.582175,0.77044,0.429653,0.679303,0.112418;82@0.477098;47@0.983867,0.117083,0.04498,0.043807,0.946641,0.103015,0.383501,0.630918,0.232535,0.022385,0.756225;9@0.054569,0.205187,0.985777,0.717817,0.980772,0.238856,0.585706,0.334699,0.750206,0.981782,0.773247;39@0.838612,0.669955,0.79533,0.753516,0.85536,0.390266,0.159411,0.711495,0.457618;88@0.694003,0.896223,0.517905,0.798834,0.18242,0.950577,0.780033;30@0.422996,0.19015,0.991364,0.451026,0.165148,0.844292,0.855985,0.729934,0.008356,0.054972|0|1762487393
I20251108 00:02:58.831002 139717798590272 data_text_parser.cc:116] beg_pos: 6198,end_pos: 8409
I20251108 00:02:58.831018 139717798590272 data_text_parser.cc:59] line: 216|727|1720@725544060:0.020903;1185@411826938:0.524567;1587@1015435989:0.181148;1048@3172835091:0.78481;1413@4209580039:0.848521;1472@2586118039:0.282389;1861@1734091497:0.285162;1430@1389797622:0.18517;1384@1555318465:0.91566;1829@3001733534:0.853433;1635@3757240614:0.749605;1785@3492239244:0.855175;1712@1806224267:0.00567;1116@1517617631:0.570662;1010@2630660166:0.458338;1371@1459663309:0.644715;1381@1289877875:0.976865;1736@2096430730:0.177385;1206@2186824127:0.255848;1202@3649667410:0.945994|67@0.072543,0.08256,0.731092,0.357005,0.514339,0.759566,0.667498,0.850598,0.829936,0.614704,0.633684;56@0.850137,0.980891,0.532194,0.709194,0.846203,0.611662,0.901023,0.606522,0.942788,0.653768,0.316857,0.721789;73@0.870689,0.832734;38@0.306537,0.097274,0.174415,0.743014,0.817922,0.739446,0.978213,0.951825,0.660518,0.385968;1@;14@0.844544,0.023385,0.404343,0.961294,0.19365,0.271844,0.962413,0.436102,0.562327;41@;32@0.040594,0.791592,0.463524,0.827043;70@0.468907,0.503834,0.682234,0.434771;43@0.602093,0.347419,0.616365,0.29478,0.94547,0.374342,0.473594,0.206517,0.638154,0.72599,0.616163;65@0.431071,0.023602,0.871643,0.546118;20@0.093502,0.716967,0.244131,0.146495;40@0.470392,0.315422,0.975079;100@0.55002;37@0.508772,0.82689,0.555394,0.96994,0.406698,0.488427,0.549341,0.803805,0.192066,0.529326,0.579943,0.065213,0.74577;27@0.444131,0.981935,0.591231,0.716058,0.7815,0.141105,0.694401;92@0.46147,0.568319,0.509045,0.918117,0.753302;10@0.454226,0.857183,0.433816,0.216541,0.286987,0.02574,0.725653,0.638622,0.265369,0.900617,0.451406,0.169068;75@0.51725,0.854453,0.361075,0.868281,0.605003,0.151699,0.399778,0.219827,0.470505,0.007551;84@0.73065,0.468983,0.301189,0.588679,0.586821,0.199922,0.271593,0.571972,0.886833,0.78853,0.894362;82@0.371945;47@0.999244,0.145798,0.928998,0.024612,0.809886,0.915873,0.855286,0.079967,0.83803,0.777064,0.282507;9@0.32167,0.111097,0.973766,0.633082,0.564658,0.502199,0.205586,0.712278,0.837151,0.629572,0.197992;39@0.333834,0.407536,0.843577,0.045883,0.026753,0.067155,0.863428,0.651057,0.478055;88@0.02006,0.302585,0.210224,0.713231,0.613648,0.139109,0.60085;30@0.520186,0.116536,0.677998,0.562972,0.646297,0.349449,0.334412,0.485823,0.665441,0.301289|0|1762487393
I20251108 00:02:58.831064 139717798590272 data_text_parser.cc:116] beg_pos: 8410,end_pos: 10619
I20251108 00:02:58.831073 139717798590272 data_text_parser.cc:59] line: 217|275|1720@2526689800:0.11297;1185@3642086487:0.890174;1587@2924029003:0.817954;1048@3649667410:0.052366;1413@2088514868:0.625961;1472@2032414547:0.949341;1861@3779413207:0.723778;1430@2429936139:0.718043;1384@876860546:0.271097;1829@1154411282:0.672461;1635@1247855486:0.230085;1785@2195125415:0.105478;1712@1018085715:0.514304;1116@2696153156:0.971462;1010@9271009:0.489348;1371@581550850:0.095337;1381@2867785934:0.476439;1736@3795087663:0.050595;1206@876729658:0.611836;1202@1262285727:0.452364|67@0.283013,0.000493,0.230683,0.039952,0.486898,0.104938,0.087194,0.224158,0.415319,0.285894,0.612883;56@0.346375,0.749508,0.21407,0.475544,0.509233,0.846905,0.363537,0.348617,0.343628,0.00202,0.702367,0.764214;73@0.333041,0.998077;38@0.866222,0.374546,0.414895,0.378602,0.117459,0.813576,0.788467,0.594999,0.126183,0.799901;1@;14@0.683808,0.153097,0.101042,0.933386,0.371866,0.378328,0.231539,0.968707,0.141296;41@;32@0.38299,0.61981,0.930769,0.422553;70@0.263549,0.65675,0.298439,0.159163;43@0.330244,0.388033,0.255337,0.900484,0.26202,0.761824,0.355938,0.7124,0.436773,0.415046,0.758929;65@0.143365,0.074732,0.729352,0.773915;20@0.601155,0.761106,0.042443,0.936586;40@0.106516,0.399527,0.4481;100@0.22134;37@0.146827,0.030512,0.600189,0.621779,0.015848,0.040344,0.613629,0.167104,0.970085,0.123697,0.966071,0.459605,0.647032;27@0.349656,0.02004,0.796889,0.11148,0.783654,0.459881,0.933086;92@0.135215,0.051292,0.095384,0.599659,0.478714;10@0.259368,0.459141,0.073277,0.884513,0.274806,0.788864,0.751648,0.299112,0.905177,0.445321,0.780867,0.02543;75@0.292201,0.491779,0.510239,0.834063,0.177976,0.413504,0.116169,0.767697,0.734041,0.845696;84@0.218792,0.640458,0.333628,0.015339,0.370322,0.882231,0.568941,0.64759,0.447646,0.558992,0.541572;82@0.284856;47@0.022394,0.911555,0.214371,0.736247,0.286827,0.049158,0.039315,0.561481,0.365081,0.587199,0.061607;9@0.366102,0.253556,0.710163,0.613785,0.170483,0.435841,0.925295,0.700639,0.417009,0.953312,0.616759;39@0.372038,0.111735,0.017655,0.628144,0.76387,0.414909,0.566528,0.204842,0.938669;88@0.538229,0.701118,0.042711,0.004798,0.071466,0.906773,0.994423;30@0.059726,0.50434,0.86269,0.575136,0.19778,0.977876,0.64669,0.922051,0.44013,0.034692|0|1762487393
I20251108 00:02:58.831103 139717798590272 data_text_parser.cc:116] beg_pos: 10620,end_pos: 12839
I20251108 00:02:58.831111 139717798590272 data_text_parser.cc:59] line: 218|519|1720@3920649904:0.496661;1185@915166061:0.297275;1587@2729754802:0.732079;1048@693556189:0.937953;1413@1776586808:0.951174;1472@3588536986:0.291855;1861@2426556687:0.440352;1430@4006319640:0.606883;1384@996511209:0.594369;1829@137468835:0.92555;1635@1012501802:0.376904;1785@3891525739:0.549455;1712@3944169115:0.763573;1116@2192958375:0.184174;1010@3525670487:0.38054;1371@2840095701:0.606018;1381@2273752201:0.516828;1736@3369473933:0.649424;1206@3924671230:0.721326;1202@3091703716:0.953307|67@0.665689,0.782156,0.685506,0.022805,0.653151,0.998034,0.516021,0.846568,0.680673,0.254357,0.970257;56@0.336044,0.199487,0.079792,0.443095,0.166511,0.938393,0.283272,0.52691,0.815894,0.040853,0.839181,0.824592;73@0.003143,0.915443;38@0.227297,0.880323,0.055804,0.501343,0.390837,0.211684,0.832246,0.743453,0.952298,0.597622;1@;14@0.570121,0.510942,0.600986,0.100929,0.449289,0.928274,0.682967,0.811631,0.716919;41@;32@0.317492,0.222498,0.061709,0.623974;70@0.786215,0.194225,0.391762,0.749544;43@0.363454,0.550007,0.72061,0.476758,0.270061,0.307511,0.421797,0.432709,0.72409,0.025689,0.337591;65@0.160821,0.646539,0.670128,0.925449;20@0.077312,0.009384,0.261735,0.973425;40@0.172677,0.959284,0.296178;100@0.732642;37@0.153382,0.528775,0.843178,0.06624,0.224151,0.380539,0.86334,0.330192,0.4396,0.182562,0.691642,0.120721,0.341625;27@0.450653,0.759279,0.581845,0.472732,0.832966,0.596209,0.520547;92@0.751803,0.429166,0.783002,0.193221,0.563086;10@0.812039,0.243891,0.086999,0.290893,0.403254,0.850413,0.589624,0.359808,0.312613,0.517284,0.813032,0.578858;75@0.066824,0.540931,0.181756,0.754441,0.9163,0.199503,0.771893,0.905525,0.994266,0.323934;84@0.888793,0.953565,0.688107,0.275823,0.470133,0.132651,0.631467,0.624456,0.136277,0.532924,0.205838;82@0.483052;47@0.846021,0.562321,0.768712,0.113665,0.26453,0.102479,0.278979,0.251121,0.976195,0.163481,0.776474;9@0.446792,0.029097,0.614129,0.813778,0.941723,0.495737,0.086503,0.688825,0.671113,0.64025,0.797582;39@0.017317,0.015526,0.758016,0.119796,0.410521,0.199349,0.152191,0.90717,0.227821;88@0.996654,0.003298,0.338767,0.986085,0.325437,0.874442,0.813476;30@0.390904,0.952935,0.492895,0.796352,0.240344,0.567483,0.835357,0.488481,0.945569,0.750741|0|1762487393
I20251108 00:02:58.831164 139717798590272 data_text_parser.cc:116] beg_pos: 12840,end_pos: 15056
I20251108 00:02:58.831183 139717798590272 data_text_parser.cc:59] line: 219|371|1720@17798671:0.575986;1185@1746401289:0.179673;1587@725352238:0.127516;1048@2168199671:0.097768;1413@675864145:0.667771;1472@3674658604:0.642151;1861@1070352739:0.502962;1430@2862665670:0.79888;1384@176466766:0.69735;1829@2121822642:0.741232;1635@1157689950:0.933804;1785@2831645024:0.784141;1712@4277349646:0.915365;1116@3653949800:0.558343;1010@2573092676:0.154165;1371@1927093330:0.759626;1381@3951172632:0.887307;1736@527343025:0.791954;1206@1692649047:0.76827;1202@658341625:0.659494|67@0.079122,0.613942,0.786383,0.119964,0.753655,0.668455,0.986532,0.492008,0.873524,0.81938,0.388945;56@0.922728,0.427346,0.726993,0.440667,0.802184,0.480244,0.091301,0.23265,0.781173,0.803501,0.270624,0.744065;73@0.384721,0.889406;38@0.031643,0.941966,0.748131,0.873334,0.490558,0.988622,0.662528,0.301727,0.318902,0.344935;1@;14@0.429184,0.256341,0.536782,0.677446,0.722518,0.468816,0.049691,0.578204,0.939577;41@;32@0.612998,0.536589,0.739423,0.671046;70@0.257333,0.680187,0.904862,0.815852;43@0.376549,0.33044,0.465648,0.750837,0.190461,0.139183,0.250218,0.73656,0.821514,0.272921,0.351673;65@0.075871,0.828859,0.928201,0.89357;20@0.368322,0.54816,0.274311,0.790973;40@0.256715,0.788018,0.732254;100@0.511342;37@0.122355,0.619359,0.093234,0.113683,0.385254,0.632393,0.747839,0.782577,0.592061,0.453336,0.509412,0.225758,0.690113;27@0.365959,0.445472,0.422543,0.020258,0.849078,0.000681,0.571236;92@0.582633,0.020099,0.880684,0.66502,0.046285;10@0.505158,0.123614,0.91229,0.265439,0.025358,0.323597,0.174724,0.551936,0.248325,0.821948,0.396772,0.976489;75@0.993716,0.781027,0.467791,0.815399,0.512883,0.749325,0.766562,0.123069,0.957704,0.451193;84@0.256582,0.966998,0.842223,0.04391,0.346938,0.165847,0.904343,0.254178,0.422477,0.274653,0.279316;82@0.061969;47@0.638789,0.835455,0.267929,0.568854,0.681634,0.872882,0.283933,0.392208,0.362117,0.520046,0.171905;9@0.444206,0.262926,0.241277,0.473476,0.432114,0.626181,0.528659,0.935797,0.920961,0.13698,0.085732;39@0.940257,0.097658,0.705648,0.608886,0.825839,0.193538,0.984172,0.298753,0.891396;88@0.31326,0.177642,0.023519,0.735017,0.016827,0.862259,0.803927;30@0.308356,0.628584,0.482237,0.821046,0.221515,0.680108,0.328176,0.163338,0.224868,0.419333|0|1762487393
I20251108 00:02:58.831216 139717798590272 data_text_parser.cc:116] beg_pos: 15057,end_pos: 17263
I20251108 00:02:58.831226 139717798590272 data_text_parser.cc:59] line: 220|497|1720@1302579514:0.008222;1185@3034792350:0.60743;1587@473819161:0.272044;1048@4292589870:0.995125;1413@1070065165:0.120704;1472@3342553440:0.995138;1861@3099741162:0.315042;1430@2397100602:0.742909;1384@587581675:0.278511;1829@1315377796:0.513357;1635@2729276224:0.424891;1785@934930779:0.045362;1712@1374432825:0.096775;1116@3346951014:0.671221;1010@4021110919:0.006489;1371@3009652820:0.42916;1381@3358850464:0.262136;1736@904786984:0.19331;1206@3072588078:0.79323;1202@144172754:0.451494|67@0.33531,0.746143,0.751018,0.999059,0.983806,0.886137,0.62821,0.501688,0.942167,0.892875,0.66683;56@0.578521,0.905422,0.357869,0.843586,0.344124,0.309032,0.50737,0.019188,0.662474,0.793625,0.853905,0.81852;73@0.043147,0.598124;38@0.725085,0.933334,0.001201,0.135559,0.070788,0.3317,0.304486,0.629486,0.125349,0.9989;1@;14@0.539117,0.974887,0.038599,0.284708,0.710793,0.863607,0.4915,0.002815,0.42349;41@;32@0.477746,0.683016,0.296534,0.523814;70@0.83248,0.514837,0.66247,0.378755;43@0.318597,0.853659,0.881575,0.645379,0.389653,0.240867,0.871305,0.751135,0.544812,0.843682,0.353348;65@0.652077,0.253819,0.445114,0.739849;20@0.016851,0.76238,0.204306,0.436593;40@0.543735,0.662005,0.146053;100@0.351737;37@0.851743,0.061774,0.940903,0.306827,0.984215,0.878945,0.98592,0.436881,0.464705,0.032157,0.124201,0.329185,0.407385;27@0.300862,0.357583,0.573279,0.339038,0.237764,0.507437,0.606884;92@0.198488,0.095223,0.621834,0.529029,0.905451;10@0.822441,0.743308,0.757704,0.530721,0.969717,0.907089,0.830414,0.604109,0.265003,0.371815,0.915135,0.380626;75@0.972813,0.438249,0.882589,0.914249,0.544848,0.606644,0.64659,0.753585,0.230303,0.31217;84@0.131956,0.888405,0.680614,0.622641,0.258708,0.142812,0.869187,0.678776,0.315237,0.865236,0.628117;82@0.740643;47@0.011253,0.373513,0.299592,0.975019,0.141172,0.67312,0.273477,0.630133,0.841944,0.141076,0.113378;9@0.007271,0.198596,0.976797,0.722026,0.693527,0.921185,0.646773,0.413345,0.756508,0.884258,0.794976;39@0.919439,0.462558,0.222795,0.017901,0.031996,0.596113,0.114706,0.766442,0.953306;88@0.442163,0.857629,0.21164,0.850363,0.336356,0.179649,0.353797;30@0.847387,0.415582,0.33708,0.663515,0.881827,0.524689,0.479467,0.341897,0.17983,0.329426|1|1762487393
I20251108 00:02:58.831283 139717798590272 data_text_parser.cc:116] beg_pos: 17264,end_pos: 19479
I20251108 00:02:58.831301 139717798590272 data_text_parser.cc:59] line: 221|53|1720@3671269315:0.746893;1185@111943411:0.933179;1587@3290851331:0.409046;1048@1860340848:0.167389;1413@4001044736:0.022729;1472@1968141953:0.83377;1861@3133461454:0.476692;1430@102416968:0.228511;1384@2643586756:0.582609;1829@1915815251:0.853336;1635@3223374935:0.041816;1785@2121859536:0.704807;1712@3611386577:0.886475;1116@3537433468:0.124342;1010@3926842291:0.362234;1371@1165812326:0.910121;1381@520817309:0.385163;1736@129162004:0.092883;1206@1832993073:0.723242;1202@3914481264:0.731858|67@0.243867,0.106836,0.752892,0.034397,0.870142,0.026423,0.983151,0.361821,0.018853,0.057198,0.77549;56@0.806128,0.727062,0.991714,0.149828,0.513085,0.617419,0.486819,0.739706,0.919252,0.984017,0.536972,0.738392;73@0.675727,0.011818;38@0.671339,0.975822,0.15745,0.883184,0.694283,0.584017,0.960076,0.581343,0.061554,0.410068;1@;14@0.222429,0.733232,0.081345,0.202551,0.939515,0.964858,0.326486,0.686856,0.678572;41@;32@0.67808,0.010883,0.47109,0.944846;70@0.997407,0.742445,0.67779,0.545628;43@0.554912,0.114841,0.621817,0.284706,0.749131,0.375737,0.275689,0.53902,0.520589,0.758792,0.172913;65@0.35174,0.373698,0.126041,0.623073;20@0.091035,0.477659,0.275319,0.386264;40@0.371606,0.902204,0.953171;100@0.834986;37@0.817087,0.561878,0.436575,0.286553,0.354794,0.783207,0.684463,0.451258,0.171122,0.403194,0.79839,0.652456,0.492088;27@0.064475,0.919771,0.725242,0.830837,0.649884,0.431949,0.789895;92@0.511558,0.028742,0.741013,0.477992,0.647035;10@0.496916,0.117394,0.888186,0.647561,0.995462,0.054379,0.242335,0.523133,0.763189,0.706889,0.464656,0.768847;75@0.218816,0.09423,0.964414,0.396678,0.689001,0.886357,0.930484,0.778897,0.188582,0.86474;84@0.993123,0.477385,0.742541,0.487405,0.875794,0.579421,0.686082,0.538924,0.433802,0.807035,0.850874;82@0.588811;47@0.463996,0.217922,0.242394,0.749844,0.899773,0.113576,0.954012,0.260487,0.657564,0.093929,0.315263;9@0.710514,0.368462,0.237566,0.219,0.93306,0.381892,0.266014,0.800594,0.372463,0.237421,0.528085;39@0.485194,0.642773,0.914381,0.359454,0.470411,0.401186,0.103836,0.38535,0.674697;88@0.56455,0.242925,0.285824,0.862976,0.390644,0.286745,0.475358;30@0.140309,0.164018,0.538737,0.704342,0.052539,0.425996,0.299181,0.563297,0.775353,0.842268|1|1762487393
I20251108 00:02:58.831330 139717798590272 data_text_parser.cc:116] beg_pos: 19480,end_pos: 20480
I20251108 00:02:58.831612 139717798590272 data_text_parser.cc:101] get chunk buffer, size: 20480
I20251108 00:02:58.831649 139717798590272 data_text_parser.cc:116] beg_pos: 0,end_pos: 1204
I20251108 00:02:58.831661 139717798590272 data_text_parser.cc:61] buffer line: 222|263|1720@3449665856:0.376579;1185@3172300063:0.999635;1587@2870048166:0.098891;1048@3037251513:0.992433;1413@3466613824:0.498766;1472@205834756:0.564962;1861@4170740656:0.724914;1430@1556964541:0.337583;1384@3585394753:0.657307;1829@2827013463:0.363571;1635@2190037142:0.182535;1785@1923895442:0.466482;1712@891106642:0.571287;1116@973435023:0.803113;1010@79875259:0.20634;1371@2870048166:0.321572;1381@1614609403:0.680557;1736@207158677:0.7064;1206@3929762256:0.991088;1202@2958221781:0.161053|67@0.294246,0.891427,0.782581,0.185145,0.98597,0.199399,0.985935,0.894827,0.356689,0.511369,0.807843;56@0.902574,0.094217,0.302484,0.068712,0.09471,0.363186,0.09503,0.02267,0.800574,0.300625,0.021071,0.46002;73@0.704289,0.622649;38@0.989603,0.489509,0.784616,0.904494,0.42489,0.419279,0.148859,0.079291,0.985198,0.089453;1@;14@0.511404,0.102757,0.940041,0.773175,0.77301,0.635551,0.990989,0.166975,0.579388;41@;32@0.178392,0.470638,0.733163,0.257883;70@0.272233,0.196146,0.31521,0.605613;43@0.250077,0.224202,0.942664,0.01488,0.053599,0.81999,0.878871,0.946995,0.716817,0.219445,0.120844;65@0.154631,0.798258,0.56063,0.574053;20@0.605972,0.870439,0.968852,0.283974;40@0.382163,0.048602,0.597744;100@0.166587;37@0.813588,0.287747,0.031409,0.778449,0.987531,0.348767,0.658605,0.015475,0.255981,0.076789,0.423621,0.380945,0.957737;27@0.984399,0.607109,0.564466,0.757952,0.178708,0.597421,0.394473;92@0.652446,0.826213,0.079304,0.323983,0.860113;10@0.606195,0.357825,0.56778,0.730909,0.433546,0.812021,0.571928,0.901948,0.409524,0.280253,0.917811,0.2896;75@0.391142,0.942539,0.976747,0.862724,0.392667,0.258907,0.595619,0.679967,0.757936,0.371151;84@0.53548,0.541989,0.2244,0.205344,0.601216,0.56535,0.799836,0.232853,0.735202,0.254449,0.620599;82@0.156845;47@0.715075,0.849721,0.71507,0.91967,0.764153,0.922892,0.806073,0.604378,0.316712,0.284251,0.02676;9@0.858526,0.653052,0.51271,0.471806,0.110887,0.05515,0.615152,0.576332,0.751134,0.710569,0.566217;39@0.126047,0.785717,0.445081,0.157306,0.677094,0.860331,0.522037,0.550953,0.430866;88@0.763702,0.169066,0.254564,0.005564,0.162162,0.862503,0.57404;30@0.358778,0.485666,0.380871,0.155376,0.068247,0.546898,0.628505,0.642023,0.150864,0.316838|1|1762487393
I20251108 00:02:58.831719 139717798590272 data_text_parser.cc:116] beg_pos: 1205,end_pos: 3423
I20251108 00:02:58.831736 139717798590272 data_text_parser.cc:59] line: 223|445|1720@3244649673:0.002411;1185@3925388176:0.083006;1587@2309967260:0.841058;1048@3040906960:0.814036;1413@1517370225:0.072856;1472@668674913:0.156386;1861@4218497789:0.30591;1430@1264480587:0.839142;1384@3082468462:0.264814;1829@2857393181:0.149719;1635@604308459:0.679602;1785@3302909151:0.050371;1712@1394311606:0.195195;1116@1125507588:0.294552;1010@317820686:0.820594;1371@3635196515:0.799112;1381@2274795160:0.782706;1736@4164496684:0.789925;1206@375645101:0.481421;1202@3785177769:0.754524|67@0.666285,0.296752,0.778895,0.855604,0.500353,0.018034,0.228968,0.601438,0.373998,0.490923,0.794324;56@0.287793,0.640642,0.832609,0.047817,0.975513,0.982645,0.406883,0.244288,0.499022,0.514204,0.004955,0.896314;73@0.4113,0.983968;38@0.620843,0.270234,0.823513,0.750122,0.786597,0.332126,0.284105,0.801749,0.82467,0.029673;1@;14@0.935722,0.061308,0.47564,0.376921,0.811713,0.048344,0.020421,0.957276,0.407339;41@;32@0.51055,0.940697,0.798009,0.512686;70@0.179001,0.501286,0.669971,0.407326;43@0.919535,0.336055,0.747321,0.651291,0.987821,0.767564,0.311492,0.894601,0.128602,0.371016,0.251361;65@0.716373,0.104028,0.509061,0.786998;20@0.312245,0.106559,0.453828,0.270838;40@0.302448,0.105357,0.49394;100@0.520534;37@0.892248,0.259248,0.331623,0.107004,0.477346,0.153465,0.448062,0.92833,0.360078,0.429798,0.551982,0.535988,0.644421;27@0.186455,0.954644,0.272652,0.237709,0.466151,0.830722,0.808432;92@0.2214,0.61711,0.955045,0.517305,0.123494;10@0.107217,0.522972,0.368031,0.414641,0.056544,0.540678,0.018566,0.143678,0.527457,0.785891,0.566028,0.437346;75@0.335706,0.659393,0.049057,0.192833,0.094449,0.485167,0.553986,0.265927,0.899994,0.712089;84@0.523841,0.694895,0.302585,0.544623,0.684788,0.495143,0.792897,0.759521,0.037664,0.823466,0.289732;82@0.039981;47@0.17958,0.465508,0.223482,0.849759,0.27563,0.997093,0.248278,0.577679,0.657275,0.00058,0.767696;9@0.224186,0.111545,0.000437,0.874358,0.933393,0.761637,0.806125,0.336259,0.492071,0.136047,0.672713;39@0.693492,0.698187,0.232665,0.124153,0.613293,0.995561,0.77615,0.454461,0.904142;88@0.277443,0.717306,0.950423,0.300044,0.989056,0.930377,0.685718;30@0.124194,0.734181,0.769603,0.022711,0.541863,0.777334,0.483477,0.695259,0.486933,0.609302|0|1762487393
I20251108 00:02:58.831804 139717798590272 data_text_parser.cc:116] beg_pos: 3424,end_pos: 5624
I20251108 00:02:58.831823 139717798590272 data_text_parser.cc:59] line: 224|618|1720@1921504615:0.451832;1185@573543391:0.945794;1587@743849085:0.612863;1048@919188001:0.06226;1413@749782635:0.522873;1472@926344630:0.104573;1861@3660589356:0.441344;1430@1880471963:0.469075;1384@3352669943:0.641735;1829@3031596077:0.236825;1635@1134765527:0.653458;1785@1186565002:0.337684;1712@622858447:0.154486;1116@78809295:0.070506;1010@28401576:0.25227;1371@2760365881:0.189382;1381@3116673366:0.230396;1736@1052455558:0.479669;1206@2550818687:0.734334;1202@734215176:0.960363|67@0.857699,0.665897,0.693265,0.949666,0.240985,0.580578,0.87147,0.933184,0.275168,0.731715,0.561612;56@0.121786,0.712671,0.666796,0.87997,0.63994,0.280621,0.688233,0.613205,0.160868,0.345831,0.988533,0.438281;73@0.166671,0.368237;38@0.084168,0.473893,0.724222,0.087933,0.503279,0.464038,0.801041,0.704945,0.039643,0.165828;1@;14@0.058889,0.384573,0.30231,0.267716,0.718185,0.914253,0.353694,0.250929,0.635913;41@;32@0.259115,0.632914,0.317321,0.793608;70@0.287101,0.114834,0.690463,0.000865;43@0.957679,0.793867,0.169601,0.833781,0.993495,0.2341,0.589844,0.913094,0.625924,0.948343,0.738224;65@0.26267,0.183371,0.89621,0.58983;20@0.363876,0.37536,0.916955,0.212408;40@0.10435,0.239925,0.070539;100@0.412195;37@0.903519,0.105042,0.486432,0.128674,0.229008,0.215292,0.390526,0.278506,0.261073,0.375211,0.59546,0.58523,0.075348;27@0.998237,0.180551,0.058523,0.624656,0.174853,0.640526,0.443313;92@0.562954,0.527552,0.814208,0.058389,0.766749;10@0.730345,0.153193,0.208859,0.56572,0.193313,0.842006,0.56213,0.025395,0.36723,0.062294,0.356939,0.324525;75@0.684771,0.218476,0.389256,0.99338,0.041698,0.746324,0.584609,0.516469,0.367804,0.697813;84@0.964976,0.508513,0.233794,0.457566,0.37775,0.492932,0.715222,0.844589,0.568427,0.993443,0.310905;82@0.398766;47@0.954906,0.104637,0.587347,0.486741,0.211147,0.443883,0.235791,0.258944,0.898662,0.56534,0.915896;9@0.044275,0.96416,0.53187,0.646092,0.857483,0.843435,0.645808,0.138679,0.368014,0.354015,0.808427;39@0.500797,0.639563,0.59403,0.352153,0.49432,0.222066,0.217687,0.515983,0.975573;88@0.143428,0.579728,0.966032,0.150094,0.392934,0.571806,0.488751;30@0.485206,0.334543,0.341282,0.240396,0.925345,0.017594,0.261618,0.71841,0.264568,0.491179|1|1762487393
I20251108 00:02:58.831873 139717798590272 data_text_parser.cc:116] beg_pos: 5625,end_pos: 7833
I20251108 00:02:58.831892 139717798590272 data_text_parser.cc:59] line: 225|677|1720@1580258924:0.41901;1185@1088104818:0.593417;1587@2005551100:0.563294;1048@614470622:0.406452;1413@596727092:0.775483;1472@1843756973:0.707155;1861@1158350838:0.793858;1430@3451129464:0.403215;1384@2350204036:0.767504;1829@448175572:0.579999;1635@3981709967:0.965159;1785@3240117482:0.505208;1712@1025127302:0.691212;1116@2015175128:0.929382;1010@1853041476:0.11795;1371@3720292858:0.205009;1381@2447801855:0.123079;1736@1579844746:0.979103;1206@4059691867:0.553392;1202@3962537356:0.474399|67@0.586001,0.88538,0.077234,0.081825,0.586958,0.720716,0.211382,0.312865,0.01065,0.333633,0.392751;56@0.962801,0.029479,0.196453,0.411123,0.156026,0.024885,0.385857,0.480838,0.81305,0.334813,0.493468,0.088513;73@0.370095,0.311384;38@0.61535,0.040575,0.146279,0.609009,0.411323,0.055739,0.465273,0.639817,0.191866,0.465089;1@;14@0.918973,0.635837,0.432281,0.656633,0.198804,0.565539,0.088743,0.368476,0.379779;41@;32@0.782979,0.867235,0.120433,0.302969;70@0.719652,0.990574,0.883823,0.84441;43@0.39837,0.981827,0.854205,0.863092,0.641382,0.204148,0.973772,0.494088,0.933342,0.90341,0.018296;65@0.90338,0.92088,0.98917,0.889223;20@0.260767,0.425521,0.157067,0.550959;40@0.587329,0.753356,0.98696;100@0.845392;37@0.093286,0.276239,0.525923,0.827864,0.346255,0.937214,0.277321,0.973731,0.744322,0.350836,0.160079,5.5e-05,0.540232;27@0.529295,0.200138,0.72246,0.598836,0.409516,0.924202,0.100646;92@0.411613,0.929535,0.302659,0.968242,0.90301;10@0.792032,0.588003,0.348564,0.106669,0.60027,0.543118,0.956561,0.035802,0.057821,0.21002,0.454367,0.616838;75@0.333199,0.678199,0.929708,0.036006,0.976039,0.952475,0.701861,0.998911,0.560133,0.941348;84@0.007085,0.564921,0.230525,0.977365,0.731366,0.401863,0.726294,0.4402,0.030962,0.812328,0.549181;82@0.224033;47@0.11011,0.490939,0.557256,0.693082,0.322848,0.493371,0.337755,0.832655,0.709441,0.86392,0.425203;9@0.266794,0.277093,0.235246,0.530657,0.37445,0.110221,0.732851,0.201164,0.177057,0.681939,0.17122;39@0.937282,0.085509,0.578525,0.914683,0.179291,0.485247,0.537706,0.808798,0.889307;88@0.952183,0.992258,0.713085,0.915872,0.843796,0.718112,0.790964;30@0.984072,0.328324,0.416757,0.67294,0.543774,0.90168,0.249146,0.036396,0.624353,0.437647|1|1762487393

s:  <DataFlow.csrc.pybind_module.BatchRow object at 0x7f1288b26630>
s:  <DataFlow.csrc.pybind_module.BatchRow object at 0x7f1288b26c70>
s:  <DataFlow.csrc.pybind_module.BatchRow object at 0x7f1288cf6ef0>
s:  <DataFlow.csrc.pybind_module.BatchRow object at 0x7f1288b26c70>
s:  <DataFlow.csrc.pybind_module.BatchRow object at 0x7f1288cf6ef0>
s:  <DataFlow.csrc.pybind_module.BatchRow object at 0x7f1288b26c70>
s:  <DataFlow.csrc.pybind_module.BatchRow object at 0x7f1288cf6ef0>
s:  <DataFlow.csrc.pybind_module.BatchRow object at 0x7f1288b26c70>
s:  <DataFlow.csrc.pybind_module.BatchRow object at 0x7f1288cf6ef0>
s:  <DataFlow.csrc.pybind_module.BatchRow object at 0x7f1288b26c70>
s:  <DataFlow.csrc.pybind_module.BatchRow object at 0x7f1288cf6ef0>
s:  <DataFlow.csrc.pybind_module.BatchRow object at 0x7f1288b26c70>
s:  <DataFlow.csrc.pybind_module.BatchRow object at 0x7f1288cf6ef0>
s:  <DataFlow.csrc.pybind_module.BatchRow object at 0x7f1288b26c70>
s:  <DataFlow.csrc.pybind_module.BatchRow object at 0x7f1288cf6ef0>
s:  <DataFlow.csrc.pybind_module.BatchRow object at 0x7f1288b26c70>
s:  <DataFlow.csrc.pybind_module.BatchRow object at 0x7f1288cf6ef0>
s:  <DataFlow.csrc.pybind_module.BatchRow object at 0x7f1288b26c70>
s:  <DataFlow.csrc.pybind_module.BatchRow object at 0x7f1288cf6ef0>
s:  <DataFlow.csrc.pybind_module.BatchRow object at 0x7f1288b26c70>
s:  <DataFlow.csrc.pybind_module.BatchRow object at 0x7f1288cf6ef0>
s:  <DataFlow.csrc.pybind_module.BatchRow object at 0x7f1288b26c70>
s:  <DataFlow.csrc.pybind_module.BatchRow object at 0x7f1288cf6ef0>
s:  <DataFlow.csrc.pybind_module.BatchRow object at 0x7f1288b26c70>
s:  <DataFlow.csrc.pybind_module.BatchRow object at 0x7f1288cf6ef0>
s:  <DataFlow.csrc.pybind_module.BatchRow object at 0x7f1288b26c70>
s:  <DataFlow.csrc.pybind_module.BatchRow object at 0x7f1288cf6ef0>
s:  <DataFlow.csrc.pybind_module.BatchRow object at 0x7f1288b26c70>
s:  <DataFlow.csrc.pybind_module.BatchRow object at 0x7f1288cf6ef0>
s:  <DataFlow.csrc.pybind_module.BatchRow object at 0x7f1288b26c70>
s:  <DataFlow.csrc.pybind_module.BatchRow object at 0x7f1288cf6ef0>
s:  <DataFlow.csrc.pybind_module.BatchRow object at 0x7f1288b26c70>
s:  <DataFlow.csrc.pybind_module.BatchRow object at 0x7f1288cf6ef0>
s:  <DataFlow.csrc.pybind_module.BatchRow object at 0x7f1288b26c70>
s:  <DataFlow.csrc.pybind_module.BatchRow object at 0x7f1288cf6ef0>
s:  <DataFlow.csrc.pybind_module.BatchRow object at 0x7f1288b26c70>
s:  <DataFlow.csrc.pybind_module.BatchRow object at 0x7f1288cf6ef0>
s:  <DataFlow.csrc.pybind_module.BatchRow object at 0x7f1288b26c70>
s:  <DataFlow.csrc.pybind_module.BatchRow object at 0x7f1288cf6ef0>
s:  <DataFlow.csrc.pybind_module.BatchRow object at 0x7f1288b26c70>
s:  <DataFlow.csrc.pybind_module.BatchRow object at 0x7f1288cf6ef0>
s:  <DataFlow.csrc.pybind_module.BatchRow object at 0x7f1288b26c70>
s:  <DataFlow.csrc.pybind_module.BatchRow object at 0x7f1288cf6ef0>
s:  <DataFlow.csrc.pybind_module.BatchRow object at 0x7f1288b26c70>
s:  <DataFlow.csrc.pybind_module.BatchRow object at 0x7f1288cf6ef0>
s:  <DataFlow.csrc.pybind_module.BatchRow object at 0x7f1288b26c70>
s:  <DataFlow.csrc.pybind_module.BatchRow object at 0x7f1288cf6ef0>
s:  <DataFlow.csrc.pybind_module.BatchRow object at 0x7f1288b26c70>
s:  <DataFlow.csrc.pybind_module.BatchRow object at 0x7f1288cf6ef0>
s:  <DataFlow.csrc.pybind_module.BatchRow object at 0x7f1288b26c70>
s:  <DataFlow.csrc.pybind_module.BatchRow object at 0x7f1288cf6ef0>
s:  <DataFlow.csrc.pybind_module.BatchRow object at 0x7f1288b26c70>
s:  <DataFlow.csrc.pybind_module.BatchRow object at 0x7f1288cf6ef0>
s:  <DataFlow.csrc.pybind_module.BatchRow object at 0x7f1288b26c70>
s:  <DataFlow.csrc.pybind_module.BatchRow object at 0x7f1288cf6ef0>
s:  <DataFlow.csrc.pybind_module.BatchRow object at 0x7f1288b26c70>
s:  <DataFlow.csrc.pybind_module.BatchRow object at 0x7f1288cf6ef0>
s:  <DataFlow.csrc.pybind_module.BatchRow object at 0x7f1288b26c70>
s:  <DataFlow.csrc.pybind_module.BatchRow object at 0x7f1288cf6ef0>
s:  <DataFlow.csrc.pybind_module.BatchRow object at 0x7f1288b26c70>
s:  <DataFlow.csrc.pybind_module.BatchRow object at 0x7f1288cf6ef0>
s:  <DataFlow.csrc.pybind_module.BatchRow object at 0x7f1288b26c70>
s:  <DataFlow.csrc.pybind_module.BatchRow object at 0x7f1288cf6ef0>
s:  <DataFlow.csrc.pybind_module.BatchRow object at 0x7f1288b26c70>
s:  <DataFlow.csrc.pybind_module.BatchRow object at 0x7f1288cf6ef0>
s:  <DataFlow.csrc.pybind_module.BatchRow object at 0x7f1288b26c70>
s:  <DataFlow.csrc.pybind_module.BatchRow object at 0x7f1288cf6ef0>
s:  <DataFlow.csrc.pybind_module.BatchRow object at 0x7f1288b26c70>
s:  <DataFlow.csrc.pybind_module.BatchRow object at 0x7f1288cf6ef0>
s:  <DataFlow.csrc.pybind_module.BatchRow object at 0x7f1288b26c70>
s:  <DataFlow.csrc.pybind_module.BatchRow object at 0x7f1288cf6ef0>
s:  <DataFlow.csrc.pybind_module.BatchRow object at 0x7f1288b26c70>
s:  <DataFlow.csrc.pybind_module.BatchRow object at 0x7f1288cf6ef0>
s:  <DataFlow.csrc.pybind_module.BatchRow object at 0x7f1288b26c70>
s:  <DataFlow.csrc.pybind_module.BatchRow object at 0x7f1288cf6ef0>
s:  <DataFlow.csrc.pybind_module.BatchRow object at 0x7f1288b26c70>
s:  <DataFlow.csrc.pybind_module.BatchRow object at 0x7f1288cf6ef0>
s:  <DataFlow.csrc.pybind_module.BatchRow object at 0x7f1288b26c70>
s:  <DataFlow.csrc.pybind_module.BatchRow object at 0x7f1288cf6ef0>
s:  <DataFlow.csrc.pybind_module.BatchRow object at 0x7f1288b26c70>
s:  <DataFlow.csrc.pybind_module.BatchRow object at 0x7f1288cf6ef0>
s:  <DataFlow.csrc.pybind_module.BatchRow object at 0x7f1288b26c70>
s:  <DataFlow.csrc.pybind_module.BatchRow object at 0x7f1288cf6ef0>
s:  <DataFlow.csrc.pybind_module.BatchRow object at 0x7f1288b26c70>
s:  <DataFlow.csrc.pybind_module.BatchRow object at 0x7f1288cf6ef0>
s:  <DataFlow.csrc.pybind_module.BatchRow object at 0x7f1288b26c70>
s:  <DataFlow.csrc.pybind_module.BatchRow object at 0x7f1288cf6ef0>
s:  <DataFlow.csrc.pybind_module.BatchRow object at 0x7f1288b26c70>
s:  <DataFlow.csrc.pybind_module.BatchRow object at 0x7f1288cf6ef0>
s:  <DataFlow.csrc.pybind_module.BatchRow object at 0x7f1288b26c70>
s:  <DataFlow.csrc.pybind_module.BatchRow object at 0x7f1288cf6ef0>
s:  <DataFlow.csrc.pybind_module.BatchRow object at 0x7f1288b26c70>
s:  <DataFlow.csrc.pybind_module.BatchRow object at 0x7f1288cf6ef0>
s:  <DataFlow.csrc.pybind_module.BatchRow object at 0x7f1288b26c70>
s:  <DataFlow.csrc.pybind_module.BatchRow object at 0x7f1288cf6ef0>
s:  <DataFlow.csrc.pybind_module.BatchRow object at 0x7f1288b26c70>
s:  <DataFlow.csrc.pybind_module.BatchRow object at 0x7f1288cf6ef0>
s:  <DataFlow.csrc.pybind_module.BatchRow object at 0x7f1288b26c70>
s:  <DataFlow.csrc.pybind_module.BatchRow object at 0x7f1288cf6ef0>
s:  <DataFlow.csrc.pybind_module.BatchRow object at 0x7f1288b26c70>
s:  <DataFlow.csrc.pybind_module.BatchRow object at 0x7f1288cf6ef0>
s:  <DataFlow.csrc.pybind_module.BatchRow object at 0x7f1288b26c70>
s:  <DataFlow.csrc.pybind_module.BatchRow object at 0x7f1288cf6ef0>
s:  <DataFlow.csrc.pybind_module.BatchRow object at 0x7f1288b26c70>
s:  <DataFlow.csrc.pybind_module.BatchRow object at 0x7f1288cf6ef0>
s:  <DataFlow.csrc.pybind_module.BatchRow object at 0x7f1288b26c70>
s:  <DataFlow.csrc.pybind_module.BatchRow object at 0x7f1288cf6ef0>
s:  <DataFlow.csrc.pybind_module.BatchRow object at 0x7f1288b26c70>
s:  <DataFlow.csrc.pybind_module.BatchRow object at 0x7f1288cf6ef0>
s:  <DataFlow.csrc.pybind_module.BatchRow object at 0x7f1288b26c70>
s:  <DataFlow.csrc.pybind_module.BatchRow object at 0x7f1288cf6ef0>
s:  <DataFlow.csrc.pybind_module.BatchRow object at 0x7f1288b26c70>
s:  <DataFlow.csrc.pybind_module.BatchRow object at 0x7f1288cf6ef0>
s:  <DataFlow.csrc.pybind_module.BatchRow object at 0x7f1288b26c70>
s:  <DataFlow.csrc.pybind_module.BatchRow object at 0x7f1288cf6ef0>
s:  <DataFlow.csrc.pybind_module.BatchRow object at 0x7f1288b26c70>
s:  <DataFlow.csrc.pybind_module.BatchRow object at 0x7f1288cf6ef0>
s:  <DataFlow.csrc.pybind_module.BatchRow object at 0x7f1288b26c70>
s:  <DataFlow.csrc.pybind_module.BatchRow object at 0x7f1288cf6ef0>
s:  <DataFlow.csrc.pybind_module.BatchRow object at 0x7f1288b26c70>
s:  <DataFlow.csrc.pybind_module.BatchRow object at 0x7f1288cf6ef0>I20251108 00:02:58.831990 139717798590272 data_text_parser.cc:116] beg_pos: 7834,end_pos: 10036
I20251108 00:02:58.832003 139717798590272 data_text_parser.cc:59] line: 226|52|1720@2346618280:0.445422;1185@2207135415:0.015127;1587@1343328038:0.500033;1048@393941433:0.437239;1413@3276469750:0.315736;1472@3283421371:0.235407;1861@269020291:0.056532;1430@530794895:0.961539;1384@800551834:0.021642;1829@1591135498:0.151176;1635@3653103198:0.089891;1785@1151131741:0.067366;1712@395503634:0.907069;1116@1867956427:0.163695;1010@1487201724:0.268937;1371@1833946566:0.771211;1381@1402930928:0.619431;1736@2273752201:0.89814;1206@1091146835:0.646485;1202@2356160889:0.63957|67@0.19607,0.005091,0.505627,0.764956,0.703955,0.586436,0.110754,0.009312,0.027993,0.486845,0.608421;56@0.193842,0.86754,0.426114,0.187453,0.901784,0.36686,0.275033,0.19947,0.757613,0.598459,0.987885,0.841677;73@0.927806,0.942055;38@0.747461,0.953965,0.488314,0.759609,0.538661,0.317549,0.578673,0.080204,0.945711,0.615439;1@;14@0.415666,0.837358,0.209642,0.200686,0.39293,0.374018,0.409981,0.290754,0.692706;41@;32@0.24692,0.558425,0.219067,0.18786;70@0.513811,0.502032,0.576091,0.838005;43@0.414189,0.905919,0.553889,0.253205,0.735691,0.377778,0.82603,0.408034,0.313162,0.570873,0.472537;65@0.65892,0.464826,0.101227,0.399333;20@0.45747,0.616871,0.50447,0.343735;40@0.739662,0.280877,0.946602;100@0.810184;37@0.156198,0.079516,0.441524,0.531431,0.114742,0.478064,0.740785,0.067978,0.1761,0.556308,0.928332,0.825796,0.684937;27@0.00707,0.942587,0.454229,0.894378,0.56212,0.28296,0.541416;92@0.038686,0.697463,0.78237,0.392628,0.945965;10@0.838449,0.635476,0.254179,0.193992,0.564121,0.878495,0.301449,0.900576,0.731696,0.961114,0.73708,0.650746;75@0.968399,0.566823,0.124254,0.892785,0.622719,0.62798,0.423738,0.264545,0.217053,0.706801;84@0.743847,0.391406,0.651741,0.61998,0.687739,0.528449,0.651489,0.441779,0.611973,0.980079,0.872243;82@0.215979;47@0.446288,0.373831,0.303614,0.357332,0.478177,0.245009,0.954563,0.250997,0.049051,0.942822,0.782793;9@0.924965,0.311721,0.408226,0.701352,0.800607,0.403623,0.668221,0.787757,0.718983,0.067764,0.546906;39@0.977615,0.609039,0.856429,0.845355,0.63295,0.353,0.738641,0.418442,0.025553;88@0.166434,0.454777,0.249517,0.08408,0.155999,0.616749,0.312125;30@0.400944,0.730701,0.001721,0.926028,0.253214,0.452049,0.328349,0.109653,0.21572,0.23336|0|1762487393
I20251108 00:02:58.832048 139717798590272 data_text_parser.cc:116] beg_pos: 10037,end_pos: 12243
I20251108 00:02:58.832062 139717798590272 data_text_parser.cc:59] line: 227|541|1720@876860546:0.225409;1185@4242143327:0.91543;1587@315063025:0.09363;1048@2551231790:0.151825;1413@1957116837:0.757995;1472@1377960606:0.839869;1861@4161810612:0.610488;1430@2966663539:0.454004;1384@1749090963:0.843787;1829@135341162:0.036033;1635@2513345904:0.440217;1785@1829116862:0.780105;1712@2502152300:0.440213;1116@2712681248:0.300246;1010@158535956:0.850073;1371@2945767690:0.713948;1381@148288949:0.21389;1736@41616829:0.704549;1206@646576759:0.881789;1202@2227938849:0.843087|67@0.147683,0.145952,0.620666,0.842269,0.855501,0.795409,0.541052,0.294748,0.340185,0.779835,0.267332;56@0.056165,0.333612,0.92479,0.181982,0.927036,0.293456,0.084633,0.49663,0.170679,0.61014,0.056855,0.801162;73@0.187576,0.761444;38@0.741678,0.488553,0.01469,0.449484,0.934873,0.510128,0.427583,0.524362,0.412421,0.709327;1@;14@0.940498,0.059023,0.796759,0.323385,0.631727,0.428012,0.316123,0.464094,0.641478;41@;32@0.957118,0.89644,0.034395,0.323842;70@0.931337,0.62562,0.613435,0.374358;43@0.075237,0.347461,0.335138,0.662455,0.549903,0.585521,0.472822,0.24088,0.829118,0.696101,0.859917;65@0.628182,0.213051,0.383085,0.980034;20@0.488313,0.966666,0.210399,0.442108;40@0.900079,0.213236,0.534725;100@0.941339;37@0.719754,0.130274,0.488626,0.887054,0.12328,0.169572,0.350406,0.452206,0.586754,0.014708,0.94347,0.040685,0.196036;27@0.567612,0.06595,0.694504,0.869872,0.583061,0.787455,0.28141;92@0.394478,0.102332,0.321478,0.440216,0.182191;10@0.332574,0.094863,0.953661,0.312227,0.756244,0.390684,0.267925,0.235925,0.964102,0.415257,0.013077,0.36539;75@0.611203,0.416229,0.547431,0.616252,0.182877,0.339365,0.261221,0.036526,0.954338,0.527296;84@0.793026,0.959215,0.812467,0.734372,0.309831,0.81085,0.993102,0.188066,0.996197,0.818056,0.4419;82@0.239116;47@0.687092,0.282771,0.946616,0.260155,0.897981,0.548721,0.41966,0.07429,0.412949,0.292148,0.827295;9@0.344237,0.953829,0.932956,0.058093,0.914624,0.930711,0.144598,0.684668,0.864673,0.047463,0.60045;39@0.632147,0.643393,0.701938,0.245985,0.423873,0.909333,0.066802,0.457854,0.91321;88@0.010747,0.417878,0.17091,0.057822,0.162421,0.053178,0.789262;30@0.788673,0.391998,0.945895,0.111401,0.105967,0.891402,0.785236,0.051629,0.359637,0.314325|1|1762487393
I20251108 00:02:58.832112 139717798590272 data_text_parser.cc:116] beg_pos: 12244,end_pos: 14446
I20251108 00:02:58.832129 139717798590272 data_text_parser.cc:59] line: 228|223|1720@4280330149:0.158114;1185@3730801408:0.708447;1587@3238534700:0.851988;1048@1376615061:0.701111;1413@452562901:0.707899;1472@2260764613:0.953748;1861@2501109297:0.823135;1430@3389879586:0.874524;1384@884980253:0.639867;1829@1654501554:0.422735;1635@3152893450:0.066815;1785@2583780392:0.294489;1712@674696031:0.006875;1116@547916634:0.22118;1010@2343615140:0.071202;1371@2607109345:0.993708;1381@100718116:0.705014;1736@2068277087:0.953374;1206@1220776770:0.83184;1202@1620230513:0.19153|67@0.424777,0.63459,0.625736,0.87187,0.738377,0.956941,0.56388,0.860905,0.057551,0.343675,0.755383;56@0.222836,0.874235,0.809404,0.871574,0.916988,0.54566,0.226005,0.90739,0.446799,0.102382,0.676645,0.771143;73@0.028813,0.8277;38@0.680971,0.911369,0.551705,0.0464,0.655102,0.178654,0.493536,0.994847,0.829526,0.474013;1@;14@0.057681,0.842311,0.443676,0.324459,0.486511,0.49689,0.492957,0.328523,0.337018;41@;32@0.535233,0.94997,0.571393,0.629573;70@0.726623,0.822215,0.350372,0.206068;43@0.919232,0.413425,0.448207,0.930948,0.015549,0.301424,0.329561,0.177031,0.74559,0.28226,0.858124;65@0.707041,0.484111,0.623196,0.953367;20@0.665866,0.770688,0.004186,0.910056;40@0.057676,0.250529,0.290876;100@0.690174;37@0.317284,0.771487,0.092211,0.138244,0.845983,0.125505,0.783407,0.856376,0.340547,0.304753,0.188391,0.692372,0.326004;27@0.779764,0.457971,0.187254,0.346895,0.326936,0.084019,0.430761;92@0.030798,0.420996,0.706909,0.449096,0.895658;10@0.211315,0.950453,0.237168,0.841769,0.223901,0.175307,0.267878,0.739755,0.280113,0.99737,0.545666,0.55194;75@0.475312,0.912626,0.162366,0.229485,0.586951,0.438361,0.129968,0.331145,0.306459,0.152728;84@0.545994,0.828124,0.464305,0.137432,0.124177,0.85903,0.996929,0.69672,0.180633,0.039906,0.738618;82@0.294996;47@0.472184,0.720635,0.666556,0.374552,0.116516,0.851757,0.181849,0.127691,0.575201,0.355144,0.656962;9@0.083256,0.247606,0.291857,0.92015,0.595193,0.956593,0.360281,0.535988,0.736841,0.095216,0.119917;39@0.399185,0.658229,0.995062,0.018944,0.218673,0.441,0.611267,0.443162,0.615792;88@0.460341,0.403347,0.953361,0.575151,0.27547,0.271507,0.513584;30@0.81804,0.256596,0.893917,0.583643,0.80459,0.553404,0.777,0.415851,0.924172,0.307277|1|1762487393
I20251108 00:02:58.832179 139717798590272 data_text_parser.cc:116] beg_pos: 14447,end_pos: 16656
I20251108 00:02:58.832193 139717798590272 data_text_parser.cc:59] line: 229|560|1720@1302727747:0.646435;1185@1014353644:0.053645;1587@4274976891:0.061598;1048@827133060:0.289225;1413@875544408:0.689421;1472@1772780419:0.6052;1861@206458969:0.773891;1430@3077176291:0.300602;1384@3484701107:0.299075;1829@1003406113:0.610323;1635@115900645:0.24084;1785@2708191286:0.039116;1712@2609226717:0.026508;1116@3306260966:0.845949;1010@3714441965:0.211158;1371@1908076930:0.205796;1381@2147437583:0.722312;1736@1019030789:0.228881;1206@190423980:0.701624;1202@2956498719:0.670226|67@0.054391,0.034341,0.669451,0.583989,0.263351,0.358354,0.413892,0.183423,0.65377,0.196636,0.993226;56@0.861699,0.801887,0.25474,0.928944,0.034289,0.139595,0.797974,0.724521,0.120101,0.263174,0.012437,0.73266;73@0.598015,0.597768;38@0.612675,0.094659,0.063005,0.514457,0.881648,0.039449,0.44089,0.195781,0.878474,0.772478;1@;14@0.037626,0.293543,0.225132,0.326737,0.096528,0.403211,0.308699,0.633048,0.094491;41@;32@0.270878,0.074585,0.871375,0.090354;70@0.725564,0.68683,0.312056,0.05237;43@0.803726,0.806195,0.006861,0.758165,0.045439,0.160253,0.037259,0.835653,0.939668,0.352284,0.383899;65@0.560803,0.652748,0.287299,0.485789;20@0.544984,0.16772,0.244996,0.776909;40@0.734416,0.211902,0.882471;100@0.511295;37@0.087875,0.952464,0.300035,0.874667,0.280847,0.814644,0.116628,0.67642,0.289574,0.906815,0.504319,0.985235,0.412297;27@0.399341,0.248634,0.912706,0.571091,0.547218,0.175254,0.951852;92@0.936609,0.935384,0.430727,0.9314,0.116574;10@0.914775,0.754292,0.996863,0.996984,0.344904,0.262274,0.24384,0.573977,0.340771,0.756236,0.844713,0.843496;75@0.825222,0.71272,0.536757,0.899917,0.856825,0.406814,0.912262,0.497836,0.870708,0.423768;84@0.718837,0.926149,0.436929,0.262539,0.2098,0.886208,0.016091,0.381967,0.079826,0.006863,0.28504;82@0.882703;47@0.254363,0.035161,0.716677,0.668074,0.641237,0.841472,0.31336,0.868437,0.716008,0.49808,0.379061;9@0.904052,0.043221,0.969974,0.597187,0.034136,0.447758,0.041436,0.858696,0.89382,0.094117,0.54523;39@0.245966,0.558693,0.539904,0.112825,0.128042,0.240627,0.214087,0.928352,0.677422;88@0.239323,0.375049,0.719769,0.09093,0.084767,0.573483,0.473163;30@0.760647,0.979732,0.953361,0.749364,0.095259,0.801106,0.340613,0.463869,0.577972,0.094896|0|1762487393
I20251108 00:02:58.832234 139717798590272 data_text_parser.cc:116] beg_pos: 16657,end_pos: 18862
I20251108 00:02:58.832251 139717798590272 data_text_parser.cc:59] line: 230|419|1720@541386556:0.383196;1185@625860016:0.58757;1587@559082563:0.636263;1048@1850260981:0.541477;1413@1867550195:0.882189;1472@3560890740:0.134872;1861@434922410:0.08997;1430@1518684581:0.881378;1384@3430323071:0.918549;1829@889931556:0.580821;1635@1009307399:0.268657;1785@2556399012:0.102061;1712@2767603935:0.75736;1116@359977476:0.206625;1010@3479014985:0.706692;1371@1691517519:0.432972;1381@163334533:0.579631;1736@310669967:0.2505;1206@625860016:0.194733;1202@671305384:0.641144|67@0.312932,0.381502,0.473252,0.566053,0.940056,0.076714,0.978283,0.059178,0.721795,0.779359,0.198421;56@0.663844,0.332045,0.385002,0.651843,0.751869,0.597567,0.109985,0.041561,0.307807,0.574317,0.675759,0.756826;73@0.940238,0.868956;38@0.900548,0.55293,0.535264,0.377678,0.604897,0.869742,0.899455,0.039758,0.562337,0.927824;1@;14@0.789708,0.828105,0.245059,0.551564,0.062292,0.612605,0.785087,0.124073,0.773432;41@;32@0.672631,0.985435,0.773158,0.253518;70@0.743828,0.708348,0.137472,0.359926;43@0.28248,0.37489,0.980057,0.663871,0.888172,0.192883,0.642182,0.587683,0.379198,0.101477,0.400314;65@0.629048,0.951733,0.240085,0.415283;20@0.557679,0.488922,0.773645,0.832321;40@0.621685,0.178064,0.823472;100@0.505518;37@0.960695,0.920552,0.522802,0.367114,0.328084,0.391934,0.153249,0.718206,0.69294,0.573132,0.447181,0.127633,0.897801;27@0.909036,0.633584,0.035972,0.830645,0.807288,0.461274,0.24458;92@0.167134,0.319396,0.333403,0.190963,0.120542;10@0.675187,0.981824,0.692639,0.433007,0.812597,0.911048,0.137357,0.359751,0.044157,0.439244,0.344883,0.693429;75@0.9007,0.85098,0.277896,0.316513,0.5375,0.508456,0.204306,0.676163,0.893668,0.318421;84@0.61667,0.555544,0.851627,0.913321,0.256956,0.576691,0.961557,0.136862,0.674072,0.451138,0.172912;82@0.732626;47@0.786304,0.60537,0.9604,0.023386,0.057081,0.843573,0.392991,0.231726,0.084828,0.897518,0.697117;9@0.89208,0.365724,0.853312,0.553923,0.350988,0.130036,0.32884,0.574802,0.251039,0.758869,0.806493;39@0.576989,0.593365,0.221944,0.933004,0.646901,0.838138,0.381406,0.801111,0.849086;88@0.185738,0.89522,0.892889,0.612674,0.900904,0.667952,0.097185;30@0.201647,0.860181,0.610234,0.171888,0.976037,0.981443,0.599941,0.699523,0.004741,0.538858|1|1762487393
I20251108 00:02:58.832304 139717798590272 data_text_parser.cc:116] beg_pos: 18863,end_pos: 20480
I20251108 00:02:58.832657 139717798590272 data_text_parser.cc:101] get chunk buffer, size: 20480
I20251108 00:02:58.832689 139717798590272 data_text_parser.cc:116] beg_pos: 0,end_pos: 590
I20251108 00:02:58.832702 139717798590272 data_text_parser.cc:61] buffer line: 231|665|1720@1163097282:0.474355;1185@2850966608:0.008289;1587@3683350325:0.697628;1048@1505469334:0.871457;1413@260553121:0.23205;1472@1276663387:0.06911;1861@2211544165:0.793737;1430@2247300381:0.192931;1384@3328866787:0.048877;1829@3272623181:0.930001;1635@322198595:0.434334;1785@2551999929:0.678859;1712@17206801:0.286268;1116@721030684:0.787642;1010@3533371912:0.688995;1371@3729918206:0.044369;1381@3454656547:0.750002;1736@61467699:0.291274;1206@2510541476:0.86605;1202@1961416122:0.556157|67@0.846092,0.063334,0.61786,0.254886,0.214872,0.517898,0.404538,0.615713,0.369062,0.590441,0.134601;56@0.373994,0.006378,0.047241,0.646612,0.961908,0.126014,0.491912,0.296597,0.114827,0.728758,0.852974,0.951449;73@0.056462,0.304771;38@0.169909,0.235008,0.230314,0.753708,0.374306,0.159917,0.598014,0.536015,0.438435,0.461656;1@;14@0.071257,0.5231,0.228983,0.614968,0.856944,0.533508,0.718775,0.460427,0.976998;41@;32@0.680439,0.8017,0.667959,0.080141;70@0.698805,0.793823,0.210643,0.854728;43@0.237028,0.695659,0.147311,0.975364,0.3256,0.399124,0.305935,0.547109,0.937185,0.535305,0.016419;65@0.265013,0.465745,0.309431,0.963186;20@0.002709,0.236928,0.338288,0.494495;40@0.06006,0.971335,0.320776;100@0.172298;37@0.958987,0.37479,0.926599,0.079505,0.364654,0.781277,0.704712,0.406459,0.946988,0.71507,0.438892,0.770818,0.761185;27@0.020386,0.256445,0.917776,0.590568,0.709562,0.712982,0.824904;92@0.825426,0.841046,0.719176,0.376159,0.569379;10@0.680699,0.764822,0.215832,0.981782,0.226606,0.559358,0.529885,0.970791,0.631393,0.173998,0.675343,0.629153;75@0.297404,0.323779,0.996716,0.598347,0.54159,0.895878,0.301311,0.662567,0.045199,0.023743;84@0.601502,0.488936,0.764856,0.387468,0.667587,0.307772,0.219968,0.349706,0.244233,0.772297,0.580845;82@0.598883;47@0.766196,0.074254,0.652957,0.344616,0.24177,0.524895,0.881478,0.959938,0.100596,0.632371,0.346499;9@0.139508,0.72502,0.463319,0.618081,0.098252,0.792691,0.004923,0.09195,0.077058,0.705407,0.676693;39@0.731766,0.625525,0.297429,0.369062,0.764316,0.047304,0.542096,0.611366,0.251841;88@0.49536,0.517431,0.319488,0.312745,0.0181,0.343118,0.453338;30@0.65013,0.18729,0.129768,0.197722,0.588232,0.43852,0.460584,0.250173,0.833482,0.858273|1|1762487393
I20251108 00:02:58.832762 139717798590272 data_text_parser.cc:116] beg_pos: 591,end_pos: 2790
I20251108 00:02:58.832781 139717798590272 data_text_parser.cc:59] line: 232|687|1720@735256031:0.323421;1185@123510197:0.078622;1587@624643693:0.997917;1048@3133242917:0.34841;1413@1382301924:0.157189;1472@3943238002:0.656173;1861@1750089866:0.013174;1430@3373158641:0.616752;1384@647888225:0.483001;1829@2973062752:0.690874;1635@1239367663:0.635804;1785@2325833431:0.610799;1712@1058554225:0.160335;1116@3470051004:0.952808;1010@1183033592:0.409794;1371@2334947251:0.793592;1381@758457978:0.421528;1736@220234686:0.946267;1206@3653523038:0.229815;1202@2338102081:0.423693|67@0.187892,0.058628,0.555223,0.98785,0.012455,0.022952,0.574083,0.973964,0.949416,0.69047,0.895286;56@0.76936,0.569614,0.713101,0.158575,0.596757,0.604739,0.498804,0.477131,0.842358,0.980949,0.766844,0.128801;73@0.056019,0.832721;38@0.398831,0.340489,0.74945,0.040093,0.050364,0.589382,0.421762,0.540313,0.931745,0.513868;1@;14@0.6635,0.049213,0.900878,0.051085,0.98431,0.215346,0.837039,0.315338,0.466236;41@;32@0.923202,0.073749,0.8959,0.636162;70@0.16446,0.274901,0.49159,0.048954;43@0.206939,0.401729,0.939417,0.932174,0.017242,0.693211,0.473104,0.996265,0.136727,0.791761,0.531684;65@0.879649,0.200549,0.270183,0.097914;20@0.76925,0.003256,0.618927,0.324758;40@0.824699,0.995443,0.614521;100@0.159451;37@0.79018,0.254066,0.09513,0.5217,0.690555,0.347126,0.870651,0.813197,0.823922,0.100408,0.126429,0.256784,0.448058;27@0.503453,0.886107,0.92899,0.362779,0.122663,0.329278,0.655557;92@0.176635,0.004979,0.935056,0.303061,0.437118;10@0.126792,0.47305,0.675668,0.454768,0.744998,0.445731,0.188637,0.851292,0.380679,0.920198,0.543193,0.092377;75@0.573589,0.101884,0.139666,0.994426,0.923389,0.538245,0.687468,0.479507,0.857681,0.229083;84@0.239595,0.640331,0.137054,0.98008,0.044899,0.234805,0.18677,0.008319,0.85516,0.957505,0.795;82@0.527241;47@0.420682,0.054205,0.215464,0.387632,0.274141,0.143668,0.780459,0.209287,0.977677,0.528394,0.276108;9@0.888149,0.046277,0.249211,0.821662,0.308574,0.57693,0.19895,0.41185,0.858216,0.514345,0.787941;39@0.710948,0.203173,0.555639,0.31428,0.451047,0.137811,0.243862,0.283779,0.977086;88@0.484733,0.973233,0.887146,0.89769,0.8609,0.030645,0.119255;30@0.824201,0.378999,0.683846,0.733102,0.465587,0.667446,0.471392,0.685876,0.015268,0.776179|1|1762487393
I20251108 00:02:58.832850 139717798590272 data_text_parser.cc:116] beg_pos: 2791,end_pos: 4990
I20251108 00:02:58.832870 139717798590272 data_text_parser.cc:59] line: 233|193|1720@1980381351:0.325882;1185@3914390230:0.070588;1587@3888777589:0.802836;1048@1465283358:0.693093;1413@366416304:0.48659;1472@579313081:0.804095;1861@335801316:0.53284;1430@3165898708:0.177514;1384@4031300233:0.043739;1829@624643693:0.259616;1635@3995345750:0.194182;1785@1058554225:0.132085;1712@3573040520:0.73202;1116@1764199323:0.36353;1010@3094022817:0.379204;1371@3125163945:0.016383;1381@3294230032:0.190141;1736@1973880266:0.351979;1206@550782165:0.873281;1202@2737675823:0.398062|67@0.303125,0.290139,0.094022,0.979934,0.328237,0.864897,0.227247,0.415005,0.999332,0.196279,0.736261;56@0.055849,0.594719,0.272767,0.160007,0.420617,0.715725,0.191423,0.389636,0.082243,0.991292,0.028653,0.22745;73@0.633082,0.541574;38@0.269001,0.265544,0.676,0.350139,0.495173,0.546966,0.836224,0.180876,0.869356,0.002354;1@;14@0.498888,0.269414,0.508201,0.87998,0.345006,0.883341,0.9361,0.274451,0.410171;41@;32@0.361422,0.758179,0.005511,0.482642;70@0.453959,0.202083,0.461743,0.150266;43@0.388237,0.503043,0.670449,0.24457,0.578746,0.218943,0.922541,0.740985,0.704315,0.069847,0.663917;65@0.736818,0.966826,0.77621,0.139563;20@0.636552,0.88144,0.163165,0.557329;40@0.875007,0.325799,0.658589;100@0.262334;37@0.689753,0.391594,0.790641,0.882054,0.46095,0.614289,0.80831,0.641982,0.686681,0.338684,0.757253,0.93319,0.79979;27@0.769759,0.260904,0.797019,0.560235,0.958172,0.784833,0.637932;92@0.722433,0.189218,0.734157,0.281061,0.667759;10@0.790108,0.763707,0.327395,0.009648,0.592539,0.376296,0.804758,0.3735,0.125082,0.36685,0.818902,0.959324;75@0.520641,0.317323,0.632697,0.702311,0.413556,0.113461,0.113419,0.404856,0.216636,0.1019;84@0.890098,0.627523,0.119936,0.824641,0.03002,0.911664,0.047118,0.43135,0.30192,0.910241,0.582773;82@0.174961;47@0.401817,0.182178,0.728561,0.913009,0.480195,0.494895,0.472492,0.11601,0.94569,0.830526,0.36379;9@0.23155,0.166101,0.033744,0.487934,0.190109,0.318094,0.057361,0.909571,0.042951,0.288654,0.112309;39@0.077599,0.775728,0.23319,0.370795,0.275326,0.99942,0.743438,0.505094,0.661114;88@0.321149,0.938737,0.761619,0.24084,0.997931,0.426221,0.667269;30@0.755562,0.109234,0.943629,0.324858,0.100682,0.821324,0.112066,0.830253,0.757811,0.924211|0|1762487393
I20251108 00:02:58.832935 139717798590272 data_text_parser.cc:116] beg_pos: 4991,end_pos: 7193
I20251108 00:02:58.832951 139717798590272 data_text_parser.cc:59] line: 234|94|1720@2428966007:0.105467;1185@4224456808:0.080332;1587@4247199080:0.505371;1048@4071211258:0.261804;1413@1589612355:0.107317;1472@3582910678:0.785086;1861@2854958779:0.221471;1430@3021608229:0.998991;1384@1151772093:0.914515;1829@2115060753:0.235176;1635@2897126903:0.464944;1785@2352165238:0.099318;1712@804023819:0.983405;1116@3252407575:0.065226;1010@550368293:0.690749;1371@1158350838:0.731064;1381@603036912:0.200419;1736@103427188:0.782448;1206@3790579322:0.308217;1202@1127557543:0.676233|67@0.544366,0.469638,0.769847,0.672708,0.961994,0.807325,0.223229,0.582913,0.741766,0.590869,0.423482;56@0.515543,0.057136,0.32732,0.772923,0.741885,0.414863,0.112536,0.561167,0.503912,0.708159,0.623468,0.141697;73@0.279763,0.025206;38@0.919546,0.221882,0.99608,0.065601,0.052562,0.019656,0.085448,0.090282,0.190831,0.968312;1@;14@0.6497,0.15306,0.959455,0.794687,0.047234,0.902648,0.909931,0.644436,0.444291;41@;32@0.84176,0.721776,0.247351,0.307517;70@0.507166,0.00292,0.617654,0.204387;43@0.513838,0.258726,0.2155,0.01554,0.502215,0.480837,0.296468,0.694615,0.096686,0.994046,0.099127;65@0.801727,0.689164,0.52546,0.659387;20@0.005126,0.06549,0.281706,0.848948;40@0.024392,0.035316,0.371553;100@0.63649;37@0.196339,0.063886,0.611959,0.687838,0.055721,0.469427,0.509157,0.657082,0.443179,0.418332,0.294022,0.297876,0.866509;27@0.648193,0.50286,0.992579,0.22328,0.362754,0.99024,0.518197;92@0.388075,0.912156,0.938619,0.5438,0.873504;10@0.664054,0.866747,0.000295,0.334442,0.141554,0.774867,0.654238,0.94757,0.448092,0.853064,0.332255,0.074977;75@0.886161,0.738865,0.585226,0.431208,0.045426,0.9538,0.325531,0.539368,0.753183,0.1349;84@0.936362,0.782464,0.247133,0.159947,0.293705,0.456309,0.547964,0.127866,0.918081,0.176609,0.991904;82@0.436805;47@0.852022,0.971483,0.202553,0.311949,0.743062,0.244942,0.326966,0.871555,0.254079,0.229147,0.687089;9@0.53918,0.948846,0.538695,0.144787,0.667404,0.126939,0.604149,0.78466,0.736073,0.39949,0.473922;39@0.934339,0.918906,0.819392,0.865548,0.976317,0.560624,0.196849,0.951228,0.537509;88@0.593509,0.076738,0.54167,0.68301,0.644622,0.032702,0.505658;30@0.380151,0.802741,0.557851,0.865512,0.608491,0.435666,0.443017,0.735578,0.60401,0.93239|1|1762487393
I20251108 00:02:58.833001 139717798590272 data_text_parser.cc:116] beg_pos: 7194,end_pos: 9408
I20251108 00:02:58.833019 139717798590272 data_text_parser.cc:59] line: 235|602|1720@129759189:0.694875;1185@3047385873:0.075883;1587@1063176690:0.116733;1048@3236662065:0.981848;1413@2982442936:0.835656;1472@2264063208:0.036766;1861@1975551497:0.974676;1430@1966981219:0.349801;1384@4099110277:0.384972;1829@45436087:0.304026;1635@755442880:0.251096;1785@2377076960:0.161117;1712@996511209:0.422036;1116@1144488963:0.635813;1010@78713242:0.574612;1371@1254726365:0.277083;1381@3924280816:0.251351;1736@2327581573:0.182394;1206@322550771:0.751249;1202@2867316874:0.888404|67@0.601683,0.652728,0.135448,0.122032,0.078388,0.486079,0.612207,0.009554,0.415103,0.525897,0.909908;56@0.264654,0.303503,0.663013,0.276379,0.074884,0.59892,0.613653,0.759493,0.984924,0.097209,0.785715,0.507178;73@0.965378,0.296757;38@0.673557,0.249311,0.262441,0.408146,0.10026,0.417476,0.763382,0.687639,0.662063,0.02924;1@;14@0.205513,0.787108,0.922029,0.967278,0.824236,0.093915,0.195497,0.511501,0.498002;41@;32@0.309276,0.522378,0.697122,0.375676;70@0.659274,0.885825,0.953045,0.204802;43@0.849876,0.388521,0.961826,0.607307,0.969395,0.830956,0.906823,0.247599,0.17528,0.189019,0.006776;65@0.917686,0.309342,0.195331,0.557159;20@0.82832,0.143442,0.59367,0.998067;40@0.672285,0.536007,0.528872;100@0.545973;37@0.752056,0.952516,0.682773,0.818654,0.820005,0.219522,0.456041,0.835288,0.056277,0.25817,0.609778,0.738078,0.027688;27@0.563513,0.198049,0.435842,0.902641,0.330632,0.824208,0.740283;92@0.78711,0.127148,0.35611,0.333385,0.077449;10@0.101851,0.477053,0.724636,0.347388,0.989505,0.779384,0.307501,0.021467,0.708289,0.13098,0.647623,0.302803;75@0.776786,0.959761,0.489944,0.370767,0.081477,0.945014,0.851459,0.594323,0.666869,0.522572;84@0.065914,0.848196,0.005586,0.121692,0.913836,0.268037,0.056701,0.561538,0.008816,0.171944,0.792433;82@0.948735;47@0.844951,0.046777,0.909921,0.657829,0.873886,0.054035,0.005387,0.401005,0.95759,0.34329,0.070004;9@0.978589,0.5322,0.774552,0.228345,0.928727,0.776891,0.646069,0.140721,0.142069,0.757555,0.509002;39@0.024263,0.069631,0.815495,0.049505,0.384324,0.657065,0.166885,0.593262,0.205525;88@0.203567,0.123537,0.94846,0.341479,0.741203,0.802611,0.192991;30@0.561305,0.197976,0.744453,0.693747,0.940875,0.399899,0.047688,0.522482,0.406001,0.905283|1|1762487393
I20251108 00:02:58.833084 139717798590272 data_text_parser.cc:116] beg_pos: 9409,end_pos: 11620
I20251108 00:02:58.833102 139717798590272 data_text_parser.cc:59] line: 236|761|1720@2003078233:0.927608;1185@132082103:0.635528;1587@3129378325:0.607771;1048@2371809883:0.327331;1413@3306649837:0.060662;1472@2898589879:0.272445;1861@429281894:0.792896;1430@4001203139:0.817842;1384@189904589:0.763767;1829@4054197306:0.595939;1635@3149692141:0.042459;1785@444784502:0.243383;1712@1378586153:0.636774;1116@2452420870:0.288322;1010@4162248678:0.920195;1371@4022465628:0.627498;1381@3424114686:0.901973;1736@3968641014:0.307897;1206@2885907784:0.508573;1202@3825468838:0.21135|67@0.736572,0.738397,0.397118,0.749904,0.21006,0.102016,0.999945,0.203038,0.830516,0.238182,0.060256;56@0.688761,0.244212,0.269373,0.9214,0.03052,0.824212,0.233757,0.390651,0.204614,0.929713,0.046628,0.223823;73@0.095616,0.048566;38@0.495072,0.79917,0.947152,0.176947,0.224423,0.177453,0.841539,0.66567,0.356863,0.68266;1@;14@0.521273,0.428728,0.281611,0.996007,0.159783,0.977436,0.97105,0.289866,0.606708;41@;32@0.932223,0.502324,0.261364,0.10536;70@0.950438,0.794359,0.218167,0.080743;43@0.847892,0.127259,0.833021,0.600786,0.648588,0.810477,0.463885,0.058934,0.020919,0.835134,0.400334;65@0.351652,0.421363,0.936635,0.016397;20@0.309277,0.283314,0.043001,0.619953;40@0.158458,0.260344,0.004139;100@0.313631;37@0.531765,0.346353,0.335206,0.863357,0.617114,0.74713,0.078553,0.704076,0.896358,0.762434,0.51677,0.197782,0.193231;27@0.653515,0.947345,0.035291,0.812088,0.512913,0.992943,0.620399;92@0.987419,0.535701,0.980886,0.914072,0.998158;10@0.136511,0.631694,0.807828,0.393694,0.516422,0.230785,0.867774,0.07545,0.063516,0.367285,0.926705,0.939482;75@0.928744,0.098776,0.381333,0.234413,0.19167,0.09089,0.326641,0.293582,0.576592,0.522765;84@0.453974,0.929251,0.876771,0.521841,0.162963,0.668221,0.925131,0.86843,0.253062,0.786844,0.049321;82@0.602369;47@0.544209,0.810912,0.934177,0.889461,0.31065,0.901032,0.757211,0.621598,0.675733,0.585349,0.066861;9@0.3718,0.477062,0.719207,0.163475,0.781147,0.39881,0.063965,0.346116,0.311833,0.185686,0.874719;39@0.280459,0.669165,0.742818,0.865997,0.716864,0.612693,0.70741,0.807603,0.901986;88@0.617627,0.163459,0.283638,0.326232,0.944155,0.379781,0.850564;30@0.490068,0.62896,0.437943,0.872151,0.811353,0.564003,0.168709,0.062197,0.276588,0.541931|1|1762487393
I20251108 00:02:58.833152 139717798590272 data_text_parser.cc:116] beg_pos: 11621,end_pos: 13834
I20251108 00:02:58.833171 139717798590272 data_text_parser.cc:59] line: 237|942|1720@4260961369:0.101076;1185@2260140129:0.323351;1587@1603940357:0.280857;1048@327074034:0.217186;1413@2682369685:0.484128;1472@3939423672:0.454342;1861@2469638338:0.765762;1430@4245814983:0.996861;1384@4130273505:0.260279;1829@744719240:0.233101;1635@1314609715:0.271123;1785@3993984502:0.30068;1712@2123342261:0.542931;1116@1908951659:0.643155;1010@2716999141:0.628911;1371@71007540:0.125648;1381@137222183:0.329476;1736@1772440106:0.325357;1206@3608552566:0.187692;1202@2932118365:0.036812|67@0.104875,0.056289,0.778018,0.375654,0.506027,0.039076,0.267935,0.049288,0.134823,0.418097,0.858955;56@0.653537,0.133687,0.951109,0.775184,0.981315,0.856868,0.836459,0.865605,0.790692,0.957266,0.857048,0.345507;73@0.127952,0.543386;38@0.851523,0.106032,0.810937,0.347534,0.70656,0.976258,0.79261,0.381925,0.041502,0.852667;1@;14@0.570205,0.275254,0.53079,0.480394,0.328448,0.093589,0.590556,0.558043,0.292399;41@;32@0.93312,0.412004,0.432058,0.925295;70@0.371075,0.288055,0.108157,0.21312;43@0.509551,0.435103,0.010533,0.570846,0.931472,0.296324,0.423914,0.726705,0.410019,0.061894,0.352953;65@0.156523,0.840382,0.439588,0.280445;20@0.164076,0.786619,0.230146,0.215468;40@0.360645,0.645834,0.992128;100@0.401967;37@0.676534,0.134609,0.527116,0.90151,0.773705,0.185034,0.178368,0.503292,0.48433,0.0621,0.798464,0.152124,0.443871;27@0.314911,0.905807,0.089884,0.389849,0.984438,0.285933,0.684467;92@0.700625,0.714584,0.64581,0.857855,0.133886;10@0.137724,0.8169,0.710945,0.248127,0.299544,0.421955,0.239858,0.338643,0.708721,0.71793,0.429082,0.643924;75@0.768326,0.559754,0.080992,0.576353,0.270127,0.277045,0.099621,0.317158,0.043849,0.661208;84@0.435368,0.924327,0.423833,0.702771,0.791036,0.349817,0.691445,0.704428,0.87668,0.970357,0.049975;82@0.253288;47@0.067826,0.509668,0.382034,0.916451,0.531401,0.843209,0.251637,0.055736,0.529599,0.981358,0.97753;9@0.408603,0.894824,0.647893,0.590724,0.041441,0.178796,0.519994,0.608938,0.311562,0.324687,0.962785;39@0.456981,0.894188,0.113482,0.408607,0.804647,0.045957,0.909168,0.390215,0.329209;88@0.176397,0.983208,0.047379,0.213731,0.980031,0.352815,0.654252;30@0.12389,0.837404,0.188198,0.030108,0.75412,0.017462,0.77433,0.410319,0.687039,0.333381|1|1762487393
I20251108 00:02:58.833237 139717798590272 data_text_parser.cc:116] beg_pos: 13835,end_pos: 16042
I20251108 00:02:58.833256 139717798590272 data_text_parser.cc:59] line: 238|791|1720@3184618720:0.714565;1185@2228363636:0.557116;1587@103657567:0.902941;1048@183426218:0.968699;1413@2596443218:0.752751;1472@894939533:0.004551;1861@2715215906:0.749548;1430@80849638:0.339416;1384@2034197116:0.646824;1829@1087597367:0.373279;1635@3401121003:0.536158;1785@2202997065:0.262096;1712@493440794:0.807162;1116@1024739886:0.125914;1010@373323518:0.639957;1371@625860016:0.555259;1381@254379849:0.930421;1736@4252674961:0.940177;1206@3379271736:0.339216;1202@1637182323:0.629526|67@0.49036,0.490649,0.223252,0.920306,0.388583,0.671348,0.65215,0.347365,0.432881,0.643627,0.169286;56@0.474246,0.756264,0.155902,0.331916,0.096041,0.631263,0.753406,0.030949,0.630577,0.149108,0.227851,0.580273;73@0.381528,0.972054;38@0.405847,0.591797,0.234288,0.116398,0.876427,0.836875,0.911794,0.526009,0.686602,0.878281;1@;14@0.515125,0.101939,0.365225,0.078609,0.273864,0.52502,0.089212,0.099513,0.516159;41@;32@0.63848,0.900509,0.104145,0.727216;70@0.095325,0.947671,0.295968,0.004648;43@0.160688,0.592222,0.084964,0.314837,0.924556,0.599151,0.941235,0.187355,0.468443,0.983226,0.509396;65@0.774262,0.847405,0.193777,0.1002;20@0.464887,0.133668,0.50153,0.284277;40@0.054446,0.882745,0.327897;100@0.294038;37@0.712329,0.573673,0.25133,0.624445,0.075523,0.255778,0.545402,0.649526,0.9511,0.95913,0.67002,0.879449,0.611996;27@0.969902,0.381494,0.244451,0.363013,0.999308,0.152341,0.607701;92@0.567426,0.97918,0.260466,0.928858,0.12;10@0.27415,0.048289,0.988616,0.029543,0.192144,0.879228,0.839772,0.583811,0.189208,0.195196,0.02839,0.707163;75@0.409904,0.727486,0.980585,0.642481,0.210905,0.274309,0.365168,0.337441,0.616088,0.688707;84@0.926615,0.435578,0.953773,0.794896,0.333411,0.172797,0.571512,0.169589,0.048171,0.570614,0.802353;82@0.547192;47@0.75039,0.277064,0.704733,0.473396,0.575883,0.409835,0.763215,0.236424,0.865949,0.418767,0.412961;9@0.04001,0.461397,0.744444,0.276436,0.083767,0.472882,0.485906,0.547512,0.275245,0.510095,0.261862;39@0.834409,0.555591,0.785738,0.151982,0.384762,0.120463,0.124702,0.731471,0.589626;88@0.908795,0.217795,0.667535,0.974807,0.722245,0.587281,0.069465;30@0.628401,0.487913,0.979739,0.003347,0.710191,0.885368,0.652741,0.603224,0.484373,0.175582|1|1762487393
I20251108 00:02:58.833306 139717798590272 data_text_parser.cc:116] beg_pos: 16043,end_pos: 18258
I20251108 00:02:58.833331 139717798590272 data_text_parser.cc:59] line: 239|61|1720@1286711283:0.175388;1185@4099563677:0.521541;1587@3857043632:0.142331;1048@2657631841:0.986814;1413@3174877832:0.868176;1472@1424989306:0.883334;1861@189904589:0.402872;1430@3914481264:0.864565;1384@1067044266:0.23491;1829@229718914:0.606215;1635@2368078686:0.183454;1785@2708190708:0.975675;1712@2354923494:0.422838;1116@2730526753:0.989951;1010@632748084:0.872303;1371@2975597891:0.329698;1381@1887015690:0.086076;1736@3845093094:0.381753;1206@1987917003:0.253136;1202@505075974:0.727319|67@0.195726,0.184952,0.891201,0.791408,0.3116,0.72699,0.630564,0.040396,0.016359,0.993903,0.39617;56@0.459379,0.291369,0.942844,0.395924,0.540518,0.416586,0.705056,0.646808,0.555887,0.970827,0.526892,0.390425;73@0.863136,0.302593;38@0.965729,0.002476,0.187494,0.548498,0.860684,0.253949,0.634642,0.224937,0.862222,0.582993;1@;14@0.759971,0.346675,0.692857,0.532941,0.935314,0.68323,0.175594,0.054497,0.610315;41@;32@0.64727,0.606742,0.729386,0.585043;70@0.265093,0.266129,0.99022,0.846801;43@0.434924,0.342624,0.007308,0.137989,0.828492,0.420382,0.52332,0.50755,0.537139,0.221923,0.804891;65@0.454473,0.629738,0.776679,0.537825;20@0.793568,0.468895,0.495788,0.614171;40@0.614372,0.981278,0.578728;100@0.545659;37@0.069471,0.440757,0.540777,0.731025,0.613744,0.960564,0.699509,0.727031,0.864483,0.776915,0.437428,0.294334,0.688211;27@0.6423,0.971132,0.958656,0.389955,0.493638,0.606053,0.972258;92@0.992024,0.540915,0.398901,0.627189,0.771782;10@0.337726,0.077165,0.262742,0.791035,0.745006,0.414905,0.569314,0.431853,0.334965,0.015682,0.598996,0.547125;75@0.142495,0.526822,0.478333,0.37903,0.830786,0.980415,0.992057,0.131538,0.165357,0.288415;84@0.329605,0.667613,0.697977,0.768931,0.244105,0.567002,0.880319,0.542842,0.290557,0.638375,0.91942;82@0.570694;47@0.171483,0.091911,0.126921,0.27428,0.050675,0.233027,0.773763,0.227653,0.670171,0.797651,0.104574;9@0.901752,0.574511,0.553492,0.107901,0.767339,0.355839,0.520003,0.559969,0.534326,0.913748,0.388279;39@0.58268,0.709829,0.293321,0.306992,0.347495,0.312817,0.114039,0.671186,0.57908;88@0.362457,0.333963,0.821229,0.568154,0.165726,0.702503,0.720727;30@0.336168,0.670901,0.643885,0.667498,0.249189,0.610354,0.049156,0.010284,0.627566,0.786376|1|1762487393
I20251108 00:02:58.833389 139717798590272 data_text_parser.cc:116] beg_pos: 18259,end_pos: 20468
I20251108 00:02:58.833407 139717798590272 data_text_parser.cc:59] line: 240|686|1720@1093268380:0.936323;1185@1736245408:0.00911;1587@1840389822:0.534063;1048@3929080050:0.282696;1413@1474472743:0.117464;1472@3760014944:0.213269;1861@1641130760:0.406963;1430@2449073900:0.785772;1384@1867902669:0.640137;1829@1516694380:0.477503;1635@4243013314:0.870572;1785@2280585108:0.508627;1712@2367336487:0.809138;1116@2147390329:0.13657;1010@2874597591:0.494543;1371@1608080021:0.190339;1381@1038963028:0.442347;1736@25526359:0.788868;1206@3099396657:0.594756;1202@1719747098:0.497622|67@0.715091,0.545957,0.273318,0.65077,0.041131,0.040892,0.918194,0.438716,0.240689,0.868684,0.175127;56@0.023779,0.845268,0.46687,0.405794,0.480723,0.070909,0.239985,0.513416,0.409983,0.801617,0.182096,0.994654;73@0.765497,0.177319;38@0.983817,0.782846,0.79129,0.426712,0.655066,0.482197,0.889268,0.169114,0.547837,0.839102;1@;14@0.338343,0.651058,0.82906,0.833557,0.95613,0.359104,0.0921,0.077755,0.502582;41@;32@0.605015,0.322269,0.222523,0.527854;70@0.272317,0.873853,0.302225,0.167397;43@0.059431,0.778795,0.815727,0.975238,0.072372,0.328333,0.170966,0.209098,0.824484,0.795252,0.791159;65@0.039198,0.958859,0.665706,0.521717;20@0.86243,0.283424,0.803873,0.808498;40@0.432876,0.892977,0.245874;100@0.413414;37@0.633602,0.338727,0.501374,0.390867,0.890377,0.814984,0.263108,0.543498,0.040115,0.566324,0.00359,0.813784,0.554114;27@0.78991,0.194121,0.819434,0.248422,0.188917,0.295005,0.149759;92@0.856717,0.48591,0.686557,0.812133,0.080444;10@0.884021,0.623335,0.658546,0.338285,0.660509,0.135,0.693363,0.687063,0.539764,0.751705,0.520526,0.425861;75@0.892176,0.696517,0.366468,0.992233,0.598856,0.959103,0.265369,0.553826,0.889603,0.023683;84@0.623734,0.244089,0.830451,0.036079,0.900407,0.405706,0.197801,0.474203,0.093092,0.349146,0.014345;82@0.12759;47@0.625451,0.185695,0.958028,0.797496,0.43552,0.000191,0.748099,0.909791,0.65163,0.591969,0.071945;9@0.647798,0.724367,0.375026,0.593854,0.266818,0.73084,0.583036,0.809667,0.487775,0.292347,0.958994;39@0.344575,0.015,0.273204,0.801896,0.514085,0.962903,0.093792,0.859965,0.206031;88@0.721182,0.186806,0.633884,0.303525,0.097192,0.44822,0.296474;30@0.876747,0.291834,0.25063,0.796468,0.183377,0.03529,0.252645,0.401058,0.999447,0.776663|0|1762487393
I20251108 00:02:58.833507 139717798590272 data_text_parser.cc:116] beg_pos: 20469,end_pos: 20480
I20251108 00:02:58.833874 139717798590272 data_text_parser.cc:101] get chunk buffer, size: 20480
I20251108 00:02:58.833924 139717798590272 data_text_parser.cc:116] beg_pos: 0,end_pos: 2209
I20251108 00:02:58.833938 139717798590272 data_text_parser.cc:61] buffer line: 241|280|1720@2000139716:0.913846;1185@1074373667:0.526214;1587@1406399804:0.004217;1048@2381206007:0.495687;1413@1626573834:0.607568;1472@299891667:0.106471;1861@1925993530:0.863358;1430@2003078233:0.022233;1384@2223420355:0.48111;1829@3392631216:0.240857;1635@3352632741:0.012344;1785@1185006463:0.705128;1712@2577049846:0.385514;1116@4097879682:0.917983;1010@2794136161:0.300736;1371@1080504051:0.581827;1381@3707131092:0.920292;1736@3725480337:0.869027;1206@58938611:0.101968;1202@1461282864:0.950409|67@0.292508,0.130301,0.839714,0.210612,0.475734,0.624404,0.689945,0.210169,0.698095,0.042946,0.113787;56@0.395547,0.957462,0.760598,0.312101,0.701488,0.975534,0.925579,0.728022,0.450403,0.189038,0.492475,0.1169;73@0.513178,0.247502;38@0.285954,0.827526,0.330832,0.090453,0.320157,0.736892,0.138631,0.679351,0.955916,0.934323;1@;14@0.805291,0.164512,0.349642,0.409784,0.45812,0.76924,0.043526,0.057615,0.175573;41@;32@0.571961,0.836327,0.56348,0.624554;70@0.470882,0.551929,0.463425,0.882689;43@0.207921,0.829931,0.115448,0.090144,0.950427,0.528226,0.656352,0.021161,0.386077,0.745455,0.21424;65@0.003348,0.714876,0.728784,0.116798;20@0.269129,0.973615,0.553717,0.163188;40@0.885367,0.849694,0.120527;100@0.000169;37@0.170991,0.231918,0.256941,0.438176,0.964874,0.637328,0.325149,0.368007,0.616398,0.278016,0.869128,0.41353,0.004457;27@0.824272,0.39543,0.017562,0.878001,0.674945,0.723385,0.855946;92@0.667535,0.671316,0.310983,0.073866,0.995349;10@0.548774,0.143699,0.202487,0.427666,0.59244,0.815513,0.91686,0.837809,0.370943,0.681867,0.418938,0.305659;75@0.972115,0.689333,0.923201,0.88338,0.661701,0.873755,0.780874,0.685333,0.013031,0.078111;84@0.0381,0.860656,0.478707,0.077154,0.163026,0.780712,0.563615,0.353368,0.344543,0.609136,0.273935;82@0.377255;47@0.834376,0.302269,0.879969,0.597967,0.084674,0.376699,0.031547,0.652522,0.235943,0.392183,0.012176;9@0.125407,0.049008,0.296921,0.040332,0.260476,0.273942,0.810184,0.521233,0.669323,0.131086,0.943596;39@0.531268,0.940054,0.530283,0.952908,0.163884,0.857877,0.211836,0.191339,0.385547;88@0.349242,0.810462,0.666947,0.997076,0.707783,0.662905,0.694705;30@0.642921,0.901693,0.076599,0.829567,0.287628,0.824148,0.591776,0.164315,0.607349,0.075494|0|1762487393
I20251108 00:02:58.834002 139717798590272 data_text_parser.cc:116] beg_pos: 2210,end_pos: 4422
I20251108 00:02:58.834020 139717798590272 data_text_parser.cc:59] line: 242|421|1720@3418914267:0.701598;1185@78998066:0.490988;1587@658123992:0.262929;1048@2687539007:0.798399;1413@3984737003:0.572511;1472@4288334873:0.214001;1861@2022661109:0.542154;1430@4085408523:0.903524;1384@3593700852:0.747518;1829@241213376:0.70963;1635@527072395:0.457606;1785@308505692:0.939946;1712@1571693490:0.206543;1116@3303186477:0.879278;1010@434869665:0.585665;1371@3520702460:0.231907;1381@2319685625:0.224451;1736@4168364882:0.801372;1206@1912003874:0.852563;1202@486210211:0.759968|67@0.57757,0.080089,0.838354,0.230719,0.197708,0.902984,0.219867,0.957217,0.242611,0.092129,0.318496;56@0.00387,0.617811,0.441706,0.566394,0.711856,0.678521,0.996649,0.932917,0.532644,0.701606,0.74504,0.793561;73@0.136927,0.073469;38@0.684548,0.573325,0.530186,0.06873,0.466987,0.456119,0.9852,0.337993,0.813614,0.101714;1@;14@0.488828,0.77809,0.03641,0.739257,0.386922,0.533147,0.403379,0.756485,0.591441;41@;32@0.668716,0.323199,0.477558,0.808817;70@0.322835,0.380069,0.465506,0.638592;43@0.505324,0.892645,0.490672,0.501123,0.68766,0.553049,0.118764,0.009794,0.118289,0.575992,0.704383;65@0.694356,0.060791,0.871995,0.008778;20@0.027472,0.546833,0.092214,0.132603;40@0.960808,0.265637,0.476863;100@0.125212;37@0.593022,0.744791,0.959954,0.626189,0.367494,0.528159,0.008656,0.494122,0.094177,0.705928,0.36254,0.897911,0.980118;27@0.627821,0.862404,0.329312,0.167083,0.653906,0.604562,0.742578;92@0.025781,0.679968,0.947264,0.266487,0.611254;10@0.620372,0.36037,0.186724,0.818157,0.989698,0.297064,0.283167,0.312834,0.514497,0.482106,0.807801,0.003117;75@0.806156,0.479124,0.352566,0.164118,0.826097,0.956399,0.906796,0.981961,0.421697,0.073905;84@0.796216,0.345536,0.407306,0.436112,0.145141,0.021672,0.071658,0.525143,0.291545,0.706772,0.327927;82@0.187877;47@0.717462,0.419839,0.254539,0.578198,0.653715,0.679343,0.960813,0.502041,0.799431,0.610998,0.734245;9@0.620274,0.857512,0.09696,0.667576,0.001415,0.500104,0.676321,0.751942,0.017204,0.735164,0.867921;39@0.180899,0.154981,0.035708,0.094892,0.23853,0.515239,0.064111,0.801247,0.70911;88@0.053237,0.582356,0.049767,0.807749,0.140733,0.952735,0.18187;30@0.357086,0.485445,0.33161,0.038697,0.105415,0.396468,0.184949,0.969823,0.685704,0.245868|1|1762487393
I20251108 00:02:58.834093 139717798590272 data_text_parser.cc:116] beg_pos: 4423,end_pos: 6631
I20251108 00:02:58.834111 139717798590272 data_text_parser.cc:59] line: 243|579|1720@863833088:0.773576;1185@2078174482:0.857183;1587@3902473869:0.836822;1048@664299382:0.728416;1413@562966790:0.358228;1472@1241498683:0.624711;1861@1443442005:0.131673;1430@2656670494:0.073426;1384@1458106868:0.518945;1829@3822977962:0.907348;1635@1980704328:0.467404;1785@2309583284:0.192346;1712@3328123133:0.010008;1116@455813843:0.126514;1010@1096132357:0.05873;1371@328295899:0.155017;1381@1667282578:0.875962;1736@1897855204:0.743796;1206@3238261049:0.178466;1202@40269460:0.43447|67@0.06695,0.312279,0.773811,0.523952,0.516141,0.87406,0.551537,0.361121,0.678121,0.238523,0.644753;56@0.274721,0.824158,0.819384,0.533896,0.068575,0.829766,0.736885,0.51799,0.362596,0.903029,0.385889,0.190761;73@0.320412,0.831192;38@0.473506,0.170956,0.402206,0.55319,0.690673,0.561503,0.495367,0.01389,0.661006,0.046963;1@;14@0.505139,0.015619,0.205183,0.429521,0.40292,0.141253,0.720876,0.277469,0.12089;41@;32@0.450919,0.256536,0.511307,0.443067;70@0.573814,0.245117,0.050188,0.684625;43@0.433952,0.763524,0.043723,0.792697,0.419606,0.574921,0.940253,0.770678,0.383442,0.561709,0.678994;65@0.810847,0.752653,0.528864,0.737712;20@0.587409,0.94381,0.515499,0.767807;40@0.615939,0.156809,0.240833;100@0.689462;37@0.450613,0.727312,0.384971,0.921889,0.417726,0.063299,0.341406,0.944803,0.290807,0.24774,0.935576,0.369809,0.602283;27@0.795045,0.873969,0.048713,0.885225,0.866393,0.755826,0.01713;92@0.926481,0.923194,0.42014,0.816774,0.380222;10@0.738389,0.285245,0.238619,0.096104,0.20043,0.254495,0.752099,0.570912,0.205646,0.685981,0.072089,0.379359;75@0.115786,0.948586,0.431143,0.994226,0.946583,0.554336,0.606179,0.382647,0.24535,0.494719;84@0.711085,0.981028,0.432724,0.094418,0.329982,0.335308,0.340581,0.480481,0.145378,0.490388,0.43505;82@0.092334;47@0.489521,0.387694,0.235617,0.946462,0.173386,0.713419,0.870663,0.91513,0.605786,0.330453,0.416287;9@0.051312,0.595969,0.09456,0.291577,0.754986,0.075549,0.471656,0.510803,0.774488,0.572737,0.362412;39@0.445183,0.01153,0.247421,0.756461,0.782367,0.926926,0.407066,0.040217,0.350629;88@0.310224,0.91071,0.939344,0.120609,0.739016,0.483989,0.161987;30@0.868289,0.605873,0.630732,0.63557,0.449549,0.484735,0.536422,0.766673,0.513258,0.52404|0|1762487393
I20251108 00:02:58.834157 139717798590272 data_text_parser.cc:116] beg_pos: 6632,end_pos: 8847
I20251108 00:02:58.834173 139717798590272 data_text_parser.cc:59] line: 244|68|1720@3998874160:0.8051;1185@1398515501:0.954437;1587@3132273412:0.831132;1048@2564203763:0.069084;1413@830034594:0.574561;1472@547521821:0.128815;1861@917729851:0.080254;1430@3122013495:0.300296;1384@3492239244:0.80594;1829@2228185652:0.622422;1635@1605774988:0.800126;1785@1226464274:0.645198;1712@994095409:0.359567;1116@490271709:0.947511;1010@3090582945:0.08548;1371@2551811491:0.860626;1381@4247199080:0.521855;1736@3953266767:0.202408;1206@2402006986:0.108362;1202@1706228020:0.634095|67@0.969167,0.858787,0.177605,0.841742,0.19582,0.715552,0.620302,0.679005,0.874985,0.494716,0.046614;56@0.503226,0.981236,0.393213,0.914583,0.571563,0.681789,0.599801,0.383531,0.456334,0.166871,0.078135,0.062788;73@0.642614,0.359083;38@0.163065,0.626333,0.933012,0.344102,0.416639,0.857214,0.162514,0.626435,0.815572,0.974227;1@;14@0.287856,0.583323,0.217184,0.432803,0.273154,0.927369,0.314402,0.188356,0.083116;41@;32@0.800048,0.728377,0.082605,0.719519;70@0.37087,0.241822,0.581316,0.198626;43@0.35045,0.930765,0.798026,0.363553,0.758877,0.095576,0.841985,0.811788,0.771474,0.222645,0.133717;65@0.080596,0.821474,0.554455,0.599112;20@0.521568,0.952105,0.059383,0.119803;40@0.539299,0.144527,0.235848;100@0.941132;37@0.43713,0.16644,0.819524,0.464838,0.302427,0.570472,0.887054,0.275286,0.165839,0.490227,0.447506,0.292664,0.204263;27@0.597674,0.835579,0.997787,0.361644,0.344924,0.084365,0.859305;92@0.68288,0.527478,0.510828,0.135033,0.956087;10@0.66963,0.296234,0.983266,0.845487,0.254164,0.275802,0.400706,0.267386,0.326857,0.437699,0.499373,0.168147;75@0.428316,0.515918,0.730401,0.915587,0.421487,0.031675,0.319921,0.778736,0.866248,0.647089;84@0.795335,0.827127,0.40184,0.682419,0.280829,0.718491,0.061594,0.055596,0.750133,0.477413,0.255364;82@0.100696;47@0.613935,0.470234,0.000398,0.639371,0.064154,0.884986,0.02064,0.443885,0.651886,0.909704,0.073741;9@0.117133,0.236477,0.961603,0.973414,0.612167,0.019939,0.078676,0.890047,0.242371,0.832347,0.652251;39@0.047272,0.446011,0.701549,0.495268,0.806492,0.583976,0.77033,0.126513,0.551491;88@0.316327,0.10776,0.640271,0.686699,0.764281,0.692056,0.323023;30@0.460822,0.517726,0.508154,0.214963,0.10202,0.276987,0.295702,0.525612,0.389613,0.147811|0|1762487393
I20251108 00:02:58.834235 139717798590272 data_text_parser.cc:116] beg_pos: 8848,end_pos: 11058
I20251108 00:02:58.834252 139717798590272 data_text_parser.cc:59] line: 245|889|1720@3974855679:0.313802;1185@3847355552:0.98484;1587@1352238765:0.201786;1048@3987050933:0.818439;1413@3964181547:0.206549;1472@1169552859:0.259064;1861@1874218697:0.775999;1430@3485449614:0.391123;1384@1134748735:0.274511;1829@2741546770:0.76054;1635@3992529769:0.154286;1785@134009987:0.854351;1712@1212346853:0.116283;1116@724852485:0.765093;1010@91437240:0.048018;1371@1421415302:0.416215;1381@340378844:0.55249;1736@1321049610:0.799175;1206@2548676455:0.508298;1202@590561702:0.708098|67@0.969769,0.430517,0.506662,0.630121,0.910219,0.767253,0.930992,0.065023,0.167863,0.498625,0.345536;56@0.668109,0.026458,0.562654,0.132811,0.508459,0.416346,0.026661,0.045021,0.648136,0.187714,0.908287,0.415834;73@0.807074,0.44478;38@0.485154,0.198583,0.996551,0.228305,0.69579,0.345351,0.036883,0.978393,0.073891,0.848357;1@;14@0.142145,0.048178,0.815326,0.033371,0.218134,0.720109,0.100122,0.988906,0.928269;41@;32@0.296816,0.879163,0.251849,0.936772;70@0.132371,0.453105,0.727945,0.520692;43@0.91527,0.285447,0.934151,0.077255,0.039998,0.296159,0.307736,0.332703,0.259087,0.414579,0.675361;65@0.730841,0.77817,0.049167,0.402398;20@0.760039,0.933359,0.393166,0.11505;40@0.817973,0.036086,0.557366;100@0.708598;37@0.946961,0.428211,0.248791,0.48079,0.268777,0.280816,0.550172,0.497276,0.523951,0.357448,0.016609,0.993997,0.82046;27@0.174463,0.765479,0.151974,0.935198,0.727814,0.88632,0.88947;92@0.496088,0.971472,0.879861,0.807254,0.136343;10@0.940508,0.660463,0.537035,0.427543,0.781164,0.168172,0.635861,0.910199,0.312824,0.111187,0.527572,0.2358;75@0.420535,0.535373,0.043798,0.478831,0.327967,0.365727,0.228576,0.171947,0.81227,0.632838;84@0.256332,0.829057,0.577132,0.753621,0.353242,0.429356,0.680002,0.778664,0.90588,0.648949,0.238644;82@0.468933;47@0.062355,0.402112,0.514792,0.79509,0.059795,0.341829,0.809887,0.939651,0.313717,0.478034,0.569379;9@0.546484,0.372049,0.675571,0.483415,0.117213,0.188729,0.705086,0.177645,0.247158,0.143329,0.174342;39@0.098398,0.56301,0.486447,0.287677,0.312593,0.328814,0.291124,0.07366,0.174271;88@0.213834,0.455584,0.146308,0.861213,0.029113,0.158256,0.646579;30@0.655659,0.751786,0.163172,0.214194,0.063788,0.487928,0.5608,0.101442,0.052675,0.794713|0|1762487393
I20251108 00:02:58.834315 139717798590272 data_text_parser.cc:116] beg_pos: 11059,end_pos: 13258
I20251108 00:02:58.834334 139717798590272 data_text_parser.cc:59] line: 246|831|1720@177743087:0.772624;1185@181863825:0.602343;1587@56313779:0.750934;1048@2183158229:0.174403;1413@1176975234:0.049262;1472@434472911:0.388294;1861@2648170343:0.721697;1430@3294303335:0.633722;1384@1900263575:0.873422;1829@3597191419:0.990486;1635@2469015973:0.331191;1785@380649756:0.04477;1712@91446478:0.988421;1116@2197197151:0.246937;1010@1011708879:0.05611;1371@3715756509:0.308962;1381@769019741:0.999887;1736@2522511097:0.22764;1206@3187633066:0.8716;1202@2562212182:0.203543|67@0.586886,0.293893,0.931328,0.860027,0.279994,0.832609,0.497501,0.094965,0.63792,0.781087,0.076511;56@0.918034,0.765192,0.696081,0.671884,0.471151,0.518254,0.197998,0.254214,0.614175,0.990668,0.035886,0.22232;73@0.740997,0.771823;38@0.134274,0.916484,0.872476,0.433055,0.005302,0.053554,0.388305,0.330134,0.796564,0.251715;1@;14@0.601914,0.278474,0.202467,0.964146,0.666,0.064231,0.82207,0.137147,0.364064;41@;32@0.488858,0.429562,0.352372,0.889015;70@0.931591,0.232812,0.936156,0.03597;43@0.478739,0.811084,0.038171,0.441875,0.786806,0.05453,0.627574,0.860104,0.222337,0.800793,0.947251;65@0.501359,0.908643,0.357514,0.221495;20@0.435235,0.317769,0.705759,0.60821;40@0.110561,0.218448,0.690282;100@0.401613;37@0.181796,0.143912,0.575507,0.450114,0.99116,0.65067,0.028043,0.802675,0.61007,0.835782,0.773547,0.187415,0.637767;27@0.103105,0.032134,0.630783,0.385093,0.536744,0.478273,0.60985;92@0.824565,0.984241,0.580809,0.032149,0.780383;10@0.686258,0.846268,0.159821,0.372843,0.175659,0.051289,0.652876,0.200061,0.945215,0.25526,0.82364,0.468887;75@0.274195,0.470769,0.680459,0.285997,0.980461,0.099541,0.932051,0.383526,0.136497,0.667905;84@0.15487,0.019744,0.41178,0.189588,0.37711,0.243028,0.929728,0.600666,0.550188,0.779476,0.154628;82@0.145864;47@0.187395,0.884211,0.268486,0.531559,0.369986,0.562848,0.46046,0.429925,0.592532,0.740822,0.133769;9@0.556336,0.755413,0.916616,0.112172,0.943955,0.861507,0.342028,0.294801,0.816222,0.847665,0.236416;39@0.102998,0.928153,0.464564,0.858753,0.120037,0.82732,0.560192,0.115174,0.721034;88@0.164954,0.626241,0.255673,0.746553,0.87594,0.226214,0.091862;30@0.799116,0.865329,0.14066,0.104877,0.132424,0.89048,0.148827,0.267669,0.76089,0.436039|0|1762487393
I20251108 00:02:58.834381 139717798590272 data_text_parser.cc:116] beg_pos: 13259,end_pos: 15466
I20251108 00:02:58.834396 139717798590272 data_text_parser.cc:59] line: 247|873|1720@1424902429:0.682877;1185@3109521194:0.157366;1587@1990325111:0.55721;1048@3009112644:0.39538;1413@578679614:0.068561;1472@3727392914:0.960679;1861@1070352739:0.761757;1430@2119295035:0.156373;1384@3492296135:0.991366;1829@3819994594:0.012183;1635@4171840160:0.158039;1785@1328322132:0.199067;1712@2133179998:0.381371;1116@185720613:0.168988;1010@1079983651:0.573165;1371@4177710206:0.542125;1381@3010052228:0.378961;1736@864151121:0.795224;1206@1703301924:0.540952;1202@721912416:0.412136|67@0.738476,0.790581,0.665011,0.942795,0.930274,0.039736,0.006205,0.080959,0.489633,0.797254,0.444587;56@0.147331,0.734777,0.546218,0.272461,0.065808,0.847936,0.19731,0.5548,0.600399,0.916489,0.561894,0.499709;73@0.238362,0.602976;38@0.028772,0.089235,0.293149,0.312517,0.192363,0.342735,0.953508,0.882052,0.27243,0.310186;1@;14@0.247931,0.515632,0.801965,0.907227,0.770569,0.216504,0.683234,0.72079,0.016316;41@;32@0.846798,0.544231,0.530674,0.119274;70@0.133429,0.123917,0.798483,0.032483;43@0.04955,0.662358,0.988455,0.804216,0.704578,0.285687,0.396869,0.802804,0.909256,0.695616,0.668365;65@0.655201,0.257118,0.859753,0.669622;20@0.05955,0.264385,0.927698,0.378976;40@0.35249,0.989152,0.019453;100@0.295872;37@0.298701,0.597473,0.936818,0.135064,0.286883,0.997113,0.415159,0.66027,0.165204,0.176935,0.61206,0.165382,0.817656;27@0.675141,0.565617,0.923766,0.856522,0.06616,0.428937,0.545927;92@0.94954,0.293516,0.08607,0.160694,0.780854;10@0.373098,0.593891,0.836978,0.443719,0.486623,0.161032,0.190489,0.622302,0.648092,0.842147,0.961073,0.227102;75@0.73381,0.371574,0.261094,0.53877,0.156581,0.297877,0.656024,0.311892,0.158679,0.021445;84@0.77402,0.993908,0.059023,0.065478,0.147589,0.87113,0.575762,0.030909,0.193603,0.041442,0.729088;82@0.79504;47@0.77958,0.396719,0.981925,0.460625,0.654447,0.980015,0.376384,0.559285,0.587107,0.403159,0.525579;9@0.936188,0.109759,0.11464,0.43019,0.055379,0.635373,0.983324,0.841096,0.52412,0.471631,0.024957;39@0.428699,0.074584,0.587385,0.027033,0.116349,0.985205,0.376913,0.751578,0.620505;88@0.771535,0.296976,0.641026,0.271294,0.479131,0.379588,0.149175;30@0.813923,0.527978,0.07174,0.25424,0.107956,0.383373,0.209614,0.894992,0.421533,0.759104|1|1762487393
I20251108 00:02:58.834447 139717798590272 data_text_parser.cc:116] beg_pos: 15467,end_pos: 17682
I20251108 00:02:58.834456 139717798590272 data_text_parser.cc:59] line: 248|160|1720@3252145029:0.975704;1185@178174087:0.797533;1587@3944169115:0.562356;1048@1194073357:0.799422;1413@1151323730:0.814893;1472@2937775397:0.208697;1861@1014896905:0.539054;1430@4131789325:0.613673;1384@795630929:0.514505;1829@2244438887:0.675205;1635@3246687055:0.480834;1785@3343759445:0.983431;1712@3808618933:0.490358;1116@1624513410:0.332812;1010@2231180962:0.564752;1371@1759771129:0.560775;1381@3139759616:0.04648;1736@287425686:0.091003;1206@364282433:0.615188;1202@3495859661:0.206144|67@0.846674,0.036293,0.455003,0.384351,0.164911,0.356526,0.4604,0.085913,0.244617,0.576735,0.660032;56@0.872504,0.278698,0.572259,0.678144,0.787524,0.188551,0.022629,0.937157,0.85636,0.344505,0.469213,0.548401;73@0.322169,0.548715;38@0.675298,0.18918,0.361458,0.220777,0.396583,0.997404,0.098818,0.105803,0.911088,0.09732;1@;14@0.33862,0.133389,0.077151,0.467471,0.36331,0.698685,0.035812,0.220934,0.281201;41@;32@0.834391,0.640124,0.000306,0.902289;70@0.434714,0.946664,0.839456,0.397106;43@0.869304,0.117899,0.330737,0.280698,0.519262,0.227503,0.866443,0.457782,0.857921,0.727728,0.998201;65@0.662222,0.049933,0.749694,0.703645;20@0.899312,0.157694,0.164988,0.775354;40@0.969835,0.99763,0.031689;100@0.244876;37@0.552884,0.930763,0.270193,0.317473,0.220978,0.790262,0.09155,0.924685,0.915906,0.796281,0.057031,0.573136,0.729114;27@0.804477,0.659599,0.831543,0.469283,0.9776,0.442206,0.252165;92@0.183536,0.074031,0.236409,0.902633,0.031077;10@0.514684,0.604076,0.271381,0.839625,0.388065,0.031123,0.310553,0.860568,0.219762,0.979556,0.499962,0.358137;75@0.961338,0.705632,0.606956,0.294959,0.052832,0.375378,0.136282,0.308279,0.817506,0.575715;84@0.730823,0.968373,0.18982,0.505405,0.042237,0.166553,0.661334,0.221677,0.650032,0.388198,0.243216;82@0.891856;47@0.534168,0.845208,0.488509,0.775418,0.952835,0.893476,0.448261,0.374771,0.592282,0.824438,0.173827;9@0.118164,0.836388,0.63482,0.936441,0.954373,0.299794,0.850161,0.382071,0.004708,0.909758,0.040421;39@0.87034,0.21339,0.651035,0.351661,0.933514,0.828703,0.510301,0.181442,0.579243;88@0.504429,0.451162,0.966299,0.230681,0.611566,0.898188,0.74549;30@0.332185,0.668775,0.690988,0.357056,0.95163,0.860188,0.093911,0.503038,0.517663,0.910763|1|1762487393
I20251108 00:02:58.834490 139717798590272 data_text_parser.cc:116] beg_pos: 17683,end_pos: 19895
I20251108 00:02:58.834505 139717798590272 data_text_parser.cc:59] line: 249|202|1720@2779662805:0.138382;1185@4280723572:0.507871;1587@571313029:0.129054;1048@1516354515:0.595722;1413@2015811147:0.972152;1472@1107589223:0.999473;1861@3943774533:0.052891;1430@1245603364:0.775411;1384@488225486:0.038815;1829@3130653288:0.752507;1635@3569322260:0.081952;1785@1011202105:0.489381;1712@1140594847:0.236323;1116@931421832:0.13613;1010@923860541:0.108621;1371@233201399:0.404114;1381@1266299351:0.458996;1736@2301880939:0.012088;1206@2395863438:0.004831;1202@3292545693:0.048842|67@0.691375,0.81719,0.765216,0.695772,0.921073,0.313894,0.169872,0.80945,0.540294,0.637386,0.63601;56@0.796334,0.551125,0.066194,0.416388,0.179623,0.901058,0.975693,0.31955,0.495831,0.203402,0.403512,0.211616;73@0.298474,0.262313;38@0.500728,0.789484,0.70962,0.715894,0.723036,0.544858,0.304254,0.635167,0.768017,0.082602;1@;14@0.707623,0.075515,0.739775,0.65791,0.617352,0.364382,0.437448,0.576432,0.367765;41@;32@0.386657,0.365339,0.012872,0.507735;70@0.731294,0.155305,0.922829,0.905019;43@0.290323,0.919939,0.07529,0.194906,0.997139,0.246702,0.29586,0.549485,0.947603,0.287977,0.512228;65@0.982528,0.336312,0.466632,0.92388;20@0.115563,0.513627,0.568838,0.452487;40@0.613421,0.366716,0.066965;100@0.744417;37@0.240196,0.927555,0.952264,0.466735,0.88038,0.095171,0.108606,0.962531,0.703531,0.32507,0.426739,0.612034,0.038046;27@0.511416,0.256238,0.672287,0.080377,0.666188,0.369267,0.358948;92@0.033624,0.460995,0.650556,0.836722,0.307246;10@0.592463,0.474542,0.585978,0.119067,0.600748,0.999306,0.16296,0.862265,0.488881,0.85364,0.54143,0.544247;75@0.733098,0.324653,0.43905,0.549497,0.935125,0.987401,0.131752,0.554921,0.770345,0.521958;84@0.892366,0.016479,0.739445,0.422341,0.661031,0.187945,0.641075,0.575191,0.635772,0.129991,0.892799;82@0.218307;47@0.414506,0.218457,0.661954,0.601244,0.407849,0.400837,0.310091,0.97648,0.937521,0.605237,0.35904;9@0.420004,0.009491,0.805597,0.561509,0.845514,0.213495,0.232906,0.230027,0.916709,0.288842,0.780974;39@0.114378,0.267959,0.59246,0.676266,0.119693,0.59993,0.939159,0.567885,0.110387;88@0.082779,0.088089,0.155382,0.304599,0.566728,0.478261,0.866314;30@0.205652,0.450177,0.840459,0.393766,0.437729,0.379222,0.924462,0.053704,0.576417,0.404448|1|1762487393
I20251108 00:02:58.834541 139717798590272 data_text_parser.cc:116] beg_pos: 19896,end_pos: 20480
I20251108 00:02:58.834852 139717798590272 data_text_parser.cc:101] get chunk buffer, size: 20480
I20251108 00:02:58.834886 139717798590272 data_text_parser.cc:116] beg_pos: 0,end_pos: 1623
I20251108 00:02:58.834895 139717798590272 data_text_parser.cc:61] buffer line: 250|525|1720@89965243:0.163987;1185@1014209826:0.49222;1587@2887010498:0.573287;1048@2537469073:0.615813;1413@3834126876:0.702498;1472@3618101672:0.817739;1861@2499623425:0.155552;1430@1193348877:0.627877;1384@379829928:0.332749;1829@4294857533:0.146653;1635@1402829264:0.49979;1785@3697382678:0.476162;1712@1212652345:0.929553;1116@1342924019:0.431311;1010@2916452951:0.135895;1371@1235793505:0.944974;1381@102096271:0.269919;1736@3560290061:0.955346;1206@11162893:0.513623;1202@2957480089:0.492931|67@0.809106,0.191266,0.312277,0.196948,0.537233,0.65755,0.51067,0.616953,0.924987,0.941255,0.262316;56@0.972884,0.8009,0.89134,0.234778,0.350342,0.858171,0.590942,0.81455,0.609887,0.035007,0.86861,0.837973;73@0.36915,0.122438;38@0.084186,0.324504,0.245552,0.335627,0.036519,0.36112,0.012803,0.858249,0.537526,0.518458;1@;14@0.184577,0.176236,0.555265,0.236204,0.929721,0.155094,0.469251,0.433181,0.665749;41@;32@0.812902,0.361231,0.57835,0.950825;70@0.174138,0.963243,0.399751,0.599529;43@0.953536,0.918387,0.577297,0.015311,0.698388,0.073459,0.701046,0.759952,0.860491,0.488871,0.634357;65@0.933676,0.360997,0.985989,0.861122;20@0.946644,0.960545,0.133779,0.942855;40@0.353881,0.6254,0.475356;100@0.302818;37@0.13961,0.100867,0.238163,0.188861,0.578395,0.550927,0.601233,0.208647,0.217045,0.140861,0.503724,0.486011,0.524616;27@0.454988,0.280657,0.375673,0.48481,0.009111,0.165017,0.906092;92@0.024314,0.327246,0.34421,0.261935,0.929295;10@0.415836,0.249864,0.131573,0.405059,0.915674,0.28293,0.305334,0.947536,0.643451,0.134019,0.821091,0.151996;75@0.025701,0.315821,0.944944,0.883203,0.293432,0.822066,0.615072,0.095852,0.488793,0.049765;84@0.427517,0.608954,0.016362,0.159415,0.62342,0.477309,0.932201,0.190329,0.725644,0.035282,0.280768;82@0.578287;47@0.590673,0.033597,0.971557,0.824031,0.51766,0.554578,0.757408,0.321034,0.195685,0.952491,0.95728;9@0.149592,0.509641,0.517654,0.766085,0.616595,0.122011,0.71909,0.847145,0.23516,0.333163,0.032181;39@0.953926,0.958791,0.614618,0.051726,0.916973,0.521748,0.559292,0.332356,0.587489;88@0.105405,0.51462,0.971474,0.470287,0.072782,0.786814,0.096757;30@0.309313,0.051054,0.249501,0.889127,0.398449,0.779334,0.284846,0.421041,0.489894,0.954378|1|1762487393
I20251108 00:02:58.834949 139717798590272 data_text_parser.cc:116] beg_pos: 1624,end_pos: 3832
I20251108 00:02:58.834965 139717798590272 data_text_parser.cc:59] line: 251|304|1720@1903651215:0.578942;1185@1056600285:0.113858;1587@2707338839:0.886067;1048@1245545965:0.133262;1413@1521384732:0.078226;1472@3290045958:0.355134;1861@3760162858:0.310305;1430@273014513:0.420253;1384@3106663907:0.721082;1829@2417611102:0.989749;1635@3842042785:0.021327;1785@3457085980:0.933697;1712@3565120749:0.481183;1116@3889060826:0.130437;1010@3906915516:0.720757;1371@1555389089:0.221477;1381@448933176:0.261297;1736@3823880411:0.501989;1206@2780323253:0.296463;1202@1933639678:0.460138|67@0.529886,0.52982,0.051771,0.496162,0.729469,0.956979,0.514109,0.261292,0.984811,0.708064,0.09189;56@0.142008,0.449473,0.580478,0.426855,0.683276,0.415288,0.420994,0.772463,0.55504,0.137061,0.174683,0.862724;73@0.932295,0.815724;38@0.985116,0.772445,0.453818,0.988431,0.275799,0.464362,0.102893,0.011232,0.734381,0.385356;1@;14@0.743371,0.125352,0.766064,0.501331,0.940538,0.074775,0.248421,0.938654,0.710845;41@;32@0.249787,0.291743,0.697908,0.76729;70@0.649866,0.689038,0.201864,0.734169;43@0.3018,0.966371,0.889216,0.886887,0.435343,0.05201,0.938439,0.063949,0.895492,0.351519,0.540125;65@0.342477,0.26572,0.45618,0.109708;20@0.166736,0.643769,0.104394,0.531207;40@0.880385,0.410349,0.136261;100@0.214339;37@0.35964,0.082556,0.449827,0.529343,0.814898,0.501772,0.109102,0.986292,0.269332,0.206968,0.343019,0.2935,0.87429;27@0.436463,0.134735,0.997358,0.662309,0.1657,0.048145,0.539226;92@0.028673,0.125961,0.737904,0.123357,0.746008;10@0.463084,0.016944,0.760976,0.319874,0.271123,0.644098,0.626051,0.779707,0.979708,0.522624,0.626075,0.708515;75@0.339773,0.537742,0.207932,0.957952,0.7247,0.922916,0.133321,0.532068,0.913572,0.264334;84@0.488753,0.88061,0.670556,0.37916,0.029582,0.826638,0.564792,0.915153,0.353708,0.212525,0.547994;82@0.0189;47@0.418293,0.836539,0.789096,0.75518,0.143066,0.332018,0.666232,0.622502,0.941997,0.255366,0.055025;9@0.563241,0.118425,0.75378,0.630012,0.531823,0.279936,0.599348,0.296669,0.902835,0.4934,0.596486;39@0.267335,0.590438,0.40434,0.306449,0.720583,0.22937,0.044176,0.091785,0.687409;88@0.359531,0.656115,0.562909,0.787343,0.728697,0.718764,0.361409;30@0.389582,0.047584,0.382615,0.063513,0.284244,0.588819,0.033312,0.132975,0.641165,0.059215|0|1762487393
I20251108 00:02:58.834996 139717798590272 data_text_parser.cc:116] beg_pos: 3833,end_pos: 6043
I20251108 00:02:58.835004 139717798590272 data_text_parser.cc:59] line: 252|777|1720@1873918344:0.663377;1185@3004803810:0.969738;1587@3783857703:0.581102;1048@494178648:0.679597;1413@1278007371:0.943152;1472@878708374:0.404062;1861@2936121823:0.201904;1430@1486225004:0.753758;1384@1401244795:0.270013;1829@672992534:0.941187;1635@1643503648:0.932711;1785@1960929098:0.863116;1712@133999643:0.913525;1116@3994940535:0.38806;1010@894939533:0.557954;1371@3384701299:0.958355;1381@3476451697:0.609837;1736@2338444905:0.830412;1206@3179493711:0.102753;1202@2153261123:0.212582|67@0.413095,0.813863,0.434816,0.873043,0.97689,0.523958,0.185387,0.827476,0.674492,0.284343,0.24462;56@0.609995,0.323137,0.398649,0.502597,0.357269,0.9199,0.784595,0.194921,0.259849,0.800553,0.80812,0.643467;73@0.874082,0.25606;38@0.713909,0.909016,0.131434,0.222091,0.923735,0.302233,0.026387,0.51933,0.296853,0.311325;1@;14@0.273189,0.653381,0.37025,0.091282,0.574362,0.519219,0.487558,0.306006,0.371118;41@;32@0.500174,0.708137,0.303324,0.396501;70@0.182634,0.516068,0.638148,0.188664;43@0.647374,0.040108,0.305009,0.020234,0.611002,0.962794,0.018659,0.034525,0.34782,0.094564,0.473829;65@0.693092,0.904855,0.399603,0.179977;20@0.411591,0.09534,0.022343,0.422959;40@0.103458,0.362249,0.415401;100@0.419159;37@0.440498,0.443104,0.004497,0.469624,0.918346,0.120638,0.784294,0.661512,0.726174,0.555222,0.338386,0.771842,0.397579;27@0.977426,0.866567,0.75315,0.028685,0.89254,0.32905,0.719306;92@0.625099,0.508342,0.707601,0.315923,0.341725;10@0.364621,0.479361,0.398877,0.549911,0.953086,0.476643,0.469683,0.669149,0.308839,0.991667,0.167632,0.94104;75@0.230405,0.872904,0.251994,0.649623,0.922984,0.20806,0.011276,0.948697,0.797993,0.896527;84@0.75701,0.023834,0.042584,0.884821,0.306296,0.96967,0.830776,0.240809,0.861861,0.952147,0.522552;82@0.534302;47@0.16373,0.602277,0.320789,0.919175,0.968761,0.396714,0.049325,0.920154,0.40947,0.530914,0.010891;9@0.195635,0.271201,0.024567,0.892083,0.221223,0.20185,0.073823,0.520728,0.650915,0.045343,0.502256;39@0.639631,0.340917,0.465728,0.229441,0.445479,0.180958,0.523072,0.534796,0.995569;88@0.845427,0.448616,0.168144,0.456571,0.622807,0.802195,0.130899;30@0.517535,0.358609,0.584099,0.790919,0.43958,0.933601,0.394469,0.285357,0.844173,0.531956|0|1762487393
I20251108 00:02:58.835052 139717798590272 data_text_parser.cc:116] beg_pos: 6044,end_pos: 8253
I20251108 00:02:58.835060 139717798590272 data_text_parser.cc:59] line: 253|170|1720@471676834:0.568807;1185@392237193:0.164631;1587@3373158641:0.123143;1048@2550951071:0.88468;1413@951953755:0.892264;1472@1226550563:0.933841;1861@2489824579:0.086914;1430@2513670222:0.888666;1384@1821230740:0.634579;1829@110550306:0.856203;1635@2617262799:0.160081;1785@3774720535:0.153238;1712@2807155135:0.317348;1116@3037452812:0.282678;1010@2272846731:0.024414;1371@2590533256:0.888186;1381@3001831902:0.165751;1736@4085651482:0.707728;1206@912543191:0.108856;1202@179357590:0.591167|67@0.284882,0.058568,0.543612,0.437511,0.490711,0.39155,0.587519,0.431399,0.556013,0.68863,0.552399;56@0.5428,0.491607,0.838769,0.752991,0.895479,0.912371,0.418436,0.279067,0.062927,0.315413,0.166306,0.025998;73@0.160076,0.69702;38@0.446432,0.420324,0.605981,0.426,0.330602,0.585726,0.05058,0.400321,0.823069,0.667969;1@;14@0.796314,0.28222,0.196317,0.80749,0.778885,0.392714,0.949899,0.476757,0.140053;41@;32@0.873987,0.242259,0.263907,0.808665;70@0.934513,0.763478,0.306837,0.744896;43@0.343949,0.732356,0.932437,0.529512,0.101209,0.644095,0.698537,0.955549,0.944546,0.363059,0.448101;65@0.337085,0.901984,0.876929,0.021271;20@0.61177,0.758917,0.279066,0.927812;40@0.13534,0.906986,0.268542;100@0.666011;37@0.187385,0.581042,0.112109,0.868816,0.006143,0.518705,0.427872,0.273557,0.293755,0.461378,0.435186,0.466483,0.684857;27@0.233806,0.505068,0.392832,0.666723,0.622844,0.810853,0.635155;92@0.388971,0.502894,0.579932,0.661207,0.999159;10@0.47613,0.106953,0.420896,0.329846,0.89958,0.867012,0.215328,0.642948,0.192898,0.217858,0.080652,0.467631;75@0.681265,0.045018,0.591862,0.074163,0.532333,0.279805,0.129847,0.564122,0.865821,0.910122;84@0.677973,0.921156,0.768856,0.144492,0.891627,0.802199,0.136276,0.378531,0.488293,0.527322,0.622186;82@0.428647;47@0.48771,0.547695,0.302151,0.506886,0.595561,0.998341,0.816915,0.928053,0.770655,0.570343,0.188787;9@0.547053,0.645722,0.831534,0.819428,0.927307,0.048103,0.619545,0.980611,0.427554,0.9421,0.562555;39@0.388324,0.388944,0.498391,0.931177,0.371006,0.773743,0.47453,0.094795,0.801079;88@0.244307,0.881228,0.448686,0.860846,0.284415,0.008843,0.082808;30@0.371479,0.783386,0.477605,0.63968,0.644933,0.043359,0.431742,0.65395,0.884823,0.241677|1|1762487393
I20251108 00:02:58.835090 139717798590272 data_text_parser.cc:116] beg_pos: 8254,end_pos: 10476
I20251108 00:02:58.835098 139717798590272 data_text_parser.cc:59] line: 254|940|1720@577322902:0.747031;1185@236294592:0.566656;1587@2434904239:0.904048;1048@3465207766:0.960943;1413@1389554682:0.776924;1472@49745861:0.648726;1861@4180922086:0.117844;1430@1541879841:0.750462;1384@1105331811:0.487223;1829@2364500013:0.421606;1635@4229544333:0.746631;1785@1874218697:0.150933;1712@1247855486:0.676498;1116@1626573834:0.425839;1010@965581287:0.616167;1371@1976166195:0.540045;1381@3937888301:0.997175;1736@4250533596:0.36631;1206@2448722811:0.828716;1202@3523006115:0.270712|67@0.624456,0.350325,0.439383,0.868505,0.067388,0.853191,0.217201,0.072803,0.577535,0.727253,0.021379;56@0.475266,0.731009,0.677335,0.004231,0.555278,0.293091,0.458607,0.335491,0.252097,0.498217,0.196486,0.583098;73@0.763813,0.015618;38@0.088977,0.96044,0.583199,0.354789,0.798859,0.044466,0.499169,0.695942,0.688903,0.095526;1@;14@0.375555,0.791811,0.798855,0.71088,0.676069,0.993672,0.516777,0.326067,0.019208;41@;32@0.587436,0.507836,0.349326,0.417748;70@0.173268,0.61476,0.106853,0.70807;43@0.494361,0.929176,0.250085,0.334486,0.396019,0.029038,0.038641,0.423318,0.827813,0.088826,0.178152;65@0.174226,0.661502,0.831706,0.116713;20@0.290618,0.357513,0.115278,0.511634;40@0.202893,0.594916,0.215159;100@0.824922;37@0.666402,0.051952,0.814007,0.876655,0.584689,0.781154,0.496954,0.346299,0.872491,0.259734,0.688612,0.141015,0.274358;27@0.024641,0.899599,0.527251,0.261345,0.182201,0.448878,0.183866;92@0.053432,0.379443,0.017239,0.764923,0.080473;10@0.377593,0.385998,0.807287,0.609589,0.103668,0.907721,0.403032,0.712045,0.673933,0.399443,0.393243,0.310839;75@0.510831,0.120095,0.92229,0.559539,0.435341,0.078111,0.769122,0.333837,0.687873,0.239876;84@0.747654,0.415271,0.585698,0.433691,0.132931,0.972011,0.623223,0.735916,0.836158,0.72747,0.484594;82@0.60337;47@0.318363,0.936165,0.684617,0.207609,0.588703,0.165866,0.280303,0.795884,0.193544,0.751663,0.227817;9@0.275918,0.127653,0.059828,0.036957,0.496252,0.826166,0.109612,0.590069,0.270807,0.991513,0.96535;39@0.732202,0.748498,0.93068,0.736795,0.671012,0.618722,0.113987,0.724943,0.790222;88@0.631652,0.830661,0.118839,0.226574,0.366064,0.259653,0.437457;30@0.022324,0.269698,0.611988,0.401091,0.430738,0.207693,0.510653,0.254081,0.769964,0.799806|0|1762487393
I20251108 00:02:58.835137 139717798590272 data_text_parser.cc:116] beg_pos: 10477,end_pos: 12691
I20251108 00:02:58.835145 139717798590272 data_text_parser.cc:59] line: 255|733|1720@1356091309:0.325134;1185@3001831902:0.709802;1587@2298851842:0.555021;1048@1989384878:0.754008;1413@3720292858:0.08927;1472@3521136431:0.308313;1861@4196086267:0.37334;1430@2086571496:0.53979;1384@3063917585:0.866198;1829@3468214715:0.996262;1635@480090767:0.272472;1785@3621947060:0.040088;1712@658491782:0.602956;1116@3739246925:0.428752;1010@2260189681:0.317474;1371@2556399012:0.337802;1381@322198595:0.349771;1736@1809161210:0.038596;1206@1262596909:0.480614;1202@811550440:0.522995|67@0.847726,0.105966,0.527215,0.64878,0.002696,0.178605,0.230299,0.72714,0.121959,0.072912,0.781918;56@0.133917,0.693337,0.384572,0.322075,0.814135,0.821273,0.404911,0.741765,0.211817,0.280952,0.015892,0.827058;73@0.074128,0.877768;38@0.857893,0.276988,0.441886,0.498132,0.479696,0.749017,0.104925,0.367044,0.968693,0.946067;1@;14@0.273146,0.832543,0.748289,0.349349,0.60822,0.240308,0.743647,0.318637,0.809191;41@;32@0.073808,0.542519,0.73537,0.592127;70@0.739322,0.424771,0.515243,0.54153;43@0.370177,0.620929,0.260944,0.705519,0.437791,0.960875,0.703488,0.796071,0.137538,0.939599,0.221221;65@0.361145,0.189348,0.328598,0.756355;20@0.70457,0.62436,0.25673,0.29414;40@0.682761,0.061569,0.465293;100@0.950529;37@0.939329,0.274763,0.511672,0.569548,0.578831,0.670307,0.520814,0.433433,0.249109,0.478589,0.01578,0.705992,0.761363;27@0.641599,0.749479,0.310361,0.055624,0.303168,0.940536,0.225065;92@0.035639,0.939222,0.097939,0.764698,0.203304;10@0.237596,0.594892,0.404365,0.60036,0.718177,0.326342,0.692134,0.804456,0.745477,0.577516,0.473128,0.283665;75@0.586485,0.353348,0.050916,0.576164,0.495771,0.784107,0.474298,0.645878,0.266176,0.030125;84@0.088232,0.475284,0.726287,0.386754,0.798752,0.547277,0.478442,0.731304,0.554458,0.372351,0.34129;82@0.395891;47@0.30658,0.067206,0.390219,0.338968,0.626337,0.466415,0.418675,0.138511,0.391527,0.191978,0.89177;9@0.14153,0.388367,0.873329,0.835167,0.312179,0.375318,0.690164,0.405633,0.797851,0.824077,0.588657;39@0.020967,0.019561,0.905321,0.088525,0.976879,0.586784,0.713891,0.381405,0.529565;88@0.055465,0.735903,0.411426,0.292622,0.772139,0.745622,0.066327;30@0.607138,0.400915,0.797728,0.346033,0.269456,0.446807,0.931864,0.235054,0.242135,0.74973|0|1762487393
I20251108 00:02:58.835175 139717798590272 data_text_parser.cc:116] beg_pos: 12692,end_pos: 14904
I20251108 00:02:58.835182 139717798590272 data_text_parser.cc:59] line: 256|446|1720@4191680764:0.122075;1185@1340637399:0.059685;1587@123394252:0.844835;1048@1263149611:0.588728;1413@3744126982:0.617651;1472@1129381261:0.505043;1861@106759190:0.894276;1430@3836302329:0.113804;1384@222561036:0.247532;1829@3660953754:0.712077;1635@1421602121:0.441128;1785@1119247948:0.084456;1712@3323447918:0.652482;1116@190002712:0.128772;1010@3111247682:0.296059;1371@791242046:0.546305;1381@1562180612:0.398126;1736@1179584128:0.277209;1206@2888776095:0.118137;1202@3228605938:0.749041|67@0.774406,0.260323,0.575489,0.504425,0.295021,0.319549,0.592577,0.304584,0.797761,0.05192,0.735319;56@0.571587,0.468775,0.647459,0.677476,0.350306,0.384244,0.733224,0.034473,0.209814,0.535065,0.846765,0.164241;73@0.55662,0.076473;38@0.532711,0.847572,0.357701,0.817542,0.596238,0.143931,0.46709,0.196423,0.478401,0.555729;1@;14@0.655242,0.627853,0.958007,0.716237,0.411876,0.384329,0.704523,0.19346,0.620798;41@;32@0.418657,0.283593,0.454589,0.226156;70@0.944306,0.868307,0.465575,0.572368;43@0.031411,0.059863,0.089501,0.357001,0.029014,0.633828,0.893905,0.340047,0.700618,0.644473,0.63401;65@0.01422,0.506051,0.041713,0.302921;20@0.474543,0.635445,0.45941,0.751783;40@7.2e-05,0.901683,0.057891;100@0.87832;37@0.315642,0.985133,0.757281,0.926739,0.503342,0.275364,0.434071,0.005666,0.633133,0.658073,0.012297,0.396537,0.02273;27@0.319021,0.285142,0.215485,0.344734,0.451821,0.765384,0.093547;92@0.419805,0.892922,0.173154,0.059497,0.76106;10@0.933535,0.498738,0.030165,0.436372,0.694496,0.750432,0.537965,0.53872,0.817099,0.400934,0.717854,0.585281;75@0.085735,0.703021,0.75592,0.615898,0.061974,0.558759,0.345833,0.947544,0.236172,0.800494;84@0.520195,0.742127,0.671759,0.218423,0.526775,0.453499,0.305491,0.490934,0.701922,0.139866,0.77022;82@0.772496;47@0.374065,0.456109,0.793232,0.207836,0.522543,0.203797,0.14515,0.396412,0.783152,0.225685,0.733427;9@0.910135,0.29862,0.899639,0.129529,0.420023,0.124846,0.094302,0.912638,0.51098,0.809858,0.953678;39@0.630403,0.995847,0.538473,0.399231,0.086065,0.306079,0.941908,0.828427,0.733074;88@0.485027,0.321633,0.682932,0.047485,0.898502,0.37976,0.986683;30@0.663777,0.774272,0.925353,0.075178,0.169708,0.21783,0.369349,0.511378,0.09374,0.480964|1|1762487393
I20251108 00:02:58.835222 139717798590272 data_text_parser.cc:116] beg_pos: 14905,end_pos: 17125
I20251108 00:02:58.835230 139717798590272 data_text_parser.cc:59] line: 257|463|1720@3729918206:0.217353;1185@3027116475:0.739568;1587@3573465928:0.036705;1048@3878833112:0.898508;1413@3569927646:0.983124;1472@3306260966:0.939225;1861@4244866878:0.960407;1430@4070974713:0.00401;1384@3085512262:0.728362;1829@3817384226:0.856617;1635@916086136:0.446212;1785@3045786381:0.024316;1712@4286415286:0.436048;1116@2361747905:0.768516;1010@185825666:0.542027;1371@2346721641:0.65664;1381@1917878532:0.854634;1736@3749860256:0.245786;1206@2979173706:0.607407;1202@3103017184:0.555758|67@0.173021,0.718718,0.211441,0.5573,0.08242,0.884474,0.079044,0.995493,0.809211,0.166784,0.602625;56@0.261028,0.510014,0.610226,0.041728,0.10707,0.228949,0.54333,0.903168,0.981636,0.113785,0.340293,0.936304;73@0.646713,0.238867;38@0.48562,0.617303,0.506112,0.017373,0.639652,0.290109,0.591769,0.776996,0.600225,0.395291;1@;14@0.546627,0.597438,0.791609,0.662064,0.939021,0.732764,0.180879,0.789179,0.480079;41@;32@0.710209,0.148575,0.463166,0.609868;70@0.177337,0.760386,0.559636,0.283155;43@0.275374,0.976854,0.131604,0.56555,0.583974,0.749534,0.151978,0.870244,0.259777,0.228388,0.935007;65@0.266475,0.727055,0.547746,0.693443;20@0.871912,0.367441,0.104994,0.001961;40@0.991305,0.073621,0.147361;100@0.415648;37@0.476115,0.594199,0.211382,0.510223,0.393091,0.434828,0.842207,0.708706,0.408133,0.417302,0.826339,0.490686,0.525196;27@0.032775,0.36449,0.050176,0.619326,0.130465,0.102356,0.094216;92@0.315118,0.282672,0.055776,0.441971,0.877246;10@0.080601,0.616873,0.074562,0.995316,0.550291,0.154286,0.837093,0.231994,0.294352,0.667751,0.513735,0.857795;75@0.777184,0.888164,0.226326,0.854105,0.749232,0.785003,0.541905,0.188524,0.664767,0.892776;84@0.69093,0.558993,0.888202,0.507895,0.682675,0.766313,0.558958,0.768187,0.769589,0.28873,0.881694;82@0.073879;47@0.977602,0.293214,0.438702,0.186997,0.232088,0.529499,0.716405,0.702876,0.045629,0.067099,0.698397;9@0.86814,0.22533,0.069816,0.236141,0.996504,0.343732,0.191768,0.483908,0.822467,0.274479,0.925568;39@0.015658,0.397674,0.459874,0.345512,0.216873,0.19107,0.959983,0.364575,0.029742;88@0.776311,0.966561,0.190595,0.256971,0.487546,0.390064,0.331531;30@0.110537,0.571075,0.466592,0.257119,0.524638,0.634414,0.564605,0.113744,0.750822,0.111166|0|1762487393
I20251108 00:02:58.835270 139717798590272 data_text_parser.cc:116] beg_pos: 17126,end_pos: 19328
I20251108 00:02:58.835278 139717798590272 data_text_parser.cc:59] line: 258|250|1720@1621347381:0.581359;1185@3612888877:0.293732;1587@3014504096:0.858789;1048@2795626740:0.34415;1413@3146050133:0.758657;1472@3901920875:0.269425;1861@825488264:0.79061;1430@366402860:0.040613;1384@31495261:0.065004;1829@658645514:0.538996;1635@1472460921:0.195983;1785@959534026:0.382526;1712@658491782:0.189962;1116@4279565151:0.470214;1010@2395571385:0.860453;1371@3506099643:0.935633;1381@1237142147:0.896749;1736@1038264899:0.545686;1206@1750089866:0.380664;1202@1372904406:0.263254|67@0.225308,0.88245,0.103243,0.940597,0.148398,0.586046,0.433351,0.727997,0.178236,0.607347,0.558342;56@0.868586,0.476266,0.255787,0.901389,0.090124,0.68847,0.22184,0.804245,0.921743,0.2012,0.348676,0.417641;73@0.22188,0.957838;38@0.332119,0.531452,0.062867,0.02106,8.7e-05,0.332303,0.723473,0.870509,0.984168,0.246625;1@;14@0.67259,0.666636,0.368457,0.415016,0.58151,0.043904,0.85798,0.912567,0.992771;41@;32@0.284629,0.166242,0.537141,0.017626;70@0.808646,0.206295,0.577465,0.641721;43@0.976134,0.888677,0.829937,0.718839,0.429953,0.22408,0.485736,0.61254,0.762359,0.457413,0.310363;65@0.026988,0.826509,0.500373,0.813804;20@0.840929,0.170862,0.920833,0.812854;40@0.52888,0.71225,0.191091;100@0.748269;37@0.292229,0.357469,0.095597,0.336366,0.346392,0.849287,0.848424,0.197946,0.552486,0.949519,0.809503,0.105988,0.334522;27@0.550837,0.7862,0.550253,0.432219,0.593032,0.963151,0.30734;92@0.269103,0.754435,0.687967,0.660067,0.638071;10@0.507947,0.929833,0.843095,0.223191,0.745079,0.392043,0.243638,0.416242,0.893081,0.114206,0.436743,0.469519;75@0.623358,0.895529,0.88463,0.435961,0.289076,0.258063,0.454133,0.085097,0.584758,0.432174;84@0.395144,0.384792,0.965022,0.116051,0.563431,0.510925,0.625294,0.674707,0.004981,0.051768,0.001201;82@0.940368;47@0.446916,0.233622,0.758662,0.295228,0.702387,0.220528,0.541075,0.653856,0.112025,0.354947,0.273526;9@0.514902,0.123154,0.717704,0.44167,0.221582,0.019105,0.368531,0.307486,0.937615,0.852173,0.948482;39@0.704081,0.768698,0.7012,0.676634,0.687423,0.26429,0.557636,0.32352,0.545855;88@0.782336,0.629435,0.375706,0.979016,0.140419,0.889164,0.566383;30@0.691685,0.877864,0.796117,0.12179,0.260746,0.615746,0.452956,0.867935,0.472802,0.74922|0|1762487393
I20251108 00:02:58.835300 139717798590272 data_text_parser.cc:116] beg_pos: 19329,end_pos: 20480
I20251108 00:02:58.835587 139717798590272 data_text_parser.cc:101] get chunk buffer, size: 20480
I20251108 00:02:58.835616 139717798590272 data_text_parser.cc:116] beg_pos: 0,end_pos: 1058
I20251108 00:02:58.835627 139717798590272 data_text_parser.cc:61] buffer line: 259|337|1720@2605532081:0.554821;1185@1726139266:0.328191;1587@3325089594:0.064367;1048@752117375:0.976044;1413@227232407:0.8344;1472@1832931528:0.610201;1861@2999563653:0.939671;1430@3525502825:0.442347;1384@4051497168:0.334299;1829@4044499347:0.199189;1635@2609581492:0.389106;1785@372117425:0.361095;1712@1064274877:0.567774;1116@2406498459:0.298894;1010@2801830506:0.898772;1371@3672509614:0.248991;1381@539826727:0.162725;1736@3520696403:0.959643;1206@2346392974:0.279973;1202@674400963:0.105039|67@0.970857,0.254119,0.427416,0.413987,0.26183,0.413883,0.309746,0.561145,0.259263,0.059871,0.239851;56@0.468335,0.072346,0.008055,0.127161,0.201306,0.719243,0.379791,0.415102,0.848814,0.128317,0.197354,0.433472;73@0.764847,0.508531;38@0.182872,0.051889,0.53787,0.065581,0.203732,0.646156,0.057706,0.374155,0.567311,0.854953;1@;14@0.210986,0.591103,0.537985,0.906774,0.800033,0.636848,0.393036,0.112634,0.35813;41@;32@0.040282,0.660322,0.0484,0.747372;70@0.397646,0.674346,0.043311,0.063794;43@0.286045,0.932871,0.624005,0.234311,0.591714,0.59462,0.349411,0.863344,0.383652,0.858349,0.981246;65@0.741193,0.650043,0.038206,0.158781;20@0.792787,0.260378,0.269256,0.63934;40@0.026269,0.968629,0.678769;100@0.247495;37@0.237134,0.978692,0.714191,0.253309,0.801514,0.207308,0.401683,0.650055,0.465161,0.631286,0.961552,0.02547,0.847476;27@0.830786,0.921353,0.488288,0.310369,0.112333,0.332716,0.065193;92@0.489729,0.315148,0.614466,0.419606,0.039884;10@0.81975,0.25876,0.168485,0.204098,0.37879,0.465927,0.381108,0.35887,0.393463,0.511704,0.171406,0.846899;75@0.936398,0.310915,0.500145,0.09069,0.025996,0.672646,0.606922,0.45673,0.923676,0.719827;84@0.429265,0.977932,0.052284,0.636444,0.832832,0.953271,0.879074,0.828749,0.270987,0.826769,0.493461;82@0.47631;47@0.220236,0.726799,0.595453,0.766192,0.095666,0.097879,0.307186,0.680575,0.497478,0.643821,0.686999;9@0.22415,0.156236,0.101962,0.496995,0.323141,0.582303,0.96046,0.154595,0.349208,0.096406,0.217015;39@0.787272,0.850621,0.710499,0.900368,0.420294,0.25667,0.653824,0.4086,0.368801;88@0.758732,0.649076,0.815099,0.036849,0.060692,0.241375,0.390846;30@0.644534,0.879898,0.758811,0.12371,0.025985,0.843497,0.563232,0.339868,0.282475,0.064756|0|1762487393
I20251108 00:02:58.835688 139717798590272 data_text_parser.cc:116] beg_pos: 1059,end_pos: 3266
I20251108 00:02:58.835703 139717798590272 data_text_parser.cc:59] line: 260|89|1720@1937095967:0.942387;1185@2913356561:0.930804;1587@903625689:0.09902;1048@795811794:0.681511;1413@2346618280:0.492983;1472@1304831208:0.411598;1861@3675538007:0.49338;1430@4006319640:0.676952;1384@1049937708:0.747555;1829@2889702882:0.241272;1635@208645733:0.417758;1785@2301880939:0.688254;1712@4162248678:0.099693;1116@2860989664:0.048789;1010@1648387202:0.955856;1371@2050360666:0.900065;1381@1021555617:0.981984;1736@1804804769:0.326246;1206@3939884200:0.167096;1202@4207365738:0.640378|67@0.663207,0.579187,0.27011,0.435755,0.500636,0.273287,0.105479,0.531777,0.153649,0.559529,0.868501;56@0.34069,0.370716,0.846055,0.191152,0.207784,0.125747,0.607925,0.086783,0.645479,0.899059,0.013152,0.437533;73@0.576988,0.125987;38@0.226227,0.435301,0.263473,0.619057,0.660098,0.748932,0.776259,0.803049,0.049262,0.996954;1@;14@0.824602,0.153251,0.962685,0.640085,0.651131,0.329119,0.150307,0.580202,0.493523;41@;32@0.867367,0.314916,0.503946,0.600019;70@0.849275,0.588026,0.89947,0.554832;43@0.606391,0.886543,0.698663,0.304635,0.46637,0.397013,0.509841,0.996973,0.793716,0.864285,0.656734;65@0.931278,0.547605,0.956012,0.936172;20@0.731894,0.618642,0.167356,0.536055;40@0.06104,0.807005,0.2948;100@0.67749;37@0.230515,0.777313,0.74317,0.38323,0.947814,0.216779,0.101965,0.40147,0.389663,0.175956,0.365622,0.013201,0.844375;27@0.033203,0.372147,0.552855,0.104067,0.89379,0.842945,0.317742;92@0.181964,0.710355,0.277346,0.92428,0.63348;10@0.770098,0.321227,0.757164,0.884223,0.955448,0.98559,0.92112,0.966174,0.317673,0.406643,0.848344,0.826282;75@0.717702,0.895305,0.726535,0.117958,0.655361,0.456056,0.709796,0.084474,0.697769,0.306677;84@0.560335,0.62548,0.161106,0.957323,0.232898,0.916601,0.020972,0.364148,0.7139,0.999083,0.954227;82@0.104073;47@0.398965,0.513732,0.166793,0.047768,0.16846,0.342701,0.774309,0.436821,0.584026,0.852253,0.14554;9@0.217819,0.187131,0.459937,0.120465,0.122602,0.107426,0.260717,0.821995,0.192049,0.975401,0.926616;39@0.763351,0.791284,0.767297,0.637458,0.849098,0.552298,0.092385,0.229541,0.510989;88@0.998019,0.970762,0.079489,0.417039,0.164309,0.272234,0.427112;30@0.504584,0.952785,0.952284,0.011324,0.306682,0.81174,0.602849,0.295673,0.355868,0.6719|0|1762487393
I20251108 00:02:58.835736 139717798590272 data_text_parser.cc:116] beg_pos: 3267,end_pos: 5475
I20251108 00:02:58.835744 139717798590272 data_text_parser.cc:59] line: 261|976|1720@2617262799:0.592822;1185@2574855530:0.082036;1587@2120964453:0.118372;1048@940803922:0.208247;1413@2816814693:0.832049;1472@2825210256:0.860524;1861@2988351082:0.980969;1430@1790724546:0.199561;1384@2194928446:0.411631;1829@455377712:0.178846;1635@1217515532:0.96335;1785@3789667522:0.96333;1712@3921487230:0.792869;1116@2694681830:0.458349;1010@1179632240:0.617036;1371@3929358981:0.110299;1381@1722167365:0.360982;1736@1314858268:0.009028;1206@2571847755:0.311511;1202@666765789:0.803223|67@0.938764,0.261775,0.970541,0.564531,0.471533,0.503059,0.728016,0.108498,0.331549,0.071449,0.437142;56@0.329543,0.682111,0.942059,0.77813,0.197407,0.048732,0.111527,0.028804,0.957138,0.081629,0.668974,0.334341;73@0.420391,0.171444;38@0.175561,0.470672,0.529615,0.956422,0.317548,0.563247,0.284269,0.910221,0.412956,0.921359;1@;14@0.893646,0.99053,0.251147,0.761795,0.843198,0.994168,0.647067,0.183715,0.552508;41@;32@0.945481,0.754649,0.677502,0.292556;70@0.779639,0.470379,0.332999,0.288859;43@0.95977,0.312671,0.151534,0.81005,0.136321,0.656955,0.105171,0.430059,0.631375,0.251141,0.996327;65@0.927745,0.745815,0.80239,0.508373;20@0.362032,0.187483,0.900882,0.505271;40@0.707136,0.727035,0.435098;100@0.785119;37@0.398614,0.839052,0.059903,0.523989,0.263034,0.821329,0.18109,0.080992,0.08549,0.210976,0.346864,0.360106,0.612582;27@0.802155,0.527313,0.58273,0.373403,0.402589,0.014506,0.786435;92@0.404861,0.109579,0.39451,0.751389,0.20168;10@0.347992,0.144973,0.080351,0.681747,0.959733,0.16935,0.593179,0.926525,0.085298,0.150399,0.388157,0.574855;75@0.659659,0.545849,0.270644,0.306878,0.851866,0.304196,0.42643,0.703313,0.860993,0.171574;84@0.815336,0.089228,0.585482,0.776356,0.326637,0.313326,0.857894,0.098541,0.609581,0.275953,0.151047;82@0.44463;47@0.01375,0.790486,0.547159,0.099249,0.878583,0.889955,0.369898,0.693717,0.437342,0.864239,0.860142;9@0.149515,0.230515,0.599179,0.344151,0.916368,0.40466,0.04885,0.565591,0.14213,0.7596,0.0911;39@0.628732,0.844837,0.433827,0.00243,0.772793,0.167285,0.546947,0.628357,0.8726;88@0.922068,0.305528,0.820048,0.850185,0.965257,0.742931,0.676329;30@0.610745,0.573198,0.601055,0.063155,0.121845,0.455671,0.128879,0.459312,0.005233,0.156104|1|1762487393
I20251108 00:02:58.835785 139717798590272 data_text_parser.cc:116] beg_pos: 5476,end_pos: 7697
I20251108 00:02:58.835793 139717798590272 data_text_parser.cc:59] line: 262|555|1720@1942123044:0.753897;1185@3999489628:0.228724;1587@3873273226:0.415829;1048@177868398:0.562757;1413@1571501894:0.694952;1472@3791907982:0.188949;1861@1494251538:0.70233;1430@4100047952:0.147166;1384@2554464226:0.62706;1829@4242874336:0.549332;1635@407505689:0.831025;1785@745660987:0.257678;1712@1550199113:0.098816;1116@2708190708:0.030015;1010@1787276537:0.756595;1371@3756815204:0.813189;1381@2821577674:0.24681;1736@620397616:0.103188;1206@3371431386:0.152164;1202@3968989559:0.870536|67@0.356437,0.770118,0.029939,0.856377,0.286637,0.026458,0.730305,0.628064,0.827971,0.197157,0.247953;56@0.719684,0.609468,0.444489,0.898854,0.407838,0.064885,0.599709,0.104152,0.747421,0.135258,0.551739,0.571651;73@0.347402,0.845039;38@0.511329,0.525195,0.146794,0.360356,0.931885,0.49099,0.833182,0.267388,0.683728,0.515273;1@;14@0.931895,0.980359,0.58718,0.734778,0.788146,0.335608,0.948785,0.839294,0.413067;41@;32@0.098817,0.491921,0.165943,0.616836;70@0.145214,0.335032,0.828234,0.336868;43@0.870782,0.067249,0.245093,0.203934,0.686738,0.073162,0.610004,0.675838,0.844149,0.378695,0.417399;65@0.78549,0.353176,0.177556,0.720928;20@0.615055,0.855713,0.510411,0.762477;40@0.31141,0.164381,0.760331;100@0.398523;37@0.311723,0.566763,0.283633,0.158918,0.971825,0.12439,0.790947,0.843511,0.311509,0.213666,0.467269,0.222816,0.048688;27@0.935171,0.512604,0.49048,0.333344,0.108014,0.666934,0.474911;92@0.711474,0.137657,0.159268,0.921483,0.062852;10@0.550098,0.594282,0.393852,0.302073,0.059032,0.538505,0.122525,0.167146,0.661321,0.49669,0.040352,0.756039;75@0.139842,0.141298,0.185985,0.579342,0.156512,0.153662,0.581766,0.633429,0.420637,0.393698;84@0.027237,0.205154,0.231895,0.059252,0.582333,0.110018,0.640828,0.479189,0.476479,0.681885,0.701406;82@0.303862;47@0.003005,0.264049,0.132642,0.73328,0.540693,0.599532,0.286679,0.553111,0.231749,0.68494,0.495126;9@0.335986,0.211767,0.234342,0.074126,0.429626,0.637805,0.154291,0.969424,0.540417,0.110757,0.803842;39@0.012025,0.120654,0.265569,0.849215,0.408705,0.556193,0.422658,0.067115,0.298151;88@0.462002,0.242179,0.421144,0.880765,0.204416,0.952669,0.777672;30@0.895598,0.400274,0.459161,0.019309,0.928466,0.725599,0.286812,0.784616,0.442744,0.428457|1|1762487393
I20251108 00:02:58.835835 139717798590272 data_text_parser.cc:116] beg_pos: 7698,end_pos: 9901
I20251108 00:02:58.835844 139717798590272 data_text_parser.cc:59] line: 263|395|1720@431011675:0.098479;1185@996765963:0.481786;1587@4069244594:0.639143;1048@3470961955:0.630146;1413@1199855:0.18317;1472@2074872296:0.290316;1861@1266299351:0.113692;1430@2320073828:0.46511;1384@780434952:0.419056;1829@1950834577:0.318774;1635@2012692460:0.387954;1785@2100840490:0.674409;1712@3871484542:0.41602;1116@2053841527:0.46771;1010@4130738228:0.209618;1371@2336323557:0.657268;1381@746765651:0.262921;1736@2686045960:0.49419;1206@4245158330:0.856301;1202@3611386577:0.411556|67@0.883865,0.64185,0.304548,0.58762,0.107273,0.132484,0.384549,0.754698,0.546029,0.048151,0.980443;56@0.972434,0.504365,0.369166,0.03424,0.969834,0.041292,0.763831,0.919998,0.047662,0.859537,0.942609,0.828554;73@0.648261,0.96613;38@0.972218,0.277958,0.708105,0.638606,0.879124,0.787907,0.09909,0.453459,0.917481,0.344242;1@;14@0.286098,0.665031,0.501471,0.779087,0.397508,0.971324,0.952245,0.027676,0.892055;41@;32@0.561297,0.204437,0.513948,0.784554;70@0.380705,0.766453,0.570495,0.282712;43@0.723583,0.827041,0.578025,0.22402,0.080185,0.682025,0.197126,0.713524,0.853671,0.855996,0.6117;65@0.422075,0.200935,0.560249,0.147246;20@0.771202,0.72659,0.270125,0.753398;40@0.491325,0.086176,0.660053;100@0.439531;37@0.289273,0.698266,0.440966,0.561699,0.510359,0.018254,0.703506,0.667805,0.420145,0.816211,0.012826,0.16223,0.289783;27@0.016005,0.118284,0.867222,0.409235,0.72432,0.794793,0.976488;92@0.198598,0.064033,0.944885,0.062578,0.913148;10@0.949478,0.518895,0.049152,0.160729,0.537699,0.23867,0.963569,0.574147,0.15343,0.682005,0.923866,0.429234;75@0.111099,0.268573,0.810316,0.188164,0.684053,0.529407,0.463117,0.050938,0.68242,0.93139;84@0.847849,0.74164,0.385039,0.773135,0.273282,0.986918,0.231137,0.960979,0.787999,0.315956,0.956401;82@0.695251;47@0.34868,0.525239,0.42318,0.43557,0.750277,0.310873,0.624625,0.002687,0.369687,0.155306,0.308475;9@0.679564,0.362088,0.236342,0.991778,0.757244,0.717621,0.820406,0.78208,0.248394,0.105796,0.439273;39@0.475563,0.831362,0.798047,0.340981,0.9289,0.298067,0.781447,0.838764,0.262887;88@0.797416,0.309265,0.108087,0.261249,0.963303,0.684657,0.914349;30@0.322726,0.817152,0.461481,0.884115,0.544254,0.977112,0.501867,0.474397,0.858602,0.539794|1|1762487393
I20251108 00:02:58.835874 139717798590272 data_text_parser.cc:116] beg_pos: 9902,end_pos: 12113
I20251108 00:02:58.835882 139717798590272 data_text_parser.cc:59] line: 264|569|1720@2314023489:0.666763;1185@3302163868:0.898823;1587@1715395483:0.571042;1048@407068081:0.285638;1413@2360251914:0.79212;1472@3272404660:0.725534;1861@1435286917:0.517338;1430@2787656589:0.163695;1384@2839528994:0.001822;1829@666204987:0.401013;1635@4224456808:0.643963;1785@1521130277:0.723827;1712@3243184927:0.925707;1116@3735839220:0.254166;1010@358452033:0.314778;1371@2234027591:0.856908;1381@2576814018:0.300625;1736@376610318:0.806068;1206@1292127828:0.451986;1202@380287120:0.855155|67@0.177149,0.305228,0.614428,0.434602,0.93152,0.941887,0.189985,0.209257,0.514766,0.329306,0.760492;56@0.163065,0.149952,0.450185,0.889223,0.474282,0.535365,0.35621,0.597328,0.686575,0.036819,0.477104,0.406297;73@0.4674,0.367904;38@0.949342,0.41258,0.740348,0.456678,0.844335,0.125887,0.479827,0.944956,0.291787,0.657561;1@;14@0.856338,0.406795,0.880531,0.00043,0.082591,0.923825,0.211983,0.869437,0.318549;41@;32@0.112233,0.158026,0.634493,0.893705;70@0.555526,0.608531,0.23934,0.52891;43@0.783999,0.25851,0.838984,0.333057,0.363156,0.907927,0.358763,0.244739,0.515718,0.978845,0.302911;65@0.034636,0.048413,0.152542,0.301132;20@0.132884,0.611544,0.433419,0.539929;40@0.984354,0.959098,0.32274;100@0.112224;37@0.139438,0.918505,0.462039,0.37611,0.712714,0.402905,0.863462,0.633857,0.042262,0.661791,0.527646,0.513404,0.175289;27@0.050402,0.463475,0.036865,0.26405,0.652537,0.445061,0.44478;92@0.014137,0.207004,0.753752,0.443232,0.542063;10@0.624732,0.732413,0.553518,0.007188,0.758899,0.564414,0.47905,0.734095,0.595996,0.892943,0.391168,0.257055;75@0.77536,0.578178,0.463199,0.697089,0.949681,0.831032,0.987527,0.501306,0.495819,0.79847;84@0.688391,0.618173,0.458691,0.407375,0.609803,0.917917,0.457038,0.536853,0.513795,0.016926,0.22034;82@0.262535;47@0.645769,0.081607,0.503837,0.387493,0.699853,0.482371,0.58113,0.549998,0.10188,0.154191,0.188688;9@0.610234,0.06513,0.921203,0.129845,0.651788,0.695259,0.473975,0.591834,0.938515,0.219503,0.101915;39@0.875865,0.241879,0.461733,0.356607,0.041082,0.796297,0.301436,0.080282,0.960445;88@0.683676,0.906577,0.749212,0.641981,0.749884,0.069637,0.594188;30@0.396943,0.093779,0.095473,0.975522,0.932035,0.632239,0.926745,0.711519,0.724094,0.955376|1|1762487393
I20251108 00:02:58.835923 139717798590272 data_text_parser.cc:116] beg_pos: 12114,end_pos: 14331
I20251108 00:02:58.835936 139717798590272 data_text_parser.cc:59] line: 265|195|1720@458820415:0.417236;1185@2865934550:0.557999;1587@1675405606:0.74583;1048@757631525:0.8358;1413@2606474846:0.494764;1472@233985817:0.090276;1861@3094022817:0.28024;1430@3199240095:0.981172;1384@1354091124:0.628116;1829@1424989306:0.970566;1635@1489094429:0.397225;1785@1939101982:0.508379;1712@1562113939:0.895708;1116@3006333498:0.708995;1010@1425665161:0.690986;1371@3683350325:0.217956;1381@2973429298:0.176388;1736@3362952646:0.020571;1206@2891192570:0.320723;1202@197407897:0.787902|67@0.101771,0.599884,0.776148,0.338811,0.167185,0.448052,0.292871,0.001636,0.679894,0.931845,0.118327;56@0.146043,0.769278,0.103358,0.221726,0.020765,0.798001,0.756055,0.888181,0.281756,0.548055,0.782947,0.519706;73@0.179704,0.752562;38@0.976991,0.803697,0.826787,0.03215,0.495678,0.328462,0.377495,0.132387,0.227349,0.411895;1@;14@0.548206,0.318308,0.319364,0.102188,0.271321,0.780089,0.544406,0.845473,0.818665;41@;32@0.334226,0.481017,0.670103,0.144297;70@0.181757,0.90912,0.378315,0.552229;43@0.535092,0.557341,0.395843,0.861647,0.637232,0.200403,0.716148,0.999981,0.970359,0.75536,0.01393;65@0.277069,0.855909,0.788583,0.742066;20@0.279324,0.910287,0.371294,0.445252;40@0.681217,0.365192,0.68589;100@0.372016;37@0.803604,0.166888,0.821431,0.745829,0.138556,0.537504,0.416344,0.102028,0.046779,0.754121,0.914897,0.888409,0.11016;27@0.779052,0.706516,0.988639,0.906242,0.034182,0.209219,0.240281;92@0.969812,0.831063,0.136763,0.022594,0.216416;10@0.548249,0.546725,0.579399,0.618635,0.980973,0.261624,0.034526,0.760729,0.761314,0.978043,0.70458,0.871456;75@0.101384,0.46537,0.735605,0.898594,0.217023,0.783677,0.005833,0.047781,0.222015,0.294348;84@0.577982,0.078062,0.723557,0.101934,0.206307,0.361861,0.684922,0.943999,0.580243,0.589342,0.800632;82@0.661792;47@0.592789,0.954406,0.890491,0.87588,0.693808,0.826032,0.807284,0.90185,0.879391,0.997096,0.311955;9@0.562513,0.292233,0.207541,0.457016,0.413887,0.872291,0.709217,0.129771,0.155013,0.582072,0.259479;39@0.341112,0.176429,0.182051,0.738434,0.184591,0.757278,0.807564,0.492821,0.405321;88@0.179238,0.039247,0.148133,0.552876,0.091134,0.402252,0.729082;30@0.707239,0.247166,0.154278,0.754832,0.109334,0.447301,0.682353,0.88039,0.52374,0.895059|1|1762487393
I20251108 00:02:58.835976 139717798590272 data_text_parser.cc:116] beg_pos: 14332,end_pos: 16539
I20251108 00:02:58.835985 139717798590272 data_text_parser.cc:59] line: 266|502|1720@365614222:0.230283;1185@3009185362:0.908639;1587@752776532:0.525024;1048@1022287638:0.313991;1413@1821230740:0.628869;1472@3131082723:0.741026;1861@3614492162:0.129791;1430@3795689887:0.223174;1384@889185108:0.317008;1829@1895760524:0.517515;1635@3511310264:0.669764;1785@3318752147:0.783446;1712@2040283657:0.91285;1116@3952739728:0.434205;1010@1556908893:0.735138;1371@1834386548:0.301729;1381@833713423:0.02981;1736@677823208:0.628388;1206@1006651576:0.114738;1202@1582937250:0.686465|67@0.457036,0.297869,0.801583,0.120568,0.846984,0.37404,0.443056,0.052865,0.808757,0.942116,0.691806;56@0.441779,0.773539,0.734822,0.777475,0.264239,0.484884,0.123969,0.226025,0.54707,0.528805,0.268812,0.748622;73@0.159799,0.453079;38@0.623582,0.748732,0.822413,0.98593,0.517278,0.178831,0.751623,0.135529,0.237579,0.456258;1@;14@0.544877,0.080747,0.056561,0.295123,0.419747,0.105111,0.079139,0.874356,0.221096;41@;32@0.475042,0.410737,0.345318,0.886886;70@0.665768,0.693707,0.902049,0.01024;43@0.742479,0.311106,0.757574,0.733434,0.729521,0.938797,0.849538,0.281722,0.380122,0.971347,0.360034;65@0.78483,0.639438,0.539715,0.724053;20@0.225394,0.415221,0.888069,0.21071;40@0.0419,0.365612,0.424571;100@0.469735;37@0.567253,0.841131,0.937169,0.982116,0.529731,0.091439,0.192336,0.203054,0.841188,0.052266,0.23422,0.723114,0.322272;27@0.153657,0.6514,0.688202,0.952257,0.272805,0.374898,0.759377;92@0.77763,0.01424,0.744128,0.932711,0.043087;10@0.689544,0.914213,0.997305,0.071363,0.150942,0.780674,0.154739,0.245345,0.568754,0.440341,0.837201,0.319404;75@0.198348,0.677337,0.359882,0.347987,0.08161,0.21261,0.673639,0.012819,0.349183,0.552579;84@0.003417,0.514724,0.909568,0.215398,0.674778,0.84129,0.891989,0.563351,0.266234,0.976637,0.495386;82@0.281172;47@0.07528,0.863647,0.744022,0.414016,0.769545,0.710956,0.790644,0.876959,0.929073,0.615477,0.047307;9@0.231093,0.671594,0.606354,0.835442,0.596967,0.884415,0.287187,0.27067,0.103318,0.145526,0.768058;39@0.826133,0.157635,0.55651,0.695667,0.111062,0.575649,0.836011,0.568033,0.319138;88@0.909565,0.269746,0.268093,0.49216,0.884893,0.607563,0.4381;30@0.302361,0.264198,0.000616,0.731316,0.520352,0.439136,0.37784,0.102528,0.613126,0.743551|1|1762487393
I20251108 00:02:58.836026 139717798590272 data_text_parser.cc:116] beg_pos: 16540,end_pos: 18747
I20251108 00:02:58.836034 139717798590272 data_text_parser.cc:59] line: 267|476|1720@2714399475:0.044095;1185@2765344562:0.44759;1587@216828705:0.69475;1048@524248150:0.856099;1413@2377944599:0.832341;1472@3272123169:0.845887;1861@184190755:0.362596;1430@3441112965:0.263776;1384@1169285223:0.140495;1829@3989578573:0.758543;1635@1821230740:0.431668;1785@3356208992:0.844701;1712@3597049284:0.128901;1116@1214709850:0.17651;1010@722226597:0.255055;1371@556608432:0.262664;1381@1175194681:0.64162;1736@401235417:0.473511;1206@2140641353:0.780465;1202@2003971653:0.068449|67@0.594256,0.246446,0.446709,0.099608,0.718026,0.522185,0.088313,0.111843,0.073188,0.638493,0.510628;56@0.981322,0.629942,0.349503,0.673303,0.516323,0.021231,0.622705,0.679316,0.642819,0.489768,0.216575,0.599134;73@0.372204,0.039975;38@0.496089,0.85836,0.844232,0.273462,0.962518,0.840105,0.752095,0.866783,0.928549,0.905089;1@;14@0.444511,0.920906,0.796026,0.681869,0.917233,0.08675,0.447376,0.233605,0.693735;41@;32@0.26054,0.90219,0.395178,0.207499;70@0.099878,0.027655,0.812179,0.181121;43@0.716473,0.823531,0.181791,0.666662,0.935084,0.437678,0.350193,0.223091,0.237292,0.048408,0.778088;65@0.530626,0.308931,0.639932,0.320163;20@0.545662,0.851419,0.99905,0.522913;40@0.546408,0.422133,0.454407;100@0.30117;37@0.286122,0.84865,0.312881,0.949524,0.084985,0.029829,0.220731,0.07481,0.522977,0.869352,0.5306,0.72734,0.528888;27@0.78285,0.663541,0.302651,0.520233,0.320239,0.443496,0.555571;92@0.680018,0.393659,0.928066,0.823308,0.479074;10@0.36,0.189595,0.912618,0.966581,0.704777,0.988556,0.021525,0.405153,0.252268,0.590927,0.465451,0.205689;75@0.840752,0.292487,0.223812,0.902225,0.011585,0.744723,0.873783,0.994816,0.800862,0.13072;84@0.958453,0.129771,0.584654,0.960329,0.896657,0.312733,0.400797,0.801863,0.509643,0.272802,0.692254;82@0.570568;47@0.272467,0.433905,0.919701,0.797282,0.087175,0.725958,0.339086,0.597696,0.505226,0.134685,0.343387;9@0.499481,0.222564,0.549582,0.193993,0.283773,0.601726,0.720746,0.438883,0.229668,0.112407,0.737667;39@0.577051,0.696314,0.338352,0.823616,0.210255,0.331297,0.066664,0.170913,0.789611;88@0.256458,0.225531,0.476448,0.066363,0.469417,0.951701,0.341168;30@0.206599,0.64523,0.328204,0.008131,0.390008,0.93208,0.29004,0.625299,0.237472,0.586764|1|1762487393
I20251108 00:02:58.836067 139717798590272 data_text_parser.cc:116] beg_pos: 18748,end_pos: 20480
I20251108 00:02:58.836338 139717798590272 data_text_parser.cc:101] get chunk buffer, size: 20480
I20251108 00:02:58.836365 139717798590272 data_text_parser.cc:116] beg_pos: 0,end_pos: 473
I20251108 00:02:58.836387 139717798590272 data_text_parser.cc:61] buffer line: 268|197|1720@25743164:0.665263;1185@768148391:0.460948;1587@420471030:0.700428;1048@2857068709:0.061978;1413@2840912794:0.121032;1472@2639867213:0.255443;1861@1014876743:0.505172;1430@3630410153:0.66437;1384@1845574325:0.299898;1829@3063826005:0.653906;1635@487043826:0.961507;1785@1954759564:0.796289;1712@300219166:0.524939;1116@4270997923:0.153716;1010@4157037839:0.718164;1371@586037458:0.372144;1381@3339211281:0.384883;1736@1226464274:0.893648;1206@4022098754:0.723307;1202@538827586:0.163758|67@0.596797,0.158936,0.278514,0.860343,0.963175,0.18581,0.319382,0.10443,0.617942,0.974635,0.786913;56@0.219849,0.641326,0.41501,0.067646,0.948955,0.401015,0.960577,0.27206,0.424414,0.085537,0.81254,0.675328;73@0.276567,0.233016;38@0.780162,0.155943,0.30027,0.548382,0.510194,0.768516,0.924833,0.048411,0.59343,0.279567;1@;14@0.79637,0.69477,0.437641,0.381281,0.186817,0.97252,0.957621,0.744937,0.30833;41@;32@0.128818,0.222854,0.916323,0.399949;70@0.964713,0.451359,0.362612,0.762142;43@0.730648,0.628461,0.676198,0.279521,0.116238,0.487959,0.084526,0.178129,0.069468,0.125357,0.963584;65@0.308364,0.844839,0.233694,0.573367;20@0.855855,0.055434,0.935994,0.532418;40@0.0159,0.084689,0.630863;100@0.561538;37@0.367305,0.14994,0.419566,0.347466,0.842686,0.289612,0.798058,0.950925,0.043167,0.254191,0.379848,0.637071,0.243825;27@0.75578,0.875636,0.554768,0.412573,0.835343,0.777207,0.056934;92@0.625668,0.704852,0.994523,0.06141,0.454151;10@0.826758,0.851884,0.898664,0.382311,0.539244,0.972818,0.174881,0.191079,0.642833,0.354489,0.471831,0.128503;75@0.229228,0.668356,0.02264,0.851099,0.715944,0.574338,0.160404,0.710253,0.092284,0.749904;84@0.199662,0.655647,0.516436,0.956206,0.513703,0.546965,0.932069,0.121167,0.185123,0.380538,0.613527;82@0.475697;47@0.00335,0.123252,0.672656,0.690374,0.251575,0.424302,0.600935,0.146987,0.082034,0.296751,0.090826;9@0.681744,0.397449,0.29484,0.524589,0.227549,0.175591,0.458101,0.058147,0.107554,0.457298,0.775437;39@0.485901,0.846929,0.019122,0.559755,0.653113,0.396783,0.952234,0.817901,0.153284;88@0.49322,0.660448,0.415886,0.626452,0.178591,0.24765,0.92317;30@0.527056,0.416472,0.188751,0.379489,0.483859,0.790164,0.820353,0.78844,0.055779,0.957197|0|1762487393
I20251108 00:02:58.836427 139717798590272 data_text_parser.cc:116] beg_pos: 474,end_pos: 2688
I20251108 00:02:58.836435 139717798590272 data_text_parser.cc:59] line: 269|897|1720@3493088779:0.840215;1185@2269960623:0.94108;1587@1300348889:0.676251;1048@952350189:0.718445;1413@3230620429:0.584571;1472@3659388775:0.074867;1861@1639681556:0.154034;1430@982718592:0.492344;1384@157395743:0.350354;1829@4100192084:0.320946;1635@4271273186:0.922867;1785@2814370997:0.919039;1712@965919575:0.744443;1116@727255654:0.51197;1010@2502240796:0.857428;1371@632199503:0.820414;1381@711609309:0.441994;1736@500554265:0.245421;1206@177743087:0.686288;1202@3496788636:0.072915|67@0.709762,0.849517,0.424006,0.746044,0.927794,0.794794,0.274146,0.456943,0.974529,0.899877,0.699299;56@0.382372,0.008596,0.832955,0.837739,0.141639,0.862333,0.591674,0.680284,0.224154,0.900316,0.680967,0.627531;73@0.913444,0.070547;38@0.587734,0.924825,0.226756,0.428962,0.991866,0.846478,0.504805,0.889517,0.866674,0.127302;1@;14@0.008177,0.287979,0.867909,0.951973,0.378352,0.285162,0.728687,0.212412,0.455194;41@;32@0.569121,0.726671,0.304939,0.238236;70@0.044644,0.477242,0.089607,0.676967;43@0.303021,0.271437,0.428318,0.692489,0.034361,0.909942,0.797845,0.973772,0.939826,0.245316,0.346326;65@0.843397,0.29948,0.884845,0.611972;20@0.122248,0.096476,0.268297,0.844011;40@0.29623,0.109227,0.173183;100@0.157435;37@0.472639,0.996092,0.691278,0.557861,0.984265,0.708348,0.778584,0.496351,0.52961,0.099217,0.238433,0.751377,0.976697;27@0.050329,0.436374,0.970843,0.87654,0.292592,0.977512,0.289856;92@0.813875,0.752295,0.762352,0.4976,0.949422;10@0.694194,0.071681,0.013309,0.857209,0.714684,0.496332,0.909813,0.637898,0.264139,0.448433,0.729796,0.493736;75@0.466291,0.121685,0.542957,0.573529,0.068669,0.827316,0.970796,0.011694,0.85213,0.574982;84@0.829568,0.722116,0.211948,0.241146,0.198514,0.32134,0.634087,0.781997,0.088385,0.93666,0.928357;82@0.581425;47@0.135911,0.955872,0.365382,0.160964,0.695812,0.770805,0.179418,0.336933,0.624802,0.833061,0.736865;9@0.879607,0.862713,0.316322,0.227643,0.248107,0.548375,0.103675,0.216168,0.140082,0.493883,0.56175;39@0.093923,0.227247,0.641525,0.900162,0.532177,0.208459,0.891956,0.26795,0.964341;88@0.286367,0.863957,0.563816,0.039723,0.920481,0.727031,0.17281;30@0.126995,0.532944,0.465876,0.547119,0.650571,0.740816,0.730646,0.432044,0.003462,0.855452|1|1762487393
I20251108 00:02:58.836475 139717798590272 data_text_parser.cc:116] beg_pos: 2689,end_pos: 4905
I20251108 00:02:58.836484 139717798590272 data_text_parser.cc:59] line: 270|727|1720@2504512884:0.449695;1185@2883266184:0.813945;1587@2286690431:0.357784;1048@1132662171:0.816207;1413@3028757709:0.921695;1472@1761655651:0.48756;1861@3537594180:0.694112;1430@3735982554:0.014324;1384@3271062762:0.470154;1829@91529680:0.966867;1635@3596147866:0.254072;1785@2007739050:0.209964;1712@3993855760:0.257541;1116@3919475299:0.790828;1010@303590409:0.925043;1371@2656903085:0.598808;1381@2207226308:0.504026;1736@1836008557:0.704845;1206@127272013:0.731559;1202@3676244600:0.922427|67@0.372699,0.473994,0.779187,0.481716,0.47727,0.419058,0.104705,0.862486,0.814215,0.138104,0.602269;56@0.543866,0.881502,0.020643,0.714434,0.104108,0.512639,0.844527,0.047328,0.181292,0.128482,0.169307,0.35003;73@0.020414,0.605112;38@0.272529,0.737273,0.327844,0.365905,0.993192,0.586433,0.561745,0.672324,0.827008,0.980455;1@;14@0.896012,0.858652,0.727062,0.153632,0.935038,0.928285,0.822017,0.157982,0.460063;41@;32@0.497062,0.018194,0.193889,0.157392;70@0.725456,0.356092,0.545724,0.411242;43@0.690929,0.198207,0.617435,0.108276,0.965858,0.036957,0.869942,0.669465,0.726893,0.103526,0.979814;65@0.115359,0.732609,0.369836,0.215662;20@0.569911,0.729318,0.027339,0.283118;40@0.67998,0.575066,0.671012;100@0.543445;37@0.726053,0.134585,0.453891,0.966844,0.473836,0.733959,0.511309,0.385726,0.310609,0.463014,0.845253,0.515517,0.708778;27@0.080965,0.983003,0.201578,0.050676,0.781675,0.716292,0.917083;92@0.205866,0.07611,0.316543,0.385405,0.990673;10@0.198727,0.629706,0.340191,0.183017,0.519988,0.024065,0.834115,0.21672,0.70235,0.666042,0.996428,0.847623;75@0.52451,0.579745,0.467411,0.259643,0.507848,0.974236,0.454599,0.495158,0.130922,0.421595;84@0.856156,0.012601,0.689316,0.785423,0.280998,0.381939,0.373054,0.86081,0.435554,0.980186,0.716266;82@0.724995;47@0.609361,0.916463,0.980918,0.636491,0.216009,0.575957,0.85752,0.168861,0.362747,0.195357,0.447528;9@0.304395,0.009206,0.478374,0.229974,0.628485,0.590795,0.079923,0.126903,0.312975,0.691351,0.52533;39@0.68371,0.1241,0.315789,0.214076,0.644878,0.20701,0.27393,0.251312,0.363566;88@0.218211,0.082569,0.373763,0.272291,0.835542,0.55067,0.237169;30@0.827435,0.223671,0.035602,0.845957,0.856323,0.531527,0.315823,0.029833,0.466197,0.759392|1|1762487393
I20251108 00:02:58.836533 139717798590272 data_text_parser.cc:116] beg_pos: 4906,end_pos: 7114
I20251108 00:02:58.836544 139717798590272 data_text_parser.cc:59] line: 271|591|1720@530794895:0.796382;1185@1237839303:0.605116;1587@3091949914:0.599445;1048@3292545693:0.509511;1413@3228991209:0.112248;1472@25523842:0.921992;1861@1969417407:0.637925;1430@137966252:0.544017;1384@4130963908:0.836376;1829@2053726079:0.48701;1635@3811741105:0.312945;1785@203090791:0.209515;1712@3642693572:0.0565;1116@515191597:0.275093;1010@3148693652:0.20056;1371@268052386:0.761917;1381@1412716694:0.492402;1736@1260094769:0.766775;1206@3189354891:0.32492;1202@631027976:0.317459|67@0.221204,0.427743,0.715867,0.160232,0.825361,0.694112,0.725143,0.723146,0.075902,0.919527,0.972869;56@0.219808,0.112756,0.91734,0.242885,0.915296,0.975443,0.904126,0.140981,0.780463,0.333264,0.845993,0.780159;73@0.141721,0.5614;38@0.560763,0.861655,0.029811,0.434391,0.883143,0.286037,0.918132,0.41485,0.53721,0.891788;1@;14@0.93572,0.313043,0.854687,0.626092,0.710016,0.547168,0.278958,0.252515,0.529195;41@;32@0.273968,0.611429,0.831361,0.426538;70@0.601857,0.379166,0.367261,0.961659;43@0.002862,0.379577,0.704204,0.841169,0.941033,0.587309,0.848119,0.320811,0.310052,0.835139,0.853087;65@0.927103,0.251259,0.714531,0.020943;20@0.177503,0.12001,0.755497,0.762058;40@0.457786,0.565735,0.192769;100@0.51284;37@0.516064,0.993728,0.801626,0.105819,0.369211,0.546876,0.453522,0.723708,0.484509,0.623364,0.778456,0.853844,0.435539;27@0.389291,0.778451,0.258886,0.417511,0.328715,0.867914,0.105971;92@0.584218,0.337071,0.399452,0.8459,0.403691;10@0.42554,0.60795,0.242944,0.721891,0.26982,0.043729,0.021198,0.071787,0.025892,0.874425,0.368675,0.897221;75@0.548621,0.784987,0.155583,0.959693,0.477001,0.07339,0.702974,0.894299,0.308735,0.683133;84@0.588295,0.146734,0.108422,0.326505,0.605102,0.701988,0.79447,0.149772,0.689168,0.312863,0.172993;82@0.855309;47@0.860238,0.139394,0.844791,0.867938,0.984534,0.004944,0.089399,0.007589,0.160136,0.899103,0.608494;9@0.277146,0.005676,0.375749,0.565562,0.775648,0.013584,0.598266,0.394347,0.399475,0.561985,0.200755;39@0.328895,0.301625,0.883265,0.447103,0.296985,0.385723,0.313632,0.044833,0.728701;88@0.451555,0.598005,0.605781,0.632832,0.983185,0.940849,0.732582;30@0.733937,0.962654,0.867593,0.92432,0.337305,0.875675,0.891901,0.855048,0.047921,0.269985|1|1762487393
I20251108 00:02:58.836587 139717798590272 data_text_parser.cc:116] beg_pos: 7115,end_pos: 9323
I20251108 00:02:58.836595 139717798590272 data_text_parser.cc:59] line: 272|756|1720@1307834546:0.111386;1185@2756608350:0.11939;1587@2562862336:0.69148;1048@716249015:0.484676;1413@1804804769:0.855854;1472@3273721479:0.314754;1861@354143005:0.612438;1430@1617059835:0.846881;1384@1493934509:0.961936;1829@2187507821:0.218909;1635@460321203:0.737838;1785@1726193679:0.303467;1712@3012244755:0.507759;1116@540358303:0.006378;1010@1733887455:0.708174;1371@962563386:0.020833;1381@1049193272:0.59956;1736@1193348877:0.936784;1206@3095882905:0.702154;1202@3377668528:0.083941|67@0.193754,0.266766,0.001933,0.761391,0.560368,0.987409,0.964936,0.166598,0.486249,0.593597,0.338165;56@0.309769,0.257238,0.31196,0.41859,0.677109,0.864305,0.345869,0.371364,0.356415,0.275039,0.131042,0.731482;73@0.937437,0.950348;38@0.285372,0.164998,0.674459,0.500405,0.556615,0.990407,0.121676,0.478894,0.603014,0.927354;1@;14@0.200165,0.005324,0.187589,0.021902,0.167079,0.489375,0.541632,0.028984,0.073612;41@;32@0.03109,0.789747,0.109645,0.330584;70@0.829138,0.015102,0.475478,0.511748;43@0.876778,0.231794,0.1237,0.029926,0.246619,0.12807,0.081435,0.346387,0.920879,0.655794,0.189215;65@0.715347,0.110846,0.542601,0.00592;20@0.402997,0.310316,0.77991,0.202383;40@0.574158,0.086157,0.66799;100@0.913407;37@0.70162,0.826069,0.124376,0.968046,0.536061,0.379707,0.258907,0.99542,0.987704,0.75874,0.130389,0.802458,0.743301;27@0.675211,0.507644,0.552106,0.27828,0.901927,0.633265,0.704604;92@0.681724,0.875883,0.071087,0.850103,0.602182;10@0.970191,0.381873,0.029426,0.650146,0.030159,0.474967,0.291783,0.592486,0.095183,0.615413,0.430331,0.160841;75@0.070157,0.460077,0.345922,0.814178,0.987939,0.299238,0.845506,0.841052,0.603344,0.304942;84@0.552192,0.032699,0.219116,0.326612,0.341749,0.68402,0.690605,0.541452,0.270681,0.451319,0.969988;82@0.164162;47@0.9071,0.079908,0.047616,0.146282,0.898201,0.700534,0.627183,0.962865,0.039118,0.91402,0.56279;9@0.379895,0.357767,0.203191,0.94358,0.732964,0.742512,0.792271,0.83504,0.918728,0.923369,0.616267;39@0.945364,0.841131,0.167687,0.382763,0.483874,0.992829,0.448326,0.643886,0.107237;88@0.786229,0.102434,0.418283,0.68589,0.059699,0.332514,0.093574;30@0.487615,0.263114,0.367439,0.146044,0.077809,0.189516,0.023247,0.348164,0.428925,0.360243|0|1762487393
I20251108 00:02:58.836625 139717798590272 data_text_parser.cc:116] beg_pos: 9324,end_pos: 11531
I20251108 00:02:58.836633 139717798590272 data_text_parser.cc:59] line: 273|359|1720@2096430730:0.714561;1185@539826727:0.270805;1587@3398649579:0.583528;1048@4086455593:0.227094;1413@1790038034:0.527995;1472@705085754:0.691274;1861@978155309:0.055784;1430@638591225:0.321903;1384@1825054556:0.583294;1829@550602677:0.424811;1635@3096986906:0.695021;1785@63338498:0.508123;1712@325860250:0.352271;1116@3094305544:0.926381;1010@851128007:0.487012;1371@1726139266:0.290021;1381@2151403665:0.886941;1736@1361674310:0.39741;1206@690783603:0.346417;1202@1280763805:0.354969|67@0.023166,0.087895,0.060203,0.364337,0.364767,0.927118,0.486569,0.66365,0.9868,0.378405,0.586771;56@0.921274,0.60242,0.127566,0.896306,0.715804,0.729811,0.080993,0.077265,0.76573,0.803454,0.979639,0.131891;73@0.463878,0.733767;38@0.893871,0.988871,0.516982,0.509451,0.770252,0.588927,0.789342,0.389334,0.422982,0.464689;1@;14@0.602403,0.171704,0.173982,0.198888,0.98509,0.998303,0.474512,0.164442,0.536966;41@;32@0.68617,0.460999,0.79691,0.994239;70@0.772091,0.897509,0.720121,0.232101;43@0.474236,0.159125,0.313306,0.750727,0.219278,0.514429,0.024822,0.86538,0.148317,0.305829,0.61214;65@0.892066,0.389864,0.408324,0.693302;20@0.807625,0.106206,0.160916,0.747266;40@0.439466,0.587438,0.838905;100@0.793596;37@0.472162,0.308576,0.499073,0.215048,0.51373,0.758184,0.36143,0.401076,0.030689,0.091611,0.397719,0.242113,0.399132;27@0.537114,0.021797,0.794184,0.080171,0.113071,0.63107,0.930197;92@0.981953,0.699499,0.502838,0.689013,0.219523;10@0.445437,0.907245,0.612691,0.362261,0.590429,0.298985,0.345997,0.757163,0.871733,0.639117,0.007888,0.291288;75@0.494929,0.403302,0.794887,0.311368,0.537558,0.703332,0.863071,0.951689,0.151066,0.944781;84@0.681888,0.142286,0.199028,0.749598,0.516543,0.00757,0.327529,0.393381,0.084209,0.397464,0.646403;82@0.083086;47@0.602885,0.597174,0.213943,0.901961,0.904626,0.135512,0.870225,0.107728,0.532822,0.305578,0.083241;9@0.218391,0.449597,0.061969,0.728995,0.086213,0.344354,0.285882,0.100676,0.565581,0.143521,0.607655;39@0.09031,0.43647,0.349656,0.449437,0.127017,0.196045,0.694427,0.835616,0.850462;88@0.997575,0.086805,0.591637,0.684492,0.044488,0.349298,0.68154;30@0.72922,0.54013,0.994722,0.736631,0.590995,0.706586,0.278073,0.540451,0.737952,0.549864|0|1762487393
I20251108 00:02:58.836673 139717798590272 data_text_parser.cc:116] beg_pos: 11532,end_pos: 13747
I20251108 00:02:58.836681 139717798590272 data_text_parser.cc:59] line: 274|515|1720@1218319593:0.605748;1185@1163106716:0.175313;1587@3028757709:0.738216;1048@301151506:0.610585;1413@3889354205:0.635754;1472@3021825018:0.617777;1861@2711253701:0.725805;1430@1850415128:0.090577;1384@1767065336:0.537579;1829@2095291241:0.712504;1635@2192958375:0.255152;1785@3689867188:0.582071;1712@1134765527:0.178188;1116@1173614161:0.446523;1010@2329106810:0.309153;1371@2200405698:0.704281;1381@190423980:0.039489;1736@2082472141:0.484707;1206@4016004946:0.575808;1202@313400775:0.599447|67@0.889147,0.004259,0.72701,0.368518,0.447262,0.669434,0.246753,0.186701,0.649887,0.98265,0.20604;56@0.241946,0.714655,0.62465,0.607955,0.645688,0.301034,0.424685,0.925546,0.076089,0.559754,0.668311,0.761524;73@0.756299,0.260822;38@0.704936,0.934702,0.669721,0.184933,0.525666,0.760966,0.107749,0.516439,0.997382,0.447843;1@;14@0.555623,0.952096,0.762879,0.412907,0.027808,0.253435,0.747523,0.624508,0.71682;41@;32@0.982354,0.952091,0.077817,0.433983;70@0.361422,0.028595,0.449089,0.834832;43@0.875651,0.712409,0.954133,0.914881,0.180843,0.376127,0.373784,0.951729,0.514002,0.898494,0.039253;65@0.332804,0.892983,0.340264,0.901101;20@0.849884,0.880921,0.08855,0.318249;40@0.159545,0.941244,0.617325;100@0.776635;37@0.025724,0.97186,0.164486,0.495098,0.337127,0.971716,0.267396,0.057086,0.870292,0.767623,0.935666,0.115669,0.274508;27@0.99625,0.511302,0.261287,0.415156,0.696278,0.29323,0.308029;92@0.224799,0.410835,0.172719,0.766525,0.52185;10@0.131945,0.845936,0.053091,0.57955,0.095647,0.157331,0.132458,0.774662,0.557909,0.814477,0.273778,0.518928;75@0.241371,0.52059,0.51356,0.803005,0.428361,0.83578,0.113349,0.379071,0.068482,0.565425;84@0.778144,0.469488,0.52745,0.494161,0.129719,0.529479,0.209456,0.666107,0.947599,0.158109,0.711833;82@0.010836;47@0.405162,0.14875,0.522712,0.375646,0.530441,0.434838,0.212568,0.408854,0.804227,0.674933,0.742502;9@0.24071,0.56066,0.473831,0.927455,0.788283,0.446334,0.997279,0.162982,0.851858,0.498675,0.779197;39@0.461846,0.687784,0.023249,0.918255,0.843964,0.334354,0.830049,0.470206,0.68829;88@0.561558,0.314445,0.447264,0.954515,0.169934,0.307859,0.515596;30@0.176509,0.075964,0.304663,0.033921,0.226343,0.721997,0.757171,0.687393,0.448721,0.639952|1|1762487393
I20251108 00:02:58.836736 139717798590272 data_text_parser.cc:116] beg_pos: 13748,end_pos: 15969
I20251108 00:02:58.836746 139717798590272 data_text_parser.cc:59] line: 275|663|1720@1090571552:0.926601;1185@3638208376:0.299969;1587@2042077970:0.141233;1048@3162413160:0.876174;1413@2930629999:0.282903;1472@2450898163:0.236394;1861@3660762217:0.444255;1430@3689867188:0.951045;1384@3224956295:0.597795;1829@549355208:0.713516;1635@2785149399:0.969347;1785@1844267854:0.458782;1712@1866000276:0.416456;1116@126926414:0.908493;1010@3798589304:0.985991;1371@4231804463:0.964699;1381@2361835029:0.06561;1736@3438447978:0.948209;1206@3305764793:0.440594;1202@2281483102:0.632439|67@0.147833,0.621574,0.326807,0.697214,0.231784,0.322808,0.932606,0.405894,0.991579,0.119124,0.08707;56@0.898995,0.948778,0.965259,0.596118,0.462771,0.608406,0.694908,0.750673,0.594616,0.649581,0.860588,0.152085;73@0.326483,0.055391;38@0.702325,0.328943,0.21757,0.26028,0.589078,0.367703,0.90363,0.084477,0.383651,0.588222;1@;14@0.929486,0.300916,0.204626,0.222339,0.591323,0.351234,0.392302,0.066105,0.323165;41@;32@0.610626,0.466518,0.599202,0.076307;70@0.151966,0.739346,0.013753,0.833823;43@0.769435,0.942116,0.037621,0.502083,0.488216,0.811046,0.459709,0.777273,0.377036,0.368437,0.359439;65@0.333537,0.941337,0.701904,0.705972;20@0.019178,0.472051,0.72145,0.710624;40@0.189737,0.298133,0.727408;100@0.406063;37@0.759979,0.008728,0.58439,0.531029,0.215573,0.163608,0.547305,0.565389,0.882211,0.908934,0.621325,0.037465,0.698068;27@0.279667,0.772965,0.833113,0.69355,0.933598,0.828765,0.643937;92@0.635702,0.60104,0.585906,0.445019,0.871321;10@0.062548,0.272896,0.987537,0.383764,0.986331,0.373905,0.756727,0.767847,0.800754,0.526464,0.217775,0.059397;75@0.979709,0.374351,0.357251,0.075267,0.21428,0.545726,0.562558,0.109925,0.062842,0.957673;84@0.365357,0.457837,0.623731,0.990126,0.878867,0.291816,0.836062,0.587574,0.842163,0.801879,0.836814;82@0.803381;47@0.471143,0.837843,0.254908,0.518162,0.324537,0.930217,0.212499,0.600609,0.837818,0.358945,0.94656;9@0.955027,0.880185,0.955618,0.162019,0.056936,0.08733,0.603353,0.946254,0.528664,0.456117,0.803762;39@0.925131,0.943716,0.864033,0.068605,0.944547,0.268006,0.956854,0.727012,0.148426;88@0.120375,0.821187,0.344558,0.250461,0.521825,0.71913,0.728938;30@0.366971,0.008552,0.76711,0.914335,0.768893,0.186012,0.433787,0.782832,0.773998,0.793749|0|1762487393
I20251108 00:02:58.836778 139717798590272 data_text_parser.cc:116] beg_pos: 15970,end_pos: 18184
I20251108 00:02:58.836786 139717798590272 data_text_parser.cc:59] line: 276|124|1720@2487373904:0.330567;1185@3663550135:0.798961;1587@1376104936:0.750659;1048@3141901629:0.829569;1413@2686045960:0.361831;1472@1967896935:0.752685;1861@209772591:0.769389;1430@1218508330:0.384627;1384@2963368388:0.028278;1829@2020862487:0.436225;1635@2703331267:0.204606;1785@4181099614:0.281997;1712@3895373517:0.065652;1116@4073731725:0.543539;1010@138858326:0.522405;1371@154921337:0.868788;1381@670269425:0.918562;1736@4249849332:0.706556;1206@2048822463:0.987872;1202@3513716128:0.59059|67@0.721627,0.966189,0.622791,0.381197,0.192708,0.726475,0.450773,0.425892,0.708686,0.494273,0.989433;56@0.316309,0.647197,0.948472,0.077902,0.624742,0.79217,0.627328,0.695906,0.325863,0.447679,0.558581,0.499932;73@0.630162,0.34586;38@0.304432,0.255322,0.126401,0.51009,0.493351,0.253728,0.612994,0.872047,0.679146,0.032024;1@;14@0.647724,0.026671,0.830862,0.443378,0.806166,0.31076,0.216525,0.026761,0.402139;41@;32@0.323712,0.773124,0.746845,0.796747;70@0.725634,0.639115,0.483722,0.124546;43@0.499996,0.168501,0.195414,0.428157,0.186266,0.024822,0.980132,0.204784,0.40878,0.946765,0.686832;65@0.993713,0.112749,0.613033,0.638341;20@0.059724,0.880985,0.479163,0.036406;40@0.181589,0.52671,0.27418;100@0.532792;37@0.850874,0.689186,0.42065,0.194454,0.715069,0.370454,0.587445,0.265684,0.186743,0.420203,0.719834,0.841861,0.001135;27@0.031578,0.177935,0.059185,0.680129,0.582401,0.26386,0.020854;92@0.843346,0.580444,0.853563,0.572198,0.734726;10@0.074007,0.083924,0.030805,0.032393,0.268378,0.719422,0.654472,0.522762,0.532069,0.78601,0.206492,0.754284;75@0.579654,0.360004,0.449587,0.427571,0.360462,0.505694,0.995133,0.462603,0.440471,0.579455;84@0.827548,0.769384,0.505652,0.778605,0.091334,0.596078,0.654465,0.386246,0.866717,0.539331,0.332168;82@0.324496;47@0.395944,0.080323,0.688564,0.814994,0.730544,0.413798,0.799347,0.563977,0.018546,0.796547,0.42841;9@0.724737,0.253988,0.624418,0.926328,0.932922,0.411773,0.5507,0.842931,0.092518,0.405958,0.359641;39@0.488604,0.634389,0.340596,0.39133,0.353582,0.567924,0.46142,0.79255,0.764237;88@0.575071,0.273276,0.977388,0.19746,0.063672,0.921685,0.077011;30@0.329641,0.272769,0.100524,0.509533,0.24043,0.199108,0.516109,0.601015,0.299673,0.869444|1|1762487393
I20251108 00:02:58.836834 139717798590272 data_text_parser.cc:116] beg_pos: 18185,end_pos: 20394
I20251108 00:02:58.836846 139717798590272 data_text_parser.cc:59] line: 277|769|1720@3968199838:0.242392;1185@2125208343:0.239939;1587@1467441894:0.052441;1048@2046281047:0.611858;1413@3768081605:0.473282;1472@2898331582:0.320826;1861@3339167656:0.626038;1430@1581783846:0.195032;1384@2846353280:0.485672;1829@2421871798:0.382924;1635@3931427147:0.134175;1785@3786843269:0.292754;1712@3985679283:0.081887;1116@455813843:0.805744;1010@3027840275:0.977524;1371@1243790631:0.470664;1381@4072646442:0.883553;1736@448883178:0.181282;1206@1694831072:0.144092;1202@365614222:0.773422|67@0.470384,0.802663,0.672004,0.331221,0.762042,0.978385,0.281177,0.043339,0.053815,0.103079,0.976347;56@0.023591,0.367202,0.455803,0.20833,0.053485,0.957179,0.089437,0.460456,0.929929,0.666813,0.717559,0.91262;73@0.497392,0.088042;38@0.374667,0.874117,0.581676,0.078478,0.466722,0.212472,0.591798,0.964774,0.563867,0.319683;1@;14@0.643557,0.724265,0.46756,0.743156,0.208702,0.072441,0.459322,0.818608,0.861033;41@;32@0.13366,0.247555,0.9432,0.330352;70@0.798591,0.679261,0.037044,0.124645;43@0.957726,0.654564,0.240841,0.002841,0.363407,0.571715,0.515682,0.23881,0.618105,0.492905,0.427928;65@0.095425,0.906964,0.510799,0.286677;20@0.495991,0.757689,0.558522,0.119611;40@0.454592,0.494268,0.584841;100@0.119057;37@0.588512,0.349281,0.287333,0.529358,0.093186,0.53545,0.557856,0.366922,0.465126,0.995702,0.91078,0.734525,0.38997;27@0.746057,0.269659,0.388786,0.893049,0.002944,0.352212,0.172985;92@0.068285,0.210265,0.657625,0.259187,0.290952;10@0.896606,0.829435,0.255476,0.574142,0.01388,0.168317,0.216662,0.097916,0.410878,0.857661,0.610509,0.6887;75@0.136777,0.725839,0.462324,0.20888,0.071596,0.107183,0.95557,0.093684,0.550423,0.053681;84@0.579585,0.123531,0.27991,0.799249,0.978903,0.702131,0.621712,0.029724,0.495448,0.335106,0.412426;82@0.019296;47@0.832268,0.60285,0.092888,0.429003,0.447868,0.463209,0.549888,0.043877,0.3608,7.5e-05,0.218942;9@0.810081,0.622796,0.237062,0.963424,0.017997,0.25953,0.231018,0.235045,0.743088,0.534488,0.420896;39@0.609866,0.516519,0.513666,0.499761,0.506922,0.194446,0.72284,0.870462,0.53764;88@0.852146,0.960406,0.777886,0.140834,0.498389,0.334814,0.608403;30@0.905079,0.448992,0.569795,0.96614,0.615719,0.586104,0.158161,0.290857,0.19986,0.006877|0|1762487393
I20251108 00:02:58.836863 139717798590272 data_text_parser.cc:116] beg_pos: 20395,end_pos: 20480
I20251108 00:02:58.837126 139717798590272 data_text_parser.cc:101] get chunk buffer, size: 20480
I20251108 00:02:58.837156 139717798590272 data_text_parser.cc:116] beg_pos: 0,end_pos: 2120
I20251108 00:02:58.837165 139717798590272 data_text_parser.cc:61] buffer line: 278|642|1720@3586293721:0.307405;1185@3624993861:0.56894;1587@2793708230:0.778904;1048@3849502719:0.696081;1413@531511634:0.697583;1472@197407897:0.237098;1861@1582628969:0.648954;1430@3248712498:0.94984;1384@1990970223:0.703007;1829@3468523744:0.893757;1635@2257350856:0.501594;1785@3536221780:0.609725;1712@3925388176:0.544561;1116@74990235:0.431895;1010@3186586789:0.323347;1371@530747068:0.73853;1381@2366998000:0.219986;1736@3514552028:0.889755;1206@4094894341:0.38313;1202@1663086804:0.633729|67@0.734965,0.657922,0.212113,0.268027,0.804095,0.880035,0.376354,0.536923,0.092863,0.665536,0.920438;56@0.089401,0.169244,0.803876,0.602473,0.032554,0.467251,0.824797,0.203516,0.497182,0.382677,0.305744,0.53063;73@0.464882,0.190163;38@0.156495,0.885473,0.959721,0.379409,0.256339,0.618842,0.708755,0.898,0.576294,0.277055;1@;14@0.796668,0.725858,0.189122,0.495398,0.206923,0.436601,0.199943,0.024727,0.312158;41@;32@0.089214,0.816843,0.820143,0.358872;70@0.289174,0.565497,0.992853,0.644309;43@0.857396,0.95676,0.545746,0.113121,0.02748,0.351126,0.303736,0.98372,0.349901,0.372262,0.053363;65@0.997687,0.40994,0.351193,0.100497;20@0.986805,0.57886,0.298077,0.199208;40@0.279654,0.468509,0.395013;100@0.670448;37@0.657325,0.777499,0.699789,0.137048,0.37967,0.530132,0.129998,0.619388,0.352522,0.036364,0.379816,0.30032,0.811149;27@0.801108,0.048016,0.802318,0.330997,0.738888,0.913717,0.317147;92@0.598474,0.163283,0.134365,0.417106,0.311401;10@0.666101,0.487304,0.932037,0.949687,0.947372,0.1976,0.454482,0.746138,0.385267,0.402165,0.662525,0.986714;75@0.065572,0.699476,0.34976,0.824548,0.382535,0.996587,0.822524,0.413801,0.790322,0.360886;84@0.085992,0.487433,0.909675,0.058682,0.667784,0.710892,0.396199,0.585295,0.206642,0.631494,0.916511;82@0.73052;47@0.176896,0.6149,0.648309,0.481977,0.51623,0.956385,0.043238,0.642283,0.189628,0.097608,0.563331;9@0.870888,0.755051,0.122078,0.201774,0.09399,0.990744,0.891827,0.032448,0.772221,0.134903,0.187243;39@0.274712,0.39256,0.123899,0.845245,0.085266,0.115985,0.41649,0.310922,0.635473;88@0.061056,0.422182,0.284275,0.902636,0.950653,0.266357,0.5151;30@0.945927,0.034498,0.764681,0.395971,0.881761,0.563923,0.299981,0.434531,0.603881,0.634259|0|1762487393
I20251108 00:02:58.837211 139717798590272 data_text_parser.cc:116] beg_pos: 2121,end_pos: 4338
I20251108 00:02:58.837219 139717798590272 data_text_parser.cc:59] line: 279|558|1720@2799963035:0.731895;1185@2316700053:0.515921;1587@3030288183:0.002294;1048@2508326120:0.06402;1413@698183582:0.250221;1472@948870856:0.93364;1861@958363202:0.18137;1430@3975051713:0.779058;1384@1749796376:0.864739;1829@3378253497:0.391197;1635@553437020:0.021367;1785@1467059214:0.175254;1712@4027822449:0.144509;1116@3992529769:0.74713;1010@1138985628:0.141692;1371@1454929798:0.690371;1381@3192943413:0.043343;1736@2390621756:0.753722;1206@3897680323:0.889993;1202@2589239154:0.272119|67@0.778013,0.026237,0.034255,0.060699,0.421136,0.491569,0.670524,0.700991,0.696376,0.727539,0.656195;56@0.727001,0.906389,0.998546,0.966023,0.806922,0.362861,0.545132,0.042679,0.188561,0.265806,0.29772,0.392131;73@0.39111,0.366815;38@0.117876,0.846499,0.541298,0.783995,0.176052,0.971137,0.427186,0.064472,0.061845,0.13353;1@;14@0.451983,0.884996,0.128767,0.699543,0.111248,0.608233,0.705037,0.353958,0.675736;41@;32@0.967532,0.628603,0.135986,0.285003;70@0.771512,0.855997,0.86947,0.041362;43@0.892684,0.894042,0.233535,0.584045,0.713783,0.610566,0.956324,0.129777,0.269306,0.548737,0.418384;65@0.185172,0.326301,0.414532,0.411213;20@0.271844,0.138435,0.100529,0.862874;40@0.777047,0.757979,0.349708;100@0.363953;37@0.743706,0.136395,0.573645,0.553144,0.923092,0.88831,0.381487,0.014321,0.569757,0.208557,0.749571,0.708388,0.185123;27@0.226543,0.779768,0.151482,0.374106,0.036186,0.903242,0.913177;92@0.935487,0.298505,0.054041,0.403546,0.96673;10@0.766021,0.085843,0.339414,0.564976,0.929535,0.449672,0.87813,0.478908,0.274443,0.432261,0.099675,0.521291;75@0.121063,0.305008,0.733436,0.061302,0.265523,0.698993,0.992005,0.444776,0.876039,0.267541;84@0.891811,0.071906,0.002386,0.371593,0.747674,0.128463,0.735259,0.990634,0.192828,0.735188,0.176086;82@0.443329;47@0.794048,0.729928,0.681422,0.259364,0.110457,0.644158,0.052451,0.537785,0.199925,0.450665,0.43892;9@0.357724,0.791117,0.296787,0.446362,0.367535,0.988246,0.3275,0.093657,0.468075,0.18956,0.82145;39@0.409851,0.321913,0.436726,0.391482,0.919041,0.097937,0.533756,0.524745,0.938162;88@0.993586,0.991469,0.427219,0.259472,0.333884,0.342321,0.231697;30@0.104781,0.699917,0.414573,0.224833,0.102928,0.382403,0.338462,0.635322,0.524901,0.267914|1|1762487393
I20251108 00:02:58.837259 139717798590272 data_text_parser.cc:116] beg_pos: 4339,end_pos: 6553
I20251108 00:02:58.837267 139717798590272 data_text_parser.cc:59] line: 280|916|1720@982570532:0.080913;1185@1133840724:0.673505;1587@654301202:0.71801;1048@322538332:0.797179;1413@2294087452:0.865549;1472@1530242114:0.701388;1861@108019851:0.479438;1430@2079451260:0.805174;1384@2062362120:0.871765;1829@1994787187:0.629284;1635@1755736643:0.904432;1785@2996624663:0.198619;1712@410460561:0.705185;1116@617387153:0.400458;1010@3980713763:0.721261;1371@135923725:0.463518;1381@3383253182:0.749357;1736@2333294081:0.485133;1206@3777820670:0.717921;1202@3702331821:0.111362|67@0.136441,0.333962,0.68541,0.38938,0.250787,0.059394,0.691151,0.833353,0.351233,0.021941,0.91129;56@0.746388,0.520143,0.236545,0.180124,0.704724,0.384665,0.575489,0.24913,0.004901,0.185752,0.438512,0.179623;73@0.188728,0.563338;38@0.405928,0.377411,0.696895,0.529102,0.576592,0.008411,0.330961,0.381826,0.627408,0.002689;1@;14@0.95331,0.679038,0.719517,0.379154,0.485016,0.829354,0.659304,0.421081,0.906606;41@;32@0.305076,0.764732,0.141587,0.494143;70@0.618064,0.649001,0.282053,0.355192;43@0.353073,0.339693,0.567013,0.450922,0.958615,0.606271,0.614253,0.511934,0.956412,0.491906,0.298043;65@0.464716,0.793422,0.189947,0.550624;20@0.254325,0.388546,0.682636,0.029903;40@0.308537,0.316409,0.065288;100@0.788234;37@0.070369,0.57008,0.858729,0.389195,0.751305,0.997421,0.930387,0.525989,0.131199,0.683245,0.875359,0.681039,0.949181;27@0.374689,0.294332,0.497986,0.395167,0.213674,0.423084,0.454323;92@0.025314,0.411457,0.501789,0.556942,0.430157;10@0.8647,0.71304,0.826176,0.372636,0.411848,0.610904,0.831129,0.75101,0.27923,0.219006,0.153996,0.728666;75@0.505431,0.744277,0.607898,0.026274,0.778037,0.137019,0.623822,0.918637,0.978785,0.629118;84@0.335307,0.870686,0.623589,0.33168,0.231179,0.714103,0.580244,0.383745,0.030901,0.208617,0.288636;82@0.345646;47@0.110798,0.716446,0.486647,0.102418,0.049275,0.259103,0.700359,0.253066,0.547408,0.339461,0.074634;9@0.198783,0.65011,0.571589,0.577518,0.873907,0.087488,0.347724,0.129496,0.787619,0.189856,0.009801;39@0.975107,0.965231,0.670887,0.837705,0.207156,0.782504,0.197346,0.435123,0.598924;88@0.844066,0.676755,0.121686,0.139009,0.781651,0.04882,0.52899;30@0.656434,0.049654,0.898135,0.151505,0.872673,0.429372,0.160851,0.563141,0.838771,0.419984|0|1762487393
I20251108 00:02:58.837297 139717798590272 data_text_parser.cc:116] beg_pos: 6554,end_pos: 8763
I20251108 00:02:58.837304 139717798590272 data_text_parser.cc:59] line: 281|223|1720@961580187:0.136362;1185@631027976:0.654565;1587@1621347381:0.845406;1048@2261535047:0.068416;1413@1490446056:0.853464;1472@125887005:0.286534;1861@3560290061:0.397257;1430@1051005009:0.135638;1384@516051468:0.190634;1829@3745959578:0.068366;1635@3040857466:0.531627;1785@137468835:0.963782;1712@3469281455:0.466029;1116@3502059717:0.906203;1010@3331999629:0.683751;1371@4162939554:0.094638;1381@2948291317:0.698307;1736@2814370997:0.659937;1206@2608810981:0.750208;1202@2930520040:0.535919|67@0.670409,0.119486,0.892252,0.972151,0.22926,0.057758,0.984361,0.93204,0.500865,0.452195,0.260792;56@0.682796,0.45925,0.410755,0.689112,0.664209,0.678291,0.578464,0.446005,0.486581,0.658118,0.504053,0.046716;73@0.256544,0.163486;38@0.769544,0.821448,0.268277,0.776502,0.341815,0.976988,0.536596,0.975924,0.073613,0.354791;1@;14@0.166608,0.312708,0.320892,0.05321,0.312514,0.429828,0.924873,0.098962,0.483436;41@;32@0.246798,0.435843,0.056582,0.420883;70@0.612633,0.896768,0.797468,0.30334;43@0.781175,0.956768,0.54549,0.620491,0.220048,0.381202,0.412877,0.659131,0.127082,0.071192,0.398423;65@0.204453,0.332,0.236282,0.931788;20@0.843017,0.173663,0.50386,0.351179;40@0.531084,0.883633,0.314568;100@0.820101;37@0.778632,0.473541,0.025645,0.059741,0.37727,0.205657,0.658696,0.139447,0.513801,0.343562,0.419887,0.366058,0.809133;27@0.685365,0.653166,0.959001,0.312373,0.858025,0.598637,0.536691;92@0.023016,0.610162,0.807543,0.132017,0.541202;10@0.754299,0.105109,0.798547,0.231931,0.698928,0.531161,0.98829,0.423598,0.377603,0.803951,0.976037,0.082498;75@0.426815,0.198926,0.455869,0.619242,0.36439,0.887068,0.218791,0.49923,0.829886,0.340048;84@0.998094,0.261765,0.297578,0.410637,0.84865,0.638973,0.137981,0.818325,0.708334,0.302483,0.691032;82@0.72966;47@0.154281,0.012291,0.83121,0.050342,0.918454,0.309292,0.25453,0.401225,0.437997,0.734673,0.099285;9@0.589476,0.105812,0.536587,0.487599,0.396049,0.884169,0.685928,0.721204,0.537314,0.65677,0.033697;39@0.244275,0.067048,0.409413,0.436698,0.443943,0.1239,0.012536,0.74043,0.861864;88@0.093792,0.457047,0.008618,0.105621,0.878024,0.194235,0.312199;30@0.621742,0.137491,0.049057,0.827594,0.881546,0.494308,0.22204,0.287311,0.497714,0.281255|0|1762487393
I20251108 00:02:58.837344 139717798590272 data_text_parser.cc:116] beg_pos: 8764,end_pos: 10980
I20251108 00:02:58.837352 139717798590272 data_text_parser.cc:59] line: 282|443|1720@3674658604:0.935117;1185@3484289692:0.001734;1587@271646842:0.522265;1048@3414140191:0.53175;1413@262147183:0.34866;1472@2416327354:0.836545;1861@641605852:0.831819;1430@3539124605:0.494396;1384@3841389005:0.676782;1829@1846060370:0.880077;1635@2580594547:0.705482;1785@1376979488:0.597632;1712@2885490664:0.915351;1116@1075082996:0.097312;1010@3383910984:0.633053;1371@2573092676:0.982928;1381@1036886325:0.604783;1736@1726193679:0.769742;1206@976206512:0.861008;1202@3670300519:0.935213|67@0.356063,0.465406,0.935897,0.482912,0.735727,0.416693,0.473306,0.106829,0.532029,0.208769,0.537513;56@0.008562,0.603649,0.123024,0.831755,0.378214,0.279403,0.013447,0.632109,0.72065,0.426763,0.024406,0.562792;73@0.437316,0.125339;38@0.886025,0.92127,0.047454,0.364874,0.433535,0.761868,0.898346,0.722046,0.423915,0.69652;1@;14@0.670961,0.976854,0.887054,0.877178,0.801067,0.315146,0.75835,0.86833,0.813606;41@;32@0.605572,0.86567,0.282396,0.381649;70@0.775617,0.686836,0.69734,0.724468;43@0.105445,0.265877,0.918785,0.80171,0.149705,0.736894,0.670525,0.471316,0.825161,0.453499,0.44554;65@0.230315,0.139976,0.744298,0.891576;20@0.39246,0.038285,0.990037,0.236034;40@0.748146,0.039442,0.063665;100@0.837164;37@0.942955,0.080808,0.879107,0.507961,0.626467,0.352113,0.525678,0.850566,0.742865,0.163945,0.267687,0.324668,0.036603;27@0.873255,0.917218,0.714779,0.813617,0.061673,0.206662,0.074635;92@0.538074,0.463699,0.241219,0.710408,0.259068;10@0.403772,0.831477,0.806316,0.492572,0.933458,0.919656,0.521509,0.725544,0.148709,0.998381,0.562553,0.773183;75@0.733892,0.609683,0.641111,0.669391,0.446387,0.730177,0.997399,0.996214,0.671712,0.703256;84@0.069708,0.13178,0.015996,0.619333,0.506123,0.135065,0.517753,0.72394,0.263143,0.922142,0.92731;82@0.728379;47@0.33914,0.221086,0.54162,0.121969,0.428046,0.099807,0.324127,0.452459,0.374587,0.218155,0.929213;9@0.035357,0.317893,0.617095,0.062988,0.155288,0.055203,0.827694,0.097296,0.942218,0.832995,0.836063;39@0.822361,0.769184,0.584508,0.809364,0.126161,0.526794,0.475504,0.815025,0.776779;88@0.802321,0.903012,0.487039,0.824109,0.589446,0.552615,0.718436;30@0.754152,0.023134,0.582583,0.211526,0.980976,0.006349,0.679389,0.848224,0.710621,0.055907|1|1762487393
I20251108 00:02:58.837381 139717798590272 data_text_parser.cc:116] beg_pos: 10981,end_pos: 13193
I20251108 00:02:58.837389 139717798590272 data_text_parser.cc:59] line: 283|647|1720@2417112513:0.280665;1185@385224304:0.926684;1587@2366445878:0.314181;1048@2718959863:0.0547;1413@2596443218:0.220059;1472@1443442005:0.630521;1861@2558641444:0.53778;1430@1642948896:0.328165;1384@2153453731:0.910171;1829@900568954:0.974713;1635@2587833002:0.584104;1785@1484501647:0.315091;1712@202693671:0.166208;1116@3642086487:0.757834;1010@178174087:0.480231;1371@1626573834:0.131331;1381@2506747770:0.960994;1736@3722852557:0.97287;1206@1888597540:0.110961;1202@1741429220:0.711826|67@0.326992,0.55468,0.319512,0.908669,0.012244,0.088381,0.607649,0.319755,0.687785,0.622768,0.804832;56@0.784404,0.905685,0.091605,0.294264,0.884847,0.387656,0.316752,0.582154,0.071618,0.314087,0.238583,0.951845;73@0.699564,0.339203;38@0.131843,0.347063,0.967876,0.538577,0.494255,0.875376,0.632863,0.327485,0.382045,0.828954;1@;14@0.972769,0.088978,0.469015,0.529079,0.478794,0.962483,0.72543,0.278897,0.149751;41@;32@0.692728,0.80529,0.708847,0.352551;70@0.490442,0.184534,0.157702,0.837326;43@0.990921,0.127141,0.535558,0.617859,0.85801,0.892278,0.402292,0.559389,0.95387,0.778761,0.268752;65@0.769764,0.017444,0.348663,0.891749;20@0.830864,0.791567,0.462496,0.066647;40@0.12285,0.729001,0.907641;100@0.605587;37@0.522576,0.472903,0.211823,0.085752,0.310636,0.695981,0.553502,0.157876,0.539288,0.699444,0.44642,0.636859,0.052978;27@0.606757,0.272347,0.66752,0.165593,0.81565,0.495099,0.081663;92@0.609881,0.991776,0.506911,0.890928,0.934813;10@0.183094,0.311202,0.57887,0.374744,0.587399,0.204458,0.385708,0.281553,0.946518,0.028785,0.78853,0.984708;75@0.698649,0.742144,0.440228,0.502204,0.321557,0.144234,0.095791,0.802579,0.489335,0.524184;84@0.321664,0.271552,0.416906,0.608896,0.456514,0.54872,0.695125,0.640619,0.703315,0.794054,0.625477;82@0.258107;47@0.942122,0.862635,0.295904,0.806956,0.056428,0.67028,0.384598,0.612433,0.610299,0.105399,0.754151;9@0.648341,0.842257,0.62242,0.870561,0.103465,0.687637,0.82096,0.742726,0.660034,0.380644,0.871589;39@0.721981,0.128226,0.500359,0.697136,0.581622,0.598436,0.43161,0.600095,0.640093;88@0.774605,0.652178,0.929479,0.806629,0.356314,0.531351,0.961629;30@0.492585,0.696115,0.297071,0.670132,0.48211,0.751264,0.384278,0.740852,0.049113,0.632775|1|1762487393
I20251108 00:02:58.837430 139717798590272 data_text_parser.cc:116] beg_pos: 13194,end_pos: 15402
I20251108 00:02:58.837438 139717798590272 data_text_parser.cc:59] line: 284|358|1720@299891667:0.904064;1185@439589787:0.343693;1587@1859288867:0.091734;1048@2441299804:0.845466;1413@3698733203:0.369483;1472@854891484:0.537244;1861@2210111299:0.113153;1430@1734257700:0.993407;1384@1315840160:0.737735;1829@3497791407:0.359012;1635@232643970:0.794786;1785@1414209618:0.407784;1712@456456546:0.434828;1116@996951034:0.073788;1010@2093464328:0.452489;1371@2066057249:0.524042;1381@3790579322:0.83155;1736@1141036846:0.058064;1206@1388271675:0.237172;1202@369057250:0.646593|67@0.811582,0.555545,0.161787,0.648847,0.020014,0.453121,0.438596,0.180055,0.841968,0.423809,0.012426;56@0.183256,0.781161,0.457289,0.986578,0.287988,0.319402,0.539681,0.567812,0.413436,0.542185,0.312956,0.008351;73@0.742774,0.802873;38@0.371559,0.094459,0.809018,0.72784,0.989535,0.785083,0.611194,0.458554,0.521482,0.62439;1@;14@0.377516,0.956797,0.333177,0.511498,0.177716,0.685062,0.30762,0.075543,0.805623;41@;32@0.199753,0.994931,0.641783,0.243815;70@0.086516,0.271178,0.821011,0.675258;43@0.145826,0.506819,0.4243,0.433408,0.385264,0.079192,0.800548,0.585795,0.344991,0.553803,0.351212;65@0.991834,0.425466,0.955241,0.556972;20@0.097532,0.755437,0.126389,0.946429;40@0.245699,0.129306,0.906484;100@0.349952;37@0.237969,0.883713,0.982697,0.513646,0.625031,0.021062,0.748423,0.524065,0.957028,0.09613,0.702143,0.006243,0.154054;27@0.051276,0.502627,0.853829,0.438511,0.886791,0.092279,0.101398;92@0.386488,0.313358,0.898686,0.295579,0.399634;10@0.279437,0.055335,0.798246,0.733144,0.024554,0.416972,0.740417,0.049538,0.788299,0.378177,0.42059,0.181451;75@0.352833,0.141468,0.93204,0.444946,0.109503,0.915083,0.188452,0.756658,0.422095,0.507221;84@0.025598,0.98195,0.637999,0.696001,0.78146,0.332895,0.328326,0.608092,0.453826,0.87665,0.40236;82@0.297443;47@0.050307,0.555794,0.67862,0.618833,0.277188,0.596376,0.311307,0.071785,0.401021,0.91552,0.192725;9@0.635537,0.87047,0.820768,0.565334,0.072923,0.54246,0.742941,0.683136,0.658123,0.19163,0.964087;39@0.997672,0.921602,0.401873,0.968849,0.41701,0.591551,0.767071,0.599191,0.589358;88@0.382251,0.476511,0.419175,0.829765,0.707803,0.356979,0.507082;30@0.769862,0.17432,0.771368,0.365503,0.305061,0.040443,0.06691,0.204054,0.866092,0.98851|1|1762487393
I20251108 00:02:58.837468 139717798590272 data_text_parser.cc:116] beg_pos: 15403,end_pos: 17613
I20251108 00:02:58.837475 139717798590272 data_text_parser.cc:59] line: 285|729|1720@2831759891:0.64048;1185@291124959:0.055171;1587@3083452023:0.012396;1048@3572453138:0.78272;1413@927893794:0.137123;1472@1556964541:0.347993;1861@2116329884:0.793019;1430@3718206621:0.372359;1384@3038428371:0.628687;1829@1877799378:0.220274;1635@3004803810:0.364641;1785@3883113628:0.791251;1712@3760620901:0.926808;1116@3963439204:0.284713;1010@1512005270:0.637873;1371@3979462412:0.684938;1381@4184825612:0.725332;1736@2901478454:0.506752;1206@1980261478:0.213922;1202@239895633:0.065972|67@0.81852,0.290034,0.227226,0.055873,0.040879,0.87883,0.947739,0.439542,0.561926,0.00943,0.125935;56@0.257069,0.80854,0.755992,0.781477,0.70861,0.189788,0.196651,0.266714,0.926373,0.004708,0.956847,0.879887;73@0.533226,0.067811;38@0.401844,0.321177,0.657988,0.382725,0.089626,0.287327,0.120165,0.261476,0.976443,0.080416;1@;14@0.525993,0.60076,0.408933,0.743187,0.506149,0.008602,0.527714,0.590423,0.391291;41@;32@0.476541,0.962238,0.184509,0.540838;70@0.207585,0.421984,0.017692,0.275821;43@0.19315,0.270734,0.912412,0.246517,0.863744,0.308567,0.292804,0.720542,0.819207,0.610351,0.743067;65@0.697265,0.011555,0.414185,0.330997;20@0.294748,0.888224,0.803495,0.46173;40@0.595072,0.103118,0.154268;100@0.069915;37@0.505035,0.296419,0.7752,0.93576,0.091298,0.062887,0.082295,0.569784,0.18492,0.942287,0.759726,0.793079,0.315764;27@0.059548,0.693238,0.620165,0.621968,0.888469,0.094073,0.057849;92@0.010999,0.590242,0.619989,0.530481,0.030673;10@0.643295,0.067363,0.212707,0.689936,0.715181,0.095153,0.906707,0.14789,0.998671,0.823226,0.543692,0.441766;75@0.851203,0.989229,0.61983,0.926013,0.337881,0.698303,0.935557,0.172217,0.837947,0.40314;84@0.679268,0.668165,0.109541,0.76046,0.14461,0.030041,0.467897,0.223639,0.117714,0.571793,0.430841;82@0.641903;47@0.474852,0.715572,0.344297,0.520972,0.450137,0.231315,0.35444,0.293795,0.268078,0.113121,0.118654;9@0.1411,0.025952,0.693169,0.979891,0.290325,0.323506,0.443219,0.981007,0.055751,0.273322,0.397784;39@0.922513,0.114534,0.453128,0.455264,0.178826,0.661182,0.287396,0.209867,0.909511;88@0.037591,0.111877,0.931675,0.519276,0.383562,0.506313,0.575768;30@0.380928,0.985111,0.988853,0.671109,0.132377,0.461516,0.493905,0.14498,0.778177,0.46662|1|1762487393
I20251108 00:02:58.837514 139717798590272 data_text_parser.cc:116] beg_pos: 17614,end_pos: 19818
I20251108 00:02:58.837523 139717798590272 data_text_parser.cc:59] line: 286|275|1720@2799761035:0.908057;1185@1691170553:0.705268;1587@3491006586:0.530743;1048@4132823514:0.699054;1413@974821340:0.579564;1472@1285230045:0.730098;1861@2257350856:0.487754;1430@4244165723:0.142608;1384@988490781:0.411972;1829@435715042:0.042003;1635@4202625987:0.881802;1785@969408413:0.445505;1712@1716330606:0.143063;1116@2737350297:0.479274;1010@3748577077:0.918394;1371@952803832:0.739348;1381@2267228939:0.505059;1736@1968424588:0.366324;1206@2550238751:0.602685;1202@2078995343:0.69239|67@0.978496,0.77471,0.215694,0.30131,0.437907,0.156917,0.601826,0.219332,0.457243,0.353489,0.551615;56@0.206729,0.791121,0.730349,0.27133,0.422568,0.163753,0.643559,0.510844,0.241743,0.450354,0.69787,0.456072;73@0.500511,0.672368;38@0.353586,0.331536,0.555629,0.767234,0.546985,0.969671,0.553138,0.421235,0.333895,0.593102;1@;14@0.038861,0.128291,0.281571,0.173152,0.151205,0.612718,0.16567,0.648357,0.073849;41@;32@0.909901,0.5996,0.899917,0.20321;70@0.21613,0.866453,0.148544,0.751775;43@0.751146,0.305388,0.096027,0.644843,0.035311,0.896185,0.830141,0.018257,0.799727,0.330406,0.985236;65@0.767068,0.876536,0.789805,0.788075;20@0.2973,0.112725,0.183066,0.223804;40@0.528627,0.256818,0.573754;100@0.95335;37@0.914476,0.93512,0.001625,0.746119,0.144741,0.59685,0.951158,0.498809,0.108586,0.723418,0.130715,0.349434,0.924741;27@0.29696,0.52965,0.505224,0.215066,0.335086,0.97501,0.330142;92@0.657684,0.311122,0.138354,0.667088,0.672739;10@0.707666,0.677925,0.809031,0.731942,0.834667,0.687258,0.277125,0.034084,0.020367,0.535545,0.426887,0.619744;75@0.768646,0.593898,0.874894,0.298573,0.388773,0.13764,0.227336,0.517158,0.491102,0.448955;84@0.208376,0.790329,0.25656,0.714716,0.268325,0.013223,0.278023,0.91406,0.064776,0.207483,0.176458;82@0.821324;47@0.897925,0.755466,0.287366,0.355721,0.384871,0.234728,0.499673,0.70552,0.699962,0.859956,0.700166;9@0.826007,0.543255,0.349977,0.96205,0.736319,0.890151,0.44379,0.783218,0.107328,0.855239,0.398941;39@0.8539,0.421632,0.238329,0.81982,0.034081,0.433412,0.099176,0.21843,0.892394;88@0.821771,0.125086,0.982739,0.418374,0.297601,0.518073,0.619107;30@0.054586,0.455245,0.129792,0.808246,0.771917,0.883295,0.980459,0.546292,0.053463,0.070599|0|1762487393
I20251108 00:02:58.837551 139717798590272 data_text_parser.cc:116] beg_pos: 19819,end_pos: 20480
I20251108 00:02:58.837798 139717798590272 data_text_parser.cc:101] get chunk buffer, size: 20480
I20251108 00:02:58.837815 139717798590272 data_text_parser.cc:116] beg_pos: 0,end_pos: 1548
I20251108 00:02:58.837821 139717798590272 data_text_parser.cc:61] buffer line: 287|598|1720@1213860421:0.975359;1185@1628605817:0.585169;1587@3476623477:0.35482;1048@1309362515:0.742006;1413@2279655735:0.472213;1472@3597049284:0.132473;1861@1722120961:0.330263;1430@3277438737:0.322198;1384@2322632640:0.778527;1829@1633952233:0.254187;1635@998570014:0.36219;1785@3369443324:0.263425;1712@3986545685:0.459922;1116@1772611130:0.501559;1010@3503532433:0.694681;1371@2966320448:0.421385;1381@512948421:0.584377;1736@2260764613:0.97405;1206@213147590:0.407673;1202@762573949:0.172477|67@0.689164,0.792839,0.144673,0.281223,0.155598,0.372113,0.538334,0.924637,0.096724,0.245499,0.106282;56@0.812242,0.762529,0.604996,0.105304,0.761608,0.60845,0.429239,0.221104,0.135577,0.856984,0.776446,0.373375;73@0.091485,0.122004;38@0.185368,0.307596,0.961409,0.810293,0.909097,0.906241,0.038711,0.338147,0.260781,0.788359;1@;14@0.154259,0.865241,0.208741,0.666649,0.341993,0.360349,0.131821,0.692356,0.959657;41@;32@0.84506,0.726859,0.878716,0.366149;70@0.170995,0.733014,0.593735,0.577769;43@0.675169,0.586141,0.776033,0.439522,0.489186,0.455881,0.522866,0.967979,0.513758,0.65583,0.374592;65@0.299276,0.115625,0.858143,0.181811;20@0.111999,0.447601,0.863941,0.241806;40@0.384513,0.932926,0.405829;100@0.859026;37@0.029462,0.71947,0.790849,0.483415,0.196662,0.369814,0.342149,0.008348,0.08009,0.132373,0.785292,0.99261,0.341552;27@0.5811,0.667251,0.062913,0.716711,0.789241,0.063445,0.64713;92@0.229942,0.359753,0.114275,0.545426,0.724582;10@0.752365,0.928905,0.416632,0.054925,0.740912,0.67044,0.693418,0.45569,0.981587,0.950041,0.775681,0.783114;75@0.113988,0.435593,0.547434,0.704769,0.997078,0.051011,0.520959,0.332418,0.418343,0.256854;84@0.390413,0.272812,0.704342,0.233119,0.41464,0.73882,0.806307,0.655254,0.360566,0.990894,0.068534;82@0.13018;47@0.531427,0.527977,0.194518,0.373925,0.341721,0.507095,0.249371,0.125139,0.008745,0.1964,0.470389;9@0.562164,0.793605,0.324956,0.294168,0.417568,0.33941,0.22859,0.051695,0.292558,0.708628,0.196727;39@0.777288,0.711633,0.7363,0.552654,0.588645,0.237969,0.831142,0.690872,0.17358;88@0.878746,0.529735,0.701773,0.083749,0.251281,0.175171,0.982581;30@0.235232,0.161703,0.298219,0.035165,0.261234,0.472765,0.603576,0.041646,0.082265,0.822094|1|1762487393
I20251108 00:02:58.837852 139717798590272 data_text_parser.cc:116] beg_pos: 1549,end_pos: 3757
I20251108 00:02:58.837860 139717798590272 data_text_parser.cc:59] line: 288|211|1720@1300348889:0.915793;1185@2743136679:0.61887;1587@2960533033:0.930666;1048@3228605938:0.045871;1413@1495701648:0.389976;1472@2733960443:0.001291;1861@480793911:0.678642;1430@3418914267:0.003592;1384@1617059835:0.152259;1829@1183384305:0.010986;1635@3964585413:0.829914;1785@2451819252:0.116369;1712@951424762:0.750189;1116@2222954782:0.315214;1010@2003971653:0.179333;1371@3256410415:0.128009;1381@1923895442:0.705381;1736@2646184623:0.070242;1206@2253037216:0.969554;1202@2715215906:0.18384|67@0.730267,0.633402,0.6662,0.96226,0.488401,0.899754,0.954041,0.750169,0.429657,0.695732,0.853578;56@0.156393,0.868615,0.849734,0.160249,0.775834,0.02403,0.415703,0.507996,0.699707,0.690925,0.760237,0.227341;73@0.536976,0.163609;38@0.697649,0.994185,0.532045,0.202264,0.04807,0.079124,0.834062,0.39699,0.244876,0.16407;1@;14@0.397586,0.79697,0.174497,0.534706,0.541952,0.911589,0.480861,0.19531,0.832281;41@;32@0.41054,0.175338,0.176332,0.145901;70@0.466818,0.468829,0.531954,0.102766;43@0.482713,0.694904,0.820579,0.871232,0.064079,0.513658,0.699621,0.32043,0.919854,0.626555,0.228131;65@0.7091,0.75362,0.766795,0.901336;20@0.651123,0.57958,0.662581,0.41734;40@0.363889,0.998553,0.033744;100@0.642319;37@0.064009,0.436441,0.779076,0.592948,0.702954,0.374538,0.208892,0.006787,0.699708,0.09116,0.819963,0.815731,0.122029;27@0.166308,0.696096,0.686476,0.419541,0.856679,0.692432,0.81297;92@0.979352,0.224661,0.282216,0.566474,0.208248;10@0.93505,0.534094,0.308273,0.779812,0.581439,0.092762,0.704037,0.920205,0.445313,0.108866,0.521337,0.627206;75@0.555134,0.955499,0.276037,0.893445,0.613283,0.12623,0.460749,0.159366,0.614137,0.679169;84@0.908213,0.672235,0.32325,0.836558,0.833053,0.451099,0.249149,0.005006,0.659103,0.415681,0.369486;82@0.801817;47@0.331508,0.833168,0.655699,0.975247,0.798506,0.062101,0.961528,0.796164,0.819051,0.731346,0.964721;9@0.243578,0.238963,0.868743,0.26352,0.152865,0.483201,0.526306,0.746662,0.089957,0.243029,0.822768;39@0.344583,0.69051,0.578499,0.672202,0.838963,0.564015,0.530517,0.953362,0.737764;88@0.702487,0.22375,0.517938,0.748371,0.150137,0.341317,0.209822;30@0.712945,0.613844,0.21334,0.921656,0.080849,0.912692,0.090976,0.659126,0.060946,0.398586|1|1762487393
I20251108 00:02:58.837902 139717798590272 data_text_parser.cc:116] beg_pos: 3758,end_pos: 5959
I20251108 00:02:58.837910 139717798590272 data_text_parser.cc:59] line: 289|587|1720@1748604782:0.354711;1185@1384209439:0.095978;1587@419311915:0.655264;1048@2786805035:0.591213;1413@487477415:0.045795;1472@826980148:0.499386;1861@1955966261:0.294348;1430@3335928670:0.976403;1384@3747170461:0.123636;1829@1822072655:0.399743;1635@3015492402:0.205497;1785@715581801:0.346315;1712@4064338616:0.184811;1116@2238236866:0.990422;1010@2102976933:0.790956;1371@54964598:0.673304;1381@3861255576:0.742051;1736@1135183227:0.354379;1206@3186449845:0.990107;1202@72560465:0.860963|67@0.672012,0.748031,0.609845,0.528308,0.090291,0.287711,0.683844,0.907451,0.219339,0.723541,0.385244;56@0.901239,0.086582,0.244479,0.396174,0.931308,0.072641,0.153962,0.92053,0.00877,0.169994,0.972188,0.14095;73@0.634956,0.631772;38@0.70905,0.784367,0.80706,0.816412,0.072887,0.042819,0.079821,0.676657,0.526128,0.354055;1@;14@0.975513,0.90833,0.348598,0.558659,0.844989,0.402119,0.201158,0.273231,0.954422;41@;32@0.534201,0.08364,0.045053,0.222998;70@0.748666,0.697281,0.901718,0.589051;43@0.306798,0.031469,0.484047,0.734974,0.259649,0.73103,0.593045,0.614631,0.262181,0.228041,0.846643;65@0.923613,0.900045,0.348337,0.865181;20@0.300141,0.629119,0.813334,0.980886;40@0.985313,0.102517,0.113642;100@0.93855;37@0.922934,0.121401,0.127202,0.793402,0.312427,0.63613,0.275708,0.896526,0.838826,0.553256,0.31593,0.421712,0.251754;27@0.549665,0.467261,0.765101,0.269252,0.375508,0.108437,0.077836;92@0.345036,0.346532,0.734997,0.128131,0.383309;10@0.769224,0.152804,0.55835,0.817234,0.834464,0.318487,0.889143,0.900156,0.212311,0.842966,0.379793,0.471308;75@0.226369,0.004369,0.78452,0.29486,0.53715,0.34865,0.71956,0.35994,0.455053,0.56176;84@0.414603,0.35016,0.460075,0.448067,0.590738,0.983331,0.140058,0.095267,0.457459,0.810242,0.658735;82@0.18185;47@0.146785,0.885259,0.757214,0.850677,0.957739,0.972386,0.90903,0.756841,0.266902,0.883384,0.023804;9@0.7801,0.474668,0.751329,0.992111,0.264813,0.2849,0.709209,0.596672,0.392523,0.905991,0.199736;39@0.401145,0.812549,0.396826,0.786062,0.204256,0.587832,0.463131,0.400044,0.493261;88@0.387354,0.363252,0.724513,0.123512,0.906527,0.350835,0.138166;30@0.73826,0.368191,0.737903,0.662191,0.425325,0.754803,0.20973,0.201995,0.823243,0.771704|1|1762487393
I20251108 00:02:58.837940 139717798590272 data_text_parser.cc:116] beg_pos: 5960,end_pos: 8163
I20251108 00:02:58.837947 139717798590272 data_text_parser.cc:59] line: 290|851|1720@4028151497:0.441597;1185@3743592836:0.537189;1587@2324609635:0.569527;1048@3497791407:0.408438;1413@2607373104:0.381114;1472@3716786141:0.871176;1861@3392631216:0.258743;1430@2501294777:0.635601;1384@290918730:0.709383;1829@1806003760:0.607936;1635@665987422:0.637816;1785@1987488490:0.632045;1712@3606978067:0.151518;1116@563605636:0.221336;1010@2655606678:0.555806;1371@2813850868:0.626202;1381@2232708298:0.985207;1736@677823208:0.662081;1206@110550306:0.357445;1202@2960285292:0.429078|67@0.363647,0.00156,0.500445,0.297729,0.642921,0.036996,0.306406,0.499816,0.902087,0.081466,0.72708;56@0.268439,0.907935,0.945764,0.872319,0.313701,0.577789,0.437656,0.844246,0.300881,0.851904,0.517127,0.496531;73@0.036915,0.949;38@0.377601,0.862775,0.253887,0.031369,0.795089,0.07268,0.463396,0.182176,0.423421,0.218893;1@;14@0.762103,0.685387,0.843261,0.652037,0.403454,0.32071,0.64827,0.933434,0.012116;41@;32@0.281697,0.33382,0.158088,0.364949;70@0.426937,0.200961,0.893638,0.144867;43@0.4547,0.241047,0.199031,0.650477,0.050478,0.899798,0.368703,0.37414,0.754578,0.829227,0.198545;65@0.125152,0.785806,0.976033,0.508596;20@0.133073,0.298261,0.088581,0.32998;40@0.371759,0.49515,0.830085;100@0.011792;37@0.561061,0.160785,0.085339,0.648318,0.515833,0.258817,0.359869,0.341914,0.403084,0.806761,0.083729,0.756299,0.491869;27@0.965604,0.092778,0.365999,0.610102,0.355262,0.943007,0.984907;92@0.071174,0.11613,0.539,0.33563,0.888076;10@0.433664,0.437813,0.554041,0.071163,0.043053,0.881102,0.489779,0.600043,0.698816,0.765946,0.915337,0.714466;75@0.189807,0.300262,0.423438,0.479531,0.126652,0.801193,0.566536,0.834177,0.217818,0.69286;84@0.561347,0.66664,0.9605,0.69425,0.552587,0.723179,0.343728,0.561956,0.593269,0.955489,0.633905;82@0.828853;47@0.647905,0.143857,0.743075,0.965112,0.480371,0.789875,0.75579,0.550239,0.185841,0.273847,0.96131;9@0.622744,0.423473,0.597028,0.965404,0.671045,0.100164,0.728815,0.895806,0.977071,0.763598,0.148233;39@0.950884,0.695084,0.947253,0.046235,0.642145,0.326069,0.961896,0.145076,0.708478;88@0.848007,0.060149,0.32063,0.554003,0.701655,0.403129,0.644158;30@0.03173,0.423107,0.183045,0.806997,0.50703,0.820983,0.205119,0.426216,0.153221,0.695283|1|1762487393
I20251108 00:02:58.837987 139717798590272 data_text_parser.cc:116] beg_pos: 8164,end_pos: 10377
I20251108 00:02:58.837995 139717798590272 data_text_parser.cc:59] line: 291|754|1720@3082500547:0.987201;1185@3913061066:0.873215;1587@3252407575:0.31667;1048@1023039001:0.835832;1413@4180490817:0.381655;1472@1468680364:0.898647;1861@40269460:0.786274;1430@598618873:0.110574;1384@896122192:0.690317;1829@1959959843:0.207473;1635@2510302135:0.463128;1785@4228594107:0.185495;1712@319090530:0.114513;1116@742794527:0.1219;1010@778240832:0.846594;1371@1858020230:0.602072;1381@3800352156:0.39631;1736@4050859371:0.818243;1206@3040740787:0.702621;1202@3638459648:0.479606|67@0.264852,0.154543,0.844229,0.440617,0.129095,0.122315,0.761885,0.45469,0.986644,0.604827,0.384211;56@0.776105,0.656808,0.128668,0.205357,0.766067,0.033575,0.705392,0.658187,0.704526,0.320399,0.394107,0.788887;73@0.573609,0.561968;38@0.562695,0.487995,0.43605,0.616741,0.317995,0.529124,0.287943,0.150111,0.507417,0.063255;1@;14@0.889358,0.418547,0.199505,0.803783,0.635788,0.209655,0.047246,0.851882,0.851917;41@;32@0.494778,0.828329,0.52092,0.765666;70@0.415231,0.935812,0.712563,0.478808;43@0.454966,0.570709,0.678892,0.739341,0.918555,0.318644,0.453811,0.513291,0.893987,0.243493,0.789757;65@0.426138,0.622179,0.194396,0.379978;20@0.5632,0.517155,0.812267,0.403571;40@0.991879,0.912446,0.490506;100@0.50306;37@0.476503,0.94585,0.488794,0.666748,0.527073,0.527675,0.652127,0.794748,0.876895,0.750526,0.760081,0.878215,0.200742;27@0.627877,0.275979,0.222698,0.988125,0.934868,0.386728,0.614941;92@0.395513,0.503137,0.835909,0.243056,0.647387;10@0.513653,0.207611,0.412757,0.223757,0.846495,0.734908,0.377605,0.690062,0.159744,0.220303,0.606563,0.517854;75@0.392657,0.4802,0.081181,0.640614,0.741129,0.282585,0.465768,0.430654,0.540271,0.779395;84@0.410785,0.338403,0.483378,0.287862,0.714284,0.120003,0.770294,0.278064,0.484109,0.76813,0.334168;82@0.51488;47@0.632165,0.283715,0.253078,0.608385,0.684851,0.225882,0.577879,0.944173,0.538569,0.650051,0.64506;9@0.991634,0.850492,0.338074,0.538243,0.579062,0.881185,0.277936,0.947647,0.090082,0.901505,0.761572;39@0.633239,0.276567,0.661822,0.455506,0.688521,0.809415,0.972979,0.716491,0.777323;88@0.91069,0.738406,0.938942,0.569108,0.463185,0.030763,0.939763;30@0.070464,0.904105,0.066804,0.329199,0.029468,0.769066,0.200934,0.288411,0.147976,0.598217|0|1762487393
I20251108 00:02:58.838034 139717798590272 data_text_parser.cc:116] beg_pos: 10378,end_pos: 12582
I20251108 00:02:58.838042 139717798590272 data_text_parser.cc:59] line: 292|358|1720@876608513:0.357411;1185@180698763:0.267306;1587@2165631509:0.046658;1048@1089463520:0.56966;1413@300676789:0.364762;1472@3952059765:0.902668;1861@2648170343:0.402729;1430@4075398109:0.369655;1384@1744493816:0.756908;1829@1372404069:0.934943;1635@2893270301:0.296393;1785@3276922026:0.294066;1712@1019700381:0.444762;1116@1051543248:0.920563;1010@4273971857:0.180274;1371@723088134:0.205884;1381@957757760:0.25642;1736@2678760644:0.732731;1206@3807827808:0.205349;1202@2585171645:0.670247|67@0.558502,0.049163,0.652282,0.984657,0.845927,0.038111,0.646109,0.902166,0.998875,0.546638,0.022298;56@0.997233,0.49263,0.015166,0.916782,0.553166,0.682193,0.290861,0.537997,0.434166,0.962116,0.618584,0.558805;73@0.246686,0.156513;38@0.231639,0.204186,0.312991,0.471521,0.468961,0.808858,0.765135,0.111927,0.696276,0.724676;1@;14@0.018276,0.416107,0.863656,0.444258,0.47953,0.253847,0.28779,0.3328,0.804122;41@;32@0.137893,0.24583,0.815845,0.007619;70@0.372539,0.207559,0.879195,0.769515;43@0.90724,0.611062,0.167092,0.836513,0.576034,0.076768,0.557949,0.496079,0.519977,0.426342,0.29205;65@0.399118,0.65172,0.23984,0.805231;20@0.172238,0.692502,0.309368,0.034074;40@0.36762,0.353292,0.010512;100@0.729014;37@0.362015,0.608938,0.366961,0.605553,0.723631,0.054142,0.847163,0.915922,0.897434,0.862391,0.812133,0.351969,0.639313;27@0.811298,0.46844,0.329084,0.069026,0.863638,0.688068,0.533326;92@0.412719,0.526127,0.118001,0.58472,0.070199;10@0.384604,0.777404,0.133314,0.691326,0.912826,0.116279,0.333223,0.19252,0.275743,0.078288,0.183487,0.163198;75@0.388548,0.394683,0.226494,0.385555,0.9697,0.72872,0.002025,0.143817,0.033881,0.819553;84@0.948207,0.611469,0.378831,0.853614,0.600322,0.463516,0.049356,0.204528,0.297181,0.00404,0.124997;82@0.448192;47@0.853495,0.175228,0.824096,0.0742,0.027822,0.596239,0.134847,0.801066,0.502338,0.256828,0.560287;9@0.42874,0.779512,0.859882,0.616006,0.31867,0.837043,0.617575,0.100526,0.738825,0.775653,0.7396;39@0.970692,0.420697,0.670292,0.628017,0.481126,0.986087,0.305939,0.191499,0.066729;88@0.36453,0.194935,0.738533,0.727704,0.943228,0.75535,0.933329;30@0.133345,0.282561,0.410761,0.940377,0.612116,0.915912,0.775402,0.628741,0.098786,0.658592|0|1762487393
I20251108 00:02:58.838082 139717798590272 data_text_parser.cc:116] beg_pos: 12583,end_pos: 14798
I20251108 00:02:58.838093 139717798590272 data_text_parser.cc:59] line: 293|39|1720@3571970528:0.654157;1185@2054088111:0.179451;1587@3884554469:0.693229;1048@4132823069:0.620881;1413@1120904971:0.478434;1472@3914985359:0.269917;1861@1689866421:0.891351;1430@1259839825:0.251591;1384@2040283657:0.544423;1829@1586818809:0.104086;1635@1547198488:0.302289;1785@2897971325:0.364268;1712@3113054039:0.625826;1116@3082184146:0.699575;1010@1160629972:0.828171;1371@2663702203:0.518248;1381@2071339571:0.040104;1736@3294303335:0.231167;1206@366402860:0.583506;1202@1199855:0.706385|67@0.857966,0.447183,0.149353,0.798696,0.075816,0.142246,0.909629,0.954547,0.882031,0.292597,0.883944;56@0.822083,0.43589,0.451533,0.137887,0.192043,0.448155,0.896149,0.42657,0.601456,0.646633,0.793493,0.326483;73@0.479106,0.422109;38@0.226605,0.010172,0.821502,0.912815,0.25994,0.859068,0.990695,0.58686,0.525413,0.573536;1@;14@0.395427,0.892418,0.279251,0.510829,0.378463,0.841326,0.794329,0.87976,0.014029;41@;32@0.379542,0.541604,0.530945,0.300614;70@0.42629,0.451367,0.865544,0.817736;43@0.990322,0.458729,0.039974,0.381699,0.730248,0.750652,0.123459,0.824885,0.634503,0.573498,0.030137;65@0.596743,0.348459,0.553833,0.888434;20@0.194893,0.61088,0.104036,0.652191;40@0.261897,0.783962,0.725445;100@0.80839;37@0.770558,0.972567,0.967765,0.190735,0.407559,0.166765,0.929367,0.224364,0.292052,0.033736,0.923731,0.679282,0.916171;27@0.073314,0.927177,0.444706,0.119713,0.352708,0.664925,0.928387;92@0.937113,0.166918,0.331983,0.409761,0.616823;10@0.433247,0.451753,0.239149,0.085726,0.912389,0.57646,0.874954,0.027426,0.611915,0.007169,0.604163,0.850561;75@0.870754,0.880245,0.946617,0.566272,0.909875,0.909686,0.144949,0.635783,0.481382,0.136496;84@0.638696,0.976715,0.266242,0.075474,0.40913,0.127318,0.46566,0.340144,0.123271,0.320555,0.078792;82@0.966152;47@0.035158,0.042343,0.992192,0.697625,0.88726,0.844787,0.27215,0.633407,0.051481,0.375532,0.524563;9@0.930285,0.529214,0.575851,0.758468,0.457563,0.318512,0.60974,0.935148,0.042201,0.539074,0.115135;39@0.786173,0.239285,0.262106,0.888485,0.961108,0.899234,0.913713,0.466493,0.652977;88@0.901783,0.977601,0.838354,0.356951,0.848082,0.934199,0.057226;30@0.19541,0.327375,0.37659,0.550539,0.813747,0.842799,0.769564,0.136948,0.79129,0.791876|1|1762487393
I20251108 00:02:58.838144 139717798590272 data_text_parser.cc:116] beg_pos: 14799,end_pos: 17015
I20251108 00:02:58.838153 139717798590272 data_text_parser.cc:59] line: 294|922|1720@1759771129:0.699578;1185@1367934561:0.345954;1587@1240052057:0.799001;1048@4029195388:0.473057;1413@2499069939:0.804588;1472@1051384952:0.222329;1861@3362952646:0.87243;1430@859646551:0.785865;1384@1939280371:0.670889;1829@1288758149:0.035375;1635@3294303335:0.039399;1785@3412573216:0.092351;1712@2460303948:0.471513;1116@3512498083:0.772171;1010@3071364701:0.957087;1371@1653796167:0.099908;1381@1980955940:0.083706;1736@1798129067:0.133424;1206@3304666677:0.492379;1202@2157030992:0.678807|67@0.047259,0.21501,0.339312,0.850352,0.452073,0.921376,0.327274,0.321917,0.733652,0.764946,0.014775;56@0.910504,0.076628,0.916944,0.964779,0.131971,0.370899,0.961371,0.108037,0.326672,0.854438,0.755626,0.874492;73@0.922621,0.671064;38@0.212648,0.533589,0.584885,0.772278,0.991445,0.390808,0.66453,0.527444,0.57807,0.132588;1@;14@0.890396,0.507707,0.246705,0.189842,0.739487,0.319744,0.308234,0.575458,0.319658;41@;32@0.431772,0.596294,0.700446,0.143388;70@0.214488,0.136555,0.284815,0.760648;43@0.061624,0.553212,0.443939,0.651014,0.28654,0.98287,0.166493,0.132709,0.498337,0.58262,0.028631;65@0.054208,0.161776,0.991282,0.536961;20@0.76992,0.080694,0.048327,0.017385;40@0.708003,0.302261,0.100965;100@0.9334;37@0.81417,0.905853,0.266609,0.283576,0.884527,0.064392,0.512769,0.081202,0.291073,0.031277,0.395091,0.836895,0.872314;27@0.505187,0.018149,0.368203,0.680187,0.961143,0.989063,0.993077;92@0.055891,0.663866,0.29817,0.964975,0.091038;10@0.127667,0.446928,0.24868,0.524251,0.330192,0.285737,0.324547,0.502783,0.446699,0.015663,0.146056,0.260669;75@0.660168,0.505619,0.302003,0.509805,0.680794,0.740074,0.9374,0.814608,0.728224,0.408279;84@0.833368,0.624818,0.535203,0.780216,0.203129,0.07356,0.695921,0.184176,0.16704,0.254648,0.293408;82@0.447553;47@0.396586,0.227411,0.866878,0.453034,0.50988,0.328275,0.425457,0.404896,0.052279,0.713989,0.512061;9@0.459476,0.155024,0.975871,0.087952,0.466268,0.930705,0.040236,0.670808,0.579557,0.860965,0.640539;39@0.399279,0.188011,0.450769,0.286203,0.542975,0.7547,0.012617,0.858141,0.514804;88@0.918048,0.525326,0.580534,0.888296,0.619698,0.739887,0.996489;30@0.651951,0.156565,0.162161,0.357916,0.170238,0.360937,0.374406,0.399337,0.435164,0.680774|0|1762487393
I20251108 00:02:58.838183 139717798590272 data_text_parser.cc:116] beg_pos: 17016,end_pos: 19221
I20251108 00:02:58.838191 139717798590272 data_text_parser.cc:59] line: 295|984|1720@3804642031:0.634783;1185@2506713509:0.011668;1587@811609807:0.579183;1048@2530628269:0.793416;1413@4067306734:0.206331;1472@91446478:0.496159;1861@2928529635:0.394809;1430@1958022302:0.864583;1384@2142025767:0.502452;1829@3275066095:0.621898;1635@34165169:0.767108;1785@191935858:0.475145;1712@54999949:0.287874;1116@3905738812:0.223997;1010@3815673281:0.205222;1371@2766158101:0.90819;1381@1780360172:0.576148;1736@1132662171:0.381891;1206@1919791158:0.358708;1202@2107932175:0.871917|67@0.384509,0.556117,0.212369,0.81391,0.494785,0.781927,0.592676,0.918027,0.54522,0.605883,0.533854;56@0.55648,0.933467,0.477995,0.180945,0.012695,0.045652,0.684323,0.662066,0.978472,0.820656,0.067115,0.323216;73@0.428894,0.802852;38@0.32281,0.717631,0.766794,0.467037,0.745084,0.489597,0.181685,0.424785,0.601299,0.133704;1@;14@0.012028,0.789557,0.26065,0.190965,0.223776,0.710492,0.67138,0.179094,0.7545;41@;32@0.10801,0.248554,0.59203,0.984481;70@0.510917,0.243856,0.637895,0.090556;43@0.887359,0.148098,0.989882,0.224181,0.690171,0.583865,0.148714,0.992852,0.337974,0.252277,0.190193;65@0.620352,0.826276,0.696886,0.708663;20@0.080332,0.384838,0.807662,0.656173;40@0.384375,0.451585,0.244341;100@0.872085;37@0.662948,0.615056,0.039303,0.329566,0.189451,0.616965,0.422222,0.401412,0.272182,0.197574,0.468993,0.346828,0.956915;27@0.786931,0.443696,0.116108,0.815532,0.785226,0.467506,0.845235;92@0.027547,0.118248,0.708459,0.584765,0.471659;10@0.96833,0.894928,0.210504,0.08921,0.752908,0.829666,0.511086,0.961552,0.104236,0.454517,0.086822,0.18404;75@0.0684,0.091277,0.508556,0.660219,0.026469,0.074106,0.845164,0.861987,0.164413,0.001869;84@0.849605,0.15093,0.971101,0.097149,0.110663,0.924727,0.897297,0.843469,0.227177,0.13099,0.98159;82@0.355564;47@0.941883,0.972123,0.378421,0.344098,0.557498,0.313619,0.776565,0.710796,0.021482,0.21714,0.107581;9@0.975529,0.506724,0.220356,0.796033,0.314724,0.219734,0.900316,0.258273,0.273749,0.04103,0.809975;39@0.012425,0.61291,0.664608,0.022056,0.443646,0.885468,0.767741,0.627363,0.537911;88@0.369228,0.519659,0.437417,0.967145,0.684917,0.494088,0.820968;30@0.426258,0.381575,0.835211,0.810861,0.242905,0.936192,0.53988,0.06931,0.511896,0.695759|0|1762487393
I20251108 00:02:58.838224 139717798590272 data_text_parser.cc:116] beg_pos: 19222,end_pos: 20480
I20251108 00:02:58.838470 139717798590272 data_text_parser.cc:101] get chunk buffer, size: 20480
I20251108 00:02:58.838483 139717798590272 data_text_parser.cc:116] beg_pos: 0,end_pos: 955
I20251108 00:02:58.838489 139717798590272 data_text_parser.cc:61] buffer line: 296|176|1720@1644988991:0.030773;1185@905378456:0.775959;1587@110550306:0.419188;1048@2439646583:0.687129;1413@517867517:0.041402;1472@2694667268:0.885296;1861@3080327342:0.809202;1430@2928480718:0.037733;1384@3416785927:0.188018;1829@190873622:0.014174;1635@542979545:0.414977;1785@95584906:0.203745;1712@2599328121:0.601222;1116@4085651482:0.370847;1010@2703481682:0.470888;1371@1918134953:0.488347;1381@1725426678:0.424848;1736@3514360854:0.705887;1206@378910847:0.690297;1202@3512498083:0.756936|67@0.831557,0.549209,0.121846,0.356184,0.429955,0.685541,0.999742,0.088296,0.532785,0.264835,0.482002;56@0.10462,0.809214,0.358622,0.373473,0.617432,0.972326,0.361651,0.605082,0.930084,0.572011,0.562086,0.369328;73@0.819502,0.968871;38@0.263591,0.413526,0.596993,0.123365,0.545457,0.841952,0.756695,0.756864,0.796254,0.829703;1@;14@0.794444,0.578026,0.564571,0.941439,0.628401,0.202428,0.426562,0.974498,0.142185;41@;32@0.696357,0.640241,0.209037,0.562132;70@0.592934,0.110116,0.274103,0.525297;43@0.328027,0.373337,0.020395,0.315825,0.097428,0.511423,0.178337,0.298354,0.324594,0.581509,0.180185;65@0.784319,0.706059,0.039962,0.830753;20@0.429106,0.122555,0.910993,0.728386;40@0.915748,0.087813,0.842817;100@0.272214;37@0.444003,0.891556,0.453857,0.853108,0.21149,0.341228,0.060182,0.21781,0.48629,0.593825,0.36183,0.642229,0.059986;27@0.864625,0.477077,0.237086,0.583116,0.268398,0.033169,0.582718;92@0.850161,0.093638,0.762935,0.236335,0.979137;10@0.688704,0.795914,0.718019,0.461606,0.804732,0.678452,0.707351,0.368991,0.187421,0.71719,0.165089,0.706366;75@0.561679,0.70734,0.98776,0.855395,0.910604,0.905651,0.887921,0.90467,0.565993,0.236264;84@0.72608,0.432598,0.623741,0.883766,0.061918,0.691843,0.181626,0.118892,0.73422,0.931335,0.969408;82@0.850461;47@0.383049,0.697447,0.946167,0.622238,0.599244,0.083265,0.750483,0.492825,0.970441,0.804367,0.769133;9@0.295903,0.795305,0.437509,0.471069,0.994955,0.253919,0.829139,0.249547,0.471544,0.02843,0.282381;39@0.025478,0.754924,0.477507,0.875214,0.921341,0.444279,0.516205,0.283435,0.797784;88@0.49576,0.07571,0.493671,0.377866,0.549139,0.710954,0.558475;30@0.930444,0.022538,0.393014,0.086445,0.244807,0.696182,0.52907,0.142795,0.170013,0.78696|1|1762487393
I20251108 00:02:58.838524 139717798590272 data_text_parser.cc:116] beg_pos: 956,end_pos: 3162
I20251108 00:02:58.838532 139717798590272 data_text_parser.cc:59] line: 297|212|1720@3568146756:0.679156;1185@990150978:0.869756;1587@854337560:0.668202;1048@2450898163:0.273895;1413@1659234657:0.886431;1472@3706867245:0.189335;1861@434665692:0.344012;1430@681909008:0.641969;1384@2917804913:0.375526;1829@2308340458:0.791416;1635@1535755859:0.751514;1785@3334472166:0.927985;1712@2734649060:0.533686;1116@1458106868:0.093981;1010@1266140914:0.096202;1371@3865850809:0.737765;1381@970986980:0.158113;1736@3994856916:0.693855;1206@2759189935:0.410598;1202@1511402318:0.029179|67@0.564997,0.727601,0.737747,0.334716,0.276772,0.378741,0.681327,0.069397,0.135686,0.869889,0.011709;56@0.143623,0.616494,0.36225,0.356868,0.60272,0.920873,0.028471,0.441536,0.14941,0.346916,0.021211,0.642929;73@0.961973,0.017165;38@0.194895,0.065591,0.203172,0.637177,0.467261,0.895688,0.125212,0.935638,0.004645,0.026509;1@;14@0.467272,0.858423,0.002621,0.14168,0.59796,0.81736,0.296238,0.463805,0.19869;41@;32@0.240379,0.106699,0.376803,0.348207;70@0.731224,0.346386,0.451946,0.707197;43@0.502307,0.734439,0.818251,0.412711,0.919702,0.309815,0.165539,0.600107,0.779724,0.035865,0.986861;65@0.166446,0.644822,0.742501,0.334162;20@0.608485,0.794815,0.751937,0.428769;40@0.069462,0.149863,0.099245;100@0.203326;37@0.449574,0.994446,0.822756,0.108678,0.301105,0.3748,0.713701,0.886951,0.972477,0.39094,0.113861,0.328407,0.796307;27@0.735247,0.656801,0.998218,0.318681,0.186697,0.470515,0.602845;92@0.752244,0.181962,0.652136,0.111044,0.700033;10@0.504213,0.88075,0.006117,0.219804,0.698989,0.188791,0.633848,0.682896,0.252775,0.004884,0.408891,0.945388;75@0.941895,0.312425,0.017034,0.313473,0.627292,0.389952,0.085732,0.970769,0.823613,0.820779;84@0.091514,0.253082,0.783234,0.252249,0.402396,0.986862,0.4062,0.38248,0.706044,0.14541,0.393481;82@0.969441;47@0.953301,0.52182,0.609758,0.888794,0.282513,0.609464,0.895968,0.835716,0.92417,0.195515,0.390952;9@0.253348,0.088402,0.46155,0.94593,0.902954,0.62515,0.268095,0.409969,0.694828,0.163657,0.991509;39@0.040237,0.586739,0.962175,0.523143,0.402781,0.930184,0.401667,0.799177,0.618639;88@0.923276,0.014748,0.278293,0.676013,0.70831,0.441805,0.533;30@0.684808,0.119117,0.3794,0.437393,0.972749,0.576976,0.873306,0.910845,0.757118,0.753373|1|1762487393
I20251108 00:02:58.838568 139717798590272 data_text_parser.cc:116] beg_pos: 3163,end_pos: 5374
I20251108 00:02:58.838576 139717798590272 data_text_parser.cc:59] line: 298|871|1720@375649489:0.019854;1185@1336914759:0.644672;1587@1584954522:0.665519;1048@4099110277:0.846795;1413@700011878:0.368747;1472@775574071:0.855991;1861@2138362957:0.041417;1430@2346392974:0.023186;1384@3707216013:0.890983;1829@2204934973:0.347163;1635@606291083:0.360002;1785@2860989664:0.892519;1712@2363660016:0.46172;1116@2308340458:0.526279;1010@388649000:0.617323;1371@4146711098:0.394754;1381@2442697144:0.615412;1736@2787543282:0.561215;1206@4112547550:0.639218;1202@1244320933:0.047315|67@0.200366,0.835292,0.68662,0.439275,0.833512,0.457779,0.671979,0.638663,0.259521,0.387985,0.184687;56@0.44679,0.493194,0.869335,0.16189,0.031437,0.371711,0.796638,0.929453,0.334054,0.035786,0.932143,0.211727;73@0.656964,0.936658;38@0.488913,0.34541,0.645137,0.172853,0.398586,0.903872,0.325492,0.641972,0.888472,0.657616;1@;14@0.826143,0.861206,0.638409,0.78172,0.233584,0.600781,0.512152,0.047208,0.642806;41@;32@0.373057,0.510666,0.343598,0.988526;70@0.261985,0.118935,0.653512,0.1108;43@0.820878,0.891928,0.917604,0.894903,0.503535,0.903811,0.208411,0.377854,0.338802,0.526653,0.732517;65@0.90893,0.828693,0.190046,0.034865;20@0.980736,0.541434,0.270116,0.653574;40@0.764077,0.082654,0.051805;100@0.137141;37@0.125004,0.349026,0.902411,0.706259,0.465731,0.916012,0.380329,0.872954,0.880569,0.531327,0.267131,0.625099,0.04806;27@0.57088,0.43804,0.163456,0.146924,0.304556,0.869771,0.638413;92@0.34656,0.486188,0.672852,0.445923,0.90494;10@0.017965,0.807062,0.888643,0.197581,0.286782,0.57188,0.46078,0.927973,0.59283,0.789698,0.995912,0.416504;75@0.742537,0.294521,0.903885,0.287535,0.542919,0.089975,0.186726,0.887995,0.365537,0.444886;84@0.586045,0.75289,0.848733,0.560387,0.496759,0.087623,0.311323,0.37312,0.648184,0.509783,0.170888;82@0.984521;47@0.216057,0.351655,0.684517,0.871479,0.071333,0.730264,0.628431,0.581541,0.109601,0.48051,0.248842;9@0.398466,0.158012,0.394572,0.905839,0.008503,0.168584,0.342224,0.929049,0.284726,0.050114,0.526614;39@0.579127,0.350086,0.980364,0.48091,0.918241,0.951598,0.660798,0.930873,0.197792;88@0.021133,0.526912,0.897834,0.092496,0.192552,0.059571,0.648138;30@0.645707,0.197849,0.104206,0.115202,0.536754,0.144071,0.421695,0.857258,0.229351,0.205247|1|1762487393
I20251108 00:02:58.838615 139717798590272 data_text_parser.cc:116] beg_pos: 5375,end_pos: 7580
I20251108 00:02:58.838624 139717798590272 data_text_parser.cc:59] line: 299|936|1720@1308402562:0.291298;1185@3017124037:0.856646;1587@459559368:0.413365;1048@1608425148:0.856752;1413@1315677185:0.436033;1472@1743500736:0.004654;1861@300406069:0.023501;1430@343458086:0.995039;1384@844070853:0.148188;1829@4046688889:0.938792;1635@3640899682:0.708339;1785@194190518:0.192487;1712@2015670579:0.750018;1116@3386642954:0.74479;1010@1721399037:0.155161;1371@4246090680:0.739217;1381@3965683273:0.446419;1736@3959093778:0.422949;1206@207921365:0.220273;1202@2078803368:0.758923|67@0.901147,0.094481,0.505984,0.202699,0.895323,0.100622,0.590819,0.988194,0.944003,0.32414,0.837578;56@0.10374,0.908958,0.614228,0.345943,0.208685,0.50066,0.981453,0.126445,0.456158,0.634792,0.400185,0.984759;73@0.870067,0.454047;38@0.958019,0.325294,0.524308,0.327103,0.441912,0.523337,0.323886,0.702949,0.472099,0.197134;1@;14@0.134534,0.874864,0.921939,0.68484,0.046643,0.629129,0.402585,0.568742,0.03248;41@;32@0.556805,0.73591,0.375138,0.490656;70@0.446325,0.83653,0.30095,0.046087;43@0.342796,0.172016,0.193399,0.883434,0.635,0.083723,0.919348,0.365765,0.122063,0.42785,0.665138;65@0.486325,0.871892,0.866381,0.9957;20@0.32834,0.513814,0.185315,0.114389;40@0.142481,0.457628,0.493306;100@0.100867;37@0.708346,0.045821,0.194549,0.978083,0.312475,0.835148,0.049009,0.879742,0.17089,0.157465,0.218026,0.589882,0.702464;27@0.076218,0.823757,0.073951,0.818115,0.505371,0.709258,0.753941;92@0.338827,0.197075,0.296311,0.224375,0.534311;10@0.570463,0.696166,0.418077,0.418197,0.136975,0.909619,0.141471,0.13623,0.87926,0.563845,0.73809,0.357383;75@0.748937,0.272385,0.287558,0.377311,0.979963,0.416415,0.491694,0.548388,0.127968,0.915817;84@0.401614,0.615267,0.669079,0.084283,0.7216,0.808855,0.628897,0.333449,0.11826,0.19888,0.398003;82@0.208733;47@0.696995,0.589725,0.259093,0.186544,0.099775,0.67571,0.647533,0.578815,0.795936,0.192768,0.165392;9@0.649254,0.219642,0.303679,0.381441,0.764185,0.041213,0.627259,0.619973,0.948824,0.159924,0.619989;39@0.684358,0.905218,0.433198,0.697721,0.196643,0.334887,0.166014,0.597097,0.13596;88@0.115708,0.702647,0.144593,0.792902,0.662281,0.201457,0.389292;30@0.983747,0.330995,0.220592,0.991789,0.945209,0.769096,0.203325,0.837487,0.424878,0.985204|0|1762487393
I20251108 00:02:58.838653 139717798590272 data_text_parser.cc:116] beg_pos: 7581,end_pos: 9791
I20251108 00:02:58.838661 139717798590272 data_text_parser.cc:59] line: 300|800|1720@1971319281:0.996253;1185@3373158641:0.498161;1587@2528875536:0.785382;1048@3849652241:0.668078;1413@3920743884:0.227865;1472@2557625875:0.390211;1861@587581675:0.650326;1430@1376520235:0.865078;1384@95406967:0.663626;1829@1296626197:0.711646;1635@922048079:0.005264;1785@46610589:0.666004;1712@2008460704:0.55048;1116@4059691828:0.310641;1010@4289075415:0.862743;1371@2436197483:0.46802;1381@312744976:0.716122;1736@3905256062:0.193003;1206@3061110510:0.519503;1202@2119185217:0.299378|67@0.297661,0.827329,0.852916,0.617558,0.486285,0.994169,0.310636,0.820631,0.292909,0.261216,0.895909;56@0.294974,0.319016,0.376985,0.513042,0.897333,0.361252,0.820204,0.318743,0.27831,0.296688,0.319041,0.421971;73@0.413446,0.604392;38@0.459974,0.970981,0.957896,0.996349,0.142396,0.126631,0.468141,0.879984,0.16323,0.625567;1@;14@0.597624,0.471987,0.161401,0.741461,0.592425,0.816126,0.778188,0.087811,0.935902;41@;32@0.337994,0.644696,0.066733,0.049675;70@0.817292,0.043367,0.168595,0.027352;43@0.989782,0.726057,0.507093,0.39266,0.305567,0.671587,0.188742,0.859131,0.621621,0.372243,0.651763;65@0.144898,0.539313,0.559801,0.629997;20@0.292997,0.72884,0.262649,0.365814;40@0.991099,0.131553,0.096652;100@0.352842;37@0.891113,0.684688,0.7101,0.060622,0.512777,0.321613,0.99368,0.854893,0.787522,0.034142,0.887383,0.599153,0.669815;27@0.633832,0.657423,0.548487,0.304093,0.143876,0.252235,0.489724;92@0.727122,0.092577,0.241543,0.458811,0.634094;10@0.001046,0.32443,0.343402,0.781087,0.394365,0.4944,0.997158,0.79255,0.582692,0.208301,0.982643,0.017108;75@0.053818,0.667795,0.233914,0.266361,0.299304,0.878341,0.895868,0.900316,0.618919,0.820841;84@0.762703,0.110873,0.445323,0.230419,0.558452,0.873053,0.096354,0.037146,0.132416,0.96311,0.231316;82@0.258939;47@0.316676,0.23524,0.970835,0.567253,0.079025,0.902531,0.328078,0.774745,0.452788,0.132629,0.166058;9@0.496774,0.506189,0.557573,0.633901,0.190829,0.689107,0.991003,0.148568,0.996573,0.351404,0.623382;39@0.694108,0.278288,0.430315,0.235358,0.887773,0.864509,0.445791,0.57,0.744221;88@0.383873,0.797154,0.029518,0.573652,0.90505,0.757266,0.044264;30@0.712679,0.494541,0.982099,0.839619,0.049846,0.621644,0.700468,0.970356,0.630678,0.838424|1|1762487393
I20251108 00:02:58.838702 139717798590272 data_text_parser.cc:116] beg_pos: 9792,end_pos: 12005
I20251108 00:02:58.838710 139717798590272 data_text_parser.cc:59] line: 301|971|1720@1683352962:0.633338;1185@311046463:0.053733;1587@4075988555:0.880572;1048@2164949003:0.864526;1413@3096898776:0.562683;1472@2204934973:0.624011;1861@1649448218:0.750128;1430@313575708:0.055754;1384@3304416616:0.61803;1829@1213889771:0.240929;1635@2384582642:0.314849;1785@3374268904:0.58039;1712@2214726998:0.103824;1116@931421832:0.686005;1010@3292545693:0.061135;1371@3943460709:0.143684;1381@82045251:0.962291;1736@2578115613:0.499248;1206@4262005569:0.552648;1202@2919475172:0.524834|67@0.833847,0.122466,0.798564,0.849216,0.124752,0.353226,0.613168,0.291618,0.274299,0.498002,0.4109;56@0.066154,0.388905,0.244307,0.443473,0.913248,0.160678,0.885841,0.890311,0.430356,0.979018,0.1202,0.932364;73@0.200123,0.873937;38@0.343903,0.5343,0.481082,0.003554,0.415119,0.757587,0.264683,0.24438,0.882138,0.568046;1@;14@0.880172,0.887186,0.810373,0.004104,0.541814,0.639585,0.979421,0.792372,0.609458;41@;32@0.835595,0.014058,0.028611,0.871591;70@0.616274,0.631924,0.982334,0.69409;43@0.245784,0.801403,0.352636,0.073498,0.779584,0.046945,0.644095,0.702644,0.360737,0.84758,0.603912;65@0.058207,0.990675,0.627502,0.522804;20@0.53289,0.246276,0.835401,0.994266;40@0.975077,0.065048,0.499833;100@0.050189;37@0.687109,0.593913,0.993861,0.15651,0.256699,0.638051,0.607033,0.402112,0.221522,0.676288,0.732249,0.45643,0.471208;27@0.679832,0.19145,0.112494,0.593345,0.817455,0.889599,0.14247;92@0.535227,0.972758,0.824379,0.844981,0.144897;10@0.120955,0.031081,0.856127,0.691096,0.789794,0.292179,0.386592,0.941461,0.8653,0.128314,0.980686,0.971824;75@0.671273,0.009499,0.184307,0.529216,0.840055,0.856184,0.925957,0.400867,0.70957,0.330114;84@0.500331,0.027448,0.075023,0.906427,0.140856,0.571193,0.879157,0.686972,0.016546,0.399041,0.683562;82@0.681194;47@0.917928,0.070816,0.092046,0.108063,0.452084,0.152038,0.535024,0.969929,0.211572,0.744606,0.557675;9@0.653995,0.891125,0.152229,0.328172,0.265447,0.502208,0.595191,0.766793,0.469702,0.790638,0.337726;39@0.522671,0.076534,0.217569,0.057515,0.520176,0.656233,0.947748,0.955171,0.717769;88@0.509897,0.476178,0.028307,0.668818,0.043776,0.229075,0.538452;30@0.034318,0.132914,0.803764,0.312416,0.190491,0.298156,0.832233,0.332286,0.404864,0.691244|1|1762487393
I20251108 00:02:58.838739 139717798590272 data_text_parser.cc:116] beg_pos: 12006,end_pos: 14227
I20251108 00:02:58.838747 139717798590272 data_text_parser.cc:59] line: 302|998|1720@2519596939:0.782138;1185@1930302691:0.945389;1587@4169525701:0.821765;1048@3291143350:0.970368;1413@3150195409:0.102627;1472@594262026:0.615436;1861@1812369508:0.114714;1430@2667331094:0.787409;1384@1491915420:0.535002;1829@1779783029:0.27479;1635@1263155131:0.676274;1785@3988505151:0.039555;1712@4111494342:0.637864;1116@3277753673:0.119636;1010@166812177:0.346714;1371@2763867103:0.49079;1381@2798550342:0.027832;1736@3374268904:0.271661;1206@3857043632:0.37823;1202@2700864028:0.917334|67@0.563989,0.735656,0.340668,0.387237,0.629167,0.01226,0.733756,0.816234,0.13337,0.745802,0.442213;56@0.772375,0.431484,0.083537,0.747867,0.499106,0.581819,0.438218,0.226236,0.333417,0.962443,0.047734,0.751175;73@0.734883,0.85005;38@0.177274,0.001996,0.523919,0.944655,0.478773,0.074728,0.251483,0.673193,0.725377,0.227316;1@;14@0.666271,0.624027,0.060752,0.904345,0.140423,0.371484,0.486372,0.410633,0.319139;41@;32@0.539245,0.93891,0.010516,0.024247;70@0.464993,0.964712,0.372473,0.185597;43@0.238792,0.934432,0.305185,0.531671,0.776849,0.015678,0.006878,0.083325,0.056282,0.102001,0.771065;65@0.65958,0.323218,0.179443,0.51393;20@0.694762,0.45826,0.319108,0.736982;40@0.200795,0.661897,0.933799;100@0.023777;37@0.554154,0.115008,0.033273,0.547565,0.487702,0.749129,0.070354,0.120083,0.162229,0.463637,0.169073,0.399523,0.856153;27@0.899124,0.233655,0.087781,0.766462,0.056533,0.463954,0.748375;92@0.767133,0.416727,0.839346,0.627533,0.893207;10@0.398117,0.60951,0.393338,0.844329,0.473702,0.384462,0.620801,0.662146,0.41206,0.324283,0.666246,0.202818;75@0.147878,0.242815,0.558372,0.837276,0.051209,0.278557,0.601149,0.377338,0.429573,0.346402;84@0.055326,0.511647,0.863762,0.548516,0.877423,0.99769,0.336337,0.564326,0.971014,0.729398,0.796126;82@0.146817;47@0.084047,0.292605,0.669742,0.187642,0.489961,0.891427,0.294553,0.652156,0.380824,0.643254,0.380715;9@0.806852,0.379674,0.617452,0.238576,0.752627,0.912025,0.389076,0.345761,0.459876,0.162154,0.433176;39@0.079449,0.338161,0.165205,0.592002,0.968585,0.467711,0.364939,0.232554,0.17162;88@0.235055,0.162326,0.612957,0.630735,0.038243,0.175606,0.968251;30@0.978881,0.033532,0.299282,0.816689,0.556598,0.200797,0.334834,0.538379,0.408887,0.581907|0|1762487393
I20251108 00:02:58.838788 139717798590272 data_text_parser.cc:116] beg_pos: 14228,end_pos: 16435
I20251108 00:02:58.838796 139717798590272 data_text_parser.cc:59] line: 303|240|1720@2574857927:0.29184;1185@2797493968:0.039438;1587@3831319241:0.67941;1048@1522113304:0.513957;1413@2988223502:0.698352;1472@771000908:0.853907;1861@4148484719:0.977691;1430@950114807:0.602494;1384@4117250096:0.641064;1829@3494979526:0.854573;1635@222705318:0.706845;1785@1283225283:0.563621;1712@1557834044:0.294607;1116@4267755220:0.17095;1010@2329106810:0.988412;1371@2640726340:0.38011;1381@2266140518:0.751211;1736@975419315:0.304198;1206@864022326:0.962196;1202@2889337606:0.574588|67@0.984593,0.287924,0.628904,0.660307,0.188355,0.4829,0.089296,0.039075,0.31454,0.784553,0.867326;56@0.895975,0.698429,0.417989,0.082739,0.515367,0.889745,0.066278,0.218575,0.137976,0.742206,0.896113,0.294657;73@0.535186,0.556517;38@0.327805,0.653944,0.960564,0.768674,0.136721,0.63844,0.707858,0.730235,0.545842,0.841581;1@;14@0.686721,0.834817,0.450143,0.789996,0.293208,0.644653,0.852917,0.13969,0.750649;41@;32@0.11,0.517876,0.04941,0.329865;70@0.10369,0.16358,0.165578,0.953839;43@0.174606,0.872118,0.084958,0.334119,0.398375,0.510728,0.812615,0.398189,0.796558,0.779527,0.849246;65@0.101783,0.244521,0.404577,0.099931;20@0.562177,0.863436,0.544746,0.870866;40@0.05444,0.737482,0.099927;100@0.570809;37@0.866507,0.101279,0.55482,0.74635,0.524764,0.516802,0.253246,0.149543,0.730518,0.547086,0.133232,0.644926,0.934944;27@0.254137,0.903053,0.66577,0.939699,0.186923,0.537899,0.975445;92@0.134835,0.261069,0.304368,0.738724,0.59823;10@0.773647,0.160021,0.307797,0.460922,0.628241,0.499629,0.670129,0.487928,0.037619,0.723198,0.497008,0.777168;75@0.138559,0.637049,0.926973,0.836285,0.242477,0.542791,0.477988,0.904279,0.759506,0.08057;84@0.226391,0.558271,0.969018,0.97829,0.703246,0.231798,0.386119,0.283017,0.188356,0.517995,0.793696;82@0.114307;47@0.879298,0.311062,0.338258,0.896827,0.832193,0.311155,0.429351,0.114425,0.740536,0.628297,0.108808;9@0.669703,0.68788,0.150268,0.216894,0.77605,0.852122,0.315043,0.623735,0.073507,0.346474,0.651348;39@0.387224,0.842038,0.347715,0.345523,0.516149,0.790715,0.261753,0.146661,0.619943;88@0.860978,0.278119,0.105404,0.859894,0.065897,0.614448,0.394144;30@0.637491,0.381881,0.023105,0.735648,0.717836,0.775653,0.614295,0.447198,0.626532,0.905373|0|1762487393
I20251108 00:02:58.838844 139717798590272 data_text_parser.cc:116] beg_pos: 16436,end_pos: 18642
I20251108 00:02:58.838855 139717798590272 data_text_parser.cc:59] line: 304|761|1720@3615461058:0.577053;1185@295174159:0.03461;1587@1392069106:0.651129;1048@504185182:0.145972;1413@3354750726:0.118184;1472@3060708503:0.415344;1861@2252935401:0.253928;1430@3511944110:0.462625;1384@672033018:0.075288;1829@3170231594:0.28164;1635@311162095:0.388738;1785@482237324:0.002988;1712@2209297695:0.240173;1116@2350204036:0.51755;1010@3372481548:0.690166;1371@3966481286:0.308698;1381@1904255997:0.453031;1736@2696737187:0.572351;1206@2603134495:0.56224;1202@992433814:0.735407|67@0.722817,0.664018,0.898427,0.391621,0.191921,0.515783,0.587349,0.890825,0.373511,0.473792,0.777548;56@0.627654,0.509767,0.801272,0.7225,0.652584,0.396928,0.078968,0.712767,0.489083,0.37529,0.648858,0.559718;73@0.507292,0.792249;38@0.603292,0.650414,0.502687,0.853674,0.270552,0.98966,0.638335,0.783303,0.488874,0.612739;1@;14@0.667978,0.827766,0.463382,0.835944,0.574019,0.480476,0.957435,0.337067,0.047422;41@;32@0.601583,0.768483,0.021853,0.400083;70@0.006085,0.112246,0.11303,0.324113;43@0.734085,0.429973,0.25533,0.142436,0.006864,0.505689,0.04621,0.257409,0.442223,0.140562,0.345156;65@0.448742,0.011868,0.945513,0.215242;20@0.790207,0.420046,0.220986,0.882209;40@0.7379,0.948021,0.657954;100@0.655222;37@0.716863,0.716092,0.961,0.239114,0.679831,0.621708,0.283585,0.924148,0.058322,0.512942,0.733237,0.982849,0.103224;27@0.006844,0.91351,0.231712,0.573642,0.00808,0.886023,0.337997;92@0.633854,0.083113,0.286962,0.652367,0.691438;10@0.357048,0.560839,0.831338,0.804646,0.335449,0.684755,0.432063,0.879635,0.947433,0.162057,0.955215,0.358068;75@0.388545,0.693991,0.213269,0.632875,0.259907,0.158162,0.801524,0.162833,0.885623,0.704281;84@0.740826,0.504047,0.31348,0.927333,0.888437,0.212246,0.298259,0.607119,0.885609,0.294053,0.128333;82@0.559367;47@0.66066,0.234677,0.915604,0.073049,0.471803,0.099444,0.209999,0.62117,0.645417,0.026964,0.297744;9@0.212727,0.83391,0.373376,0.920606,0.311413,0.224538,0.591923,0.994067,0.311473,0.878045,0.87974;39@0.205077,0.906637,0.193848,0.107196,0.812398,0.424865,0.819963,0.0402,0.360916;88@0.003998,0.191676,0.067491,0.068592,0.060792,0.223261,0.823148;30@0.940255,0.596263,0.537783,0.190326,0.845755,0.942943,0.074227,0.375985,0.174175,0.465443|1|1762487393
I20251108 00:02:58.838883 139717798590272 data_text_parser.cc:116] beg_pos: 18643,end_pos: 20480
I20251108 00:02:58.839166 139717798590272 data_text_parser.cc:101] get chunk buffer, size: 20480
I20251108 00:02:58.839194 139717798590272 data_text_parser.cc:116] beg_pos: 0,end_pos: 373
I20251108 00:02:58.839207 139717798590272 data_text_parser.cc:61] buffer line: 305|528|1720@410447721:0.000386;1185@2451819252:0.579357;1587@3198582692:0.128971;1048@3540448757:0.749094;1413@1466375552:0.367657;1472@468436422:0.560111;1861@308505692:0.500495;1430@1246109349:0.477648;1384@875544408:0.217542;1829@1317126102:0.7739;1635@3901113226:0.288771;1785@2356160889:0.020756;1712@3892452926:0.694028;1116@3206861115:0.829168;1010@1479506252:0.246615;1371@3786843269:0.587572;1381@4243938313:0.650694;1736@351716976:0.014373;1206@654863097:0.279776;1202@3012809083:0.34465|67@0.041908,0.15195,0.4492,0.767371,0.872016,0.309697,0.40141,0.266349,0.480553,0.718315,0.827499;56@0.326715,0.53698,0.997616,0.233678,0.904133,0.701159,0.551804,0.732454,0.462471,0.401692,0.381236,0.404615;73@0.355984,0.604108;38@0.661993,0.138431,0.390251,0.704189,0.616961,0.429637,0.776775,0.910218,0.090727,0.096291;1@;14@0.708921,0.721543,0.236649,0.817854,0.926527,0.274399,0.857978,0.315095,0.99457;41@;32@0.437408,0.225954,0.051602,0.071712;70@0.69992,0.425169,0.156335,0.036952;43@0.260407,0.100138,0.443876,0.664313,0.073968,0.742502,0.701359,0.359298,0.108228,0.677209,0.745644;65@0.311656,0.369391,0.033742,0.367909;20@0.934963,0.941402,0.026608,0.840074;40@0.398185,0.366148,0.484908;100@0.928781;37@0.781943,0.232267,0.364277,0.264953,0.188752,0.084414,0.227006,0.124436,0.192462,0.769529,0.942392,0.414318,0.66716;27@0.750861,0.395182,0.330058,0.599468,0.750766,0.50043,0.355071;92@0.111706,0.709626,0.442493,0.633846,0.970193;10@0.320058,0.317463,0.750314,0.833156,0.158187,0.684713,0.979348,0.106727,0.235772,0.124685,0.692322,0.628128;75@0.912323,0.069212,0.164836,0.549737,0.028557,0.901442,0.936581,0.664133,0.006624,0.418795;84@0.225259,0.284737,0.508496,0.267631,0.082276,0.553565,0.607508,0.347147,0.086572,0.263209,0.893627;82@0.838379;47@0.746204,0.737536,0.469752,0.330493,0.296763,0.475202,0.418987,0.194565,0.01181,0.1069,0.087431;9@0.644204,0.973352,0.814729,0.898061,0.44457,0.364075,0.167627,0.959057,0.293266,0.384542,0.692737;39@0.576195,0.693721,0.16971,0.465965,0.786484,0.804726,0.58634,0.617858,0.461175;88@0.712627,0.637443,0.380308,0.655533,0.173658,0.187363,0.856861;30@0.781637,0.761495,0.862897,0.938898,0.29441,0.521784,0.47292,0.783003,0.678958,0.63946|0|1762487393
I20251108 00:02:58.839287 139717798590272 data_text_parser.cc:116] beg_pos: 374,end_pos: 2586
I20251108 00:02:58.839306 139717798590272 data_text_parser.cc:59] line: 306|639|1720@2041862674:0.792129;1185@1209663344:0.015985;1587@1689323979:0.801758;1048@610474106:0.419207;1413@4079934176:0.660638;1472@1863120572:0.217135;1861@3585359007:0.956724;1430@2283737863:0.009538;1384@2434648602:0.856846;1829@3094305544:0.588837;1635@2018754871:0.124257;1785@137222183:0.473266;1712@295498775:0.294241;1116@1068871407:0.189584;1010@778240832:0.125512;1371@2833865659:0.770933;1381@1140658298:0.623848;1736@3259718817:0.467203;1206@1467200628:0.754691;1202@1254726365:0.281554|67@0.640187,0.813144,0.753852,0.481838,0.669411,0.205296,0.785844,0.548372,0.093213,0.363433,0.218733;56@0.661367,0.400983,0.210817,0.820894,0.775551,0.306771,0.087123,0.499247,0.222347,0.083658,0.479064,0.131014;73@0.347712,0.063774;38@0.834992,0.192169,0.647311,0.661778,0.111244,0.397603,0.852022,0.823329,0.246492,0.694157;1@;14@0.679704,0.359353,0.380463,0.265918,0.120565,0.804097,0.49327,0.897203,0.3299;41@;32@0.709732,0.064321,0.551239,0.661307;70@0.194976,0.695075,0.781996,0.354018;43@0.770919,0.660125,0.013175,0.226537,0.878207,0.666866,0.718027,0.197221,0.207685,0.091,0.716186;65@0.973877,0.76746,0.476762,0.036571;20@0.734376,0.774506,0.189418,0.292772;40@0.979101,0.332925,0.914871;100@0.588393;37@0.074934,0.128692,0.606349,0.423459,0.317249,0.14002,0.283267,0.754844,0.437523,0.566012,0.286689,0.344528,0.95694;27@0.102595,0.657159,0.039814,0.539066,0.556197,0.87079,0.33046;92@0.022624,0.291422,0.486066,0.926273,0.079254;10@0.086833,0.645837,0.117373,0.703648,0.784588,0.981621,0.636785,0.646768,0.096006,0.994348,0.784836,0.368771;75@0.884872,0.810144,0.818381,0.819428,0.299815,0.302063,0.140424,0.875848,0.312313,0.145604;84@0.0931,0.523863,0.658503,0.901592,0.362521,0.71273,0.918212,0.428337,0.03565,0.318742,0.335404;82@0.169457;47@0.30742,0.214754,0.298984,0.239081,0.946745,0.19161,0.652815,0.291972,0.105103,0.789364,0.022757;9@0.969765,0.163441,0.985068,0.775226,0.083201,0.118681,0.904115,0.62902,0.490232,0.673705,0.422425;39@0.298349,0.166013,0.141078,0.684817,0.24372,0.716035,0.386026,0.534332,0.043223;88@0.704361,0.787021,0.242788,0.31162,0.627283,0.246215,0.800672;30@0.107881,0.920583,0.977583,0.67447,0.215125,0.826127,0.964889,0.082181,0.344629,0.107977|1|1762487393
I20251108 00:02:58.839354 139717798590272 data_text_parser.cc:116] beg_pos: 2587,end_pos: 4795
I20251108 00:02:58.839371 139717798590272 data_text_parser.cc:59] line: 307|943|1720@537879210:0.720973;1185@3739241045:0.917664;1587@1307834546:0.274831;1048@3272623181:0.96151;1413@2580695043:0.15179;1472@1648387202:0.091283;1861@755314642:0.430204;1430@2675086765:0.838372;1384@3696529101:0.409058;1829@743264534:0.946973;1635@2713001454:0.725054;1785@176898942:0.450115;1712@1646353559:0.277019;1116@2181882815:0.248321;1010@290918730:0.461803;1371@3815673281:0.628134;1381@455829992:0.335369;1736@1880471963:0.782294;1206@650666439:0.292885;1202@58294569:0.512577|67@0.44039,0.829376,0.570285,0.435869,0.989702,0.771739,0.358617,0.871746,0.831667,0.008123,0.232915;56@0.015835,0.214443,0.263229,0.919303,0.688695,0.042712,0.217398,0.190213,0.662942,0.668815,0.94768,0.29926;73@0.961395,0.438133;38@0.779993,0.422978,0.835284,0.860423,0.365937,0.540991,0.337745,0.892402,0.274818,0.288021;1@;14@0.950887,0.711266,0.596032,0.96002,0.883888,0.315846,0.021064,0.528517,0.757962;41@;32@0.731377,0.296932,0.436017,0.888428;70@0.673456,0.667397,0.134384,0.177552;43@0.002686,0.864733,0.226875,0.079597,0.739202,0.989945,0.925964,0.907425,0.657226,0.265656,0.620018;65@0.584083,0.059512,0.555855,0.147455;20@0.85656,0.199518,0.933811,0.420317;40@0.518657,0.851329,0.139279;100@0.557705;37@0.585208,0.700258,0.622648,0.482275,0.857876,0.789685,0.309031,0.92163,0.305525,0.207241,0.777452,0.848953,0.353753;27@0.811723,0.345682,0.117396,0.450816,0.064473,0.365584,0.153571;92@0.738259,0.440386,0.414911,0.427954,0.691788;10@0.449778,0.813623,0.644037,0.408497,0.11323,0.935879,0.686289,0.349872,0.546429,0.470698,0.984025,0.342763;75@0.630911,0.394865,0.703238,0.802415,0.765755,0.341483,0.750759,0.204572,0.350681,0.928668;84@0.146033,0.740547,0.328039,0.657516,0.141591,0.719819,0.268114,0.042048,0.145891,0.921118,0.475637;82@0.96319;47@0.221957,0.305829,0.070043,0.070818,0.862739,0.148477,0.780118,0.672941,0.686229,0.014503,0.17677;9@0.852407,0.634684,0.532417,0.76123,0.367325,0.127515,0.991442,0.298544,0.99756,0.598449,0.107;39@0.738073,0.743913,0.603228,0.471373,0.459393,0.125548,0.478689,0.770921,0.00684;88@0.209585,0.713602,0.893491,0.786273,0.134291,0.65428,0.34222;30@0.866972,0.676742,0.718025,0.785558,0.942147,0.883326,0.789998,0.059769,0.69043,0.638842|1|1762487393
I20251108 00:02:58.839435 139717798590272 data_text_parser.cc:116] beg_pos: 4796,end_pos: 7009
I20251108 00:02:58.839453 139717798590272 data_text_parser.cc:59] line: 308|170|1720@3078571326:0.67704;1185@4086780496:0.19681;1587@2078803368:0.598406;1048@1430707487:0.607968;1413@3957958353:0.933146;1472@560666337:0.751146;1861@737446022:0.607881;1430@796393361:0.240534;1384@3921210183:0.798694;1829@3565120749:0.43792;1635@1080504051:0.598954;1785@888074605:0.994397;1712@1006651576:0.758398;1116@1321068946:0.232631;1010@876860546:0.11828;1371@3416785927:0.221927;1381@1137677161:0.423067;1736@3158057927:0.940355;1206@2998106988:0.34451;1202@2216671262:0.421756|67@0.269409,0.823531,0.172118,0.565557,0.621618,0.064262,0.851887,0.0616,0.886437,0.78588,0.359174;56@0.290523,0.524591,0.669768,0.211106,0.790882,0.448703,0.313644,0.052913,0.158434,0.056629,0.825823,0.864116;73@0.370892,0.820716;38@0.756681,0.718866,0.884239,0.710782,0.389846,0.65539,0.661277,0.775629,0.450182,0.263973;1@;14@0.261682,0.487704,0.206851,0.881687,0.641922,0.824236,0.969139,0.933627,0.870399;41@;32@0.998806,0.032367,0.644129,0.367847;70@0.544465,0.276959,0.517388,0.594693;43@0.491953,0.202327,0.912695,0.791896,0.542025,0.657616,0.375343,0.257663,0.456705,0.508313,0.938592;65@0.492172,0.548449,0.610187,0.260284;20@0.022757,0.650345,0.872541,0.279482;40@0.206662,0.403147,0.313544;100@0.451877;37@0.810912,0.2034,0.854557,0.845484,0.378824,0.656937,0.929446,0.954896,0.177346,0.85227,0.35575,0.211791,0.392281;27@0.271951,0.626757,0.145966,0.78384,0.630953,0.493462,0.342175;92@0.424835,0.702785,0.354013,0.83599,0.566003;10@0.818079,0.504504,0.226847,0.684488,0.435781,0.264769,0.79463,0.614132,0.175443,0.815958,0.377344,0.164814;75@0.914049,0.695979,0.200096,0.010302,0.477949,0.719555,0.186773,0.985258,0.493057,0.828377;84@0.746271,0.624604,0.183832,0.452006,0.010009,0.925057,0.727752,0.059002,0.402584,0.592613,0.965501;82@0.621049;47@0.884425,0.167124,0.279816,0.566463,0.401012,0.94783,0.447725,0.355312,0.759234,0.999975,0.424923;9@0.754596,0.922123,0.332579,0.351635,0.218422,0.283624,0.591909,0.019698,0.791042,0.51109,0.251373;39@0.298847,0.987333,0.718502,0.326744,0.651383,0.327755,0.011884,0.194873,0.433895;88@0.280572,0.106245,0.772908,0.442931,0.674034,0.903266,0.85292;30@0.502332,0.520619,0.275307,0.984931,0.337674,0.334531,0.229685,0.076938,0.403282,0.421873|0|1762487393
I20251108 00:02:58.839509 139717798590272 data_text_parser.cc:116] beg_pos: 7010,end_pos: 9227
I20251108 00:02:58.839535 139717798590272 data_text_parser.cc:59] line: 309|468|1720@1017118528:0.021382;1185@3850473290:0.870574;1587@3525502825:0.793033;1048@1164955050:0.909722;1413@1281090416:0.111377;1472@3618493902:0.513093;1861@2367336487:0.044832;1430@3258805459:0.199944;1384@2697264935:0.74108;1829@2733960443:0.597094;1635@3619115502:0.626658;1785@2804300294:0.882975;1712@3724050281:0.824125;1116@2041862674:0.993008;1010@4261390738:0.242426;1371@213147590:0.143779;1381@2208288689:0.891715;1736@3636240832:0.652943;1206@3597049284:0.632887;1202@95584906:0.562566|67@0.692776,0.782614,0.680615,0.914468,0.657579,0.460121,0.504912,0.738863,0.47448,0.57376,0.171372;56@0.013464,0.512736,0.467831,0.527324,0.204395,0.279725,0.046295,0.996694,0.584769,0.441145,0.592719,0.075712;73@0.996409,0.439865;38@0.579604,0.774965,0.713371,0.920515,0.593373,0.538633,0.055549,0.087432,0.819073,0.930464;1@;14@0.746167,0.658696,0.600374,0.353193,0.816923,0.83048,0.362505,0.532911,0.988225;41@;32@0.588837,0.672636,0.216851,0.259263;70@0.644941,0.520515,0.874396,0.517967;43@0.868906,0.546507,0.477058,0.661237,0.741822,0.579403,0.02841,0.666625,0.587231,0.054343,0.597886;65@0.38565,0.581042,0.250387,0.194463;20@0.232275,0.38763,0.900539,0.905554;40@0.881017,0.047344,0.00012;100@0.495341;37@0.745883,0.172338,0.67718,0.937986,0.024172,0.475256,0.268839,0.524263,0.582218,0.769411,0.479158,0.089483,0.417441;27@0.396137,0.083773,0.9799,0.288827,0.84943,0.240777,0.557871;92@0.174245,0.026798,0.035966,0.911902,0.691519;10@0.314534,0.501185,0.837616,0.145646,0.468452,0.322452,0.922519,0.547668,0.91306,0.501661,0.132963,0.291953;75@0.7958,0.047097,0.720983,0.081049,0.070772,0.121711,0.385991,0.473997,0.530164,0.961834;84@0.130859,0.196594,0.617602,0.001724,0.669751,0.403845,0.463939,0.18909,0.838612,0.216273,0.436973;82@0.886212;47@0.418461,0.887188,0.739236,0.063426,0.480372,0.056514,0.200269,0.562961,0.64985,0.356745,0.372211;9@0.307573,0.667403,0.180586,0.570228,0.669237,0.958519,0.072031,0.975444,0.011431,0.479178,0.044128;39@0.524756,0.229851,0.907888,0.921745,0.684113,0.563279,0.057854,0.237306,0.344594;88@0.372762,0.633388,0.222866,0.425601,0.101131,0.934929,0.499611;30@0.221464,0.946931,0.846257,0.789812,0.244229,0.778914,0.045267,0.814139,0.041382,0.896006|1|1762487393
I20251108 00:02:58.839583 139717798590272 data_text_parser.cc:116] beg_pos: 9228,end_pos: 11422
I20251108 00:02:58.839601 139717798590272 data_text_parser.cc:59] line: 310|922|1720@1346321636:0.516206;1185@2115015202:0.525827;1587@224380452:0.580181;1048@2363959621:0.196335;1413@1790724546:0.380529;1472@772210759:0.305499;1861@201403854:0.172389;1430@3742492445:0.460816;1384@2585171645:0.928156;1829@222705318:0.367814;1635@1666127886:0.47644;1785@2692816430:0.47545;1712@2409412415:0.678931;1116@1415302404:0.086096;1010@1111213996:0.159008;1371@1983577868:0.726011;1381@1675952007:0.747837;1736@839620824:0.56477;1206@3124954949:0.856973;1202@3159616401:0.536881|67@0.390344,0.251339,0.259606,0.366099,0.692639,0.330576,0.56455,0.144006,0.334499,0.28093,0.668403;56@0.614709,0.257756,0.694304,0.845393,0.338344,0.58537,0.490628,0.120396,0.163846,0.193235,0.862531,0.86542;73@0.668674,0.910455;38@0.529473,0.79736,0.190449,0.71287,0.789295,0.785097,0.06029,0.282905,0.606786,0.151437;1@;14@0.063733,0.964793,0.066307,0.128803,0.690829,0.342061,0.908582,0.697191,0.961585;41@;32@0.689755,0.804267,0.758608,0.668748;70@0.387441,0.355718,0.523994,0.969439;43@0.487474,0.857384,0.12374,0.729346,0.766663,0.240585,0.751344,0.169776,0.199052,0.9774,0.579075;65@0.925219,0.875997,0.287032,0.663542;20@0.79697,0.20604,0.410925,0.919036;40@0.189671,0.477822,0.00476;100@0.805281;37@0.269252,0.699495,0.123833,0.330273,0.073646,0.210523,0.908482,0.650069,0.319037,0.823703,0.18566,0.05652,0.942287;27@0.70078,0.632944,0.80392,0.258405,0.3389,0.374248,0.258582;92@0.279571,0.503214,0.748762,0.709409,0.819381;10@0.650172,0.66631,0.97053,0.17534,0.949328,0.49372,0.403181,0.555283,0.742738,0.048597,0.373703,0.864746;75@0.980589,0.514277,0.128022,0.543938,0.139175,0.157914,0.916783,0.620301,0.63939,0.451679;84@0.11735,0.105248,0.958074,0.912418,0.357688,0.173161,0.904037,0.42815,0.721323,0.36521,0.541543;82@0.470498;47@0.994498,0.900954,0.763,0.97651,0.527953,0.25132,0.770875,0.639108,0.871337,0.880602,0.631329;9@0.583368,0.181751,0.324263,0.900658,0.24861,0.762693,0.013324,0.498801,0.93846,0.911683,0.419406;39@0.903514,0.114433,0.689585,0.454882,0.847113,0.068254,0.733648,0.706884,0.375396;88@0.281321,0.530251,0.731039,0.030187,0.753465,0.727966,0.845076;30@0.41804,0.586004,0.188844,0.333395,0.225308,0.010352,0.199374,0.544217,0.011478,0.842822|1|1762487393
I20251108 00:02:58.839663 139717798590272 data_text_parser.cc:116] beg_pos: 11423,end_pos: 13637
I20251108 00:02:58.839682 139717798590272 data_text_parser.cc:59] line: 311|601|1720@3157905244:0.01908;1185@2256891586:0.668659;1587@1969681692:0.018307;1048@1931302658:0.924567;1413@1423179034:0.588316;1472@2360251914:0.991538;1861@344486860:0.371807;1430@4069244594:0.764876;1384@1218452536:0.618221;1829@1689919995:0.058017;1635@2373219970:0.985068;1785@3361581406:0.787168;1712@2644000497:0.154429;1116@1038264899:0.663124;1010@2320073828:0.330168;1371@2027660254:0.63446;1381@955343825:0.199969;1736@1809496224:0.841553;1206@649160445:0.591063;1202@3707160339:0.915363|67@0.733857,0.197474,0.980676,0.16641,0.599915,0.795462,0.734683,0.553404,0.197103,0.077044,0.639104;56@0.801263,0.17732,0.622416,0.630883,0.294281,0.607611,0.602891,0.991104,0.6018,0.792217,0.337082,0.883692;73@0.179499,0.374671;38@0.849178,0.456769,0.693461,0.942698,0.184906,0.026566,0.924722,0.502382,0.709779,0.688297;1@;14@0.190816,0.83549,0.029231,0.218551,0.123836,0.485283,0.878322,0.909884,0.503928;41@;32@0.256879,0.456082,0.97284,0.314019;70@0.233812,0.50326,0.304454,0.899956;43@0.767321,0.262643,0.743178,0.783986,0.619048,0.363165,0.434444,0.687675,0.535802,0.982382,0.983839;65@0.265999,0.551543,0.187025,0.301862;20@0.253982,0.076449,0.593417,0.701885;40@0.954198,0.103812,0.768448;100@0.54514;37@0.44489,0.074197,0.993818,0.139257,0.195139,0.248589,0.189464,0.780067,0.206021,0.220655,0.235827,0.649879,0.135827;27@0.20047,0.322933,0.44714,0.011646,0.39315,0.880587,0.787215;92@0.487343,0.241872,0.634308,0.388814,0.47944;10@0.648809,0.750451,0.878613,0.388376,0.327416,0.220886,0.622316,0.426824,0.533196,0.990603,0.776071,0.925328;75@0.897372,0.884979,0.773568,0.302872,0.217414,0.640518,0.32471,0.695493,0.491012,0.855224;84@0.295755,0.147034,0.690945,0.303152,0.539821,0.736252,0.592632,0.366117,0.025393,0.844201,0.833948;82@0.654632;47@0.076051,0.98603,0.869415,0.74568,0.302552,0.189415,0.236584,0.502321,0.721279,0.978472,0.669357;9@0.144161,0.586793,0.419612,0.515742,0.164419,0.344596,0.245311,0.655139,0.875225,0.44219,0.138048;39@0.040438,0.147438,0.221462,0.253479,0.601198,0.111519,0.706348,0.24605,0.244389;88@0.019301,0.504762,0.453096,0.105916,0.088991,0.639376,0.399661;30@0.467271,0.899422,0.433864,0.712985,0.086818,0.132881,0.167708,0.407986,0.702302,0.397279|0|1762487393
I20251108 00:02:58.839731 139717798590272 data_text_parser.cc:116] beg_pos: 13638,end_pos: 15842
I20251108 00:02:58.839750 139717798590272 data_text_parser.cc:59] line: 312|541|1720@4101616527:0.356669;1185@965581287:0.335169;1587@1428503863:0.806922;1048@2867316874:0.076677;1413@2029126712:0.941397;1472@241980366:0.087793;1861@638149228:0.4881;1430@2901478454:0.175574;1384@1779715339:0.500657;1829@3708184972:0.975105;1635@3352632741:0.433906;1785@4214320470:0.48494;1712@963557508:0.79779;1116@3484289692:0.446978;1010@1493077110:0.270622;1371@1720273094:0.758307;1381@553624978:0.958124;1736@1829116862:0.982612;1206@4196086267:0.021764;1202@1194188578:0.095647|67@0.792047,0.652064,0.498713,0.090382,0.985326,0.796372,0.710976,0.192984,0.56637,0.510441,0.33596;56@0.553728,0.325709,0.734219,0.219155,0.908377,0.866443,0.694675,0.389118,0.775644,0.384356,0.611571,0.159104;73@0.864215,0.330202;38@0.352468,0.834101,0.932805,0.193094,0.96299,0.0809,0.062103,0.202738,0.825213,0.764645;1@;14@0.491761,0.668799,0.686439,0.403861,0.602142,0.88928,0.333052,0.707272,0.293868;41@;32@0.228388,0.114733,0.770914,0.926128;70@0.838976,0.354222,0.529906,0.179956;43@0.756793,0.034378,0.133129,0.262051,0.36357,0.070101,0.377278,0.437296,0.109521,0.155545,0.420422;65@0.417587,0.7326,0.508322,0.865695;20@0.147056,0.929036,0.663698,0.592798;40@0.239636,0.478885,0.330724;100@0.320312;37@0.393971,0.495738,0.296183,0.137317,0.883566,0.68819,0.001273,0.837213,0.369275,0.595192,0.196741,0.52078,0.803159;27@0.379084,0.429526,0.632245,0.098948,0.98846,0.961721,0.933863;92@0.663008,0.684847,0.601217,0.138294,0.36904;10@0.356954,0.477274,0.01119,0.362698,0.956517,0.564289,0.866096,0.027201,0.970352,0.855177,0.935805,0.06872;75@0.679108,0.194152,0.63559,0.179668,0.739704,0.761148,0.298214,0.241,0.629715,0.728282;84@0.107134,0.589989,0.647915,0.580154,0.00706,0.807604,0.394331,0.339151,0.13243,0.41424,0.219437;82@0.086285;47@0.989617,0.842722,0.636284,0.935175,0.389484,0.331081,0.448645,0.591317,0.712853,0.593603,0.092354;9@0.384196,0.517934,0.130921,0.242316,0.47665,0.195658,0.646627,0.889682,0.260255,0.704289,0.429319;39@0.626408,0.569505,0.185204,0.908984,0.362727,0.024571,0.484307,0.399237,0.126338;88@0.534807,0.289518,0.593121,0.658301,0.318609,0.189858,0.27367;30@0.302434,0.604653,0.002142,0.470509,0.646193,0.024744,0.039337,0.556862,0.408343,0.314566|0|1762487393
I20251108 00:02:58.839814 139717798590272 data_text_parser.cc:116] beg_pos: 15843,end_pos: 18053
I20251108 00:02:58.839834 139717798590272 data_text_parser.cc:59] line: 313|787|1720@2757809368:0.651426;1185@505075974:0.355181;1587@520180893:0.207245;1048@255979349:0.375951;1413@2971532568:0.536504;1472@3346951014:0.168754;1861@3794309080:0.913018;1430@894888319:0.310748;1384@2816145952:0.841065;1829@2059146458:0.790179;1635@4061846564:0.713009;1785@1164764944:0.308273;1712@238332336:0.553874;1116@1309173959:0.338258;1010@2359002833:0.186073;1371@435690990:0.065652;1381@2742983946:0.025001;1736@2169500098:0.704354;1206@2552329071:0.574877;1202@3668333123:0.186977|67@0.343778,0.338719,0.179574,0.442548,0.562764,0.470489,0.543137,0.935766,0.056131,0.284686,0.760624;56@0.167571,0.063216,0.377633,0.484228,0.729028,0.857553,0.052367,0.334192,0.864645,0.533795,0.035793,0.879222;73@0.53059,0.161179;38@0.310035,0.307815,0.979175,0.706586,0.567357,0.721731,0.965342,0.259462,0.570087,0.727614;1@;14@0.481654,0.971076,0.179148,0.200388,0.158054,0.295178,0.894621,0.519004,0.764782;41@;32@0.156258,0.776979,0.409708,0.393893;70@0.4401,0.694875,0.158104,0.462852;43@0.860877,0.52655,0.751889,0.45071,0.278998,0.605122,0.897899,0.849227,0.009827,0.894766,0.029934;65@0.410408,0.618615,0.112062,0.945781;20@0.302162,0.419057,0.414713,0.06105;40@0.189152,0.621627,0.632838;100@0.582728;37@0.624483,0.561721,0.739505,0.46096,0.368493,0.551294,0.492006,0.657647,0.640866,0.937927,0.30942,0.592536,0.828498;27@0.828329,0.815244,0.956605,0.674946,0.532403,0.196557,0.695321;92@0.576915,0.130653,0.343777,0.273634,0.031757;10@0.304526,0.14893,0.095736,0.54928,0.959061,0.823362,0.242785,0.07986,0.18921,0.988494,0.536852,0.031819;75@0.334111,0.979863,0.030103,0.694476,0.943851,0.43631,0.692536,0.400922,0.586874,0.009749;84@0.561486,0.493951,0.754415,0.453156,0.075303,0.30911,0.54043,0.967218,0.746929,0.126757,0.742817;82@0.348863;47@0.783698,0.833005,0.100142,0.549069,0.200634,0.254,0.918446,0.877997,0.318915,0.648307,0.021511;9@0.670575,0.48795,0.019455,0.13009,0.465668,0.154214,0.143162,0.707772,0.215855,0.820016,0.162618;39@0.240453,0.873729,0.017104,0.905975,0.696025,0.559533,0.568107,0.127312,0.164525;88@0.521606,0.088563,0.279204,0.512914,0.151233,0.046033,0.493308;30@0.710065,0.594794,0.240179,0.400492,0.644331,0.512453,0.72811,0.493653,0.247276,0.751156|1|1762487393
I20251108 00:02:58.839878 139717798590272 data_text_parser.cc:116] beg_pos: 18054,end_pos: 20264
I20251108 00:02:58.839889 139717798590272 data_text_parser.cc:59] line: 314|173|1720@505930110:0.02301;1185@1775260756:0.555506;1587@206392221:0.622271;1048@2581763891:0.030722;1413@1238764179:0.797742;1472@3919201719:0.47971;1861@1299333111:0.746713;1430@2767655066:0.211085;1384@1206932278:0.702266;1829@2655225159:0.719244;1635@1879420684:0.447501;1785@999807999:0.243342;1712@482237324:0.94696;1116@1734257700:0.090283;1010@2447682426:0.322184;1371@1103918508:0.044853;1381@1260094769:0.974512;1736@1827363858:0.523147;1206@1580257457:0.033583;1202@1714106873:0.066537|67@0.063214,0.641075,0.698355,0.165555,0.423446,0.56439,0.545845,0.392227,0.034012,0.749664,0.470675;56@0.994278,0.032145,0.382251,0.604674,0.133175,0.520149,0.65519,0.303282,0.432078,0.878968,0.520333,0.31366;73@0.051474,0.032724;38@0.888128,0.245451,0.662719,0.965215,0.550304,0.074012,0.411893,0.049275,0.073637,0.127496;1@;14@0.326548,0.061997,0.644076,0.927021,0.346871,0.617667,0.922743,0.019545,0.680806;41@;32@0.992335,0.646244,0.123429,0.91826;70@0.713371,0.659389,0.595246,0.2936;43@0.735035,0.363031,0.578979,0.942999,0.637904,0.800211,0.710354,0.6184,0.730124,0.517715,0.787016;65@0.519033,0.213907,0.718818,0.999138;20@0.301872,0.811454,0.394058,0.415955;40@0.860561,0.668805,0.673191;100@0.80863;37@0.480496,0.903631,0.354639,0.982515,0.015402,0.889493,0.68348,0.360259,0.655726,0.78485,0.94932,0.822884,0.187565;27@0.822528,0.946696,0.289015,0.791499,0.621051,0.691081,0.704788;92@0.983833,0.811492,0.489413,0.956411,0.055232;10@0.093583,0.396959,0.223254,0.904554,0.521578,0.686379,0.388326,0.373372,0.227638,0.820981,0.91016,0.627641;75@0.048115,0.374803,0.957942,0.611455,0.404956,0.892587,0.325702,0.473272,0.770876,0.631706;84@0.220854,0.000972,0.012491,0.286678,0.62689,0.663634,0.786568,0.795384,0.76403,0.667944,0.835038;82@0.839744;47@0.537129,0.99523,0.324608,0.039257,0.761264,0.651683,0.439239,0.826639,0.422008,0.659884,0.676717;9@0.346724,0.96665,0.869879,0.404803,0.938191,0.626912,0.417719,0.086712,0.710507,0.356736,0.117591;39@0.558536,0.519121,0.202949,0.690299,0.93408,0.531299,0.022704,0.822474,0.865347;88@0.214698,0.564698,0.975801,0.308326,0.050832,0.419142,0.583564;30@0.01564,0.02533,0.503718,0.084323,0.364358,0.727361,0.433074,0.451877,0.643871,0.870097|0|1762487393
I20251108 00:02:58.839931 139717798590272 data_text_parser.cc:116] beg_pos: 20265,end_pos: 20480
I20251108 00:02:58.840282 139717798590272 data_text_parser.cc:101] get chunk buffer, size: 20480
I20251108 00:02:58.840328 139717798590272 data_text_parser.cc:116] beg_pos: 0,end_pos: 2000
I20251108 00:02:58.840347 139717798590272 data_text_parser.cc:61] buffer line: 315|919|1720@2245928831:0.23268;1185@3267006537:0.580216;1587@3511310264:0.343433;1048@2726980325:0.383874;1413@735109193:0.277502;1472@776754695:0.174535;1861@337761926:0.228846;1430@4084096506:0.239647;1384@3740691480:0.256408;1829@3960204630:0.839025;1635@2261535047:0.933335;1785@1969681692:0.320494;1712@3925598351:0.627944;1116@1280763805:0.942114;1010@3462323792:0.743613;1371@2803531599:0.185172;1381@461494474:0.717092;1736@1521934396:0.546632;1206@1186565002:0.901276;1202@1159949263:0.295514|67@0.593769,0.304891,0.794809,0.165334,0.775769,0.390472,0.135968,0.673179,0.726285,0.590425,0.982472;56@0.767066,0.172613,0.400696,0.61185,0.841044,0.932376,0.200738,0.881899,0.624916,0.026527,0.803318,0.211297;73@0.888766,0.688011;38@0.343532,0.851277,0.192761,0.563795,0.462771,0.336655,0.782025,0.895465,0.670973,0.140172;1@;14@0.172928,0.251525,0.714542,0.212406,0.577838,0.993718,0.942353,0.722457,0.741177;41@;32@0.100055,0.938203,0.958861,0.725862;70@0.286358,0.440074,0.923605,0.560961;43@0.630785,0.923054,0.531736,0.723218,0.023608,0.705883,0.634499,0.890946,0.44896,0.935541,0.015838;65@0.982696,0.540357,0.808174,0.730857;20@0.130286,0.988121,0.517038,0.336018;40@0.037664,0.234221,0.779986;100@0.366715;37@0.95589,0.442927,0.434059,0.886711,0.432994,0.208929,0.30649,0.309075,0.750992,0.991943,0.294763,0.649286,0.905738;27@0.734859,0.961727,0.000965,0.611202,0.1573,0.055837,0.118997;92@0.886203,0.4772,0.949397,0.142878,0.454575;10@0.268455,0.533979,0.46021,0.695207,0.904723,0.663111,0.929447,0.10933,0.298035,0.508684,0.214055,0.521452;75@0.084988,0.596326,0.197862,0.310249,0.208632,0.816454,0.67996,0.796257,0.679611,0.84223;84@0.272363,0.254878,0.70524,0.842636,0.111351,0.069314,0.078818,0.477252,0.703358,0.826702,0.141553;82@0.443141;47@0.229251,0.743852,0.738496,0.077611,0.559883,0.724156,0.000727,0.922856,0.717436,0.336798,0.32415;9@0.437715,0.531976,0.308968,0.152957,0.03885,0.451068,0.115083,0.124119,0.524372,0.988568,0.110458;39@0.637297,0.715692,0.858826,0.206891,0.770334,0.753046,0.88826,0.19596,0.263126;88@0.138038,0.802101,0.100297,0.741149,0.145397,0.708415,0.642022;30@0.157831,0.855453,0.241885,0.841686,0.945981,0.058768,0.055435,0.547986,0.607538,0.814725|0|1762487393
I20251108 00:02:58.840429 139717798590272 data_text_parser.cc:116] beg_pos: 2001,end_pos: 4199
I20251108 00:02:58.840444 139717798590272 data_text_parser.cc:59] line: 316|419|1720@4178290733:0.844947;1185@3402313574:0.73677;1587@577322902:0.67881;1048@2624729368:0.751073;1413@3681887458:0.697194;1472@495155572:0.802182;1861@435252418:0.088744;1430@2210154629:0.646532;1384@3569157239:0.105234;1829@483387333:0.976501;1635@2335523380:0.65679;1785@3696529101:0.926566;1712@2138265828:0.175551;1116@566677572:0.388833;1010@3843608848:0.328761;1371@6420574:0.269065;1381@3334708844:0.177489;1736@2820287229:0.416493;1206@491433250:0.249689;1202@2932875168:0.089523|67@0.396935,0.12504,0.509093,0.692435,0.753143,0.409887,0.506348,0.372472,0.981909,0.636172,0.564872;56@0.7839,0.075196,0.2637,0.355804,0.316933,0.502071,0.389806,0.568407,0.931235,0.620037,0.679975,0.779239;73@0.375687,0.523575;38@0.153029,0.590611,0.85475,0.271756,0.946351,0.999871,0.212484,0.966886,0.626343,0.893171;1@;14@0.143496,0.533361,0.619347,0.321995,0.080632,0.722558,0.74252,0.800082,0.708538;41@;32@0.59314,0.779318,0.32153,0.597874;70@0.802235,0.978758,0.396542,0.58319;43@0.014902,0.063022,0.284807,0.734189,0.744576,0.331258,0.453635,0.734497,0.85563,0.91364,0.194931;65@0.620552,0.524604,0.213216,0.429758;20@0.790107,0.098527,0.192903,0.782962;40@0.397518,0.638287,0.477892;100@0.632266;37@0.799349,0.986971,0.890078,0.7287,0.031257,0.856545,0.813956,0.016908,0.670233,0.861347,0.700639,0.262095,0.332659;27@0.737354,0.613402,0.878384,0.028744,0.10926,0.38953,0.976057;92@0.702824,0.366982,0.641986,0.136313,0.260237;10@0.067911,0.549378,0.464109,0.979823,0.202306,0.128305,0.50425,0.86058,0.036406,0.423129,0.798845,0.550223;75@0.163847,0.438489,0.890597,0.852074,0.039355,0.078607,0.802868,0.198603,0.713565,0.800343;84@0.814504,0.425026,0.584345,0.132814,0.619369,0.153569,0.243682,0.167191,0.141735,0.399175,0.0692;82@0.670917;47@0.828737,0.993714,0.990455,0.990693,0.207662,0.034909,0.480734,0.89944,0.070487,0.539497,0.206944;9@0.093112,0.380555,0.44707,0.626221,0.330535,0.669391,0.182012,0.67083,0.997454,0.149341,0.20465;39@0.109207,0.008892,0.402508,0.733074,0.596865,0.47196,0.567567,0.440122,0.328248;88@0.943453,0.764761,0.836834,0.096669,0.982597,0.22732,0.376066;30@0.332811,0.142184,0.049141,0.940451,0.090951,0.411689,0.208077,0.64202,0.333308,0.847008|1|1762487393
I20251108 00:02:58.840497 139717798590272 data_text_parser.cc:116] beg_pos: 4200,end_pos: 6424
I20251108 00:02:58.840527 139717798590272 data_text_parser.cc:59] line: 317|907|1720@2298851842:0.849642;1185@898937325:0.355311;1587@3737763084:0.565292;1048@2088790427:0.866409;1413@2691986181:0.579344;1472@2606000840:0.080191;1861@3375728737:0.476934;1430@2646641094:0.482189;1384@3438675573:0.104519;1829@1237142147:0.087533;1635@3106416132:0.898162;1785@175960903:0.415247;1712@2870048166:0.35336;1116@3943460709:0.3439;1010@2309583284:0.150261;1371@3864068651:0.084695;1381@1056600285:0.169585;1736@2404755704:0.561766;1206@2076093514:0.678173;1202@2430558738:0.689467|67@0.247431,0.815701,0.877673,0.912859,0.661854,0.334068,0.241105,0.065296,0.064024,0.283676,0.440963;56@0.708997,0.412144,0.316704,0.526936,0.445784,0.242755,0.572729,0.241642,0.587634,0.553563,0.631958,0.572481;73@0.121944,0.797877;38@0.232151,0.862486,0.544411,0.795286,0.858772,0.720654,0.841467,0.696425,0.606694,0.526093;1@;14@0.463267,0.366475,0.090893,0.769199,0.266779,0.360002,0.350199,0.023958,0.183134;41@;32@0.083662,0.968628,0.259512,0.343753;70@0.162174,0.926221,0.126663,0.637478;43@0.025537,0.155641,0.888271,0.451405,0.866061,0.402301,0.081775,0.608658,0.395179,0.24536,0.330725;65@0.583558,0.795792,0.795426,0.085447;20@0.367449,0.513095,0.386805,0.577517;40@0.164582,0.626527,0.42706;100@0.58399;37@0.385245,0.601849,0.154617,0.545967,0.711037,0.406354,0.024133,0.12276,0.121155,0.719492,0.317587,0.270518,0.366446;27@0.036409,0.181981,0.933456,0.404099,0.48162,0.353466,0.837329;92@0.062433,0.726219,0.174567,0.612321,0.055091;10@0.271155,0.737641,0.129107,0.403278,0.560595,0.059893,0.525141,0.727885,0.168323,0.596548,0.064211,0.316695;75@0.537221,0.725255,0.125937,0.458968,0.188117,0.220878,0.538902,0.458343,0.005418,0.713661;84@0.713914,0.031673,0.171571,0.793141,0.476018,0.054629,0.564503,0.079692,0.769086,0.730419,0.610555;82@0.863486;47@0.636832,0.827003,0.526951,0.487234,0.152963,0.277686,0.830915,0.414314,0.645673,0.929588,0.054176;9@0.472681,0.645671,0.610075,0.204069,0.763441,0.005172,0.160515,0.012682,0.640309,0.022384,0.243411;39@0.934578,0.869551,0.332727,0.676729,0.886944,0.510861,0.766804,0.529996,0.932671;88@0.803991,0.452597,0.889601,0.694587,0.737169,0.634149,0.029727;30@0.782501,0.778816,0.396,0.740183,0.025861,0.291381,0.007606,0.237067,0.336624,0.860036|1|1762487393
I20251108 00:02:58.840605 139717798590272 data_text_parser.cc:116] beg_pos: 6425,end_pos: 8640
I20251108 00:02:58.840616 139717798590272 data_text_parser.cc:59] line: 318|975|1720@3211227060:0.286238;1185@130938700:0.602072;1587@1372320058:0.667387;1048@3621947060:0.353227;1413@2975257200:0.663276;1472@3707160339:0.436149;1861@1230717493:0.714292;1430@1205488549:0.119998;1384@3524293740:0.498662;1829@4257808571:0.265617;1635@3529875848:0.756149;1785@204564424:0.69721;1712@1697357217:0.326731;1116@1990690993:0.88962;1010@2822142200:0.564959;1371@4149901207:0.097944;1381@1376615061:0.415067;1736@2053841527:0.47118;1206@1240449852:0.377112;1202@1756470669:0.164993|67@0.637685,0.338966,0.759027,0.693092,0.828847,0.995871,0.043246,0.79953,0.040609,0.678557,0.075023;56@0.103709,0.753924,0.912498,0.621809,0.216544,0.024848,0.474697,0.016558,0.342422,0.806129,0.098185,0.02963;73@0.05383,0.757782;38@0.817925,0.964623,0.058623,0.356929,0.217135,0.794111,0.331704,0.075932,0.780133,0.998546;1@;14@0.100942,0.229641,0.470289,0.538265,0.567904,0.781111,0.398437,0.589426,0.381626;41@;32@0.103418,0.482315,0.802972,0.977157;70@0.364082,0.522467,0.50655,0.761626;43@0.415091,0.451485,0.691011,0.891504,0.243314,0.433378,0.086709,0.489537,0.810033,0.398467,0.862863;65@0.67585,0.083689,0.115954,0.438847;20@0.410669,0.899669,0.03023,0.57091;40@0.593264,0.827648,0.480756;100@0.943847;37@0.049229,0.109672,0.655396,0.415951,0.821182,0.243156,0.429332,0.554428,0.493316,0.382422,0.913625,0.957506,0.038219;27@0.426464,0.164754,0.787257,0.437642,0.441225,0.976585,0.340669;92@0.438172,0.816931,0.066993,0.226317,0.20058;10@0.4378,0.998238,0.332404,0.043893,0.369376,0.056976,0.770001,0.117637,0.449154,0.556446,0.492807,0.867723;75@0.028617,0.925639,0.659523,0.145254,0.400039,0.709251,0.381294,0.069193,0.775528,0.219485;84@0.090438,0.26494,0.989074,0.603419,0.085256,0.058703,0.053916,0.86551,0.224075,0.705828,0.20767;82@0.573647;47@0.482439,0.025272,0.135545,0.002474,0.06268,0.104453,0.466056,0.375402,0.552428,0.903299,0.306163;9@0.998103,0.689698,0.531407,0.513461,0.339296,0.677722,0.301445,0.023939,0.480357,0.218826,0.362489;39@0.45032,0.139262,0.981279,0.140101,0.993064,0.13532,0.439353,0.297494,0.483583;88@0.963792,0.472963,0.287741,0.816318,0.644664,0.189535,0.369254;30@0.87523,0.498251,0.051412,0.059818,0.549324,0.883295,0.406689,0.329319,0.863603,0.742477|0|1762487393
I20251108 00:02:58.840649 139717798590272 data_text_parser.cc:116] beg_pos: 8641,end_pos: 10852
I20251108 00:02:58.840658 139717798590272 data_text_parser.cc:59] line: 319|777|1720@2876470388:0.085097;1185@437979728:0.229178;1587@1035416586:0.694554;1048@2509468600:0.270523;1413@1134619033:0.544663;1472@1983654695:0.455312;1861@785977461:0.393752;1430@119318979:0.077187;1384@2576624720:0.538794;1829@4053889044:0.655857;1635@494790646:0.984379;1785@1273416208:0.830893;1712@1153519264:0.660948;1116@925196759:0.041177;1010@63024413:0.971993;1371@2267534839:0.464801;1381@337247344:0.449585;1736@2723781175:0.679396;1206@968257382:0.128465;1202@4085258491:0.023605|67@0.499963,0.875705,0.450241,0.367341,0.058571,0.979698,0.943931,0.098706,0.881401,0.308115,0.998233;56@0.857705,0.294616,0.395419,0.812665,0.493349,0.313871,0.64097,0.006228,0.199404,0.251452,0.581114,0.071103;73@0.443732,0.494587;38@0.54105,0.472542,0.176819,0.275236,0.224473,0.811805,0.880114,0.35812,0.639654,0.233565;1@;14@0.922507,0.768095,0.273796,0.462295,0.229543,0.464076,0.069272,0.878209,0.04984;41@;32@0.101343,0.952483,0.901559,0.338471;70@0.31423,0.376317,0.412084,0.671594;43@0.590951,0.889985,0.758237,0.428939,0.513798,0.620802,0.752996,0.394714,0.051551,0.163923,0.435127;65@0.029698,0.443122,0.448156,0.824409;20@0.379924,0.96475,0.956944,0.588729;40@0.626974,0.520547,0.082887;100@0.159188;37@0.935601,0.149961,0.419119,0.56948,0.013667,0.124547,0.793586,0.675451,0.460154,0.001116,0.767741,0.493687,0.328318;27@0.186557,0.624912,0.468534,0.268753,0.419955,0.161111,0.121373;92@0.762622,0.17911,0.095172,0.080367,0.671515;10@0.061492,0.663867,0.857315,0.52975,0.018379,0.502315,0.23737,0.916896,0.77765,0.775298,0.735143,0.964146;75@0.864006,0.625038,0.333525,0.666917,0.798518,0.71334,0.077906,0.510376,0.055195,0.170923;84@0.135393,0.438767,0.770863,0.125672,0.31297,0.209853,0.792495,0.977424,0.656566,0.402757,0.350744;82@0.046867;47@0.812843,0.310382,0.283525,0.189336,0.70693,0.800018,0.543711,0.298687,0.085542,0.138484,0.405688;9@0.976163,0.102765,0.989448,0.969523,0.164172,0.098374,0.046401,0.682175,0.174517,0.461195,0.054834;39@0.522005,0.583917,0.9559,0.229518,0.956104,0.288165,0.191262,0.451852,0.588191;88@0.015457,0.551114,0.417159,0.346622,0.217559,0.543432,0.502716;30@0.215745,0.244339,0.699174,0.365691,0.896006,0.471713,0.714353,0.934844,0.10099,0.459039|1|1762487393
I20251108 00:02:58.840720 139717798590272 data_text_parser.cc:116] beg_pos: 10853,end_pos: 13065
I20251108 00:02:58.840740 139717798590272 data_text_parser.cc:59] line: 320|957|1720@647888225:0.804058;1185@2528281997:0.836263;1587@2040949978:0.54786;1048@1806003760:0.532408;1413@3545526605:0.388398;1472@1426301965:0.868394;1861@725352238:0.295568;1430@1008220519:0.768277;1384@2007278075:0.989435;1829@2782358025:0.892307;1635@3850316951:0.380016;1785@2814370997:0.567326;1712@2929346450:0.680362;1116@852319569:0.161841;1010@22906190:0.078147;1371@2571847755:0.413001;1381@4093895854:0.328332;1736@1489111446:0.845932;1206@1895707479:0.942481;1202@4031508601:0.126189|67@0.896795,0.877067,0.826209,0.203622,0.761753,0.948315,0.598762,0.2976,0.241253,0.661394,0.613843;56@0.544001,0.045256,0.79646,0.554563,0.735263,0.455231,0.633578,0.149916,0.136708,0.932899,0.057204,0.704842;73@0.990994,0.562061;38@0.133247,0.914845,0.896272,0.617779,0.531629,0.594982,0.319958,0.472127,0.78707,0.260078;1@;14@0.14009,0.040932,0.83518,0.884207,0.624666,0.833985,0.675442,0.0529,0.177158;41@;32@0.54623,0.793757,0.725075,0.093943;70@0.896614,0.052322,0.122101,0.403536;43@0.594096,0.94886,0.035501,0.207979,0.13981,0.035923,0.342559,0.871769,0.320559,0.152245,0.415852;65@0.153823,0.401093,0.857366,0.874275;20@0.377788,0.964758,0.536448,0.723095;40@0.263854,0.766325,0.847774;100@0.783528;37@0.905538,0.580826,0.459653,0.190107,0.228864,0.372717,0.464812,0.553116,0.886224,0.827728,0.456704,0.490295,0.370432;27@0.11242,0.363599,0.365514,0.815163,0.460191,0.825589,0.162468;92@0.946482,0.954473,0.152045,0.127075,0.183451;10@0.333127,0.275261,0.400698,0.242871,0.262022,0.03527,0.37905,0.155939,0.741814,0.366935,0.206155,0.758474;75@0.77716,0.267944,0.974308,0.796112,0.139284,0.934681,0.810974,0.596412,0.846092,0.323618;84@0.380217,0.889093,0.586468,0.191072,0.112278,0.722795,0.795438,0.431708,0.83391,0.636862,0.736097;82@0.56909;47@0.440386,0.227447,0.849825,0.50963,0.876679,0.878023,0.258577,0.623274,0.440164,0.793719,0.454667;9@0.789236,0.919564,0.759119,0.975438,0.106712,0.833867,0.006112,0.716254,0.348967,0.122798,0.563147;39@0.038993,0.415242,0.163613,0.882771,0.31658,0.438985,0.312472,0.342831,0.045231;88@0.130592,0.086044,0.044324,0.209144,0.772034,0.756354,0.751076;30@0.071119,0.980541,0.399835,0.894644,0.247694,0.482773,0.011504,0.594936,0.144927,0.859848|1|1762487393
I20251108 00:02:58.840804 139717798590272 data_text_parser.cc:116] beg_pos: 13066,end_pos: 15280
I20251108 00:02:58.840822 139717798590272 data_text_parser.cc:59] line: 321|429|1720@1858020230:0.245531;1185@602856145:0.594465;1587@2926868473:0.03867;1048@3317103884:0.419556;1413@4166464582:0.638715;1472@329809574:0.503781;1861@889462320:0.052067;1430@126074153:0.877824;1384@3192639437:0.734073;1829@1334610559:0.514225;1635@2416698963:0.394793;1785@2481437996:0.384246;1712@2825227259:0.66892;1116@2076840918:0.972786;1010@816816699:0.044322;1371@3906144331:0.443656;1381@2648170343:0.292079;1736@2075323226:0.520193;1206@1059756508:0.020612;1202@2284138423:0.597746|67@0.071259,0.145811,0.158088,0.169914,0.882037,0.870305,0.910642,0.3912,0.509874,0.07047,0.377438;56@0.144218,0.808339,0.742461,0.97279,0.179678,0.206798,0.698781,0.185035,0.886287,0.36118,0.697988,0.215009;73@0.687747,0.401394;38@0.149382,0.618297,0.711199,0.665929,0.098159,0.158133,0.871067,0.0593,0.265823,0.597102;1@;14@0.074451,0.50432,0.412354,0.908531,0.794522,0.573726,0.496056,0.266889,0.862231;41@;32@0.34757,0.471384,0.576102,0.780417;70@0.339095,0.808329,0.349675,0.800206;43@0.219287,0.607294,0.196598,0.337446,0.002237,0.423425,0.504617,0.434933,0.98367,0.787834,0.413785;65@0.454086,0.349304,0.980509,0.166688;20@0.399426,0.903766,0.661208,0.604854;40@0.003592,0.061514,0.695727;100@0.936108;37@0.737771,0.337092,0.742279,0.837927,0.315972,0.121891,0.963709,0.890044,0.760125,0.532234,0.870218,0.676842,0.928294;27@0.122436,0.069194,0.776202,0.528719,0.914801,0.846272,0.735758;92@0.939795,0.362527,0.938088,0.208081,0.156011;10@0.673232,0.71583,0.202098,0.337469,0.823929,0.499647,0.359445,0.056335,0.037068,0.006161,0.164186,0.950863;75@0.156963,0.18333,0.008643,0.524101,0.550207,0.293876,0.245309,0.461443,0.965171,0.140058;84@0.611066,0.244296,0.483491,0.773916,0.52582,0.911848,0.854579,0.675537,0.066882,0.991267,0.988575;82@0.549467;47@0.676577,0.941462,0.788161,0.428583,0.682787,0.365416,0.502703,0.596638,0.300344,0.621116,0.336618;9@0.881917,0.414606,0.964418,0.766647,0.406717,0.366446,0.81998,0.487158,0.354861,0.59745,0.83241;39@0.969159,0.248061,0.653355,0.690462,0.646572,0.181512,0.769649,0.010188,0.468944;88@0.304986,0.423889,0.385905,0.037843,0.186714,0.695813,0.901748;30@0.175786,0.313949,0.280266,0.112982,0.947402,0.218808,0.820236,0.261345,0.852402,0.288234|1|1762487393
I20251108 00:02:58.840870 139717798590272 data_text_parser.cc:116] beg_pos: 15281,end_pos: 17496
I20251108 00:02:58.840888 139717798590272 data_text_parser.cc:59] line: 322|71|1720@3558375853:0.134719;1185@1006976481:0.194521;1587@3132273412:0.333222;1048@859347049:0.270068;1413@1608777393:0.116879;1472@832409073:0.068915;1861@222561036:0.649537;1430@3537494850:0.026006;1384@917546073:0.79708;1829@2860844987:0.543634;1635@3473606449:0.38031;1785@175960903:0.29028;1712@1689323979:0.066021;1116@2202387269:0.474061;1010@4127068062:0.451975;1371@4246090680:0.901808;1381@3748577077:0.850843;1736@3347639870:0.097315;1206@1327072695:0.567643;1202@1425167685:0.618343|67@0.950092,0.629231,0.352902,0.043179,0.581928,0.069575,0.403254,0.060587,0.872176,0.824151,0.432298;56@0.501838,0.712428,0.816952,0.125466,0.412123,0.436003,0.989442,0.125509,0.960845,0.635154,0.69838,0.339484;73@0.115495,0.458918;38@0.288272,0.207654,0.812042,0.419292,0.642404,0.135231,0.309265,0.989584,0.644381,0.037086;1@;14@0.100915,0.521772,0.742076,0.399193,0.626533,0.294689,0.468639,0.124314,0.143413;41@;32@0.096571,0.133878,0.591659,0.741495;70@0.782416,0.222015,0.775474,0.38876;43@0.451864,0.255989,0.272698,0.893619,0.908308,0.798437,0.393738,0.990723,0.237278,0.562219,0.020685;65@0.520314,0.857803,0.998651,0.761969;20@0.696523,0.518769,0.946827,0.80471;40@0.007148,0.827165,0.398073;100@0.102474;37@0.586651,0.405568,0.853729,0.860986,0.830103,0.70549,0.195095,0.171717,0.877998,0.502978,0.114429,0.161852,0.935153;27@0.024345,0.95748,0.059688,0.692786,0.915091,0.033791,0.980186;92@0.140447,0.337979,0.875756,0.016536,0.15446;10@0.655886,0.835761,0.569141,0.669662,0.482015,0.590347,0.114284,0.987311,0.682832,0.18554,0.439428,0.09306;75@0.154053,0.810511,0.817202,0.716319,0.310937,0.313368,0.870828,0.434839,0.148759,0.567892;84@0.763405,0.934582,0.44069,0.701841,0.900333,0.306082,0.176177,0.026248,0.666881,0.190026,0.366425;82@0.166993;47@0.81753,0.267335,0.688822,0.166504,0.763864,0.517517,0.276929,0.842191,0.728235,0.273739,0.945462;9@0.92706,0.177931,0.537801,0.320203,0.131432,0.786776,0.174811,0.762863,0.50796,0.390519,0.798368;39@0.325428,0.795362,0.699127,0.356827,0.702012,0.068383,0.598435,0.721166,0.957918;88@0.799837,0.804315,0.889814,0.786351,0.499733,0.874956,0.15648;30@0.606493,0.834804,0.497684,0.614748,0.501617,0.726937,0.668601,0.054384,0.609879,0.855132|1|1762487393
I20251108 00:02:58.840942 139717798590272 data_text_parser.cc:116] beg_pos: 17497,end_pos: 19708
I20251108 00:02:58.840957 139717798590272 data_text_parser.cc:59] line: 323|301|1720@2645591007:0.018984;1185@1736964204:0.468745;1587@4042394290:0.298484;1048@2329106810:0.392771;1413@724072264:0.060217;1472@2856987687:0.230403;1861@2516792184:0.672396;1430@885751658:0.156749;1384@3406204117:0.621096;1829@362244795:0.030733;1635@3034792350:0.486535;1785@1049937708:0.289649;1712@3023254465:0.691934;1116@3037251513:0.957119;1010@3408261475:0.768161;1371@3872412238:0.066086;1381@2810933910:0.752225;1736@158535956:0.442168;1206@1629552957:0.538803;1202@1537335113:0.781783|67@0.222256,0.039269,0.491462,0.160717,0.354372,0.708358,0.370714,0.36451,0.079428,0.063737,0.242582;56@0.04305,0.304683,0.235691,0.945752,0.77914,0.3261,0.140111,0.505093,0.799854,0.454594,0.701978,0.856974;73@0.555727,0.189248;38@0.984023,0.101466,0.655161,0.32614,0.350026,0.837995,0.289138,0.060317,0.217291,0.225048;1@;14@0.503491,0.416351,0.960996,0.452856,0.944324,0.488427,0.191279,0.523804,0.021934;41@;32@0.51496,0.239436,0.500041,0.883479;70@0.299302,0.539974,0.931367,0.440746;43@0.258768,0.270211,0.098599,0.788475,0.701471,0.718277,0.938768,0.595428,0.222557,0.756698,0.447094;65@0.80002,0.62723,0.651298,0.290907;20@0.333886,0.148497,0.226031,0.884639;40@0.471897,0.151431,0.283961;100@0.407935;37@0.108225,0.016877,0.470345,0.721643,0.444551,0.038666,0.412989,0.616153,0.971289,0.427337,0.84132,0.699572,0.40366;27@0.349847,0.570573,0.158057,0.439897,0.777791,0.685023,0.129804;92@0.710787,0.127646,0.744353,0.715944,0.887727;10@0.108148,0.302087,0.704826,0.254819,0.512119,0.737559,0.393453,0.474723,0.610031,0.645872,0.648973,0.517189;75@0.085206,0.909146,0.015976,0.187253,0.1719,0.589747,0.945724,0.684809,0.155626,0.426947;84@0.814699,0.844197,0.856263,0.844293,0.0485,0.524194,0.880555,0.343995,0.179866,0.794852,0.647296;82@0.740427;47@0.236988,0.983064,0.216093,0.627449,0.854782,0.291547,0.048049,0.382243,0.949752,0.463084,0.8063;9@0.863409,0.799022,0.801617,0.1659,0.120966,0.387526,0.313712,0.856674,0.189349,0.562332,0.37544;39@0.254546,0.041745,0.072708,0.874409,0.167755,0.377111,0.585348,0.268601,0.750411;88@0.17463,0.297537,0.922159,0.548824,0.554281,0.357708,0.741624;30@0.610125,0.713663,0.543093,0.109481,0.316009,0.695488,0.964752,0.957581,0.084061,0.50397|1|1762487393
I20251108 00:02:58.840979 139717798590272 data_text_parser.cc:116] beg_pos: 19709,end_pos: 20480
I20251108 00:02:58.841231 139717798590272 data_text_parser.cc:101] get chunk buffer, size: 20480
I20251108 00:02:58.841253 139717798590272 data_text_parser.cc:116] beg_pos: 0,end_pos: 1441
I20251108 00:02:58.841260 139717798590272 data_text_parser.cc:61] buffer line: 324|696|1720@2852206043:0.567132;1185@2574857927:0.785682;1587@3733979797:0.416466;1048@133999643:0.76454;1413@1611457985:0.760984;1472@2565192696:0.92295;1861@399845672:0.807054;1430@2317729832:0.696676;1384@3474854303:0.843886;1829@3884074330:0.050415;1635@4135689861:0.489468;1785@3784720478:0.260834;1712@1549409493:0.297641;1116@3629472244:0.933519;1010@825182297:0.249669;1371@3480540247:0.592605;1381@4271309955:0.665482;1736@2955984301:0.632783;1206@1750805477:0.431553;1202@1957787791:0.464096|67@0.716394,0.145932,0.135696,0.224015,0.452241,0.232681,0.993271,0.990027,0.167906,0.883114,0.434125;56@0.019898,0.869673,0.15614,0.657064,0.718736,0.645832,0.514769,0.410747,0.905814,0.021186,0.057615,0.890861;73@0.760958,0.778866;38@0.947685,0.918885,0.779898,0.396551,0.8496,0.723841,0.628402,0.239257,0.679095,0.833214;1@;14@0.142587,0.467568,0.421113,0.362536,0.37848,0.066275,0.242531,0.487013,0.304644;41@;32@0.710842,0.697335,0.212556,0.071853;70@0.544442,0.064552,0.601133,0.89771;43@0.273878,0.955083,0.525105,0.858099,0.065467,0.715366,0.889175,0.083858,0.178344,0.77161,0.766354;65@0.912923,0.476078,0.349217,0.807999;20@0.780091,0.920894,0.1707,0.709622;40@0.776839,0.415983,0.301453;100@0.91652;37@0.955477,0.012766,0.988089,0.26545,0.510177,0.349936,0.754198,0.105819,0.372843,0.342708,0.985405,0.021553,0.02454;27@0.106594,0.039881,0.45127,0.408335,0.212441,0.294568,0.241986;92@0.633437,0.87669,0.048384,0.814583,0.277857;10@0.131532,0.070955,0.085183,0.250591,0.652054,0.835565,0.053609,0.862815,0.630894,0.085563,0.718508,0.47015;75@0.996217,0.234686,0.354809,0.873914,0.072948,0.614374,0.304344,0.95092,0.167918,0.095109;84@0.503267,0.947624,0.155359,0.052697,0.796354,0.436397,0.503172,0.979077,0.513182,0.257885,0.227683;82@0.870187;47@0.201588,0.836805,0.259019,0.87049,0.473752,0.516916,0.511657,0.81456,0.004648,0.556605,0.938559;9@0.63998,0.261486,0.444964,0.328245,0.734213,0.250472,0.995185,0.153099,0.517926,0.12784,0.788271;39@0.929548,0.393241,0.051706,0.244124,0.958175,0.242548,0.115227,0.491094,0.515524;88@0.352192,0.98441,0.988399,0.568033,0.112214,0.035226,0.834274;30@0.130009,0.897897,0.370083,0.971653,0.993165,0.280718,0.871783,0.124888,0.879927,0.610441|1|1762487393
I20251108 00:02:58.841304 139717798590272 data_text_parser.cc:116] beg_pos: 1442,end_pos: 3650
I20251108 00:02:58.841317 139717798590272 data_text_parser.cc:59] line: 325|945|1720@3657070061:0.403389;1185@1873918344:0.146151;1587@150483811:0.105136;1048@2899583235:0.499741;1413@3851638279:0.931671;1472@4017514331:0.078556;1861@431011675:0.554084;1430@147617615:0.611498;1384@1671425832:0.407772;1829@1396111926:0.167638;1635@185328820:0.28793;1785@1840757293:0.577925;1712@3286553823:0.729469;1116@2951891152:0.951319;1010@3945247310:0.645131;1371@2667780048:0.093129;1381@897828860:0.736601;1736@654115836:0.061047;1206@2425969611:0.261237;1202@1908076930:0.316412|67@0.390591,0.741694,0.56881,0.491938,0.066797,0.404221,0.927346,0.404993,0.57545,0.051822,0.766246;56@0.652615,0.29791,0.887029,0.014765,0.295309,0.759566,0.185426,0.069111,0.250663,0.128866,0.861555,0.117382;73@0.485415,0.816592;38@0.494553,0.463701,0.845393,0.768359,0.094696,0.133899,0.424892,0.57764,0.26021,0.147096;1@;14@0.187908,0.000831,0.092328,0.495562,0.763397,0.625497,0.103681,0.506729,0.147715;41@;32@0.980282,0.903416,0.462175,0.380533;70@0.485728,0.77814,0.463431,0.759095;43@0.514186,0.58812,0.044352,0.343097,0.033854,0.739056,0.669991,0.695611,0.96372,0.45497,0.981999;65@0.653636,0.064976,0.776942,0.722679;20@0.662351,0.210932,0.618095,0.17536;40@0.56595,0.885176,0.863513;100@0.95957;37@0.609891,0.706506,0.830689,0.116436,0.587742,0.336611,0.674978,0.138718,0.968216,0.875947,0.070698,0.853945,0.040012;27@0.286165,0.968996,0.219373,0.858789,0.093647,0.954576,0.318944;92@0.308432,0.082493,0.137633,0.041114,0.872339;10@0.510264,0.051853,0.234231,0.557839,0.617262,0.593575,0.599969,0.068048,0.625123,0.164872,0.00242,0.800661;75@0.227725,0.83748,0.651366,0.400443,0.618394,0.887668,0.843911,0.61043,0.176029,0.986685;84@0.748605,0.396413,0.119283,0.424132,0.093739,0.146026,0.996388,0.655041,0.874437,0.897438,0.278608;82@0.514886;47@0.861221,0.379022,0.302478,0.054288,0.687939,0.726526,0.026326,0.917698,0.14927,0.606861,0.2778;9@0.342452,0.961444,0.858796,0.539698,0.61744,0.815713,0.397915,0.807134,0.621783,0.493826,0.277776;39@0.327632,0.644717,0.981049,0.6373,0.482524,0.67315,0.480466,0.128955,0.049222;88@0.514748,0.548702,0.248482,0.970954,0.192587,0.098201,0.256271;30@0.625029,0.456308,0.598562,0.061804,0.886226,0.211386,0.092433,0.363427,0.382054,0.899106|1|1762487393
I20251108 00:02:58.841354 139717798590272 data_text_parser.cc:116] beg_pos: 3651,end_pos: 5864
I20251108 00:02:58.841366 139717798590272 data_text_parser.cc:59] line: 326|489|1720@955343825:0.212318;1185@1577729390:0.072279;1587@1048917694:0.676086;1048@583031908:0.15884;1413@1013404981:0.578416;1472@1135079110:0.133306;1861@1514819551:0.931657;1430@309916703:0.903546;1384@2403215775:0.423692;1829@3764085259:0.006269;1635@1376104936:0.279621;1785@1202026979:0.756044;1712@455813843:0.966988;1116@1364336234:0.587888;1010@2614842691:0.181115;1371@2178512692:0.068504;1381@2878036977:0.350797;1736@1255840104:0.593658;1206@106137809:0.704122;1202@2566211855:0.692298|67@0.78424,0.125061,0.838601,0.212695,0.813467,0.860732,0.616558,0.579897,0.116163,0.487283,0.938845;56@0.756372,0.20099,0.648008,0.436434,0.237901,0.327852,0.733437,0.353831,0.77546,0.257587,0.243672,0.636277;73@0.55507,0.505933;38@0.525796,0.893597,0.571032,0.033488,0.494475,0.633314,0.648006,0.352948,0.780288,0.210085;1@;14@0.384108,0.176521,0.041754,0.305026,0.482357,0.319669,0.360903,0.528045,0.59703;41@;32@0.212113,0.978698,0.208495,0.935515;70@0.664465,0.98304,0.610493,0.404103;43@0.891794,0.264876,0.100678,0.965885,0.528465,0.310886,0.267907,0.257782,0.222442,0.061509,0.513476;65@0.291257,0.069947,0.245488,0.349718;20@0.115754,0.456132,0.506057,0.501965;40@0.781694,0.541235,0.131189;100@0.282343;37@0.432795,0.498627,0.042872,0.842496,0.570331,0.234195,0.290364,0.292631,0.327124,0.198131,0.388798,0.666375,0.614117;27@0.055003,0.73198,0.136655,0.767809,0.226812,0.193658,0.850259;92@0.995869,0.532091,0.96445,0.841338,0.620563;10@0.973782,0.160771,0.666667,0.10533,0.559946,0.346727,0.698061,0.69966,0.65145,0.347219,0.979418,0.081743;75@0.431414,0.016147,0.230763,0.855754,0.685166,0.294165,0.504372,0.066513,0.205728,0.230225;84@0.761386,0.842223,0.84796,0.810978,0.572234,0.23772,0.264585,0.364151,0.615911,0.094343,0.581896;82@0.548016;47@0.933715,0.68932,0.950857,0.772152,0.704498,0.514712,0.691911,0.548477,0.478691,0.026813,0.01476;9@0.899535,0.627831,0.413309,0.276172,0.608946,0.581446,0.225446,0.260827,0.47957,0.475515,0.192794;39@0.773425,0.372232,0.687182,0.521861,0.868128,0.252764,0.687606,0.209615,0.261495;88@0.757291,0.453187,0.972589,0.144652,0.471556,0.08335,0.638951;30@0.401848,0.43187,0.430734,0.781623,0.916777,0.710797,0.219581,0.355389,0.553274,0.885397|1|1762487393
I20251108 00:02:58.841406 139717798590272 data_text_parser.cc:116] beg_pos: 5865,end_pos: 8081
I20251108 00:02:58.841418 139717798590272 data_text_parser.cc:59] line: 327|353|1720@1853633215:0.587327;1185@3539551693:0.561222;1587@114581106:0.509945;1048@3307216292:0.728949;1413@391797039:0.553944;1472@1254284750:0.907196;1861@4196086267:0.214453;1430@2941063181:0.411407;1384@4127068062:0.771899;1829@1801033723:0.055681;1635@427198693:0.262714;1785@3879073781:0.268961;1712@1500274498:0.909572;1116@2495109132:0.291017;1010@1212652345:0.47915;1371@1892189920:0.633339;1381@2900927016:0.889722;1736@1946153181:0.02885;1206@3170034136:0.819107;1202@3212110173:0.761191|67@0.183053,0.900813,0.737208,0.063596,0.252054,0.679802,0.010376,0.007974,0.122914,0.750958,0.64967;56@0.889474,0.520241,0.961242,0.113552,0.759879,0.874285,0.707168,0.728037,0.317666,0.975636,0.591327,0.561688;73@0.337245,0.660461;38@0.370065,0.673382,0.646697,0.390217,0.366013,0.961599,0.273252,0.738324,0.279285,0.250457;1@;14@0.155098,0.954565,0.444891,0.21371,0.856646,0.732432,0.411766,0.350503,0.203578;41@;32@0.446395,0.571447,0.632027,0.616874;70@0.215593,0.387592,0.776727,0.245043;43@0.830099,0.720489,0.658647,0.221401,0.67495,0.222462,0.29852,0.838502,0.081978,0.095095,0.310514;65@0.164598,0.020449,0.942488,0.809975;20@0.490677,0.336133,0.552095,0.719193;40@0.99512,0.321147,0.341035;100@0.167174;37@0.589322,0.334092,0.918809,0.547069,0.344999,0.89136,0.364248,0.653777,0.11203,0.059781,0.978756,0.766102,0.374019;27@0.264446,0.51282,0.967851,0.576221,0.473152,0.321971,0.842031;92@0.498001,0.205079,0.112695,0.055286,0.840774;10@0.72224,0.102603,0.978595,0.384267,0.034546,0.410509,0.654363,0.22354,0.288505,0.385215,0.128236,0.600773;75@0.886078,0.476903,0.148218,0.815117,0.585713,0.066957,0.259029,0.478844,0.870252,0.412719;84@0.326195,0.159986,0.105478,0.170159,0.520574,0.206409,0.22522,0.770678,0.735982,0.537647,0.912359;82@0.441203;47@0.191344,0.536188,0.212944,0.65294,0.840317,0.288802,0.911348,0.718912,0.995921,0.635501,0.251841;9@0.804542,0.049948,0.962424,0.13604,0.639067,0.466113,0.751505,0.820863,0.344867,0.045198,0.66883;39@0.369563,0.068511,0.277063,0.598582,0.673316,0.071196,0.039469,0.387912,0.094309;88@0.65761,0.392975,0.443868,0.344245,0.725885,0.102368,0.757887;30@0.978913,0.971506,0.454195,0.836776,0.133571,0.176192,0.949584,0.953014,0.65735,0.918777|1|1762487393
I20251108 00:02:58.841460 139717798590272 data_text_parser.cc:116] beg_pos: 8082,end_pos: 10292
I20251108 00:02:58.841472 139717798590272 data_text_parser.cc:59] line: 328|785|1720@2721838119:0.527368;1185@1424989306:0.781524;1587@3078124074:0.474532;1048@2537469073:0.918059;1413@2208288689:0.973317;1472@1747681250:0.393448;1861@668807746:0.35779;1430@1268799641:0.371398;1384@2998106988:0.631717;1829@1108913994:0.422205;1635@2350136721:0.934325;1785@1800756410:0.234992;1712@460321203:0.589413;1116@3666709966:0.629159;1010@3091703716:0.012598;1371@3685218401:0.172652;1381@1579593833:0.185446;1736@1195116504:0.914869;1206@2751117897:0.821809;1202@2852787131:0.715299|67@0.802802,0.38158,0.021067,0.822737,0.217674,0.18178,0.962842,0.700209,0.675985,0.161334,0.852327;56@0.285838,0.367785,0.023433,0.257724,0.811012,0.952982,0.911509,0.08395,0.480924,0.397211,0.002592,0.235442;73@0.527973,0.856794;38@0.002035,0.067244,0.630498,0.057992,0.574711,0.975873,0.69211,0.713155,0.864847,0.712419;1@;14@0.163675,0.231613,0.721168,0.403724,0.296772,0.98311,0.429513,0.474112,0.392869;41@;32@0.600201,0.058123,0.798153,0.118321;70@0.864057,0.348178,0.18206,0.476378;43@0.874588,0.416722,0.633935,0.650059,0.986641,0.155368,0.312986,0.650139,0.069755,0.684687,0.69859;65@0.112462,0.121473,0.09324,0.452801;20@0.621255,0.51787,0.49816,0.360733;40@0.622503,0.319354,0.47077;100@0.476169;37@0.8819,0.63457,0.623404,0.700828,0.182381,0.542397,0.087029,0.990323,0.273204,0.934557,0.294903,0.578876,0.960557;27@0.758985,0.893873,0.830156,0.984458,0.747722,0.930634,0.172412;92@0.914354,0.596916,0.614001,0.992614,0.846676;10@0.672924,0.905871,0.8356,0.392159,0.905789,0.228235,0.295768,0.87909,0.114828,0.833723,0.883904,0.116854;75@0.90857,0.908091,0.972702,0.228075,0.108279,0.912174,0.134488,0.489736,0.011929,0.69123;84@0.663626,0.059115,0.646834,0.724915,0.982192,0.506245,0.326923,0.593694,0.784852,0.878532,0.71828;82@0.637854;47@0.697089,0.892489,0.40927,0.657242,0.776867,0.345884,0.774188,0.244779,0.753765,0.906257,0.610957;9@0.740591,0.869075,0.851135,0.354262,0.627465,0.623714,0.026705,0.173037,0.247498,0.54913,0.292274;39@0.206896,0.861711,0.489861,0.501782,0.69948,0.287273,0.748085,0.724855,0.555786;88@0.347153,0.977142,0.267393,0.843743,0.612347,0.566545,0.607449;30@0.461939,0.766308,0.834153,0.511302,0.154751,0.671841,0.189421,0.461313,0.981833,0.43234|1|1762487393
I20251108 00:02:58.841503 139717798590272 data_text_parser.cc:116] beg_pos: 10293,end_pos: 12505
I20251108 00:02:58.841516 139717798590272 data_text_parser.cc:59] line: 329|450|1720@3707890111:0.304666;1185@905660814:0.114528;1587@1567120951:0.608464;1048@3879354435:0.221193;1413@564515527:0.610898;1472@2750789478:0.208086;1861@2810933910:0.045622;1430@2561362242:0.767128;1384@4031015206:0.595649;1829@2646232513:0.657351;1635@2907414905:0.613378;1785@1722120961:0.691758;1712@955343825:0.921722;1116@482691390:0.37341;1010@852319569:0.521073;1371@2168199671:0.021294;1381@1730417556:0.582722;1736@3258576065:0.681036;1206@585304759:0.080985;1202@1839849930:0.430243|67@0.370327,0.312265,0.069869,0.238485,0.162531,0.090914,0.406001,0.423839,0.366466,0.900043,0.477087;56@0.972324,0.15498,0.085334,0.286545,0.905386,0.668895,0.417544,0.933419,0.981495,0.221641,0.922087,0.257504;73@0.974438,0.86031;38@0.297601,0.102137,0.495268,0.022709,0.269334,0.914905,0.326577,0.851036,0.637878,0.35381;1@;14@0.480842,0.123047,0.453189,0.874312,0.216743,0.63334,0.534939,0.869818,0.316204;41@;32@0.618685,0.519898,0.275026,0.258836;70@0.048776,0.704221,0.484344,0.536994;43@0.950232,0.757749,0.642217,0.743716,0.974981,0.402875,0.355716,0.590257,0.454069,0.183785,0.275183;65@0.334773,0.827081,0.905345,0.264525;20@0.851916,0.241563,0.039978,0.761396;40@0.241376,0.557556,0.019305;100@0.417484;37@0.539143,0.664475,0.360361,0.240477,0.62529,0.637577,0.970113,0.815013,0.056796,0.581993,0.791773,0.087506,0.215807;27@0.72613,0.731108,0.780149,0.014876,0.437107,0.85992,0.957156;92@0.718959,0.117398,0.478437,0.205458,0.121626;10@0.550396,0.78402,0.013041,0.507665,0.111571,0.035974,0.302867,0.83523,0.728637,0.159013,0.395818,0.448867;75@0.577293,0.821727,0.58221,0.631859,0.897833,0.957562,0.25525,0.179626,0.634531,0.094958;84@0.336716,0.996184,0.553595,0.612794,0.605722,0.894701,0.07729,0.73474,0.370426,0.524875,0.863862;82@0.503155;47@0.436039,0.243199,0.09867,0.070021,0.858209,0.482589,0.468951,0.891553,0.111896,0.315041,0.064596;9@0.085628,0.264246,0.960931,0.466949,0.488432,0.2911,0.184791,0.088764,0.023002,0.759789,0.836378;39@0.990745,0.011127,0.791458,0.160479,0.803579,0.467695,0.394021,0.619695,0.869439;88@0.204628,0.603207,0.531549,0.683012,0.494156,0.009058,0.347134;30@0.810382,0.142567,0.98479,0.367115,0.129383,0.929181,0.115056,0.18506,0.962835,0.448265|1|1762487393
I20251108 00:02:58.841556 139717798590272 data_text_parser.cc:116] beg_pos: 12506,end_pos: 14706
I20251108 00:02:58.841569 139717798590272 data_text_parser.cc:59] line: 330|42|1720@932788062:0.110967;1185@2637100260:0.927287;1587@2059334054:0.647288;1048@2675634649:0.967904;1413@185328820:0.797885;1472@769688730:0.629116;1861@1869916427:0.427664;1430@3321481276:0.158045;1384@830634684:0.100018;1829@520180893:0.855964;1635@255182098:0.309667;1785@1537610209:0.676964;1712@3202175139:0.569123;1116@1770673893:0.80731;1010@1473231094:0.070317;1371@3455969066:0.616416;1381@2295832460:0.110165;1736@48091323:0.174673;1206@1947491398:0.560434;1202@202693671:0.724985|67@0.709361,0.438596,0.800788,0.958559,0.038787,0.397214,0.984817,0.855545,0.437166,0.632073,0.140656;56@0.386717,0.154328,0.275233,0.861444,0.461908,0.761131,0.891721,0.11474,0.792055,0.851085,0.656519,0.783507;73@0.56229,0.163166;38@0.468589,0.117366,0.365429,0.156927,0.583864,0.370503,0.062008,0.270184,0.346586,0.347843;1@;14@0.834937,0.376617,0.222472,0.78146,0.579834,0.962113,0.336448,0.41016,0.516043;41@;32@0.87778,0.044894,0.323236,0.090272;70@0.209009,0.993256,0.385988,0.57609;43@0.751557,0.135937,0.205815,0.625168,0.029956,0.676306,0.245187,0.910969,0.456917,0.246057,0.291338;65@0.970957,0.707962,0.735067,0.884215;20@0.333144,0.962417,0.156686,0.575143;40@0.453261,0.722378,0.410799;100@0.526163;37@0.094834,0.060616,0.394275,0.46877,0.60284,0.31526,0.916975,0.346784,0.093697,0.132663,0.254086,0.388579,0.686464;27@0.885961,0.102631,0.684438,0.565745,0.954871,0.438046,0.234855;92@0.978898,0.774008,0.487363,0.199202,0.841352;10@0.379666,0.216494,0.459591,0.580701,0.924947,0.44987,0.22667,0.020505,0.149492,0.072757,0.860701,0.299603;75@0.645385,0.897941,0.866363,0.135164,0.872432,0.803683,0.487252,0.998856,0.129867,0.306003;84@0.485987,0.146963,0.386861,0.739684,0.045343,0.214986,0.915851,0.886451,0.290704,0.208927,0.920428;82@0.633407;47@0.687034,0.939309,0.277322,0.290308,0.822449,0.882404,0.14,0.103806,0.75846,0.271501,0.702886;9@0.209399,0.82934,0.480356,0.048094,0.022273,0.849908,0.523903,0.8473,0.735531,0.28849,0.558928;39@0.037359,0.12473,0.46893,0.814356,0.368787,0.488339,0.10224,0.450113,0.458285;88@0.046555,0.805748,0.904513,0.524962,0.615568,0.16066,0.978708;30@0.884063,0.37816,0.390694,0.220599,0.254515,0.383108,0.348262,0.147689,0.86679,0.752795|1|1762487393
I20251108 00:02:58.841600 139717798590272 data_text_parser.cc:116] beg_pos: 14707,end_pos: 16917
I20251108 00:02:58.841613 139717798590272 data_text_parser.cc:59] line: 331|27|1720@42367483:0.330675;1185@535416044:0.61702;1587@359489189:0.281439;1048@359489189:0.293336;1413@1668579044:0.449625;1472@4105386136:0.869132;1861@2683654551:0.79465;1430@2047881806:0.827966;1384@1343328038:0.503929;1829@1282311674:0.333761;1635@3777803744:0.850518;1785@1559483059:0.678117;1712@2865869589:0.277662;1116@1726364424:0.781671;1010@2097525105:0.677811;1371@2605547763:0.873754;1381@4276035160:0.960135;1736@1385211104:0.89926;1206@3827855481:0.945363;1202@672521935:0.53068|67@0.021459,0.838578,0.403464,0.809648,0.533587,0.914931,0.035834,0.606432,0.393963,0.385648,0.411461;56@0.751552,0.61129,0.720332,0.209713,0.593235,0.029784,0.099296,0.831125,0.895345,0.908146,0.025767,0.335178;73@0.845782,0.728714;38@0.350547,0.555376,0.959599,0.005508,0.784757,0.153648,0.189362,0.95286,0.009971,0.509085;1@;14@0.413304,0.744958,0.839287,0.659198,0.576104,0.665405,0.737314,0.296229,0.296694;41@;32@0.412241,0.125668,0.468425,0.021771;70@0.63454,0.255583,0.506971,0.785696;43@0.634393,0.030194,0.128948,0.27054,0.819406,0.278161,0.722557,0.327093,0.428296,0.249562,0.081543;65@0.584347,0.499394,0.259447,0.728027;20@0.389163,0.987304,0.186211,0.084258;40@0.619542,0.499571,0.493559;100@0.856652;37@0.19063,0.667996,0.843429,0.042927,0.349892,0.805563,0.997049,0.094778,0.110837,0.514838,0.170145,0.428674,0.741016;27@0.608438,0.143444,0.447341,0.739414,0.762588,0.436211,0.17709;92@0.401031,0.598937,0.112945,0.380042,0.673652;10@0.679347,0.07343,0.533399,0.891427,0.311277,0.991586,0.291489,0.671522,0.957369,0.230227,0.530013,0.218546;75@0.856621,0.318349,0.930378,0.67522,0.846165,0.917192,0.291195,0.619015,0.116032,0.585156;84@0.016598,0.718777,0.636665,0.633836,0.938015,0.683404,0.129938,0.891516,0.650464,0.254364,0.25471;82@0.193242;47@0.621551,0.318043,0.003952,0.180141,0.081042,0.076521,0.066713,0.072358,0.186751,0.808932,0.402754;9@0.031648,0.59654,0.078627,0.199958,0.95018,0.397014,0.264931,0.601135,0.565836,0.0879,0.200485;39@0.722692,0.534295,0.395353,0.328561,0.672704,0.584398,0.90354,0.714171,0.76374;88@0.111272,0.214075,0.093393,0.045435,0.432788,0.899027,0.480678;30@0.330904,0.465054,0.123478,0.711261,0.782154,0.67044,0.849531,0.571944,0.111985,0.662433|0|1762487393
I20251108 00:02:58.841653 139717798590272 data_text_parser.cc:116] beg_pos: 16918,end_pos: 19119
I20251108 00:02:58.841665 139717798590272 data_text_parser.cc:59] line: 332|580|1720@3076671042:0.925508;1185@903625689:0.071084;1587@2591662322:0.99023;1048@4130950648:0.315693;1413@1960929098:0.802105;1472@1838913896:0.491123;1861@2958592136:0.494901;1430@2115015202:0.955287;1384@3043734120:0.076199;1829@2701036215:0.271234;1635@1070352739:0.898183;1785@2181162853:0.86;1712@1107526753:0.725277;1116@3980713763:0.686306;1010@528003570:0.548272;1371@278374360:0.923615;1381@3486674292:0.542009;1736@3402129934:0.405661;1206@4244165723:0.945539;1202@373323518:0.444767|67@0.792362,0.753211,0.385275,0.870679,0.872321,0.957114,0.704395,0.343391,0.37416,0.430489,0.11685;56@0.364312,0.218225,0.084971,0.326776,0.763703,0.016133,0.220721,0.387126,0.162535,0.194098,0.10492,0.482586;73@0.014847,0.617787;38@0.501812,0.406094,0.154433,0.178108,0.67263,0.3128,0.70114,0.982017,0.21356,0.504017;1@;14@0.955875,0.349544,0.42322,0.025276,0.172775,0.371211,0.148811,0.316653,0.290724;41@;32@0.966553,0.131028,0.969344,0.230593;70@0.666677,0.2121,0.684148,0.874442;43@0.652617,0.780911,0.341055,0.927146,0.422447,0.917734,0.590879,0.039007,0.192476,0.56342,0.201962;65@0.610999,0.41338,0.160919,0.372562;20@0.971638,0.160121,0.147279,0.315862;40@0.676177,0.230985,0.963425;100@0.907624;37@0.092247,0.537646,0.94798,0.244726,0.982499,0.851043,0.323597,0.123944,0.146696,0.007499,0.476959,0.66744,0.802495;27@0.23702,0.597961,0.597252,0.406728,0.645978,0.866878,0.154591;92@0.081763,0.155334,0.316833,0.609026,0.966633;10@0.068713,0.001497,0.091939,0.91354,0.75433,0.254226,0.89465,0.537414,0.730905,0.673949,0.130805,0.760421;75@0.75097,0.899288,0.406311,0.954537,0.608319,0.474657,0.378076,0.062597,0.875673,0.210277;84@0.658682,0.140131,0.002047,0.024319,0.897013,0.33066,0.319331,0.227081,0.167975,0.149464,0.464471;82@0.853783;47@0.333308,0.472468,0.166898,0.766367,0.383523,0.87624,0.176339,0.090649,0.100965,0.890532,0.236229;9@0.717372,0.438194,0.75366,0.682322,0.086041,0.777415,0.531271,0.67165,0.424892,0.466972,0.892429;39@0.103682,0.352207,0.904143,0.16153,0.793856,0.556647,0.724788,0.276437,0.728486;88@0.762455,0.677677,0.752148,0.296349,0.780112,0.295471,0.3008;30@0.537594,0.260284,0.445299,0.684034,0.581846,0.053354,0.397552,0.754064,0.405389,0.479567|0|1762487393
I20251108 00:02:58.841700 139717798590272 data_text_parser.cc:116] beg_pos: 19120,end_pos: 20480
I20251108 00:02:58.841943 139717798590272 data_text_parser.cc:101] get chunk buffer, size: 20480
I20251108 00:02:58.841962 139717798590272 data_text_parser.cc:116] beg_pos: 0,end_pos: 845
I20251108 00:02:58.841972 139717798590272 data_text_parser.cc:61] buffer line: 333|544|1720@504185182:0.720857;1185@1973880266:0.423935;1587@643034679:0.113137;1048@3269852205:0.818471;1413@461494474:0.502107;1472@2058408332:0.154176;1861@286587457:0.004795;1430@3634826022:0.121559;1384@1097214084:0.145588;1829@1981910277:0.046232;1635@644531993:0.791352;1785@2509468600:0.491622;1712@180910012:0.779438;1116@3049154000:0.561301;1010@3703975696:0.775145;1371@2578211816:0.471957;1381@1587505489:0.265255;1736@3326623080:0.62421;1206@2160243784:0.741959;1202@2182348995:0.11332|67@0.690369,0.861514,0.700837,0.800636,0.023035,0.102499,0.928488,0.27997,0.915281,0.249476,0.749494;56@0.808236,0.961385,0.522887,0.927435,0.470549,0.813957,0.951177,0.752236,0.391233,0.290816,0.595194,0.578175;73@0.852788,0.308277;38@0.155136,0.911991,0.884964,0.439038,0.762807,0.760634,0.94387,0.033277,0.47542,0.000507;1@;14@0.415286,0.056507,0.177295,0.874013,0.523184,0.341727,0.04253,0.263364,0.201545;41@;32@0.129102,0.196979,0.456291,0.479005;70@0.631254,0.494075,0.135095,0.64064;43@0.181892,0.636503,0.604445,0.148901,0.219037,0.768427,0.483984,0.711035,0.616864,0.235217,0.295019;65@0.1834,0.569226,0.131453,0.402401;20@0.068672,0.731144,0.192111,0.164708;40@0.781963,0.288014,0.976946;100@0.444263;37@0.324626,0.608787,0.551873,0.488091,0.764599,0.447117,0.419031,0.270622,0.775844,0.021905,0.074524,0.405551,0.01251;27@0.375544,0.734298,0.511734,0.066641,0.005242,0.290002,0.63263;92@0.766787,0.232744,0.664153,0.735495,0.8333;10@0.48724,0.550068,0.366463,0.828225,0.010883,0.577988,0.707247,0.49676,0.641048,0.838924,0.502855,0.17823;75@0.38742,0.862868,0.11447,0.724702,0.236733,0.588409,0.15919,0.238873,0.945906,0.159143;84@0.620578,0.494185,0.364509,0.07431,0.541478,0.678043,0.361433,0.834481,0.413901,0.452279,0.327248;82@0.876552;47@0.235474,0.688297,0.948224,0.773557,0.488086,0.99608,0.145429,0.89122,0.25606,0.748979,0.22864;9@0.52315,0.098086,0.091481,0.572863,0.180067,0.641832,0.462622,0.906687,0.627729,0.035799,0.870878;39@0.552295,0.500126,0.578503,0.775152,0.76491,0.003172,0.285078,0.719647,0.414255;88@0.290517,0.951854,0.093157,0.044453,0.025791,0.563347,0.510121;30@0.568481,0.938326,0.291434,0.104065,0.427315,0.845504,0.611433,0.714441,0.687012,0.307305|0|1762487393
I20251108 00:02:58.842015 139717798590272 data_text_parser.cc:116] beg_pos: 846,end_pos: 3058
I20251108 00:02:58.842029 139717798590272 data_text_parser.cc:59] line: 334|205|1720@2896186673:0.178166;1185@3031684869:0.597038;1587@1949187758:0.544086;1048@1070162933:0.802533;1413@3570488526:0.084593;1472@3229267741:0.907886;1861@2086491925:0.969984;1430@3602158648:0.389988;1384@1682708649:0.640955;1829@3424842665:0.956111;1635@3987978756:0.510684;1785@1161670104:0.872302;1712@3199710096:0.097452;1116@1912913292:0.286498;1010@4086455593:0.220395;1371@3279808979:0.906415;1381@2742983946:0.907383;1736@2203255463:0.03125;1206@357158790:0.106225;1202@4182933510:0.360535|67@0.631911,0.608441,0.124593,0.415019,0.1839,0.951724,0.597742,0.789341,0.757733,0.48462,0.834622;56@0.790958,0.075728,0.166787,0.644873,0.731285,0.746049,0.957719,0.321048,0.877805,0.033209,0.497471,0.836863;73@0.068318,0.030982;38@0.693273,0.667147,0.579339,0.522129,0.925903,0.444654,0.128933,0.192175,0.843259,0.544436;1@;14@0.284619,0.603578,0.129603,0.755734,0.486945,0.805942,0.25747,0.317202,0.593038;41@;32@0.907212,0.584995,0.666425,0.808272;70@0.915272,0.97948,0.610322,0.525573;43@0.548313,0.577066,0.549376,0.143542,0.291181,0.934281,0.970448,0.665404,0.818282,0.96843,0.497428;65@0.563548,0.58461,0.390946,0.50462;20@0.174574,0.528212,0.298727,0.153347;40@0.903865,0.139307,0.636453;100@0.238;37@0.895211,0.886804,0.264539,0.117896,0.404746,0.08626,0.462967,0.977766,0.955902,0.164544,0.544074,0.209853,0.646169;27@0.563369,0.115962,0.722444,0.044425,0.180593,0.450554,0.563665;92@0.329785,0.934933,0.898356,0.390585,0.901791;10@0.306095,0.214105,0.77659,0.553998,0.793826,0.196758,0.156732,0.140792,0.687623,0.549491,0.236644,0.424252;75@0.12484,0.870479,0.574018,0.755249,0.612162,0.15906,0.322252,0.947598,0.072318,0.092372;84@0.160901,0.56454,0.726876,0.804324,0.134417,0.101808,0.747081,0.14991,0.796389,0.056566,0.546564;82@0.000666;47@0.525302,0.861425,0.650265,0.075493,0.833101,0.985279,0.713097,0.547501,0.254423,0.91029,0.819059;9@0.653153,0.90034,0.26773,0.26466,0.861134,0.984541,0.683064,0.480449,0.077416,0.034307,0.162481;39@0.323724,0.447348,0.53407,0.116499,0.419453,0.998915,0.689747,0.547288,0.166165;88@0.490773,0.117288,0.332313,0.942264,0.175136,0.270245,0.138881;30@0.702445,0.526696,0.317155,0.039859,0.472694,0.299057,0.84048,0.709994,0.079944,0.879963|0|1762487393
I20251108 00:02:58.842073 139717798590272 data_text_parser.cc:116] beg_pos: 3059,end_pos: 5271
I20251108 00:02:58.842086 139717798590272 data_text_parser.cc:59] line: 335|606|1720@3564958534:0.37683;1185@2460241582:0.374714;1587@931371238:0.918452;1048@564515527:0.919071;1413@3901920875:0.46034;1472@2291543991:0.697158;1861@956179054:0.026554;1430@2098649154:0.965659;1384@707596762:0.043138;1829@241213376:0.727523;1635@324608803:0.771315;1785@1001883461:0.415342;1712@2559633109:0.679578;1116@3813484459:0.216563;1010@2846353280:0.881884;1371@4196086267:0.469559;1381@1425489803:0.333784;1736@1081356716:0.63876;1206@1872532663:0.439559;1202@416947533:0.54094|67@0.502648,0.042696,0.454141,0.38289,0.25862,0.401388,0.611059,0.731626,0.013142,0.981201,0.008972;56@0.854039,0.406599,0.226226,0.413656,0.02143,0.297894,0.390792,0.265213,0.317316,0.683479,0.899587,0.483836;73@0.377633,0.989271;38@0.410462,0.800995,0.010435,0.430412,0.93099,0.155277,0.176319,0.829539,0.896261,0.791774;1@;14@0.81964,0.846131,0.960542,0.657467,0.539849,0.290725,0.412197,0.352258,0.841223;41@;32@0.966046,0.587663,0.143659,0.406621;70@0.618317,0.601797,0.683918,0.285994;43@0.752111,0.952135,0.125452,0.529302,0.182371,0.621873,0.54766,0.182002,0.624022,0.782157,0.485652;65@0.088787,0.005949,0.372872,0.383929;20@0.221869,0.055397,0.757726,0.487454;40@0.864291,0.767367,0.377386;100@0.425511;37@0.256371,0.983426,0.667449,0.317141,0.773257,0.639258,0.254608,0.584093,0.090885,0.907331,0.577651,0.377514,0.856163;27@0.176859,0.663789,0.826327,0.293451,0.343277,0.321485,0.490311;92@0.538442,0.769026,0.559024,0.592279,0.088779;10@0.491678,0.332835,0.204509,0.745989,0.522583,0.287402,0.321954,0.194095,0.337516,0.4816,0.063887,0.52711;75@0.958232,0.320805,0.551267,0.092813,0.610534,0.543546,0.416295,0.449409,0.786415,0.184987;84@0.71491,0.704561,0.84044,0.192343,0.766884,0.230299,0.183757,0.757264,0.983306,0.383038,0.330269;82@0.615932;47@0.390107,0.349514,0.924023,0.366704,0.014297,0.21862,0.395779,0.107273,0.676985,0.095296,0.109026;9@0.207721,0.525729,0.113877,0.721206,0.964375,0.665625,0.714483,0.945076,0.199986,0.770715,0.075252;39@0.321061,0.191946,0.285965,0.236736,0.136836,0.454016,0.832297,0.013764,0.061513;88@0.921544,0.664633,0.331362,0.018496,0.860019,0.95421,0.138844;30@0.738028,0.154315,0.217947,0.204361,0.678386,0.57489,0.919308,0.619102,0.874042,0.282435|0|1762487393
I20251108 00:02:58.842117 139717798590272 data_text_parser.cc:116] beg_pos: 5272,end_pos: 7480
I20251108 00:02:58.842130 139717798590272 data_text_parser.cc:59] line: 336|442|1720@3132207727:0.136028;1185@961580187:0.893166;1587@2493419899:0.653976;1048@567175374:0.184352;1413@4090704294:0.788956;1472@3347734183:0.019264;1861@1199008882:0.035565;1430@375927339:0.39408;1384@2994474971:0.824815;1829@3367087072:0.158761;1635@2079451260:0.617697;1785@4119242439:0.120004;1712@2183897964:0.509844;1116@3275652954:0.056779;1010@161120385:0.166388;1371@1963396718:0.628871;1381@2316962422:0.295884;1736@1873133758:0.904339;1206@2463063113:0.16225;1202@790712972:0.363788|67@0.799226,0.975215,0.111284,0.421841,0.469301,0.382081,0.931601,0.968182,0.026992,0.987546,0.237643;56@0.677328,0.676785,0.36605,0.25587,0.207635,0.428421,0.197182,0.660512,0.308782,0.66297,0.585066,0.814692;73@0.028653,0.672919;38@0.496279,0.905744,0.221271,0.19321,0.392902,0.422435,0.986415,0.315696,0.177957,0.668311;1@;14@0.789294,0.144647,0.436414,0.795079,0.041181,0.094898,0.71068,0.494583,0.57322;41@;32@0.735788,0.756083,0.443919,0.219198;70@0.980826,0.310395,0.463424,0.606286;43@0.684736,0.726519,0.071108,0.620799,0.023532,0.343,0.246369,0.227955,0.131842,0.134673,0.683937;65@0.174478,0.346997,0.34671,0.946997;20@0.234202,0.247145,0.885016,0.920728;40@0.915285,0.982516,0.415683;100@0.236239;37@0.308703,0.227571,0.274475,0.277401,0.8125,0.844599,0.95562,0.165394,0.648381,0.11884,0.719382,0.869635,0.094228;27@0.480714,0.331651,0.453692,0.968322,0.437922,0.864655,0.108514;92@0.770193,0.006098,0.813794,0.346829,0.51411;10@0.679449,0.732723,0.361857,0.624917,0.092332,0.475133,0.839179,0.482501,0.893814,0.625939,0.99522,0.688616;75@0.34667,0.327382,0.096391,0.089488,0.755626,0.787391,0.102115,0.977904,0.401895,0.717288;84@0.374494,0.217304,0.190046,0.796701,0.676432,0.706449,0.458329,0.786751,0.522807,0.365837,0.875818;82@0.531534;47@0.206647,0.460786,0.346497,0.350725,0.839855,0.339341,0.88345,0.469814,0.924548,0.517854,0.04337;9@0.616728,0.339183,0.225339,0.371495,0.666037,0.605803,0.249197,0.217106,0.263074,0.892966,0.312111;39@0.129505,0.303646,0.091145,0.403044,0.735706,0.633826,0.796891,0.713539,0.038092;88@0.448095,0.098703,0.542868,0.186698,0.778317,0.917079,0.315151;30@0.207259,0.1923,0.237773,0.731316,0.64706,0.725794,0.034998,0.867857,0.091316,0.187375|1|1762487393
I20251108 00:02:58.842171 139717798590272 data_text_parser.cc:116] beg_pos: 7481,end_pos: 9691
I20251108 00:02:58.842183 139717798590272 data_text_parser.cc:59] line: 337|172|1720@992833147:0.510257;1185@2948291317:0.58159;1587@1548778732:0.094116;1048@3399089548:0.476078;1413@1669920558:0.331708;1472@3568146756:0.053617;1861@1291467187:0.321478;1430@4002910526:0.459543;1384@3374463586:0.608811;1829@2682930483:0.745843;1635@225365353:0.157851;1785@2158920389:0.517773;1712@546908809:0.854099;1116@953645205:0.44394;1010@917546073:0.933573;1371@3660762217:0.318236;1381@2561073125:0.607284;1736@932788062:0.355103;1206@1699230205:0.394399;1202@201982354:0.365462|67@0.050046,0.053987,0.965859,0.272557,0.245762,0.57983,0.480754,0.388411,0.252411,0.249837,0.484237;56@0.746659,0.095248,0.876144,0.801134,0.643012,0.858867,0.395347,0.996867,0.582758,0.142733,0.570387,0.656153;73@0.473328,0.064639;38@0.224842,0.692424,0.020727,0.815579,0.851238,0.278429,0.887522,0.830125,0.732035,0.014667;1@;14@0.2621,0.551125,0.358158,0.167857,0.319154,0.457236,0.389624,0.59042,0.735871;41@;32@0.321748,0.365137,0.095862,0.628502;70@0.426406,0.765953,0.599028,0.669373;43@0.913206,0.790402,0.804347,0.797846,0.085041,0.392298,0.909397,0.89742,0.238439,0.388445,0.700809;65@0.377485,0.565713,0.146486,0.070609;20@0.311508,0.78118,0.496841,0.786877;40@0.649059,0.197122,0.820518;100@0.488268;37@0.261305,0.692188,0.352571,0.99817,0.685628,0.447914,0.330749,0.691703,0.156415,0.783461,0.169148,0.9601,0.574877;27@0.269005,0.712472,0.094378,0.823405,0.856893,0.086644,0.12408;92@0.442999,0.785059,0.836546,0.152041,0.227419;10@0.210204,0.479104,0.238773,0.097159,0.013664,0.033108,0.269779,0.583501,0.082397,0.211248,0.707971,0.920451;75@0.656935,0.663912,0.205287,0.979074,0.962224,0.483399,0.963231,0.518964,0.485901,0.984597;84@0.998971,0.854686,0.772003,0.363577,0.446444,0.9003,0.384358,0.864483,0.844099,0.36793,0.62484;82@0.605633;47@0.239816,0.911157,0.181869,0.148003,0.94735,0.159504,0.629976,0.043038,0.760642,0.658991,0.376733;9@0.213181,0.231672,0.938416,0.865978,0.943214,0.798182,0.41685,0.473424,0.551294,0.260575,0.361584;39@0.63504,0.606451,0.617154,0.254008,0.261908,0.505346,0.799827,0.472672,0.933018;88@0.143651,0.838644,0.15739,0.470592,0.139604,0.084887,0.133803;30@0.312401,0.754351,0.081747,0.287566,0.943534,0.437196,0.675816,0.857101,0.680847,0.469849|1|1762487393
I20251108 00:02:58.842218 139717798590272 data_text_parser.cc:116] beg_pos: 9692,end_pos: 11898
I20251108 00:02:58.842236 139717798590272 data_text_parser.cc:59] line: 338|929|1720@317666141:0.772482;1185@4122044225:0.157385;1587@568542949:0.579943;1048@3486072997:0.447186;1413@3149692141:0.060198;1472@353903383:0.251283;1861@3280273882:0.714685;1430@1078937704:0.400781;1384@2960285292:0.404789;1829@2855851987:0.669722;1635@1271314818:0.272746;1785@141313518:0.674569;1712@1900263575:0.325335;1116@4269304455:0.199955;1010@2687539007:0.248532;1371@1002632547:0.182073;1381@2696943595:0.589458;1736@565207778:0.163216;1206@1592256021:0.744906;1202@1541999386:0.410498|67@0.243064,0.483459,0.198347,0.025198,0.02037,0.317311,0.491546,0.674749,0.654848,0.749177,0.433812;56@0.330953,0.31029,0.476482,0.342168,0.925037,0.690962,0.269413,0.464003,0.297515,0.940923,0.956772,0.934985;73@0.614484,0.346422;38@0.650966,0.59193,0.648298,0.760664,0.526852,0.99695,0.961976,0.044061,0.364525,0.290899;1@;14@0.436974,0.508927,0.051312,0.132315,0.795664,0.867468,0.436022,0.053322,0.658597;41@;32@0.892786,0.290811,0.62942,0.300925;70@0.563679,0.5535,0.56863,0.901238;43@0.474766,0.534261,0.8051,0.37314,0.588471,0.990539,0.918069,0.723322,0.703978,0.779992,0.202244;65@0.072853,0.221397,0.55612,0.322197;20@0.087473,0.93529,0.802031,0.613812;40@0.961159,0.542748,0.410014;100@0.660941;37@0.52656,0.485242,0.746589,0.780185,0.108661,0.29524,0.868576,0.376354,0.247471,0.688642,0.268531,0.797094,0.071708;27@0.349489,0.831481,0.085332,0.205346,0.874739,0.953592,0.090675;92@0.60562,0.445492,0.7706,0.412401,0.846729;10@0.63719,0.645359,0.801239,0.653923,0.380628,0.550795,0.237075,0.989243,0.338655,0.448256,0.990595,0.214893;75@0.854636,0.138597,0.015793,0.331278,0.773976,0.431504,0.29629,0.508884,0.432385,0.579976;84@0.004088,0.180908,0.17722,0.021073,0.813154,0.687767,0.780896,0.422955,0.533773,0.740857,0.364658;82@0.367759;47@0.853931,0.702766,0.290163,0.857518,0.266395,0.65241,0.575805,0.209153,0.134087,0.417659,0.226836;9@0.176177,0.21398,0.154589,0.666897,0.966084,0.278086,0.11469,0.526412,0.299298,0.867799,0.560919;39@0.315137,0.22875,0.686704,0.555337,0.92101,0.972895,0.992773,0.766055,0.542517;88@0.599075,0.941822,0.238002,0.056252,0.590356,0.201841,0.932895;30@0.360628,0.614653,0.770714,0.006035,0.704899,0.424129,0.079537,0.438163,0.988857,0.221692|1|1762487393
I20251108 00:02:58.842268 139717798590272 data_text_parser.cc:116] beg_pos: 11899,end_pos: 14104
I20251108 00:02:58.842281 139717798590272 data_text_parser.cc:59] line: 339|333|1720@1172500732:0.25381;1185@3406907496:0.509919;1587@1707772417:0.052034;1048@3722417325:0.437737;1413@2346618280:0.092552;1472@3210433842:0.696563;1861@3701282094:0.891149;1430@4078919591:0.256921;1384@2127133878:0.290793;1829@1725426678:0.969609;1635@876729658:0.050451;1785@859414084:0.767419;1712@3246687055:0.531807;1116@1804262185:0.9747;1010@1385351575:0.454;1371@877978567:0.144414;1381@1031511448:0.257989;1736@3777820670:0.210989;1206@1950766810:0.206943;1202@691503487:0.611304|67@0.724186,0.054728,0.932026,0.390189,0.604766,0.349813,0.920449,0.959564,0.517466,0.000734,0.878175;56@0.62646,0.716963,0.011287,0.266063,0.250901,0.4635,0.629626,0.373133,0.986987,0.185007,0.29454,0.463497;73@0.194123,0.396527;38@0.881782,0.769023,0.710377,0.530006,0.642175,0.367291,0.791568,0.889813,0.166431,0.97313;1@;14@0.301454,0.003626,0.805144,0.257931,0.516879,0.471482,0.326018,0.064387,0.27183;41@;32@0.604559,0.910931,0.44008,0.354675;70@0.819095,0.398854,0.220429,0.714948;43@0.320667,0.067924,0.251846,0.072125,0.422779,0.090015,0.583779,0.494474,0.066913,0.480205,0.229205;65@0.595882,0.51259,0.648816,0.320823;20@0.844704,0.07366,0.730152,0.790561;40@0.132833,0.677661,0.572517;100@0.238904;37@0.684982,0.844302,0.368875,0.624971,0.016501,0.218958,0.149349,0.570349,0.866005,0.92624,0.999723,0.21542,0.568842;27@0.112154,0.336072,0.229908,0.175309,0.068186,0.887598,0.169468;92@0.815006,0.636841,0.743768,0.708191,0.557023;10@0.195513,0.965781,0.221505,0.835136,0.430138,0.361752,0.878396,0.427269,0.0208,0.94577,0.017071,0.008177;75@0.176538,0.098419,0.328068,0.629404,0.490893,0.473896,0.793948,0.614384,0.971942,0.149978;84@0.978116,0.53332,0.65561,0.65227,0.998238,0.491194,0.451379,0.129785,0.316371,0.467703,0.991648;82@0.371988;47@0.062078,0.965898,0.63427,0.328755,0.594696,0.704323,0.147648,0.299457,0.581121,0.660017,0.784071;9@0.746552,0.177716,0.429349,0.445945,0.59221,0.985441,0.803528,0.128003,0.89513,0.864725,0.812705;39@0.384943,0.051047,0.021603,0.766135,0.041376,0.640273,0.20046,0.332295,0.389505;88@0.129448,0.504619,0.310128,0.84293,0.960788,0.277827,0.628079;30@0.743583,0.826564,0.974034,0.971065,0.145483,0.902988,0.455303,0.073423,0.478316,0.788337|0|1762487393
I20251108 00:02:58.842324 139717798590272 data_text_parser.cc:116] beg_pos: 14105,end_pos: 16315
I20251108 00:02:58.842336 139717798590272 data_text_parser.cc:59] line: 340|87|1720@263229623:0.000844;1185@3762513122:0.585897;1587@1525198670:0.653725;1048@3988505151:0.717525;1413@4261390738:0.562158;1472@2813667522:0.493521;1861@2636790218:0.543484;1430@1153104004:0.004701;1384@3847355552:0.885029;1829@1337942533:0.972287;1635@1551933152:0.539018;1785@2208034751:0.182373;1712@615209050:0.82921;1116@2441299804:0.694663;1010@2759189935:0.576685;1371@2386333272:0.926707;1381@3523138041:0.405747;1736@2779272080:0.358683;1206@494178648:0.848833;1202@1219396324:0.361048|67@0.678022,0.47443,0.681625,0.235302,0.942251,0.535274,0.023401,0.971184,0.953755,0.044694,0.108382;56@0.977107,0.988081,0.712246,0.815434,0.731828,0.512874,0.283014,0.956223,0.874024,0.542993,0.745806,0.030474;73@0.365764,0.774713;38@0.796304,0.627616,0.612919,0.426456,0.820304,0.87707,0.614714,0.24971,0.454284,0.966549;1@;14@0.498499,0.315597,0.756993,0.785288,0.874527,0.630882,0.155412,0.345438,0.497297;41@;32@0.144507,0.278629,0.814416,0.853621;70@0.915765,0.401995,0.146707,0.574617;43@0.204936,0.070116,0.95581,0.924808,0.775547,0.508333,0.52418,0.03734,0.256369,0.70688,0.649971;65@0.767605,0.205336,0.702738,0.338435;20@0.351222,0.875714,0.976118,0.709627;40@0.240486,0.063945,0.106458;100@0.800609;37@0.616164,0.538063,0.394902,0.636475,0.764306,0.26682,0.690028,0.522723,0.475797,0.497195,0.22586,0.961755,0.46741;27@0.504812,0.779516,0.961201,0.836596,0.757433,0.961215,0.89116;92@0.936369,0.360569,0.17754,0.225652,0.901663;10@0.452975,0.463199,0.276905,0.551243,0.990589,0.92852,0.570432,0.526372,0.677039,0.483642,0.692297,0.533233;75@0.472115,0.390785,0.181841,0.104269,0.744679,0.036041,0.472761,0.656224,0.239375,0.092906;84@0.520466,0.777382,0.351046,0.953396,0.44097,0.548448,0.600215,0.825244,0.648138,0.768195,0.608523;82@0.36995;47@0.185903,0.521901,0.81455,0.769894,0.959119,0.117078,0.601759,0.407508,0.46255,0.456521,0.98531;9@0.568508,0.857471,0.452141,0.525168,0.164539,0.105665,0.065856,0.896691,0.78872,0.486855,0.05433;39@0.468845,0.39505,0.570472,0.169711,0.944237,0.114181,0.895329,0.798081,0.302972;88@0.015907,0.892628,0.467513,0.802878,0.850504,0.741524,0.478153;30@0.838666,0.206319,0.410126,0.600007,0.970801,0.30204,0.260151,0.035666,0.168536,0.500631|0|1762487393
I20251108 00:02:58.842367 139717798590272 data_text_parser.cc:116] beg_pos: 16316,end_pos: 18518
I20251108 00:02:58.842380 139717798590272 data_text_parser.cc:59] line: 341|902|1720@2620956583:0.484281;1185@366281857:0.474184;1587@2354558248:0.663183;1048@875108628:0.939224;1413@2598890963:0.654549;1472@1922394885:0.819824;1861@624618267:0.102311;1430@2192909102:0.855344;1384@3088691024:0.076727;1829@3966162234:0.497421;1635@1233710390:0.236804;1785@41616829:0.415564;1712@121727037:0.946622;1116@466749203:0.218402;1010@2403028260:0.349155;1371@1211735476:0.107794;1381@2426558407:0.168252;1736@3633601779:0.533913;1206@2050360666:0.869838;1202@3686247165:0.471203|67@0.97669,0.20328,0.603984,0.031629,0.147678,0.584702,0.033688,0.509416,0.680931,0.760121,0.106352;56@0.115294,0.715663,0.393002,0.559382,0.163667,0.670053,0.020849,0.754509,0.172115,0.438049,0.472944,0.548695;73@0.0732,0.916748;38@0.965729,0.726208,0.273299,0.447551,0.575533,0.248195,0.540464,0.262803,0.672722,0.767366;1@;14@0.553186,0.509947,0.428936,0.271718,0.939902,0.473418,0.431343,0.648656,0.395718;41@;32@0.057009,0.587785,0.6495,0.93512;70@0.288187,0.366432,0.641564,0.237663;43@0.67459,0.028206,0.224382,0.83981,0.930715,0.636338,0.332406,0.20661,0.175867,0.860516,0.382605;65@0.681307,0.801619,0.77268,0.892982;20@0.815062,0.91946,0.732517,0.693247;40@0.477437,0.447801,0.462305;100@0.940431;37@0.372592,0.505788,0.281657,0.584624,0.501673,0.889125,0.516674,0.307642,0.435429,0.107046,0.236777,0.554808,0.368748;27@0.248316,0.02227,0.384913,0.276043,0.198042,0.474361,0.855467;92@0.281129,0.856909,0.130946,0.633066,0.097002;10@0.265655,0.712448,0.745315,0.346477,0.439218,0.612574,0.219157,0.679917,0.549373,0.129681,0.275299,0.681133;75@0.974113,0.285189,0.197,0.281737,0.144483,0.446861,0.965019,0.949246,0.227335,0.277279;84@0.53026,0.911346,0.567804,0.383552,0.229787,0.766294,0.040377,0.22895,0.553157,0.897826,0.291037;82@0.473311;47@9.4e-05,0.912055,0.763395,0.799067,0.342402,0.458927,0.39216,0.38386,0.169974,0.241268,0.102498;9@0.457763,0.984655,0.525185,0.765522,0.456815,0.176716,0.296789,0.576873,0.933061,0.745661,0.008579;39@0.444769,0.798715,0.097048,0.860252,0.529811,0.3916,0.074277,0.072961,0.898184;88@0.53991,0.66322,0.051388,0.82282,0.310425,0.090081,0.623559;30@0.367713,0.801292,0.249393,0.512251,0.172796,0.850854,0.320186,0.16553,0.242105,0.50215|1|1762487393
I20251108 00:02:58.842419 139717798590272 data_text_parser.cc:116] beg_pos: 18519,end_pos: 20480
I20251108 00:02:58.842681 139717798590272 data_text_parser.cc:101] get chunk buffer, size: 20480
I20251108 00:02:58.842695 139717798590272 data_text_parser.cc:116] beg_pos: 0,end_pos: 248
I20251108 00:02:58.842702 139717798590272 data_text_parser.cc:61] buffer line: 342|276|1720@1234390755:0.283763;1185@2885490664:0.77996;1587@3290045958:0.109122;1048@840948019:0.295853;1413@53565150:0.404823;1472@467520835:0.879636;1861@1760372935:0.523419;1430@598894022:0.66946;1384@4263128675:0.615487;1829@3823274212:0.51879;1635@3088082193:0.181536;1785@2210154629:0.803015;1712@3458449512:0.037127;1116@740029592:0.609486;1010@4152877778:0.965667;1371@2880452514:0.870638;1381@853775806:0.886433;1736@3671052056:0.644786;1206@147968099:0.210115;1202@926344630:0.596191|67@0.286867,0.617244,0.614636,0.293251,0.095049,0.910621,0.915996,0.480035,0.236677,0.514415,0.661834;56@0.212033,0.084028,0.045077,0.879674,0.87598,0.781427,0.152937,0.654116,0.036891,0.172348,0.862857,0.507005;73@0.294263,0.963037;38@0.293888,0.745327,0.470018,0.208385,0.668588,0.840578,0.675503,0.939664,0.957296,0.242856;1@;14@0.620429,0.617186,0.387547,0.237687,0.990667,0.973454,0.646811,0.945028,0.467928;41@;32@0.140542,0.334115,0.790814,0.986029;70@0.156841,0.574747,0.519484,0.291931;43@0.248344,0.52187,0.013375,0.102002,0.43058,0.420294,0.592057,0.554133,0.292616,0.839467,0.82626;65@0.896557,0.387724,0.538236,0.255279;20@0.134268,0.498767,0.159424,0.847358;40@0.154158,0.878106,0.541958;100@0.328894;37@0.93462,0.795017,0.935578,0.822136,0.193804,0.620499,0.394535,0.593595,0.971502,0.063608,0.697191,0.966016,0.264815;27@0.945175,0.882129,0.847536,0.833664,0.279291,0.090668,0.746204;92@0.972068,0.10046,0.170978,0.715671,0.224508;10@0.202133,0.95849,0.824891,0.672416,0.566977,0.968535,0.782016,0.92193,0.94652,0.504797,0.639898,0.526544;75@0.26079,0.452711,0.461355,0.278963,0.52465,0.450924,0.775195,0.061778,0.983329,0.628662;84@0.947592,0.706855,0.898543,0.903499,0.131226,0.523275,0.240961,0.556137,0.325157,0.007013,0.67303;82@0.626903;47@0.695239,0.619075,0.173026,0.973451,0.967216,0.61981,0.201648,0.924495,0.238242,0.147913,0.982625;9@0.811823,0.208348,0.549405,0.732246,0.666305,0.831065,0.777521,0.199185,0.324737,0.062531,0.596283;39@0.814085,0.636319,0.922581,0.153958,0.762032,0.73991,0.754636,0.533583,0.54691;88@0.559011,0.542767,0.843616,0.665514,0.662077,0.605051,0.044911;30@0.08134,0.185391,0.160451,0.738237,0.705112,0.929199,0.283227,0.729795,0.069192,0.387644|1|1762487393
I20251108 00:02:58.842734 139717798590272 data_text_parser.cc:116] beg_pos: 249,end_pos: 2453
I20251108 00:02:58.842746 139717798590272 data_text_parser.cc:59] line: 343|218|1720@233985817:0.795361;1185@3803391528:0.553747;1587@316920753:0.605488;1048@2074214346:0.76178;1413@996943935:0.15866;1472@3344311389:0.392566;1861@1414538844:0.800383;1430@2423908237:0.85;1384@4123272678:0.45499;1829@1176597584:0.366551;1635@585121701:0.524895;1785@1398582696:0.010516;1712@4125264996:0.996464;1116@754679560:0.125728;1010@54999949:0.494656;1371@2285209633:0.140639;1381@890667181:0.676601;1736@2666670508:0.781004;1206@376580375:0.378948;1202@411826938:0.649096|67@0.694291,0.905213,0.599359,0.113366,0.473183,0.825309,0.323309,0.545891,0.599345,0.71375,0.287267;56@0.535877,0.246267,0.735973,0.267166,0.170753,0.597036,0.645984,0.157188,0.35097,0.582966,0.543453,0.030906;73@0.320985,0.013578;38@0.359393,0.881923,0.32068,0.515281,0.893726,0.755387,0.746558,0.588392,0.581598,0.421296;1@;14@0.912828,0.499237,0.907641,0.20184,0.712566,0.350031,0.495219,0.002742,0.465384;41@;32@0.499445,0.298157,0.741711,0.724196;70@0.767765,0.191946,0.777966,0.596829;43@0.976463,0.266163,0.09734,0.59787,0.829843,0.682856,0.477145,0.696657,0.342723,0.990407,0.818507;65@0.345047,0.750696,0.447363,0.246136;20@0.151366,0.264049,0.883837,0.970708;40@0.670035,0.970198,0.934674;100@0.373411;37@0.791233,0.470363,0.020463,0.189409,0.794532,0.088739,0.23321,0.616689,0.38454,0.625752,0.234628,0.098926,0.14637;27@0.819163,0.326198,0.139179,0.183158,0.393292,0.409132,0.033181;92@0.307306,0.195344,0.096592,0.177133,0.307912;10@0.620461,0.841541,0.155457,0.862607,0.826311,0.781616,0.401383,0.276668,0.085579,0.416352,0.644632,0.028376;75@0.851127,0.417802,0.551175,0.150684,0.74894,0.79884,0.51842,0.069883,0.417531,0.219036;84@0.18516,0.501691,0.556109,0.909818,0.963887,0.931372,0.035044,0.037587,0.799974,0.38185,0.015247;82@0.769743;47@0.017361,0.580761,0.610258,0.980127,0.174638,0.802735,0.546946,0.341921,0.760933,0.904057,0.010757;9@0.781558,0.411133,0.363264,0.163153,0.775037,0.479268,0.908009,0.228902,0.915543,0.430856,0.544067;39@0.270797,0.708145,0.129324,0.012163,0.526522,0.198966,0.105982,0.100703,0.564455;88@0.34942,0.340988,0.709288,0.52211,0.972432,0.836519,0.551952;30@0.695595,0.473951,0.076608,0.840417,0.998724,0.179648,0.360974,0.008739,0.489874,0.220303|1|1762487393
I20251108 00:02:58.842787 139717798590272 data_text_parser.cc:116] beg_pos: 2454,end_pos: 4662
I20251108 00:02:58.842799 139717798590272 data_text_parser.cc:59] line: 344|69|1720@477625323:0.011443;1185@608357551:0.646336;1587@676478285:0.010944;1048@3790579322:0.126944;1413@3640048488:0.425027;1472@84671134:0.417306;1861@1869625434:0.440726;1430@1690536279:0.847393;1384@2545338592:0.466814;1829@531215680:0.1839;1635@2001004608:0.283399;1785@1636410175:0.353069;1712@795897363:0.851587;1116@559854562:0.75311;1010@2428966007:0.174677;1371@1344013077:0.491853;1381@2004777494:0.691232;1736@1009908525:0.936194;1206@1457684032:0.728088;1202@1004117113:0.031074|67@0.79962,0.79491,0.33626,0.709681,0.700578,0.625906,0.422949,0.663467,0.075012,0.522851,0.011963;56@0.048199,0.039301,0.572487,0.463171,0.968701,0.601926,0.038056,0.060264,0.011425,0.184078,0.171333,0.031795;73@0.376464,0.020298;38@0.969675,0.927923,0.753228,0.772931,0.214302,0.702047,0.275991,0.735128,0.564291,0.357849;1@;14@0.116661,0.962123,0.382921,0.442069,0.099592,0.123148,0.473574,0.016865,0.745411;41@;32@0.946529,0.566687,0.202247,0.686847;70@0.162091,0.160793,0.360918,0.394545;43@0.063316,0.232274,0.658284,0.386913,0.820059,0.067238,0.817523,0.785476,0.630415,0.511795,0.73462;65@0.929407,0.508946,0.938475,0.080308;20@0.802002,0.175492,0.902822,0.847011;40@0.134596,0.982553,0.326577;100@0.043741;37@0.037801,0.612401,0.553029,0.806929,0.353629,0.76662,0.19201,0.276779,0.872352,0.039608,0.982409,0.549228,0.288631;27@0.412437,0.481581,0.155156,0.962135,0.283094,0.376256,0.762071;92@0.185425,0.15062,0.96487,0.912241,0.712371;10@0.147412,0.411635,0.262791,0.146891,0.06756,0.91227,0.916225,0.945888,0.432568,0.810113,0.78426,0.677594;75@0.671331,0.376366,0.626063,0.462134,0.405725,0.166798,0.684511,0.691231,0.546307,0.45537;84@0.910784,0.060537,0.078346,0.114837,0.264094,0.099257,0.721661,0.205372,0.798742,0.001185,0.664125;82@0.212012;47@0.749477,0.008519,0.786651,0.450654,0.460157,0.441196,0.076637,0.570611,0.778235,0.420813,0.530258;9@0.408707,0.457491,0.697036,0.688707,0.263711,0.798871,0.050604,0.07411,0.414257,0.141538,0.836717;39@0.12067,0.150659,0.056722,0.654781,0.764188,0.274981,0.632223,0.94993,0.486015;88@0.307694,0.110671,0.185029,0.790054,0.064751,0.418213,0.79425;30@0.202756,0.867589,0.686355,0.622311,0.75279,0.329475,0.588766,0.802458,0.308103,0.762574|1|1762487393
I20251108 00:02:58.842840 139717798590272 data_text_parser.cc:116] beg_pos: 4663,end_pos: 6875
I20251108 00:02:58.842852 139717798590272 data_text_parser.cc:59] line: 345|652|1720@2663819635:0.09249;1185@2826321397:0.729153;1587@2485558304:0.821155;1048@2236115881:0.727739;1413@3681887458:0.064394;1472@2591662322:0.373331;1861@2828662277:0.135613;1430@4090254189:0.602019;1384@700011878:0.029193;1829@3610271866:0.064639;1635@7677827:0.679393;1785@2336323557:0.927892;1712@1354975487:0.214058;1116@2442697144:0.716163;1010@1332827490:0.310188;1371@2434648602:0.594819;1381@3434263607:0.284194;1736@418664793:0.213359;1206@1028979459:0.913724;1202@1256004925:0.145864|67@0.867587,0.484443,0.922263,0.108015,0.401406,0.805118,0.740206,0.384473,0.663676,0.624244,0.281229;56@0.956811,0.69096,0.504657,0.644196,0.430289,0.419433,0.872663,0.34653,0.653806,0.194864,0.736949,0.172131;73@0.891442,0.627387;38@0.30583,0.921089,0.6976,0.009409,0.754725,0.543683,0.199866,0.707502,0.246865,0.803371;1@;14@0.35941,0.923977,0.209599,0.269481,0.561795,0.024523,0.363486,0.697167,0.795023;41@;32@0.782044,0.730116,0.620908,0.072062;70@0.270304,0.549355,0.128247,0.663822;43@0.453636,0.588888,0.770959,0.516241,0.54515,0.467588,0.035371,0.456544,0.039782,0.095988,0.650736;65@0.053528,0.871511,0.923861,0.988941;20@0.302886,0.293781,0.343245,0.999613;40@0.208541,0.119989,0.40815;100@0.472806;37@0.233639,0.944817,0.284771,0.922406,0.876821,0.034386,0.85802,0.220017,0.42299,0.053033,0.017779,0.936709,0.414752;27@0.929994,0.74116,0.022784,0.064427,0.446919,0.591674,0.504819;92@0.805723,0.430111,0.162403,0.87555,0.819457;10@0.681849,0.065104,0.458039,0.628174,0.712252,0.056243,0.916137,0.886098,0.76617,0.407909,0.873399,0.010573;75@0.776328,0.897583,0.166501,0.346853,0.340345,0.791906,0.183766,0.490224,0.034747,0.286257;84@0.72023,0.783895,0.286035,0.793034,0.171178,0.250495,0.168144,0.988057,0.24302,0.851839,0.290813;82@0.363615;47@0.718852,0.010332,0.807012,0.270003,0.091313,0.832979,0.884894,0.871478,0.210537,0.512089,0.159695;9@0.222771,0.791983,0.722567,0.683896,0.810909,0.819659,0.625425,0.290118,0.164701,0.523364,0.17741;39@0.327345,0.260665,0.359353,0.556222,0.952099,0.594715,0.419142,0.686051,0.624173;88@0.032332,0.937876,0.692363,0.852856,0.06837,0.49991,0.618553;30@0.206737,0.968626,0.595315,0.796148,0.623594,0.887397,0.80828,0.082958,0.606859,0.442551|1|1762487393
I20251108 00:02:58.842883 139717798590272 data_text_parser.cc:116] beg_pos: 6876,end_pos: 9087
I20251108 00:02:58.842896 139717798590272 data_text_parser.cc:59] line: 346|12|1720@1042265997:0.836248;1185@940106752:0.305102;1587@4267755220:0.767022;1048@320550786:0.599492;1413@1580258924:0.280569;1472@2491623690:0.720518;1861@450054837:0.382304;1430@3671015807:0.50586;1384@3292947415:0.578851;1829@2469638338:0.341904;1635@2533286560:0.831357;1785@2512210909:0.512618;1712@1116419039:0.841835;1116@671754101:0.247248;1010@132591595:0.74997;1371@323248290:0.164937;1381@1770673893:0.822667;1736@3985679283:0.597125;1206@4012881169:0.132055;1202@3057638384:0.801143|67@0.781469,0.856878,0.702517,0.211582,0.290614,0.166033,0.537946,0.087531,0.135582,0.021361,0.786081;56@0.120578,0.639619,0.267692,0.407471,0.02158,0.70548,0.260029,0.790901,0.633921,0.536576,0.727528,0.708908;73@0.977741,0.409134;38@0.315422,0.923165,0.920248,0.496484,0.794554,0.514552,0.654406,0.967212,0.053469,0.924058;1@;14@0.298144,0.023039,0.34648,0.573054,0.903731,0.391016,0.898574,0.186901,0.769255;41@;32@0.050781,0.864545,0.508368,0.614844;70@0.423993,0.751646,0.317615,0.534028;43@0.103295,0.520572,0.05955,0.411221,0.094325,0.056038,0.230833,0.115578,0.257476,0.946176,0.424203;65@0.987465,0.538718,0.565031,0.40216;20@0.21586,0.815862,0.449998,0.857616;40@0.261859,0.072306,0.110429;100@0.025769;37@0.065945,0.159412,0.719336,0.087948,0.069016,0.252417,0.764169,0.901238,0.208468,0.720352,0.700928,0.801457,0.179813;27@0.511553,0.679977,0.229036,0.034357,0.589509,0.915117,0.287398;92@0.981453,0.04197,0.07185,0.964036,0.589998;10@0.267598,0.728944,0.946817,0.648464,0.210961,0.564167,0.608141,0.542072,0.38266,0.767506,0.032514,0.276678;75@0.307451,0.593304,0.674152,0.009342,0.293088,0.975973,0.597848,0.807802,0.809741,0.546769;84@0.580464,0.377888,0.770491,0.719082,0.968695,0.427425,0.482809,0.820343,0.157474,0.494275,0.937725;82@0.26011;47@0.53231,0.526196,0.558066,0.460595,0.273782,0.835211,0.867098,0.668956,0.514646,0.930719,0.317198;9@0.918823,0.307303,0.756735,0.299394,0.594192,0.263672,0.942664,0.10125,0.993765,0.917112,0.92676;39@0.728146,0.773493,0.884244,0.350609,0.322449,0.149129,0.751505,0.835476,0.288384;88@0.660112,0.14071,0.70307,0.011207,0.852784,0.056349,0.207615;30@0.500789,0.362447,0.585653,0.460587,0.313193,0.267491,0.40483,0.67827,0.556809,0.372299|0|1762487393

s:  <DataFlow.csrc.pybind_module.BatchRow object at 0x7f1288b26c70>
s:  <DataFlow.csrc.pybind_module.BatchRow object at 0x7f1288b26630>
s:  <DataFlow.csrc.pybind_module.BatchRow object at 0x7f1288cf6ef0>
s:  <DataFlow.csrc.pybind_module.BatchRow object at 0x7f1288b26630>
s:  <DataFlow.csrc.pybind_module.BatchRow object at 0x7f1288cf6ef0>
s:  <DataFlow.csrc.pybind_module.BatchRow object at 0x7f1288b26630>
s:  <DataFlow.csrc.pybind_module.BatchRow object at 0x7f1288cf6ef0>
s:  <DataFlow.csrc.pybind_module.BatchRow object at 0x7f1288b26630>
s:  <DataFlow.csrc.pybind_module.BatchRow object at 0x7f1288cf6ef0>
s:  <DataFlow.csrc.pybind_module.BatchRow object at 0x7f1288b26630>
s:  <DataFlow.csrc.pybind_module.BatchRow object at 0x7f1288cf6ef0>
s:  <DataFlow.csrc.pybind_module.BatchRow object at 0x7f1288b26630>
s:  <DataFlow.csrc.pybind_module.BatchRow object at 0x7f1288cf6ef0>
s:  <DataFlow.csrc.pybind_module.BatchRow object at 0x7f1288b26630>
s:  <DataFlow.csrc.pybind_module.BatchRow object at 0x7f1288cf6ef0>
s:  <DataFlow.csrc.pybind_module.BatchRow object at 0x7f1288b26630>
s:  <DataFlow.csrc.pybind_module.BatchRow object at 0x7f1288cf6ef0>
s:  <DataFlow.csrc.pybind_module.BatchRow object at 0x7f1288b26630>
s:  <DataFlow.csrc.pybind_module.BatchRow object at 0x7f1288cf6ef0>
s:  <DataFlow.csrc.pybind_module.BatchRow object at 0x7f1288b26630>
s:  <DataFlow.csrc.pybind_module.BatchRow object at 0x7f1288cf6ef0>
s:  <DataFlow.csrc.pybind_module.BatchRow object at 0x7f1288b26630>
s:  <DataFlow.csrc.pybind_module.BatchRow object at 0x7f1288cf6ef0>
s:  <DataFlow.csrc.pybind_module.BatchRow object at 0x7f1288b26630>
s:  <DataFlow.csrc.pybind_module.BatchRow object at 0x7f1288cf6ef0>
s:  <DataFlow.csrc.pybind_module.BatchRow object at 0x7f1288b26630>
s:  <DataFlow.csrc.pybind_module.BatchRow object at 0x7f1288cf6ef0>
s:  <DataFlow.csrc.pybind_module.BatchRow object at 0x7f1288b26630>
s:  <DataFlow.csrc.pybind_module.BatchRow object at 0x7f1288cf6ef0>
s:  <DataFlow.csrc.pybind_module.BatchRow object at 0x7f1288b26630>
s:  <DataFlow.csrc.pybind_module.BatchRow object at 0x7f1288cf6ef0>
s:  <DataFlow.csrc.pybind_module.BatchRow object at 0x7f1288b26630>
s:  <DataFlow.csrc.pybind_module.BatchRow object at 0x7f1288cf6ef0>
s:  <DataFlow.csrc.pybind_module.BatchRow object at 0x7f1288b26630>
s:  <DataFlow.csrc.pybind_module.BatchRow object at 0x7f1288cf6ef0>
s:  <DataFlow.csrc.pybind_module.BatchRow object at 0x7f1288b26630>
s:  <DataFlow.csrc.pybind_module.BatchRow object at 0x7f1288cf6ef0>
s:  <DataFlow.csrc.pybind_module.BatchRow object at 0x7f1288b26630>
s:  <DataFlow.csrc.pybind_module.BatchRow object at 0x7f1288cf6ef0>
s:  <DataFlow.csrc.pybind_module.BatchRow object at 0x7f1288b26630>
s:  <DataFlow.csrc.pybind_module.BatchRow object at 0x7f1288cf6ef0>
s:  <DataFlow.csrc.pybind_module.BatchRow object at 0x7f1288b26630>
s:  <DataFlow.csrc.pybind_module.BatchRow object at 0x7f1288cf6ef0>
s:  <DataFlow.csrc.pybind_module.BatchRow object at 0x7f1288b26630>
s:  <DataFlow.csrc.pybind_module.BatchRow object at 0x7f1288cf6ef0>
s:  <DataFlow.csrc.pybind_module.BatchRow object at 0x7f1288b26630>
s:  <DataFlow.csrc.pybind_module.BatchRow object at 0x7f1288cf6ef0>
s:  <DataFlow.csrc.pybind_module.BatchRow object at 0x7f1288b26630>
s:  <DataFlow.csrc.pybind_module.BatchRow object at 0x7f1288cf6ef0>
s:  <DataFlow.csrc.pybind_module.BatchRow object at 0x7f1288b26630>
s:  <DataFlow.csrc.pybind_module.BatchRow object at 0x7f1288cf6ef0>
s:  <DataFlow.csrc.pybind_module.BatchRow object at 0x7f1288b26630>
s:  <DataFlow.csrc.pybind_module.BatchRow object at 0x7f1288cf6ef0>
s:  <DataFlow.csrc.pybind_module.BatchRow object at 0x7f1288b26630>
s:  <DataFlow.csrc.pybind_module.BatchRow object at 0x7f1288cf6ef0>
s:  <DataFlow.csrc.pybind_module.BatchRow object at 0x7f1288b26630>
s:  <DataFlow.csrc.pybind_module.BatchRow object at 0x7f1288cf6ef0>
s:  <DataFlow.csrc.pybind_module.BatchRow object at 0x7f1288b26630>
s:  <DataFlow.csrc.pybind_module.BatchRow object at 0x7f1288cf6ef0>
s:  <DataFlow.csrc.pybind_module.BatchRow object at 0x7f1288b26630>
s:  <DataFlow.csrc.pybind_module.BatchRow object at 0x7f1288cf6ef0>
s:  <DataFlow.csrc.pybind_module.BatchRow object at 0x7f1288b26630>
s:  <DataFlow.csrc.pybind_module.BatchRow object at 0x7f1288cf6ef0>
s:  <DataFlow.csrc.pybind_module.BatchRow object at 0x7f1288b26630>
s:  <DataFlow.csrc.pybind_module.BatchRow object at 0x7f1288cf6ef0>
s:  <DataFlow.csrc.pybind_module.BatchRow object at 0x7f1288b26630>
s:  <DataFlow.csrc.pybind_module.BatchRow object at 0x7f1288cf6ef0>
s:  <DataFlow.csrc.pybind_module.BatchRow object at 0x7f1288b26630>
s:  <DataFlow.csrc.pybind_module.BatchRow object at 0x7f1288cf6ef0>
s:  <DataFlow.csrc.pybind_module.BatchRow object at 0x7f1288b26630>
s:  <DataFlow.csrc.pybind_module.BatchRow object at 0x7f1288cf6ef0>
s:  <DataFlow.csrc.pybind_module.BatchRow object at 0x7f1288b26630>
s:  <DataFlow.csrc.pybind_module.BatchRow object at 0x7f1288cf6ef0>
s:  <DataFlow.csrc.pybind_module.BatchRow object at 0x7f1288b26630>
s:  <DataFlow.csrc.pybind_module.BatchRow object at 0x7f1288cf6ef0>
s:  <DataFlow.csrc.pybind_module.BatchRow object at 0x7f1288b26630>
s:  <DataFlow.csrc.pybind_module.BatchRow object at 0x7f1288cf6ef0>
s:  <DataFlow.csrc.pybind_module.BatchRow object at 0x7f1288b26630>
s:  <DataFlow.csrc.pybind_module.BatchRow object at 0x7f1288cf6ef0>
s:  <DataFlow.csrc.pybind_module.BatchRow object at 0x7f1288b26630>
s:  <DataFlow.csrc.pybind_module.BatchRow object at 0x7f1288cf6ef0>
s:  <DataFlow.csrc.pybind_module.BatchRow object at 0x7f1288b26630>
s:  <DataFlow.csrc.pybind_module.BatchRow object at 0x7f1288cf6ef0>
s:  <DataFlow.csrc.pybind_module.BatchRow object at 0x7f1288b26630>
s:  <DataFlow.csrc.pybind_module.BatchRow object at 0x7f1288cf6ef0>
s:  <DataFlow.csrc.pybind_module.BatchRow object at 0x7f1288b26630>
s:  <DataFlow.csrc.pybind_module.BatchRow object at 0x7f1288cf6ef0>
s:  <DataFlow.csrc.pybind_module.BatchRow object at 0x7f1288b26630>
s:  <DataFlow.csrc.pybind_module.BatchRow object at 0x7f1288cf6ef0>
s:  <DataFlow.csrc.pybind_module.BatchRow object at 0x7f1288b26630>
s:  <DataFlow.csrc.pybind_module.BatchRow object at 0x7f1288cf6ef0>
s:  <DataFlow.csrc.pybind_module.BatchRow object at 0x7f1288b26630>
s:  <DataFlow.csrc.pybind_module.BatchRow object at 0x7f1288cf6ef0>
s:  <DataFlow.csrc.pybind_module.BatchRow object at 0x7f1288b26630>
s:  <DataFlow.csrc.pybind_module.BatchRow object at 0x7f1288cf6ef0>
s:  <DataFlow.csrc.pybind_module.BatchRow object at 0x7f1288b26630>
s:  <DataFlow.csrc.pybind_module.BatchRow object at 0x7f1288cf6ef0>
s:  <DataFlow.csrc.pybind_module.BatchRow object at 0x7f1288b26630>
s:  <DataFlow.csrc.pybind_module.BatchRow object at 0x7f1288cf6ef0>
s:  <DataFlow.csrc.pybind_module.BatchRow object at 0x7f1288b26630>
s:  <DataFlow.csrc.pybind_module.BatchRow object at 0x7f1288cf6ef0>
s:  <DataFlow.csrc.pybind_module.BatchRow object at 0x7f1288b26630>
s:  <DataFlow.csrc.pybind_module.BatchRow object at 0x7f1288cf6ef0>
s:  <DataFlow.csrc.pybind_module.BatchRow object at 0x7f1288b26630>
s:  <DataFlow.csrc.pybind_module.BatchRow object at 0x7f1288cf6ef0>
s:  <DataFlow.csrc.pybind_module.BatchRow object at 0x7f1288b26630>
s:  <DataFlow.csrc.pybind_module.BatchRow object at 0x7f1288cf6ef0>
s:  <DataFlow.csrc.pybind_module.BatchRow object at 0x7f1288b26630>
s:  <DataFlow.csrc.pybind_module.BatchRow object at 0x7f1288cf6ef0>
s:  <DataFlow.csrc.pybind_module.BatchRow object at 0x7f1288b26630>
s:  <DataFlow.csrc.pybind_module.BatchRow object at 0x7f1288cf6ef0>
s:  <DataFlow.csrc.pybind_module.BatchRow object at 0x7f1288b26630>
s:  <DataFlow.csrc.pybind_module.BatchRow object at 0x7f1288cf6ef0>
s:  <DataFlow.csrc.pybind_module.BatchRow object at 0x7f1288b26630>
s:  <DataFlow.csrc.pybind_module.BatchRow object at 0x7f1288cf6ef0>
s:  <DataFlow.csrc.pybind_module.BatchRow object at 0x7f1288b26630>
s:  <DataFlow.csrc.pybind_module.BatchRow object at 0x7f1288cf6ef0>
s:  <DataFlow.csrc.pybind_module.BatchRow object at 0x7f1288b26630>
s:  <DataFlow.csrc.pybind_module.BatchRow object at 0x7f1288cf6ef0>
s:  <DataFlow.csrc.pybind_module.BatchRow object at 0x7f1288b26630>
s:  <DataFlow.csrc.pybind_module.BatchRow object at 0x7f1288cf6ef0>I20251108 00:02:58.842964 139717798590272 data_text_parser.cc:116] beg_pos: 9088,end_pos: 11306
I20251108 00:02:58.842973 139717798590272 data_text_parser.cc:59] line: 347|548|1720@2757983313:0.629028;1185@2550818687:0.70909;1587@1821112444:0.898025;1048@1182758839:0.73938;1413@1021500811:0.441466;1472@3837600484:0.133716;1861@2291501799:0.539602;1430@58294569:0.992793;1384@2927830357:0.899507;1829@3760478936:0.731376;1635@3611650262:0.996282;1785@1212346853:0.751308;1712@3994503766:0.054338;1116@3358903479:0.702005;1010@1146301013:0.493012;1371@1232538854:0.267001;1381@2222191660:0.04115;1736@1731208565:0.738569;1206@2647265820:0.468225;1202@1523987009:0.618231|67@0.733377,0.267541,0.883011,0.258537,0.190789,0.912839,0.645093,0.329811,0.513545,0.774829,0.401101;56@0.191361,0.387951,0.028777,0.586386,0.524351,0.083525,0.018781,0.807257,0.842298,0.078265,0.393977,0.067242;73@0.329926,0.237364;38@0.02511,0.846034,0.482382,0.806999,0.256613,0.665976,0.400068,0.808926,0.807074,0.281788;1@;14@0.009155,0.839703,0.253824,0.298555,0.488618,0.750225,0.143532,0.457685,0.816721;41@;32@0.464973,0.013375,0.62213,0.751089;70@0.683877,0.939165,0.441169,0.316893;43@0.323901,0.969803,0.025411,0.415613,0.137503,0.64055,0.896547,0.094383,0.872508,0.352196,0.625679;65@0.426004,0.250427,0.394799,0.937556;20@0.91134,0.010897,0.543501,0.208559;40@0.669611,0.173178,0.707584;100@0.721719;37@0.769118,0.692881,0.243518,0.220328,0.788448,0.40669,0.846659,0.557331,0.331603,0.874801,0.455802,0.420926,0.144344;27@0.821898,0.102905,0.873137,0.611846,0.627284,0.008851,0.762968;92@0.982473,0.967042,0.926054,0.700544,0.630561;10@0.178044,0.000328,0.991832,0.555248,0.23724,0.396602,0.475209,0.984656,0.702432,0.372942,0.173309,0.984277;75@0.0588,0.133742,0.874114,0.965305,0.063763,0.788991,0.175203,0.473158,0.597039,0.019651;84@0.721881,0.860741,0.388798,0.911426,0.211454,0.264399,0.667614,0.762561,0.256332,0.892833,0.587047;82@0.041329;47@0.79556,0.179286,0.673273,0.548856,0.477351,0.980306,0.047987,0.517696,0.790176,0.702413,0.825919;9@0.03724,0.34362,0.844978,0.821173,0.611542,0.375345,0.056327,0.53596,0.287517,0.593403,0.976597;39@0.478801,0.973413,0.368068,0.726865,0.242998,0.635413,0.119363,0.943627,0.670843;88@0.138684,0.647259,0.347498,0.659052,0.033329,0.622066,0.15605;30@0.305097,0.406029,0.784062,0.288606,0.767185,0.860857,0.192318,0.43287,0.275284,0.887039|1|1762487393
I20251108 00:02:58.843003 139717798590272 data_text_parser.cc:116] beg_pos: 11307,end_pos: 13506
I20251108 00:02:58.843016 139717798590272 data_text_parser.cc:59] line: 348|439|1720@2528765504:0.122138;1185@994323112:0.196585;1587@2573092676:0.089608;1048@444952652:0.704369;1413@705085754:0.402202;1472@3695180573:0.437181;1861@1959729008:0.620441;1430@2489105470:0.979511;1384@994323112:0.827327;1829@3919063470:0.872;1635@2849232091:0.491622;1785@2131824695:0.274681;1712@889630363:0.581632;1116@3085512262:0.32432;1010@1874301183:0.857428;1371@1287380391:0.403714;1381@267994142:0.631248;1736@362053893:0.297428;1206@2026509237:0.252108;1202@3685218401:0.608494|67@0.098682,0.640784,0.096758,0.516519,0.378513,0.79869,0.35315,0.3827,0.785644,0.26752,0.565726;56@0.963393,0.428809,0.235802,0.884916,0.12055,0.172484,0.509609,0.775187,0.38095,0.426458,0.420425,0.082605;73@0.607529,0.986446;38@0.561947,0.575155,0.564673,0.121342,0.548415,0.338964,0.767632,0.653162,0.870768,0.766044;1@;14@0.202949,0.600769,0.870821,0.06618,0.754192,0.099951,0.593384,0.118774,0.460712;41@;32@0.310075,0.874546,0.122562,0.458496;70@0.366027,0.868745,0.996329,0.865681;43@0.28495,0.579194,0.211891,0.030693,0.219762,0.078285,0.9542,0.480103,0.688648,0.765525,0.320852;65@0.378493,0.393229,0.285396,0.987254;20@0.705289,0.658677,0.166845,0.062789;40@0.044967,0.599259,0.930608;100@0.124219;37@0.929748,0.56598,0.587511,0.291358,0.019466,0.531348,0.70993,0.739023,0.463279,0.434738,0.484819,0.858795,0.10071;27@0.156917,0.863753,0.384681,0.382355,0.505507,0.990519,0.692134;92@0.929326,0.779932,0.963797,0.879973,0.348836;10@0.987317,0.636167,0.222866,0.165714,0.117325,0.967899,0.262933,0.014834,0.380671,0.463644,0.639601,0.34012;75@0.612636,0.037477,0.49263,0.483624,0.30641,0.02164,0.808135,0.720845,0.949074,0.601579;84@0.126928,0.208559,0.252483,0.548875,0.210654,0.915116,0.648368,0.958849,0.649079,0.966847,0.242744;82@0.139501;47@0.240707,0.572299,0.32894,0.668834,0.114124,0.105719,0.267925,0.694397,0.745805,0.452124,0.962482;9@0.641842,0.060047,0.469582,0.15757,0.189742,0.408877,0.514936,0.181115,0.533213,0.9167,0.101607;39@0.389567,0.079901,0.346421,0.105969,0.318463,0.440527,0.014664,0.349277,0.637349;88@0.904422,0.550744,0.858434,0.6683,0.434508,0.126236,0.76663;30@0.428063,0.299314,0.848667,0.865017,0.188118,0.483807,0.536427,0.552714,0.621444,0.0889|0|1762487393
I20251108 00:02:58.843101 139717798590272 data_text_parser.cc:116] beg_pos: 13507,end_pos: 15718
I20251108 00:02:58.843114 139717798590272 data_text_parser.cc:59] line: 349|832|1720@4026648478:0.709819;1185@3786461514:0.350439;1587@133107209:0.387503;1048@2673769707:0.059123;1413@4187267025:0.130408;1472@4244336359:0.673162;1861@3071364701:0.860841;1430@3383910984:0.453973;1384@3159528401:0.930462;1829@3530940211:0.96101;1635@1957386785:0.5068;1785@3544579205:0.967895;1712@2068140264:0.086527;1116@2145584469:0.066605;1010@1737946202:0.558545;1371@3486674292:0.008715;1381@3227601970:0.6431;1736@589305865:0.307583;1206@1969417407:0.75502;1202@479303760:0.277616|67@0.920864,0.061305,0.238965,0.882486,0.075316,0.067797,0.465051,0.999383,0.371036,0.127902,0.558118;56@0.704728,0.7837,0.671034,0.114625,0.235491,0.780297,0.772619,0.509395,0.103171,0.926962,0.877722,0.277776;73@0.359626,0.053059;38@0.416857,0.60274,0.160675,0.519042,0.141313,0.519451,0.859218,0.876435,0.563724,0.696863;1@;14@0.395678,0.007405,0.107322,0.981333,0.754572,0.869704,0.487671,0.937925,0.433092;41@;32@0.28893,0.834395,0.372026,0.666129;70@0.812449,0.274457,0.159252,0.066638;43@0.59792,0.697716,0.439899,0.433048,0.737198,0.672818,0.861042,0.920482,0.413088,0.434738,0.547663;65@0.5716,0.038007,0.641724,0.835372;20@0.334609,0.971564,0.992755,0.092271;40@0.254765,0.433081,0.105159;100@0.463523;37@0.146612,0.029264,0.784617,0.609546,0.720497,0.480409,0.614021,0.440385,0.867749,0.993872,0.396621,0.603002,0.579071;27@0.609828,0.880543,0.911861,0.392329,0.026118,0.118351,0.148626;92@0.643017,0.192842,0.471355,0.980206,0.296072;10@0.343867,0.990701,0.167911,0.696876,0.080341,0.200129,0.226479,0.246162,0.189552,0.085505,0.721115,0.462552;75@0.792569,0.094091,0.142238,0.692823,0.024211,0.116174,0.524755,0.495832,0.806174,0.255075;84@0.087039,0.681188,0.038429,0.331935,0.196061,0.491476,0.197678,0.091542,0.108851,0.835785,0.313516;82@0.310802;47@0.42614,0.69053,0.236529,0.892366,0.774873,0.983339,0.84683,0.133225,0.767265,0.378165,0.414574;9@0.72992,0.444398,0.583562,0.59766,0.335251,0.034099,0.269899,0.834362,0.31878,0.515456,0.85818;39@0.276217,0.600501,0.53142,0.170135,0.657858,0.504418,0.440562,0.917789,0.192583;88@0.228117,0.215285,0.565259,0.243736,0.949705,0.774477,0.923021;30@0.667074,0.34579,0.217266,0.258654,0.19388,0.983905,0.387906,0.529746,0.887801,0.578311|0|1762487393
I20251108 00:02:58.843150 139717798590272 data_text_parser.cc:116] beg_pos: 15719,end_pos: 17926
I20251108 00:02:58.843171 139717798590272 data_text_parser.cc:59] line: 350|192|1720@2758799888:0.400468;1185@917725626:0.155462;1587@1068218375:0.969858;1048@3853216910:0.13047;1413@1829116862:0.630903;1472@232924196:0.77094;1861@2309583284:0.617625;1430@516051468:0.088897;1384@2822902176:0.981979;1829@4144626478:0.456324;1635@1679904381:0.554361;1785@297827059:0.781619;1712@272158650:0.176542;1116@2015670579:0.795907;1010@2039179821:0.74486;1371@3379934638:0.395995;1381@1019030789:0.985311;1736@3980804878:0.655882;1206@1495602535:0.0388;1202@1622985539:0.286758|67@0.880154,0.432242,0.675704,0.723578,0.405922,0.901293,0.057915,0.942049,0.70381,0.587616,0.095009;56@0.083771,0.779639,0.665722,0.698246,0.958204,0.641218,0.289233,0.243369,0.219563,0.261031,0.91826,0.545327;73@0.543395,0.612317;38@0.35523,0.183811,0.775712,0.932823,0.959069,0.63149,0.504117,0.296711,0.39463,0.066325;1@;14@0.419329,0.872931,0.581687,0.436675,0.478125,0.798905,0.594232,0.044343,0.614608;41@;32@0.505711,0.492496,0.441477,0.162077;70@0.001183,0.299169,0.792564,0.668411;43@0.144051,0.288917,0.54558,0.542923,0.727502,0.073804,0.614143,0.317533,0.999104,0.575061,0.521533;65@0.64571,0.392893,0.481826,0.109445;20@0.008667,0.558519,0.225578,0.855864;40@0.438787,0.153827,0.376187;100@0.024323;37@0.873524,0.234139,0.002761,0.133186,0.357358,0.480007,0.447853,0.05405,0.161275,0.719981,0.697072,0.808283,0.767514;27@0.475255,0.700618,0.05784,0.001883,0.741675,0.38278,0.323433;92@0.351673,0.037264,0.999307,0.727024,0.725359;10@0.089757,0.067074,0.516827,0.544586,0.149677,0.155216,0.015549,0.722123,0.191772,0.656432,0.192877,0.519128;75@0.432405,0.679798,0.679034,0.953333,0.440824,0.270077,0.225913,0.539277,0.497202,0.610626;84@0.950292,0.83821,0.695321,0.872518,0.170363,0.628062,0.07137,0.087431,0.422491,0.322838,0.860206;82@0.507062;47@0.908325,0.428222,0.475076,0.987717,0.602878,0.369953,0.555227,0.332757,0.82796,0.214342,0.709131;9@0.442608,0.110607,0.72213,0.290148,0.27336,0.687212,0.128401,0.0183,0.826014,0.082682,0.663725;39@0.364417,0.379632,0.794451,0.750333,0.145344,0.109274,0.102384,0.39689,0.08278;88@0.762972,0.878717,0.956545,0.405352,0.865543,0.380953,0.746839;30@0.133483,0.851016,0.302749,0.263459,0.148855,0.281801,0.05629,0.514896,0.870654,0.705039|1|1762487393
I20251108 00:02:58.843203 139717798590272 data_text_parser.cc:116] beg_pos: 17927,end_pos: 20138
I20251108 00:02:58.843211 139717798590272 data_text_parser.cc:59] line: 351|730|1720@3379934638:0.298074;1185@1221377037:0.154523;1587@728433186:0.021702;1048@778106967:0.877979;1413@2016839027:0.231351;1472@4218497789:0.533279;1861@2807155135:0.733516;1430@784851125:0.835587;1384@4081207423:0.179323;1829@13657997:0.931333;1635@1082595242:0.645349;1785@4005282515:0.536988;1712@2211894941:0.083652;1116@2865869589:0.659521;1010@3155173677:0.166301;1371@1965162178:0.207664;1381@4106429744:0.811574;1736@1646109686:0.797058;1206@2049931393:0.608694;1202@1135183227:0.426609|67@0.448022,0.316865,0.738327,0.171026,0.40798,0.315777,0.713114,0.202172,0.184779,0.980659,0.769237;56@0.966214,0.090883,0.798499,0.137994,0.772793,0.14602,0.85558,0.049859,0.627436,0.535271,0.315986,0.881165;73@0.941162,0.761574;38@0.577946,0.218142,0.778503,0.272193,0.67531,0.2523,0.197807,0.525085,0.236013,0.711177;1@;14@0.059217,0.462718,0.300202,0.97406,0.022292,0.98388,0.67497,0.12525,0.055933;41@;32@0.167393,0.242996,0.116148,0.423096;70@0.916455,0.385742,0.34423,0.426956;43@0.755457,0.49507,0.935039,0.612545,0.297483,0.166439,0.91086,0.866687,0.122298,0.976785,0.265083;65@0.774673,0.679855,0.309894,0.759441;20@0.561034,0.939103,0.188636,0.763746;40@0.626409,0.431796,0.166602;100@0.192387;37@0.549223,0.048334,0.066333,0.025124,0.584337,0.521747,0.842884,0.962219,0.650181,0.222463,0.939647,0.119601,0.813638;27@0.427757,0.219723,0.123871,0.278516,0.711482,0.398598,0.321853;92@0.10533,0.195888,0.416067,0.832959,0.602131;10@0.702978,0.13265,0.456841,0.978708,0.782964,0.658598,0.29821,0.350407,0.773952,0.664279,0.860634,0.411431;75@0.462109,0.524242,0.482785,0.752186,0.525699,0.965344,0.794236,0.831941,0.30963,0.230127;84@0.737614,0.057563,0.851131,0.188442,0.681799,0.511804,0.772086,0.696567,0.936717,0.864565,0.548812;82@0.861663;47@0.507592,0.161791,0.276327,0.961457,0.900882,0.777766,0.637846,0.031304,0.222997,0.874766,0.957996;9@0.040601,0.595009,0.100642,0.243314,0.937827,0.961359,0.743479,0.858436,0.63294,0.925237,0.078449;39@0.970744,0.049175,0.458391,0.746423,0.410228,0.572731,0.421549,0.312384,0.875783;88@0.089482,0.993653,0.871462,0.816494,0.533947,0.828095,0.53841;30@0.21238,0.604137,0.593557,0.842159,0.377622,0.06245,0.388816,0.131225,0.008809,0.545591|1|1762487393
I20251108 00:02:58.843238 139717798590272 data_text_parser.cc:116] beg_pos: 20139,end_pos: 20480
I20251108 00:02:58.843477 139717798590272 data_text_parser.cc:101] get chunk buffer, size: 20480
I20251108 00:02:58.843501 139717798590272 data_text_parser.cc:116] beg_pos: 0,end_pos: 1867
I20251108 00:02:58.843509 139717798590272 data_text_parser.cc:61] buffer line: 352|59|1720@1413927612:0.329205;1185@3155586340:0.158911;1587@1808506436:0.351403;1048@335794061:0.106756;1413@1592952106:0.740439;1472@1357833414:0.719558;1861@3111247682:0.51815;1430@3458449512:0.391844;1384@4066386116:0.523835;1829@3860885138:0.556041;1635@1250547828:0.676069;1785@3475326205:0.912677;1712@3228991209:0.105919;1116@2932036559:0.328142;1010@392311584:0.820284;1371@2444289149:0.211462;1381@1544285103:0.164926;1736@4066178214:0.615772;1206@903625689:0.615112;1202@2849990470:0.372242|67@0.323449,0.742727,0.133156,0.123563,0.794048,0.787193,0.851233,0.248321,0.725827,0.769162,0.036815;56@0.008208,0.634941,0.500029,0.359693,0.567219,0.407003,0.773785,0.574193,0.810333,0.314842,0.773546,0.604508;73@0.828411,0.598353;38@0.5281,0.701307,0.514083,0.719671,0.346208,0.444914,0.841628,0.89544,0.583812,0.837306;1@;14@0.475828,0.705632,0.211882,0.300901,0.60225,0.43033,0.219971,0.272936,0.295282;41@;32@0.510256,0.939854,0.602098,0.592075;70@0.428028,0.239441,0.621721,0.791921;43@0.14061,0.941271,0.810185,0.518677,0.604567,0.335623,0.384898,0.183936,0.170348,0.367665,0.525032;65@0.637815,0.860888,0.579072,0.828714;20@0.435665,0.601081,0.806917,0.646886;40@0.261165,0.884774,0.821301;100@0.446219;37@0.038394,0.314566,0.371664,0.633338,0.82659,0.90611,0.692515,0.127777,0.982406,0.3774,0.558567,0.904398,0.823392;27@0.240228,0.066377,0.758243,0.795755,0.43676,0.854455,0.781067;92@0.800609,0.911807,0.524856,0.533539,0.220084;10@0.638674,0.118833,0.979602,0.068901,0.090976,0.956998,0.128589,0.337881,0.62518,0.939744,0.911945,0.104932;75@0.23612,0.731565,0.826742,0.573597,0.613817,0.624816,0.721013,0.045988,0.364707,0.782216;84@0.530685,0.865584,0.640115,0.622818,0.273602,0.778353,0.588032,0.913539,0.642522,0.39762,0.71844;82@0.921553;47@0.964151,0.716603,0.551491,0.965192,0.879352,0.830596,0.854459,0.168237,0.707451,0.510444,0.103679;9@0.580841,0.626901,0.67297,0.06943,0.058387,0.39591,0.049539,0.779551,0.934519,0.594077,0.978962;39@0.80123,0.413234,0.736632,0.34771,0.81223,0.652498,0.520964,0.998383,0.476547;88@0.635975,0.22211,0.458847,0.813835,0.304955,0.747892,0.79607;30@0.862439,0.494256,0.579066,0.605781,0.730233,0.596473,0.68867,0.834598,0.932436,0.104052|1|1762487393
I20251108 00:02:58.843540 139717798590272 data_text_parser.cc:116] beg_pos: 1868,end_pos: 4072
I20251108 00:02:58.843553 139717798590272 data_text_parser.cc:59] line: 353|481|1720@156174251:0.659164;1185@3690562235:0.96358;1587@68663452:0.479007;1048@1899039149:0.828695;1413@1442936784:0.549095;1472@1857761444:0.343228;1861@577835168:0.384869;1430@1698765770:0.44002;1384@2989850980:0.792712;1829@1703301924:0.615224;1635@3195585942:0.664537;1785@932788062:0.682889;1712@3884030346:0.983957;1116@2111969221:0.663757;1010@2973142829:0.19818;1371@3264297140:0.752665;1381@3269700932:0.265076;1736@1915815251:0.644815;1206@17798671:0.539603;1202@2644250042:0.478515|67@0.161481,0.587291,0.054734,0.031865,0.140698,0.968918,0.198294,0.680307,0.36031,0.621431,0.00257;56@0.433615,0.534235,0.717403,0.791406,0.826902,0.532209,0.945103,0.014078,0.540133,0.071472,0.968447,0.966543;73@0.58531,0.4947;38@0.016735,0.235734,0.948376,0.880289,0.619753,0.483959,0.392161,0.905638,0.43227,0.154139;1@;14@0.364849,0.850423,0.525326,0.462224,0.967912,0.619379,0.108751,0.743799,0.473449;41@;32@0.267475,0.428086,0.303633,0.0877;70@0.996651,0.371744,0.299654,0.788708;43@0.15803,0.072337,0.588008,0.675098,0.03138,0.142347,0.606972,0.023072,0.054371,0.39264,0.916018;65@0.325691,0.960486,0.888981,0.595579;20@0.441783,0.030368,0.867262,0.403031;40@0.733006,0.620704,0.392531;100@0.064881;37@0.015884,0.336828,0.898984,0.518304,0.983425,0.904238,0.960862,0.211648,0.567625,0.933735,0.062855,0.224755,0.72166;27@0.200061,0.621603,0.378794,0.611154,0.767107,0.631478,0.535776;92@0.117245,0.987873,0.677411,0.663145,0.73855;10@0.939842,0.650674,0.812582,0.62591,0.493876,0.847262,0.464748,0.158846,0.83795,0.544778,0.31265,0.322011;75@0.858037,0.793603,0.206383,0.824738,0.81203,0.078892,0.33835,0.821032,0.089295,0.315663;84@0.700862,0.780609,0.578836,0.012502,0.555127,0.481261,0.038015,0.209017,0.954777,0.544529,0.100612;82@0.212354;47@0.355739,0.184461,0.332963,0.18444,0.435018,0.273628,0.236696,0.115271,0.139438,0.285043,0.031098;9@0.990056,0.881151,0.447439,0.629873,0.675101,0.152229,0.643968,0.25414,0.426295,0.056021,0.30222;39@0.429771,0.909787,0.044534,0.885386,0.948257,0.032922,0.168024,0.604889,0.75591;88@0.802578,0.611495,0.19413,0.203842,0.947096,0.681146,0.609861;30@0.557375,0.044925,0.214168,0.943723,0.698759,0.528381,0.471956,0.215446,0.870847,0.245847|0|1762487393
I20251108 00:02:58.843594 139717798590272 data_text_parser.cc:116] beg_pos: 4073,end_pos: 6284
I20251108 00:02:58.843607 139717798590272 data_text_parser.cc:59] line: 354|478|1720@1735269981:0.300949;1185@3669130365:0.630774;1587@3661285574:0.456132;1048@4150203014:0.264654;1413@3743592836:0.406212;1472@972461146:0.197588;1861@1574483272:0.143673;1430@2524934623:0.145191;1384@2949947106:0.563848;1829@2740803778:0.990955;1635@1013404981:0.837813;1785@2945417047:0.883438;1712@790712972:0.673836;1116@2161685427:0.773478;1010@3220509780:0.35644;1371@1005421791:0.336897;1381@2174148924:0.526994;1736@452711065:0.740389;1206@2512347371:0.747496;1202@4274750986:0.288895|67@0.491202,0.95026,0.348041,0.991607,0.268104,0.19327,0.115506,0.005657,0.935121,0.177623,0.346673;56@0.001437,0.886636,0.991632,0.320819,0.40931,0.196568,0.734337,0.256896,0.006537,0.044907,0.562818,0.293226;73@0.382385,0.180875;38@0.285206,0.896704,0.307995,0.662154,0.564503,0.699313,0.908595,0.137981,0.90337,0.030358;1@;14@0.284566,0.677151,0.86913,0.296457,0.155273,0.501691,0.057744,0.871326,0.318285;41@;32@0.630668,0.058389,0.850374,0.16617;70@0.339736,0.062152,0.844462,0.846984;43@0.14035,0.068024,0.969353,0.163787,0.005086,0.187949,0.210336,0.127558,0.263711,0.287419,0.499908;65@0.729566,0.741895,0.237695,0.373892;20@0.937781,0.949673,0.232401,0.824767;40@0.745981,0.545513,0.56255;100@0.338252;37@0.946107,0.016915,0.080577,0.163666,0.976383,0.843213,0.944802,0.631946,0.918437,0.963325,0.914893,0.432417,0.062997;27@0.726756,0.691897,0.573917,0.210071,0.693805,0.360709,0.902333;92@0.54899,0.113841,0.5254,0.174879,0.815201;10@0.103824,0.390819,0.38162,0.401805,0.37272,0.194384,0.230259,0.286051,0.128969,0.867861,0.676075,0.446751;75@0.88631,0.728268,0.188466,0.432823,0.054307,0.402185,0.496502,0.943858,0.157235,0.536431;84@0.964842,0.194153,0.666757,0.878277,0.039286,0.966893,0.712996,0.742341,0.581987,0.608943,0.900876;82@0.276851;47@0.126688,0.319023,0.768062,0.390787,0.808638,0.630178,0.601056,0.010683,0.53365,0.99644,0.316166;9@0.488529,0.094389,0.514857,0.645609,0.307151,0.603734,0.552408,0.438115,0.743222,0.82594,0.116512;39@0.078011,0.94313,0.501897,0.964965,0.642148,0.811455,0.729091,0.580957,0.208719;88@0.309733,0.58446,0.59196,0.890725,0.990601,0.136715,0.471146;30@0.75291,0.425865,0.507577,0.35241,0.716513,0.567219,0.175647,0.265857,0.164694,0.155547|0|1762487393
I20251108 00:02:58.843638 139717798590272 data_text_parser.cc:116] beg_pos: 6285,end_pos: 8499
I20251108 00:02:58.843655 139717798590272 data_text_parser.cc:59] line: 355|328|1720@1788826478:0.400762;1185@444952652:0.116549;1587@3565242254:0.548777;1048@661645367:0.41543;1413@1923096702:0.519075;1472@577357121:0.81585;1861@1784474468:0.126147;1430@1392041970:0.008511;1384@3926420576:0.277839;1829@2128616930:0.502573;1635@70584348:0.831769;1785@3099396657:0.710836;1712@2673002757:0.218066;1116@4022465628:0.332352;1010@3093351617:0.772084;1371@2636790218:0.387154;1381@876170248:0.080582;1736@1033581825:0.987678;1206@4206149513:0.971597;1202@1163106716:0.073243|67@0.675233,0.32157,0.671978,0.472548,0.775446,0.707941,0.656029,0.566418,0.644738,0.649947,0.157636;56@0.341406,0.253284,0.975761,0.830451,0.715211,0.867337,0.586565,0.769073,0.394379,0.246867,0.842068,0.796915;73@0.813761,0.646769;38@0.946864,0.555601,0.472579,0.959106,0.673993,0.824375,0.436381,0.585829,0.250419,0.549542;1@;14@0.215015,0.979847,0.055657,0.975469,0.111137,0.360265,0.202809,0.721432,0.334566;41@;32@0.765554,0.797412,0.04395,0.656674;70@0.565194,0.540947,0.407151,0.37636;43@0.857562,0.232069,0.377139,0.828566,0.007598,0.946927,0.189901,0.186887,0.206302,0.714543,0.3404;65@0.346562,0.876757,0.453158,0.883613;20@0.428371,0.126741,0.473658,0.040962;40@0.737202,0.815153,0.483718;100@0.426487;37@0.469529,0.046625,0.726431,0.569795,0.231196,0.457252,0.503331,0.100554,0.303583,0.353088,0.45138,0.791562,0.240434;27@0.065287,0.274284,0.486998,0.505461,0.237877,0.506415,0.148619;92@0.740345,0.067784,0.743525,0.866836,0.813569;10@0.495494,0.844348,0.198173,0.204274,0.453175,0.06565,0.744794,0.052956,0.388127,0.931814,0.409823,0.546382;75@0.609979,0.495041,0.691643,0.968115,0.102797,0.852714,0.570917,0.963546,0.951561,0.006273;84@0.156371,0.425765,0.311746,0.683717,0.874034,0.264611,0.82501,0.795425,0.53726,0.598312,0.889751;82@0.799388;47@0.784407,0.016883,0.178346,0.450394,0.384913,0.230214,0.46584,0.380394,0.144481,0.870092,0.554263;9@0.809318,0.336578,0.545976,0.834836,0.451318,0.426823,0.706048,0.497975,0.3128,0.599414,0.495552;39@0.277479,0.178203,0.817059,0.69803,0.943089,0.123213,0.429212,0.412731,0.94981;88@0.102673,0.006071,0.83619,0.657351,0.921668,0.166636,0.320786;30@0.450347,0.520933,0.325227,0.142191,0.661366,0.686052,0.309317,0.702628,0.756027,0.476181|1|1762487393
I20251108 00:02:58.843692 139717798590272 data_text_parser.cc:116] beg_pos: 8500,end_pos: 10709
I20251108 00:02:58.843704 139717798590272 data_text_parser.cc:59] line: 356|665|1720@1952279895:0.999995;1185@1498730650:0.091585;1587@3637338006:0.417146;1048@123510197:0.339351;1413@2032964084:0.769555;1472@214428751:0.217411;1861@2737135424:0.003225;1430@3329150539:0.380173;1384@1646353559:0.789144;1829@2726980325:0.123755;1635@701684712:0.050604;1785@358769646:0.126541;1712@3582747784:0.346637;1116@3798713879:0.310449;1010@4060654643:0.174049;1371@2187241306:0.798271;1381@693397303:0.913548;1736@2737350297:0.751557;1206@956932375:0.960243;1202@3088218953:0.142983|67@0.220417,0.360957,0.672969,0.229098,0.580632,0.476184,0.960666,0.756446,0.270519,0.936433,0.954709;56@0.870999,0.36171,0.919861,0.274941,0.140824,0.36652,0.23263,0.789587,0.346836,0.220506,0.702615,0.232177;73@0.41713,0.883043;38@0.995754,0.806283,0.210702,0.786725,0.044396,0.548945,0.406234,0.544308,0.717411,0.299685;1@;14@0.238421,0.96798,0.719649,0.742018,0.982532,0.146441,0.653752,0.667888,0.052304;41@;32@0.12543,0.526301,0.554368,0.28946;70@0.000984,0.981602,0.597455,0.264013;43@0.346628,0.110674,0.550437,0.93749,0.798937,0.572062,0.891008,0.563787,0.451823,0.406776,0.994772;65@0.569498,0.732489,0.526889,0.825803;20@0.814878,0.213329,0.879909,0.578113;40@0.676276,0.6357,0.317353;100@0.456246;37@0.888587,0.284527,0.496189,0.538987,0.200438,0.432258,0.687845,0.851834,0.297109,0.557036,0.30696,0.789731,0.064569;27@0.076545,0.731175,0.131683,0.353678,0.749627,0.728636,0.027877;92@0.557209,0.337241,0.725247,0.69152,0.857497;10@0.461627,0.449013,0.392553,0.346629,0.024822,0.46106,0.42744,0.440121,0.698569,0.536698,0.823217,0.916948;75@0.222935,0.638918,0.226381,0.496316,0.127949,0.891017,0.356166,0.642132,0.551035,0.476213;84@0.294828,0.289431,0.137871,0.476213,0.855078,0.563474,0.014021,0.811757,0.650678,0.791213,0.95938;82@0.116967;47@0.139599,0.06627,0.048148,0.579191,0.343594,0.069174,0.567685,0.072696,0.254316,0.180853,0.341532;9@0.867592,0.185877,0.574444,0.002969,0.914251,0.572992,0.05521,0.160968,0.798981,0.651709,0.803521;39@0.672834,0.6456,0.241128,0.87875,0.870226,0.93325,0.218538,0.675495,0.263301;88@0.976888,0.586019,0.367544,0.240697,0.828913,0.511395,0.987404;30@0.499175,0.076372,0.878517,0.044178,0.620277,0.503858,0.92383,0.625877,0.031424,0.595665|1|1762487393
I20251108 00:02:58.843746 139717798590272 data_text_parser.cc:116] beg_pos: 10710,end_pos: 12931
I20251108 00:02:58.843758 139717798590272 data_text_parser.cc:59] line: 357|590|1720@1606631624:0.352733;1185@1765687185:0.486892;1587@2878844383:0.820966;1048@2096430730:0.602011;1413@1078937704:0.954744;1472@3825468838:0.948978;1861@605823170:0.597692;1430@3671052056:0.992455;1384@3323083653:0.141797;1829@2260764613:0.288392;1635@1348502320:0.148611;1785@2015175128:0.922808;1712@2452614734:0.088875;1116@2614626076:0.062816;1010@4211349357:0.156435;1371@4142455973:0.257596;1381@1888873134:0.917156;1736@1938765739:0.901416;1206@690253744:0.700315;1202@1386868336:0.767653|67@0.099298,0.419818,0.658024,0.699072,0.099347,0.894298,0.720414,0.906835,0.993564,0.411733,0.411474;56@0.536045,0.295879,0.213514,0.031594,0.276467,0.233987,0.853834,0.698561,0.963268,0.247838,0.144878,0.408886;73@0.612559,0.359439;38@0.555354,0.54162,0.48277,0.768309,0.049658,0.669861,0.292725,0.908042,0.326327,0.122627;1@;14@0.630285,0.269896,0.534321,0.318407,0.690841,0.773673,0.017842,0.194305,0.056279;41@;32@0.881399,0.815462,0.309895,0.899593;70@0.96365,0.981849,0.890765,0.78634;43@0.652919,0.935106,0.663988,0.238737,0.634678,0.636009,0.552382,0.920714,0.767553,0.421361,0.486706;65@0.676353,0.162708,0.574816,0.957447;20@0.565014,0.730595,0.692331,0.166977;40@0.628621,0.302321,0.743653;100@0.437999;37@0.779697,0.019597,0.288067,0.787483,0.534944,0.233305,0.477981,0.87974,0.904846,0.685665,0.968432,0.087545,0.26477;27@0.502353,0.645241,0.175162,0.70994,0.589485,0.830325,0.73599;92@0.508139,0.449441,0.690255,0.287931,0.782442;10@0.029484,0.619406,0.411756,0.596144,0.016261,0.565845,0.121905,0.587447,0.681276,0.978079,0.323598,0.414885;75@0.844661,0.827827,0.991919,0.372296,0.668431,0.274843,0.416473,0.444291,0.080622,0.227523;84@0.522959,0.545759,0.390356,0.499843,0.710341,0.249652,0.033756,0.260423,0.618039,0.772405,0.993501;82@0.275118;47@0.549789,0.037103,0.590182,0.51488,0.330444,0.720133,0.357668,0.46172,0.523886,0.351985,0.172288;9@0.413904,0.620286,0.011002,0.02786,0.158701,0.597436,0.727563,0.565226,0.061528,0.060305,0.541686;39@0.232728,0.861293,0.123194,0.212883,0.497506,0.127566,0.031318,0.41258,0.666005;88@0.059706,0.031525,0.821833,0.382831,0.931234,0.043793,0.427017;30@0.834867,0.826116,0.088698,0.33734,0.259403,0.721757,0.509459,0.396286,0.956533,0.92719|1|1762487393
I20251108 00:02:58.843789 139717798590272 data_text_parser.cc:116] beg_pos: 12932,end_pos: 15139
I20251108 00:02:58.843802 139717798590272 data_text_parser.cc:59] line: 358|524|1720@716794159:0.632695;1185@3340529805:0.16153;1587@1185224975:0.695225;1048@3330585497:0.349376;1413@1780091353:0.119133;1472@3100578480:0.696982;1861@3520058783:0.829751;1430@3196363220:0.903061;1384@201982354:0.257333;1829@23030677:0.541212;1635@691503487:0.511016;1785@3772207140:0.590863;1712@3357441273:0.21481;1116@2652208500:0.968051;1010@308925484:0.188177;1371@1767541672:0.110682;1381@4203887361:0.90144;1736@2755545504:0.167535;1206@2057176172:0.563846;1202@1648558151:0.518638|67@0.122193,0.598837,0.776067,0.505733,0.14591,0.829515,0.999062,0.746959,0.979775,0.339527,0.983079;56@0.402824,0.504834,0.87068,0.022646,0.798082,0.388363,0.106244,0.607803,0.945324,0.237038,0.05825,0.991497;73@0.098206,0.273194;38@0.276463,0.041474,0.053626,0.66794,0.105629,0.159266,0.013104,0.565891,0.023379,0.296356;1@;14@0.477269,0.099185,0.628654,0.396546,0.627614,0.859321,0.575895,0.729115,0.201694;41@;32@0.554083,0.953865,0.476346,0.736927;70@0.404407,0.089373,0.913091,0.706885;43@0.393998,0.997846,0.478708,0.79661,0.035465,0.841619,0.377422,0.299953,0.356313,0.003168,0.714068;65@0.877692,0.932401,0.20876,0.691684;20@0.209832,0.52716,0.083664,0.966951;40@0.672442,0.277265,0.193367;100@0.656227;37@0.61328,0.533385,0.926235,0.671374,0.523012,0.762018,0.508285,0.605171,0.070807,0.163836,0.906857,0.808344,0.495039;27@0.346239,0.71317,0.108976,0.924777,0.852205,0.587242,0.019338;92@0.245104,0.085622,0.453841,0.325704,0.111841;10@0.764902,0.117482,0.803385,0.023668,0.289896,0.327445,0.079911,0.895769,0.037882,0.934105,0.33834,0.483992;75@0.458114,0.215428,0.861271,0.95483,0.022788,0.27795,0.711742,0.916525,0.759249,0.076133;84@0.715413,0.94085,0.707644,0.657241,0.117506,0.988254,0.443858,0.455965,0.387903,0.980067,0.181388;82@0.966826;47@0.085366,0.377905,0.479422,0.188421,0.057997,0.096099,0.911838,0.895176,0.2206,0.644277,0.631398;9@0.79001,0.049208,0.997807,0.987549,0.95538,0.717655,0.434867,0.998176,0.788021,0.847149,0.295748;39@0.04032,0.422616,0.810222,0.918854,0.988831,0.511659,0.82137,0.154875,0.57217;88@0.745184,0.971114,0.084935,0.061025,0.015126,0.122042,0.826118;30@0.603936,0.147576,0.73335,0.575864,0.569515,0.456182,0.776004,0.653597,0.266711,0.362092|1|1762487393
I20251108 00:02:58.843849 139717798590272 data_text_parser.cc:116] beg_pos: 15140,end_pos: 17348
I20251108 00:02:58.843861 139717798590272 data_text_parser.cc:59] line: 359|818|1720@3769114836:0.910715;1185@1388222426:0.218392;1587@4200362228:0.49971;1048@3826299878:0.466587;1413@3152333546:0.767378;1472@3807924602:0.904748;1861@2273150916:0.579441;1430@2333904804:0.242778;1384@1712752339:0.412111;1829@494070148:0.745819;1635@2267228939:0.334796;1785@2928480718:0.19151;1712@982469554:0.65328;1116@3666567280:0.592961;1010@663576148:0.501076;1371@2963863897:0.636683;1381@964045399:0.089349;1736@563325074:0.14115;1206@2389498509:0.553307;1202@40940332:0.158157|67@0.638105,0.933627,0.705759,0.078701,0.578291,0.618865,0.099731,0.062214,0.665081,0.865284,0.27025;56@0.440764,0.46161,0.375072,0.346185,0.114521,0.287247,0.816044,0.231786,0.976228,0.949965,0.648951,0.922114;73@0.473254,0.848822;38@0.60518,0.641135,0.801926,0.879892,0.292564,0.091899,0.273639,0.904398,0.625513,0.8168;1@;14@0.085503,0.686506,0.560254,0.393912,0.043527,0.987701,0.273436,0.759351,0.653992;41@;32@0.142003,0.203895,0.545796,0.888438;70@0.06732,0.880724,0.499185,0.794253;43@0.959369,0.953225,0.307393,0.992093,0.389988,0.457585,0.818993,0.792719,0.446765,0.12199,0.633156;65@0.876324,0.297198,0.277782,0.853461;20@0.031248,0.868031,0.85003,0.004051;40@0.806937,0.850108,0.991529;100@0.295102;37@0.179207,0.268715,0.618792,0.123016,0.187909,0.948928,0.853703,0.515083,0.933154,0.320847,0.423752,0.046673,0.597256;27@0.004241,0.627813,0.120338,0.970683,0.077118,0.178555,0.412785;92@0.140128,0.376123,0.840329,0.6181,0.55563;10@0.565315,0.337908,0.605405,0.600988,0.97468,0.391882,0.096251,0.260233,0.36428,0.200191,0.19697,0.047592;75@0.158646,0.727771,0.610841,0.611851,0.281906,0.137206,0.606894,0.785541,0.616347,0.556655;84@0.010006,0.817674,0.261643,0.649941,0.582879,0.983371,0.477102,0.538277,0.243342,0.809954,0.475841;82@0.826638;47@0.729857,0.523144,0.080352,0.40118,0.635033,0.388938,0.342582,0.512704,0.362543,0.951143,0.435312;9@0.567946,0.947872,0.558626,0.715321,0.861311,0.566715,0.392999,0.937443,0.136384,0.939289,0.486723;39@0.196753,0.476028,0.022487,0.305974,0.831019,0.47802,0.264676,0.875275,0.288548;88@0.829933,0.925606,0.460714,0.22647,0.301342,0.491037,0.883313;30@0.49628,0.013147,0.350144,0.052045,0.570479,0.699238,0.194941,0.619923,0.215057,0.410458|0|1762487393
I20251108 00:02:58.843892 139717798590272 data_text_parser.cc:116] beg_pos: 17349,end_pos: 19551
I20251108 00:02:58.843905 139717798590272 data_text_parser.cc:59] line: 360|59|1720@1500274498:0.147264;1185@748468411:0.486407;1587@713271737:0.523932;1048@2989008420:0.081697;1413@1616013177:0.235574;1472@3655988577:0.593097;1861@2989061091:0.968655;1430@173251153:0.248739;1384@2157030992:0.735207;1829@1478572240:0.668073;1635@1793493388:0.707625;1785@488225486:0.319074;1712@191935858:0.97701;1116@203090791:0.763895;1010@2644250042:0.630467;1371@319090530:0.700532;1381@3861526673:0.167301;1736@1726477078:0.475318;1206@3989284977:0.274802;1202@2608810981:0.699|67@0.009881,0.109567,0.621761,0.63113,0.627934,0.262503,0.277858,0.137441,0.511263,0.389198,0.063617;56@0.189375,0.813207,0.567969,0.102407,0.304909,0.376858,0.636978,0.211251,0.607597,0.411249,0.251077,0.340399;73@0.70502,0.201806;38@0.298843,0.455735,0.682751,0.992183,0.33091,0.129921,0.05298,0.131261,0.789509,0.554485;1@;14@0.749343,0.111677,0.69956,0.374738,0.979516,0.550739,0.129404,0.309272,0.8962;41@;32@0.260088,0.748767,0.650023,0.794906;70@0.639137,0.233494,0.6743,0.066121;43@0.142946,0.232603,0.67125,0.277651,0.685107,0.180124,0.095957,0.571681,0.9762,0.938757,0.953244;65@0.799768,0.812974,0.508012,0.835104;20@0.827808,0.380889,0.15896,0.107069;40@0.735185,0.615909,0.485135;100@0.673458;37@0.591379,0.294516,0.538554,0.896894,0.837697,0.162476,0.127935,0.8317,0.922595,0.644319,0.354525,0.080554,0.772286;27@0.449697,0.100273,0.77567,0.266895,0.397108,0.304895,0.962565;92@0.010205,0.977709,0.85315,0.033708,0.12024;10@0.848202,0.587086,0.51739,0.596547,0.232956,0.675228,0.286713,0.30541,0.412952,0.257847,0.983729,0.307862;75@0.745939,0.334726,0.725122,0.347345,0.963745,0.407044,0.499572,0.54864,0.287641,0.686501;84@0.371166,0.917116,0.038636,0.585577,0.983616,0.597041,0.028101,0.203762,0.280117,0.423838,0.613475;82@0.64323;47@0.092337,0.598283,0.791918,0.386221,0.716062,0.988378,0.141143,0.528661,0.328313,0.520379,0.547632;9@0.317688,0.90666,0.337152,0.797694,0.190027,0.121369,0.974746,0.423472,0.004694,0.464095,0.375871;39@0.667498,0.139361,0.070025,0.549237,0.394166,0.819234,0.887306,0.347739,0.451871;88@0.712875,0.798817,0.331959,0.940424,0.592086,0.804174,0.718963;30@0.968754,0.879151,0.263919,0.899065,0.586302,0.089336,0.271524,0.484523,0.172781,0.025356|1|1762487393
I20251108 00:02:58.843937 139717798590272 data_text_parser.cc:116] beg_pos: 19552,end_pos: 20480
I20251108 00:02:58.844203 139717798590272 data_text_parser.cc:101] get chunk buffer, size: 20480
I20251108 00:02:58.844235 139717798590272 data_text_parser.cc:116] beg_pos: 0,end_pos: 1274
I20251108 00:02:58.844244 139717798590272 data_text_parser.cc:61] buffer line: 361|50|1720@1206337377:0.71417;1185@185825666:0.358448;1587@3348543419:0.667645;1048@2962640907:0.52437;1413@29301891:0.351921;1472@3732207787:0.582359;1861@47785595:0.298082;1430@859414084:0.323205;1384@3416835091:0.725857;1829@1220019441:0.642971;1635@3469039385:0.137634;1785@1821887720:0.660551;1712@506319359:0.648058;1116@2755545504:0.299169;1010@4244165723:0.917407;1371@714654967:0.032498;1381@3801447079:0.883806;1736@1761655651:0.416545;1206@4192453684:0.151689;1202@1748604782:0.14899|67@0.321795,0.058183,0.984796,0.349444,0.106136,0.17334,0.441064,0.026806,0.908648,0.289727,0.646221;56@0.80489,0.633368,0.227554,0.393542,0.607167,0.758939,0.514029,0.322017,0.776999,0.857479,0.647074,0.248771;73@0.993285,0.585862;38@0.88337,0.639533,0.889136,0.338566,0.608104,0.446984,0.100417,0.71516,0.635624,0.303483;1@;14@0.312994,0.858412,0.182945,0.760953,0.568447,0.047908,0.386067,0.503277,0.244754;41@;32@0.911143,0.933555,0.827723,0.607678;70@0.415146,0.573194,0.425769,0.12436;43@0.749213,0.331514,0.038859,0.650404,0.3257,0.06423,0.977491,0.724534,0.790831,0.71814,0.105312;65@0.706761,0.114339,0.019877,0.0214;20@0.18144,0.868542,0.363505,0.34317;40@0.365125,0.856995,0.29518;100@0.201122;37@0.936321,0.485465,0.964819,0.991292,0.471917,0.964873,0.202829,0.882194,0.810712,0.770452,0.742694,0.038726,0.861036;27@0.270105,0.495664,0.042244,0.21053,0.489681,0.830736,0.269268;92@0.443596,0.046789,0.855436,0.038361,0.645397;10@0.951739,0.862392,0.41712,0.148995,0.903377,0.499465,0.507729,0.562449,0.30418,0.458957,0.83929,0.291941;75@0.004477,0.113777,0.611496,0.863799,0.931421,0.940922,0.274347,0.514981,0.670789,0.974758;84@0.824664,0.266265,0.872406,0.518539,0.536796,0.053311,0.681607,0.983671,0.964969,0.976737,0.819575;82@0.37122;47@0.308513,0.556234,0.748993,0.974515,0.22932,0.312477,0.67862,0.866536,0.381091,0.181917,0.595409;9@0.032543,0.855215,0.698041,0.201975,0.800778,0.925351,0.362737,0.151048,0.283899,0.440591,0.287039;39@0.465833,0.47749,0.009707,0.123674,0.566071,0.012998,0.825551,0.775303,0.014523;88@0.649877,0.502367,0.161187,0.620958,0.068665,0.282034,0.107855;30@0.49485,0.605906,0.070417,0.863037,0.860455,0.058247,0.249101,0.754271,0.950753,0.220009|1|1762487393
I20251108 00:02:58.844293 139717798590272 data_text_parser.cc:116] beg_pos: 1275,end_pos: 3476
I20251108 00:02:58.844306 139717798590272 data_text_parser.cc:59] line: 362|157|1720@1968470020:0.671912;1185@521699928:0.291134;1587@3374909157:0.585112;1048@717409185:0.431647;1413@326409680:0.057242;1472@249560702:0.323719;1861@4255858670:0.689051;1430@2289760529:0.457313;1384@2190393310:0.036294;1829@35750011:0.274423;1635@2521362407:0.32961;1785@2273150916:0.894633;1712@723782381:0.349054;1116@106906681:0.158096;1010@2116329884:0.828115;1371@4131182727:0.990949;1381@2674035463:0.089782;1736@57968243:0.323437;1206@1165812326:0.54685;1202@1966981219:0.400937|67@0.209861,0.665824,0.021096,0.733284,0.189514,0.516502,0.486472,0.580593,0.967091,0.851066,0.933943;56@0.137159,0.064541,0.467851,0.86216,0.830002,0.896778,0.398078,0.00073,0.911744,0.822326,0.032954,0.092763;73@0.0367,0.789082;38@0.495846,0.838231,0.251003,0.426168,0.793565,0.610103,0.25977,0.90224,0.148577,0.264751;1@;14@0.497271,0.038784,0.708117,0.041945,0.916857,0.072336,0.516391,0.298547,0.488813;41@;32@0.565177,0.918182,0.436361,0.598788;70@0.557585,0.814613,0.474366,0.344494;43@0.631914,0.088153,0.375831,0.959076,0.296685,0.083014,0.668203,0.261718,0.008843,0.140226,0.005468;65@0.782195,0.303596,0.870147,0.906051;20@0.662694,0.826963,0.720791,0.92411;40@0.873235,0.987845,0.724826;100@0.68995;37@0.878356,0.484147,0.909733,0.054073,0.16473,0.74643,0.776734,0.718538,0.050321,0.026256,0.980624,0.747087,0.641711;27@0.218916,0.611968,0.331229,0.04167,0.405492,0.002052,0.731614;92@0.563827,0.521868,0.463912,0.323361,0.353474;10@0.080086,0.063358,0.454023,0.386614,0.86359,0.685453,0.896597,0.905371,0.554257,0.289575,0.463129,0.34855;75@0.666251,0.271282,0.501039,0.416267,0.144028,0.164678,0.185791,0.510154,0.442452,0.24546;84@0.582751,0.322125,0.27851,0.933706,0.721566,0.167537,0.66238,0.83106,0.983546,0.909827,0.501266;82@0.328594;47@0.385793,0.381099,0.444547,0.549673,0.449354,0.534563,0.478506,0.91441,0.547601,0.149364,0.342468;9@0.321174,0.62868,0.18058,0.610361,0.677236,0.079849,0.912714,0.485599,0.004188,0.345761,0.838909;39@0.816039,0.355768,0.447149,0.9707,0.695951,0.54337,0.614205,0.364489,0.383494;88@0.905908,0.639167,0.793125,0.283502,0.026409,0.984576,0.145323;30@0.147635,0.895121,0.647778,0.012404,0.226922,0.79721,0.374215,0.305905,0.100245,0.650486|0|1762487393
I20251108 00:02:58.844338 139717798590272 data_text_parser.cc:116] beg_pos: 3477,end_pos: 5686
I20251108 00:02:58.844350 139717798590272 data_text_parser.cc:59] line: 363|534|1720@3348825568:0.257028;1185@1974495079:0.060969;1587@3522810805:0.655611;1048@106490975:0.402967;1413@694216956:0.994443;1472@2022617860:0.447146;1861@3451129464:0.747856;1430@4292589870:0.888071;1384@2663819635:0.801245;1829@341667861:0.119105;1635@1421320463:0.355212;1785@617387153:0.739178;1712@554929831:0.020588;1116@2308340458:0.359536;1010@2709549145:0.692518;1371@3079046002:0.123911;1381@577727121:0.293732;1736@1035416586:0.988193;1206@2849266499:0.523489;1202@3097645140:0.38165|67@0.294233,0.116152,0.800156,0.337793,0.703606,0.134069,0.74231,0.770684,0.294361,0.38069,0.650495;56@0.385142,0.558154,0.530952,0.102231,0.993508,0.585035,0.10338,0.839825,0.246465,0.36922,0.955097,0.503302;73@0.9678,0.8412;38@0.52345,0.232465,0.741331,0.216641,0.039193,0.261189,0.454208,0.717887,0.078377,0.077193;1@;14@0.465607,0.842995,0.162115,0.722355,0.790754,0.34763,0.03493,0.729329,0.997573;41@;32@0.683846,0.129025,0.218006,0.735608;70@0.925907,0.572065,0.304271,0.586885;43@0.334041,0.700598,0.874791,0.717421,0.535591,0.38476,0.340161,0.297082,0.576206,0.045591,0.110738;65@0.098478,0.361748,0.186808,0.496657;20@0.535088,0.606661,0.292034,0.817762;40@0.791258,0.016319,0.36143;100@0.332067;37@0.988972,0.708937,0.549424,0.655348,0.755684,0.838951,0.904962,0.766922,0.96275,0.681305,0.57057,0.71738,0.992627;27@0.076335,0.565261,0.298079,0.32926,0.714624,0.973227,0.822888;92@0.898892,0.057738,0.786368,0.227031,0.306434;10@0.606437,0.030485,0.210765,0.139095,0.222643,0.326101,0.959391,0.508458,0.208047,0.364785,0.02935,0.572291;75@0.211546,0.994469,0.334564,0.485085,0.64587,0.367542,0.238128,0.542014,0.515528,0.907979;84@0.828264,0.235962,0.151949,0.969607,0.439442,0.456667,0.481069,0.185319,0.904866,0.082476,0.691323;82@0.121495;47@0.462543,0.813278,0.286859,0.266811,0.387187,0.842345,0.902624,0.076065,0.385819,0.778334,0.905086;9@0.187032,0.881283,0.741219,0.62214,0.256026,0.677517,0.859405,0.925753,0.954627,0.287743,0.886748;39@0.022962,0.067211,0.990837,0.037733,0.335526,0.978147,0.127269,0.904297,0.586674;88@0.627514,0.118039,0.696418,0.200306,0.212195,0.618499,0.321067;30@0.966946,0.054301,0.982884,0.902798,0.728305,0.641148,0.661807,0.745603,0.419489,0.56649|0|1762487393
I20251108 00:02:58.844399 139717798590272 data_text_parser.cc:116] beg_pos: 5687,end_pos: 7890
I20251108 00:02:58.844455 139717798590272 data_text_parser.cc:59] line: 364|812|1720@1281090416:0.466761;1185@1556464329:0.9392;1587@998767000:0.276956;1048@927893794:0.278251;1413@2506406611:0.422961;1472@3527346936:0.682932;1861@1104298735:0.215465;1430@310075636:0.073166;1384@3681661316:0.009979;1829@278374360:0.480619;1635@1086645949:0.48761;1785@3569927646:0.059045;1712@786336948:0.993138;1116@1279883614:0.801841;1010@1039343171:0.426441;1371@1390866690:0.660515;1381@4055480415:0.35263;1736@2389413261:0.735187;1206@1556908893:0.38829;1202@464534866:0.168192|67@0.881044,0.601866,0.454795,0.632261,0.870613,0.695972,0.08432,0.371147,0.722002,0.821261,0.87593;56@0.358234,0.558481,0.314212,0.00353,0.6138,0.16187,0.719608,0.329266,0.8924,0.485214,0.872451,0.664834;73@0.941338,0.626358;38@0.385047,0.485806,0.736459,0.190398,0.032578,0.386749,0.862568,0.265953,0.015577,0.978851;1@;14@0.780401,0.602341,0.710369,0.287078,0.398569,0.92265,0.900626,0.192611,0.737771;41@;32@0.673403,0.005917,0.766525,0.159947;70@0.904629,0.335967,0.573676,0.678528;43@0.285724,0.737953,0.245756,0.02606,0.056418,0.090398,0.948889,0.862328,0.007473,0.808628,0.563924;65@0.008204,0.541478,0.974278,0.125484;20@0.492866,0.270259,0.345801,0.401524;40@0.320565,0.39926,0.68205;100@0.295143;37@0.540877,0.076649,0.996621,0.148309,0.260502,0.180574,0.105644,0.544434,0.332579,0.295396,0.082127,0.986413,0.733207;27@0.836849,0.081584,0.76243,0.274249,0.9781,0.775007,0.332963;92@0.792094,0.406301,0.11246,0.643057,0.812341;10@0.372754,0.361216,0.974035,0.181378,0.227561,0.770453,0.954187,0.108377,0.796909,0.144553,0.632157,0.33981;75@0.776843,0.846822,0.403545,0.788926,0.781926,0.588991,0.412916,0.084888,0.268593,0.897535;84@0.981634,0.201662,0.004747,0.889908,0.837575,0.406165,0.051112,0.782996,0.630469,0.804025,0.596706;82@0.233164;47@0.637915,0.002017,0.112448,0.05347,0.646084,0.807805,0.788306,0.099335,0.045119,0.410423,0.323478;9@0.197739,0.880049,0.654327,0.349691,0.656606,0.147411,0.50151,0.697367,0.904016,0.05488,0.264884;39@0.245715,0.804176,0.038945,0.039825,0.369966,0.439542,0.167873,0.780228,0.944449;88@0.20924,0.598608,0.41595,0.448597,0.69212,0.979751,0.060347;30@0.014814,0.005354,0.550413,0.994153,0.640763,0.435563,0.313686,0.245848,0.065814,0.465131|0|1762487393
I20251108 00:02:58.844495 139717798590272 data_text_parser.cc:116] beg_pos: 7891,end_pos: 10100
I20251108 00:02:58.844523 139717798590272 data_text_parser.cc:59] line: 365|751|1720@1980704328:0.333473;1185@2415367239:0.07573;1587@1498660683:0.774097;1048@1517387882:0.736617;1413@1749346377:0.287797;1472@3124420394:0.377268;1861@925196759:0.488664;1430@1854146402:0.110015;1384@1866000276:0.411917;1829@351716976:0.364531;1635@2943904721:0.163221;1785@998732913:0.067509;1712@2676775413:0.551913;1116@2174831769:0.068535;1010@262147183:0.037055;1371@3559935267:0.195668;1381@1817512180:0.098104;1736@1487132287:0.196075;1206@2943263691:0.542336;1202@3899659834:0.02207|67@0.410043,0.486868,0.82829,0.054939,0.629706,0.419824,0.621823,0.653685,0.795741,0.667109,0.664704;56@0.675619,0.168588,0.121731,0.329465,0.357048,0.780246,0.056673,0.0843,0.8485,0.786208,0.153005,0.148126;73@0.560979,0.429875;38@0.566149,0.131761,0.930473,0.739975,0.862626,0.356673,0.174066,0.290927,0.353025,0.268969;1@;14@0.048486,0.896634,0.379983,0.909912,0.567603,0.656024,0.160449,0.660926,0.420183;41@;32@0.893583,0.018443,0.255755,0.792176;70@0.504935,0.043616,0.80308,0.787384;43@0.792236,0.588682,0.222017,0.117785,0.746971,0.138934,0.243622,0.993716,0.188507,0.012764,0.925212;65@0.466794,0.81355,0.134472,0.095617;20@0.674744,0.619658,0.534508,0.892131;40@0.813337,0.079613,0.924923;100@0.504072;37@0.713606,0.11202,0.496618,0.178345,0.316891,0.38688,0.629436,0.852766,0.125789,0.03677,0.942367,0.717645,0.203001;27@0.702711,0.335935,0.214027,0.067937,0.917264,0.573953,0.84859;92@0.603717,0.031484,0.048095,0.709304,0.199065;10@0.058267,0.075679,0.800065,0.432505,0.13489,0.562359,0.704033,0.0741,0.966096,0.856277,0.01657,0.142247;75@0.176622,0.653223,0.956648,0.434278,0.108651,0.240009,0.548604,0.891224,0.1372,0.446559;84@0.616435,0.249092,0.379647,0.929068,0.58615,0.234236,0.943684,0.647314,0.84465,0.366431,0.506166;82@0.252722;47@0.635041,0.222218,0.173491,0.490788,0.407198,0.116934,0.681028,0.207455,0.016972,0.889031,0.411395;9@0.367833,0.058504,0.892577,0.229824,0.440451,0.620384,0.879679,0.179641,0.813987,0.063645,0.325952;39@0.334149,0.885292,0.490714,0.126291,0.525079,0.050454,0.510753,0.565941,0.279995;88@0.850904,0.429924,0.245818,0.85349,0.871628,0.313807,0.187636;30@0.736084,0.80296,0.787948,0.981223,0.339579,0.94956,0.990567,0.199001,0.946529,0.939011|1|1762487393
I20251108 00:02:58.844585 139717798590272 data_text_parser.cc:116] beg_pos: 10101,end_pos: 12307
I20251108 00:02:58.844601 139717798590272 data_text_parser.cc:59] line: 366|997|1720@3784165117:0.033155;1185@3300313424:0.491813;1587@3853891488:0.69662;1048@1135183227:0.465478;1413@2505191092:0.784048;1472@318895573:0.7873;1861@2125611783:0.575772;1430@1885195784:0.734221;1384@848378482:0.484151;1829@1173098715:0.54691;1635@2331227930:0.072233;1785@1521753387:0.18464;1712@2741843440:0.155252;1116@3756815204:0.14276;1010@3088861166:0.454176;1371@287485728:0.165787;1381@2333553471:0.186803;1736@2543815053:0.645116;1206@3807924602:0.402058;1202@3124420394:0.077642|67@0.83521,0.0421,0.659866,0.381623,0.888294,0.626039,0.570423,0.42634,0.463567,0.737118,0.90407;56@0.492225,0.641477,0.152205,0.072734,0.133771,0.304389,0.819064,0.64954,0.956192,0.051596,0.816969,0.558104;73@0.350666,0.902863;38@0.12046,0.048293,0.485561,0.947797,0.084748,0.42352,0.243437,0.660582,0.829448,0.171538;1@;14@0.931478,0.462905,0.784131,0.247011,0.981093,0.947004,0.837329,0.143397,0.422895;41@;32@0.692129,0.779798,0.348371,0.189937;70@0.418968,0.567896,0.947682,0.522177;43@0.170859,0.087388,0.452088,0.203541,0.363755,0.416895,0.69928,0.652002,0.165287,0.437627,0.843031;65@0.173806,0.495242,0.996459,0.226739;20@0.890291,0.159246,0.032155,0.506478;40@0.768026,0.435599,0.087181;100@0.183307;37@0.395544,0.579406,0.936365,0.024833,0.03351,0.592182,0.605494,0.832917,0.927147,0.694486,0.491022,0.808201,0.325224;27@0.747726,0.623403,0.383811,0.902265,0.00819,0.616023,0.052987;92@0.174359,0.848186,0.920452,0.94797,0.021377;10@0.673305,0.594126,0.201167,0.883858,0.829107,0.565848,0.475401,0.58775,0.168175,0.128509,0.31306,0.400922;75@0.794195,0.908126,0.760041,0.073535,0.22412,0.396638,0.923182,0.814065,0.783829,0.495096;84@0.639135,0.281561,0.352769,0.418672,0.163937,0.836297,0.53606,0.946169,0.554023,0.467669,0.599882;82@0.925766;47@0.477482,0.988439,0.866434,0.058677,0.23649,0.974588,0.951662,0.815103,0.099531,0.881781,0.124795;9@0.744967,0.337487,0.575552,0.785436,0.409309,0.083953,0.825754,0.932194,0.06476,0.663686,0.866424;39@0.118196,0.654677,0.090618,0.211254,0.828899,0.480363,0.792991,0.872591,0.051601;88@0.994363,0.061841,0.886467,0.77328,0.784963,0.213669,0.009902;30@0.228133,0.322,0.169267,0.685196,0.053699,0.298419,0.110427,0.271043,0.158658,0.596748|0|1762487393
I20251108 00:02:58.844633 139717798590272 data_text_parser.cc:116] beg_pos: 12308,end_pos: 14528
I20251108 00:02:58.844650 139717798590272 data_text_parser.cc:59] line: 367|448|1720@3979954075:0.141935;1185@2575210767:0.879993;1587@676478285:0.319752;1048@1984443833:0.093795;1413@3326230996:0.755997;1472@4158519977:0.883527;1861@3139748962:0.268765;1430@2480082591:0.501827;1384@2971311055:0.782041;1829@2002630043:0.049442;1635@3484289692:0.277999;1785@3604550527:0.067418;1712@3366570045:0.176344;1116@571313029:0.924595;1010@3862011870:0.887437;1371@330850979:0.105684;1381@876608513:0.671464;1736@4181571915:0.460306;1206@1046397545:0.033399;1202@1347846981:0.230114|67@0.987902,0.393111,0.738048,0.473114,0.482565,0.772717,0.876609,0.518182,0.932946,0.394597,0.379896;56@0.422033,0.606829,0.095693,0.304134,0.170271,0.194209,0.219074,0.507145,0.836029,0.491442,0.318506,0.123882;73@0.446364,0.128174;38@0.279889,0.785154,0.710217,0.49638,0.137167,0.092906,0.34709,0.351151,0.325183,0.727722;1@;14@0.250877,0.439412,0.807899,0.262052,0.961342,0.545023,0.687086,0.723129,0.250785;41@;32@0.471907,0.711296,0.662539,0.879924;70@0.599993,0.549696,0.640705,0.766199;43@0.735973,0.695145,0.916742,0.079907,0.003938,0.208368,0.031482,0.001038,0.333475,0.477095,0.791323;65@0.168559,0.76137,0.182829,0.470788;20@0.004419,0.405378,0.912747,0.920074;40@0.901921,0.976518,0.05405;100@0.530721;37@0.754122,0.156634,0.590388,0.719514,0.703785,0.83544,0.633269,0.682345,0.5055,0.682451,0.419705,0.761497,0.331883;27@0.965723,0.685962,0.736996,0.242848,0.174002,0.339253,0.879068;92@0.333637,0.902744,0.670803,0.078745,0.91796;10@0.772948,0.843575,0.366307,0.481474,0.149172,0.115694,0.077668,0.011528,0.712751,0.980022,0.153612,0.409753;75@0.48354,0.354787,0.413146,0.231666,0.799977,0.259671,0.513582,0.931081,0.996588,0.833693;84@0.628811,0.689582,0.09201,0.25015,0.870148,0.188339,0.636618,0.528895,0.868222,0.795103,0.033285;82@0.389283;47@0.062187,0.718331,0.615864,0.65019,0.341047,0.122905,0.020649,0.866517,0.249417,0.982736,0.562095;9@0.926124,0.365956,0.983127,0.344018,0.764028,0.292956,0.730547,0.628326,0.985876,0.885343,0.595541;39@0.023469,0.747763,0.064777,0.742123,0.175389,0.809964,0.682708,0.847693,0.714808;88@0.998221,0.852695,0.946353,0.634117,0.661199,0.251119,0.52078;30@0.483076,0.062373,0.993375,0.269844,0.637805,0.874964,0.846502,0.686918,0.740782,0.022789|1|1762487393
I20251108 00:02:58.844688 139717798590272 data_text_parser.cc:116] beg_pos: 14529,end_pos: 16735
I20251108 00:02:58.844700 139717798590272 data_text_parser.cc:59] line: 368|445|1720@2948204631:0.796884;1185@303660549:0.86362;1587@3635196515:0.951779;1048@3789667522:0.366397;1413@2924957555:0.027674;1472@3414684109:0.461092;1861@3860688621:0.56998;1430@4237006980:0.944959;1384@2039221633:0.536317;1829@727506393:0.418281;1635@138231296:0.568686;1785@3644489704:0.67155;1712@923860541:0.079994;1116@1477252788:0.775873;1010@3009652820:0.080001;1371@981064654:0.686021;1381@97723595:0.421894;1736@1482122106:0.385416;1206@3770503549:0.032367;1202@3484555265:0.158761|67@0.639993,0.118297,0.805586,0.673696,0.995126,0.236191,0.005054,0.598222,0.335638,0.38074,0.206188;56@0.759761,0.732553,0.526772,0.171972,0.019713,0.350725,0.731742,0.96834,0.513369,0.074635,0.831675,0.128164;73@0.404273,0.284831;38@0.972944,0.763316,0.4358,0.254708,0.940687,0.247281,0.785697,0.457615,0.163625,0.753247;1@;14@0.353689,0.630067,0.781145,0.253087,0.292967,0.180838,0.903928,0.655032,0.860879;41@;32@0.484814,0.298804,0.618429,0.874324;70@0.677203,0.441079,0.527707,0.1981;43@0.80037,0.175441,0.884037,0.216826,0.831214,0.735706,0.842526,0.543583,0.223989,0.260142,0.459828;65@0.61738,0.534209,0.486703,0.478644;20@0.333176,0.103516,0.890701,0.163733;40@0.830353,0.616134,0.652041;100@0.434528;37@0.059217,0.791093,0.427289,0.984944,0.430323,0.483508,0.99076,0.467337,0.607915,0.766949,0.65037,0.099439,0.111741;27@0.46789,0.675384,0.52722,0.250147,0.082921,0.447982,0.991223;92@0.507585,0.684715,0.644306,0.356011,0.349091;10@0.735207,0.755075,0.116027,0.440215,0.46606,0.813039,0.035458,0.917399,0.832766,0.884502,0.04981,0.610903;75@0.991801,0.43584,0.589644,0.229301,0.538488,0.617107,0.609667,0.886433,0.641659,0.265377;84@0.16747,0.997295,0.677832,0.974232,0.776658,0.426422,0.719203,0.394262,0.752954,0.16965,0.555891;82@0.875368;47@0.501868,0.223222,0.354233,0.889072,0.238509,0.634346,0.736436,0.249879,0.333318,0.892256,0.091502;9@0.767196,0.201366,0.676246,0.205424,0.616651,0.810298,0.446305,0.66733,0.622519,0.615447,0.983028;39@0.083867,0.76035,0.041462,0.996515,0.383418,0.381899,0.798555,0.002329,0.998009;88@0.190567,0.936837,0.756025,0.108783,0.401412,0.185207,0.638436;30@0.520976,0.979116,0.84767,0.31852,0.888893,0.008901,0.970352,0.623823,0.348094,0.968853|0|1762487393
I20251108 00:02:58.844741 139717798590272 data_text_parser.cc:116] beg_pos: 16736,end_pos: 18943
I20251108 00:02:58.844753 139717798590272 data_text_parser.cc:59] line: 369|546|1720@3193878650:0.141969;1185@165260684:0.131038;1587@367426207:0.703969;1048@1241695781:0.215976;1413@3940707945:0.524292;1472@341052371:0.617143;1861@1498296671:0.439142;1430@483161841:0.573001;1384@2900636438:0.413932;1829@4272595358:0.577131;1635@874430580:0.788487;1785@324425635:0.100038;1712@2449819758:0.624353;1116@371397040:0.347109;1010@3485468101:0.592421;1371@3140255905:0.817902;1381@2544932795:0.098383;1736@1205362577:0.493249;1206@3179497161:0.08356;1202@2741843440:0.375912|67@0.57197,0.220203,0.30999,0.425225,0.067489,0.07422,0.242147,0.566161,0.56929,0.584507,0.450209;56@0.869596,0.849054,0.08985,0.901095,0.198486,0.485084,0.205295,0.350266,0.011286,0.584236,0.757304,0.642811;73@0.157119,0.281397;38@0.93976,0.728766,0.206625,0.636051,0.221154,0.718366,0.003792,0.864141,0.530585,0.815616;1@;14@0.751762,0.376734,0.4581,0.461191,0.987661,0.58543,0.948345,0.501012,0.44591;41@;32@0.320081,0.582657,0.396906,0.497055;70@0.27874,0.536927,0.517383,0.8723;43@0.307395,0.146939,0.217183,0.348039,0.932312,0.373896,0.600159,0.288036,0.498741,0.696464,0.409036;65@0.622719,0.152663,0.493341,0.190048;20@0.446174,0.990952,0.950896,0.582623;40@0.112735,0.548326,0.240659;100@0.335315;37@0.603351,0.061252,0.233497,0.772545,0.304402,0.510195,0.847534,0.006043,0.163207,0.623264,0.571699,0.532561,0.117204;27@0.237003,0.935767,0.162942,0.666229,0.881754,0.532475,0.888042;92@0.229292,0.66824,0.731477,0.589393,0.109314;10@0.525954,0.330012,0.922129,0.4719,0.297708,0.322108,0.977763,0.414909,0.003639,0.729682,0.80642,0.768937;75@0.022236,0.22181,0.825832,0.109443,0.280874,0.80208,0.250714,0.564299,0.744572,0.728544;84@0.289806,0.264883,0.262261,0.074005,0.345366,0.741998,0.566259,0.089191,0.573343,0.269217,0.532251;82@0.36123;47@0.81548,0.576832,0.887502,0.961207,0.818329,0.150295,0.829321,0.022852,0.88941,0.662789,0.721514;9@0.492608,0.014104,0.769862,0.592397,0.074972,0.279965,0.900565,0.990449,0.227186,0.274069,0.059596;39@0.134238,0.473809,0.787894,0.187121,0.658582,0.649559,0.363635,0.885201,0.507676;88@0.692284,0.634461,0.964315,0.681379,0.119842,0.803977,0.933697;30@0.957231,0.486781,0.024216,0.493316,0.171554,0.738789,0.093228,0.155604,0.752081,0.139513|0|1762487393
I20251108 00:02:58.844780 139717798590272 data_text_parser.cc:116] beg_pos: 18944,end_pos: 20480
I20251108 00:02:58.845039 139717798590272 data_text_parser.cc:101] get chunk buffer, size: 20480
I20251108 00:02:58.845055 139717798590272 data_text_parser.cc:116] beg_pos: 0,end_pos: 663
I20251108 00:02:58.845062 139717798590272 data_text_parser.cc:61] buffer line: 370|180|1720@1466375552:0.279208;1185@2507841625:0.70432;1587@990375882:0.540295;1048@1372320058:0.48159;1413@2456557948:0.812908;1472@1890818997:0.272616;1861@2813425329:0.43837;1430@3869703704:0.866959;1384@1936221992:0.141559;1829@1130718857:0.094545;1635@317921590:0.904689;1785@859414084:0.714196;1712@3503532433:0.8675;1116@3158315302:0.076205;1010@3063356002:0.198154;1371@2123342261:0.404868;1381@4074942769:0.997871;1736@55311661:0.393089;1206@717409185:0.416965;1202@3985822777:0.074938|67@0.023168,0.026585,0.262972,0.284822,0.363553,0.0115,0.535546,0.670273,0.396662,0.0771,0.091631;56@0.648369,0.886474,0.637716,0.041566,0.364842,0.758398,0.394683,0.61005,0.697486,0.079014,0.73805,0.159741;73@0.202777,0.218607;38@0.360867,0.094294,0.963699,0.947597,0.951219,0.18173,0.817864,0.204019,0.764222,0.886831;1@;14@0.593158,0.524046,0.433733,0.271786,0.813437,0.086922,0.601537,0.9639,0.995974;41@;32@0.302791,0.763626,0.103842,0.554984;70@0.608057,0.068253,0.624505,0.69497;43@0.97172,0.165983,0.208002,0.233209,0.092896,0.573329,0.87845,0.563623,0.269778,0.60571,0.488456;65@0.853746,0.058071,0.705725,0.390522;20@0.146475,0.425534,0.368363,0.543177;40@0.734209,0.694107,0.578553;100@0.358759;37@0.030213,0.027522,0.027928,0.12949,0.383565,0.978059,0.387274,0.452611,0.466667,0.161443,0.462423,0.738708,0.860786;27@0.543873,0.269123,0.613195,0.319699,0.202968,0.417988,0.363156;92@0.417382,0.369353,0.266081,0.527398,0.586406;10@0.751454,0.373049,0.405231,0.72799,0.93919,0.953967,0.770641,0.605575,0.574035,0.122203,0.845181,0.67007;75@0.041897,0.242524,0.223884,0.649135,0.525525,0.710724,0.379826,0.986417,0.397786,0.529623;84@0.99616,0.115612,0.717678,0.220126,0.070292,0.737831,0.370839,0.629868,0.65491,0.329801,0.929005;82@0.859701;47@0.951513,0.667783,0.647627,0.156764,0.854698,0.37495,0.658568,0.3624,0.853005,0.841376,0.532304;9@0.990958,0.931446,0.93644,0.013773,0.220106,0.224385,0.194969,0.545614,0.035743,0.266956,0.644059;39@0.010182,0.259346,0.166544,0.96673,0.976119,0.500056,0.390514,0.960127,0.132382;88@0.499498,0.58974,0.507289,0.843492,0.037413,0.330107,0.856102;30@0.303977,0.839789,0.097382,0.953985,0.22428,0.982135,0.47506,0.627957,0.446163,0.945093|1|1762487393
I20251108 00:02:58.845104 139717798590272 data_text_parser.cc:116] beg_pos: 664,end_pos: 2876
I20251108 00:02:58.845117 139717798590272 data_text_parser.cc:59] line: 371|570|1720@2340779104:0.751485;1185@2499069939:0.23935;1587@1465283358:0.763603;1048@2023984734:0.494111;1413@2510541476:0.091727;1472@1152062435:0.123123;1861@3195378066:0.556516;1430@1297010504:0.900284;1384@658341625:0.938332;1829@1031808783:0.450135;1635@2334947251:0.384671;1785@3651349097:0.782032;1712@1562113939:0.558138;1116@1082165738:0.573511;1010@3304666677:0.065027;1371@1097578599:0.086647;1381@1966447365:0.544468;1736@4092279163:0.945256;1206@1624513410:0.570586;1202@4229809510:0.35924|67@0.709646,0.102467,0.742799,0.239132,0.82217,0.826055,0.064185,0.284618,0.987764,0.276164,0.919846;56@0.87332,0.2898,0.293605,0.23104,0.360143,0.312659,0.81121,0.34829,0.967896,0.762459,0.47389,0.464357;73@0.818571,0.982625;38@0.706408,0.560388,0.709743,0.224931,0.421304,0.468083,0.584287,0.229268,0.672389,0.662968;1@;14@0.090971,0.435016,0.415105,0.735051,0.191172,0.928166,0.346596,0.056621,0.994841;41@;32@0.829982,0.05568,0.471887,0.271748;70@0.940117,0.797107,0.071681,0.505327;43@0.498112,0.101705,0.965958,0.103667,0.803018,0.845754,0.086927,0.589373,0.413554,0.021911,0.499893;65@0.507027,0.742175,0.640736,0.604918;20@0.410418,0.053247,0.284738,0.946859;40@0.348832,0.362053,0.783272;100@0.36228;37@0.244189,0.034335,0.460903,0.666591,0.428534,0.107103,0.348499,0.888925,0.794439,0.194562,0.248942,0.865658,0.590935;27@0.75401,0.654354,0.216896,0.141292,0.731709,0.986501,0.269899;92@0.690719,0.782576,0.868403,0.453256,0.935842;10@0.330691,0.671934,0.119364,0.592544,0.747736,0.881341,0.311297,0.947377,0.963914,0.412475,0.778114,0.744247;75@0.149924,0.958347,0.364325,0.400025,0.863126,0.05391,0.494333,0.430237,0.624661,0.634729;84@0.087936,0.033743,0.015877,0.245996,0.120088,0.151417,0.763277,0.238628,0.94771,0.154584,0.286177;82@0.334182;47@0.514804,0.319845,0.201649,0.697839,0.046481,0.826609,0.05552,0.790531,0.77254,0.606568,0.016007;9@0.63004,0.105471,0.141305,0.317543,0.361735,0.854277,0.815068,0.961283,0.48773,0.136808,0.963009;39@0.997387,0.396564,0.728241,0.151396,0.101445,0.970311,0.402808,0.947116,0.349288;88@0.25173,0.754188,0.865153,0.437512,0.789131,0.945073,0.28943;30@0.073797,0.852778,0.447944,0.150854,0.881834,0.556816,0.743,0.625597,0.274928,0.020397|0|1762487393
I20251108 00:02:58.845147 139717798590272 data_text_parser.cc:116] beg_pos: 2877,end_pos: 5089
I20251108 00:02:58.845160 139717798590272 data_text_parser.cc:59] line: 372|825|1720@999771323:0.4429;1185@2693132930:0.322398;1587@1809161210:0.370148;1048@4242209456:0.586602;1413@2543816264:0.646133;1472@3507301829:0.406841;1861@2851757157:0.085448;1430@1504713467:0.170409;1384@3482005344:0.030799;1829@940403338:0.247473;1635@2958787194:0.920631;1785@4082193699:0.998922;1712@1765687185:0.657523;1116@1237557362:0.170417;1010@529082174:0.467262;1371@3998874160:0.545273;1381@1637448040:0.214267;1736@2053476104:0.472127;1206@4125264996:0.632544;1202@3985403770:0.93654|67@0.745789,0.075629,0.06707,0.410024,0.134743,0.058215,0.423821,0.42999,0.104456,0.852619,0.714184;56@0.575613,0.909277,0.200542,0.718702,0.993794,0.572096,0.804735,0.663862,0.646887,0.776359,0.60016,0.765255;73@0.809719,0.691538;38@0.930899,0.251037,0.231722,0.836593,0.29319,0.667944,0.172931,0.710704,0.402419,0.913761;1@;14@0.080716,0.413694,0.500977,0.312513,0.206559,0.659431,0.226791,0.263993,0.898461;41@;32@0.370885,0.915936,0.538484,0.999917;70@0.154632,0.798132,0.330719,0.462094;43@0.950639,0.019696,0.889222,0.27829,0.661172,0.495581,0.386577,0.570897,0.751085,0.25543,0.192912;65@0.33258,0.795694,0.75474,0.816367;20@0.625132,0.340374,0.263269,0.901634;40@0.272215,0.210177,0.282119;100@0.033833;37@0.708291,0.102905,0.01793,0.181585,0.974171,0.48673,0.268003,0.34603,0.694639,0.695773,0.459281,0.239722,0.201479;27@0.089932,0.677929,0.533765,0.030953,0.01976,0.734401,0.309995;92@0.926501,0.553856,0.200389,0.524787,0.998077;10@0.14025,0.309183,0.304183,0.322465,0.741013,0.157975,0.563088,0.338795,0.079569,0.941483,0.508196,0.532598;75@0.670836,0.466227,0.835471,0.399788,0.636357,0.574378,0.452578,0.384765,0.395156,0.978769;84@0.401477,0.677051,0.354155,0.038547,0.69858,0.727788,0.264482,0.695398,0.594879,0.274437,0.080249;82@0.461257;47@0.770727,0.749538,0.835513,0.598,0.995236,0.894332,0.022458,0.604551,0.355053,0.747623,0.088323;9@0.416879,0.241117,0.482357,0.482047,0.205221,0.277776,0.791384,0.528963,0.578327,0.478496,0.774621;39@0.735631,0.411847,0.431276,0.586433,0.877812,0.471948,0.908325,0.770081,0.877119;88@0.878815,0.449143,0.90963,0.598245,0.319056,0.512495,0.502065;30@0.957576,0.33852,0.489431,0.420606,0.072341,0.603671,0.577292,0.281673,0.237239,0.005798|0|1762487393
I20251108 00:02:58.845201 139717798590272 data_text_parser.cc:116] beg_pos: 5090,end_pos: 7299
I20251108 00:02:58.845213 139717798590272 data_text_parser.cc:59] line: 373|972|1720@3746104099:0.66758;1185@829482387:0.36711;1587@110550306:0.489688;1048@3621947060:0.779796;1413@2344733617:0.735293;1472@4109936314:0.096059;1861@2266565436:0.972505;1430@4274976891:0.20561;1384@223622850:0.9087;1829@3088082193:0.089756;1635@540916661:0.352723;1785@954623761:0.430837;1712@2878015252:0.258713;1116@3429393910:0.737007;1010@3913061066:0.482198;1371@723604002:0.960304;1381@2962640907:0.387626;1736@3621944935:0.750414;1206@3275066095:0.369282;1202@953645205:0.837924|67@0.560523,0.366608,0.064937,0.434015,0.823136,0.605306,0.388706,0.988499,0.32549,0.561975,0.138594;56@0.810215,0.165662,0.843473,0.142025,0.58479,0.292745,0.856509,0.036365,0.025668,0.563004,0.437285,0.757362;73@0.953666,0.899778;38@0.874175,0.676111,0.770017,0.250521,0.930949,0.220682,0.202269,0.612202,0.935803,0.703681;1@;14@0.536308,0.375796,0.081935,0.487136,0.1707,0.973438,0.596964,0.919858,0.359317;41@;32@0.938524,0.691366,0.273478,0.166011;70@0.474325,0.077614,0.160086,0.638972;43@0.444421,0.713496,0.721828,0.175513,0.537582,0.374966,0.786128,0.292979,0.255282,0.376945,0.846491;65@0.259916,0.807459,0.312992,0.675087;20@0.065268,0.651443,0.279216,0.254166;40@0.290976,0.096002,0.341038;100@0.307643;37@0.857711,0.456641,0.289116,0.782981,0.352035,0.221389,0.827716,0.722675,0.251215,0.084143,0.722449,0.129615,0.675736;27@0.56367,0.893078,0.685064,0.689637,0.321392,0.880571,0.190257;92@0.761615,0.223039,0.547793,0.777695,0.300108;10@0.168074,0.590332,0.371413,0.440016,0.604639,0.177758,0.970802,0.915271,0.269629,0.685114,0.507779,0.842875;75@0.938765,0.865889,0.000367,0.338165,0.404867,0.957397,0.576184,0.549768,0.010484,0.906131;84@0.787698,0.099537,0.560231,0.133542,0.37154,0.766271,0.995217,0.721035,0.863691,0.671338,0.187998;82@0.086993;47@0.822373,0.108047,0.068627,0.073314,0.789228,0.613249,0.494546,0.68443,0.850691,0.320458,0.641802;9@0.365,0.626601,0.329874,0.922522,0.768647,0.0949,0.256189,0.560748,0.691139,0.244132,0.539989;39@0.6864,0.368724,0.333082,0.255154,0.370662,0.202952,0.547925,0.887637,0.11935;88@0.607027,0.462495,0.410305,0.636319,0.255474,0.545813,0.823379;30@0.78912,0.636645,0.483746,0.392093,0.691221,0.507092,0.065194,0.731601,0.346321,0.795736|1|1762487393
I20251108 00:02:58.845254 139717798590272 data_text_parser.cc:116] beg_pos: 7300,end_pos: 9509
I20251108 00:02:58.845267 139717798590272 data_text_parser.cc:59] line: 374|91|1720@1604222837:0.302658;1185@4169890647:0.754874;1587@1010735406:0.596334;1048@217080834:0.585416;1413@120975253:0.941141;1472@3279173563:0.644136;1861@1425489803:0.964506;1430@4198552635:0.247346;1384@2515165453:0.273019;1829@2374897053:0.266008;1635@495155572:0.023393;1785@4014547300:0.985267;1712@1904938659:0.020821;1116@3408261475:0.309533;1010@362568356:0.624335;1371@654461107:0.508506;1381@848378482:0.924511;1736@2984796968:0.489361;1206@2971311055:0.571411;1202@2942853066:0.10701|67@0.86402,0.165521,0.037717,0.742956,0.572835,0.465625,0.75704,0.519124,0.720729,0.616578,0.69874;56@0.455548,0.218723,0.152876,0.04125,0.491974,0.764946,0.840207,0.970104,0.852881,0.909289,0.746043,0.322718;73@0.500249,0.495322;38@0.102023,0.441956,0.741164,0.525521,0.342692,0.991648,0.643232,0.044285,0.698955,0.42832;1@;14@0.185436,0.918244,0.821795,0.214169,0.644829,0.26821,0.611706,0.864535,0.127356;41@;32@0.015136,0.942313,0.047597,0.585319;70@0.888458,0.469633,0.768749,0.890764;43@0.638639,0.853984,0.028334,0.112485,0.51506,0.657987,0.015154,0.529902,0.377804,0.600198,0.200921;65@0.026526,0.86202,0.598834,0.204149;20@0.36065,0.783733,0.092962,0.005068;40@0.590042,0.308949,0.371918;100@0.198663;37@0.665018,0.377844,0.21583,0.368645,0.605059,0.8003,0.466881,0.022443,0.317384,0.34871,0.760156,0.849229,0.316577;27@0.250397,0.874575,0.907952,0.959888,0.934299,0.390998,0.836017;92@0.389961,0.731199,0.759673,0.699885,0.729897;10@0.4167,0.268017,0.083841,0.019865,0.55864,0.510941,0.846503,0.457909,0.97205,0.624803,0.355191,0.282613;75@0.798981,0.570345,0.318555,0.478154,0.502046,0.051553,0.965702,0.362835,0.511861,0.193212;84@0.675654,0.977169,0.555989,0.154015,0.525992,0.883296,0.405389,0.136049,0.353989,0.045484,0.266237;82@0.587683;47@0.781046,0.853715,0.777164,0.597106,0.842404,0.155963,0.673028,0.575703,0.085791,0.813304,0.235705;9@0.395099,0.760498,0.347233,0.633673,0.246832,0.559114,0.893826,0.184737,0.368449,0.74393,0.992112;39@0.258077,0.969806,0.228982,0.761432,0.121459,0.537876,0.54335,0.774792,0.141852;88@0.627935,0.703339,0.71372,0.850423,0.893804,0.097654,0.977857;30@0.333425,0.284474,0.528578,0.281099,0.160794,0.012378,0.671956,0.669094,0.065326,0.690041|1|1762487393
I20251108 00:02:58.845298 139717798590272 data_text_parser.cc:116] beg_pos: 9510,end_pos: 11726
I20251108 00:02:58.845311 139717798590272 data_text_parser.cc:59] line: 375|784|1720@2850966608:0.474518;1185@268314893:0.003495;1587@2211449703:0.896023;1048@4109406129:0.055296;1413@2596137314:0.917455;1472@3639947905:0.33116;1861@3206646458:0.43461;1430@976073144:0.99998;1384@1508195842:0.735369;1829@3170821505:0.720079;1635@3105674299:0.958931;1785@3968146597:0.378684;1712@1296626197:0.622079;1116@4252674961:0.396433;1010@1169552859:0.813757;1371@1310943608:0.052936;1381@1352238765:0.759903;1736@1329158227:0.473651;1206@2414701051:0.790026;1202@149456225:0.340527|67@0.974219,0.147789,0.596249,0.751158,0.144028,0.902335,0.936535,0.799565,0.112597,0.801947,0.306258;56@0.387518,0.179576,0.248912,0.892971,0.445879,0.978675,0.961948,0.200042,0.22033,0.203889,0.13803,0.462933;73@0.147744,0.356162;38@0.324094,0.20089,0.809302,0.449265,0.027108,0.904014,0.999989,0.819487,0.080399,0.430379;1@;14@0.550632,0.002686,0.049174,0.447209,0.752367,0.030967,0.631602,0.179534,0.930418;41@;32@0.211008,0.358512,0.631346,0.511461;70@0.129767,0.637226,0.085026,0.572372;43@0.601455,0.553218,0.034953,0.344318,0.418793,0.208322,0.294842,0.402207,0.048962,0.185341,0.823353;65@0.190381,0.412535,0.293419,0.579327;20@0.219493,0.921278,0.619321,0.162374;40@0.049993,0.780767,0.366925;100@0.032026;37@0.332817,0.424095,0.814631,0.736349,0.117038,0.219054,0.167916,0.983079,0.607311,0.970012,0.210632,0.605652,0.52298;27@0.132254,0.519706,0.650717,0.136973,0.156432,0.0346,0.867233;92@0.183488,0.683254,0.777125,0.104137,0.306869;10@0.905725,0.955634,0.806651,0.848001,0.623714,0.078837,0.544644,0.346792,0.62218,0.979265,0.142218,0.432773;75@0.537373,0.058694,0.064223,0.372526,0.694903,0.652135,0.021611,0.19885,0.472121,0.080078;84@0.111921,0.485642,0.853808,0.719707,0.153962,0.205996,0.82241,0.43444,0.271411,0.640123,0.162519;82@0.349326;47@0.054275,0.251659,0.958841,0.066066,0.000527,0.370313,0.029334,0.282501,0.480819,0.315012,0.952783;9@0.945586,0.619228,0.043108,0.452298,0.736679,0.637795,0.526057,0.577502,0.342827,0.363623,0.978122;39@0.271584,0.092182,0.67516,0.33999,0.319416,0.857951,0.397762,0.408367,0.680543;88@0.822282,0.430523,0.314993,0.402356,0.191494,0.451351,0.899763;30@0.688598,0.794057,0.75389,0.410425,0.926355,0.8862,0.823531,0.251843,0.772858,0.105288|1|1762487393
I20251108 00:02:58.845353 139717798590272 data_text_parser.cc:116] beg_pos: 11727,end_pos: 13933
I20251108 00:02:58.845366 139717798590272 data_text_parser.cc:59] line: 376|872|1720@3155173677:0.420422;1185@3493088779:0.373651;1587@3119463221:0.196401;1048@2367336487:0.059725;1413@871158023:0.081155;1472@889630363:0.092914;1861@749187991:0.373204;1430@170972630:0.030961;1384@3572064958:0.881838;1829@303660549:0.801202;1635@2305357409:0.971934;1785@2779662805:0.215134;1712@3598222538:0.846086;1116@2984973671:0.145712;1010@385542876:0.898855;1371@920335219:0.738575;1381@2858044663:0.56374;1736@838483902:0.586338;1206@3756642271:0.718018;1202@2120964453:0.729156|67@0.974317,0.19509,0.945104,0.440649,0.609048,0.192659,0.884739,0.796548,0.535678,0.131323,0.699565;56@0.115025,0.587156,0.665268,0.5851,0.692345,0.781723,0.977226,0.495547,0.197189,0.1646,0.981198,0.608962;73@0.321569,0.353774;38@0.655356,0.035778,0.463674,0.061335,0.492745,0.579571,0.157132,0.741724,0.858514,0.794175;1@;14@0.01675,0.829841,0.359258,0.530144,0.078325,0.174446,0.427297,0.972308,0.054167;41@;32@0.012637,0.64918,0.256776,0.562564;70@0.733606,0.051254,0.058648,0.842613;43@0.695531,0.279483,0.733914,0.337655,0.980276,0.386635,0.110697,0.06582,0.736638,0.476305,0.523565;65@0.92426,0.926253,0.027844,0.174385;20@0.792797,0.476117,0.850792,0.25449;40@0.196861,0.843205,0.328365;100@0.096754;37@0.482813,0.929429,0.112882,0.491975,0.617178,0.216889,0.599453,0.71155,0.801039,0.648666,0.110174,0.428605,0.966065;27@0.39703,0.032155,0.064994,0.945417,0.539418,0.919283,0.572463;92@0.895541,0.059414,0.284238,0.679056,0.870803;10@0.728879,0.474204,0.284884,0.793595,0.943118,0.342289,0.054293,0.672484,0.717977,0.291271,0.12712,0.504459;75@0.850417,0.369236,0.580089,0.171956,0.826308,0.482662,0.442741,0.424012,0.172634,0.960993;84@0.919554,0.14452,0.871495,0.936517,0.669536,0.610391,0.191205,0.306091,0.731377,0.937441,0.888289;82@0.576;47@0.449139,0.536451,0.5881,0.756908,0.567583,0.516342,0.413765,0.609521,0.831482,0.490421,0.064614;9@0.553795,0.01004,0.240159,0.428889,0.205105,0.717375,0.631614,0.786838,0.493166,0.615832,0.477152;39@0.678875,0.856692,0.700376,0.016527,0.051115,0.686148,0.120218,0.208632,0.640006;88@0.143894,0.152883,0.131636,0.196086,0.961075,0.991766,0.459299;30@0.918384,0.55116,0.948596,0.705239,0.245296,0.936507,0.038202,0.232658,0.304378,0.44772|0|1762487393
I20251108 00:02:58.845396 139717798590272 data_text_parser.cc:116] beg_pos: 13934,end_pos: 16143
I20251108 00:02:58.845409 139717798590272 data_text_parser.cc:59] line: 377|199|1720@3792800041:0.301407;1185@3176233912:0.472681;1587@777453757:0.639358;1048@3330585497:0.804499;1413@295174159:0.3528;1472@1946675849:0.535602;1861@199899788:0.463889;1430@4101925828:0.023031;1384@1168154290:0.113371;1829@1934759266:0.85152;1635@1228200507:0.782054;1785@3418876364:0.782781;1712@2109761981:0.150577;1116@2630461207:0.371214;1010@4194330983:0.050828;1371@3101836496:0.048115;1381@2825227259:0.595853;1736@1069963008:0.083456;1206@3017124037:0.658202;1202@1180633298:0.703327|67@0.038061,0.550897,0.104995,0.367294,0.363445,0.597632,0.342732,0.711739,0.890758,0.141836,0.349159;56@0.667676,0.225744,0.735769,0.107132,0.253906,0.574426,0.237882,0.368112,0.775312,0.888783,0.040362,0.772222;73@0.331029,0.413104;38@0.888917,0.609196,0.53893,0.102744,0.909679,0.408677,0.243465,0.364644,0.869159,0.820159;1@;14@0.716992,0.027195,0.18459,0.78238,0.332988,0.341614,0.508867,0.56553,0.951857;41@;32@0.0834,0.329025,0.435385,0.025862;70@0.02533,0.520944,0.115185,0.795858;43@0.582485,0.494678,0.132687,0.327808,0.083533,0.299053,0.088193,0.129093,0.159298,0.188227,0.794304;65@0.778222,0.160623,0.120163,0.747586;20@0.121843,0.616334,0.200084,0.583751;40@0.365492,0.919509,0.517138;100@0.16377;37@0.014805,0.71328,0.762089,0.403857,0.419783,0.602188,0.355633,0.817957,0.095623,0.074786,0.412363,0.607312,0.95727;27@0.639741,0.353771,0.097887,0.539611,0.295332,0.78417,0.964732;92@0.100096,0.694262,0.032262,0.520912,0.597574;10@0.316132,0.453927,0.518034,0.998792,0.709377,0.116396,0.61224,0.465866,0.310958,0.166924,0.051844,0.881488;75@0.903029,0.963981,0.153796,0.534903,0.174877,0.731755,0.565541,0.136431,0.671706,0.799065;84@0.09914,0.835944,0.828418,0.66772,0.754654,0.089241,0.198605,0.490882,0.374195,0.716353,0.404302;82@0.844567;47@0.639297,0.147041,0.594339,0.635477,0.196259,0.01201,0.303189,0.150057,0.534644,0.034501,0.798936;9@0.968743,0.838288,0.844851,0.516886,0.286397,0.952765,0.179693,0.249967,0.480973,0.999352,0.434142;39@0.582219,0.158813,0.475495,0.75618,0.664439,0.05335,0.15149,0.881,0.847995;88@0.77297,0.516353,0.560895,0.407368,0.981391,0.301847,0.096512;30@0.131718,0.545642,0.478196,0.188481,0.419379,0.385503,0.183666,0.420856,0.650234,0.286193|0|1762487393
I20251108 00:02:58.845450 139717798590272 data_text_parser.cc:116] beg_pos: 16144,end_pos: 18355
I20251108 00:02:58.845462 139717798590272 data_text_parser.cc:59] line: 378|165|1720@2332077700:0.789549;1185@1652806481:0.292069;1587@4089110850:0.42595;1048@3096898776:0.332023;1413@3111149732:0.290137;1472@2390674494:0.225505;1861@1438692927:0.783707;1430@1689323979:0.417357;1384@854955787:0.276461;1829@4029195388:0.138801;1635@3496811010:0.304783;1785@1741888165:0.694856;1712@3956544415:0.887506;1116@798185198:0.22931;1010@1012431443:0.575375;1371@3666070326:0.402491;1381@1918134953:0.185995;1736@469439772:0.180641;1206@3546897741:0.248734;1202@1385417289:0.286892|67@0.269432,0.042082,0.530978,0.353404,0.619889,0.782954,0.091116,0.674017,0.877677,0.9132,0.372491;56@0.284723,0.598703,0.492642,0.814091,0.94825,0.070513,0.822528,0.921093,0.26586,0.225831,0.216827,0.477495;73@0.429192,0.483619;38@0.181047,0.14578,0.735374,0.612988,0.782962,0.264353,0.957255,0.009589,0.16916,0.40428;1@;14@0.044637,0.954705,0.237669,0.081966,0.472228,0.228937,0.902901,0.251617,0.322347;41@;32@0.444798,0.012904,0.310981,0.991226;70@0.751365,0.253079,0.774503,0.953727;43@0.614513,0.256843,0.034507,0.128395,0.485939,0.431121,0.297282,0.2168,0.757837,0.924752,0.571399;65@0.495595,0.596585,0.577568,0.709192;20@0.60721,0.929671,0.100468,0.167516;40@0.262294,0.809473,0.475472;100@0.734983;37@0.155066,0.003792,0.777746,0.554456,0.207664,0.444732,0.600623,0.727837,0.682279,0.920309,0.24884,0.025357,0.150419;27@0.80932,0.156652,0.115442,0.765066,0.036033,0.627481,0.007047;92@0.395268,0.825821,0.251845,0.97685,0.748002;10@0.192596,0.250287,0.832504,0.486875,0.75614,0.54901,0.88447,0.024474,0.6737,0.366918,0.707106,0.257535;75@0.779908,0.945688,0.965974,0.867648,0.315977,0.809082,0.917062,0.482627,0.923447,0.642944;84@0.27426,0.525313,0.778554,0.527458,0.255728,0.761387,0.741824,0.127258,0.763633,0.709438,0.067503;82@0.961457;47@0.815963,0.723427,0.519084,0.063511,0.245021,0.805043,0.553801,0.529753,0.196046,0.646932,0.970426;9@0.145971,0.168627,0.049979,0.224862,0.134732,0.39852,0.135989,0.47804,0.675178,0.221975,0.467118;39@0.523037,0.717041,0.613875,0.938236,0.017386,0.872111,0.659835,0.211276,0.516903;88@0.764323,0.946442,0.926429,0.686528,0.312009,0.547309,0.969134;30@0.204332,0.285834,0.720934,0.800674,0.240931,0.294319,0.998905,0.050869,0.057522,0.898029|1|1762487393
I20251108 00:02:58.845498 139717798590272 data_text_parser.cc:116] beg_pos: 18356,end_pos: 20480
I20251108 00:02:58.845740 139717798590272 data_text_parser.cc:101] get chunk buffer, size: 20480
I20251108 00:02:58.845777 139717798590272 data_text_parser.cc:116] beg_pos: 0,end_pos: 88
I20251108 00:02:58.845785 139717798590272 data_text_parser.cc:61] buffer line: 379|525|1720@126284414:0.522251;1185@2377190702:0.081813;1587@3603059911:0.993901;1048@520180893:0.062529;1413@2522880830:0.241971;1472@3082500547:0.526167;1861@2119185217:0.821039;1430@3678600154:0.169117;1384@1782315011:0.562548;1829@3189299700:0.717117;1635@3396220563:0.854392;1785@2785166368:0.723059;1712@1246109349:0.088354;1116@2866347388:0.74091;1010@3529875848:0.711522;1371@1649586141:0.246737;1381@4130950648:0.939617;1736@3748577077:0.373707;1206@4053113859:0.71357;1202@333331556:0.534366|67@0.045376,0.11762,0.929255,0.176089,0.857483,0.619593,0.372458,0.32787,0.222323,0.681399,0.277888;56@0.548758,0.785111,0.351694,0.592726,0.278708,0.539835,0.874783,0.433248,0.058855,0.971994,0.808267,0.553238;73@0.681953,0.582853;38@0.970225,0.696623,0.772898,0.50034,0.746253,0.57971,0.461904,0.376711,0.221818,0.900759;1@;14@0.120169,0.270183,0.885544,0.302102,0.357089,0.88488,0.967113,0.893064,0.299183;41@;32@0.405427,0.354866,0.025387,0.071186;70@0.387722,0.442075,0.909802,0.817032;43@0.606499,0.353517,0.894791,0.075682,0.852954,0.533263,0.63539,0.234526,0.694881,0.838675,0.870601;65@0.327578,0.737498,0.420571,0.92689;20@0.848514,0.462655,0.076521,0.41106;40@0.945979,0.980696,0.0885;100@0.35322;37@0.169164,0.257208,0.677606,0.448211,0.924037,0.735183,0.412978,0.741609,0.223922,0.406193,0.193443,0.405317,0.763624;27@0.098825,0.326811,0.802113,0.041194,0.803265,0.317234,0.486959;92@0.277598,0.732943,0.715588,0.295153,0.013776;10@0.106735,0.621578,0.014959,0.186286,0.942247,0.515858,0.932824,0.109742,0.613334,0.092317,0.768905,0.059561;75@0.37582,0.897255,0.143936,0.70651,0.137197,0.644359,0.03406,0.470429,0.546222,0.693246;84@0.920438,0.89432,0.275192,0.127103,0.372335,0.680261,0.211418,0.558561,0.824087,0.248963,0.744437;82@0.898808;47@0.45933,0.763194,0.878252,0.77788,0.988599,0.012374,0.677636,0.615534,0.579027,0.635156,0.907842;9@0.995141,0.37198,0.965661,0.275514,0.203216,0.64007,0.850281,0.269386,0.841706,0.471945,0.678043;39@0.273986,0.853164,0.179965,0.326645,0.967818,0.958343,0.429668,0.546123,0.352768;88@0.670426,0.046958,0.974241,0.703967,0.898746,0.988216,0.693451;30@0.978059,0.837404,0.462924,0.340051,0.019825,0.499922,0.21697,0.726169,0.223975,0.050301|1|1762487393
I20251108 00:02:58.845818 139717798590272 data_text_parser.cc:116] beg_pos: 89,end_pos: 2296
I20251108 00:02:58.845830 139717798590272 data_text_parser.cc:59] line: 380|687|1720@178275634:0.853955;1185@840948019:0.429837;1587@3519395708:0.119878;1048@1726745012:0.917116;1413@3264297140:0.164315;1472@1228658054:0.376137;1861@1592952106:0.313022;1430@1336914759:0.887811;1384@292072842:0.119434;1829@2626289590:0.799548;1635@1220019441:0.343883;1785@287485728:0.071262;1712@1173098715:0.199607;1116@2860344087:0.609193;1010@1067044266:0.319154;1371@3259497284:0.857999;1381@1413927612:0.475414;1736@3853891488:0.725136;1206@966579069:0.22335;1202@1176597584:0.2505|67@0.747415,0.870843,0.166302,0.999893,0.456248,0.899625,0.300668,0.076469,0.877321,0.32888,0.440534;56@0.951031,0.176361,0.225371,0.876827,0.213067,0.188833,0.322142,0.96606,0.694824,0.214856,0.053997,0.2778;73@0.944173,0.106219;38@0.126526,0.034413,0.98555,0.061437,0.222667,0.639015,0.902949,0.879811,0.023275,0.682071;1@;14@0.684725,0.457489,0.114181,0.220336,0.352174,0.163113,0.23681,0.103278,0.193462;41@;32@0.689432,0.40113,0.9777,0.299547;70@0.204703,0.769602,0.112888,0.674545;43@0.197512,0.343464,0.131369,0.986799,0.205993,0.627539,0.67601,0.044169,0.748869,0.146184,0.250581;65@0.869812,0.86046,0.825063,0.822919;20@0.436628,0.334692,0.717828,0.779551;40@0.760126,0.118656,0.256736;100@0.871672;37@0.917668,0.0403,0.877645,0.143808,0.609189,0.457841,0.076323,0.06135,0.553695,0.972996,0.539733,0.682962,0.381749;27@0.755048,0.034113,0.245902,0.015806,0.776766,0.503641,0.855365;92@0.602796,0.224139,0.897931,0.439128,0.328902;10@0.37134,0.376043,0.05567,0.232291,0.586794,0.964913,0.240322,0.469503,0.090796,0.007157,0.952979,0.39302;75@0.964766,0.68247,0.903622,0.310714,0.704181,0.15035,0.068488,0.642697,0.65245,0.11815;84@0.825528,0.341503,0.411204,0.746549,0.792562,0.664022,0.587168,0.52762,0.158259,0.781183,0.907057;82@0.509684;47@0.464977,0.066634,0.195444,0.951726,0.802743,0.474291,0.826875,0.355911,0.040582,0.816185,0.839682;9@0.475124,0.969825,0.798599,0.897193,0.157789,0.189246,0.485668,0.298873,0.718517,0.199486,0.350646;39@0.220286,0.851712,0.615919,0.163552,0.269598,0.373652,0.294975,0.639966,0.203863;88@0.298525,0.426057,0.099372,0.873437,0.919418,0.486919,0.860249;30@0.088481,0.000701,0.917006,0.457675,0.901203,0.750172,0.686888,0.715845,0.847162,0.962134|1|1762487393
I20251108 00:02:58.845872 139717798590272 data_text_parser.cc:116] beg_pos: 2297,end_pos: 4507
I20251108 00:02:58.845885 139717798590272 data_text_parser.cc:59] line: 381|56|1720@4290663370:0.911691;1185@725544060:0.162115;1587@2685392823:0.494825;1048@2423745529:0.791459;1413@317696016:0.496659;1472@1975778601:0.459811;1861@179357590:0.977107;1430@1221088205:0.752502;1384@3088218953:0.397094;1829@786336948:0.653215;1635@3139340385:0.226121;1785@1490446056:0.122324;1712@983904768:0.14763;1116@1376615061:0.43499;1010@2017622348:0.305925;1371@3709388047:0.860791;1381@1815940615:0.234019;1736@1251511871:0.104684;1206@495509902:0.106919;1202@4246995094:0.296326|67@0.555362,0.221619,0.201287,0.811369,0.430863,0.585648,0.281425,0.921593,0.402227,0.595021,0.414092;56@0.774586,0.299475,0.441187,0.621159,0.991864,0.329335,0.64346,0.281917,0.783196,0.265368,0.667902,0.59416;73@0.994928,0.385104;38@0.12319,0.87836,0.261157,0.384754,0.016594,0.464434,0.057279,0.587173,0.200023,0.313279;1@;14@0.708828,0.16795,0.870309,0.344285,0.759118,0.568417,0.370467,0.621595,0.248177;41@;32@0.039322,0.370681,0.449113,0.369872;70@0.594424,0.721388,0.068796,0.37396;43@0.530058,0.183827,0.37872,0.398142,0.842794,0.609234,0.072071,0.079362,0.146431,0.144252,0.17336;65@0.490107,0.572407,0.296415,0.416934;20@0.964284,0.469311,0.964707,0.810667;40@0.68187,0.806825,0.076964;100@0.689568;37@0.07582,0.02282,0.574991,0.294713,0.441078,0.061163,0.911479,0.241406,0.503982,0.691062,0.456769,0.466101,0.452084;27@0.915553,0.200422,0.507766,0.310318,0.394518,0.302954,0.414089;92@0.853807,0.336488,0.225609,0.972216,0.337446;10@0.278417,0.513103,0.647039,0.235216,0.388503,0.480723,0.621774,0.641365,0.002135,0.63287,0.722928,0.614882;75@0.502239,0.354644,0.701449,0.942446,0.005524,0.067407,0.698137,0.670472,0.615481,0.039121;84@0.727123,0.94484,0.970969,0.703151,0.402885,0.431989,0.769046,0.629963,0.172586,0.875306,0.726964;82@0.373039;47@0.50591,0.201143,0.7982,0.560951,0.234256,0.827273,0.152904,0.859841,0.870862,0.954868,0.585212;9@0.976537,0.924057,0.302119,0.590759,0.721603,0.443884,0.444131,0.97663,0.795124,0.333075,0.843495;39@0.423484,0.385036,0.68886,0.979768,0.429598,0.101694,0.194817,0.287602,0.515115;88@0.323149,0.492466,0.370929,0.374551,0.466469,0.484522,0.462944;30@0.246311,0.680161,0.112262,0.524572,0.494766,0.234205,0.628524,0.023417,0.605855,0.801755|1|1762487393
I20251108 00:02:58.845916 139717798590272 data_text_parser.cc:116] beg_pos: 4508,end_pos: 6720
I20251108 00:02:58.845929 139717798590272 data_text_parser.cc:59] line: 382|187|1720@1861752283:0.987201;1185@953645205:0.16397;1587@3744630759:0.369036;1048@704763539:0.299728;1413@743076711:0.559396;1472@1558589559:0.601956;1861@2475294788:0.096095;1430@4050165631:0.412754;1384@3491698063:0.67758;1829@1393268503:0.231397;1635@3862011870:0.87177;1785@2053726079:0.335787;1712@1764848680:0.678239;1116@2000139716:0.77927;1010@1638597244:0.658564;1371@3241328613:0.796464;1381@691312102:0.922595;1736@1368244628:0.625941;1206@878708374:0.400827;1202@1069963008:0.623404|67@0.103352,0.330411,0.030091,0.275294,0.580563,0.130533,0.272558,0.890406,0.229983,0.72154,0.639923;56@0.338325,0.882786,0.977548,0.012372,0.229936,0.815581,0.57126,0.557667,0.085248,0.604788,0.708349,0.556531;73@0.746755,0.42968;38@0.990556,0.607784,0.037761,0.80316,0.283981,0.212092,0.064604,0.947978,0.256129,0.84076;1@;14@0.713063,0.865331,0.61444,0.556417,0.499431,0.347403,0.924394,0.532421,0.74074;41@;32@0.45505,0.848604,0.897086,0.796141;70@0.749423,0.418191,0.120282,0.570002;43@0.719195,0.928149,0.971109,0.361954,0.807266,0.591341,0.303002,0.340662,0.171404,0.827881,0.758295;65@0.136438,0.060428,0.436391,0.794203;20@0.567914,0.188467,0.973552,0.887851;40@0.143429,0.326114,0.471487;100@0.114195;37@0.811648,0.478932,0.659837,0.032801,0.434745,0.708941,0.702204,0.592282,0.734173,0.966688,0.136678,0.844874,0.779576;27@0.776064,0.229246,0.019013,0.460896,0.014998,0.09206,0.893119;92@0.710988,0.721152,0.603651,0.680901,0.739175;10@0.203436,0.587599,0.13649,0.841222,0.554263,0.542847,0.490533,0.799868,0.414189,0.149312,0.810686,0.907149;75@0.055212,0.969599,0.689345,0.65882,0.968896,0.581276,0.540201,0.115667,0.205733,0.824141;84@0.284701,0.833923,0.327935,0.80662,0.482358,0.200359,0.927931,0.596312,0.792892,0.783708,0.364858;82@0.745223;47@0.494925,0.935293,0.859175,0.185133,0.701923,0.578332,0.865561,0.694161,0.452259,0.969688,0.59971;9@0.448475,0.633003,0.241399,0.87944,0.284042,0.968065,0.018709,0.298626,0.554208,0.942712,0.536453;39@0.138199,0.491491,0.308688,0.944516,0.112436,0.066217,0.362527,0.743872,0.81748;88@0.661772,0.438518,0.156052,0.558688,0.851931,0.280042,0.007789;30@0.344249,0.764915,0.898498,0.43934,0.752941,0.522862,0.598861,0.172021,0.926027,0.491421|1|1762487393
I20251108 00:02:58.845970 139717798590272 data_text_parser.cc:116] beg_pos: 6721,end_pos: 8930
I20251108 00:02:58.845982 139717798590272 data_text_parser.cc:59] line: 383|37|1720@399061289:0.822303;1185@46610589:0.649348;1587@495509902:0.987037;1048@2390674494:0.410392;1413@643939556:0.495281;1472@2137427176:0.953829;1861@1012028201:0.258777;1430@3733979797:0.369573;1384@1315677185:0.880099;1829@2187507821:0.710278;1635@278886273:0.587844;1785@3878962830:0.171133;1712@1175690873:0.70067;1116@1750003799:0.017001;1010@3141927384:0.336757;1371@430045606:0.422605;1381@593626515:0.225374;1736@3413377064:0.250939;1206@3983736151:0.857071;1202@3564706955:0.601395|67@0.72549,0.728048,0.540054,0.652097,0.920577,0.069067,0.392268,0.15512,0.328061,0.784731,0.725052;56@0.767236,0.891564,0.826991,0.164911,0.848487,0.625272,0.882924,0.427586,0.690611,0.774295,0.969686,0.735027;73@0.702001,0.617225;38@0.728912,0.455982,0.778965,0.036554,0.335832,0.701482,0.086198,0.744353,0.791941,0.354671;1@;14@0.346991,0.663635,0.885722,0.59789,0.530669,0.689176,0.240958,0.352536,0.698215;41@;32@0.589422,0.559278,0.262624,0.069765;70@0.266131,0.134871,0.123389,0.177321;43@0.126155,0.16804,0.470673,0.322702,0.117966,0.158755,0.891863,0.326195,0.903734,0.145384,0.430307;65@0.605619,0.050688,0.809331,0.457374;20@0.511525,0.911683,0.236136,0.654267;40@0.290341,0.736174,0.098831;100@0.320035;37@0.2621,0.118534,0.87814,0.894128,0.417697,0.959889,0.075848,0.696139,0.589705,0.340774,0.415056,0.880312,0.527725;27@0.743954,0.013457,0.057011,0.728182,0.998122,0.055483,0.359375;92@0.156453,0.800458,0.50539,0.022547,0.84366;10@0.669326,0.850598,0.29935,0.588927,0.261522,0.903458,0.925898,0.187332,0.34435,0.518202,0.454604,0.017825;75@0.228225,0.040778,0.550169,0.061554,0.194901,0.049109,0.280831,0.697644,0.862519,0.347313;84@0.922757,0.829033,0.965374,0.156248,0.729492,0.440334,0.547505,0.313385,0.235438,0.831411,0.578813;82@0.629811;47@0.038201,0.217832,0.137152,0.092145,0.784791,0.290114,0.07243,0.135639,0.827908,0.312042,0.829668;9@0.014867,0.94873,0.824127,0.032112,0.285314,0.658705,0.053119,0.594581,0.625136,0.060247,0.169409;39@0.345621,0.090822,0.648806,0.532578,0.064164,0.257779,0.529118,0.493238,0.230263;88@0.550725,0.515702,0.354927,0.296106,0.285036,0.171092,0.009669;30@0.83763,0.010663,0.5663,0.61268,0.748916,0.342522,0.405693,0.986834,0.470666,0.31196|0|1762487393
I20251108 00:02:58.846013 139717798590272 data_text_parser.cc:116] beg_pos: 8931,end_pos: 11142
I20251108 00:02:58.846026 139717798590272 data_text_parser.cc:59] line: 384|325|1720@4272927450:0.429067;1185@2489105470:0.087854;1587@3027270417:0.786152;1048@1222331059:0.618436;1413@1134741139:0.813594;1472@1360415210:0.621618;1861@3304281804:0.676662;1430@2737350297:0.776814;1384@3056240830:0.8419;1829@2973429298:0.146431;1635@1856382792:0.170547;1785@1681288339:0.804194;1712@1090571552:0.787574;1116@912212491:0.979423;1010@3725933899:0.241323;1371@1390866690:0.670379;1381@329809574:0.739888;1736@2959494236:0.299172;1206@166216917:0.512361;1202@3594009974:0.579547|67@0.67077,0.27006,0.524898,0.584629,0.000148,0.211663,0.592116,0.219609,0.047062,0.247189,0.214122;56@0.458081,0.848954,0.091333,0.030337,0.612776,0.004681,0.176542,0.992691,0.209134,0.535456,0.948087,0.555466;73@0.035409,0.721541;38@0.862848,0.041316,0.056285,0.081899,0.312322,0.520022,0.185619,0.1946,0.956391,0.800898;1@;14@0.339286,0.775995,0.499275,0.503076,0.65035,0.214253,0.293928,0.280808,0.297507;41@;32@0.919203,0.423501,0.565394,0.311708;70@0.346669,0.837275,0.051441,0.275292;43@0.213876,0.431597,0.028115,0.560865,0.287027,0.756974,0.081444,0.207315,0.122218,0.557488,0.947323;65@0.577942,0.73508,0.476392,0.404665;20@0.854794,0.480838,0.24873,0.069949;40@0.717771,0.677165,0.148106;100@0.803988;37@0.873105,0.742326,0.384935,0.444948,0.592261,0.494183,0.279922,0.714845,0.535872,0.205709,0.714631,0.28666,0.942858;27@0.052893,0.725441,0.16142,0.773779,0.609384,0.785405,0.627266;92@0.253498,0.682536,0.083542,0.17472,0.226035;10@0.137706,0.74881,0.628838,0.90163,0.705835,0.876587,0.388059,0.30011,0.270574,0.885096,0.524251,0.778848;75@0.520391,0.528756,0.40758,0.23128,0.839721,0.460131,0.329761,0.117158,0.359041,0.343455;84@0.853848,0.116531,0.187693,0.000898,0.892803,0.63717,0.402632,0.542928,0.26086,0.339795,0.140274;82@0.292654;47@0.38891,0.97677,0.308687,0.177892,0.220185,0.729597,0.110826,0.959303,0.477325,0.587279,0.818578;9@0.682538,0.735368,0.952486,0.540577,0.194254,0.377249,0.826745,0.455589,0.014168,0.561413,0.642563;39@0.964048,0.323428,0.437747,0.470392,0.098496,0.237634,0.947304,0.339926,0.798398;88@0.79169,0.807659,0.231044,0.712063,0.731871,0.792748,0.603788;30@0.715849,0.094028,0.992845,0.381061,0.167579,0.164814,0.623627,0.639517,0.577649,0.60928|1|1762487393
I20251108 00:02:58.846068 139717798590272 data_text_parser.cc:116] beg_pos: 11143,end_pos: 13346
I20251108 00:02:58.846080 139717798590272 data_text_parser.cc:59] line: 385|780|1720@905681416:0.326998;1185@2285209633:0.935112;1587@2849266499:0.708292;1048@2307937666:0.686153;1413@2496924060:0.605993;1472@3471346304:0.142362;1861@3015492402:0.367512;1430@926215115:0.7186;1384@2802495865:0.9442;1829@2524711731:0.998672;1635@3153204270:0.555655;1785@1318497215:0.799277;1712@3161421394:0.793418;1116@3091320927:0.678287;1010@104359806:0.212724;1371@98903770:0.86761;1381@2607373104:0.520578;1736@3636240832:0.243105;1206@2471273157:0.900195;1202@1741429220:0.667712|67@0.950643,0.868174,0.156662,0.868,0.186817,0.011704,0.755169,0.080693,0.182502,0.374474,0.63158;56@0.185822,0.720731,0.198078,0.455761,0.273895,0.683547,0.799019,0.624231,0.05445,0.072859,0.612654,0.214247;73@0.607866,0.343702;38@0.758233,0.772172,0.155,0.052935,0.547028,0.242097,0.74984,0.536227,0.510403,0.863938;1@;14@0.377719,0.603414,0.70199,0.902117,0.177918,0.160141,0.116736,0.842299,0.45415;41@;32@0.222083,0.503528,0.53495,0.046378;70@0.061979,0.66474,0.209825,0.893717;43@0.710447,0.393015,0.405306,0.993525,0.17882,0.12119,0.526978,0.690617,0.878819,0.416533,0.516747;65@0.786728,0.63685,0.643941,0.489215;20@0.135296,0.503127,0.644907,0.136002;40@0.462568,0.316109,0.056548;100@0.629272;37@0.469985,0.762786,0.21357,0.659673,0.456472,0.533749,0.246967,0.585496,0.844537,0.622257,0.642612,0.259192,0.450516;27@0.67349,0.291999,0.676226,0.951767,0.400135,0.794948,0.42264;92@0.153666,0.131378,0.472424,0.566524,0.105267;10@0.189012,0.874299,0.859121,0.947624,0.601276,0.389463,0.267941,0.920925,0.062738,0.328516,0.033054,0.643486;75@0.978635,0.083649,0.231349,0.145249,0.036633,0.750712,0.679524,0.447145,0.424088,0.585913;84@0.656647,0.324413,0.084775,0.683945,0.176887,0.631585,0.114118,0.303862,0.908993,0.538546,0.309461;82@0.959803;47@0.738665,0.6605,0.953084,0.97174,0.406462,0.498625,0.021495,0.582198,0.392405,0.713759,0.817022;9@0.31153,0.104016,0.294072,0.510974,0.163327,0.010818,0.906527,0.694744,0.215154,0.062667,0.644066;39@0.733128,0.825058,0.163184,0.194052,0.263057,0.145534,0.671543,0.407901,0.297554;88@0.373185,0.097741,0.541278,0.451773,0.517309,0.564876,0.125671;30@0.636061,0.102215,0.774934,0.226316,0.764337,0.735637,0.15194,0.928688,0.590089,0.499898|1|1762487393
I20251108 00:02:58.846121 139717798590272 data_text_parser.cc:116] beg_pos: 13347,end_pos: 15558
I20251108 00:02:58.846133 139717798590272 data_text_parser.cc:59] line: 386|249|1720@1739539488:0.699737;1185@3470961955:0.057226;1587@807924856:0.660949;1048@825892325:0.235888;1413@1075898091:0.776709;1472@2340757853:0.725575;1861@2128268195:0.902337;1430@4160794934:0.078657;1384@403066621:0.287864;1829@2766749115:0.482687;1635@3658950077:0.734246;1785@4084362672:0.647515;1712@1195802298:0.166507;1116@3697382678:0.773123;1010@3163571001:0.419457;1371@4093895854:0.205354;1381@658491782:0.851999;1736@3759963558:0.121232;1206@2103584607:0.176229;1202@1528831599:0.327025|67@0.419778,0.127396,0.464159,0.992926,0.373027,0.568133,0.106874,0.645903,0.455548,0.018536,0.687389;56@0.885135,0.956562,0.895445,0.805055,0.725012,0.17701,0.065046,0.292027,0.91839,0.343193,0.538913,0.355165;73@0.060771,0.440919;38@0.703131,0.42396,0.255855,0.659391,0.184292,0.505305,0.853628,0.117287,0.266042,0.180659;1@;14@0.871858,0.394019,0.887638,0.467828,0.404643,0.35809,0.230802,0.165246,0.375523;41@;32@0.853771,0.627686,0.506642,0.33037;70@0.559055,0.430968,0.556269,0.816954;43@0.941947,0.979545,0.110362,0.055377,0.808013,0.602732,0.619669,0.391917,0.5578,0.142619,0.591173;65@0.202789,0.411581,0.032937,0.185072;20@0.445933,0.955279,0.401885,0.294088;40@0.633184,0.583856,0.68869;100@0.769158;37@0.281403,0.619774,0.340979,0.832943,0.645666,0.215331,0.948646,0.225823,0.327435,0.113805,0.56065,0.611211,0.58332;27@0.34712,0.110697,0.46714,0.068858,0.351386,0.240543,0.985811;92@0.547937,0.26336,0.531599,0.703048,0.700374;10@0.504207,0.677378,0.113636,0.036084,0.618702,0.021438,0.831512,0.226187,0.250307,0.408326,0.604488,0.675288;75@0.256237,0.599806,0.154511,0.290673,0.252423,0.66225,0.734492,0.322408,0.977286,0.417629;84@0.048752,0.219822,0.874029,0.40689,0.333708,0.138111,0.814922,0.304361,0.665718,0.413187,0.718641;82@0.667227;47@0.520197,0.2575,0.037942,0.562405,0.233929,0.381091,0.269293,0.927294,0.247028,0.134908,0.096033;9@0.341972,0.577778,0.707202,0.485319,0.378652,0.000851,0.607733,0.927249,0.074812,0.592839,0.316692;39@0.72613,0.286261,0.627598,0.204407,0.227651,0.618366,0.826147,0.505966,0.652649;88@0.710194,0.076946,0.409931,0.71738,0.475784,0.159802,0.066089;30@0.47094,0.53433,0.588366,0.005821,0.637636,0.980492,0.875847,0.17916,0.068562,0.248839|0|1762487393
I20251108 00:02:58.846164 139717798590272 data_text_parser.cc:116] beg_pos: 15559,end_pos: 17769
I20251108 00:02:58.846177 139717798590272 data_text_parser.cc:59] line: 387|751|1720@2652189748:0.226451;1185@4247199080:0.621564;1587@2395055792:0.599556;1048@2182693523:0.444449;1413@707825756:0.455919;1472@1091214873:0.523579;1861@1965853671:0.14882;1430@1893640768:0.322754;1384@676968289:0.452358;1829@2989061091:0.708722;1635@3689867188:0.745849;1785@1324063767:0.721762;1712@694727401:0.548532;1116@2387654525:0.373132;1010@3161563700:0.02507;1371@3664892025:0.856712;1381@2007278075:0.029211;1736@3219514854:0.527885;1206@3167838419:0.325789;1202@3175855975:0.319224|67@0.91837,0.200392,0.086626,0.420174,0.725179,0.820238,0.441382,0.49234,0.884164,0.089109,0.357793;56@0.378036,0.811941,0.419806,0.848594,0.46814,0.502517,0.497847,0.665654,0.795238,0.280922,0.252887,0.775387;73@0.243657,0.55442;38@0.03837,0.544362,0.467189,0.728386,0.925721,0.98219,0.973053,0.627732,0.014987,0.399775;1@;14@0.307063,0.185894,0.129742,0.751695,0.85931,0.294574,0.07007,0.494514,0.263003;41@;32@0.496551,0.898862,0.557497,0.332768;70@0.434025,0.723384,0.650396,0.520188;43@0.356413,0.896309,0.783728,0.22012,0.88202,0.892962,0.181193,0.760446,0.108307,0.874091,0.192082;65@0.695542,0.777391,0.775016,0.722016;20@0.675287,0.633718,0.772957,0.547758;40@0.118739,0.095769,0.913151;100@0.698082;37@0.175185,0.524223,0.617729,0.012085,0.565288,0.327888,0.592537,0.879454,0.996647,0.009115,0.226309,0.025209,0.541551;27@0.382214,0.409567,0.159311,0.854052,0.611655,0.195203,0.451057;92@0.780788,0.855155,0.628821,0.32925,0.723452;10@0.757938,0.692058,0.688757,0.311711,0.425044,0.200453,0.13429,0.489676,0.611034,0.687255,0.292601,0.221919;75@0.955237,0.793393,0.87847,0.106353,0.31577,0.837355,0.851008,0.397499,0.160663,0.890057;84@0.214183,0.464533,0.325604,0.429243,0.921086,0.79029,0.295485,0.048486,0.75221,0.352612,0.951584;82@0.722224;47@0.274519,0.851188,0.477293,0.13808,0.162312,0.766824,0.146991,0.289439,0.792329,0.932177,0.926139;9@0.854108,0.235704,0.925701,0.411836,0.564007,0.948376,0.429769,0.619523,0.748778,0.288925,0.286199;39@0.286888,0.980683,0.319359,0.95791,0.931187,0.899542,0.120505,0.17569,0.214087;88@0.81337,0.10985,0.712193,0.854723,0.675838,0.725499,0.987931;30@0.440265,0.474588,0.143507,0.107366,0.698345,0.475615,0.946825,0.144644,0.20696,0.946539|1|1762487393
I20251108 00:02:58.846217 139717798590272 data_text_parser.cc:116] beg_pos: 17770,end_pos: 19980
I20251108 00:02:58.846231 139717798590272 data_text_parser.cc:59] line: 388|343|1720@3066329966:0.742508;1185@1127557543:0.544244;1587@2265900850:0.041875;1048@3747170461:0.107509;1413@1838077179:0.834089;1472@3025581693:0.682343;1861@185720613:0.341775;1430@2700665905:0.368807;1384@694216956:0.549981;1829@1213860421:0.425743;1635@3834126876:0.725229;1785@4177085292:0.446126;1712@647888225:0.024465;1116@2347871280:0.352199;1010@1516694380:0.40238;1371@1253964917:0.756611;1381@2334947251:0.252727;1736@2031445103:0.690407;1206@598961774:0.505582;1202@771798355:0.5472|67@0.970419,0.438375,0.830346,0.440681,0.051897,0.508922,0.364463,0.382256,0.135142,0.145367,0.556482;56@0.729374,0.857675,0.044563,0.925812,0.530349,0.354178,0.840937,0.827149,0.984119,0.393652,0.156605,0.004596;73@0.040239,0.468457;38@0.994772,0.354419,0.784733,0.290975,0.163708,0.719182,0.412367,0.74499,0.837444,0.462979;1@;14@0.923674,0.274828,0.26616,0.110112,0.650284,0.256974,0.169083,0.858666,0.464108;41@;32@0.790032,0.719993,0.019491,0.725133;70@0.118546,0.623144,0.030301,0.626246;43@0.898142,0.513107,0.146972,0.401757,0.223246,0.160141,0.90612,0.810089,0.708484,0.966134,0.202238;65@0.083542,0.902397,0.147261,0.895458;20@0.86701,0.023638,0.523249,0.333531;40@0.02795,0.301947,0.17304;100@0.732621;37@0.238205,0.412532,0.311783,0.994149,0.536995,0.180771,0.512842,0.751873,0.035927,0.654946,0.84265,0.928325,0.084055;27@0.155863,0.07128,0.7584,0.385272,0.024789,0.562913,0.4391;92@0.264428,0.589862,0.554118,0.124379,0.190746;10@0.265102,0.446273,0.500203,0.575849,0.682364,0.770461,0.524049,0.069621,0.496898,0.542414,0.938697,0.9535;75@0.519869,0.845099,0.574689,0.415234,0.270702,0.357692,0.902214,0.430218,0.878439,0.95779;84@0.114424,0.988705,0.555125,0.650082,0.71214,0.398166,0.555314,0.414851,0.115562,0.164627,0.041424;82@0.635785;47@0.975809,0.099893,0.219166,0.407118,0.770521,0.231912,0.847549,0.553448,0.090587,0.40676,0.561945;9@0.263984,0.321412,0.568519,0.199416,0.951055,0.753643,0.578923,0.801291,0.58456,0.977395,0.508692;39@0.313425,0.759199,0.928365,0.056692,0.827599,0.472273,0.955221,0.780431,0.233375;88@0.11831,0.802845,0.740569,0.404973,0.589985,0.538316,0.689464;30@0.258296,0.332621,0.751393,0.600371,0.677121,0.008636,0.695987,0.044664,0.607265,0.974631|1|1762487393
I20251108 00:02:58.846250 139717798590272 data_text_parser.cc:116] beg_pos: 19981,end_pos: 20480
I20251108 00:02:58.846498 139717798590272 data_text_parser.cc:101] get chunk buffer, size: 20480
I20251108 00:02:58.846521 139717798590272 data_text_parser.cc:116] beg_pos: 0,end_pos: 1710
I20251108 00:02:58.846529 139717798590272 data_text_parser.cc:61] buffer line: 389|462|1720@2215466353:0.076858;1185@1581660964:0.543733;1587@3568791304:0.629163;1048@2828662277:0.333797;1413@4218339353:0.208871;1472@3720831294:0.721558;1861@2783269670:0.30053;1430@1358129457:0.87415;1384@490793538:0.531432;1829@3985822777:0.394738;1635@2867045187:0.525591;1785@484285148:0.819329;1712@1756375630:0.714959;1116@3604233642:0.133186;1010@74990235:0.932116;1371@3899659834:0.901865;1381@2010399509:0.557804;1736@91446478:0.961087;1206@1581660964:0.143519;1202@1082595242:0.304103|67@0.107272,0.576125,0.528926,0.773758,0.966016,0.902553,0.937384,0.90578,0.005528,0.431427,0.353033;56@0.474542,0.387674,0.196896,0.039116,0.935177,0.811654,0.422327,0.546522,0.363827,0.711827,0.754643,0.318247;73@0.135672,0.082861;38@0.208902,0.556549,0.937322,0.551979,0.196992,0.762729,0.252909,0.207237,0.481331,0.584685;1@;14@0.665457,0.855988,0.972726,0.05108,0.549747,0.309877,0.76861,0.297787,0.423952;41@;32@0.730823,0.144493,0.937226,0.325034;70@0.701612,0.328177,0.753931,0.349001;43@0.976665,0.01277,0.970826,0.454114,0.68992,0.95541,0.283948,0.626673,0.286521,0.362837,0.170441;65@0.512606,0.306882,0.779566,0.969784;20@0.297418,0.376234,0.552393,0.908111;40@0.961656,0.920139,0.524009;100@0.555803;37@0.023784,0.599401,0.708454,0.763759,0.174294,0.661854,0.853056,0.11878,0.748563,0.999598,0.782957,0.515081,0.226339;27@0.965162,0.423305,0.452759,0.564584,0.347427,0.495034,0.227007;92@0.970694,0.457526,0.027361,0.127654,0.3626;10@0.244636,0.219858,0.018669,0.612919,0.422351,0.462878,0.224431,0.815992,0.239586,0.397041,0.47408,0.422769;75@0.092762,0.392795,0.278294,0.884642,0.299435,0.984332,0.771997,0.256737,0.250811,0.904024;84@0.464566,0.608408,0.443486,0.923144,0.795026,0.125775,0.638114,0.951291,0.898457,0.192018,0.959928;82@0.414694;47@0.9556,0.541599,0.785639,0.840085,0.44711,0.258081,0.745219,0.386625,0.87563,0.893377,0.484658;9@0.39348,0.762791,0.464725,0.326833,0.966497,0.20436,0.053215,0.092981,0.107556,0.36337,0.036186;39@0.024728,0.280522,0.54219,0.319471,0.478255,0.007677,0.17024,0.462043,0.32345;88@0.532698,0.853622,0.447177,0.619421,0.353272,0.874571,0.749458;30@0.189946,0.494961,0.302886,0.949752,0.262179,0.126886,0.768762,0.445857,0.036745,0.148208|1|1762487393
I20251108 00:02:58.846571 139717798590272 data_text_parser.cc:116] beg_pos: 1711,end_pos: 3931
I20251108 00:02:58.846584 139717798590272 data_text_parser.cc:59] line: 390|935|1720@3258805459:0.726438;1185@1304244255:0.210591;1587@2272834626:0.209352;1048@1272841467:0.641539;1413@3306649837:0.605479;1472@2232677777:0.401108;1861@1844231977:0.751764;1430@3702331821:0.347096;1384@39158206:0.681839;1829@666617181:0.628004;1635@670942061:0.809313;1785@4076245467:0.690834;1712@3617204498:0.928271;1116@1770673893:0.446367;1010@1489111446:0.418083;1371@920689904:0.153682;1381@4053889044:0.35857;1736@1120579157:0.738699;1206@4233122981:0.88237;1202@1873918344:0.959347|67@0.487212,0.646392,0.301002,0.742472,0.503194,0.473912,0.319574,0.800193,0.972215,0.604388,0.680812;56@0.520041,0.949684,0.599065,0.225573,0.289482,0.005618,0.170581,0.719077,0.609286,0.192513,0.893427,0.815678;73@0.548089,0.915113;38@0.468757,0.360197,0.531314,0.921463,0.565019,0.146925,0.144259,0.904654,0.497485,0.060926;1@;14@0.549195,0.547916,0.969392,0.030461,0.338343,0.027175,0.033405,0.015602,0.118262;41@;32@0.089493,0.371849,0.673592,0.540248;70@0.484294,0.321996,0.673623,0.46374;43@0.269397,0.569536,0.611634,0.316937,0.82945,0.433039,0.78266,0.905806,0.715608,0.272526,0.822349;65@0.645664,0.969197,0.142876,0.416205;20@0.412443,0.582015,0.629301,0.02662;40@0.414851,0.397177,0.023892;100@0.763711;37@0.899566,0.205098,0.083905,0.402336,0.83592,0.922351,0.504285,0.007858,0.06889,0.170225,0.645674,0.221997,0.128333;27@0.411692,0.401177,0.351271,0.669451,0.554953,0.677505,0.587816;92@0.095429,0.573278,0.135953,0.561373,0.588789;10@0.659383,0.211233,0.852706,0.948217,0.274409,0.701155,0.492727,0.860927,0.761115,0.199562,0.209939,0.503265;75@0.157578,0.581115,0.990891,0.352123,0.140625,0.590308,0.56444,0.57602,0.787459,0.248906;84@0.509581,0.605967,0.212731,0.665048,0.224758,0.438942,0.756105,0.149938,0.860045,0.136144,0.212765;82@0.476497;47@0.350771,0.190408,0.272238,0.603832,0.495077,0.713189,0.495855,0.874749,0.75847,0.359157,0.483405;9@0.096595,0.100873,0.968445,0.175932,0.658284,0.002399,0.520593,0.957006,0.663459,0.497086,0.722624;39@0.825003,0.731282,0.028821,0.072225,0.541245,0.799444,0.402044,0.270861,0.858862;88@0.084596,0.819187,0.681951,0.900547,0.441301,0.210321,0.232102;30@0.182682,0.50117,0.931498,0.153266,0.548641,0.309298,0.311364,0.887366,0.105177,0.491153|0|1762487393
I20251108 00:02:58.846625 139717798590272 data_text_parser.cc:116] beg_pos: 3932,end_pos: 6134
I20251108 00:02:58.846638 139717798590272 data_text_parser.cc:59] line: 391|2|1720@284937348:0.08811;1185@2823145360:0.691111;1587@2810291713:0.018171;1048@1214402662:0.564584;1413@1001726480:0.68453;1472@2345965075:0.879679;1861@1135183227:0.841395;1430@3888084644:0.160896;1384@1382264527:0.610225;1829@4079934176:0.76597;1635@1830419771:0.43495;1785@1116577205:0.796656;1712@380649756:0.595868;1116@2222954782:0.24419;1010@90429870:0.248681;1371@2669189345:0.368489;1381@3060285846:0.959054;1736@318895573:0.451025;1206@3294230032:0.945921;1202@3784956248:0.640152|67@0.631075,0.743482,0.39133,0.511462,0.355669,0.374173,0.614372,0.396494,0.47821,0.618032,0.53899;56@0.640103,0.62081,0.29952,0.709287,0.198767,0.564895,0.59961,0.314813,0.764579,0.46457,0.144429,0.182184;73@0.122281,0.562668;38@0.840847,0.970209,0.940231,0.576042,0.842173,0.996661,0.360239,0.092434,0.810882,0.336355;1@;14@0.155182,0.330604,0.657037,0.717812,0.69762,0.341351,0.133264,0.366562,0.829604;41@;32@0.511045,0.710941,0.674274,0.358547;70@0.642865,0.017117,0.582457,0.970486;43@0.183346,0.035612,0.691051,0.612324,0.171996,0.287199,0.244971,0.799327,0.930242,0.911262,0.28635;65@0.606929,0.652556,0.065098,0.251207;20@0.747424,0.796356,0.783815,0.423045;40@0.691475,0.579508,0.965447;100@0.55959;37@0.510945,0.786396,0.281331,0.699187,0.98805,0.488724,0.800411,0.086539,0.293273,0.444341,0.931985,0.854761,0.910182;27@0.378745,0.593119,0.860775,0.498092,0.788793,0.309077,0.458451;92@0.491679,0.124951,0.775969,0.653377,0.447699;10@0.629105,0.953326,0.599213,0.6932,0.19794,0.638481,0.628122,0.765944,0.888863,0.094365,0.172689,0.341109;75@0.784243,0.200456,0.459018,0.679273,0.73009,0.933275,0.929806,0.151888,0.648116,0.998373;84@0.847083,0.240958,0.28076,0.169702,0.8318,0.859546,0.635611,0.46478,0.522486,0.829039,0.573437;82@0.588523;47@0.900182,0.918881,0.615731,0.449069,0.232994,0.907138,0.745238,0.194181,0.671115,0.256275,0.078585;9@0.454395,0.307104,0.747092,0.660323,0.257644,0.569688,0.19692,0.512056,0.146562,0.633729,0.293269;39@0.136264,0.755658,0.277443,0.542683,0.601736,0.497723,0.956854,0.323966,0.136077;88@0.721876,0.262692,0.576998,0.677777,0.810382,0.087939,0.730917;30@0.814976,0.72004,0.94035,0.12707,0.582555,0.626724,0.219704,0.663998,0.678133,0.432788|1|1762487393
I20251108 00:02:58.846669 139717798590272 data_text_parser.cc:116] beg_pos: 6135,end_pos: 8343
I20251108 00:02:58.846683 139717798590272 data_text_parser.cc:59] line: 392|69|1720@3585359007:0.518018;1185@2846275728:0.372867;1587@1302448815:0.062527;1048@3664552532:0.506759;1413@2545334273:0.847416;1472@664372699:0.635909;1861@4014656697:0.298886;1430@4184437524:0.744193;1384@1064242865:0.829453;1829@1567129107:0.875113;1635@891791442:0.201852;1785@773466981:0.379325;1712@3603507830:0.415995;1116@3378480669:0.972029;1010@614141151:0.934919;1371@1972571591:0.881496;1381@3597049284:0.815506;1736@914530346:0.515726;1206@918084095:0.556578;1202@335801316:0.433101|67@0.474509,0.576885,0.481617,0.020799,0.621062,0.46185,0.691615,0.81553,0.144128,0.949425,0.565069;56@0.85023,0.626764,0.866197,0.673598,0.600981,0.025081,0.629916,0.537194,0.913227,0.168623,0.406027,0.943888;73@0.674145,0.552242;38@0.482837,0.363719,0.343294,0.55817,0.774913,0.636905,0.106573,0.856099,0.986015,0.332686;1@;14@0.345717,0.881578,0.865899,0.801064,0.945058,0.871129,0.177126,0.611203,0.672545;41@;32@0.199048,0.210077,0.620652,0.274574;70@0.214405,0.238408,0.22325,0.007726;43@0.948134,0.741553,0.496292,0.395642,0.682333,0.044932,0.397013,0.793128,0.130692,0.390727,0.76827;65@0.770344,0.516776,0.935458,0.443491;20@0.382586,0.362932,0.921251,0.397263;40@0.201841,0.845381,0.984987;100@0.709211;37@0.874559,0.752795,0.67798,0.048008,0.959118,0.578707,0.685049,0.812109,0.485358,0.113926,0.981975,0.470469,0.28781;27@0.13596,0.532191,0.20013,0.893488,0.756158,0.135803,0.476467;92@0.282952,0.590489,0.548768,0.00108,0.854398;10@0.508971,0.847563,0.199511,0.849911,0.535199,0.904103,0.765674,0.995432,0.177309,0.206127,0.238148,0.132069;75@0.973104,0.698611,0.113428,0.045852,0.905838,0.064263,0.031291,0.504248,0.259826,0.519155;84@0.523369,0.044488,0.533831,0.722519,0.093248,0.497261,0.808207,0.23877,0.29828,0.047099,0.80259;82@0.757619;47@0.156307,0.47695,0.352432,0.025213,0.979239,0.835524,0.862684,0.662416,0.900732,0.633245,0.703437;9@0.856996,0.11328,0.593046,0.952027,0.54941,0.124006,0.284683,0.319298,0.052572,0.761371,0.440868;39@0.252333,0.112115,0.53961,0.779166,0.579087,0.108401,0.622387,0.846133,0.381562;88@0.512468,0.998185,0.038337,0.579545,0.616576,0.812343,0.420829;30@0.391155,0.557389,0.924252,0.982343,0.710753,0.02036,0.321457,0.857323,0.488088,0.3593|1|1762487393
I20251108 00:02:58.846724 139717798590272 data_text_parser.cc:116] beg_pos: 8344,end_pos: 10555
I20251108 00:02:58.846736 139717798590272 data_text_parser.cc:59] line: 393|216|1720@1605716717:0.590395;1185@3919475299:0.290211;1587@4181099614:0.70762;1048@11673887:0.435554;1413@1887552799:0.198018;1472@235529170:0.878014;1861@3926466919:0.133488;1430@3340529805:0.179927;1384@184190755:0.228466;1829@980292871:0.590418;1635@4231979584:0.900372;1785@1856369668:0.051024;1712@2288961893:0.903863;1116@3745950055:0.616034;1010@4046021739:0.186987;1371@112656796:0.863456;1381@4210578267:0.732718;1736@2726792337:0.712755;1206@1884486870:0.38059;1202@205447159:0.620124|67@0.452102,0.674976,0.301739,0.828756,0.875629,0.459089,0.120054,0.807364,0.571446,0.755738,0.688958;56@0.468577,0.552107,0.390743,0.990976,0.825677,0.464277,0.664869,0.738977,0.486262,0.8392,0.553759,0.568769;73@0.448346,0.139842;38@0.012455,0.663634,0.281222,0.272591,0.666425,0.787007,0.600572,0.452856,0.310052,0.976617;1@;14@0.02,0.698818,0.859619,0.589476,0.177877,0.644608,0.247719,0.615891,0.450288;41@;32@0.280448,0.188504,0.571505,0.80321;70@0.697456,0.556108,0.668644,0.99315;43@0.007566,0.545353,0.143441,0.052472,0.912758,0.851349,0.505512,0.436432,0.763663,0.015737,0.447304;65@0.873301,0.978329,0.638063,0.346321;20@0.334216,0.930803,0.159835,0.590459;40@0.352627,0.762145,0.999681;100@0.720593;37@0.913311,0.307113,0.488593,0.522157,0.131636,0.013459,0.454039,0.447799,0.530601,0.217486,0.643734,0.002979,0.563869;27@0.937688,0.045951,0.118172,0.292043,0.707261,0.234893,0.817436;92@0.284918,0.066016,0.404152,0.651838,0.062342;10@0.371447,0.630651,0.417723,0.501753,0.235067,0.629804,0.23464,0.888377,0.079866,0.123469,0.374346,0.027294;75@0.566551,0.874968,0.916004,0.914505,0.072985,0.696489,0.382717,0.321724,0.898036,0.638615;84@0.884809,0.274755,0.61002,0.093418,0.42054,0.384322,0.716478,0.263309,0.417092,0.548146,0.570183;82@0.163395;47@0.241022,0.903542,0.704534,0.008266,0.383049,0.145862,0.156484,0.464314,0.273378,0.858746,0.61781;9@0.235229,0.171004,0.046991,0.304655,0.506668,0.771524,0.726548,0.386883,0.190851,0.757713,0.855858;39@0.726777,0.573286,0.683622,0.415279,0.322692,0.820756,0.58149,0.423428,0.306925;88@0.775483,0.9637,0.53249,0.772293,0.404252,0.57677,0.093371;30@0.802583,0.697473,0.729054,0.549397,0.137875,0.361232,0.509635,0.218738,0.958617,0.214654|0|1762487393
I20251108 00:02:58.846767 139717798590272 data_text_parser.cc:116] beg_pos: 10556,end_pos: 12767
I20251108 00:02:58.846780 139717798590272 data_text_parser.cc:59] line: 394|189|1720@3564958534:0.574787;1185@3884074330:0.923253;1587@3171388589:0.625545;1048@47785595:0.214013;1413@2801513083:0.142043;1472@1611331910:0.714966;1861@365594064:0.512529;1430@1904938659:0.968327;1384@4100034261:0.615207;1829@3078124074:0.095488;1635@2192822187:0.540599;1785@2057176172:0.463484;1712@182598355:0.097663;1116@929300556:0.473605;1010@826571364:0.586107;1371@547521821:0.576939;1381@4185300244:0.376822;1736@176154432:0.739433;1206@824301447:0.342026;1202@3183638872:0.596678|67@0.918726,0.753486,0.571261,0.733083,0.308911,0.254775,0.220707,0.239288,0.655423,0.654679,0.0862;56@0.999756,0.017873,0.236379,0.073405,0.527276,0.72128,0.368515,0.737678,0.322862,0.036783,0.693353,0.702165;73@0.946101,0.293473;38@0.077356,0.882509,0.629563,0.48638,0.167663,0.886704,0.363136,0.375664,0.711426,0.579345;1@;14@0.542536,0.528589,0.68124,0.270955,0.38591,0.586264,0.866122,0.409928,0.215625;41@;32@0.617324,0.147916,0.441232,0.409863;70@0.600637,0.553131,0.395422,0.698846;43@0.481185,0.883423,0.56485,0.847343,0.595994,0.429068,0.246651,0.057796,0.104486,0.940357,0.644996;65@0.313265,0.120811,0.1244,0.160347;20@0.799967,0.358092,0.569701,0.792547;40@0.613517,0.777148,0.744186;100@0.173916;37@0.437263,0.370983,0.461149,0.708445,0.889398,0.288559,0.157071,0.549307,0.543675,0.996998,0.246221,0.584274,0.704855;27@0.488231,0.102259,0.729886,0.825839,0.980776,0.487653,0.887437;92@0.161209,0.399005,0.164369,0.136574,0.232611;10@0.59497,0.662728,0.599116,0.844033,0.552441,0.595804,0.940156,0.165789,0.728596,0.908416,0.910245,0.390922;75@0.630601,0.280255,0.009818,0.631111,0.878099,0.783309,0.618871,0.678685,0.437401,0.088243;84@0.447428,0.976769,0.394123,0.140854,0.922132,0.431662,0.836594,0.442632,0.468692,0.871234,0.298118;82@0.388657;47@0.492944,0.584211,0.881395,0.834004,0.60716,0.598186,0.54552,0.915012,0.953396,0.817928,0.159817;9@0.212967,0.994896,0.697745,0.220653,0.851529,0.516066,0.677459,0.011985,0.163611,0.796797,0.339522;39@0.530209,0.242077,0.107053,0.629,0.350377,0.62477,0.963551,0.585996,0.845608;88@0.315657,0.412797,0.791044,0.196644,0.095001,0.025573,0.684833;30@0.516931,0.87029,0.037092,0.164906,0.571166,0.162765,0.783863,0.956592,0.089118,0.923742|0|1762487393
I20251108 00:02:58.846821 139717798590272 data_text_parser.cc:116] beg_pos: 12768,end_pos: 14978
I20251108 00:02:58.846833 139717798590272 data_text_parser.cc:59] line: 395|475|1720@2255085744:0.505725;1185@1354944626:0.123078;1587@424090125:0.221958;1048@3830514873:0.551225;1413@2297174795:0.329623;1472@2725258612:0.260037;1861@1840169763:0.674841;1430@4197772736:0.019413;1384@3600431843:0.92561;1829@2202152426:0.89971;1635@437690624:0.224216;1785@1836465288:0.928811;1712@2654123599:0.569241;1116@1078679775:0.495922;1010@2591861378:0.386267;1371@53565150:0.552755;1381@2489127694:0.874788;1736@1507366833:0.114165;1206@3281287959:0.122092;1202@630508468:0.248773|67@0.240854,0.271439,0.442922,0.879771,0.202131,0.442959,0.870967,0.555696,0.545625,0.287754,0.1424;56@0.278315,0.756277,0.69866,0.024374,0.900136,0.317559,0.101026,0.930389,0.048969,0.959169,0.419164,0.731728;73@0.543914,0.57026;38@0.624264,0.840759,0.317285,0.512029,0.004183,0.478421,0.66799,0.303449,0.20184,0.75793;1@;14@0.280321,0.485717,0.778864,0.232625,0.245817,0.112748,0.452939,0.716723,0.525858;41@;32@0.788132,0.093951,0.640993,0.052295;70@0.983565,0.40648,0.605038,0.869331;43@0.898649,0.752537,0.378916,0.976572,0.88665,0.758135,0.633378,0.466166,0.859387,0.784789,0.192525;65@0.445566,0.158142,0.720188,0.996599;20@0.525255,0.594674,0.484256,0.510551;40@0.328698,0.638559,0.564919;100@0.735789;37@0.529696,0.696127,0.961895,0.19945,0.857779,0.890928,0.981509,0.638316,0.904922,0.454924,0.005754,0.893751,0.233302;27@0.210542,0.59121,0.363942,0.474204,0.611818,0.30749,0.740905;92@0.124702,0.670514,0.686374,0.679681,0.458094;10@0.263246,0.304393,0.556641,0.788852,0.152724,0.549804,0.668584,0.078376,0.215073,0.372539,0.562933,0.329852;75@0.678534,0.147467,0.198956,0.326934,0.953358,0.148882,0.423286,0.559802,0.588334,0.801614;84@0.845995,0.087486,0.016691,0.560032,0.29637,0.195237,0.281098,0.899302,0.713011,0.104802,0.156688;82@0.614014;47@0.191316,0.202713,0.200832,0.565323,0.561634,0.394147,0.186979,0.218716,0.169068,0.829816,0.687913;9@0.561206,0.903259,0.31923,0.900151,0.518155,0.405604,0.29872,0.660588,0.009949,0.276595,0.383315;39@0.973639,0.847332,0.782596,0.476085,0.609411,0.443437,0.718228,0.944539,0.515435;88@0.547209,0.870729,0.296888,0.582823,0.380798,0.551366,0.184818;30@0.4951,0.614909,0.62285,0.83623,0.188405,0.556468,0.266051,0.646582,0.204667,0.44561|0|1762487393
I20251108 00:02:58.846864 139717798590272 data_text_parser.cc:116] beg_pos: 14979,end_pos: 17167
I20251108 00:02:58.846876 139717798590272 data_text_parser.cc:59] line: 396|979|1720@1035927179:0.857297;1185@3588536986:0.016034;1587@3770972114:0.856026;1048@2925479933:0.646466;1413@3352669943:0.246812;1472@515191597:0.71991;1861@1706126693:0.32539;1430@893250698:0.12542;1384@2830987037:0.685205;1829@3046470824:0.540275;1635@3064556946:0.503552;1785@2760882824:0.177353;1712@2923026714:0.360038;1116@546908809:0.395205;1010@4088283260:0.499368;1371@702571745:0.702428;1381@1105331811:0.190026;1736@1753052178:0.07531;1206@3963041614:0.849301;1202@2639867213:0.234974|67@0.01835,0.839347,0.234705,0.9192,0.63869,0.049746,0.630997,0.878991,0.054876,0.860406,0.575873;56@0.13022,0.74346,0.067433,0.87026,0.782816,0.638495,0.081232,0.274322,0.574904,0.555128,0.148193,0.378481;73@0.408092,0.153453;38@0.341331,0.874511,0.126121,0.822068,0.919024,0.892781,0.572879,0.684665,0.472827,0.15398;1@;14@0.170989,0.533257,0.282255,0.39999,0.173644,0.706044,0.14471,0.171012,0.287229;41@;32@0.13309,0.593059,0.12619,0.532268;70@0.958605,0.851151,0.380552,0.016737;43@0.98316,0.113788,0.69059,0.728057,0.579831,0.54122,0.22743,0.963471,0.296961,0.0791,0.315101;65@0.917562,0.693995,0.473061,0.06101;20@0.052446,0.934997,0.69829,0.017919;40@0.98086,0.047418,0.777561;100@0.478776;37@0.29689,0.02435,0.13722,0.326223,0.651759,0.51115,0.542744,0.692482,0.609475,0.130665,0.389583,0.334695,0.245065;27@0.492568,0.350872,0.183088,0.973705,0.474797,0.592842,0.841629;92@0.129679,0.548132,0.821118,0.739482,0.84806;10@0.442048,0.18995,0.107482,0.365937,0.641642,0.812182,0.172975,0.401647,0.59804,0.052343,0.638548,0.037154;75@0.573859,0.427486,0.97884,0.439156,0.06052,0.334005,0.576705,0.342803,0.545155,0.924118;84@0.016435,0.307719,0.743318,0.377592,0.289348,0.137447,0.113307,0.977758,0.673158,0.633282,0.294142;82@0.292841;47@0.5404,0.02322,0.432823,0.006603,0.648925,0.370369,0.260563,0.515137,0.363167,0.816508,0.713041;9@0.535139,0.075008,0.4109,0.913316,0.471272,0.262602,0.89022,0.724744,0.638715,0.715324,0.648833;39@0.37144,0.999667,0.368484,0.323141,0.663512,0.286676,0.767072,0.409106,0.874186;88@0.36102,0.553946,0.758965,0.206292,0.107418,0.538202,0.247665;30@0.358693,0.659505,0.118851,0.579092,0.530196,0.587478,0.34197,0.44611,0.728057,0.84268|1|1762487393
I20251108 00:02:58.846912 139717798590272 data_text_parser.cc:116] beg_pos: 17168,end_pos: 19373
I20251108 00:02:58.846925 139717798590272 data_text_parser.cc:59] line: 397|918|1720@2183844235:0.222001;1185@1500383049:0.702647;1587@2605897480:0.900518;1048@807492233:0.721968;1413@2361835029:0.079556;1472@3720292858:0.703771;1861@1270507282:0.203588;1430@2576049863:0.805015;1384@1527070320:0.258987;1829@1549321066:0.428857;1635@2546058395:0.290655;1785@4191987766:0.637901;1712@4078236037:0.231918;1116@3826299878:0.310843;1010@2565846207:0.659807;1371@644609420:0.557823;1381@3735476981:0.750364;1736@3372481548:0.97685;1206@78107889:0.960828;1202@2327457029:0.2595|67@0.915956,0.058607,0.600416,0.207211,0.87393,0.400327,0.697911,0.895091,0.391446,0.124674,0.48011;56@0.045107,0.668213,0.571418,0.870518,0.209995,0.286936,0.762248,0.099372,0.417743,0.791262,0.685903,0.946293;73@0.36278,0.415299;38@0.312058,0.372919,0.478823,0.338353,0.669844,0.777249,0.211852,0.076452,0.46959,0.880465;1@;14@0.897327,0.80069,0.337329,0.342093,0.067246,0.365928,0.604301,0.068227,0.408858;41@;32@0.857525,0.962727,0.726969,0.925255;70@0.858656,0.841331,0.343907,0.40643;43@0.051199,0.020902,0.560902,0.636628,0.710156,0.984761,0.286097,0.632203,0.176184,0.883169,0.592502;65@0.606196,0.518002,0.550207,0.011674;20@0.59849,0.654689,0.90658,0.916869;40@0.1799,0.434963,0.064611;100@0.51286;37@0.234687,0.241473,0.772418,0.207181,0.826804,0.960767,0.877685,0.594795,0.43001,0.747887,0.427163,0.169984,0.463487;27@0.993341,0.438211,0.840508,0.091942,0.328712,0.403738,0.494998;92@0.976156,0.6125,0.727201,0.523722,0.725161;10@0.175784,0.857794,0.84165,0.859203,0.160723,0.589966,0.464025,0.519634,0.659485,0.547552,0.241742,0.083905;75@0.87986,0.900636,0.953082,0.091646,0.067508,0.105551,0.650703,0.025118,0.017997,0.557111;84@0.74667,0.755694,0.97981,0.311756,0.6161,0.631446,0.313611,0.297838,0.156324,0.608072,0.818911;82@0.277446;47@0.922302,0.495062,0.281748,0.859734,0.85828,0.840345,0.133389,0.098469,0.590899,0.943366,0.681872;9@0.020706,0.538233,0.405881,0.39343,0.572709,0.027388,0.546111,0.122837,0.182382,0.991112,0.645009;39@0.487472,0.803273,0.075511,0.335851,0.145753,0.218938,0.951573,0.235461,0.330916;88@0.71274,0.491613,0.501731,0.792649,0.289151,0.809607,0.373586;30@0.136088,0.64919,0.747016,0.120065,0.404898,0.922118,0.867094,0.094841,0.594592,0.72649|0|1762487393
I20251108 00:02:58.846958 139717798590272 data_text_parser.cc:116] beg_pos: 19374,end_pos: 20480
I20251108 00:02:58.847204 139717798590272 data_text_parser.cc:101] get chunk buffer, size: 20480
I20251108 00:02:58.847224 139717798590272 data_text_parser.cc:116] beg_pos: 0,end_pos: 1108
I20251108 00:02:58.847231 139717798590272 data_text_parser.cc:61] buffer line: 398|880|1720@3579225942:0.762693;1185@2078803368:0.288354;1587@3822977962:0.240498;1048@1609651169:0.928337;1413@35750011:0.819423;1472@3326623080:0.577973;1861@2634383556:0.809181;1430@471313601:0.504244;1384@511703463:0.581004;1829@1185247830:0.048124;1635@3620479216:0.597875;1785@3589272917:0.530613;1712@1766224510:0.177343;1116@1395368486:0.668615;1010@3930257456:0.850992;1371@4193561329:0.9383;1381@1741093191:0.383919;1736@4015873151:0.868376;1206@249560702:0.720301;1202@2394249335:0.474262|67@0.576137,0.291375,0.519377,0.711116,0.680558,0.706115,0.394059,0.305322,0.732383,0.566699,0.040171;56@0.66072,0.282405,0.28353,0.2983,0.952954,0.063025,0.36337,0.922537,0.217307,0.247262,0.270292,0.132265;73@0.248462,0.901521;38@0.437897,0.461632,0.156773,0.983531,0.510205,0.441019,0.516403,0.037837,0.466906,0.015071;1@;14@0.183772,0.081339,0.047241,0.227735,0.463107,0.053267,0.562813,0.417062,0.091355;41@;32@0.475257,0.942378,0.661627,0.936995;70@0.725826,0.024913,0.432352,0.151922;43@0.489437,0.774115,0.278419,0.601227,0.595229,0.88032,0.732798,0.35738,0.686845,0.132679,0.980553;65@0.96797,0.884461,0.016742,0.995917;20@0.604731,0.325957,0.927352,0.21593;40@0.946053,0.416476,0.688433;100@0.062404;37@0.433231,0.337529,0.490047,0.501697,0.528133,0.515027,0.738472,0.938231,0.505952,0.703195,0.078585,0.828699,0.953565;27@0.404899,0.662401,0.16037,0.556523,0.182502,0.054043,0.370952;92@0.124169,0.022553,0.914633,0.830176,0.574865;10@0.032789,0.916864,0.614059,0.429383,0.900389,0.816642,0.772812,0.391186,0.870556,0.158978,0.822902,0.670451;75@0.255638,0.730372,0.256128,0.483583,0.312529,0.936676,0.790257,0.818559,0.116315,0.301155;84@0.152604,0.008494,0.082904,0.933199,0.642387,0.074562,0.170975,0.615606,0.922255,0.962699,0.341427;82@0.956551;47@0.154314,0.479505,0.983065,0.53591,0.463467,0.083962,0.804832,0.040334,0.892465,0.208019,0.485018;9@0.574435,0.668886,0.900583,0.254469,0.432686,0.664347,0.042449,0.393002,0.537989,0.244731,0.38952;39@0.691047,0.805897,0.044961,0.413439,0.538019,0.60354,0.397723,0.121302,0.242575;88@0.633087,0.330401,0.781557,0.597675,0.229407,0.87966,0.426595;30@0.418016,0.315644,0.313084,0.858654,0.354774,0.853512,0.907606,0.341287,0.89877,0.93244|1|1762487393
I20251108 00:02:58.847262 139717798590272 data_text_parser.cc:116] beg_pos: 1109,end_pos: 3320
I20251108 00:02:58.847275 139717798590272 data_text_parser.cc:59] line: 399|187|1720@1860340848:0.006903;1185@1180633298:0.412582;1587@3594009974:0.255804;1048@311046463:0.466171;1413@3166650860:0.543796;1472@2516792184:0.196463;1861@579313081:0.072248;1430@290918730:0.401639;1384@3660953754:0.378302;1829@1824679692:0.007946;1635@2199485447:0.337943;1785@748468411:0.382094;1712@3582389173:0.922558;1116@2301246479:0.692597;1010@3354872327:0.829234;1371@1694317507:0.454676;1381@3548554144:0.875735;1736@359489189:0.605349;1206@559147827:0.074731;1202@326409680:0.126701|67@0.20649,0.346561,0.866403,0.376986,0.872514,0.11361,0.959134,0.601276,0.119018,0.655239,0.801173;56@0.661777,0.046169,0.358383,0.109232,0.761455,0.21809,0.873017,0.74417,0.488342,0.305012,0.974005,0.822517;73@0.522878,0.388059;38@0.526298,0.362237,0.893525,0.766885,0.956197,0.367754,0.362613,0.554383,0.698634,0.230115;1@;14@0.216832,0.797063,0.06626,0.701873,0.224946,0.7118,0.241652,0.606947,0.980784;41@;32@0.579156,0.214374,0.860744,0.340738;70@0.067228,0.733529,0.683673,0.754484;43@0.059455,0.967916,0.865515,0.733051,0.614921,0.158255,0.646702,0.351278,0.852342,0.250772,0.135822;65@0.969969,0.62486,0.712711,0.347586;20@0.19889,0.81953,0.492463,0.513761;40@0.276124,0.227487,0.140156;100@0.074366;37@0.048963,0.702317,0.270639,0.211033,0.468253,0.223153,0.035152,0.929363,0.525547,0.459474,0.065757,0.891485,0.057836;27@0.067859,0.251543,0.673701,0.440078,0.560778,0.105066,0.990954;92@0.983259,0.725432,0.707447,0.304884,0.266159;10@0.938495,0.043006,0.779359,0.167411,0.695519,0.815912,0.56816,0.267139,0.169194,0.567752,0.93708,0.414672;75@0.962706,0.597048,0.835709,0.852748,0.990794,0.179427,0.958126,0.863289,0.567548,0.7215;84@0.117898,0.921946,0.493114,0.783603,0.681376,0.754267,0.162715,0.711478,0.179137,0.322645,0.96034;82@0.075668;47@0.266548,0.21072,0.747319,0.802487,0.895396,0.732324,0.564905,0.566218,0.879753,0.011415,0.017795;9@0.330895,0.276044,0.255728,0.978247,0.921105,0.683395,0.564326,0.721189,0.488809,0.006654,0.230512;39@0.117762,0.015054,0.603445,0.947828,0.180643,0.245138,0.120244,0.238688,0.250819;88@0.782129,0.190223,0.595515,0.829421,0.597356,0.089108,0.136435;30@0.34852,0.637891,0.25517,0.783326,0.50739,0.268289,0.567731,0.049184,0.462251,0.347748|0|1762487393
I20251108 00:02:58.847316 139717798590272 data_text_parser.cc:116] beg_pos: 3321,end_pos: 5522
I20251108 00:02:58.847329 139717798590272 data_text_parser.cc:59] line: 400|785|1720@756174749:0.22315;1185@31495261:0.836526;1587@4031015206:0.704141;1048@2494429406:0.301837;1413@972461146:0.056991;1472@1638782713:0.09196;1861@1691878431:0.569076;1430@1771267462:0.333362;1384@1761429488:0.31036;1829@1244243561:0.757398;1635@2863359553:0.189655;1785@3190777116:0.274109;1712@249560702:0.229426;1116@91529680:0.344671;1010@858679956:0.756904;1371@1523852024:0.692477;1381@1768884728:0.97874;1736@2704732941:0.072889;1206@2644046346:0.625991;1202@376637839:0.778333|67@0.970962,0.445923,0.322443,0.445186,0.216458,0.031052,0.774074,0.296267,0.832152,0.358962,0.987456;56@0.579086,0.859366,0.380675,0.999622,0.648808,0.502407,0.703977,0.364003,0.348617,0.411506,0.096653,0.638696;73@0.695982,0.583589;38@0.984186,0.52517,0.819704,0.598892,0.373942,0.636683,0.891765,0.394165,0.558902,0.815781;1@;14@0.983577,0.804096,0.784241,0.527233,0.36334,0.063248,0.901703,0.714017,0.327727;41@;32@0.395965,0.037543,0.953057,0.826058;70@0.831384,0.155479,0.279925,0.897513;43@0.497877,0.06144,0.839786,0.128138,0.87423,0.075917,0.647471,0.437578,0.873149,0.549087,0.936358;65@0.985,0.990513,0.506615,0.900239;20@0.028944,0.026569,0.529099,0.932827;40@0.507325,0.038222,0.165768;100@0.812693;37@0.070419,0.210745,0.858206,0.326915,0.24691,0.812797,0.341999,0.465184,0.9196,0.893256,0.541305,0.812186,0.026786;27@0.671301,0.33649,0.974987,0.947894,0.91863,0.043973,0.669872;92@0.898572,0.959168,0.964933,0.477881,0.33653;10@0.675219,0.683706,0.206586,0.605708,0.439403,0.373961,0.263547,0.247182,0.212756,0.313208,0.146381,0.803844;75@0.58393,0.742957,0.582766,0.875914,0.787984,0.787064,0.205846,0.977429,0.68748,0.032776;84@0.939938,0.362649,0.81938,0.978519,0.178839,0.555439,0.259815,0.69556,0.866676,0.407967,0.607521;82@0.880767;47@0.683706,0.32799,0.997533,0.573754,0.83459,0.997348,0.057656,0.851981,0.808114,0.96915,0.497018;9@0.839245,0.521552,0.141679,0.256341,0.348902,0.088901,0.369808,0.667423,0.465182,0.985345,0.537079;39@0.985279,0.113923,0.667349,0.013508,0.415561,0.06216,0.39735,0.264096,0.155809;88@0.460578,0.989386,0.900602,0.751162,0.007397,0.600971,0.630027;30@0.625559,0.843437,0.823026,0.68245,0.168362,0.098573,0.995709,0.103059,0.027617,0.404162|0|1762487393
I20251108 00:02:58.847359 139717798590272 data_text_parser.cc:116] beg_pos: 5523,end_pos: 7734
I20251108 00:02:58.847373 139717798590272 data_text_parser.cc:59] line: 401|592|1720@208645733:0.344526;1185@2355307444:0.674331;1587@613732446:0.880293;1048@2591008440:0.518011;1413@3554889036:0.065771;1472@206458969:0.252418;1861@3921707163:0.86487;1430@2922165161:0.234404;1384@1015332907:0.779004;1829@596954211:0.146664;1635@2766501502:0.144731;1785@981064654:0.359435;1712@1336272296:0.224114;1116@2566211855:0.877449;1010@1839710590:0.214261;1371@1923187538:0.926148;1381@4267755220:0.046741;1736@996511209:0.878799;1206@2250344077:0.822322;1202@75278992:0.745359|67@0.251087,0.657501,0.784612,0.963834,0.862317,0.755622,0.055345,0.744573,0.138815,0.246137,0.768936;56@0.969168,0.171457,0.940947,0.509328,0.568384,0.699887,0.647235,0.687773,0.336103,0.907155,0.495729,0.006204;73@0.474629,0.264966;38@0.520411,0.219601,0.39409,0.675421,0.292907,0.647096,0.366308,0.785035,0.425222,0.937617;1@;14@0.983839,0.691237,0.998481,0.732116,0.870756,0.346427,0.508844,0.347858,0.3836;41@;32@0.851701,0.388698,0.309069,0.961547;70@0.451894,0.128052,0.622588,0.102315;43@0.458881,0.02742,0.717779,0.77027,0.149001,0.73222,0.329509,0.889156,0.118413,0.890017,0.616761;65@0.926563,0.223768,0.705967,0.387948;20@0.421232,0.021659,0.062391,0.276459;40@0.440084,0.390485,0.305509;100@0.226874;37@0.340742,0.735643,0.276426,0.084108,0.751862,0.069844,0.572162,0.892316,0.01645,0.055937,0.131326,0.160436,0.500355;27@0.255481,0.877607,0.047154,0.298474,0.1982,0.910015,0.280753;92@0.322458,0.952968,0.892939,0.924412,0.423304;10@0.689121,0.344313,0.012798,0.04495,0.334602,0.399109,0.125798,0.142677,0.690898,0.340902,0.980694,0.093215;75@0.983205,0.906965,0.04957,0.221733,0.558903,0.814679,0.327392,0.393586,0.92493,0.379356;84@0.376648,0.143175,0.058132,0.812881,0.50207,0.734509,0.700475,0.79181,0.309598,0.064462,0.566364;82@0.362339;47@0.745636,0.198707,0.555134,0.465815,0.025096,0.652483,0.276452,0.000137,0.094219,0.022558,0.248456;9@0.272308,0.198247,0.752519,0.028645,0.424998,0.3634,0.478907,0.175925,0.171447,0.819877,0.309481;39@0.214928,0.623805,0.755594,0.986813,0.733111,0.890327,0.780018,0.762503,0.307886;88@0.049109,0.833913,0.323632,0.813593,0.835917,0.411234,0.76033;30@0.942742,0.438435,0.208073,0.210825,0.817268,0.967656,0.738525,0.952472,0.714584,0.169933|1|1762487393
I20251108 00:02:58.847415 139717798590272 data_text_parser.cc:116] beg_pos: 7735,end_pos: 9941
I20251108 00:02:58.847428 139717798590272 data_text_parser.cc:59] line: 402|479|1720@3610811262:0.783986;1185@2200405698:0.623232;1587@3966280571:0.356991;1048@178576014:0.744115;1413@4001203139:0.244362;1472@3017124037:0.99199;1861@956179054:0.3228;1430@2876671912:0.3213;1384@1364336234:0.699047;1829@4090683452:0.807913;1635@1844231977:0.997143;1785@1195325384:0.705926;1712@1690536279:0.000903;1116@311208663:0.509915;1010@1593706047:0.19725;1371@1157689950:0.979691;1381@2783269670:0.842752;1736@3270843888:0.215259;1206@3640279411:0.447469;1202@2876671912:0.079446|67@0.985318,0.256288,0.85824,0.894625,0.780317,0.405678,0.339052,0.462686,0.072932,0.453068,0.232581;56@0.093381,0.541877,0.667514,0.528454,0.012107,0.408959,0.950697,0.809537,0.719608,0.064544,0.703421,0.905559;73@0.116993,0.637528;38@0.886307,0.496475,0.66194,0.122381,0.352444,0.793538,0.614115,0.145666,0.897912,0.127153;1@;14@0.849037,0.275219,0.614315,0.223869,0.609633,0.289091,0.573604,0.926302,0.552166;41@;32@0.576273,0.24397,0.16582,0.944556;70@0.629464,0.258447,0.153471,0.569003;43@0.903151,0.230429,0.811826,0.219424,0.576728,0.712046,0.957592,0.616547,0.329097,0.795063,0.679513;65@0.852605,0.404941,0.171551,0.225203;20@0.912338,0.8378,0.28333,0.89351;40@0.57713,0.221733,0.375214;100@0.552806;37@0.761177,0.717014,0.692209,0.771526,0.66263,0.133212,0.640839,0.321412,0.345478,0.18891,0.455483,0.439843,0.965593;27@0.211244,0.242152,0.415895,0.476552,0.974877,0.710289,0.591213;92@0.938786,0.056848,0.076508,0.378898,0.92064;10@0.957467,0.42949,0.18016,0.354639,0.908372,0.393643,0.845281,0.551104,0.288808,0.465057,0.706905,0.710777;75@0.076565,0.073292,0.641236,0.093203,0.802624,0.110719,0.940294,0.283586,0.946226,0.672408;84@0.671813,0.81995,0.138395,0.776904,0.022676,0.935392,0.701108,0.1684,0.472614,0.982742,0.172859;82@0.534317;47@0.143035,0.714633,0.656753,0.790126,0.905976,0.112354,0.929324,0.981,0.97941,0.563951,0.673066;9@0.933553,0.895389,0.638331,0.846083,0.649753,0.427648,0.479762,0.653661,0.626992,0.726076,0.241717;39@0.91034,0.111233,0.328614,0.440831,0.158482,0.043496,0.219767,0.246668,0.679565;88@0.217395,0.740331,0.324703,0.791789,0.209883,0.917417,0.718147;30@0.462963,0.213424,0.585278,0.891469,0.418671,0.742808,0.757575,0.742274,0.795785,0.423771|0|1762487393
I20251108 00:02:58.847469 139717798590272 data_text_parser.cc:116] beg_pos: 9942,end_pos: 12143
I20251108 00:02:58.847481 139717798590272 data_text_parser.cc:59] line: 403|820|1720@503810803:0.569455;1185@1908838787:0.071399;1587@1685281678:0.110394;1048@4079989489:0.95947;1413@4084203435:0.716469;1472@1811006167:0.696268;1861@2802041373:0.63946;1430@3076671042:0.225703;1384@2507841625:0.114806;1829@3869241486:0.132265;1635@75670166:0.254623;1785@602352762:0.124624;1712@2026533363:0.605156;1116@61678084:0.541595;1010@4192453684:0.257699;1371@2869015237:0.331728;1381@28401576:0.77038;1736@3357441273:0.273311;1206@434647175:0.514528;1202@2133217053:0.404575|67@0.770588,0.582597,0.924282,0.312989,0.960628,0.471988,0.892389,0.308662,0.314039,0.015279,0.847273;56@0.825158,0.096581,0.581542,0.267466,0.649443,0.621531,0.903935,0.145488,0.703713,0.055675,0.991288,0.122142;73@0.259365,0.074606;38@0.804506,0.929606,0.160663,0.573626,0.036045,0.193607,0.031308,0.836937,0.890615,0.390756;1@;14@0.191257,0.890614,0.011809,0.88499,0.744254,0.477199,0.624837,1e-06,0.994123;41@;32@0.919313,0.285374,0.051581,0.128204;70@0.966356,0.988845,0.719085,0.124327;43@0.901044,0.114083,0.723984,0.785842,0.522208,0.2252,0.213906,0.769792,0.840061,0.064542,0.158792;65@0.639531,0.712484,0.357483,0.65152;20@0.415247,0.573338,0.887526,0.882007;40@0.980359,0.529321,0.879668;100@0.43285;37@0.622252,0.445479,0.089884,0.895352,0.569295,0.717386,0.44558,0.98168,0.549496,0.544648,0.07835,0.40231,0.465492;27@0.304258,0.533956,0.990952,0.255549,0.182647,0.89622,0.266872;92@0.343071,0.493109,0.829827,0.712496,0.700091;10@0.762312,0.024274,0.462916,0.703964,0.273151,0.26626,0.970231,0.171652,0.313976,0.087772,0.60775,0.95002;75@0.691081,0.861036,0.757739,0.422185,0.18264,0.782304,0.682906,0.438542,0.910515,0.541356;84@0.751847,0.740522,0.928991,0.370015,0.334265,0.595516,0.53882,0.438356,0.546893,0.14002,0.055827;82@0.951031;47@0.582027,0.895016,0.870726,0.460688,0.983296,0.500351,0.673491,0.77983,0.912395,0.070054,0.701891;9@0.43788,0.067059,0.767971,0.144018,0.039715,0.576589,0.869899,0.894279,0.724568,0.278251,0.455602;39@0.628083,0.091507,0.274684,0.101972,0.928737,0.921487,0.569028,0.052177,0.584608;88@0.37362,0.603768,0.1144,0.324768,0.544345,0.267497,0.288578;30@0.149877,0.149648,0.603333,0.283069,0.161941,0.008366,0.616821,0.658372,0.293233,0.411706|1|1762487393
I20251108 00:02:58.847512 139717798590272 data_text_parser.cc:116] beg_pos: 12144,end_pos: 14347
I20251108 00:02:58.847525 139717798590272 data_text_parser.cc:59] line: 404|642|1720@994095409:0.417245;1185@4100047952:0.653891;1587@1169285223:0.410475;1048@2676828283:0.038702;1413@4256522197:0.23455;1472@54999949:0.77733;1861@1614573259:0.907292;1430@527072395:0.904569;1384@1969417407:0.898766;1829@4272927450:0.225533;1635@2984973671:0.341712;1785@967796964:0.329705;1712@1335997860:0.616852;1116@351242344:0.032696;1010@111943411:0.395096;1371@2810210051:0.468888;1381@1885717845:0.011424;1736@1310926111:0.534777;1206@1586818809:0.25916;1202@227062872:0.649227|67@0.930103,0.168179,0.881535,0.331554,0.567151,0.857429,0.856887,0.100966,0.566645,0.71682,0.336687;56@0.657911,0.491401,0.076396,0.915112,0.87978,0.989412,0.289364,0.532604,0.550048,0.058594,0.945444,0.840658;73@0.286425,0.525901;38@0.307428,0.168845,0.870886,0.184758,0.803755,0.25681,0.520882,0.778314,0.127865,0.462679;1@;14@0.444129,0.250478,0.510419,0.893219,0.653139,0.383848,0.005745,0.123432,0.235287;41@;32@0.69397,0.335663,0.941736,0.349059;70@0.524189,0.970448,0.933867,0.560918;43@0.635445,0.109994,0.177575,0.810571,0.594287,0.533019,0.263486,0.472613,0.08038,0.41901,0.200418;65@0.853655,0.024767,0.439775,0.484409;20@0.303946,0.360125,0.232932,0.010818;40@0.05569,0.270747,0.305501;100@0.701874;37@0.19086,0.280616,0.948188,0.34622,0.731091,0.223046,0.766267,0.125156,0.308456,0.644729,0.116737,0.33157,0.003311;27@0.567107,0.390629,0.369073,0.78693,0.854774,0.598455,0.591572;92@0.731727,0.330143,0.172754,0.3491,0.26127;10@0.8415,0.307331,0.933063,0.162467,0.753972,0.358977,0.940754,0.326789,0.411345,0.527209,0.892281,0.387405;75@0.615652,0.866767,0.882529,0.442853,0.886579,0.297666,0.948042,0.25615,0.080211,0.516087;84@0.511721,0.951447,0.868803,0.325601,0.001981,0.847497,0.628,0.182571,0.467055,0.707517,0.223411;82@0.912313;47@0.271693,0.223345,0.105465,0.543869,0.393422,0.410203,0.418056,0.278577,0.112464,0.159511,0.797341;9@0.127922,0.107998,0.757094,0.982416,0.479172,0.081834,0.275441,0.841301,0.699821,0.606597,0.35967;39@0.098354,0.303774,0.92246,0.91091,0.110671,0.086361,0.483228,0.403935,0.782367;88@0.750984,0.583154,0.415289,0.109556,0.195738,0.229651,0.639198;30@0.532451,0.043344,0.812825,0.601261,0.062183,0.463328,0.241136,0.788405,0.772936,0.214303|0|1762487393
I20251108 00:02:58.847566 139717798590272 data_text_parser.cc:116] beg_pos: 14348,end_pos: 16558
I20251108 00:02:58.847579 139717798590272 data_text_parser.cc:59] line: 405|475|1720@2507415384:0.652822;1185@1783098557:0.755859;1587@4063766604:0.734631;1048@2936179287:0.065703;1413@3206646458:0.546148;1472@3497391803:0.398848;1861@79875259:0.67098;1430@2406453815:0.428466;1384@1237142147:0.835674;1829@2387944360:0.730101;1635@1867956427:0.413996;1785@2744032497:0.249415;1712@2768204742:0.322099;1116@1668479552:0.180415;1010@3116735628:0.779408;1371@3644489704:0.869895;1381@3882702309:0.3661;1736@3208941109:0.822637;1206@600194751:0.247482;1202@223622850:0.60835|67@0.677558,0.808665,0.353174,0.197982,0.348194,0.921721,0.924286,0.207414,0.044242,0.162026,0.836385;56@0.409194,0.557551,0.881558,0.026689,0.259559,0.761044,0.066109,0.374084,0.351587,0.087861,0.619989,0.313557;73@0.457097,0.525027;38@0.62397,0.383525,0.217988,0.640636,0.811095,0.299275,0.222734,0.151559,0.694783,0.483159;1@;14@0.442001,0.638765,0.000423,0.901468,0.260676,0.068888,0.450975,0.957968,0.337244;41@;32@0.553617,0.24711,0.725684,0.72436;70@0.155087,0.296419,0.064165,0.774535;43@0.808086,0.824335,0.135039,0.488516,0.89228,0.187732,0.468548,0.30259,0.160941,0.075699,0.94437;65@0.452714,0.193864,0.236811,0.576218;20@0.540121,0.98998,0.159524,0.982585;40@0.264433,0.788021,0.242228;100@0.870731;37@0.954398,0.881505,0.127436,0.581835,0.282645,0.28902,0.386885,0.822049,0.002768,0.522415,0.252057,0.629008,0.78006;27@0.681901,0.625356,0.044533,0.764673,0.570388,0.334544,0.49992;92@0.662483,0.903189,0.961808,0.287397,0.401461;10@0.275004,0.811141,0.244164,0.975633,0.443231,0.573707,0.650991,0.667668,0.768463,0.529726,0.14633,0.461782;75@0.334847,0.85365,0.783061,0.746035,0.871153,0.105362,0.770546,0.693868,0.706625,0.640929;84@0.53966,0.977144,0.028105,0.850855,0.377479,0.753288,0.007694,0.142355,0.75126,0.557388,0.354342;82@0.370209;47@0.845309,0.777638,0.849741,0.26584,0.840043,0.736466,0.483333,0.144941,0.501964,0.190649,0.476647;9@0.676825,0.858479,0.417238,0.170222,0.471915,0.789306,0.573391,0.290613,0.002116,0.393106,0.206606;39@0.162919,0.351432,0.906337,0.45754,0.242744,0.534837,0.446889,0.923896,0.437329;88@0.539248,0.864802,0.56316,0.291276,0.071352,0.216292,0.395967;30@0.648976,0.564919,0.401759,0.897713,0.265554,0.795045,0.178014,0.069967,0.828384,0.0035|0|1762487393
I20251108 00:02:58.847620 139717798590272 data_text_parser.cc:116] beg_pos: 16559,end_pos: 18777
I20251108 00:02:58.847635 139717798590272 data_text_parser.cc:59] line: 406|234|1720@3585394753:0.701987;1185@1940936240:0.231669;1587@1246094563:0.506815;1048@3910390617:0.467379;1413@30656000:0.735515;1472@1459539051:0.433631;1861@2469638338:0.506913;1430@1444300029:0.190557;1384@2683982211:0.000533;1829@2807155135:0.619188;1635@1234293023:0.646212;1785@388563577:0.131326;1712@2309609678:0.591893;1116@89130903:0.456755;1010@2076093514:0.091187;1371@3775726243:0.1047;1381@2166324308:0.361604;1736@1241695781:0.354257;1206@1457665977:0.343424;1202@562226615:0.517167|67@0.790507,0.780488,0.763375,0.509093,0.457023,0.219398,0.760408,0.845677,0.840439,0.915359,0.229801;56@0.525192,0.030391,0.223417,0.759883,0.116493,0.039913,0.393137,0.500881,0.670968,0.738301,0.237674,0.939312;73@0.271623,0.232717;38@0.067059,0.948958,0.238373,0.939105,0.001358,0.159762,0.948128,0.321884,0.350115,0.26425;1@;14@0.659688,0.45027,0.875896,0.624456,0.267943,0.089568,0.547512,0.653946,0.343387;41@;32@0.236216,0.118529,0.805305,0.709487;70@0.460598,0.137128,0.260763,0.332426;43@0.892317,0.333372,0.138403,0.061214,0.317857,0.303043,0.340798,0.244958,0.408118,0.171409,0.433637;65@0.24396,0.519284,0.518367,0.953171;20@0.790956,0.162894,0.109198,0.421005;40@0.361155,0.454826,0.474226;100@0.578075;37@0.380394,0.39436,0.346674,0.691047,0.787431,0.498329,0.750354,0.639486,0.913359,0.648679,0.682499,0.863405,0.081006;27@0.104032,0.978486,0.932614,0.663958,0.575611,0.175496,0.659881;92@0.46692,0.860658,0.558851,0.555437,0.513728;10@0.468804,0.246984,0.041065,0.813326,0.593289,0.716258,0.820246,0.200381,0.599449,0.270495,0.08605,0.423238;75@0.8103,0.148508,0.379422,0.477301,0.166558,0.007288,0.021273,0.968675,0.139626,0.260754;84@0.500389,0.705206,0.118449,0.625481,0.551352,0.468049,0.103427,0.75038,0.907679,0.519886,0.828544;82@0.121378;47@0.018613,0.372311,0.583059,0.765727,0.517289,0.196489,0.409516,0.367619,0.144673,0.94859,0.299145;9@0.827934,0.209735,0.401774,0.853652,0.548582,0.707192,0.007341,0.626576,0.186188,0.858059,0.614405;39@0.994089,0.915726,0.303955,0.264309,0.815702,0.465631,0.139226,0.669742,0.997778;88@0.202158,0.850628,0.981866,0.754857,0.136752,0.330789,0.735327;30@0.246308,0.271995,0.898509,0.815021,0.763268,0.412682,0.446101,0.38482,0.643121,0.585693|1|1762487393
I20251108 00:02:58.847680 139717798590272 data_text_parser.cc:116] beg_pos: 18778,end_pos: 20480
I20251108 00:02:58.847936 139717798590272 data_text_parser.cc:101] get chunk buffer, size: 20480
I20251108 00:02:58.847951 139717798590272 data_text_parser.cc:116] beg_pos: 0,end_pos: 507
I20251108 00:02:58.847959 139717798590272 data_text_parser.cc:61] buffer line: 407|480|1720@3399089548:0.632792;1185@1659730060:0.784548;1587@2370711940:0.648858;1048@385224304:0.441985;1413@2346618280:0.164378;1472@3658992329:0.164097;1861@3040560328:0.029565;1430@2076981327:0.199554;1384@1843351518:0.97698;1829@3784720478:0.268425;1635@4140331801:0.808068;1785@763779489:0.915024;1712@3366570045:0.017927;1116@54964598:0.037034;1010@4113217689:0.455136;1371@91437240:0.235762;1381@968257382:0.906654;1736@2190971169:0.93434;1206@3565876999:0.965881;1202@1880471963:0.438852|67@0.784942,0.048017,0.398114,0.322145,0.188995,0.416826,0.846609,0.517913,0.401601,0.829495,0.711639;56@0.914577,0.376649,0.264301,0.661178,0.013188,0.172033,0.115284,0.99968,0.208338,0.486618,0.495196,0.612941;73@0.554564,0.874171;38@0.642769,0.905824,0.957006,0.090879,0.390381,0.082568,0.285209,0.887597,0.022396,0.572594;1@;14@0.528014,0.055593,0.391306,0.866572,0.973075,0.326667,0.918034,0.82971,0.20567;41@;32@0.219259,0.551737,0.018452,0.131435;70@0.223094,0.129765,0.391534,0.654171;43@0.133233,0.900206,0.061015,0.915233,0.574099,0.544945,0.998797,0.169732,0.4716,0.404975,0.412321;65@0.700144,0.909928,0.045264,0.664614;20@0.467815,0.627168,0.465091,0.459485;40@0.399185,0.527472,0.413884;100@0.351228;37@0.233348,0.513969,0.163452,0.739889,0.143217,0.56303,0.68168,0.344774,0.985944,0.87321,0.880713,0.990002,0.15355;27@0.434537,0.38054,0.528673,0.286506,0.809641,0.101952,0.675273;92@0.552307,0.670397,0.61806,0.969911,0.077868;10@0.185457,0.142756,0.468773,0.163332,0.690885,0.711745,0.902721,0.753601,0.731626,0.093751,0.730761,0.819371;75@0.16378,0.481991,0.158387,0.610229,0.495834,0.599564,0.768792,0.280624,0.004182,0.76664;84@0.946013,0.949788,0.210275,0.395194,0.431978,0.979038,0.400487,0.696689,0.299749,0.533922,0.909596;82@0.389042;47@0.547209,0.838218,0.499181,0.980982,0.253232,0.99909,0.038827,0.222577,0.614906,0.854714,0.216922;9@0.198485,0.061517,0.715864,0.47436,0.031919,0.678979,0.926615,0.567202,0.933368,0.878944,0.558897;39@0.459735,0.930642,0.709453,0.95275,0.010609,0.563619,0.425198,0.439521,0.131698;88@0.522185,0.379904,0.220862,0.489115,0.148677,0.024003,0.795472;30@0.682998,0.623802,0.026827,0.00395,0.406412,0.351379,0.424592,0.5009,0.588742,0.648582|1|1762487393
I20251108 00:02:58.847996 139717798590272 data_text_parser.cc:116] beg_pos: 508,end_pos: 2730
I20251108 00:02:58.848016 139717798590272 data_text_parser.cc:59] line: 408|365|1720@3265780994:0.075118;1185@1381572513:0.498938;1587@3082500547:0.887026;1048@806472953:0.671495;1413@2732742711:0.25016;1472@2491623690:0.896166;1861@3578307069:0.546242;1430@1879420684:0.264284;1384@2939525527:0.210734;1829@2025155094:0.074849;1635@1896601057:0.458571;1785@1019030789:0.116047;1712@4100160408:0.212044;1116@720426136:0.905195;1010@2389071016:0.749035;1371@2097500523:0.018978;1381@3027840275:0.042527;1736@947282475:0.615897;1206@1480196019:0.717569;1202@336620679:0.209377|67@0.909201,0.196636,0.611743,0.138448,0.823442,0.198357,0.443805,0.837353,0.90505,0.001445,0.474022;56@0.310481,0.896354,0.067236,0.072931,0.161874,0.367353,0.199141,0.666778,0.494729,0.176001,0.069498,0.345116;73@0.395413,0.449801;38@0.606561,0.762401,0.961444,0.260554,0.514147,0.312985,0.226522,0.913958,0.696114,0.194245;1@;14@0.587274,0.517733,0.503863,0.413032,0.156353,0.093897,0.865671,0.834583,0.863063;41@;32@0.295716,0.752697,0.820459,0.543481;70@0.728765,0.127409,0.761161,0.75404;43@0.509834,0.016075,0.400864,0.055772,0.335782,0.959315,0.98436,0.399472,0.274345,0.763863,0.317177;65@0.920258,0.11496,0.972632,0.519594;20@0.445912,0.690838,0.113536,0.480171;40@0.356171,0.085488,0.361829;100@0.779061;37@0.911804,0.781827,0.412676,0.056943,0.056764,0.786841,0.559091,0.182942,0.188318,0.013705,0.219111,0.858528,0.58716;27@0.718527,0.298707,0.073218,0.148282,0.920285,0.539203,0.655176;92@0.315992,0.774468,0.883849,0.18521,0.761756;10@0.606525,0.772207,0.837778,0.909917,0.533993,0.373354,0.196421,0.946021,0.858225,0.307873,0.144887,0.36245;75@0.530143,0.878274,0.597533,0.556284,0.273806,0.584784,0.985961,0.121795,0.430171,0.891863;84@0.84269,0.324467,0.083686,0.013194,0.394865,0.013021,0.076364,0.908625,0.366586,0.172927,0.381455;82@0.134821;47@0.908905,0.650631,0.336764,0.303559,0.044831,0.946952,0.387023,0.550809,0.429102,0.457872,0.886734;9@0.133818,0.177212,0.159244,0.447311,0.243772,0.067916,0.276048,0.785091,0.554164,0.62907,0.901526;39@0.051845,0.031269,0.936673,0.845273,0.111598,0.672353,0.559269,0.298684,0.070804;88@0.234951,0.877609,0.135439,0.186411,0.831582,0.267199,0.13968;30@0.171204,0.584262,0.368007,0.883677,0.386245,0.080715,0.841652,0.393619,0.625413,0.797211|0|1762487393
I20251108 00:02:58.848048 139717798590272 data_text_parser.cc:116] beg_pos: 2731,end_pos: 4948
I20251108 00:02:58.848060 139717798590272 data_text_parser.cc:59] line: 409|952|1720@477314283:0.450794;1185@1344605883:0.128977;1587@1087300381:0.321905;1048@477314283:0.50781;1413@2529478635:0.18753;1472@2024992620:0.715896;1861@3834606189:0.085596;1430@4119219347:0.598538;1384@173298543:0.104371;1829@2804551122:0.959199;1635@2722393387:0.606076;1785@3275066095:0.059308;1712@4049738960:0.369297;1116@870204175:0.749905;1010@3180298835:0.456857;1371@4225140661:0.020889;1381@4067316514:0.722799;1736@504077645:0.086973;1206@802080932:0.594007;1202@1675405606:0.196878|67@0.219706,0.388853,0.896184,0.492138,0.588526,0.643714,0.294671,0.731124,0.640835,0.468995,0.657464;56@0.803872,0.376892,0.826392,0.998104,0.010281,0.691973,0.414282,0.326736,0.364183,0.255292,0.485464,0.055446;73@0.131348,0.652684;38@0.234499,0.84016,0.611124,0.814558,0.197785,0.763053,0.43541,0.134993,0.256734,0.844316;1@;14@0.333966,0.307919,0.721437,0.01166,0.140373,0.754231,0.465261,0.373291,0.544426;41@;32@0.875662,0.329947,0.770985,0.158598;70@0.570371,0.830656,0.17878,0.200147;43@0.456822,0.951045,0.238236,0.998534,0.513301,0.642759,0.874908,0.516024,0.584567,0.968359,0.844027;65@0.557282,0.116451,0.339939,0.651672;20@0.342169,0.929344,0.202681,0.990768;40@0.359304,0.106712,0.206162;100@0.836616;37@0.718873,0.735192,0.146257,0.158024,0.365369,0.807055,0.323054,0.350672,0.712658,0.271348,0.770556,0.698801,0.882489;27@0.541226,0.253601,0.829527,0.591843,0.540431,0.339092,0.724128;92@0.929188,0.888036,0.863845,0.750027,0.840448;10@0.491733,0.237752,0.075246,0.433921,0.096156,0.566325,0.321009,0.97285,0.620366,0.295533,0.837109,0.180798;75@0.438756,0.491542,0.228741,0.070505,0.19468,0.567156,0.609625,0.24705,0.773373,0.930964;84@0.868995,0.239593,0.887248,0.608897,0.744099,0.597058,0.583246,0.183411,0.729009,0.661158,0.301158;82@0.431133;47@0.690045,0.916014,0.858867,0.827762,0.921102,0.841153,0.096157,0.539434,0.448987,0.32936,0.648509;9@0.986561,0.65699,0.302179,0.765039,0.182529,0.124179,0.416827,0.381136,0.673931,0.188959,0.028768;39@0.121933,0.37436,0.058196,0.620411,0.460707,0.532806,0.278374,0.674221,0.641512;88@0.279001,0.014124,0.992032,0.951069,0.61044,0.747611,0.904921;30@0.501193,0.630436,0.179366,0.620158,0.74945,0.502891,0.061392,0.412342,0.736603,0.760058|1|1762487393
I20251108 00:02:58.848101 139717798590272 data_text_parser.cc:116] beg_pos: 4949,end_pos: 7166
I20251108 00:02:58.848114 139717798590272 data_text_parser.cc:59] line: 410|678|1720@2460188132:0.644708;1185@2678751332:0.950387;1587@868776089:0.017749;1048@458820415:0.491082;1413@1430599463:0.596668;1472@1086769278:0.076514;1861@3357441273:0.920652;1430@3480540247:0.270613;1384@3988505151:0.27051;1829@1559712661:0.437444;1635@1951349964:0.280246;1785@3630936989:0.291346;1712@292069915:0.514112;1116@3186586789:0.222848;1010@3841389005:0.706805;1371@2423745529:0.307908;1381@3637756926:0.878724;1736@2898255839:0.880156;1206@3283225882:0.994887;1202@3919063470:0.054626|67@0.239169,0.023895,0.80713,0.826628,0.832915,0.252269,0.747618,0.927009,0.841972,0.129738,0.686666;56@0.46691,0.993556,0.011892,0.386883,0.3868,0.575187,0.044545,0.716813,0.178925,0.367401,0.314345,0.829457;73@0.970624,0.193508;38@0.983992,0.829206,0.322734,0.27843,0.053767,0.02517,0.19035,0.092296,0.937048,0.383259;1@;14@0.067219,0.143233,0.274249,0.382123,0.603636,0.7842,0.704968,0.892462,0.259863;41@;32@0.425549,0.906569,0.334909,0.686557;70@0.247032,0.248501,0.865213,0.564044;43@0.563704,0.424272,0.157454,0.903029,0.818722,0.738622,0.513859,0.586304,0.173735,0.300836,0.46736;65@0.768173,0.662697,0.095485,0.985986;20@0.70056,0.205998,0.502607,0.600561;40@0.068379,0.975036,0.612701;100@0.324341;37@0.708456,0.614226,0.537475,0.385324,0.435958,0.375665,0.981596,0.604028,0.844428,0.898463,0.246976,0.514087,0.704526;27@0.323947,0.379749,0.775238,0.146979,0.223967,0.647644,0.920961;92@0.815246,0.530176,0.728693,0.443312,0.486742;10@0.29734,0.135698,0.910865,0.016769,0.73464,0.663148,0.636252,0.347926,0.360614,0.537275,0.90555,0.346445;75@0.325324,0.476663,0.118647,0.595185,0.327114,0.393045,0.771368,0.017722,0.631413,0.913618;84@0.394667,0.769354,0.799018,0.653814,0.614799,0.563694,0.97756,0.906667,0.864714,0.316613,0.016975;82@0.839939;47@0.245189,0.466505,0.589844,0.386238,0.864472,0.049622,0.132326,0.320563,0.089951,0.339434,0.602773;9@0.350688,0.946116,0.739075,0.626008,0.069122,0.766555,0.475901,0.032293,0.786291,0.933162,0.269613;39@0.772719,0.088665,0.548384,0.032675,0.790033,0.251322,0.721027,0.347423,0.560534;88@0.966317,0.374996,0.492135,0.918769,0.151646,0.614218,0.369917;30@0.063462,0.022343,0.586118,0.88304,0.179164,0.280812,0.990695,0.698599,0.162813,0.005916|0|1762487393
I20251108 00:02:58.848154 139717798590272 data_text_parser.cc:116] beg_pos: 7167,end_pos: 9381
I20251108 00:02:58.848172 139717798590272 data_text_parser.cc:59] line: 411|373|1720@2529478635:0.767073;1185@1264867265:0.160431;1587@1158350838:0.461191;1048@2532509360:0.373401;1413@4269304455:0.692421;1472@2140641353:0.751861;1861@1816185989:0.805189;1430@747486154:0.233766;1384@3860898106:0.39317;1829@1884486870:0.803133;1635@4159329915:0.112928;1785@4029107983:0.982634;1712@3970995890:0.065253;1116@4136688200:0.627503;1010@3639849036:0.31634;1371@3486175086:0.865991;1381@1225491185:0.78964;1736@1936221992:0.232265;1206@146115136:0.214108;1202@4283573374:0.546307|67@0.842398,0.167917,0.543383,0.166224,0.95156,0.658846,0.100475,0.957587,0.669435,0.88741,0.551694;56@0.829425,0.333998,0.850802,0.100725,0.82309,0.456896,0.397925,0.142657,0.309354,0.987116,0.832153,0.387455;73@0.446179,0.064553;38@0.71731,0.021388,0.661847,0.853987,0.491245,0.945749,0.786994,0.925688,0.681415,0.076629;1@;14@0.166035,0.450373,0.453166,0.237785,0.162633,0.969662,0.998468,0.657553,0.706171;41@;32@0.195822,0.217621,0.393251,0.336668;70@0.874962,0.855528,0.097702,0.17642;43@0.798125,0.591713,0.990769,0.32984,0.612316,0.247464,0.844298,0.820905,0.171897,0.340883,0.360243;65@0.935649,0.364892,0.557426,0.413717;20@0.381438,0.232331,0.090498,0.855123;40@0.961106,0.829596,0.098457;100@0.387424;37@0.854618,0.864714,0.772755,0.917244,0.87164,0.683524,0.097376,0.86026,0.306719,0.293451,0.074912,0.171252,0.499455;27@0.508865,0.376588,0.74033,0.469221,0.685172,0.763812,0.132038;92@0.449397,0.753801,0.867277,0.8717,0.040466;10@0.818767,0.119316,0.428018,0.387182,0.574436,0.464653,0.442304,0.608976,0.95776,0.192586,0.490747,0.273308;75@0.838695,0.655899,0.112335,0.532562,0.561572,0.66463,0.20634,0.110025,0.918269,0.330068;84@0.780351,0.296761,0.790489,0.264697,0.191133,0.685425,0.113568,0.610509,0.102455,0.709892,0.065369;82@0.393167;47@0.522766,0.393025,0.335199,0.624851,0.746266,0.356422,0.677419,0.971566,0.32454,0.453963,0.434229;9@0.180884,0.806414,0.246987,0.630015,0.181324,0.397957,0.901468,0.635579,0.644872,0.384612,0.510952;39@0.12672,0.463108,0.304965,0.924812,0.198761,0.046054,0.031692,0.125499,0.810302;88@0.924929,0.564075,0.875551,0.54332,0.923346,0.202301,0.406671;30@0.564977,0.775254,0.301409,0.940748,0.442801,0.524985,0.323601,0.53764,0.718009,0.395737|0|1762487393
I20251108 00:02:58.848234 139717798590272 data_text_parser.cc:116] beg_pos: 9382,end_pos: 11594
I20251108 00:02:58.848249 139717798590272 data_text_parser.cc:59] line: 412|836|1720@2896153436:0.811194;1185@180910012:0.450389;1587@4277349646:0.826722;1048@494070148:0.041701;1413@2566590045:0.143125;1472@3421942254:0.278402;1861@4291121218:0.15228;1430@1813322626:0.318167;1384@3282152629:0.452713;1829@3727392914:0.970037;1635@1719448150:0.549223;1785@2174395130:0.695628;1712@135589189:0.605267;1116@1804039254:0.205686;1010@2526158059:0.896731;1371@2864259825:0.987018;1381@3166446901:0.543628;1736@453659198:0.055963;1206@3692280331:0.904208;1202@1770877879:0.816195|67@0.608628,0.073293,0.762285,0.665716,0.878138,0.322698,0.840692,0.444235,0.049638,0.051365,0.440752;56@0.173714,0.682188,0.319474,0.467531,0.483089,0.219501,0.164516,0.895084,0.911864,0.056069,0.537687,0.252891;73@0.448256,0.40047;38@0.89859,0.277314,0.369814,0.273242,0.194421,0.681272,0.308388,0.886889,0.423894,0.492461;1@;14@0.747526,0.637971,0.001665,0.390775,0.933072,0.593992,0.940951,0.814108,0.185453;41@;32@0.197287,0.70068,0.235912,0.455431;70@0.564941,0.616018,0.210541,0.474957;43@0.340158,0.841077,0.75452,0.047638,0.51475,0.761892,0.022116,0.284934,0.044418,0.521208,0.083375;65@0.224333,0.247365,0.146104,0.77191;20@0.096642,0.470181,0.260967,0.557741;40@0.587253,0.863443,0.192517;100@0.838045;37@0.594784,0.964295,0.008722,0.995995,0.228064,0.760605,0.151044,0.581455,0.309694,0.692854,0.909291,0.288244,0.128526;27@0.811837,0.26855,0.575177,0.441871,0.358973,0.587921,0.185288;92@0.52288,0.955722,0.295235,0.738627,0.477799;10@0.166833,0.692508,0.111957,0.621356,0.145104,0.224646,0.789248,0.270816,0.915854,0.992628,0.530941,0.405492;75@0.073188,0.54749,0.739871,0.338298,0.528938,0.824681,0.803293,0.824119,0.171725,0.034824;84@0.354023,0.484926,0.479801,0.284057,0.303546,0.813516,0.795419,0.455402,0.220781,0.282175,0.169628;82@0.806331;47@0.79144,0.664803,0.812261,0.91279,0.094751,0.549969,0.758798,0.413229,0.106206,0.128145,0.510443;9@0.261241,0.314199,0.143642,0.39578,0.009209,0.954241,0.514031,0.627448,0.666317,0.402129,0.628966;39@0.464854,0.116678,0.586261,0.67439,0.36571,0.913,0.839047,0.512203,0.631197;88@0.966545,0.569009,0.36468,0.319586,0.112439,0.361258,0.808557;30@0.753374,0.49691,0.66628,0.928782,0.908425,0.752421,0.024936,0.839436,0.103323,0.394438|1|1762487393
I20251108 00:02:58.848280 139717798590272 data_text_parser.cc:116] beg_pos: 11595,end_pos: 13805
I20251108 00:02:58.848293 139717798590272 data_text_parser.cc:59] line: 413|170|1720@1128689021:0.08582;1185@2893270301:0.800164;1587@1195518253:0.19112;1048@520817309:0.231303;1413@2824512310:0.924169;1472@3684888928:0.203176;1861@2530316739:0.19648;1430@343175831:0.220936;1384@1059272246:0.665509;1829@184190755:0.445131;1635@82690708:0.500208;1785@2337722532:0.673371;1712@3787978476:0.201468;1116@3190777116:0.361475;1010@624503203:0.697603;1371@2068140264:0.090276;1381@3466613824:0.320585;1736@3368423237:0.417435;1206@520545421:0.601422;1202@2484283342:0.986529|67@0.1731,0.258158,0.192491,0.875213,0.460234,0.958186,0.991824,0.962025,0.019601,0.185832,0.50358;56@0.62018,0.258863,0.823803,0.686153,0.303061,0.141144,0.316301,0.976081,0.935913,0.014062,0.197752,0.585674;73@0.218864,0.647873;38@0.764191,0.841978,0.431266,0.483502,0.853522,0.722151,0.508422,0.375854,0.617445,0.595828;1@;14@0.416502,0.1774,0.94048,0.445439,0.961353,0.764046,0.587294,0.345127,0.081539;41@;32@0.065984,0.487286,0.105486,0.557571;70@0.929832,0.10862,0.298558,0.189321;43@0.887349,0.430908,0.295893,0.413439,0.514734,0.767134,0.084955,0.858337,0.286294,0.716024,0.558254;65@0.833698,0.636955,0.780913,0.56986;20@0.533274,0.177127,0.467694,0.915138;40@0.149346,0.700702,0.866456;100@0.289114;37@0.755958,0.051666,0.826498,0.773853,0.252569,0.585665,0.068762,0.159472,0.384884,0.466657,0.992473,0.661582,0.196818;27@0.129983,0.119669,0.779434,0.508853,0.221768,0.179031,0.565315;92@0.118073,0.915613,0.651748,0.140002,0.197119;10@0.057155,0.242157,0.443012,0.057224,0.22536,0.049187,0.20801,0.742651,0.867131,0.462423,0.162137,0.605807;75@0.338692,0.063264,0.078025,0.333862,0.867149,0.726129,0.855908,0.560709,0.893926,0.264927;84@0.61132,0.723902,0.836003,0.48226,0.24539,0.863313,0.081466,0.506141,0.110227,0.904076,0.557098;82@0.813322;47@0.582822,0.512048,0.514426,0.904529,0.766331,0.791309,0.900773,0.794957,0.294105,0.327887,0.127654;9@0.142334,0.068417,0.924106,0.69591,0.314735,0.568256,0.389566,0.793812,0.532844,0.416404,0.065583;39@0.693019,0.666608,0.442586,0.70379,0.11141,0.444594,0.834853,0.912035,0.616795;88@0.395013,0.405944,0.855568,0.306223,0.377411,0.269299,0.115347;30@0.290158,0.965057,0.456385,0.116106,0.391229,0.101835,0.898968,0.834375,0.212139,0.648855|1|1762487393
I20251108 00:02:58.848334 139717798590272 data_text_parser.cc:116] beg_pos: 13806,end_pos: 16010
I20251108 00:02:58.848346 139717798590272 data_text_parser.cc:59] line: 414|143|1720@3543322083:0.965137;1185@3373704199:0.699724;1587@54561112:0.601509;1048@888074605:0.789596;1413@1748352120:0.636158;1472@1382258947:0.386309;1861@1321049610:0.701567;1430@369057250:0.738553;1384@542824:0.46161;1829@197320242:0.243786;1635@3920569829:0.351515;1785@2266484916:0.167244;1712@2507841625:0.213744;1116@1456483812:0.557718;1010@888961146:0.210845;1371@3696271260:0.537774;1381@725352238:0.872398;1736@2086904208:0.369161;1206@262212798:0.615434;1202@2922799598:0.214497|67@0.319331,0.283113,0.239572,0.908266,0.690863,0.581899,0.467137,0.528958,0.09025,0.132326,0.460028;56@0.419408,0.93505,0.78938,0.335097,0.515529,0.619481,0.295483,0.877742,0.927131,0.359919,0.743388,0.771882;73@0.987748,0.888098;38@0.596916,0.281911,0.113003,0.072602,0.674385,0.050263,0.415726,0.176107,0.225327,0.165263;1@;14@0.478081,0.794046,0.410983,0.876393,0.896684,0.305882,0.520055,0.44751,0.197473;41@;32@0.620555,0.791398,0.258454,0.458975;70@0.808002,0.63228,0.770775,0.31942;43@0.432941,0.929326,0.67223,0.836328,0.434908,0.897135,0.812063,0.247963,0.245708,0.271388,0.371073;65@0.37791,0.354079,0.293511,0.327906;20@0.870578,0.427678,0.733274,0.800183;40@0.043091,0.839091,0.381646;100@0.817649;37@0.76276,0.581291,0.030335,0.756705,0.057342,0.682284,0.622807,0.130517,0.570058,0.853799,0.122201,0.475701,0.91397;27@0.630572,0.223271,0.287822,0.424259,0.161551,0.083575,0.086996;92@0.744,0.672534,0.288779,0.764822,0.017172;10@0.364661,0.384968,0.605264,0.325394,0.174182,0.915496,0.198427,0.325536,0.224241,0.255359,0.841353,0.630623;75@0.057953,0.823849,0.013545,0.87494,0.548888,0.980538,0.057668,0.033622,0.391966,0.232741;84@0.3126,0.001643,0.323075,0.76559,0.069657,0.966959,0.293197,0.974106,0.236254,0.849481,0.654423;82@0.199189;47@0.262906,0.911284,0.990875,0.481916,0.804748,0.646566,0.087848,0.67346,0.187801,0.059945,0.953688;9@0.734666,0.619186,0.826485,0.617084,0.00716,0.944282,0.350395,0.301155,0.709346,0.753907,0.385921;39@0.019669,0.161864,0.669889,0.574258,0.789384,0.204744,0.867024,0.488342,0.909943;88@0.274888,0.407811,0.606056,0.141924,0.920152,0.545825,0.997057;30@0.215043,0.376994,0.623718,0.368439,0.864527,0.469803,0.68152,0.060197,0.729443,0.825625|0|1762487393
I20251108 00:02:58.848389 139717798590272 data_text_parser.cc:116] beg_pos: 16011,end_pos: 18225
I20251108 00:02:58.848402 139717798590272 data_text_parser.cc:59] line: 415|440|1720@1421602121:0.488051;1185@2632838782:0.052254;1587@672033018:0.214133;1048@800551834:0.787226;1413@2766749115:0.551927;1472@4227148503:0.875743;1861@3992361065:0.056821;1430@1169709165:0.92371;1384@912544562:0.47793;1829@2837633239:0.414387;1635@2935402533:0.957306;1785@3727071680:0.587282;1712@1070352739:0.082392;1116@2093314252:0.949586;1010@636351568:0.478304;1371@2859973356:0.573537;1381@311208663:0.601105;1736@891071027:0.488352;1206@2135516762:0.736465;1202@1525198670:0.50463|67@0.184894,0.972641,0.729351,0.969122,0.869095,0.887667,0.461091,0.724805,0.431186,0.663594,0.91837;56@0.327836,0.61306,0.754705,0.086071,0.578853,0.926289,0.637507,0.522629,0.889609,0.095309,0.369489,0.53443;73@0.847682,0.462035;38@0.384234,0.331764,0.315795,0.107141,0.440786,0.8978,0.244878,0.945847,0.799129,0.944636;1@;14@0.273539,0.277782,0.168125,0.581905,0.370595,0.760811,0.484728,0.165164,0.065902;41@;32@0.566878,0.3782,0.686573,0.658743;70@0.998365,0.524026,0.297906,0.028686;43@0.742247,0.682433,0.616562,0.303278,0.598281,0.503883,0.356267,0.173402,0.249055,0.457886,0.301276;65@0.914051,0.093124,0.494813,0.786902;20@0.21049,0.339502,0.788818,0.291286;40@0.959773,0.496408,0.219178;100@0.042497;37@0.171312,0.880891,0.041374,0.944513,0.214232,0.979767,0.927981,0.536896,0.794176,0.600999,0.167297,0.0112,0.333725;27@0.169335,0.164607,0.844023,0.004695,0.096758,0.861927,0.780848;92@0.035712,0.077151,0.667282,0.620974,0.802091;10@0.960961,0.035218,0.724232,0.148657,0.294427,0.559007,0.342232,0.855024,0.067878,0.821569,0.368111,0.40886;75@0.055444,0.844544,0.463033,0.666384,0.548606,0.996485,0.791521,0.274509,0.294851,0.416826;84@0.915014,0.799107,0.325195,0.566526,0.741484,0.131936,0.269146,0.580845,0.232123,0.762488,0.338411;82@0.103823;47@0.802357,0.890438,0.702712,0.275428,0.987801,0.138253,0.436939,0.585212,0.73581,0.568658,0.912413;9@0.244898,0.376009,0.491786,0.165088,0.271641,0.198747,0.654349,0.415531,0.774073,0.094423,0.290659;39@0.371773,0.006375,0.499227,0.638499,0.560393,0.950809,0.57653,0.954884,0.169098;88@0.475052,0.48852,0.029388,0.520648,0.598468,0.093359,0.845129;30@0.063336,0.202696,0.407497,0.395091,0.033268,0.520049,0.640767,0.281941,0.326093,0.736449|1|1762487393
I20251108 00:02:58.848433 139717798590272 data_text_parser.cc:116] beg_pos: 18226,end_pos: 20440
I20251108 00:02:58.848446 139717798590272 data_text_parser.cc:59] line: 416|586|1720@3537594180:0.81109;1185@2290379366:0.045306;1587@3993984502:0.118379;1048@3893349523:0.989401;1413@306152466:0.42178;1472@1298125936:0.822779;1861@1458727347:0.425449;1430@1066815972:0.370234;1384@1685281678:0.254351;1829@1320657907:0.195361;1635@3283646335:0.197846;1785@1873815901:0.391865;1712@2630660166:0.697772;1116@2331384361:0.025394;1010@3533594779:0.542433;1371@3266187023:0.795103;1381@2870048166:0.542334;1736@198339635:0.588689;1206@1062701749:0.334111;1202@565365676:0.782487|67@0.613206,0.011713,0.824319,0.776892,0.274717,0.765967,0.161283,0.495117,0.679252,0.226163,0.848643;56@0.548607,0.776681,0.850558,0.195969,0.424222,0.668613,0.699515,0.881151,0.304763,0.309476,0.85853,0.963386;73@0.893867,0.044336;38@0.898567,0.875905,0.183943,0.675784,0.495256,0.897185,0.12055,0.927787,0.289882,0.358498;1@;14@0.497397,0.220519,0.510066,0.242805,0.846317,0.182374,0.663224,0.429176,0.497241;41@;32@0.258773,0.46923,0.115368,0.691709;70@0.473239,0.643499,0.771257,0.875374;43@0.935741,0.086345,0.203673,0.340256,0.222462,0.96279,0.66095,0.243552,0.284325,0.465883,0.144911;65@0.968514,0.369987,0.412808,0.919517;20@0.104681,0.41451,0.13353,0.571906;40@0.698771,0.834171,0.73438;100@0.757319;37@0.088804,0.702662,0.230798,0.846746,0.031451,0.609849,0.80656,0.733968,0.19313,0.441638,0.875788,0.8198,0.038832;27@0.188712,0.999424,0.346961,0.995353,0.499336,0.896302,0.519595;92@0.182936,0.45828,0.141215,0.228205,0.171595;10@0.038146,0.059281,0.910717,0.553479,0.640773,0.016846,0.216849,0.563591,0.499962,0.452582,0.80707,0.757876;75@0.513179,0.308551,0.268158,0.933576,0.487135,0.385167,0.486881,0.298191,0.96752,0.990562;84@0.307871,0.002358,0.123502,0.173444,0.998951,0.758751,0.517438,0.722306,0.549183,0.139939,0.748605;82@0.843144;47@0.170878,0.428521,0.467522,0.411992,0.935992,0.571903,0.486805,0.495896,0.28223,0.898404,0.196381;9@0.455011,0.706043,0.147418,0.520952,0.214003,0.329272,0.551317,0.769036,0.270164,0.083136,0.99035;39@0.727689,0.262738,0.381571,0.436013,0.594704,0.552326,0.776563,0.653263,0.681406;88@0.153598,0.47642,0.551436,0.486467,0.213665,0.028116,0.695045;30@0.652873,0.532673,0.498928,0.635308,0.198096,0.984138,0.169542,0.065862,0.355855,0.042232|0|1762487393
I20251108 00:02:58.848476 139717798590272 data_text_parser.cc:116] beg_pos: 20441,end_pos: 20480
I20251108 00:02:58.848750 139717798590272 data_text_parser.cc:101] get chunk buffer, size: 20480
I20251108 00:02:58.848782 139717798590272 data_text_parser.cc:116] beg_pos: 0,end_pos: 2182
I20251108 00:02:58.848791 139717798590272 data_text_parser.cc:61] buffer line: 417|683|1720@2782358025:0.470165;1185@1295952612:0.699938;1587@1498296671:0.054224;1048@3408261475:0.499894;1413@3756642271:0.475341;1472@4086771898:0.221632;1861@1318497215:0.661957;1430@1948550055:0.637813;1384@4206149513:0.267884;1829@1683767367:0.593501;1635@768148391:0.446019;1785@3280494417:0.837112;1712@3930257456:0.902833;1116@325459237:0.824433;1010@1022231927:0.005618;1371@742246423:0.317971;1381@2366445878:0.66346;1736@3561524604:0.648767;1206@500371833:0.270284;1202@385542876:0.67482|67@0.797288,0.704026,0.273718,0.884021,0.24099,0.834626,0.957845,0.227535,0.118231,0.745387,0.434772;56@0.347719,0.334799,0.939242,0.978491,0.490463,0.129664,0.840896,0.392951,0.795646,0.524744,0.776518,0.834285;73@0.134886,0.061001;38@0.141237,0.087371,0.711466,0.235763,0.443203,0.385668,0.327413,0.556194,0.807085,0.912849;1@;14@0.044097,0.052407,0.064336,0.790784,0.137533,0.051645,0.466123,0.113355,0.028653;41@;32@0.099538,0.709303,0.147648,0.071765;70@0.42792,0.701671,0.567055,0.889137;43@0.991198,0.572198,0.591628,0.784101,0.852799,0.507724,0.054461,0.661448,0.288741,0.006353,0.957313;65@0.081508,0.867109,0.392754,0.667964;20@0.735475,0.529333,0.574528,0.127131;40@0.870984,0.755346,0.637168;100@0.633289;37@0.716324,0.252702,0.261392,0.63414,0.105531,0.506223,0.077868,0.967322,0.926461,0.429446,0.269569,0.083312,0.954358;27@0.748087,0.567896,0.8072,0.147768,0.987665,0.259656,0.998405;92@0.860596,0.540508,0.228874,0.475438,0.380274;10@0.710651,0.576225,0.540532,0.785217,0.997237,0.953634,0.189156,0.878379,0.133233,0.731567,0.352005,0.825978;75@0.368526,0.581161,0.180826,0.540948,0.476373,0.889738,0.844715,0.559775,0.061735,0.698781;84@0.419838,0.367275,0.08728,0.337393,0.594275,0.696997,0.899952,0.094798,0.658011,0.520699,0.241131;82@0.775151;47@0.557141,0.562148,0.40407,0.450072,0.286046,0.488834,0.681211,0.734052,0.579327,0.398489,0.462047;9@0.440326,0.780959,0.997652,0.869872,0.95144,0.403842,0.593278,0.056606,0.557496,0.203148,0.527611;39@0.346227,0.763765,0.750941,0.112772,0.104611,0.813688,0.923885,0.823976,0.739234;88@0.774046,0.224464,0.01276,0.972868,0.106337,0.562489,0.108583;30@0.643977,0.446037,0.370821,0.947782,0.454082,0.201169,0.066987,0.218085,0.943815,0.215946|1|1762487393
I20251108 00:02:58.848825 139717798590272 data_text_parser.cc:116] beg_pos: 2183,end_pos: 4397
I20251108 00:02:58.848840 139717798590272 data_text_parser.cc:59] line: 418|728|1720@2381206007:0.455922;1185@2804551122:0.006986;1587@3193878650:0.236579;1048@1153104004:0.27184;1413@957167224:0.664506;1472@3082500547:0.403975;1861@1458287381:0.169128;1430@3437335420:0.204065;1384@2898331582:0.306663;1829@4056610841:0.893553;1635@3254963123:0.903256;1785@2656686622:0.633726;1712@2482653570:0.091495;1116@3200996867:0.416129;1010@918978543:0.201659;1371@3028757709:0.111061;1381@731709840:0.63655;1736@2232677777:0.692235;1206@366402860:0.211361;1202@3312455005:0.835831|67@0.575823,0.054089,0.164326,0.935419,0.316603,0.439652,0.721507,0.311743,0.553013,0.720725,0.987166;56@0.797289,0.158778,0.063884,0.366916,0.761553,0.150023,0.840211,0.940622,0.232324,0.826949,0.146718,0.811249;73@0.05432,0.320641;38@0.617829,0.228305,0.50142,0.867801,0.677887,0.142468,0.743162,0.363744,0.111461,0.098276;1@;14@0.688952,0.459614,0.281166,0.938714,0.50198,0.636261,0.812904,0.083633,0.963987;41@;32@0.510782,0.385788,0.322294,0.75891;70@0.488221,0.407414,0.027752,0.071606;43@0.418735,0.330194,0.095605,0.255363,0.556134,0.087799,0.805732,0.230716,0.273205,0.219359,0.127218;65@0.877454,0.473829,0.122612,0.240398;20@0.130897,0.487351,0.058971,0.644584;40@0.963686,0.05844,0.030876;100@0.760123;37@0.600016,0.933632,0.855578,0.580361,0.420992,0.292399,0.212622,0.19194,0.634831,0.72069,0.735146,0.725445,0.780216;27@0.453653,0.455199,0.759027,0.999144,0.026648,0.446086,0.425498;92@0.248725,0.575717,0.770411,0.175157,0.548567;10@0.532951,0.029087,0.326565,0.700851,0.66419,0.532434,0.516586,0.27767,0.381362,0.163292,0.375346,0.009065;75@0.21601,0.388113,0.293721,0.064467,0.025378,0.683153,0.716566,0.810339,0.350838,0.815774;84@0.152377,0.449728,0.579068,0.109708,0.435461,0.365346,0.343294,0.656538,0.40994,0.115468,0.108963;82@0.143494;47@0.377977,0.407989,0.677389,0.392979,0.771539,0.212725,0.114499,0.627401,0.758964,0.974763,0.5511;9@0.559481,0.588339,0.049094,0.874709,0.550037,0.714549,0.09958,0.606162,0.563473,0.252899,0.289613;39@0.539587,0.304357,0.208403,0.331572,0.46363,0.626657,0.472769,0.283178,0.471568;88@0.370763,0.729244,0.054294,0.078344,0.561089,0.03506,0.934114;30@0.821545,0.974771,0.211124,0.261651,0.795953,0.216523,0.389461,0.837474,0.00952,0.352053|1|1762487393
I20251108 00:02:58.848884 139717798590272 data_text_parser.cc:116] beg_pos: 4398,end_pos: 6603
I20251108 00:02:58.848896 139717798590272 data_text_parser.cc:59] line: 419|421|1720@3813770909:0.476787;1185@2785166368:0.944729;1587@3377668528:0.847436;1048@231301110:0.176933;1413@883950721:0.214257;1472@177868398:0.228904;1861@3975458502:0.118534;1430@1226877776:0.064289;1384@3711421582:0.709301;1829@4091378266:0.73892;1635@2658882698:0.065638;1785@4045640175:0.402159;1712@641749679:0.09874;1116@392041706:0.414609;1010@1505600909:0.736133;1371@1173196056:0.691713;1381@2459477976:0.923405;1736@2220705378:0.084706;1206@66031209:0.65299;1202@2469015973:0.440367|67@0.100572,0.215522,0.878845,0.510571,0.672162,0.43071,0.643908,0.028184,0.432113,0.15322,0.138838;56@0.478553,0.358694,0.018967,0.639511,0.200935,0.981026,0.006319,0.246865,0.557207,0.931632,0.956384,0.608179;73@0.334278,0.912495;38@0.960639,0.26747,0.787502,0.965604,0.834559,0.450697,0.592999,0.713089,0.628993,0.614498;1@;14@0.443412,0.778422,0.903277,0.463308,0.748638,0.370593,0.490809,0.669598,0.784147;41@;32@0.19945,0.623372,0.173642,0.269035;70@0.85904,0.557277,0.907664,0.305469;43@0.087808,0.351147,0.012455,0.529033,0.24996,0.256209,0.759779,0.688962,0.579185,0.812973,0.106203;65@0.763792,0.738087,0.795946,0.610244;20@0.851097,0.944197,0.206471,0.538853;40@0.052296,0.483605,0.704291;100@0.379549;37@0.842944,0.032367,0.600922,0.169343,0.587552,0.490947,0.99313,0.894733,0.749535,0.744095,0.263449,0.546363,0.083021;27@0.415956,0.458843,0.072688,0.114696,0.530056,0.880748,0.328232;92@0.608441,0.628992,0.493793,0.366518,0.755106;10@0.165848,0.840125,0.867168,0.44204,0.022683,0.675575,0.862505,0.672686,0.803341,0.310459,0.294905,0.306129;75@0.274887,0.034729,0.860957,0.303776,0.859491,0.890209,0.460923,0.016985,0.230585,0.355576;84@0.9654,0.584614,0.409135,0.993416,0.236882,0.683161,0.649882,0.703825,0.519509,0.712526,0.715503;82@0.788789;47@0.994604,0.984539,0.1855,0.582278,0.56598,0.094825,0.314258,0.900967,0.970999,0.916318,0.304923;9@0.830017,0.322774,0.85994,0.502927,0.066389,0.870409,0.827225,0.126498,0.803316,0.139295,0.998675;39@0.628709,0.809072,0.452781,0.6649,0.562123,0.30178,0.423079,0.19546,0.763494;88@0.993385,0.083618,0.090423,0.676802,0.96074,0.8407,0.295001;30@0.184895,0.692449,0.254789,0.798672,0.568809,0.573385,0.555901,0.37618,0.570383,0.153129|0|1762487393
I20251108 00:02:58.848932 139717798590272 data_text_parser.cc:116] beg_pos: 6604,end_pos: 8816
I20251108 00:02:58.848944 139717798590272 data_text_parser.cc:59] line: 420|536|1720@1013404981:0.011606;1185@2010399509:0.443133;1587@2673567161:0.158183;1048@4260961369:0.68952;1413@2065873079:0.056832;1472@4086780496:0.863502;1861@1721399037:0.317411;1430@42118080:0.353968;1384@2317187981:0.649359;1829@4219322257:0.300667;1635@539662221:0.956199;1785@3670300519:0.842507;1712@3369473933:0.212417;1116@854891484:0.74182;1010@456569471:0.907163;1371@511559778:0.546285;1381@271919198:0.659506;1736@1672110611:0.869438;1206@3514552028:0.15317;1202@215548124:0.220081|67@0.393342,0.204306,0.467816,0.888709,0.354409,0.414742,0.542464,0.674023,0.397231,0.745996,0.367914;56@0.999732,0.854993,0.159072,0.534433,0.750575,0.047872,0.933086,0.493678,0.753181,0.039311,0.046698,0.709717;73@0.495216,0.594255;38@0.371932,0.574261,0.986122,0.344855,0.492502,0.722607,0.462222,0.94241,0.065852,0.166841;1@;14@0.65774,0.931357,0.74763,0.513273,0.064586,0.477585,0.308532,0.575459,0.440254;41@;32@0.318354,0.345876,0.537386,0.493742;70@0.011391,0.154348,0.337724,0.42084;43@0.555371,0.172808,0.029872,0.902304,0.502185,0.546971,0.515245,0.772724,0.338053,0.403604,0.522713;65@0.199564,0.928568,0.360338,0.654922;20@0.977962,0.500832,0.39861,0.733978;40@0.375728,0.010385,0.119044;100@0.572673;37@0.068367,0.166465,0.668296,0.930585,0.916991,0.52135,0.892131,0.420213,0.797775,0.521286,0.475135,0.647441,0.512255;27@0.420684,0.450243,0.143427,0.365232,0.936911,0.963803,0.811284;92@0.662629,0.494392,0.469542,0.034634,0.830059;10@0.244755,0.570793,0.909339,0.530798,0.273723,0.892879,0.120174,0.410823,0.328742,0.825184,0.325092,0.648929;75@0.399215,0.936963,0.071157,0.262703,0.995716,0.613281,0.956257,0.126087,0.512498,0.228254;84@0.49682,0.939252,0.664721,0.131153,0.432455,0.061471,0.293598,0.586493,0.453531,0.779095,0.7246;82@0.771836;47@0.620947,0.031879,0.345765,0.835462,0.423471,0.33538,0.682587,0.511987,0.330507,0.260179,0.444373;9@0.794346,0.654409,0.674024,0.2567,0.401785,0.502631,0.599717,0.975295,0.861555,0.824473,0.954853;39@0.019302,0.656396,0.932792,0.152962,0.062818,0.633635,0.650364,0.11818,0.73055;88@0.610324,0.026179,0.407838,0.642246,0.879486,0.211175,0.951567;30@0.646657,0.923465,0.365551,0.216577,0.239348,0.997424,0.041396,0.301603,0.083257,0.056012|0|1762487393
I20251108 00:02:58.848982 139717798590272 data_text_parser.cc:116] beg_pos: 8817,end_pos: 11023
I20251108 00:02:58.848995 139717798590272 data_text_parser.cc:59] line: 421|195|1720@2463841206:0.473512;1185@830474005:0.594032;1587@2737675823:0.198507;1048@1487201724:0.355482;1413@2849266499:0.281744;1472@638308969:0.135724;1861@2525620547:0.107632;1430@1091522922:0.505181;1384@3414684109:0.125886;1829@4058484307:0.851871;1635@2459477976:0.81835;1785@370771018:0.765007;1712@1779783029:0.288567;1116@2384037926:0.511599;1010@69965188:0.431232;1371@3304666677:0.134372;1381@1046397545:0.029012;1736@2020563386:0.23384;1206@1042265997:0.271176;1202@2000349868:0.863657|67@0.865595,0.06317,0.633612,0.843145,0.48883,0.169172,0.694973,0.858867,0.81396,0.46869,0.172822;56@0.202587,0.02729,0.557718,0.358285,0.750176,0.420298,0.484633,0.400424,0.60585,0.91605,0.183801,0.216714;73@0.257891,0.194435;38@0.146438,0.756832,0.930934,0.367731,0.005418,0.984087,0.913163,0.800706,0.931139,0.151834;1@;14@0.62887,0.29268,0.343054,0.838635,0.702388,0.243774,0.826136,0.168358,0.406284;41@;32@0.498981,0.480836,0.405977,0.352119;70@0.014794,0.527281,0.160457,0.710192;43@0.965061,0.854541,0.636441,0.402235,0.419679,0.987197,0.610116,0.983709,0.129298,0.423485,0.314379;65@0.926198,0.147304,0.315483,0.588556;20@0.084237,0.390824,0.050426,0.817181;40@0.606598,0.964335,0.459476;100@0.650523;37@0.331847,0.128865,0.099779,0.235065,0.726243,0.690932,0.514253,0.019632,0.006422,0.163717,0.233432,0.921104,0.47206;27@0.922491,0.135226,0.162678,0.243049,0.736908,0.552211,0.622084;92@0.2266,0.040853,0.248527,0.666122,0.391092;10@0.014698,0.122855,0.077468,0.863961,0.864672,0.052061,0.806412,0.539436,0.430122,0.836698,0.041257,0.992;75@0.109527,0.968066,0.675721,0.465858,0.028101,0.963204,0.896339,0.434141,0.313287,0.322506;84@0.869543,0.723969,0.17765,0.60407,0.928314,0.514375,0.352063,0.023096,0.071946,0.211463,0.072192;82@0.909242;47@0.435585,0.680218,0.91423,0.07142,0.857308,0.636944,0.070402,0.230313,0.492745,0.18955,0.309833;9@0.752114,0.870291,0.130177,0.353166,0.761812,0.999821,0.506634,0.027163,0.801162,0.976929,0.324898;39@0.435927,0.057431,0.70508,0.733508,0.476015,0.634873,0.721971,0.339917,0.227509;88@0.959182,0.116062,0.507688,0.919809,0.56969,0.419403,0.387746;30@0.467322,0.571035,0.417814,0.81227,0.393336,0.817448,0.777873,0.991822,0.495617,0.25031|0|1762487393
I20251108 00:02:58.849030 139717798590272 data_text_parser.cc:116] beg_pos: 11024,end_pos: 13228
I20251108 00:02:58.849043 139717798590272 data_text_parser.cc:59] line: 422|103|1720@1736900598:0.049181;1185@1675311078:0.709198;1587@3197500637:0.429245;1048@3118692971:0.962557;1413@2708858734:0.697305;1472@4166464582:0.44921;1861@3083452023:0.218872;1430@3139759616:0.178787;1384@1340458115:0.554341;1829@1342924597:0.501561;1635@3077170496:0.839242;1785@4255858670:0.882777;1712@1788645682:0.645744;1116@2006615347:0.919039;1010@3612888877:0.729941;1371@237784065:0.368501;1381@2092233767:0.816022;1736@471676834:0.986491;1206@324608803:0.605955;1202@37207175:0.51726|67@0.328582,0.623485,0.286279,0.257803,0.718683,0.02214,0.939762,0.711549,0.579754,0.321467,0.200127;56@0.186504,0.14125,0.814126,0.99769,0.118737,0.079485,0.212656,0.004013,0.746028,0.518431,0.44468,0.379799;73@0.576541,0.208528;38@0.647449,0.118145,0.973355,0.01018,0.97793,0.593086,0.863333,0.854411,0.464423,0.684145;1@;14@0.804766,0.876843,0.264732,0.551061,0.989147,0.801524,0.266438,0.442446,0.657053;41@;32@0.52115,0.182825,0.087421,0.50866;70@0.656237,0.894433,0.81271,0.519795;43@0.00381,0.631646,0.227804,0.382507,0.784671,0.496685,0.816877,0.559789,0.344618,0.103996,0.546637;65@0.707656,0.471992,0.760367,0.296157;20@0.914582,0.139579,0.753916,0.910545;40@0.794032,0.722542,0.076217;100@0.662635;37@0.254785,0.409375,0.785344,0.859483,0.90576,0.638365,0.35769,0.939811,0.87333,0.796153,0.786369,0.005514,0.512883;27@0.633114,0.022968,0.428591,0.441854,0.69955,0.815996,0.679698;92@0.536811,0.143473,0.558804,0.011135,0.04427;10@0.599861,0.846094,0.8257,0.631054,0.80743,0.555277,0.209783,0.41056,0.45903,0.873583,0.924119,0.213361;75@0.458618,0.179026,0.809776,0.178626,0.047352,0.742379,0.026111,0.117796,0.270556,0.761258;84@0.74224,0.756531,0.521334,0.772694,0.894159,0.743393,0.621292,0.191816,0.570845,0.554092,0.101981;82@0.203973;47@0.469425,0.227683,0.114515,0.988526,0.272768,0.447132,0.307401,0.144164,0.728848,0.362536,0.637301;9@0.672236,0.751753,0.383849,0.116261,0.613099,0.525758,0.253987,0.246775,0.775138,0.738689,0.362256;39@0.404,0.383479,0.996791,0.261948,0.708685,0.44562,0.118431,0.534292,0.646186;88@0.831752,0.310355,0.405497,0.200334,0.895665,0.863104,0.030703;30@0.976867,0.39746,0.447008,0.630735,0.654828,0.082835,0.643228,0.276929,0.900791,0.285176|1|1762487393
I20251108 00:02:58.849080 139717798590272 data_text_parser.cc:116] beg_pos: 13229,end_pos: 15441
I20251108 00:02:58.849093 139717798590272 data_text_parser.cc:59] line: 423|24|1720@2075323226:0.169124;1185@3152333546:0.608146;1587@1239923987:0.636232;1048@3899659834:0.567746;1413@1821887720:0.433318;1472@1251511871:0.261982;1861@1699297296:0.571861;1430@3678425632:0.751108;1384@853775806:0.366117;1829@2673567161:0.158785;1635@82086275:0.465642;1785@317921590:0.088622;1712@2403028260:0.184219;1116@1657398930:0.316441;1010@4099340999:0.72625;1371@1398255586:0.851719;1381@1807449625:0.069407;1736@2657631841:0.415874;1206@3334812560:0.512263;1202@2121859536:0.226916|67@0.934516,0.529112,0.808523,0.234854,0.196459,0.525213,0.548976,0.606208,0.65737,0.571411,0.968713;56@0.763661,0.37131,0.81339,0.791337,0.066185,0.719326,0.894395,0.372909,0.368651,0.493776,0.983532,0.890625;73@0.248431,0.677172;38@0.310686,0.506398,0.385628,0.827392,0.416846,0.400015,0.084213,0.675955,0.61652,0.071096;1@;14@0.724984,0.736951,0.146444,0.629843,0.183192,0.720956,0.079184,0.178271,0.087727;41@;32@0.346839,0.858717,0.109736,0.174581;70@0.837215,0.398025,0.008282,0.340393;43@0.312148,0.050404,0.284459,0.650503,0.713132,0.879487,0.969697,0.959045,0.759811,0.977839,0.856258;65@0.78517,0.180035,0.454519,0.770038;20@0.000367,0.384318,0.758575,0.799115;40@0.508398,0.426711,0.228027;100@0.22453;37@0.396346,0.533564,0.951439,0.836778,0.671744,0.598421,0.404333,0.729198,0.971962,0.513851,0.73032,0.802443,0.254791;27@0.090871,0.557024,0.958502,0.886984,0.218949,0.846605,0.07233;92@0.283098,0.607412,0.882133,0.015469,0.25211;10@0.910929,0.510154,0.819859,0.906237,0.94319,0.639784,0.704042,0.131877,0.817677,0.416543,0.929668,0.101474;75@0.303888,0.978394,0.085911,0.570673,0.915321,0.271031,0.225548,0.189377,0.580305,0.965262;84@0.858823,0.487611,0.77927,0.577094,0.761132,0.99609,0.961423,0.820635,0.124276,0.254706,0.504671;82@0.570861;47@0.586546,0.675152,0.048237,0.782865,0.734985,0.29585,0.524755,0.650355,0.862081,0.342451,0.597394;9@0.726532,0.559061,0.2901,0.510654,0.466139,0.710878,0.248476,0.185776,0.912778,0.323745,0.822394;39@0.126467,0.764305,0.52836,0.893108,0.140361,0.59311,0.803534,0.490561,0.84875;88@0.120106,0.813042,0.716882,0.167376,0.317949,0.548937,0.286004;30@0.33428,0.219941,0.895468,0.135536,0.932837,0.527468,0.022935,0.785208,0.350834,0.525191|1|1762487393
I20251108 00:02:58.849134 139717798590272 data_text_parser.cc:116] beg_pos: 15442,end_pos: 17656
I20251108 00:02:58.849147 139717798590272 data_text_parser.cc:59] line: 424|323|1720@2100683061:0.460623;1185@222964778:0.858713;1587@3964394281:0.655945;1048@3016019350:0.797611;1413@1096635575:0.442492;1472@1672182424:0.314869;1861@3187633066:0.048549;1430@4232173725:0.34813;1384@1199511226:0.675794;1829@993220958:0.444747;1635@2140641353:0.552299;1785@1809161210:0.456247;1712@1761677650:0.538689;1116@3917109865:0.960346;1010@2952684166:0.882637;1371@2361622413:0.860827;1381@1541879841:0.618746;1736@1883341548:0.585839;1206@1403179785:0.310636;1202@167596886:0.43312|67@0.654738,0.055887,0.133084,0.387988,0.118349,0.811682,0.43521,0.095071,0.592599,0.953645,0.125473;56@0.847569,0.566464,0.896346,0.239293,0.763153,0.530465,0.571434,0.772869,0.572309,0.777927,0.076669,0.31089;73@0.804901,0.150905;38@0.94152,0.578555,0.775273,0.312621,0.284713,0.297362,0.635659,0.913532,0.905294,0.668946;1@;14@0.286154,0.533887,0.214056,0.668855,0.497386,0.575009,0.391372,0.347797,0.795398;41@;32@0.902787,0.519876,0.49837,0.760144;70@0.547512,0.097651,0.642214,0.45575;43@0.822331,0.14368,0.370889,0.374394,0.218719,0.891056,0.325481,0.901641,0.591256,0.775077,0.528623;65@0.097427,0.35809,0.043287,0.417551;20@0.150483,0.262116,0.791372,0.407276;40@0.06228,0.672404,0.935133;100@0.905822;37@0.770801,0.272165,0.180464,0.072558,0.209961,0.962658,0.863588,0.256819,0.999285,0.922581,0.069928,0.949192,0.521125;27@0.750942,0.763759,0.11899,0.998716,0.571957,0.153984,0.325058;92@0.230657,0.789511,0.67456,0.850174,0.124399;10@0.861482,0.908046,0.181422,0.091161,0.516717,0.066921,0.612861,0.178161,0.118618,0.427432,0.974724,0.557203;75@0.461381,0.762195,0.489893,0.4644,0.075489,0.60476,0.390954,0.08309,0.687753,0.277877;84@0.371921,0.129535,0.678028,0.103057,0.438999,0.744954,0.411703,0.657927,0.725458,0.984076,0.860646;82@0.057337;47@0.345606,0.157415,0.914936,0.664412,0.593177,0.011546,0.875718,0.84237,0.542525,0.504915,0.901524;9@0.974614,0.718681,0.224792,0.345194,0.075012,0.133422,0.198887,0.681387,0.582645,0.435189,0.206601;39@0.328655,0.962196,0.463557,0.527321,0.410446,0.174342,0.475971,0.759508,0.385848;88@0.052687,0.978417,0.266177,0.325503,0.721751,0.713133,0.984679;30@0.85348,0.568036,0.012102,0.15608,0.689862,0.67372,0.325293,0.781317,0.286016,0.165988|1|1762487393
I20251108 00:02:58.849178 139717798590272 data_text_parser.cc:116] beg_pos: 17657,end_pos: 19869
I20251108 00:02:58.849191 139717798590272 data_text_parser.cc:59] line: 425|238|1720@789907439:0.826111;1185@331785472:0.320745;1587@2790145676:0.71627;1048@1528831599:0.187394;1413@2055300698:0.974214;1472@745660987:0.855444;1861@3786461514:0.276844;1430@627904847:0.319758;1384@422813309:0.983739;1829@429281894:0.961648;1635@1825129707:0.184773;1785@1675147190:0.30199;1712@1260094769:0.26729;1116@3476598819:0.12534;1010@2522452330:0.397364;1371@2896153436:0.601418;1381@1270507282:0.130785;1736@19299557:0.206021;1206@2032414547:0.301253;1202@3553382650:0.469041|67@0.332523,0.02332,0.478417,0.142683,0.112017,0.166314,0.36086,0.889392,0.545198,0.466562,0.395701;56@0.442707,0.158516,0.085625,0.425606,0.784755,0.560634,0.603748,0.213447,0.905431,0.955047,0.562733,0.808599;73@0.201289,0.660681;38@0.929439,0.808134,0.309358,0.674373,0.281762,0.072256,0.167005,0.234421,0.329059,0.315866;1@;14@0.697145,0.39266,0.180319,0.923952,0.874049,0.377128,0.321814,0.058034,0.093956;41@;32@0.363784,0.612229,0.745303,0.793078;70@0.040725,0.664818,0.293971,0.6159;43@0.531229,0.354545,0.935909,0.51248,0.802054,0.353731,0.805331,0.848421,0.415845,0.454282,0.787875;65@0.620743,0.763628,0.493959,0.097051;20@0.86896,0.762256,0.063811,0.493817;40@0.201104,0.758225,0.720758;100@0.273079;37@0.216455,0.861545,0.071297,0.505168,0.815921,0.644502,0.907756,0.527755,0.261298,0.818948,0.654777,0.492976,0.117087;27@0.792186,0.955393,0.229915,0.178612,0.702562,0.112634,0.73077;92@0.280912,0.995449,0.673175,0.464694,0.30639;10@0.914622,0.678295,0.598992,0.724412,0.220638,0.137201,0.769858,0.242369,0.997974,0.562569,0.064045,0.834504;75@0.037204,0.044071,0.973959,0.089453,0.852429,0.519821,0.031218,0.397305,0.588791,0.057323;84@0.351617,0.109748,0.538336,0.748174,0.989707,0.062302,0.252342,0.851594,0.620035,0.621237,0.444202;82@0.598202;47@0.657184,0.895662,0.806622,0.632472,0.142603,0.958837,0.663189,0.140237,0.954691,0.351754,0.048929;9@0.785086,0.006428,0.108507,0.048958,0.244238,0.453834,0.790687,0.291782,0.067718,0.351489,0.304522;39@0.485579,0.914722,0.142313,0.235808,0.632938,0.226283,0.834449,0.821206,0.649937;88@0.940683,0.91931,0.164003,0.476317,0.551419,0.816094,0.769764;30@0.276726,0.708007,0.997854,0.22663,0.435817,0.538174,0.532602,0.319062,0.716324,0.9023|1|1762487393
I20251108 00:02:58.849220 139717798590272 data_text_parser.cc:116] beg_pos: 19870,end_pos: 20480
I20251108 00:02:58.849459 139717798590272 data_text_parser.cc:101] get chunk buffer, size: 20480
I20251108 00:02:58.849481 139717798590272 data_text_parser.cc:116] beg_pos: 0,end_pos: 1595
I20251108 00:02:58.849488 139717798590272 data_text_parser.cc:61] buffer line: 426|223|1720@4075808700:0.604036;1185@2372218094:0.739588;1587@20436865:0.143847;1048@1717788341:0.941022;1413@2207937337:0.094803;1472@1160076448:0.245207;1861@3031781188:0.751427;1430@3678425632:0.147409;1384@1194073357:0.126118;1829@2183158229:0.775686;1635@997214081:0.999837;1785@3277698123:0.28262;1712@6420574:0.61494;1116@102416968:0.616553;1010@781376349:0.298145;1371@2421231944:0.359087;1381@95584906:0.405089;1736@1206932278:0.747663;1206@3335940685:0.075139;1202@3555020984:0.249883|67@0.536409,0.478612,0.62646,0.786158,0.318804,0.398896,0.683113,0.778659,0.621695,0.40541,0.70184;56@0.845996,0.240306,0.55295,0.706676,0.817713,0.001112,0.209773,0.950287,0.126595,0.794251,0.120656,0.853667;73@0.80518,0.597938;38@0.113701,0.421958,0.289999,0.760564,0.629761,0.256387,0.771024,0.482764,0.650417,0.008269;1@;14@0.290298,0.817097,0.794167,0.935464,0.292265,0.777188,0.793652,0.361165,0.588413;41@;32@0.21577,0.700321,0.422868,0.830209;70@0.927378,0.90921,0.870045,0.441612;43@0.976549,0.217172,0.963944,0.051761,0.214763,0.936923,0.159911,0.408164,0.789434,0.890913,0.677903;65@0.122962,0.619023,0.343681,0.815898;20@0.923794,0.282205,0.070889,0.926469;40@0.876158,0.261279,0.698892;100@0.257802;37@0.030457,0.050851,0.997313,0.905816,0.298377,0.081886,0.264331,0.55732,0.557111,0.735691,0.734822,0.758346,0.898906;27@0.664878,0.234631,0.050375,0.442817,0.819072,0.357196,0.075429;92@0.431103,0.651539,0.338959,0.056314,0.050579;10@0.27833,0.141055,0.160723,0.701316,0.692373,0.838082,0.156149,0.517496,0.563188,0.548855,0.774673,0.0847;75@0.775821,0.112738,0.036726,0.526343,0.885313,0.386525,0.837727,0.726444,0.322593,0.258867;84@0.516741,0.519262,0.265933,0.923624,0.953792,0.881571,0.358747,0.429546,0.69259,0.760682,0.901866;82@0.29932;47@0.3931,0.872707,0.49605,0.862204,0.070257,0.530643,0.174204,0.534023,0.201216,0.70102,0.108037;9@0.629529,0.351667,0.663378,0.898416,0.690612,0.896767,0.223561,0.81037,0.018466,0.508791,0.205745;39@0.788053,0.588869,0.094063,0.446054,0.848312,0.172668,0.470726,0.264289,0.055019;88@0.969379,0.084093,0.597312,0.224237,0.411176,0.654898,0.955292;30@0.893098,0.649344,0.164345,0.37944,0.825853,0.229668,0.54522,0.137518,0.912844,0.613775|1|1762487393
I20251108 00:02:58.849526 139717798590272 data_text_parser.cc:116] beg_pos: 1596,end_pos: 3804
I20251108 00:02:58.849538 139717798590272 data_text_parser.cc:59] line: 427|593|1720@2311317088:0.897732;1185@3525502825:0.442299;1587@114581106:0.54175;1048@1761655651:0.649923;1413@2959063788:0.538641;1472@2248275918:0.191749;1861@1266299351:0.424587;1430@1646109686:0.986882;1384@1374432825:0.454945;1829@1481063566:0.126034;1635@1776355588:0.816495;1785@2822784586:0.367112;1712@324493630:0.40626;1116@4214931845:0.154496;1010@517228248:0.696649;1371@2153159974:0.151074;1381@3277753673:0.564139;1736@925947341:0.290933;1206@3913483117:0.608323;1202@683685028:0.143119|67@0.549636,0.389462,0.798819,0.650465,0.026588,0.069199,0.474315,0.049342,0.299396,0.982811,0.831596;56@0.660682,0.888217,0.921136,0.071465,0.910239,0.246739,0.210836,0.047132,0.196856,0.156481,0.140627,0.59831;73@0.76528,0.952706;38@0.615398,0.648082,0.902721,0.375885,0.239797,0.478354,0.527049,0.460267,0.552627,0.511677;1@;14@0.275539,0.096376,0.268722,0.049941,0.652533,0.580098,0.43688,0.539423,0.943757;41@;32@0.574737,0.554559,0.662256,0.57723;70@0.38,0.798078,0.488911,0.651204;43@0.437196,0.018993,0.743991,0.282597,0.768842,0.667769,0.468059,0.109187,0.265837,0.008905,0.138188;65@0.4302,0.009004,0.119113,0.158542;20@0.833461,0.299018,0.981557,0.551919;40@0.16155,0.41724,0.109126;100@0.249561;37@0.689714,0.33457,0.131207,0.459705,0.189979,0.932542,0.687748,0.477353,0.454895,0.949553,0.366535,0.899851,0.819542;27@0.754831,0.935074,0.351669,0.626185,0.079853,0.116583,0.39599;92@0.356839,0.990993,0.685932,0.420349,0.247071;10@0.881849,0.664875,0.368603,0.520203,0.060572,0.582835,0.643597,0.344754,0.477465,0.30012,0.440734,0.241119;75@0.858544,0.051336,0.855269,0.151248,0.978258,0.336535,0.837118,0.229826,0.072432,0.146277;84@0.975287,0.093418,0.850575,0.152455,0.353846,0.534626,0.795647,0.082734,0.729187,0.078261,0.179653;82@0.118633;47@0.876459,0.659294,0.409143,0.7493,0.498054,0.587986,0.188164,0.126809,0.671096,0.262999,0.982286;9@0.328519,0.129666,0.791918,0.093286,0.199471,0.634741,0.14192,0.005381,0.857328,0.60972,0.21992;39@0.038391,0.537745,0.034852,0.829587,0.570642,0.067195,0.009692,0.704324,0.359036;88@0.561375,0.686341,0.304857,0.361288,0.109925,0.359884,0.465284;30@0.178694,0.82783,0.742631,0.160563,0.087079,0.870293,0.81597,0.787903,0.100402,0.358055|0|1762487393
I20251108 00:02:58.849577 139717798590272 data_text_parser.cc:116] beg_pos: 3805,end_pos: 6013
I20251108 00:02:58.849589 139717798590272 data_text_parser.cc:59] line: 428|486|1720@1547618342:0.865505;1185@1031511448:0.124488;1587@741076129:0.573758;1048@1550199113:0.511715;1413@208645733:0.135967;1472@3507301829:0.893503;1861@510414908:0.141352;1430@1619517808:0.691221;1384@1931674825:0.145079;1829@2040949978:0.257781;1635@1072069479:0.142521;1785@2599328121:0.062269;1712@1736964204:0.82078;1116@3760014944:0.921437;1010@2182348995:0.974369;1371@4187267025:0.392467;1381@955343825:0.844379;1736@4207650500:0.982265;1206@3800534935:0.234779;1202@1789481928:0.76357|67@0.98073,0.025866,0.195521,0.625633,0.828009,0.97442,0.199381,0.26615,0.312573,0.706206,0.884405;56@0.642413,0.230886,0.660888,0.058753,0.173743,0.21356,0.205885,0.949131,0.994141,0.548131,0.588172,0.966124;73@0.515852,0.4819;38@0.199824,0.429341,0.881466,0.920878,0.465239,0.944004,0.140723,0.157641,0.24795,0.390417;1@;14@0.150671,0.481352,0.869064,0.127537,0.131698,0.063447,0.588128,0.136195,0.557744;41@;32@0.043237,0.568362,0.485814,0.945572;70@0.526771,0.049602,0.483122,0.140844;43@0.392098,0.252931,0.707843,0.264311,0.494876,0.689311,0.495558,0.185879,0.344066,0.295586,0.722458;65@0.366809,0.294505,0.856556,0.08922;20@0.798162,0.99105,0.643417,0.569868;40@0.389323,0.210242,0.848285;100@0.591285;37@0.105138,0.391419,0.24525,0.223556,0.959799,0.406048,0.629167,0.90199,0.348534,0.135576,0.800648,0.417893,0.403307;27@0.106922,0.899831,0.537493,0.043259,0.943448,0.795507,0.390879;92@0.683487,0.160938,0.716697,0.40247,0.347886;10@0.861093,0.609299,0.696023,0.401005,0.390245,0.895439,0.545721,0.329894,0.532324,0.711059,0.660234,0.899233;75@0.855919,0.820086,0.881263,0.877423,0.278905,0.140573,0.31943,0.197871,0.14803,0.672398;84@0.452197,0.525366,0.593229,0.654782,0.119179,0.494252,0.623654,0.464876,0.851961,0.602654,0.867238;82@0.256212;47@0.235177,0.004122,0.189421,0.316917,0.829408,0.41512,0.745733,0.747472,0.720033,0.052481,0.53568;9@0.479089,0.987156,0.28538,0.806194,0.643756,0.54924,0.458434,0.930616,0.399172,0.820982,0.317748;39@0.203615,0.250562,0.457281,0.17654,0.255069,0.401094,0.405449,0.612412,0.668706;88@0.885258,0.498552,0.384682,0.874746,0.35488,0.303632,0.151969;30@0.63806,0.081731,0.998944,0.69648,0.883031,0.45171,0.022865,0.938731,0.830145,0.217662|1|1762487393
I20251108 00:02:58.849630 139717798590272 data_text_parser.cc:116] beg_pos: 6014,end_pos: 8227
I20251108 00:02:58.849642 139717798590272 data_text_parser.cc:59] line: 429|167|1720@3134713009:0.490741;1185@4219322257:0.62643;1587@4184740771:0.930593;1048@1783098557:0.884454;1413@2505191092:0.864953;1472@424101003:0.004916;1861@1212332431:0.148027;1430@1896601057:0.907104;1384@619466390:0.2316;1829@3961237500:0.837987;1635@4082193699:0.484087;1785@1636140260:0.95574;1712@2751767900:0.499379;1116@4184740771:0.621593;1010@1493934509:0.208011;1371@2473684582:0.472459;1381@2742983946:0.072003;1736@1547541945:0.351108;1206@3077797942:0.150576;1202@2423908237:0.318061|67@0.866579,0.22597,0.8061,0.393173,0.015851,0.684172,0.006466,0.216754,0.684208,0.031657,0.275901;56@0.56378,0.787546,0.367033,0.596363,0.741226,0.737569,0.907458,0.772594,0.760155,0.586219,0.962305,0.574526;73@0.340655,0.079447;38@0.256447,0.927743,0.012255,0.118383,0.924794,0.409834,0.895077,0.991843,0.640833,0.396848;1@;14@0.933611,0.365459,0.317038,0.01377,0.304378,0.446121,0.996254,0.811951,0.571584;41@;32@0.565522,0.912579,0.106342,0.732972;70@0.201222,0.190878,0.106469,0.756596;43@0.188955,0.437536,0.191239,0.688699,0.32475,0.138314,0.823355,0.388876,0.459362,0.214385,0.606973;65@0.649827,0.014804,0.738057,0.215595;20@0.79171,0.493085,0.238158,0.855255;40@0.475283,0.009566,0.383914;100@0.10413;37@0.430308,0.253963,0.161727,0.933553,0.422758,0.756618,0.760379,0.70449,0.011315,0.338143,0.236261,0.695207,0.908712;27@0.98546,0.985426,0.84532,0.259212,0.569025,0.571116,0.306197;92@0.573333,0.048099,0.525183,0.480173,0.258053;10@0.872441,0.467084,0.913549,0.199707,0.436039,0.03745,0.322699,0.44994,0.594071,0.719768,0.53626,0.539294;75@0.534582,0.695863,0.664201,0.984517,0.58934,0.746825,0.942654,0.153575,0.704129,0.112116;84@0.551916,0.342747,0.336853,0.252853,0.582539,0.376811,0.851714,0.409258,0.566011,0.851155,0.586833;82@0.980919;47@0.359634,0.690048,0.1029,0.570922,0.982704,0.382852,0.678157,0.447007,0.628886,0.176563,0.114868;9@0.966243,0.422809,0.677527,0.526483,0.806292,0.824106,0.000262,0.961746,0.759161,0.015429,0.348097;39@0.509217,0.506458,0.736637,0.186621,0.313407,0.072983,0.881772,0.121469,0.724026;88@0.864602,0.27404,0.356678,0.705626,0.195223,0.051753,0.808953;30@0.291628,0.461759,0.075751,0.923159,0.213482,0.421114,0.208559,0.748424,0.313473,0.954648|1|1762487393
I20251108 00:02:58.849673 139717798590272 data_text_parser.cc:116] beg_pos: 8228,end_pos: 10445
I20251108 00:02:58.849686 139717798590272 data_text_parser.cc:59] line: 430|624|1720@3803615164:0.400877;1185@119318979:0.936453;1587@1217515532:0.378063;1048@1287683160:0.398494;1413@2048822463:0.600527;1472@2272846731:0.940408;1861@1202928902:0.264973;1430@414947958:0.943275;1384@1844267854:0.702048;1829@3344311389:0.771516;1635@3294303335:0.381427;1785@4102002181:0.082479;1712@4139344546:0.30035;1116@3287610264:0.573531;1010@2157480297:0.847467;1371@2656478616:0.362196;1381@3637756926:0.036814;1736@3964394281:0.19819;1206@232643970:0.659248;1202@3462403483:0.918638|67@0.364996,0.720075,0.378944,0.916002,0.521121,0.438524,0.746911,0.365634,0.806862,0.057056,0.564849;56@0.426279,0.332478,0.036547,0.041845,0.376532,0.384255,0.094058,0.197212,0.939427,0.658181,0.623905,0.023669;73@0.741081,0.765655;38@0.005091,0.866859,0.601368,0.722667,0.723578,0.608626,0.178353,0.387532,0.031953,0.461294;1@;14@0.882946,0.627136,0.907421,0.451988,0.111283,0.8828,0.824937,0.766753,0.439821;41@;32@0.533272,0.31959,0.280188,0.350183;70@0.125116,0.911584,0.918787,0.947177;43@0.401534,0.48074,0.205836,0.59909,0.660594,0.764967,0.27756,0.834183,0.882111,0.480608,0.071207;65@0.285446,0.547078,0.138502,0.379508;20@0.328566,0.757448,0.573609,0.039377;40@0.664317,0.123471,0.508122;100@0.858912;37@0.660954,0.639387,0.298518,0.223403,0.472969,0.104057,0.700896,0.415353,0.48084,0.890486,0.267418,0.44474,0.647461;27@0.939275,0.967983,0.762444,0.585943,0.319943,0.847673,0.791729;92@0.959275,0.213782,0.496348,0.490003,0.031456;10@0.592549,0.600938,0.323379,0.126671,0.778994,0.104207,0.224507,0.894806,0.379667,0.951157,0.911126,0.931189;75@0.642766,0.190464,0.015033,0.937101,0.983815,0.931013,0.039457,0.498743,0.475593,0.237483;84@0.268205,0.871213,0.994374,0.067953,0.231641,0.39225,0.568857,0.782719,0.863719,0.587741,0.562974;82@0.780168;47@0.657104,0.141152,0.877732,0.274249,0.097665,0.87694,0.591815,0.852474,0.860379,0.540481,0.395525;9@0.635456,0.566055,0.323841,0.461966,0.345969,0.493081,0.307459,0.920453,0.9455,0.882127,0.945775;39@0.724632,0.267933,0.959681,0.216114,0.83116,0.480288,0.370658,0.455511,0.919006;88@0.738467,0.875475,0.175164,0.814082,0.734272,0.078125,0.770326;30@0.719866,0.025072,0.284824,0.495542,0.640953,0.54955,0.08544,0.022143,0.224758,0.969326|1|1762487393
I20251108 00:02:58.849726 139717798590272 data_text_parser.cc:116] beg_pos: 10446,end_pos: 12649
I20251108 00:02:58.849738 139717798590272 data_text_parser.cc:59] line: 431|495|1720@764810500:0.809759;1185@2896486554:0.945891;1587@2969422019:0.56279;1048@364282433:0.757943;1413@3137158931:0.226688;1472@3533328590:0.822794;1861@286919781:0.998317;1430@331491703:0.655125;1384@1405838792:0.205294;1829@1865643856:0.621883;1635@2510833558:0.512198;1785@2049281228:0.942318;1712@2607821026:0.821209;1116@3175280446:0.052358;1010@3500814852:0.864361;1371@2030054196:0.538498;1381@4206227086:0.481528;1736@2581763891:0.993393;1206@380933613:0.550662;1202@478078395:0.258566|67@0.464686,0.906947,0.528362,0.519621,0.508414,0.427002,0.733968,0.114036,0.462735,0.716001,0.617934;56@0.800499,0.090417,0.857878,0.435053,0.9544,0.294341,0.067409,0.026263,0.513872,0.474465,0.564303,0.27997;73@0.996263,0.155582;38@0.625874,0.583118,0.028959,0.219429,0.302554,0.219186,0.118812,0.375664,0.110245,0.040234;1@;14@0.737774,0.119782,0.696155,0.783539,0.505638,0.925168,0.225843,0.401296,0.084645;41@;32@0.381443,0.034087,0.549293,0.94425;70@0.294319,0.983593,0.177861,0.548685;43@0.7212,0.333563,0.594929,0.739115,0.697235,0.551033,0.420909,0.853644,0.039347,0.052326,0.551477;65@0.830361,0.305254,0.220043,0.365398;20@0.814705,0.166628,0.597357,0.561256;40@0.868316,0.733723,0.182862;100@0.292209;37@0.321085,0.30304,0.91602,0.383189,0.836807,0.595821,0.125328,0.766066,0.711847,0.416723,0.880768,0.148732,0.728929;27@0.457664,0.610468,0.909877,0.185151,0.091248,0.869652,0.967491;92@0.471086,0.239245,0.89071,0.341228,0.12567;10@0.838108,0.323077,0.629356,0.295194,0.511708,0.836189,0.614676,0.237485,0.198356,0.185665,0.285175,0.287828;75@0.413994,0.96332,0.802965,0.103385,0.434615,0.565879,0.513468,0.800874,0.608016,0.984022;84@0.22687,0.580443,0.779009,0.3954,0.78312,0.573402,0.852923,0.1808,0.949039,0.736799,0.386664;82@0.722258;47@0.108353,0.254274,0.421576,0.509655,0.972018,0.061176,0.54035,0.826816,0.854453,0.645882,0.631912;9@0.082106,0.752569,0.344897,0.380137,0.905277,0.849528,0.456743,0.724011,0.300352,0.353721,0.719729;39@0.799907,0.537651,0.454344,0.1137,0.845374,0.419228,0.04448,0.965616,0.338511;88@0.387121,0.66975,0.324208,0.45213,0.822014,0.687214,0.94984;30@0.312941,0.874415,0.732563,0.130648,0.0395,0.508555,0.75774,0.610884,0.773306,0.788154|1|1762487393
I20251108 00:02:58.849773 139717798590272 data_text_parser.cc:116] beg_pos: 12650,end_pos: 14862
I20251108 00:02:58.849786 139717798590272 data_text_parser.cc:59] line: 432|807|1720@106042622:0.385758;1185@644531993:0.079158;1587@1169285223:0.928703;1048@1278493098:0.564288;1413@1624351355:0.888513;1472@1604628428:0.111126;1861@3531025936:0.922949;1430@1021273794:0.539562;1384@1225785340:0.037196;1829@2131824695:0.244448;1635@2265958120:0.11818;1785@2674915347:0.548336;1712@4130273505:0.052826;1116@1486628954:0.524461;1010@2131458195:0.244484;1371@1699297296:0.815754;1381@649382350:0.97483;1736@23926290:0.534711;1206@339028417:0.428515;1202@1787926797:0.810023|67@0.993904,0.923212,0.53184,0.754986,0.906129,0.749576,0.163254,0.31087,0.024393,0.446678,0.01427;56@0.683794,0.608452,0.834411,0.503938,0.638529,0.194884,0.374631,0.145276,0.234563,0.280254,0.963139,0.683046;73@0.687226,0.086253;38@0.058684,0.491163,0.440823,0.514016,0.251175,0.815527,0.316932,0.684346,0.919749,0.637994;1@;14@0.03246,0.186827,0.105418,0.921266,0.518586,0.637423,0.608965,0.036692,0.851757;41@;32@0.961309,0.260243,0.495729,0.262428;70@0.621939,0.235275,0.88049,0.487566;43@0.09021,0.756037,0.365736,0.667249,0.105418,0.006766,0.959194,0.208667,0.174576,0.27311,0.126569;65@0.596639,0.029459,0.314288,0.479253;20@0.952827,0.006469,0.340439,0.438295;40@0.333389,0.61538,0.496866;100@0.151103;37@0.832183,0.89226,0.327679,0.357184,0.898002,0.912339,0.289246,0.750684,0.259457,0.742813,0.56842,0.434937,0.261341;27@0.178572,0.225604,0.496517,0.821449,0.873727,0.317445,0.498586;92@0.191909,0.384065,0.347526,0.884173,0.564839;10@0.568348,0.999884,0.610394,0.017282,0.186399,0.364988,0.855375,0.099383,0.428779,0.960265,0.243452,0.502186;75@0.642633,0.978454,0.426695,0.620258,0.782692,0.277809,0.165308,0.8038,0.399976,0.988961;84@0.867825,0.591792,0.189921,0.506308,0.180201,0.588434,0.814901,0.288021,0.646444,0.273176,0.922125;82@0.388028;47@0.526204,0.031611,0.638955,0.70831,0.804907,0.460518,0.848595,0.052766,0.55942,0.55402,0.520807;9@0.877379,0.145574,0.267402,0.248618,0.858935,0.542161,0.441377,0.597043,0.560719,0.623558,0.932209;39@0.637639,0.511005,0.446558,0.6061,0.527572,0.993989,0.530186,0.616762,0.330414;88@0.939187,0.043668,0.608591,0.691258,0.924791,0.507535,0.156227;30@0.665521,0.473024,0.234525,0.458694,0.172528,0.286064,0.932432,0.612248,0.155152,0.725875|0|1762487393
I20251108 00:02:58.849823 139717798590272 data_text_parser.cc:116] beg_pos: 14863,end_pos: 17064
I20251108 00:02:58.849836 139717798590272 data_text_parser.cc:59] line: 433|153|1720@3024701017:0.91354;1185@3561524604:0.199332;1587@2015849408:0.487222;1048@1040124462:0.922878;1413@4018592703:0.937852;1472@161030575:0.62872;1861@1357170743:0.979509;1430@3006019610:0.681098;1384@3914481264:0.274981;1829@1871254737:0.254977;1635@3942192368:0.074555;1785@313400775:0.048268;1712@1551045109:0.2182;1116@3106847759:0.89668;1010@1202673537:0.187749;1371@3810217548:0.391665;1381@3812086297:0.977499;1736@1256004925:0.22701;1206@454247040:0.213001;1202@2190971169:0.588279|67@0.331677,0.231367,0.542392,0.234457,0.238589,0.521935,0.69467,0.80465,0.155975,0.404079,0.328132;56@0.760785,0.502441,0.723032,0.68362,0.646167,0.591818,0.691191,0.107812,0.695038,0.485624,0.449027,0.331287;73@0.233933,0.736394;38@0.421547,0.865622,0.285277,0.747145,0.770504,0.234096,0.188914,0.52397,0.637802,0.581112;1@;14@0.323972,0.568971,0.798082,0.791609,0.52666,0.990973,0.627845,0.534654,0.285256;41@;32@0.288731,0.647489,0.642313,0.785698;70@0.878977,0.404604,0.898652,0.896928;43@0.480142,0.023426,0.547838,0.866572,0.219053,0.136837,0.279226,0.53538,0.77737,0.650929,0.139831;65@0.803963,0.242954,0.039674,0.36711;20@0.515377,0.458472,0.9349,0.720034;40@0.52798,0.765763,0.730205;100@0.216277;37@0.527785,0.08358,0.098703,0.446771,0.76446,0.447998,0.42107,0.829832,0.247691,0.80862,0.019528,0.149073,0.212754;27@0.812195,0.576764,0.010412,0.539197,0.958605,0.366182,0.450112;92@0.907219,0.945972,0.991847,0.052173,0.179993;10@0.920613,0.882022,0.539909,0.269884,0.620217,0.427228,0.56946,0.063062,0.636655,0.74695,0.231402,0.330646;75@0.344483,0.166991,0.076549,0.379731,0.537407,0.839863,0.661348,0.250429,0.795467,0.383613;84@0.080141,0.773873,0.8044,0.837225,0.742672,0.943804,0.576488,0.923542,0.698197,0.53277,0.543658;82@0.758555;47@0.634233,0.55664,0.86409,0.921276,0.622987,0.333754,0.927038,0.784577,0.308584,0.529409,0.77129;9@0.411297,0.785581,0.620837,0.411371,0.314369,0.747303,0.379184,0.222351,0.081747,0.204083,0.39186;39@0.372711,0.684489,0.801653,0.844515,0.274345,0.8834,0.367734,0.221628,0.899599;88@0.523111,0.676813,0.291296,0.845722,0.006826,0.540414,0.656155;30@0.090299,0.293913,0.400775,0.658681,0.810023,0.663406,0.60711,0.506279,0.659635,0.664081|0|1762487393
I20251108 00:02:58.849871 139717798590272 data_text_parser.cc:116] beg_pos: 17065,end_pos: 19279
I20251108 00:02:58.849883 139717798590272 data_text_parser.cc:59] line: 434|377|1720@2887010498:0.250755;1185@324577220:0.415361;1587@2046281918:0.788434;1048@1222331059:0.533232;1413@1474195035:0.228864;1472@3455969066:0.238858;1861@1730417556:0.542675;1430@889931556:0.105591;1384@1801033723:0.536488;1829@1638802281:0.491939;1635@3703975696:0.696967;1785@4031300233:0.851897;1712@3060257633:0.416438;1116@4261390738:0.099573;1010@458820415:0.452235;1371@1366874077:0.454786;1381@4086771898:0.886243;1736@2664562505:0.639054;1206@1489111446:0.280325;1202@2557801713:0.679722|67@0.732547,0.131578,0.823942,0.083181,0.685941,0.51152,0.455472,0.284594,0.972401,0.04308,0.725748;56@0.520869,0.893722,0.415247,0.131836,0.046457,0.362484,0.111652,0.373974,0.768131,0.451752,0.683646,0.469372;73@0.61262,0.721585;38@0.010087,0.502689,0.8666,0.888474,0.264235,0.052288,0.161655,0.809015,0.20181,0.643473;1@;14@0.790466,0.419776,0.792553,0.715016,0.595632,0.017018,0.165504,0.84499,0.094984;41@;32@0.655386,0.797856,0.61247,0.439749;70@0.377837,0.681894,0.469681,0.717628;43@0.965523,0.368056,0.250591,0.021337,0.299589,0.483326,0.516643,0.402498,0.187422,0.78888,0.838942;65@0.879124,0.307124,0.066718,0.201913;20@0.637311,0.613214,0.417271,0.74123;40@0.340522,0.127927,0.910422;100@0.974437;37@0.967927,0.787152,0.607692,0.916359,0.277239,0.589521,0.268265,0.792602,0.618266,0.844599,0.592481,0.352611,0.739178;27@0.831145,0.962162,0.295872,0.360982,0.643523,0.087018,0.465273;92@0.371998,0.012971,0.41849,0.891312,0.87248;10@0.567516,0.167608,0.166719,0.800936,0.124099,0.358521,0.288966,0.241107,0.458901,0.196653,0.42628,0.996074;75@0.253966,0.356893,0.764567,0.571974,0.687185,0.733151,0.108103,0.997045,0.305141,0.286853;84@0.391901,0.649456,0.150984,0.623155,0.06057,0.563601,0.216281,0.979277,0.951505,0.493955,0.37045;82@0.34012;47@0.033489,0.22873,0.184429,0.635987,0.181375,0.956369,0.034788,0.940154,0.279251,0.416845,0.775012;9@0.737574,0.010008,0.490591,0.005301,0.526538,0.76991,0.888788,0.222435,0.677136,0.568426,0.352831;39@0.532843,0.317853,0.886728,0.160482,0.440505,0.309884,0.457251,0.220371,0.176384;88@0.946036,0.791251,0.301875,0.418492,0.51801,0.625513,0.743748;30@0.820175,0.895248,0.426487,0.526326,0.230767,0.210843,0.380882,0.405934,0.235371,0.01585|1|1762487393
I20251108 00:02:58.849914 139717798590272 data_text_parser.cc:116] beg_pos: 19280,end_pos: 20480
I20251108 00:02:58.850169 139717798590272 data_text_parser.cc:101] get chunk buffer, size: 20480
I20251108 00:02:58.850188 139717798590272 data_text_parser.cc:116] beg_pos: 0,end_pos: 1009
I20251108 00:02:58.850195 139717798590272 data_text_parser.cc:61] buffer line: 435|768|1720@4202446985:0.666657;1185@1238764179:0.774357;1587@1244243561:0.11741;1048@1246109349:0.568606;1413@555992638:0.07822;1472@777813184:0.004071;1861@1063863328:0.058267;1430@1495403344:0.044479;1384@2578211816:0.673446;1829@1268799641:0.504285;1635@2606474846:0.066823;1785@1196799256:0.208265;1712@2196570289:0.596349;1116@1413927612:0.815583;1010@2185957289:0.370249;1371@3878962830:0.164062;1381@1199462910:0.312634;1736@1938765739:0.892104;1206@3454631312:0.836752;1202@2664856062:0.339689|67@0.431168,0.502,0.373766,0.793429,0.734464,0.077911,0.046994,0.34089,0.639824,0.625459,0.846272;56@0.854282,0.015949,0.538906,0.554061,0.990872,0.162813,0.260784,0.349852,0.952027,0.201749,0.271639,0.850925;73@0.569698,0.031833;38@0.8794,0.782425,0.248347,0.572766,0.289708,0.218122,0.147205,0.073077,0.178117,0.122374;1@;14@0.622988,0.069127,0.408226,0.967698,0.866234,0.243248,0.675559,0.349918,0.631996;41@;32@0.586097,0.10002,0.98975,0.691618;70@0.13619,0.109381,0.771299,0.923429;43@0.002373,0.221582,0.050547,0.774446,0.748402,0.7846,0.287089,0.60347,0.287041,0.153293,0.79612;65@0.101043,0.390621,0.303655,0.331253;20@0.164421,0.72057,0.125254,0.363945;40@0.087672,0.554755,0.191791;100@0.250891;37@0.49481,0.847367,0.540625,0.469397,0.134303,0.93133,0.866051,0.894882,0.273474,0.198378,0.959974,0.726019,0.668203;27@0.101055,0.93097,0.944626,0.718807,0.827354,0.316344,0.909937;92@0.114629,0.644847,0.011913,0.517924,0.62853;10@0.369678,0.443893,0.088892,0.504454,0.76569,0.653312,0.43226,0.449561,0.371657,0.476228,0.119107,0.523866;75@0.569469,0.557488,0.228076,0.635073,0.565655,0.859378,0.970584,0.800548,0.34514,0.472025;84@0.287024,0.078768,0.577628,0.663227,0.501062,0.023668,0.389668,0.476131,0.837225,0.259782,0.576954;82@0.252755;47@0.431451,0.861613,0.506164,0.573814,0.104937,0.274401,0.572387,0.561648,0.476999,0.770571,0.408989;9@0.247778,0.17072,0.958174,0.149786,0.988583,0.426729,0.30367,0.120789,0.819272,0.252959,0.551572;39@0.819755,0.697838,0.418624,0.880697,0.808016,0.318531,0.627914,0.804294,0.545412;88@0.145901,0.711577,0.223303,0.436222,0.770452,0.470727,0.145538;30@0.474882,0.216072,0.097742,0.602619,0.101381,0.594072,0.084773,0.02095,0.137742,0.967455|0|1762487393
I20251108 00:02:58.850236 139717798590272 data_text_parser.cc:116] beg_pos: 1010,end_pos: 3220
I20251108 00:02:58.850249 139717798590272 data_text_parser.cc:59] line: 436|551|1720@3618160846:0.015699;1185@2153261123:0.197863;1587@2504512884:0.710982;1048@2826230999:0.820239;1413@2127133878:0.419272;1472@4027822449:0.162232;1861@2255077481:0.982779;1430@2840912794:0.599615;1384@3292947415:0.056275;1829@717409185:0.502202;1635@1394761749:0.592527;1785@1190953810:0.481151;1712@271646842:0.04176;1116@1943864354:0.588502;1010@867710320:0.620362;1371@738448402:0.692163;1381@452088436:0.67926;1736@2346223478:0.712784;1206@2910175579:0.274055;1202@4163171938:0.395065|67@0.447235,0.585298,0.622249,0.301118,0.000298,0.970434,0.646499,0.309115,0.876315,0.474596,0.444289;56@0.584692,0.366078,0.287021,0.985545,0.233952,0.819419,0.992597,0.200566,0.15221,0.17611,0.303036,0.707486;73@0.917344,0.784757;38@0.345978,0.568373,0.560328,0.381193,0.906938,0.643102,0.925556,0.68762,0.850806,0.788071;1@;14@0.984426,0.995028,0.315236,0.970763,0.030009,0.13203,0.677407,0.164893,0.052914;41@;32@0.531116,0.559867,0.353961,0.36091;70@0.117893,0.338755,0.865222,0.267426;43@0.683441,0.92917,0.505803,0.860362,0.344481,0.4692,0.137294,0.880911,0.618992,0.634771,0.411262;65@0.225395,0.353934,0.947216,0.800298;20@0.859279,0.002316,0.972101,0.902934;40@0.432673,0.211975,0.90727;100@0.699505;37@0.454177,0.587469,0.160839,0.649241,0.57794,0.865857,0.551082,0.556233,0.075545,0.474946,0.472129,0.303779,0.217515;27@0.851184,0.432716,0.431965,0.195978,0.304282,0.057112,0.805152;92@0.38883,0.758354,0.035817,0.789654,0.533466;10@0.361196,0.520276,0.078872,0.234889,0.114196,0.953516,0.883749,0.853389,0.694168,0.381357,0.082606,0.139029;75@0.367137,0.324,0.24105,0.528543,0.331695,0.698249,0.87279,0.374108,0.029021,0.339847;84@0.310864,0.287041,0.857378,0.521211,0.861149,0.628259,0.149827,0.373689,0.456311,0.833775,0.621988;82@0.056667;47@0.931715,0.808827,0.579317,0.299462,0.468769,0.493946,0.010303,0.765242,0.575514,0.120753,0.659636;9@0.00697,0.323172,0.236719,0.858322,0.841107,0.088396,0.267092,0.061056,0.244726,0.842238,0.940745;39@0.611718,0.741235,0.274416,0.879768,0.097214,0.1256,0.483955,0.97438,0.842048;88@0.937171,0.362645,0.686065,0.532572,0.278427,0.914537,0.331206;30@0.106111,0.681113,0.187654,0.811535,0.493389,0.824325,0.948113,0.379538,0.844731,0.467676|0|1762487393
I20251108 00:02:58.850285 139717798590272 data_text_parser.cc:116] beg_pos: 3221,end_pos: 5438
I20251108 00:02:58.850299 139717798590272 data_text_parser.cc:59] line: 437|101|1720@452711065:0.119432;1185@1317126102:0.938637;1587@1379714181:0.036437;1048@3542224119:0.982302;1413@3224956295:0.972221;1472@3295193772:0.559941;1861@571779949:0.053836;1430@3762237280:0.617593;1384@2388919097:0.152998;1829@4269304455:0.866482;1635@3347734183:0.520191;1785@2566066895:0.761852;1712@1726193679:0.097127;1116@1516694380:0.696079;1010@1922394885:0.4906;1371@1967037445:0.194881;1381@2240894782:0.241681;1736@3773409519:0.356469;1206@324425635:0.002081;1202@2585298654:0.27841|67@0.238266,0.127134,0.829658,0.756498,0.480696,0.189896,0.422728,0.779408,0.587648,0.640604,0.346764;56@0.455262,0.850109,0.384521,0.30448,0.162318,0.735727,0.576447,0.672188,0.675295,0.464869,0.370191,0.083039;73@0.827285,0.53547;38@0.782516,0.389366,0.791756,0.228045,0.809333,0.101707,0.607395,0.708705,0.660996,0.256139;1@;14@0.709535,0.004707,0.59333,0.009396,0.488813,0.925145,0.452653,0.258459,0.195975;41@;32@0.750861,0.754915,0.816705,0.816247;70@0.994536,0.362221,0.129814,0.440293;43@0.747247,0.401467,0.469205,0.294711,0.097584,0.817695,0.828144,0.753128,0.031843,0.7679,0.314246;65@0.498177,0.62111,0.202171,0.099307;20@0.67275,0.890689,0.875988,0.345621;40@0.800225,0.432275,0.715269;100@0.605719;37@0.159176,0.193976,0.342706,0.466542,0.057402,0.276594,0.092103,0.672943,0.103006,0.552685,0.025118,0.381924,0.41535;27@0.065939,0.864335,0.727464,0.396347,0.193935,0.967541,0.926947;92@0.285111,0.506387,0.216133,0.909361,0.515125;10@0.088767,0.39017,0.238381,0.494257,0.123335,0.076999,0.509086,0.00066,0.509887,0.988446,0.148916,0.907059;75@0.493862,0.717317,0.30672,0.279351,0.451984,0.04137,0.407529,0.329104,0.695657,0.19291;84@0.467373,0.754678,0.494798,0.946532,0.237339,0.280973,0.925631,0.364779,0.24361,0.415408,0.349793;82@0.038425;47@0.107915,0.553274,0.801784,0.161868,0.327329,0.725199,0.053589,0.095315,0.163531,0.667338,0.510446;9@0.327834,0.974522,0.646164,0.622293,0.139242,0.591246,0.292562,0.237822,0.130747,0.630554,0.079399;39@0.510153,0.845859,0.050521,0.348061,0.382376,0.197871,0.313695,0.844857,0.299517;88@0.489785,0.954521,0.549542,0.626868,0.769334,0.541643,0.878824;30@0.017167,0.434219,0.594095,0.987702,0.477837,0.738123,0.273709,0.267038,0.966639,0.519839|1|1762487393
I20251108 00:02:58.850349 139717798590272 data_text_parser.cc:116] beg_pos: 5439,end_pos: 7644
I20251108 00:02:58.850364 139717798590272 data_text_parser.cc:59] line: 438|206|1720@3137466113:0.882547;1185@349265424:0.188072;1587@3576698400:0.049193;1048@1340011774:0.613855;1413@4028888953:0.773899;1472@177868398:0.056899;1861@1662719558:0.19553;1430@3931427147:0.245131;1384@3245595685:0.951745;1829@487052695:0.683964;1635@1516728461:0.441332;1785@2550238751:0.105944;1712@1544807930:0.448667;1116@9019639:0.770278;1010@3721848540:0.988707;1371@3012079576:0.486299;1381@3266891516:0.766695;1736@822728080:0.493924;1206@243528534:0.938914;1202@2360094319:0.813348|67@0.11737,0.184668,0.459255,0.688597,0.894136,0.704282,0.885241,0.042482,0.211043,0.493147,0.84907;56@0.405187,0.022764,0.684932,0.904429,0.673327,0.982811,0.424666,0.063182,0.693642,0.945083,0.127274,0.933572;73@0.969215,0.245392;38@0.756018,0.504909,0.854594,0.125919,0.613977,0.286161,0.6364,0.555363,0.794501,0.126279;1@;14@0.66196,0.211837,0.871049,0.804294,0.796818,0.594513,0.208804,0.861203,0.444671;41@;32@0.897987,0.16633,0.10825,0.932269;70@0.738024,0.218385,0.386055,0.670481;43@0.77638,0.737145,0.784275,0.755458,0.864169,0.166103,0.547998,0.669436,0.619606,0.149552,0.71838;65@0.39342,0.747912,0.384582,0.322151;20@0.967852,0.885275,0.731875,0.325834;40@0.246459,0.610464,0.689133;100@0.10603;37@0.517951,0.409718,0.004855,0.725975,0.909814,0.718073,0.540475,0.549486,0.74797,0.476831,0.362874,0.486024,0.561289;27@0.910078,0.922033,0.791582,0.582875,0.020703,0.963056,0.461303;92@0.616551,0.88007,0.438111,0.195287,0.49291;10@0.758435,0.886564,0.121361,0.106214,0.170949,0.49279,0.830036,0.645016,0.446763,0.482723,0.675392,0.306415;75@0.641752,0.655157,0.296123,0.439494,0.979572,0.403117,0.031619,0.677199,0.682191,0.424252;84@0.656911,0.890038,0.292214,0.204918,0.076572,0.82102,0.653853,0.320094,0.160092,0.336084,0.406225;82@0.436348;47@0.424404,0.952804,0.474027,0.327017,0.055396,0.838163,0.553917,0.672988,0.1376,0.953789,0.883958;9@0.659309,0.632666,0.143699,0.718077,0.102515,0.054671,0.37906,0.440301,0.298056,0.574394,0.253305;39@0.681808,0.769091,0.484249,0.259879,0.356862,0.468727,0.17249,0.427387,0.450394;88@0.038841,0.913003,0.417559,0.076138,0.973084,0.042766,0.71649;30@0.358702,0.956024,0.130609,0.673396,0.711072,0.035019,0.593346,0.61109,0.37642,0.437691|1|1762487393
I20251108 00:02:58.850401 139717798590272 data_text_parser.cc:116] beg_pos: 7645,end_pos: 9853
I20251108 00:02:58.850413 139717798590272 data_text_parser.cc:59] line: 439|590|1720@1808979456:0.83087;1185@3331517025:0.506864;1587@2469638338:0.598821;1048@2630660166:0.207831;1413@1722120961:0.261863;1472@320868358:0.431096;1861@3969961110:0.726803;1430@4244866878:0.225847;1384@4008128850:0.602287;1829@1809161210:0.5632;1635@87492840:0.383953;1785@1173130142:0.470912;1712@3627066913:0.540849;1116@1584954522:0.742427;1010@4262565716:0.191635;1371@916275987:0.647763;1381@3610811262:0.349453;1736@3299062035:0.647517;1206@1743500736:0.684524;1202@3238534700:0.2431|67@0.469371,0.239477,0.487003,0.821081,0.834427,0.713788,0.148881,0.133068,0.589878,0.126601,0.794355;56@0.195485,0.259995,0.780412,0.18869,0.396556,0.832622,0.127163,0.13699,0.139322,0.682272,0.793663,0.052923;73@0.241564,0.942902;38@0.147241,0.448619,0.773189,0.824578,0.422949,0.292003,0.611486,0.121501,0.573885,0.59499;1@;14@0.880782,0.966235,0.804031,0.508234,0.770391,0.091422,0.761605,0.984839,0.394234;41@;32@0.316175,0.82346,0.434066,0.742459;70@0.628041,0.599332,0.275349,0.679111;43@0.689214,0.836708,0.197126,0.166662,0.700522,0.618613,0.407131,0.061069,0.497066,0.513876,0.419722;65@0.910868,0.414007,0.151716,0.872503;20@0.600669,0.567949,0.768652,0.110705;40@0.559242,0.698954,0.105664;100@0.027514;37@0.840001,0.867384,0.296594,0.789833,0.624662,0.4226,0.389587,0.844345,0.885929,0.094467,0.190408,0.543635,0.397509;27@0.730949,0.63183,0.622253,0.182848,0.883939,0.48457,0.496623;92@0.062769,0.157918,0.49513,0.949173,0.89784;10@0.399949,0.567985,0.343443,0.89356,0.2295,0.429649,0.67187,0.211026,0.085983,0.430684,0.427815,0.848726;75@0.000988,0.037695,0.34275,0.176764,0.008603,0.283668,0.087595,0.057307,0.987828,0.650631;84@0.911918,0.199244,0.400177,0.450464,0.250803,0.019375,0.02766,0.438152,0.094369,0.886574,0.538102;82@0.824496;47@0.254366,0.325499,0.290904,0.532673,0.451088,0.253765,0.859444,0.831029,0.334027,0.104083,0.871039;9@0.342004,0.989035,0.625956,0.281183,0.078872,0.031124,0.791215,0.914887,0.57262,0.621698,0.060071;39@0.650603,0.191931,0.721727,0.224709,0.642033,0.764258,0.8824,0.008374,0.954697;88@0.169694,0.146568,0.016621,0.296861,0.257047,0.596773,0.217598;30@0.395184,0.30439,0.608974,0.484652,0.695061,0.318133,0.909428,0.673675,0.560552,0.196194|1|1762487393
I20251108 00:02:58.850450 139717798590272 data_text_parser.cc:116] beg_pos: 9854,end_pos: 12070
I20251108 00:02:58.850463 139717798590272 data_text_parser.cc:59] line: 440|521|1720@1871254737:0.088916;1185@2470570720:0.459822;1587@208280340:0.636954;1048@1546764109:0.394293;1413@308790793:0.751821;1472@3795689887:0.422671;1861@2574648857:0.912595;1430@3428910635:0.849542;1384@3424557267:0.474943;1829@1905979211:0.822334;1635@3873510913:0.881532;1785@1927093330:0.699355;1712@3963326770:0.082308;1116@2669189345:0.704603;1010@3659378391:0.111173;1371@1592753879:0.278403;1381@608357551:0.418404;1736@4001893358:0.595851;1206@998986841:0.930337;1202@2568397258:0.639341|67@0.131278,0.56557,0.32928,0.151572,0.867228,0.996992,0.763213,0.302548,0.496084,0.734232,0.254548;56@0.756788,0.653139,0.701474,0.837411,0.438203,0.021157,0.536452,0.395745,0.022234,0.255387,0.512955,0.248963;73@0.663214,0.55009;38@0.360423,0.994325,0.531237,0.399471,0.510031,0.444957,0.322989,0.789319,0.040317,0.19065;1@;14@0.249676,0.029634,0.385223,0.646941,0.740697,0.311505,0.106969,0.647467,0.719255;41@;32@0.847333,0.4733,0.642391,0.715957;70@0.613828,0.773785,0.06808,0.284572;43@0.84511,0.89447,0.754356,0.008189,0.277276,0.826118,0.584609,0.46548,0.463302,0.310131,0.632148;65@0.597076,0.911036,0.562709,0.818132;20@0.140532,0.649781,0.834644,0.195002;40@0.454968,0.270378,0.333925;100@0.293098;37@0.375713,0.988486,0.237171,0.528116,0.772237,0.445125,0.372644,0.630051,0.234412,0.574218,0.278789,0.541933,0.991048;27@0.920108,0.779925,0.850663,0.146367,0.437151,0.474765,0.321845;92@0.138841,0.105107,0.352235,0.452949,0.767773;10@0.343522,0.989271,0.081705,0.451837,0.989344,0.173148,0.605397,0.250489,0.559219,0.451605,0.757419,0.536618;75@0.15104,0.147648,0.622554,0.809767,0.251669,0.141694,0.112559,0.093895,0.811586,0.972416;84@0.562997,0.887863,0.288723,0.023394,0.090251,0.097731,0.132924,0.488985,0.892526,0.823784,0.208502;82@0.256907;47@0.021753,0.227325,0.438509,0.503728,0.412595,0.765037,0.967929,0.190535,0.396032,0.422758,0.588623;9@0.428859,0.000594,0.818371,0.547722,0.279684,0.474471,0.288582,0.769438,0.824709,0.061206,0.895698;39@0.68174,0.784835,0.705027,0.259731,0.162642,0.568698,0.788415,0.237236,0.51822;88@0.431423,0.055262,0.106799,0.084631,0.374998,0.309271,0.56411;30@0.90455,0.35972,0.162436,0.754384,0.660715,0.70354,0.427706,0.234499,0.209902,0.941296|1|1762487393
I20251108 00:02:58.850505 139717798590272 data_text_parser.cc:116] beg_pos: 12071,end_pos: 14280
I20251108 00:02:58.850517 139717798590272 data_text_parser.cc:59] line: 441|583|1720@1048479948:0.221698;1185@239412599:0.366655;1587@176154432:0.637653;1048@465171005:0.380225;1413@773466981:0.124936;1472@2493157724:0.920124;1861@20436865:0.013536;1430@1946153181:0.417433;1384@3010628104:0.040375;1829@3606978067:0.685946;1635@2309967260:0.427414;1785@3046470824:0.072153;1712@1013645444:0.217662;1116@3740211042:0.323701;1010@3770076756:0.139097;1371@1976166195:0.815188;1381@3115622389:0.241549;1736@4121188827:0.232131;1206@1718096020:0.530105;1202@1956659595:0.015353|67@0.254008,0.363074,0.624947,0.294612,0.576666,0.749496,0.404303,0.062556,0.679449,0.810637,0.59261;56@0.453076,0.036483,0.184441,0.594353,0.664374,0.797769,0.729754,0.330397,0.757258,0.236315,0.873286,0.16574;73@0.381831,0.575542;38@0.764106,0.210208,0.763999,0.819712,0.702347,0.638128,0.487344,0.564393,0.041507,0.541397;1@;14@0.239496,0.858196,0.241478,0.317442,0.634618,0.587279,0.422924,0.836016,0.072145;41@;32@0.723935,0.217972,0.141965,0.061762;70@0.174758,0.784646,0.217708,0.632311;43@0.325068,0.279663,0.550582,0.664742,0.142344,0.890664,0.925878,0.63516,0.368703,0.36923,0.054603;65@0.946172,0.362838,0.78168,0.349349;20@0.028456,0.497064,0.434368,0.165819;40@0.43676,0.294717,0.854192;100@0.511769;37@0.733595,0.155977,0.868208,0.870135,0.160801,0.252083,0.206661,0.372387,0.719351,0.431914,0.192953,0.4567,0.939743;27@0.479541,0.592946,0.233248,0.672247,0.411318,0.299178,0.52907;92@0.276292,0.846487,0.739938,0.109507,0.321165;10@0.99763,0.715709,0.618723,0.878357,0.380426,0.1751,0.373405,0.770952,0.552535,0.287554,0.288526,0.824346;75@0.598113,0.071676,0.711999,0.057603,0.235014,0.200228,0.325757,0.622649,0.16295,0.116512;84@0.221217,0.77102,0.85319,0.32366,0.40961,0.453143,0.237632,0.974518,0.264158,0.905316,0.392664;82@0.144311;47@0.53355,0.74699,0.000476,0.796845,0.633681,0.908511,0.768232,0.677327,0.407564,0.12568,0.202124;9@0.455816,0.540761,0.351263,0.986699,0.575576,0.903642,0.785992,0.492363,0.624333,0.796817,0.533497;39@0.276811,0.400209,0.492465,0.579709,0.937394,0.565006,0.150886,0.126432,0.676389;88@0.285252,0.649477,0.15899,0.825351,0.215111,0.194596,0.171165;30@0.855275,0.436228,0.915495,0.672847,0.885662,0.607253,0.83217,0.089267,0.051814,0.534814|0|1762487393
I20251108 00:02:58.850548 139717798590272 data_text_parser.cc:116] beg_pos: 14281,end_pos: 16477
I20251108 00:02:58.850560 139717798590272 data_text_parser.cc:59] line: 442|978|1720@78713242:0.897947;1185@3711815334:0.600069;1587@1719448150:0.65855;1048@3804452109:0.48274;1413@1518684581:0.286382;1472@1120579157:0.641522;1861@698985996:0.563319;1430@647888225:0.379798;1384@2012673267:0.549188;1829@1743500736:0.310123;1635@3354529003:0.063003;1785@1154411282:0.983535;1712@2398602827:0.193038;1116@3749860256:0.221419;1010@3333643804:0.79634;1371@2268847167:0.296901;1381@2265900850:0.160721;1736@847577081:0.222791;1206@632748084:0.713244;1202@424101003:0.826837|67@0.533054,0.665053,0.07016,0.331052,0.751342,0.258305,0.230549,0.10225,0.970661,0.358232,0.535415;56@0.686102,0.235517,0.657261,0.193801,0.349691,0.133697,0.270199,0.39404,0.709207,0.166454,0.571928,0.87555;73@0.288364,0.646492;38@0.447607,0.538703,0.156306,0.656868,0.589786,0.784765,0.471266,0.650976,0.585036,0.549873;1@;14@0.893,0.65654,0.466605,0.916681,0.59477,0.220704,0.269493,0.816791,0.916459;41@;32@0.917892,0.290764,0.131257,0.244731;70@0.398344,0.466259,0.645848,0.594594;43@0.845418,0.209824,0.1163,0.593078,0.699499,0.778485,0.111233,0.732086,0.401466,0.798476,0.178128;65@0.999634,0.67525,0.7739,0.674638;20@0.095204,0.212962,0.591909,0.327203;40@0.620736,0.96833,0.263635;100@0.245972;37@0.532431,0.415393,0.70905,0.409347,0.45196,0.582816,0.429918,0.856327,0.85617,0.917959,0.853168,0.92842,0.643595;27@0.58292,0.845031,0.95312,0.169477,0.080985,0.302658,0.30252;92@0.753705,0.001815,0.34278,0.898266,0.6054;10@0.630423,0.579243,0.854294,0.962491,0.906725,0.819805,0.680699,0.759177,0.954874,0.140548,0.805376,0.482972;75@0.565807,0.709434,0.780934,0.851938,0.403448,0.844972,0.230279,0.736348,0.621814,0.605742;84@0.321341,0.432804,0.201284,0.819587,0.448865,0.700961,0.275097,0.385846,0.858524,0.722384,0.936567;82@0.162648;47@0.420008,0.72188,0.355105,0.880769,0.654295,0.651494,0.546908,0.706843,0.70075,0.886376,0.124658;9@0.064238,0.259918,0.797112,0.83445,0.114211,0.953269,0.313376,0.396097,0.850641,0.892808,0.731678;39@0.823044,0.45372,0.680367,0.944549,0.145214,0.251639,0.274441,0.663567,0.158874;88@0.933741,0.81235,0.86648,0.415061,0.049938,0.655696,0.405068;30@0.558048,0.227661,0.755045,0.609903,0.180754,0.465116,0.923607,0.209917,0.823514,0.158165|0|1762487393
I20251108 00:02:58.850601 139717798590272 data_text_parser.cc:116] beg_pos: 16478,end_pos: 18700
I20251108 00:02:58.850614 139717798590272 data_text_parser.cc:59] line: 443|110|1720@3201848378:0.60649;1185@1329158227:0.436689;1587@1232538854:0.665406;1048@2476405605:0.522511;1413@4209086166:0.452938;1472@562966790:0.198125;1861@1426902667:0.189139;1430@4093747531:0.664671;1384@550368293:0.094961;1829@3825468838:0.518522;1635@1287380391:0.956617;1785@4100192084:0.969026;1712@3555020984:0.526856;1116@2041636120:0.819318;1010@3051639919:0.091276;1371@4022863849:0.783215;1381@64099272:0.822434;1736@2119295035:0.342099;1206@2152523533:0.666248;1202@1307834546:0.673004|67@0.264207,0.792722,0.448657,0.200842,0.071532,0.629539,0.495291,0.628315,0.810476,0.198429,0.560944;56@0.341235,0.869622,0.530277,0.333015,0.510586,0.092447,0.186631,0.633406,0.473699,0.191419,0.315073,0.021876;73@0.283685,0.737134;38@0.354735,0.808829,0.905754,0.102857,0.430311,0.454441,0.364921,0.129226,0.007655,0.058887;1@;14@0.113615,0.086908,0.491469,0.679456,0.361919,0.940555,0.844591,0.569429,0.560645;41@;32@0.835289,0.959076,0.233952,0.147771;70@0.890383,0.776137,0.008178,0.718834;43@0.398374,0.531185,0.883982,0.559824,0.749294,0.871582,0.756929,0.462353,0.073104,0.219941,0.08309;65@0.43227,0.907057,0.45496,0.646447;20@0.528114,0.159614,0.665339,0.936039;40@0.500396,0.47101,0.526973;100@0.821773;37@0.576696,0.431384,0.680737,0.465908,0.760104,0.698056,0.601472,0.996332,0.903788,0.948359,0.558196,0.100829,0.957074;27@0.325014,0.313579,0.190478,0.794411,0.942994,0.887229,0.124062;92@0.417812,0.712486,0.214498,0.594296,0.252721;10@0.465929,0.605389,0.258508,0.631319,0.58918,0.319385,0.030141,0.218808,0.769062,0.078614,0.102771,0.923836;75@0.770593,0.57531,0.675764,0.705176,0.567856,0.739357,0.048457,0.126965,0.092739,0.191454;84@0.793611,0.083781,0.507884,0.729746,0.530808,0.030537,0.677106,0.539316,0.826048,0.435163,0.219442;82@0.335717;47@0.07785,0.835336,0.354798,0.964385,0.639129,0.495166,0.419383,0.908095,0.852371,0.445276,0.215526;9@0.231447,0.458687,0.785224,0.442595,0.563897,0.519214,0.707662,0.368625,0.343378,0.248024,0.273478;39@0.268795,0.477269,0.060556,0.85948,0.227057,0.603466,0.119016,0.635235,0.037216;88@0.022569,0.614281,0.589478,0.779828,0.988281,0.783497,0.271539;30@0.518679,0.818209,0.659195,0.5775,0.590397,0.422319,0.379591,0.358997,0.371619,0.385324|0|1762487393
I20251108 00:02:58.850646 139717798590272 data_text_parser.cc:116] beg_pos: 18701,end_pos: 20480
I20251108 00:02:58.850906 139717798590272 data_text_parser.cc:101] get chunk buffer, size: 20480
I20251108 00:02:58.850923 139717798590272 data_text_parser.cc:116] beg_pos: 0,end_pos: 429
I20251108 00:02:58.850930 139717798590272 data_text_parser.cc:61] buffer line: 444|523|1720@1505600909:0.9522;1185@1940936240:0.92377;1587@1636410175:0.979197;1048@420592583:0.113855;1413@1766224510:0.908989;1472@1481273672:0.500126;1861@1117608945:0.421013;1430@2324609635:0.723264;1384@2951519484:0.543825;1829@3558375853:0.4211;1635@2643586756:0.164262;1785@1224173784:0.829447;1712@360790217:0.052512;1116@1314726622:0.363677;1010@897337137:0.536796;1371@1582937250:0.084334;1381@2617855208:0.069223;1736@3884554469:0.279468;1206@649652481:0.536638;1202@3490604160:0.961679|67@0.09562,0.696692,0.138455,0.733085,0.299566,0.777771,0.420942,0.018074,0.401844,0.402821,0.760119;56@0.161368,0.52285,0.356862,0.253253,0.479907,0.640353,0.977124,0.123575,0.739318,0.516079,0.788317,0.1299;73@0.73765,0.383894;38@0.602986,0.976389,0.138127,0.887772,0.925743,0.901435,0.417817,0.751079,0.086531,0.678367;1@;14@0.059289,0.157769,0.465211,0.112676,0.767306,0.554511,0.147972,0.372232,0.836022;41@;32@0.080381,0.358607,0.381761,0.947671;70@0.208867,0.83867,0.33246,0.141439;43@0.941134,0.35746,0.455765,0.05657,0.858377,0.105018,0.276465,0.149112,0.62251,0.973137,0.776827;65@0.774648,0.546222,0.066344,0.200139;20@0.151329,0.416776,0.427651,0.851725;40@0.434193,0.539665,0.718315;100@0.143843;37@0.472533,0.893642,0.29175,0.734376,0.273237,0.553625,0.461862,0.338939,0.731654,0.416783,0.044462,0.031999,0.490827;27@0.14671,0.662497,0.772065,0.158452,0.953565,0.376134,0.996474;92@0.651293,0.283721,0.323488,0.602323,0.651526;10@0.083006,0.298469,0.005007,0.397724,0.713557,0.525188,0.883568,0.055361,0.692147,0.566473,0.58652,0.773692;75@0.805305,0.493981,0.409987,0.633124,0.539833,0.280921,0.919642,0.803016,0.526793,0.313478;84@0.43218,0.170171,0.79498,0.944301,0.477082,0.785432,0.438159,0.785516,0.431808,0.473171,0.434114;82@0.325913;47@0.709936,0.60207,0.209795,0.190359,0.433126,0.750367,0.944615,0.575489,0.424777,0.98422,0.411109;9@0.402705,0.880304,0.350107,0.902247,0.437975,0.756249,0.647188,0.321799,0.780661,0.712416,0.929934;39@0.648788,0.019934,0.44582,0.62418,0.551693,0.146722,0.622256,0.98731,0.785659;88@0.454937,0.215573,0.265456,0.974681,0.448638,0.499488,0.549952;30@0.618254,0.814252,0.938655,0.248383,0.433045,0.267952,0.275989,0.411292,0.286102,0.500418|0|1762487393
I20251108 00:02:58.850972 139717798590272 data_text_parser.cc:116] beg_pos: 430,end_pos: 2638
I20251108 00:02:58.850985 139717798590272 data_text_parser.cc:59] line: 445|501|1720@2985237320:0.233374;1185@2022617860:0.356807;1587@388649000:0.737057;1048@2065873079:0.871261;1413@2087330524:0.859957;1472@3713776499:0.659546;1861@3660589356:0.486343;1430@1080435506:0.921977;1384@2339153006:0.018047;1829@1871254737:0.712334;1635@2790657840:0.586094;1785@3958367938:0.480291;1712@3030288183:0.977887;1116@4125762313:0.597077;1010@2154190157:0.803577;1371@4127208955:0.439835;1381@1671844911:0.234138;1736@1103218428:0.171636;1206@583141824:0.045245;1202@1209663344:0.999811|67@0.767532,0.154097,0.89501,0.452491,0.779419,0.201737,0.081383,0.537306,0.23616,0.305479,0.566841;56@0.333398,0.029711,0.065817,0.984975,0.130296,0.213981,0.410199,0.238701,0.691272,0.621823,0.631755,0.162905;73@0.046458,0.146667;38@0.35624,0.972281,0.195358,0.062018,0.295673,0.13148,0.181018,0.214934,0.221702,0.885263;1@;14@0.742025,0.862099,0.854358,0.606252,0.537829,0.747458,0.050789,0.78687,0.223756;41@;32@0.960764,0.765782,0.514849,0.489645;70@0.89889,0.434536,0.806644,0.701044;43@0.513003,0.485991,0.649905,0.159415,0.708778,0.541018,0.86585,0.216063,0.28775,0.744247,0.635653;65@0.550706,0.334437,0.362897,0.792199;20@0.938069,0.056309,0.10098,0.968008;40@0.669813,0.024305,0.669235;100@0.84668;37@0.350423,0.011221,0.477459,0.884197,0.186567,0.197097,0.295619,0.466666,0.310711,0.501064,0.08417,0.471582,0.740495;27@0.96192,0.677493,0.324786,0.612422,0.777826,0.145284,0.767284;92@0.793209,0.667666,0.274178,0.595807,0.193395;10@0.722691,0.396411,0.86124,0.961991,0.011534,0.978111,0.590331,0.550397,0.348539,0.85123,0.760919,0.613409;75@0.451369,0.255209,0.514149,0.478109,0.544555,0.086948,0.358837,0.576228,0.129203,0.234549;84@0.191208,0.48944,0.771998,0.141072,0.895477,0.419716,0.020225,0.84028,0.525786,0.443128,0.308665;82@0.509248;47@0.153188,0.35667,0.953084,0.434593,0.70637,0.373689,0.766009,0.356179,0.53814,0.880848,0.761557;9@0.304616,0.469428,0.64086,0.57158,0.107942,0.049966,0.468016,0.133073,0.128278,0.437141,0.1392;39@0.126821,0.42837,0.628151,0.932232,0.470317,0.528441,0.445821,0.370662,0.700429;88@0.89707,0.157504,0.06504,0.868805,0.373096,0.201133,0.917109;30@0.742999,0.604159,0.162843,0.498309,0.992109,0.121098,0.150138,0.770436,0.557859,0.66157|0|1762487393
I20251108 00:02:58.851026 139717798590272 data_text_parser.cc:116] beg_pos: 2639,end_pos: 4846
I20251108 00:02:58.851038 139717798590272 data_text_parser.cc:59] line: 446|663|1720@2131458195:0.01986;1185@4084203435:0.3707;1587@3730095409:0.665977;1048@1161670104:0.215734;1413@383344535:0.207843;1472@2127133878:0.975779;1861@2664664260:0.688899;1430@403066621:0.789216;1384@1770673893:0.952088;1829@2809535861:0.630598;1635@837280271:0.608301;1785@3684172086:0.776344;1712@537344062:0.097124;1116@2367716731:0.039564;1010@3813817569:0.813042;1371@140462785:0.975971;1381@1603549333:0.709135;1736@3514462474:0.087613;1206@3177212145:0.899723;1202@2609342452:0.232426|67@0.425038,0.645383,0.903491,0.775609,0.097417,0.255442,0.672513,0.314402,0.125145,0.373322,0.29185;56@0.24046,0.592543,0.502817,0.44467,0.762476,0.13126,0.476625,0.968269,0.285616,0.099202,0.92858,0.359423;73@0.707646,0.017665;38@0.352753,0.584096,0.159188,0.246979,0.471927,0.044758,0.486388,0.720013,0.206785,0.055117;1@;14@0.161536,0.754178,0.895837,0.551494,0.588178,0.945283,0.515938,0.881517,0.691588;41@;32@0.559572,0.223864,0.81682,0.047839;70@0.190379,0.465721,0.121931,0.399005;43@0.315406,0.747503,0.998733,0.820613,0.747859,0.104498,0.309077,0.655785,0.976243,0.371684,0.109695;65@0.212707,0.021148,0.314362,0.0935;20@0.984878,0.416011,0.096311,0.172703;40@0.876475,0.468102,0.56826;100@0.179641;37@0.784842,0.063098,0.126339,0.245569,0.433591,0.931729,0.247632,0.095807,0.00462,0.873849,0.218199,0.76092,0.411912;27@0.884712,0.471854,0.766102,0.088763,0.855828,0.053675,0.956196;92@0.462326,0.342414,0.757789,0.390773,0.525896;10@0.190151,0.676869,0.049065,0.615691,0.680067,0.289708,0.408178,0.107747,0.820613,0.331632,0.511113,0.35313;75@0.96817,0.798315,0.761891,0.284046,0.419353,0.907948,0.97447,0.052818,0.226619,0.08375;84@0.830491,0.093297,0.446819,0.312455,0.266708,0.679174,0.6919,0.694035,0.742726,0.098158,0.002779;82@0.971892;47@0.967063,0.222763,0.987959,0.843351,0.592014,0.16031,0.610982,0.385264,0.146241,0.151699,0.496649;9@0.624398,0.139509,0.887164,0.790463,0.765591,0.517713,0.771693,0.654377,0.929965,0.795896,0.833555;39@0.903615,0.060822,0.894991,0.82845,0.847478,0.73417,0.541835,0.738671,0.449102;88@0.429297,0.958191,0.310548,0.91589,0.149841,0.37592,0.763013;30@0.490315,0.585098,0.773502,0.358747,0.387815,0.764495,0.745233,0.099675,0.830761,0.278212|1|1762487393
I20251108 00:02:58.851070 139717798590272 data_text_parser.cc:116] beg_pos: 4847,end_pos: 7053
I20251108 00:02:58.851082 139717798590272 data_text_parser.cc:59] line: 447|363|1720@4087477144:0.204545;1185@2428966007:0.885294;1587@2810210051:0.007591;1048@643939556:0.233762;1413@284937348:0.01168;1472@517254738:0.17821;1861@78998066:0.81702;1430@179695458:0.704417;1384@3769347354:0.844566;1829@1558589559:0.867499;1635@1185613563:0.857389;1785@3054882964:0.000134;1712@4094894341:0.759956;1116@4093587317:0.781575;1010@3891754057:0.45051;1371@1850116475:0.892763;1381@1772780419:0.4903;1736@4079934176:0.902267;1206@1660466260:0.838824;1202@3900966566:0.354896|67@0.185554,0.74742,0.423334,0.622435,0.992897,0.715181,0.368271,0.290912,0.028312,0.910798,0.496718;56@0.040179,0.806802,0.317868,0.36298,4.9e-05,0.480431,0.100808,0.638584,0.913622,0.330953,0.824795,0.190391;73@0.261639,0.712157;38@0.358961,0.454652,0.056394,0.246744,0.523434,0.421714,0.396935,0.902651,0.765928,0.749269;1@;14@0.445577,0.148649,0.717693,0.591618,0.357837,0.227729,0.010651,0.74719,0.983643;41@;32@0.997612,0.807562,0.460578,0.996499;70@0.120461,0.811442,0.45316,0.136756;43@0.558934,0.838501,0.141732,0.988036,0.330373,0.618104,0.057375,0.178234,0.613481,0.455534,0.167115;65@0.044383,0.699272,0.836579,0.202867;20@0.902031,0.154462,0.437479,0.979356;40@0.418747,0.219881,0.613112;100@0.081539;37@0.301351,0.055235,0.918762,0.644408,0.964905,0.41828,0.878964,0.81535,0.058915,0.710415,0.479373,0.514588,0.528974;27@0.552965,0.914048,0.483864,0.043318,0.252799,0.676259,0.717;92@0.865416,0.527924,0.651048,0.253714,0.599809;10@0.420767,0.663557,0.408517,0.638795,0.963247,0.643465,0.876138,0.075928,0.892548,0.239999,0.049735,0.886191;75@0.894544,0.254621,0.554943,0.334769,0.7618,0.188685,0.622575,0.175621,0.366311,0.237087;84@0.434293,0.084865,0.611378,0.83838,0.458306,0.195054,0.930242,0.264779,0.163813,0.568152,0.481108;82@0.028558;47@0.766696,0.316743,0.875702,0.895029,0.77412,0.020827,0.130166,0.923322,0.672247,0.211483,0.693052;9@0.90597,0.708176,0.197247,0.562089,0.097639,0.31932,0.047822,0.821267,0.717507,0.763872,0.817436;39@0.6116,0.219967,0.394873,0.319947,0.593317,0.463215,0.927896,0.106237,0.237544;88@0.910639,0.865912,0.109631,0.603951,0.113321,0.832943,0.29345;30@0.821974,0.722508,0.105236,0.778139,0.052227,0.398071,0.461516,0.074978,0.421301,0.085186|1|1762487393
I20251108 00:02:58.851133 139717798590272 data_text_parser.cc:116] beg_pos: 7054,end_pos: 9265
I20251108 00:02:58.851152 139717798590272 data_text_parser.cc:59] line: 448|37|1720@1894315770:0.050513;1185@1006651576:0.646535;1587@31495261:0.425544;1048@943255672:0.449531;1413@3513113930:0.901027;1472@2454679622:0.737947;1861@365409974:0.651115;1430@3660346855:0.902353;1384@2491758963:0.576611;1829@445676936:0.507641;1635@4035509363:0.679145;1785@684742242:0.901298;1712@2674035463:0.766715;1116@1883704531:0.502787;1010@58938611:0.664624;1371@2804551122:0.188992;1381@1276278688:0.037279;1736@439589787:0.146459;1206@3999489628:0.264138;1202@2473918162:0.726196|67@0.809843,0.344091,0.197897,0.660331,0.585275,0.762724,0.690801,0.175309,0.404634,0.226138,0.879011;56@0.940866,0.408572,0.304079,0.039229,0.758429,0.030462,0.749075,0.91622,0.255383,0.552971,0.988414,0.410083;73@0.319676,0.773626;38@0.763146,0.722405,0.903728,0.934017,0.196576,0.139551,0.884925,0.361407,0.184929,0.359301;1@;14@0.722408,0.485288,0.777989,0.87741,0.649009,0.095198,0.15998,0.33871,0.092294;41@;32@0.695561,0.073498,0.768455,0.191411;70@0.929268,0.795577,0.166066,0.408683;43@0.806321,0.579662,0.097653,0.175899,0.708656,0.119541,0.329653,0.900635,0.283906,0.606907,0.747866;65@0.057702,0.848197,0.127596,0.847761;20@0.72319,0.264032,0.916015,0.170488;40@0.594829,0.129258,0.463799;100@0.240709;37@0.937329,0.552841,0.987607,0.577032,0.990541,0.966272,0.226278,0.031452,0.065761,0.133838,0.665424,0.748265,0.611668;27@0.280038,0.130149,0.598074,0.5303,0.345147,0.303671,0.422169;92@0.769963,0.638107,0.162857,0.662182,0.130458;10@0.276696,0.902162,0.046376,0.029341,0.29425,0.45858,0.361085,0.673562,0.852455,0.881825,0.638765,0.762483;75@0.477006,0.203111,0.415368,0.925622,0.361554,0.584454,0.913611,0.821857,0.736841,0.77438;84@0.456102,0.096391,0.013839,0.339526,0.876659,0.866709,0.400638,0.060668,0.673824,0.239971,0.441018;82@0.218554;47@0.667136,0.839399,0.351329,0.627674,0.553404,0.169892,0.137598,0.974253,0.437233,0.702795,0.449251;9@0.627471,0.303517,0.08388,0.200931,0.006379,0.077222,0.480578,0.16713,0.246475,0.414797,0.541714;39@0.851876,0.836725,0.7522,0.48086,0.066147,0.765921,0.243375,0.472964,0.089031;88@0.327766,0.463453,0.348198,0.605632,0.616137,0.040064,0.133544;30@0.504171,0.137977,0.696933,0.654394,0.378695,0.02753,0.597122,0.406948,0.510542,0.498614|1|1762487393
I20251108 00:02:58.851191 139717798590272 data_text_parser.cc:116] beg_pos: 9266,end_pos: 11470
I20251108 00:02:58.851199 139717798590272 data_text_parser.cc:59] line: 449|530|1720@738145940:0.515405;1185@1881996388:0.982388;1587@1391677648:0.972322;1048@914530346:0.833278;1413@37631349:0.972885;1472@3556485341:0.1878;1861@2323042157:0.558559;1430@871147930:0.680067;1384@1829116862:0.882419;1829@194751316:0.106058;1635@1980432010:0.271072;1785@1850260981:0.763351;1712@4101925828:0.01985;1116@4272595358:0.990335;1010@2711258580:0.592314;1371@1000259737:0.09524;1381@2573784946:0.711609;1736@2797754995:0.273187;1206@3315701544:0.288038;1202@50434232:0.953656|67@0.833728,0.798495,0.836413,0.361618,0.865523,0.43388,0.06654,0.833329,0.280203,0.001075,0.597721;56@0.40808,0.099095,0.305561,0.700439,0.785291,0.366996,0.551695,0.19755,0.120492,0.561948,0.835973,0.675809;73@0.904112,0.039098;38@0.436667,0.573392,0.545748,0.04237,0.932854,0.127715,0.294157,0.032186,0.873278,0.730055;1@;14@0.629259,0.052899,0.376046,0.409611,0.459666,0.423412,0.650206,0.710041,0.873459;41@;32@0.107935,0.156361,0.42755,0.122969;70@0.87665,0.152887,0.526861,0.021999;43@0.336702,0.563153,0.96891,0.756075,0.842126,0.496851,0.237414,0.87995,0.181554,0.018233,0.697798;65@0.382816,0.751774,0.1786,0.006912;20@0.566165,0.15321,0.007133,0.509765;40@0.423945,0.229416,0.402939;100@0.236488;37@0.377641,0.874771,0.812408,0.503987,0.44565,0.745532,0.380591,0.249656,0.276154,0.972172,0.205414,0.498934,0.863967;27@0.528768,0.993546,0.738355,0.50421,0.655492,0.929982,0.156201;92@0.416556,0.650834,0.061461,0.959218,0.919871;10@0.860671,0.869366,0.365262,0.239825,0.209788,0.094251,0.070339,0.986593,0.261688,0.091566,0.928215,0.745877;75@0.522272,0.132025,0.259671,0.268036,0.004363,0.957826,0.605608,0.457499,0.10127,0.163383;84@0.47984,0.470992,0.021313,0.617088,0.206712,0.390822,0.645325,0.849683,0.962979,0.337862,0.035291;82@0.978124;47@0.018208,0.202459,0.132435,0.455089,0.627745,0.225519,0.408081,0.004352,0.792883,0.123123,0.752145;9@0.687163,0.573719,0.77181,0.826937,0.031989,0.162983,0.299705,0.09224,0.169542,0.002324,0.904684;39@0.058187,0.963507,0.059964,0.08579,0.507384,0.52517,0.635047,0.939675,0.875247;88@0.743768,0.703499,0.728961,0.818906,0.499823,0.819557,0.301788;30@0.522069,0.167232,0.970735,0.468606,0.958271,0.526984,0.639553,0.000468,0.646939,0.14307|0|1762487393
I20251108 00:02:58.851250 139717798590272 data_text_parser.cc:116] beg_pos: 11471,end_pos: 13677
I20251108 00:02:58.851268 139717798590272 data_text_parser.cc:59] line: 450|805|1720@2813378995:0.612678;1185@1586438514:0.344655;1587@811550440:0.199718;1048@3487418601:0.171399;1413@2806023078:0.476538;1472@2922361882:0.128545;1861@3520796517:0.693917;1430@2852034326:0.484729;1384@2337722532:0.845634;1829@1095723372:0.843953;1635@222964778:0.18297;1785@550451898:0.751007;1712@375927339:0.314196;1116@826984985:0.811457;1010@2216090490:0.871102;1371@596752653:0.805598;1381@1788645682:0.270596;1736@1299218383:0.186775;1206@3894885994:0.434573;1202@1503176793:0.088999|67@0.079155,0.473184,0.04946,0.168043,0.128087,0.661471,0.176813,0.061141,0.34869,0.539628,0.055221;56@0.781069,0.973735,0.334026,0.334665,0.5088,0.787465,0.433924,0.646267,0.3572,0.156432,0.061299,0.019466;73@0.559368,0.605364;38@0.802895,0.58001,0.284345,0.533762,0.813346,0.595134,0.929054,0.608254,0.792351,0.755436;1@;14@0.011341,0.708634,0.796024,0.438111,0.188069,0.184281,0.332704,0.24638,0.840136;41@;32@0.39153,0.994184,0.403095,0.008307;70@0.719866,0.022336,0.633553,0.51746;43@0.051944,0.040128,0.678373,0.285346,0.54325,0.542877,0.412177,0.620439,0.12691,0.181671,0.993467;65@0.324508,0.021059,0.473822,0.715962;20@0.874707,0.027365,0.792089,0.99029;40@0.959547,0.185005,0.936713;100@0.325238;37@0.748079,0.459811,0.588818,0.709145,0.151328,0.154637,0.815521,0.900042,0.426383,0.317874,0.389291,0.414001,0.499889;27@0.237812,0.06819,0.607055,0.761253,0.445301,0.446358,0.224542;92@0.782722,0.409374,0.193123,0.054085,0.796426;10@0.868098,0.311765,0.854402,0.132006,0.062433,0.187768,0.275384,0.615924,0.75562,0.36726,0.22576,0.771335;75@0.326556,0.129641,0.375359,0.364597,0.136185,0.349171,0.498756,0.334471,0.097332,0.979339;84@0.307862,0.48188,0.704385,0.628936,0.995116,0.42639,0.842049,0.306405,0.040523,0.33989,0.887467;82@0.914522;47@0.585776,0.867068,0.334338,0.778121,0.367784,0.267226,0.629265,0.941556,0.089987,0.155799,0.837584;9@0.929086,0.07926,0.052607,0.935979,0.401537,0.784253,0.926433,0.874366,0.427811,0.905806,0.107749;39@0.843418,0.716687,0.761671,0.574404,0.934193,0.648189,0.75654,0.974446,0.996361;88@0.70302,0.666252,0.650637,0.220292,0.819239,0.390081,0.796914;30@0.288009,0.268915,0.669209,0.211261,0.608386,0.36411,0.541838,0.496297,0.508529,0.476718|1|1762487393
I20251108 00:02:58.851306 139717798590272 data_text_parser.cc:116] beg_pos: 13678,end_pos: 15892
I20251108 00:02:58.851319 139717798590272 data_text_parser.cc:59] line: 451|722|1720@2183844235:0.208163;1185@1123941889:0.820552;1587@1088506372:0.589644;1048@3621345521:0.561767;1413@1893043818:0.952443;1472@2663702203:0.708985;1861@2637823315:0.105218;1430@2802041373:0.742678;1384@1550057492:0.604327;1829@3049528382:0.229582;1635@1784020451:0.136876;1785@891106642:0.773937;1712@3258576065:0.752914;1116@347698460:0.93311;1010@538865822:0.901802;1371@2930862906:0.32118;1381@4099626160:0.586959;1736@1227236498:0.609252;1206@520419938:0.532749;1202@2041862674:0.337786|67@0.793469,0.39713,0.174864,0.160227,0.861238,0.132088,0.921885,0.432962,0.940904,0.919497,0.678166;56@0.699306,0.634205,0.374661,0.002546,0.321918,0.048367,0.578985,0.156549,0.209693,0.3795,0.07405,0.351698;73@0.057076,0.49033;38@0.996508,0.349352,0.408922,0.55699,0.133025,0.179425,0.250181,0.061387,0.602632,0.255816;1@;14@0.17813,0.053278,0.640367,0.795187,0.418792,0.827678,0.960192,0.884811,0.175363;41@;32@0.156707,0.788968,0.978052,0.614665;70@0.479277,0.85216,0.176892,0.280077;43@0.720812,0.365601,0.486946,0.330331,0.798098,0.505557,0.77234,0.407408,0.874908,0.990957,0.099999;65@0.007948,0.999591,0.099948,0.315419;20@0.330472,0.043785,0.753036,0.098374;40@0.682841,0.898795,0.263568;100@0.103222;37@0.256738,0.870743,0.883982,0.574626,0.788849,0.137988,0.468642,0.869918,0.700443,0.629005,0.473802,0.41276,0.097866;27@0.015545,0.708401,0.369354,0.107233,0.11596,0.43506,0.650161;92@0.272399,0.561133,0.148622,0.898638,0.703356;10@0.860183,0.180034,0.748581,0.548407,0.21573,0.568053,0.646503,0.976075,0.097943,0.925696,0.922041,0.349265;75@0.305091,0.192546,0.160027,0.900185,0.344604,0.917851,0.620344,0.212843,0.902709,0.560703;84@0.549046,0.66552,0.510148,0.760555,0.304802,0.251357,0.192884,0.615761,0.498941,0.310587,0.239961;82@0.029768;47@0.678995,0.264981,0.033412,0.003683,0.467064,0.839579,0.162596,0.231404,0.969563,0.252487,0.663159;9@0.093125,0.935313,0.457242,0.587221,0.070251,0.89662,0.117341,0.313547,0.183518,0.886312,0.984429;39@0.763904,0.796408,0.520457,0.20322,0.054967,0.868438,0.022793,0.070409,0.465318;88@0.218814,0.148565,0.281167,0.731427,0.022197,0.436787,0.512434;30@0.242663,0.135585,0.019537,0.815021,0.869067,0.841488,0.924154,0.124834,0.182428,0.44608|0|1762487393
I20251108 00:02:58.851356 139717798590272 data_text_parser.cc:116] beg_pos: 15893,end_pos: 18101
I20251108 00:02:58.851369 139717798590272 data_text_parser.cc:59] line: 452|986|1720@1525117958:0.953394;1185@317666141:0.664818;1587@4102002181:0.914836;1048@3012809083:0.741867;1413@2994651402:0.575931;1472@795052852:0.778423;1861@2919301113:0.938149;1430@2819200720:0.687752;1384@1024604038:0.154968;1829@3349431671:0.553105;1635@246022582:0.776172;1785@2471273157:0.839212;1712@1896086210:0.941366;1116@3179493711:0.041638;1010@3313571247:0.106586;1371@803678944:0.468127;1381@2325833431:0.348044;1736@278374360:0.004022;1206@443683703:0.229829;1202@2703301005:0.059801|67@0.763386,0.60353,0.282069,0.55639,0.915371,0.58798,0.964023,0.728287,0.550268,0.30709,0.454088;56@0.768077,0.553306,0.776161,0.666855,0.035012,0.459242,0.699642,0.195618,0.042407,0.438437,0.574845,0.830155;73@0.42444,0.394092;38@0.493448,0.23866,0.168564,0.747655,0.255974,0.461894,0.512404,0.719733,0.079163,0.456784;1@;14@0.208277,0.988176,0.148118,0.880406,0.093134,0.330968,0.697324,0.193441,0.912564;41@;32@0.752759,0.639535,0.480568,0.028441;70@0.748076,0.106894,0.135926,0.138999;43@0.981672,0.866141,0.509519,0.00366,0.998751,0.31849,0.662569,0.254935,0.900095,0.427177,0.637735;65@0.824993,0.176141,0.617376,0.195338;20@0.705826,0.441565,0.166994,0.960506;40@0.588574,0.38544,0.870746;100@0.09663;37@0.2104,0.868175,0.283337,0.382636,0.77659,0.218118,0.561455,0.269341,0.866436,0.329764,0.949494,0.319792,0.608659;27@0.869015,0.966262,0.360891,0.177391,0.53124,0.223838,0.730517;92@0.820231,0.381456,0.632372,0.440132,0.174371;10@0.667645,0.351088,0.031544,0.251937,0.492857,0.156489,0.915382,0.020534,0.035973,0.854116,0.44468,0.857046;75@0.459745,0.712699,0.522865,0.356198,0.3523,0.955054,0.716305,0.878134,0.14939,0.572837;84@0.524309,0.838668,0.806554,0.65102,0.716272,0.609663,0.979052,0.130153,0.926149,0.917229,0.997664;82@0.895206;47@0.427464,0.039252,0.037725,0.812063,0.455275,0.323145,0.840934,0.427352,0.599051,0.6832,0.208957;9@0.970655,0.002348,0.093772,0.215255,0.044528,0.138661,0.425978,0.120499,0.773626,0.542872,0.383219;39@0.836269,0.352253,0.157478,0.555033,0.833811,0.461225,0.617724,0.287672,0.353198;88@0.223521,0.990047,0.140282,0.808435,0.123613,0.35647,0.845978;30@0.632453,0.762573,0.020839,0.317173,0.467884,0.989411,0.730602,0.451279,0.28248,0.920988|1|1762487393
I20251108 00:02:58.851426 139717798590272 data_text_parser.cc:116] beg_pos: 18102,end_pos: 20300
I20251108 00:02:58.851444 139717798590272 data_text_parser.cc:59] line: 453|73|1720@590561702:0.885532;1185@439589787:0.732194;1587@2974008132:0.097303;1048@2315676758:0.940903;1413@3106663907:0.147482;1472@1246716932:0.377864;1861@1091002897:0.405833;1430@481004830:0.969533;1384@1974938601:0.581145;1829@3440576128:0.965384;1635@2179440138:0.282228;1785@2400399280:0.259375;1712@3494879833:0.562073;1116@2220121962:0.031717;1010@1001726480:0.47443;1371@2487586201:0.293937;1381@1125400481:0.879604;1736@1828273782:0.567679;1206@1329812520:0.562288;1202@3805541200:0.567832|67@0.84117,0.787946,0.124199,0.679789,0.510745,0.100534,0.342324,0.275921,0.473148,0.5665,0.421194;56@0.554246,0.592711,0.392403,0.040366,0.377476,0.707516,0.707632,0.487516,0.430584,0.509018,0.35464,0.2371;73@0.650905,0.161858;38@0.31487,0.09472,0.760091,0.790544,0.544407,0.480765,0.056132,0.227566,0.270937,0.456459;1@;14@0.127993,0.02815,0.016221,0.786832,0.026598,0.159669,0.500495,0.90259,0.56391;41@;32@0.94759,0.242753,0.252698,0.354986;70@0.038001,0.902125,0.087615,0.5426;43@0.590935,0.066852,0.61557,0.178598,0.431545,0.944385,0.754865,0.092436,0.780546,0.016497,0.084397;65@0.666511,0.790597,0.337644,0.15941;20@0.063674,0.559282,0.635687,0.017071;40@0.677539,0.681219,0.630803;100@0.214636;37@0.12164,0.952007,0.530338,0.202251,0.844306,0.721149,0.243858,0.205774,0.921466,0.372502,0.839644,0.415209,0.53102;27@0.526974,0.02236,0.535194,0.282471,0.592163,0.632558,0.829268;92@0.715556,0.427414,0.542507,0.567636,0.547617;10@0.174812,0.107746,0.333841,0.699557,0.667187,0.340001,0.498986,0.551128,0.028072,0.797469,0.06612,0.823132;75@0.7794,0.575979,0.670186,0.970152,0.897024,0.011325,0.872308,0.577999,0.784143,0.612711;84@0.766347,0.293709,0.122151,0.822843,0.96462,0.701526,0.281961,0.071099,0.127042,0.809055,0.933284;82@0.804948;47@0.208723,0.360986,0.15985,0.812265,0.756308,0.252945,0.041733,0.4158,0.927575,0.515078,0.569053;9@0.787942,0.732535,0.869926,0.365886,0.373256,0.091317,0.808801,0.885,0.327344,0.73409,0.270186;39@0.395929,0.691422,0.283269,0.419793,0.123543,0.297235,0.26366,0.767886,0.33569;88@0.716402,0.480918,0.158581,0.387864,0.750087,0.951067,0.427541;30@0.732963,0.767059,0.130728,0.944117,0.269588,0.89907,0.848616,0.69544,0.401365,0.692208|1|1762487393
I20251108 00:02:58.851469 139717798590272 data_text_parser.cc:116] beg_pos: 20301,end_pos: 20480
I20251108 00:02:58.851715 139717798590272 data_text_parser.cc:101] get chunk buffer, size: 20480
I20251108 00:02:58.851741 139717798590272 data_text_parser.cc:116] beg_pos: 0,end_pos: 2024
I20251108 00:02:58.851758 139717798590272 data_text_parser.cc:61] buffer line: 454|445|1720@2351151640:0.176732;1185@3785935562:0.754024;1587@1821887720:0.135742;1048@134009987:0.016249;1413@3525142297:0.275448;1472@45903971:0.233792;1861@1522001921:0.198464;1430@659404624:0.912005;1384@100718116:0.112899;1829@931421832:0.274396;1635@3427210687:0.19124;1785@2796723332:0.514126;1712@3189354891:0.415;1116@4115388823:0.345998;1010@3671052056:0.671076;1371@1377934992:0.562964;1381@2605547763:0.86192;1736@4070281718:0.00911;1206@3937398965:0.415464;1202@3684172086:0.157841|67@0.42983,0.306109,0.190474,0.658655,0.70163,0.464722,0.431881,0.321836,0.175803,0.766966,0.653768;56@0.599122,0.631183,0.098872,0.985638,0.295184,0.310152,0.742086,0.189952,0.218788,0.755931,0.680936,0.041283;73@0.786663,0.411054;38@0.771167,0.642877,0.58128,0.388356,0.940596,0.784627,0.759036,0.347688,0.906812,0.743778;1@;14@0.846229,0.479032,0.090673,0.926814,0.101676,0.230258,0.195522,0.666082,0.577457;41@;32@0.960303,0.086976,0.578166,0.084327;70@0.308376,0.651444,0.484915,0.670445;43@0.373724,0.42683,0.355172,0.104497,0.634837,0.452841,0.843614,0.617344,0.349063,0.943086,0.76012;65@0.4199,0.151481,0.428167,0.188961;20@0.58783,0.72277,0.076397,0.787273;40@0.96119,0.077861,0.284871;100@0.962859;37@0.689353,0.148679,0.316624,0.788448,0.210772,0.29562,0.545917,0.880538,0.129035,0.606715,0.198717,0.724605,0.34971;27@0.163709,0.354295,0.12693,0.801941,0.437168,0.19121,0.226483;92@0.918277,0.103005,0.291815,0.292683,0.825777;10@0.768847,0.512339,0.208381,0.818143,0.79165,0.280429,0.202806,0.29448,0.284203,0.782703,0.539785,0.705075;75@0.560862,0.663502,0.17015,0.53019,0.236269,0.773643,0.379696,0.111702,0.744144,0.136266;84@0.792158,0.808906,0.580201,0.265719,0.590834,0.475075,0.588288,0.683181,0.429931,0.378707,0.958195;82@0.74896;47@0.404973,0.925999,0.949063,0.403696,0.090905,0.447159,0.80155,0.699054,0.285373,0.920025,0.242587;9@0.909509,0.800898,0.86166,0.046854,0.658856,0.215592,0.766782,0.727409,0.817446,0.690783,0.332302;39@0.423439,0.014709,0.410351,0.669854,0.305467,0.182699,0.345414,0.675447,0.344855;88@0.75464,0.656115,0.453779,0.994344,0.928198,0.031354,0.842536;30@0.471959,0.963713,0.687482,0.879175,0.423487,0.865403,0.558395,0.399517,0.741817,0.705553|1|1762487393
I20251108 00:02:58.851798 139717798590272 data_text_parser.cc:116] beg_pos: 2025,end_pos: 4234
I20251108 00:02:58.851810 139717798590272 data_text_parser.cc:59] line: 455|918|1720@3714254317:0.060781;1185@915166061:0.857484;1587@2588229631:0.358194;1048@2678751332:0.216254;1413@2100840490:0.349572;1472@2636790218:0.25983;1861@3386807361:0.598585;1430@1668704855:0.683308;1384@4057282100:0.745029;1829@2272895234:0.238044;1635@868390234:0.279125;1785@677931614:0.512103;1712@664299382:0.322965;1116@2386914005:0.242363;1010@2058981767:0.396105;1371@562966790:0.652954;1381@671607413:0.010329;1736@945649059:0.675412;1206@3445673940:0.164373;1202@1129142386:0.580515|67@0.998588,0.145369,0.562795,0.827314,0.348226,0.576746,0.749342,0.821856,0.208366,0.242439,0.403559;56@0.486541,0.489987,0.733777,0.51031,0.909765,0.064919,0.729297,0.681675,0.844334,0.090277,0.007835,0.440235;73@0.280018,0.179546;38@0.090501,0.903145,0.937838,0.657613,0.09394,0.44211,0.013466,0.290428,0.526421,0.827845;1@;14@0.981664,0.139455,0.143678,0.489556,0.675798,0.990735,0.735915,0.07635,0.239843;41@;32@0.330152,0.995666,0.980627,0.338761;70@0.403972,0.073772,0.519663,0.266251;43@0.877653,0.255197,0.673193,0.511124,0.934164,0.21485,0.710258,0.89761,0.339735,0.763664,0.774822;65@0.055089,0.588644,0.864469,0.471441;20@0.189567,0.290009,0.362419,0.901286;40@0.505877,0.335153,0.765583;100@0.893511;37@0.900924,0.613305,0.529294,0.598974,0.408666,0.634963,0.574475,0.530168,0.696255,0.934966,0.11624,0.72476,0.020544;27@0.910989,0.090924,0.004268,0.195944,0.621525,0.332247,0.633673;92@0.311472,0.305111,0.965417,0.641903,0.382306;10@0.451007,0.651811,0.081965,0.285267,0.89754,0.973389,0.792998,0.015454,0.156261,0.100054,0.504727,0.994798;75@0.126953,0.000975,0.777766,0.972496,0.918358,0.36296,0.594865,0.751169,0.479028,0.73671;84@0.405365,0.392211,0.142817,0.501175,0.485184,0.654714,0.00549,0.801638,0.426734,0.963099,0.496839;82@0.684259;47@0.10971,0.244063,0.705674,0.544298,0.057718,0.259549,0.599747,0.524579,0.144749,0.303038,0.475763;9@0.504799,0.54113,0.523932,0.973377,0.719686,0.830302,0.177286,0.158724,0.636616,0.542925,0.00268;39@0.96075,0.880094,0.49905,0.215641,0.15556,0.493655,0.077441,0.241314,0.108716;88@0.823835,0.989812,0.496689,0.144844,0.210411,0.45701,0.675369;30@0.489448,0.665708,0.262619,0.556301,0.571404,0.17238,0.863733,0.732756,0.676854,0.984499|0|1762487393
I20251108 00:02:58.851846 139717798590272 data_text_parser.cc:116] beg_pos: 4235,end_pos: 6438
I20251108 00:02:58.851859 139717798590272 data_text_parser.cc:59] line: 456|93|1720@2450492849:0.280218;1185@3086043324:0.777886;1587@757188979:0.341364;1048@664891748:0.653669;1413@2849318247:0.124901;1472@2785771063:0.118903;1861@435690990:0.867112;1430@2513149630:0.201185;1384@4248007074:0.066098;1829@1377368329:0.023121;1635@878708374:0.320208;1785@2532964674:0.31516;1712@2745410194:0.835737;1116@3221155904:0.674686;1010@1110877387:0.433385;1371@4142455973:0.609802;1381@3408261475:0.133385;1736@2942509217:0.489749;1206@1519275299:0.526488;1202@3398179400:0.337363|67@0.908128,0.756369,0.201557,0.647728,0.383679,0.27,0.39213,0.425729,0.672186,0.274666,0.082277;56@0.305801,0.074154,0.782691,0.761333,0.510955,0.429428,0.157372,0.528993,0.624314,0.997361,0.600038,0.877639;73@0.694647,0.137842;38@0.850421,0.217759,0.598797,0.935377,0.569174,0.904635,0.9731,0.71259,0.276575,0.043529;1@;14@0.470565,0.283155,0.573235,0.162956,0.930603,0.275599,0.169267,0.700663,0.832507;41@;32@0.588842,0.576561,0.15284,0.39405;70@0.888864,0.079194,0.971315,0.491898;43@0.646054,0.951295,0.315076,0.254588,0.739433,0.013335,0.478435,0.884865,0.910122,0.901594,0.274933;65@0.459582,0.499976,0.968836,0.435889;20@0.288042,0.991089,0.160897,0.734703;40@0.312023,0.348962,0.550869;100@0.818686;37@0.942775,0.835955,0.861125,0.821681,0.209334,0.175665,0.279427,0.043648,0.960776,0.764579,0.559926,0.142961,0.088859;27@0.224755,0.94038,0.744279,0.023464,0.031594,0.104128,0.21608;92@0.757676,0.910924,0.728664,0.294866,0.9607;10@0.220485,0.495579,0.740632,0.87261,0.118812,0.719427,0.32798,0.256441,0.425557,0.557819,0.70864,0.199472;75@0.203559,0.815452,0.026988,0.615744,0.832358,0.715247,0.131979,0.623301,0.799181,0.175764;84@0.766031,0.86216,0.65735,0.807058,0.146017,0.750044,0.465531,0.009095,0.904082,0.151238,0.472234;82@0.587541;47@0.546995,0.078144,0.716236,0.665594,0.700436,0.029559,0.163562,0.787947,0.990759,0.008211,0.75826;9@0.108288,0.204912,0.907463,0.193626,0.315604,0.501995,0.265143,0.241602,0.400793,0.888479,0.666894;39@0.628148,0.35319,0.660387,0.409251,0.58696,0.657405,0.160777,0.62924,0.948157;88@0.007673,0.889286,0.469203,0.823642,0.057493,0.994691,0.834599;30@0.562782,0.381467,0.132639,0.9644,0.803463,0.897091,0.5671,0.809835,0.146858,0.85718|0|1762487393
I20251108 00:02:58.851896 139717798590272 data_text_parser.cc:116] beg_pos: 6439,end_pos: 8642
I20251108 00:02:58.851909 139717798590272 data_text_parser.cc:59] line: 457|546|1720@378769739:0.770772;1185@2173029357:0.930419;1587@3812086297:0.320041;1048@4076860981:0.767284;1413@3554889036:0.02968;1472@2218196935:0.653149;1861@796393361:0.850781;1430@1860191995:0.312035;1384@3777803744:0.53679;1829@3372193811:0.775478;1635@1425111588:0.965722;1785@3471346304:0.66934;1712@1077288996:0.124311;1116@2295831580:0.974839;1010@2301352976:0.660032;1371@1412716694:0.707184;1381@3261286658:0.893994;1736@3979565753:0.839103;1206@2356483436:0.896196;1202@2264334885:0.071427|67@0.159363,0.772173,0.165527,0.322516,0.012045,0.377314,0.814106,0.209895,0.718185,0.277942,0.876271;56@0.289175,0.799224,0.01656,0.815767,0.419527,0.756399,0.529325,0.211489,0.939082,0.896976,0.696904,0.610755;73@0.169029,0.757712;38@0.519777,0.524267,0.82934,0.100373,0.463103,0.801456,0.973805,0.296546,0.018965,0.441276;1@;14@0.729741,0.386642,0.219998,0.217692,0.760349,0.438956,0.977879,0.132471,0.87097;41@;32@0.397499,0.142776,0.058898,0.03838;70@0.433309,0.092966,0.15832,0.032585;43@0.313317,0.522704,0.713493,0.61736,0.721753,0.923785,0.52706,0.222294,0.688852,0.418754,0.167103;65@0.729218,0.480796,0.274925,0.146537;20@0.11007,0.61533,0.066257,0.892715;40@0.719729,0.342467,0.275041;100@0.394703;37@0.80918,0.38045,0.488978,0.687202,0.728986,0.274286,0.340611,0.495224,0.532413,0.741946,0.893918,0.93078,0.759333;27@0.58792,0.518758,0.387561,0.710686,0.070253,0.957793,0.409384;92@0.14861,0.321079,0.373898,0.869787,0.070034;10@0.48881,0.313958,0.931337,0.212939,0.051555,0.89563,0.84742,0.91482,0.734644,0.428329,0.115485,0.929817;75@0.148021,0.964119,0.827973,0.84315,0.189805,0.422729,0.429022,0.975084,0.888225,0.375065;84@0.950282,0.063671,0.839748,0.160267,0.646764,0.654747,0.394537,0.310512,0.612137,0.204407,0.452436;82@0.184087;47@0.730834,0.5879,0.283927,0.529411,0.556517,0.455687,0.817206,0.86454,0.343524,0.879063,0.600238;9@0.43698,0.873015,0.621927,0.966362,0.023787,0.497256,0.652667,0.622331,0.017992,0.316377,0.4902;39@0.7231,0.103035,0.539941,0.351463,0.479248,0.616054,0.542148,0.509475,0.402751;88@0.635851,0.832964,0.640364,0.702706,0.464191,0.216465,0.289987;30@0.148647,0.007883,0.563364,0.747753,0.688341,0.290995,0.298793,0.372476,0.267564,0.5293|0|1762487393
I20251108 00:02:58.851984 139717798590272 data_text_parser.cc:116] beg_pos: 8643,end_pos: 10845
I20251108 00:02:58.851997 139717798590272 data_text_parser.cc:59] line: 458|913|1720@2984190535:0.178749;1185@1937589774:0.827378;1587@317921590:0.205056;1048@2240894782:0.895037;1413@3763703376:0.097835;1472@2513591685:0.428116;1861@1532064346:0.497278;1430@3125326995:0.42341;1384@3825278640:0.647073;1829@2786805035:0.818459;1635@4150280404:0.227283;1785@1601585854:0.799926;1712@3468536258:0.246811;1116@2469374617:0.830826;1010@3919475299:0.646379;1371@2954807749:0.864906;1381@3207437325:0.492782;1736@3099396657:0.856532;1206@259914828:0.760068;1202@632022:0.069315|67@0.104097,0.619109,0.413604,0.344089,0.106485,0.146827,0.087726,0.280363,0.9593,0.736655,0.614528;56@0.708153,0.655069,0.915971,0.453629,0.946115,0.170201,0.04918,0.333986,0.743871,0.724352,0.741307,0.668345;73@0.935128,0.229522;38@0.857306,0.368203,0.5924,0.290598,0.650804,0.859866,0.733925,0.970895,0.764853,0.271929;1@;14@0.137701,0.694427,0.142441,0.568478,0.80817,0.564448,0.628193,0.646847,0.550306;41@;32@0.917108,0.130319,0.081953,0.72181;70@0.711316,0.782354,0.773179,0.566897;43@0.019387,0.97578,0.07384,0.293489,0.610758,0.279363,0.960581,0.896008,0.241972,0.257508,0.740118;65@0.310398,0.668382,0.862783,0.455068;20@0.939806,0.994161,0.609181,0.721852;40@0.88458,0.862107,0.189739;100@0.276044;37@0.600139,0.417602,0.304128,0.395403,0.967897,0.860278,0.055486,0.123663,0.242835,0.36897,0.96863,0.103215,0.161529;27@0.135909,0.553465,0.053756,0.62999,0.720592,0.549106,0.440647;92@0.164188,0.440744,0.016455,0.638943,0.38453;10@0.564655,0.945208,0.960874,0.80441,0.382805,0.574096,0.465872,0.102232,0.354591,0.32979,0.77595,0.73515;75@0.391398,0.232134,0.517378,0.727956,0.155127,0.023595,0.735497,0.720182,0.172074,0.35563;84@0.026599,0.337341,0.417346,0.41999,0.594555,0.206519,0.37278,0.917724,0.770982,0.154644,0.508265;82@0.380213;47@0.481262,0.717775,0.487289,0.572428,0.734105,0.857781,0.314422,0.800703,0.96667,0.783808,0.03167;9@0.987489,0.331133,0.422758,0.4579,0.622336,0.28187,0.822739,0.987559,0.011716,0.261058,0.957634;39@0.573497,0.1539,0.259246,0.716942,0.693413,0.844426,0.363997,0.119277,0.436432;88@0.020758,0.810584,0.651024,0.507989,0.519154,0.716258,0.072938;30@0.182124,0.167356,0.520171,0.886676,0.168557,0.721182,0.571146,0.857514,0.140511,0.890221|0|1762487393
I20251108 00:02:58.852029 139717798590272 data_text_parser.cc:116] beg_pos: 10846,end_pos: 13054
I20251108 00:02:58.852041 139717798590272 data_text_parser.cc:59] line: 459|266|1720@406065246:0.037179;1185@3045786381:0.388966;1587@576569215:0.14229;1048@2837082906:0.863615;1413@441920341:0.741542;1472@3070711360:0.916373;1861@1095561240:0.235107;1430@434412426:0.512769;1384@286919781:0.065454;1829@2520475347:0.009093;1635@1584785799:0.320829;1785@4207365738:0.686543;1712@4132823514:0.659456;1116@39122736:0.54804;1010@4099626160:0.091601;1371@238332336:0.179332;1381@982935899:0.749789;1736@2436197483:0.51159;1206@4244646477:0.349445;1202@1681935328:0.696356|67@0.911834,0.502642,0.485862,0.45069,0.220837,0.950099,0.657719,0.498144,0.800797,0.156469,0.869522;56@0.899153,0.426519,0.374974,0.108123,0.700427,0.495647,0.820146,0.198553,0.072575,0.656893,0.957943,0.941252;73@0.329103,0.169529;38@0.018612,0.255007,0.056616,0.34635,0.204259,0.697719,0.0575,0.727485,0.868958,0.21002;1@;14@0.655758,0.030336,0.951794,0.133595,0.532625,0.155812,0.263098,0.380367,0.126502;41@;32@0.328708,0.67872,0.060103,0.185188;70@0.917577,0.945112,0.827295,0.045878;43@0.103108,0.135524,0.76566,0.473799,0.366352,0.809386,0.847947,0.670086,0.375561,0.155286,0.322827;65@0.220354,0.719054,0.472849,0.413;20@0.493391,0.81877,0.212964,0.856454;40@0.051273,0.294643,0.290733;100@0.547438;37@0.254158,0.469703,0.143595,0.962296,0.68287,0.728974,0.953339,0.317836,0.307092,0.640618,0.725442,0.027598,0.409152;27@0.696182,0.214649,0.683652,0.344825,0.002746,0.502907,0.812153;92@0.065369,0.848999,0.519736,0.06728,0.084872;10@0.784012,0.346893,0.112393,0.460002,0.350731,0.564937,0.845455,0.051709,0.485567,0.784091,0.414286,0.871026;75@0.874102,0.263859,0.408052,0.279156,0.573051,0.361375,0.378866,0.594311,0.402758,0.596381;84@0.788289,0.179433,0.348544,0.256677,0.018284,0.004672,0.308117,0.417833,0.337853,0.314845,0.322186;82@0.916431;47@0.406472,0.302551,0.372131,0.931567,0.387411,0.876253,0.50862,0.558393,0.256874,0.466353,0.722392;9@0.327977,0.587425,0.522548,0.448281,0.025882,0.152753,0.996573,0.948295,0.685321,0.20008,0.091159;39@0.494697,0.506739,0.240076,0.372393,0.589794,0.461707,0.61959,0.771236,0.772884;88@0.726674,0.446168,0.595982,0.320404,0.542123,0.159027,0.223704;30@0.060396,0.818624,0.589921,0.884418,0.517239,0.25564,0.255721,0.068092,0.088074,0.363887|0|1762487393
I20251108 00:02:58.852083 139717798590272 data_text_parser.cc:116] beg_pos: 13055,end_pos: 15264
I20251108 00:02:58.852096 139717798590272 data_text_parser.cc:59] line: 460|321|1720@2898255839:0.402201;1185@1749090963:0.861701;1587@369898783:0.913403;1048@3189299700:0.36371;1413@1356091309:0.387021;1472@2522880830:0.805745;1861@2008093870:0.888189;1430@2557164171:0.644006;1384@2640019365:0.849741;1829@3380624910:0.866336;1635@4199307575:0.078331;1785@3663308605:0.393923;1712@2685101412:0.154062;1116@679865738:0.88042;1010@2556491067:0.09971;1371@4242143327:0.177095;1381@1359559711:0.237077;1736@3120959419:0.479213;1206@1580258924:0.482583;1202@431011675:0.423114|67@0.478673,0.800992,0.562525,0.140839,0.124549,0.229242,0.056293,0.459999,0.567539,0.693207,0.117131;56@0.067786,0.381945,0.443545,0.08315,0.615607,0.317726,0.98429,0.189679,0.078216,0.251707,0.966559,0.427701;73@0.061329,0.474836;38@0.0001,0.53414,0.030569,0.419347,0.108508,0.515635,0.321003,0.901847,0.858555,0.46872;1@;14@0.566921,0.537661,0.056555,0.56826,0.63364,0.726021,0.588971,0.931146,0.189618;41@;32@0.57775,0.114386,0.581375,0.929216;70@0.192029,0.649819,0.647992,0.220538;43@0.589337,0.895803,0.319415,0.071348,0.915893,0.119065,0.527284,0.140463,0.385329,0.422951,0.991837;65@0.052981,0.819111,0.845605,0.152333;20@0.476815,0.735599,0.542057,0.609287;40@0.077316,0.513924,0.620108;100@0.71171;37@0.134932,0.688106,0.252111,0.285734,0.396876,0.454436,0.913676,0.625174,0.49548,0.691308,0.97067,0.2849,0.603497;27@0.979093,0.341307,0.486832,0.718566,0.640031,0.953799,0.69817;92@0.438161,0.376089,0.567193,0.319509,0.469879;10@0.810716,0.924529,0.534484,0.585782,0.997279,0.676749,0.490692,0.66501,0.222195,0.030631,0.741682,0.360246;75@0.560905,0.563805,0.39791,0.904338,0.740509,0.556125,0.631681,0.091723,0.311505,0.868636;84@0.960103,0.832992,0.803622,0.710131,0.276096,0.462921,0.650824,0.292324,0.798274,0.92986,0.78902;82@0.918866;47@0.557416,0.185378,0.014574,0.434684,0.178126,0.20808,0.350408,0.527346,0.124229,0.66064,0.655096;9@0.618635,0.056159,0.846881,0.777222,0.805925,0.44632,0.311958,0.731804,0.803053,0.853408,0.573394;39@0.429042,0.921513,0.611164,0.797182,0.771332,0.087256,0.156692,0.043965,0.215806;88@0.749256,0.036383,0.442472,0.193883,0.467488,0.627873,0.389857;30@0.295417,0.067874,0.748043,0.446981,0.506543,0.941047,0.810183,0.719211,0.366921,0.189644|0|1762487393
I20251108 00:02:58.852131 139717798590272 data_text_parser.cc:116] beg_pos: 15265,end_pos: 17476
I20251108 00:02:58.852144 139717798590272 data_text_parser.cc:59] line: 461|302|1720@2971532568:0.017844;1185@2091136492:0.301067;1587@1111812407:0.165295;1048@1114861572:0.237002;1413@489038322:0.154111;1472@3328208769:0.059054;1861@711609309:0.528599;1430@93288364:0.390185;1384@3220509780:0.201608;1829@2317567759:0.977923;1635@965581287:0.559297;1785@2637100260:0.791219;1712@1063176690:0.298712;1116@3304666677:0.555001;1010@1393268503:0.432723;1371@2403724663:0.111599;1381@4140331801:0.418005;1736@44502325:0.849011;1206@3800352156:0.952757;1202@2374897053:0.328808|67@0.293002,0.911022,0.909456,0.591533,0.788682,0.681739,0.012835,0.422214,0.200124,0.15905,0.580618;56@0.575417,0.088422,0.883208,0.25598,0.863739,0.050944,0.019068,0.428839,0.100209,0.862642,0.258782,0.887391;73@0.841541,0.369659;38@0.630977,0.814366,0.519316,0.06626,0.571858,0.183407,0.093271,0.794128,0.28634,0.006422;1@;14@0.384562,0.756631,0.817975,0.321411,0.385082,0.279795,0.477145,0.197477,0.538717;41@;32@0.393456,0.195232,0.075485,0.834786;70@0.116251,0.342212,0.324771,0.470161;43@0.660169,0.971407,0.382522,0.78024,0.601964,0.511209,0.055902,0.853119,0.253078,0.796842,0.272063;65@0.559343,0.839555,0.762309,0.186453;20@0.54161,0.463023,0.715162,0.964751;40@0.432027,0.307039,0.092281;100@0.462083;37@0.70193,0.410374,0.922316,0.818798,0.542974,0.769288,0.246034,0.67015,0.08485,0.408626,0.547569,0.278515,0.204942;27@0.156261,0.196958,0.231105,0.093372,0.2927,0.470821,0.201051;92@0.804829,0.972899,0.663956,0.84759,0.544419;10@0.763508,0.787688,0.1002,0.863929,0.116826,0.085645,0.839986,0.96661,0.500397,0.272047,0.388489,0.668507;75@0.602131,0.972049,0.739647,0.374906,0.220469,0.366707,0.968651,0.941176,0.089811,0.732359;84@0.349446,0.070573,0.567538,0.297701,0.465144,0.681558,0.615936,0.051811,0.116995,0.8606,0.84555;82@0.52342;47@0.866212,0.404994,0.765688,0.329777,0.205249,0.939045,0.432367,0.737794,0.319624,0.000204,0.369439;9@0.392532,0.677278,0.821698,0.820856,0.356703,0.684115,0.039773,0.613909,0.597423,0.243724,0.069331;39@0.286137,0.712895,0.929542,0.776574,0.455415,0.058637,0.996027,0.698237,0.677253;88@0.174502,0.913581,0.079297,0.792591,0.622222,0.016705,0.432821;30@0.309175,0.641793,0.492944,0.059302,0.636802,0.015094,0.476391,0.562152,0.046547,0.575696|0|1762487393
I20251108 00:02:58.852182 139717798590272 data_text_parser.cc:116] beg_pos: 17477,end_pos: 19684
I20251108 00:02:58.852194 139717798590272 data_text_parser.cc:59] line: 462|273|1720@2865869589:0.088253;1185@3649286411:0.956138;1587@2453911398:0.073992;1048@3103017184:0.258462;1413@559082563:0.922618;1472@4055454213:0.105017;1861@1965853671:0.988453;1430@2580749596:0.288843;1384@664891748:0.913345;1829@1105331811:0.719963;1635@867559462:0.708226;1785@2491623690:0.388069;1712@433828296:0.454551;1116@3230620429:0.050141;1010@2508326120:0.362366;1371@4262005569:0.508683;1381@3728173777:0.864692;1736@239412599:0.449078;1206@3767970278:0.045527;1202@1225165347:0.183499|67@0.53714,0.070565,0.836668,0.731063,0.066303,0.192691,0.273904,0.578161,0.77849,0.262588,0.517832;56@0.444567,0.818094,0.49543,0.2622,0.714161,0.397223,0.268021,0.568365,0.795828,0.107915,0.516364,0.60051;73@0.290703,0.43075;38@0.694528,0.72535,0.438406,0.474983,0.591378,0.741443,0.192508,0.620385,0.139864,0.303966;1@;14@0.50822,0.664283,0.190239,0.150775,0.898858,0.510089,0.589919,0.12673,0.270933;41@;32@0.202561,0.926238,0.745139,0.277102;70@0.920705,0.103738,0.496263,0.034837;43@0.351293,0.01987,0.525214,0.304237,0.663897,0.175287,0.021928,0.596614,0.208093,0.436749,0.31593;65@0.006806,0.84804,0.218527,0.456899;20@0.367615,0.747464,0.165005,0.872651;40@0.581662,0.788449,0.53025;100@0.432334;37@0.215684,0.234205,0.014802,0.786593,0.926518,0.415934,0.993287,0.752718,0.567047,0.10019,0.055995,0.105649,0.028422;27@0.652791,0.672756,0.209843,0.412212,0.151866,0.658965,0.370975;92@0.886131,0.245156,0.614189,0.474244,0.113049;10@0.562451,0.654126,0.892837,0.58551,0.875843,0.93441,0.503537,0.913043,0.724081,0.626684,0.734781,0.110139;75@0.56339,0.836767,0.584624,0.431068,0.866886,0.965493,0.715197,0.237247,0.233667,0.278566;84@0.706792,0.982925,0.197715,0.090594,0.682889,0.967674,0.033997,0.754225,0.99853,0.149766,0.663101;82@0.901591;47@0.03022,0.740431,0.72687,0.655517,0.248855,0.909688,0.017233,0.668346,0.715195,0.98574,0.864749;9@0.873766,0.023079,0.578384,0.419031,0.520331,0.579111,0.51156,0.331355,0.539687,0.114718,0.805789;39@0.797481,0.194548,0.71453,0.078206,0.399835,0.703204,0.060548,0.745167,0.855152;88@0.128683,0.769842,0.656708,0.273008,0.295978,0.538097,0.240146;30@0.78503,0.717398,0.152788,0.898585,0.290071,0.388787,0.010693,0.534477,0.292042,0.968944|0|1762487393
I20251108 00:02:58.852220 139717798590272 data_text_parser.cc:116] beg_pos: 19685,end_pos: 20480
I20251108 00:02:58.852469 139717798590272 data_text_parser.cc:101] get chunk buffer, size: 20480
I20251108 00:02:58.852490 139717798590272 data_text_parser.cc:116] beg_pos: 0,end_pos: 1413
I20251108 00:02:58.852526 139717798590272 data_text_parser.cc:61] buffer line: 463|260|1720@620397616:0.266179;1185@2193399721:0.435799;1587@4190352849:0.937075;1048@2164658106:0.187642;1413@66031209:0.440514;1472@1674540399:0.474648;1861@3730801408:0.253097;1430@638516995:0.436629;1384@4022481644:0.278117;1829@1664219714:0.126037;1635@381871221:0.63531;1785@762573949:0.512213;1712@133999643:0.381656;1116@654115836:0.234456;1010@796752603:0.104213;1371@518709194:0.276612;1381@456456546:0.697364;1736@3817710597:0.041201;1206@3696271260:0.563587;1202@4243938313:0.886916|67@0.203745,0.685412,0.032441,0.498713,0.032243,0.245125,0.347299,0.782582,0.545348,0.934403,0.279362;56@0.426453,0.904962,0.751471,0.333868,0.274883,0.652397,0.549962,0.310775,0.926801,0.991593,0.352097,0.052239;73@0.550992,0.427022;38@0.609382,0.622272,0.055206,0.956416,0.62438,0.204393,0.373186,0.616621,0.351714,0.380963;1@;14@0.187416,0.807314,0.578968,0.084025,0.153863,0.662093,0.968338,0.122386,0.380591;41@;32@0.483386,0.68443,0.978773,0.209062;70@0.799582,0.958441,0.755561,0.971737;43@0.85386,0.832323,0.23817,0.285558,0.20493,0.542135,0.060985,0.30284,0.005697,0.540284,0.780769;65@0.772045,0.947546,0.571246,0.686723;20@0.66203,0.481761,0.199716,0.81736;40@0.421377,0.984246,0.390476;100@0.155809;37@0.020206,0.711534,0.27439,0.451194,0.639569,0.745391,0.772796,0.415536,0.93535,0.682917,0.175753,0.220502,0.302577;27@0.994323,0.115172,0.795645,0.264963,0.023135,0.39722,0.507617;92@0.009993,0.238139,0.968176,0.25365,0.226952;10@0.897615,0.290953,0.280381,0.962784,0.797196,0.70451,0.966304,0.687574,0.417973,0.159493,0.737494,0.371608;75@0.174721,0.862863,0.826394,0.906177,0.711014,0.950435,0.595285,0.554147,0.976692,0.598906;84@0.840453,0.099425,0.230313,0.866056,0.749247,0.868988,0.376987,0.996873,0.860888,0.403192,0.583833;82@0.331016;47@0.525115,0.560663,0.639236,0.333614,0.336745,0.825228,0.861598,0.762119,0.877296,0.695582,0.743368;9@0.506154,0.634136,0.104365,0.050137,0.680594,0.700318,0.613452,0.767979,0.307234,0.589568,0.055155;39@0.986893,0.460158,0.282447,0.356065,0.587202,0.007621,0.035666,0.873912,0.702429;88@0.559853,0.443899,0.732787,0.725834,0.212381,0.16897,0.460195;30@0.620133,0.954541,0.266524,0.069746,0.243757,0.302244,0.049887,0.878565,0.038393,0.301|0|1762487393
I20251108 00:02:58.852566 139717798590272 data_text_parser.cc:116] beg_pos: 1414,end_pos: 3630
I20251108 00:02:58.852578 139717798590272 data_text_parser.cc:59] line: 464|902|1720@319257210:0.405038;1185@1305069319:0.754169;1587@577835168:0.699849;1048@2469845070:0.32161;1413@2644751741:0.201561;1472@28401576:0.03453;1861@824301447:0.054873;1430@2203308287:0.929272;1384@2361308083:0.589267;1829@3957958353:0.233646;1635@1586493004:0.141131;1785@3046711421:0.089256;1712@3748632025:0.914214;1116@1019700381:0.026902;1010@1176597584:0.904928;1371@1807852393:0.162669;1381@2806330915:0.990486;1736@2209297695:0.292821;1206@2703301005:0.573496;1202@4073731725:0.015861|67@0.070322,0.673648,0.929004,0.438691,0.159599,0.529516,0.611724,0.433021,0.697927,0.325653,0.728142;56@0.650378,0.140268,0.893336,0.880159,0.749313,0.986987,0.113591,0.26667,0.003011,0.885216,0.736631,0.579431;73@0.768133,0.683004;38@0.957598,0.402744,0.845167,0.253538,0.975037,0.603956,0.991531,0.062905,0.838832,0.636064;1@;14@0.694131,0.213309,0.405841,0.600614,0.045194,0.806035,0.114642,0.576987,0.27533;41@;32@0.8819,0.859003,0.935066,0.155899;70@0.557019,0.25429,0.340202,0.205478;43@0.796117,0.247222,0.628818,0.263473,0.353142,0.489426,0.216409,0.880151,0.292968,0.972882,0.441067;65@0.783798,0.771916,0.043548,0.072906;20@0.814083,0.034754,0.967511,0.269637;40@0.521029,0.859591,0.737349;100@0.580263;37@0.710362,0.303081,0.921773,0.997392,0.517717,0.62107,0.114908,0.920845,0.429048,0.669277,0.006366,0.687049,0.312322;27@0.187989,0.064548,0.866594,0.766865,0.510384,0.280316,0.769276;92@0.346104,0.708905,0.019413,0.621609,0.439146;10@0.146284,0.237251,0.402387,0.994297,0.550859,0.699858,0.88171,0.60907,0.817129,0.314496,0.50417,0.359497;75@0.073003,0.152376,0.956412,0.107161,0.585399,0.182871,0.830963,0.669326,0.415928,0.153293;84@0.281067,0.351168,0.615957,0.492433,0.57147,0.812999,0.929662,0.830106,0.793944,0.65818,0.450643;82@0.944461;47@0.103186,0.903878,0.96378,0.859009,0.516844,0.612921,0.708794,0.513676,0.767221,0.649056,0.759599;9@0.922981,0.703202,0.111381,0.008458,0.700274,0.840535,0.948959,0.971464,0.679233,0.743852,0.068654;39@0.807129,0.975212,0.865398,0.572151,0.350556,0.68622,0.808133,0.760196,0.159269;88@0.486106,0.737008,0.032735,0.63591,0.173964,0.334103,0.293979;30@0.761262,0.393853,0.214871,0.205118,0.781812,0.666031,0.803328,0.376704,0.863037,0.544362|0|1762487393
I20251108 00:02:58.852621 139717798590272 data_text_parser.cc:116] beg_pos: 3631,end_pos: 5838
I20251108 00:02:58.852633 139717798590272 data_text_parser.cc:59] line: 465|534|1720@2574393267:0.9532;1185@3506271873:0.643576;1587@692387444:0.428218;1048@1377368329:0.075699;1413@1730758909:0.241762;1472@1517370225:0.83319;1861@104280169:0.068202;1430@73457197:0.875799;1384@4055480415:0.97437;1829@2449819758:0.689817;1635@3113406419:0.775221;1785@736812003:0.990842;1712@2203255463:0.530597;1116@2026509237:0.031065;1010@1196846574:0.74409;1371@2145584469:0.508521;1381@3507301829:0.557827;1736@3357847356:0.839805;1206@875544408:0.311275;1202@3009185362:0.365512|67@0.812765,0.635863,0.714584,0.129449,0.164895,0.884009,0.822747,0.866636,0.09187,0.77249,0.628222;56@0.128308,0.060793,0.87315,0.910644,0.141956,0.327278,0.202854,0.800215,0.717413,0.158863,0.340079,0.769233;73@0.654132,0.02767;38@0.293898,0.936355,0.325896,0.482897,0.292524,0.613622,0.299708,0.452165,0.218407,0.976711;1@;14@0.201821,0.143803,0.653998,0.479996,0.018175,0.14767,0.926611,0.484827,0.375907;41@;32@0.785686,0.263378,0.504663,0.932762;70@0.81015,0.32279,0.524638,0.88004;43@0.237883,0.578412,0.724551,0.248718,0.215453,0.882161,0.857264,0.821431,0.963968,0.075934,0.718214;65@0.841578,0.376804,0.017323,0.506928;20@0.642495,0.247959,0.689143,0.417366;40@0.376287,0.90613,0.008849;100@0.168108;37@0.093451,0.484346,0.459377,0.006661,0.221708,0.896021,0.651465,0.128191,0.517994,0.062588,0.720996,0.825457,0.436078;27@0.834297,0.900255,0.560783,0.74797,0.962631,0.287713,0.719225;92@0.619553,0.46083,0.733277,0.815994,0.554458;10@0.019461,0.782357,0.866343,0.198811,0.106215,0.275009,0.288799,0.80454,0.432902,0.241853,0.302595,0.56274;75@0.164915,0.477004,0.088088,0.158375,0.657184,0.955649,0.39412,0.635652,0.34196,0.54498;84@0.830861,0.746589,0.604118,0.941261,0.308542,0.456605,0.391638,0.815315,0.286941,0.707345,0.227011;82@0.040072;47@0.309346,0.187673,0.326452,0.014806,0.575564,0.760441,0.420861,0.147475,0.335333,0.638352,0.533361;9@0.155445,0.989835,0.142737,0.872225,0.166058,0.177074,0.136445,0.675812,0.477026,0.237282,0.402376;39@0.055352,0.07647,0.096991,0.595894,0.66461,0.604163,0.340719,0.431131,0.970637;88@0.576369,0.839477,0.717629,0.181701,0.064449,0.90828,0.225814;30@0.884165,0.424323,0.147269,0.141378,0.650677,0.396317,0.853832,0.561486,0.775552,0.713256|0|1762487393
I20251108 00:02:58.852677 139717798590272 data_text_parser.cc:116] beg_pos: 5839,end_pos: 8052
I20251108 00:02:58.852689 139717798590272 data_text_parser.cc:59] line: 466|310|1720@577727121:0.849145;1185@3318752147:0.595772;1587@2925479933:0.609704;1048@3895373517:0.443806;1413@1950129434:0.373797;1472@287794581:0.12116;1861@2618571280:0.523896;1430@515191597:0.402197;1384@500371833:0.362109;1829@1451835536:0.910554;1635@1457665977:0.323741;1785@4110336323:0.214511;1712@702210818:0.197687;1116@1308020452:0.663762;1010@2190975809:0.030218;1371@2857393181:0.05797;1381@773885196:0.548165;1736@3223640334:0.847724;1206@11345079:0.929558;1202@2689345927:0.517811|67@0.586607,0.835949,0.35586,0.879155,0.933684,0.261868,0.493313,0.211473,0.635664,0.171551,0.043734;56@0.917283,0.654184,0.785785,0.396754,0.277679,0.196304,0.973027,0.926997,0.622921,0.310847,0.042575,0.085467;73@0.922624,0.338617;38@0.071978,0.036399,0.577178,0.920876,0.292736,0.264597,0.848393,0.777474,0.107344,0.606031;1@;14@0.295559,0.526727,0.742763,0.293136,0.970884,0.14382,0.344468,0.30909,0.046539;41@;32@0.852281,0.551784,0.366406,0.7979;70@0.80165,0.450596,0.232244,0.943284;43@0.319251,0.765842,0.090889,0.887619,0.941203,0.463113,0.986435,0.851991,0.441089,0.786584,0.327304;65@0.327967,0.643739,0.322446,0.029208;20@0.475124,0.511696,0.220947,0.011873;40@0.218185,0.156634,0.275773;100@0.300291;37@0.413093,0.636627,0.492015,0.560233,0.045503,0.964399,0.811406,0.256724,0.625647,0.971526,0.918669,0.48881,0.326055;27@0.800878,0.880481,0.080746,0.481898,0.168086,0.436293,0.640703;92@0.46179,0.042591,0.826689,0.495933,0.197573;10@0.857218,0.114068,0.636248,0.536302,0.752539,0.261125,0.418983,0.439007,0.707213,0.97897,0.636514,0.612778;75@0.807438,0.623568,0.970594,0.858003,0.855165,0.115598,0.758134,0.182462,0.240587,0.671683;84@0.314541,0.907561,0.908061,0.187497,0.619783,0.920249,0.577834,0.015611,0.509901,0.998605,0.488398;82@0.249462;47@0.252884,0.270143,0.661645,0.435105,0.857045,0.32831,0.994848,0.275259,0.533358,0.733131,0.884014;9@0.147722,0.764642,0.944446,0.810014,0.540776,0.117062,0.037504,0.419275,0.09571,0.734025,0.229544;39@0.794761,0.52123,0.788228,0.883545,0.136417,0.055306,0.118895,0.231084,0.741069;88@0.090386,0.503383,0.279857,0.404544,0.826041,0.81445,0.83164;30@0.536457,0.198631,0.126046,0.823491,0.380257,0.778021,0.857722,0.330028,0.144223,0.094587|0|1762487393
I20251108 00:02:58.852728 139717798590272 data_text_parser.cc:116] beg_pos: 8053,end_pos: 10256
I20251108 00:02:58.852736 139717798590272 data_text_parser.cc:59] line: 467|423|1720@394511890:0.059962;1185@4238837736:0.970129;1587@891106642:0.953007;1048@1192084018:0.242334;1413@2689770678:0.073459;1472@2186835721:0.319557;1861@1076835326:0.594819;1430@2628547285:0.649321;1384@3177212145:0.499674;1829@1454929798:0.217761;1635@1263565163:0.265413;1785@3999478121:0.477685;1712@3358082688:0.04282;1116@2157030992:0.257806;1010@2047881806:0.122896;1371@756248270:0.128452;1381@4111512972:0.233957;1736@825892325:0.791497;1206@2879318771:0.270794;1202@2381780315:0.499813|67@0.33594,0.391531,0.039615,0.552759,0.770263,0.956075,0.211919,0.770237,0.399122,0.437576,0.770092;56@0.442959,0.176819,0.367864,0.429556,0.241575,0.883557,0.496897,0.0696,0.220043,0.248158,0.431245,0.650108;73@0.484078,0.865438;38@0.15598,0.41576,0.938641,0.411381,0.116382,0.58488,0.876716,0.742036,0.695099,0.467774;1@;14@0.893708,0.763951,0.089078,0.43549,0.588387,0.538775,0.931225,0.571102,0.077014;41@;32@0.487409,0.93879,0.416603,0.972571;70@0.261907,0.0624,0.339425,0.769428;43@0.023204,0.720673,0.81884,0.498168,0.767785,0.692264,0.482995,0.997009,0.706631,0.90134,0.326259;65@0.949401,0.639783,0.930656,0.739687;20@0.84417,0.317487,0.055019,0.575341;40@0.889372,0.906502,0.236748;100@0.731085;37@0.566871,0.575865,0.545658,0.255533,0.743154,0.211196,0.11641,0.373645,0.067472,0.02656,0.115152,0.720495,0.932694;27@0.611864,0.906552,0.944141,0.167979,0.039504,0.273685,0.804515;92@0.286442,0.185997,0.6542,0.896709,0.025029;10@0.508968,0.721509,0.915112,0.060398,0.241973,0.449876,0.969247,0.474496,0.083613,0.657582,0.832281,0.915016;75@0.84381,0.36196,0.377406,0.736984,0.70697,0.918591,0.269851,0.110308,0.969623,0.148436;84@0.456611,0.772031,0.43499,0.354754,0.856301,0.185993,0.498751,0.684784,0.955249,0.742285,0.634399;82@0.949186;47@0.168507,0.359793,0.815003,0.385442,0.694256,0.46912,0.766148,0.428657,0.533873,0.08702,0.279484;9@0.688986,0.952536,0.218076,0.186528,0.8402,0.673562,0.7596,0.90782,0.028977,0.265913,0.508185;39@0.421033,0.157733,0.846129,0.125445,0.017047,0.376414,0.860775,0.600689,0.893915;88@0.930264,0.684875,0.989064,0.849113,0.698852,0.129325,0.494917;30@0.833391,0.47651,0.715778,0.183241,0.649623,0.858001,0.741497,0.018252,0.454216,0.128796|0|1762487393

s:  <DataFlow.csrc.pybind_module.BatchRow object at 0x7f1288b26630>
s:  <DataFlow.csrc.pybind_module.BatchRow object at 0x7f1288b26c70>
s:  <DataFlow.csrc.pybind_module.BatchRow object at 0x7f1288cf6ef0>
s:  <DataFlow.csrc.pybind_module.BatchRow object at 0x7f1288b26c70>
s:  <DataFlow.csrc.pybind_module.BatchRow object at 0x7f1288cf6ef0>
s:  <DataFlow.csrc.pybind_module.BatchRow object at 0x7f1288b26c70>
s:  <DataFlow.csrc.pybind_module.BatchRow object at 0x7f1288cf6ef0>
s:  <DataFlow.csrc.pybind_module.BatchRow object at 0x7f1288b26c70>
s:  <DataFlow.csrc.pybind_module.BatchRow object at 0x7f1288cf6ef0>
s:  <DataFlow.csrc.pybind_module.BatchRow object at 0x7f1288b26c70>
s:  <DataFlow.csrc.pybind_module.BatchRow object at 0x7f1288cf6ef0>
s:  <DataFlow.csrc.pybind_module.BatchRow object at 0x7f1288b26c70>
s:  <DataFlow.csrc.pybind_module.BatchRow object at 0x7f1288cf6ef0>
s:  <DataFlow.csrc.pybind_module.BatchRow object at 0x7f1288b26c70>
s:  <DataFlow.csrc.pybind_module.BatchRow object at 0x7f1288cf6ef0>
s:  <DataFlow.csrc.pybind_module.BatchRow object at 0x7f1288b26c70>
s:  <DataFlow.csrc.pybind_module.BatchRow object at 0x7f1288cf6ef0>
s:  <DataFlow.csrc.pybind_module.BatchRow object at 0x7f1288b26c70>
s:  <DataFlow.csrc.pybind_module.BatchRow object at 0x7f1288cf6ef0>
s:  <DataFlow.csrc.pybind_module.BatchRow object at 0x7f1288b26c70>
s:  <DataFlow.csrc.pybind_module.BatchRow object at 0x7f1288cf6ef0>
s:  <DataFlow.csrc.pybind_module.BatchRow object at 0x7f1288b26c70>
s:  <DataFlow.csrc.pybind_module.BatchRow object at 0x7f1288cf6ef0>
s:  <DataFlow.csrc.pybind_module.BatchRow object at 0x7f1288b26c70>
s:  <DataFlow.csrc.pybind_module.BatchRow object at 0x7f1288cf6ef0>
s:  <DataFlow.csrc.pybind_module.BatchRow object at 0x7f1288b26c70>
s:  <DataFlow.csrc.pybind_module.BatchRow object at 0x7f1288cf6ef0>
s:  <DataFlow.csrc.pybind_module.BatchRow object at 0x7f1288b26c70>
s:  <DataFlow.csrc.pybind_module.BatchRow object at 0x7f1288cf6ef0>
s:  <DataFlow.csrc.pybind_module.BatchRow object at 0x7f1288b26c70>
s:  <DataFlow.csrc.pybind_module.BatchRow object at 0x7f1288cf6ef0>
s:  <DataFlow.csrc.pybind_module.BatchRow object at 0x7f1288b26c70>
s:  <DataFlow.csrc.pybind_module.BatchRow object at 0x7f1288cf6ef0>
s:  <DataFlow.csrc.pybind_module.BatchRow object at 0x7f1288b26c70>
s:  <DataFlow.csrc.pybind_module.BatchRow object at 0x7f1288cf6ef0>
s:  <DataFlow.csrc.pybind_module.BatchRow object at 0x7f1288b26c70>
s:  <DataFlow.csrc.pybind_module.BatchRow object at 0x7f1288cf6ef0>
s:  <DataFlow.csrc.pybind_module.BatchRow object at 0x7f1288b26c70>
s:  <DataFlow.csrc.pybind_module.BatchRow object at 0x7f1288cf6ef0>
s:  <DataFlow.csrc.pybind_module.BatchRow object at 0x7f1288b26c70>
s:  <DataFlow.csrc.pybind_module.BatchRow object at 0x7f1288cf6ef0>
s:  <DataFlow.csrc.pybind_module.BatchRow object at 0x7f1288b26c70>
s:  <DataFlow.csrc.pybind_module.BatchRow object at 0x7f1288cf6ef0>
s:  <DataFlow.csrc.pybind_module.BatchRow object at 0x7f1288b26c70>
s:  <DataFlow.csrc.pybind_module.BatchRow object at 0x7f1288cf6ef0>
s:  <DataFlow.csrc.pybind_module.BatchRow object at 0x7f1288b26c70>
s:  <DataFlow.csrc.pybind_module.BatchRow object at 0x7f1288cf6ef0>
s:  <DataFlow.csrc.pybind_module.BatchRow object at 0x7f1288b26c70>
s:  <DataFlow.csrc.pybind_module.BatchRow object at 0x7f1288cf6ef0>
s:  <DataFlow.csrc.pybind_module.BatchRow object at 0x7f1288b26c70>
s:  <DataFlow.csrc.pybind_module.BatchRow object at 0x7f1288cf6ef0>
s:  <DataFlow.csrc.pybind_module.BatchRow object at 0x7f1288b26c70>
s:  <DataFlow.csrc.pybind_module.BatchRow object at 0x7f1288cf6ef0>
s:  <DataFlow.csrc.pybind_module.BatchRow object at 0x7f1288b26c70>
s:  <DataFlow.csrc.pybind_module.BatchRow object at 0x7f1288cf6ef0>
s:  <DataFlow.csrc.pybind_module.BatchRow object at 0x7f1288b26c70>
s:  <DataFlow.csrc.pybind_module.BatchRow object at 0x7f1288cf6ef0>
s:  <DataFlow.csrc.pybind_module.BatchRow object at 0x7f1288b26c70>
s:  <DataFlow.csrc.pybind_module.BatchRow object at 0x7f1288cf6ef0>
s:  <DataFlow.csrc.pybind_module.BatchRow object at 0x7f1288b26c70>
s:  <DataFlow.csrc.pybind_module.BatchRow object at 0x7f1288cf6ef0>
s:  <DataFlow.csrc.pybind_module.BatchRow object at 0x7f1288b26c70>
s:  <DataFlow.csrc.pybind_module.BatchRow object at 0x7f1288cf6ef0>
s:  <DataFlow.csrc.pybind_module.BatchRow object at 0x7f1288b26c70>
s:  <DataFlow.csrc.pybind_module.BatchRow object at 0x7f1288cf6ef0>
s:  <DataFlow.csrc.pybind_module.BatchRow object at 0x7f1288b26c70>
s:  <DataFlow.csrc.pybind_module.BatchRow object at 0x7f1288cf6ef0>
s:  <DataFlow.csrc.pybind_module.BatchRow object at 0x7f1288b26c70>
s:  <DataFlow.csrc.pybind_module.BatchRow object at 0x7f1288cf6ef0>
s:  <DataFlow.csrc.pybind_module.BatchRow object at 0x7f1288b26c70>
s:  <DataFlow.csrc.pybind_module.BatchRow object at 0x7f1288cf6ef0>
s:  <DataFlow.csrc.pybind_module.BatchRow object at 0x7f1288b26c70>
s:  <DataFlow.csrc.pybind_module.BatchRow object at 0x7f1288cf6ef0>
s:  <DataFlow.csrc.pybind_module.BatchRow object at 0x7f1288b26c70>
s:  <DataFlow.csrc.pybind_module.BatchRow object at 0x7f1288cf6ef0>
s:  <DataFlow.csrc.pybind_module.BatchRow object at 0x7f1288b26c70>
s:  <DataFlow.csrc.pybind_module.BatchRow object at 0x7f1288cf6ef0>
s:  <DataFlow.csrc.pybind_module.BatchRow object at 0x7f1288b26c70>
s:  <DataFlow.csrc.pybind_module.BatchRow object at 0x7f1288cf6ef0>
s:  <DataFlow.csrc.pybind_module.BatchRow object at 0x7f1288b26c70>
s:  <DataFlow.csrc.pybind_module.BatchRow object at 0x7f1288cf6ef0>
s:  <DataFlow.csrc.pybind_module.BatchRow object at 0x7f1288b26c70>
s:  <DataFlow.csrc.pybind_module.BatchRow object at 0x7f1288cf6ef0>
s:  <DataFlow.csrc.pybind_module.BatchRow object at 0x7f1288b26c70>
s:  <DataFlow.csrc.pybind_module.BatchRow object at 0x7f1288cf6ef0>
s:  <DataFlow.csrc.pybind_module.BatchRow object at 0x7f1288b26c70>
s:  <DataFlow.csrc.pybind_module.BatchRow object at 0x7f1288cf6ef0>
s:  <DataFlow.csrc.pybind_module.BatchRow object at 0x7f1288b26c70>
s:  <DataFlow.csrc.pybind_module.BatchRow object at 0x7f1288cf6ef0>
s:  <DataFlow.csrc.pybind_module.BatchRow object at 0x7f1288b26c70>
s:  <DataFlow.csrc.pybind_module.BatchRow object at 0x7f1288cf6ef0>
s:  <DataFlow.csrc.pybind_module.BatchRow object at 0x7f1288b26c70>
s:  <DataFlow.csrc.pybind_module.BatchRow object at 0x7f1288cf6ef0>
s:  <DataFlow.csrc.pybind_module.BatchRow object at 0x7f1288b26c70>
s:  <DataFlow.csrc.pybind_module.BatchRow object at 0x7f1288cf6ef0>
s:  <DataFlow.csrc.pybind_module.BatchRow object at 0x7f1288b26c70>
s:  <DataFlow.csrc.pybind_module.BatchRow object at 0x7f1288cf6ef0>
s:  <DataFlow.csrc.pybind_module.BatchRow object at 0x7f1288b26c70>
s:  <DataFlow.csrc.pybind_module.BatchRow object at 0x7f1288cf6ef0>
s:  <DataFlow.csrc.pybind_module.BatchRow object at 0x7f1288b26c70>
s:  <DataFlow.csrc.pybind_module.BatchRow object at 0x7f1288cf6ef0>
s:  <DataFlow.csrc.pybind_module.BatchRow object at 0x7f1288b26c70>
s:  <DataFlow.csrc.pybind_module.BatchRow object at 0x7f1288cf6ef0>
s:  <DataFlow.csrc.pybind_module.BatchRow object at 0x7f1288b26c70>
s:  <DataFlow.csrc.pybind_module.BatchRow object at 0x7f1288cf6ef0>
s:  <DataFlow.csrc.pybind_module.BatchRow object at 0x7f1288b26c70>
s:  <DataFlow.csrc.pybind_module.BatchRow object at 0x7f1288cf6ef0>
s:  <DataFlow.csrc.pybind_module.BatchRow object at 0x7f1288b26c70>
s:  <DataFlow.csrc.pybind_module.BatchRow object at 0x7f1288cf6ef0>
s:  <DataFlow.csrc.pybind_module.BatchRow object at 0x7f1288b26c70>
s:  <DataFlow.csrc.pybind_module.BatchRow object at 0x7f1288cf6ef0>
s:  <DataFlow.csrc.pybind_module.BatchRow object at 0x7f1288b26c70>
s:  <DataFlow.csrc.pybind_module.BatchRow object at 0x7f1288cf6ef0>
s:  <DataFlow.csrc.pybind_module.BatchRow object at 0x7f1288b26c70>
s:  <DataFlow.csrc.pybind_module.BatchRow object at 0x7f1288cf6ef0>
s:  <DataFlow.csrc.pybind_module.BatchRow object at 0x7f1288b26c70>
s:  <DataFlow.csrc.pybind_module.BatchRow object at 0x7f1288cf6ef0>
s:  <DataFlow.csrc.pybind_module.BatchRow object at 0x7f1288b26c70>
s:  <DataFlow.csrc.pybind_module.BatchRow object at 0x7f1288cf6ef0>
s:  <DataFlow.csrc.pybind_module.BatchRow object at 0x7f1288b26c70>
s:  <DataFlow.csrc.pybind_module.BatchRow object at 0x7f1288cf6ef0>I20251108 00:02:58.852796 139717798590272 data_text_parser.cc:116] beg_pos: 10257,end_pos: 12469
I20251108 00:02:58.852808 139717798590272 data_text_parser.cc:59] line: 468|983|1720@2152191127:0.352537;1185@4098443610:0.519146;1587@2290909213:0.922823;1048@4192453684:0.267853;1413@1717788341:0.463065;1472@3166446901:0.559314;1861@175960903:0.34704;1430@1541237659:0.011746;1384@4166655004:0.624456;1829@2456557948:0.417859;1635@94857964:0.131997;1785@1910430348:0.739085;1712@984075703:0.276456;1116@3212197357:0.018341;1010@3193441415:0.985186;1371@2991886930:0.583768;1381@1384209439:0.612066;1736@2927830357:0.113108;1206@2112628257:0.603749;1202@123540072:0.100829|67@0.583356,0.613223,0.84792,0.605068,0.61711,0.351021,0.778013,0.449835,0.575946,0.074672,0.843116;56@0.797189,0.745108,0.472345,0.784923,0.513894,0.125493,0.95036,0.525247,0.256347,0.581767,0.269388,0.573324;73@0.68898,0.45234;38@0.216635,0.758769,0.592111,0.982101,0.067733,0.070639,0.15374,0.075671,0.658178,0.573721;1@;14@0.830083,0.362809,0.723642,0.196967,0.788331,0.912922,0.945071,0.611675,0.604999;41@;32@0.028081,0.572974,0.077711,0.40939;70@0.806927,0.886785,0.374205,0.077858;43@0.611576,0.87207,0.775485,0.193779,0.466723,0.622216,0.943144,0.418624,0.964326,0.114108,0.770133;65@0.801555,0.771974,0.074749,0.115603;20@0.809207,0.239206,0.153567,0.593438;40@0.918477,0.14582,0.317859;100@0.929612;37@0.21923,0.71386,0.606937,0.789962,0.935664,0.378015,0.104237,0.94082,0.539897,0.080509,0.044891,0.494067,0.364267;27@0.282792,0.981631,0.182599,0.660013,0.434299,0.086452,0.582868;92@0.649725,0.920011,0.941987,0.096752,0.650524;10@0.076559,0.435501,0.781197,0.12673,0.40957,0.462845,0.795777,0.657377,0.89428,0.422218,0.440742,0.728144;75@0.201928,0.417372,0.822925,0.522709,0.634151,0.543184,0.299494,0.543654,0.685452,0.288406;84@0.729313,0.327053,0.450337,0.619629,0.209131,0.474624,0.60772,0.97384,0.059833,0.274859,0.09669;82@0.478093;47@0.514104,0.129555,0.857484,0.710132,0.895721,0.275556,0.426313,0.409686,0.033177,0.024958,0.884786;9@0.723079,0.112701,0.710291,0.606705,0.773333,0.722331,0.780126,0.429971,0.344419,0.762901,0.663435;39@0.176486,0.130641,0.526879,0.259813,0.997024,0.853062,0.039587,0.114126,0.646739;88@0.234006,0.527722,0.969942,0.533311,0.000423,0.136445,0.055433;30@0.515745,0.195278,0.084621,0.490032,0.391516,0.45056,0.902802,0.092138,0.505318,0.060939|1|1762487393
I20251108 00:02:58.852845 139717798590272 data_text_parser.cc:116] beg_pos: 12470,end_pos: 14673
I20251108 00:02:58.852858 139717798590272 data_text_parser.cc:59] line: 469|611|1720@3366329351:0.7486;1185@2230551967:0.537891;1587@3139340385:0.087448;1048@586037458:0.056796;1413@752160270:0.756475;1472@3398179400:0.199445;1861@341667861:0.316125;1430@4084362672:0.556245;1384@876729658:0.723959;1829@1791342291:0.684864;1635@766582193:0.366679;1785@1244243561:0.817926;1712@2642397168:0.919663;1116@643838911:0.202167;1010@22565576:0.327289;1371@3185100720:0.162895;1381@134593958:0.722731;1736@2654810638:0.179312;1206@976073144:0.718399;1202@847577081:0.224965|67@0.371854,0.26118,0.225773,0.19825,0.513327,0.814709,0.798065,0.071317,0.086075,0.367908,0.212877;56@0.660678,0.244324,0.457009,0.85135,0.459777,0.085471,0.133051,0.05456,0.128622,0.589112,0.011912,0.482627;73@0.121593,0.614208;38@0.29354,0.508795,0.170151,0.530377,0.54845,0.356326,0.353881,0.597135,0.558614,0.757392;1@;14@0.978507,0.852293,0.824484,0.428355,0.211006,0.56504,0.619248,0.725596,0.549517;41@;32@0.970931,0.944004,0.430925,0.611231;70@0.397503,0.283371,0.688791,0.657034;43@0.248698,0.077454,0.395756,0.659499,0.675982,0.375588,0.20325,0.094796,0.1332,0.172382,0.089764;65@0.174323,0.311296,0.146867,0.222753;20@0.869001,0.998499,0.489339,0.141298;40@0.935991,0.973586,0.281162;100@0.833678;37@0.543634,0.466885,0.26591,0.199418,0.759825,0.345221,0.600836,0.641258,0.355713,0.641028,0.395556,0.043459,0.910661;27@0.547041,0.912892,0.041995,0.911825,0.400752,0.223872,0.389709;92@0.811254,0.080137,0.428333,0.609709,0.90465;10@0.618774,0.015043,0.478153,0.163522,0.825235,0.990932,0.327313,0.214252,0.519135,0.404587,0.139709,0.91999;75@0.495361,0.947177,0.32731,0.732399,0.818389,0.958464,0.645135,0.023735,0.789746,0.393053;84@0.389124,0.252381,0.049769,0.447891,0.272159,0.587457,0.680077,0.014874,0.107468,0.836352,0.466139;82@0.482215;47@0.089957,0.065993,0.968131,0.53377,0.422821,0.13887,0.112907,0.147057,0.819038,0.250276,0.069584;9@0.733513,0.586932,0.652855,0.124479,0.100519,0.972624,0.000963,0.011543,0.088694,0.157311,0.827835;39@0.564604,0.886845,0.209403,0.599328,0.324419,0.241656,0.340995,0.802379,0.243096;88@0.043383,0.862967,0.702882,0.666729,0.372856,0.2666,0.873;30@0.590923,0.996513,0.328166,0.511681,0.984712,0.709323,0.676575,0.320148,0.840441,0.241986|1|1762487393
I20251108 00:02:58.852899 139717798590272 data_text_parser.cc:116] beg_pos: 14674,end_pos: 16885
I20251108 00:02:58.852912 139717798590272 data_text_parser.cc:59] line: 470|882|1720@3684714447:0.484754;1185@2470317925:0.75865;1587@607013985:0.375918;1048@3770603000:0.238412;1413@1210485021:0.95419;1472@1285230045:0.019816;1861@631027976:0.163639;1430@2495077052:0.43795;1384@1358772904:0.127181;1829@4235844142:0.153835;1635@4207650500:0.742293;1785@1468162071:0.339571;1712@3113054039:0.380389;1116@3906533850:0.129875;1010@1030102679:0.126751;1371@4050859371:0.126125;1381@1008220519:0.602189;1736@2176587067:0.878003;1206@3402379159:0.013581;1202@829335755:0.76122|67@0.371701,0.579188,0.565131,0.967141,0.95087,0.325876,0.415477,0.880718,0.677516,0.641242,0.995174;56@0.398559,0.94028,0.645959,0.612574,0.538598,0.180181,0.561057,0.270014,0.124356,0.788635,0.802311,0.656392;73@0.439518,0.110542;38@0.456954,0.211775,0.779197,0.633038,0.868467,0.097521,0.44694,0.494981,0.751574,0.250645;1@;14@0.184781,0.051749,0.386078,0.193788,0.89024,0.969331,0.104578,0.731452,0.713605;41@;32@0.670875,0.675817,0.397282,0.946642;70@0.046289,0.349828,0.153937,0.595241;43@0.933871,0.649661,0.597576,0.109922,0.392716,0.790234,0.081884,0.082388,0.861874,0.141452,0.80703;65@0.051982,0.339396,0.267685,0.535853;20@0.979156,0.761706,0.20902,0.109706;40@0.464576,0.942498,0.735411;100@0.125278;37@0.531421,0.733521,0.658202,0.636475,0.965357,0.282747,0.76718,0.689782,0.847144,0.350997,0.563005,0.680511,0.129377;27@0.674115,0.731572,0.679567,0.79227,0.710849,0.65495,0.468955;92@0.92258,0.043557,0.437071,0.218665,0.345;10@0.303869,0.846766,0.978834,0.372041,0.640431,0.515953,0.775972,0.233158,0.06939,0.992729,0.173195,0.721443;75@0.114508,0.151535,0.399395,0.997323,0.930389,0.713007,0.943057,0.581277,0.423073,0.59401;84@0.187747,0.123552,0.388752,0.667532,0.939773,0.055381,0.31231,0.029261,0.910071,0.835015,0.944496;82@0.691382;47@0.590502,0.802731,0.773577,0.093994,0.05986,0.183823,0.833137,0.582505,0.113684,0.042483,0.569872;9@0.487861,0.420618,0.078366,0.063739,0.698413,0.620665,0.332939,0.837167,0.018203,0.155662,0.511832;39@0.622349,0.607503,0.024751,0.636911,0.497118,0.543993,0.812502,0.409994,0.558423;88@0.681739,0.763683,0.090383,0.011832,0.804478,0.43206,0.962925;30@0.970845,0.06642,0.421584,0.495806,0.854514,0.543737,0.211431,0.675402,0.469687,0.570354|0|1762487393
I20251108 00:02:58.852943 139717798590272 data_text_parser.cc:116] beg_pos: 16886,end_pos: 19099
I20251108 00:02:58.852955 139717798590272 data_text_parser.cc:59] line: 471|136|1720@2334243250:0.603849;1185@2732610767:0.257297;1587@126277670:0.106688;1048@812977241:0.76806;1413@857165004:0.542799;1472@2000943663:0.48275;1861@2315119937:0.287128;1430@3473007297:0.510456;1384@1498660683:0.107232;1829@2894455321:0.088332;1635@2731668564:0.884223;1785@2050313165:0.249748;1712@1555409002:0.22307;1116@605823170:0.527417;1010@4064338616:0.751885;1371@2919204753:0.642714;1381@2122050126:0.048391;1736@2250344077:0.380221;1206@1772611130:0.554569;1202@2771401268:0.315486|67@0.04681,0.96097,0.161098,0.903678,0.316602,0.67286,0.158156,0.657959,0.717065,0.252763,0.700833;56@0.390057,0.563884,0.633582,0.310454,0.467959,0.609879,0.891152,0.03645,0.500133,0.56617,0.994337,0.672325;73@0.686539,0.506994;38@0.607433,0.525317,0.758142,0.385915,0.647832,0.429864,0.505776,0.28978,0.035949,0.198048;1@;14@0.135822,0.637697,0.962621,0.335384,0.099123,0.142514,0.42465,0.136753,0.259743;41@;32@0.760766,0.358657,0.397206,0.183123;70@0.567006,0.389069,0.640381,0.144885;43@0.907208,0.891525,0.482816,0.45613,0.239731,0.262287,0.766377,0.010245,0.831673,0.028257,0.191813;65@0.667532,0.314828,0.119787,0.766366;20@0.630411,0.174106,0.833216,0.211417;40@0.819617,0.857909,0.641877;100@0.705056;37@0.760747,0.535077,0.989541,0.823275,0.756482,0.862982,0.773938,0.47473,0.140553,0.185039,0.683794,0.284895,0.095258;27@0.560281,0.661794,0.21569,0.916827,0.224043,0.042699,0.470111;92@0.019247,0.739972,0.25178,0.71713,0.090252;10@0.87282,0.062413,0.376408,0.152814,0.912419,0.746436,0.812941,0.964805,0.042532,0.945371,0.181246,0.457399;75@0.140691,0.475794,0.511944,0.517106,0.743804,0.419218,0.931262,0.214662,0.764975,0.142533;84@0.485658,0.61671,0.233598,0.378327,0.967803,0.338068,0.366712,0.806523,0.666458,0.341319,0.228677;82@0.478366;47@0.338884,0.995328,0.969462,0.648366,0.066278,0.308218,0.666219,0.186057,0.234171,0.128548,0.234274;9@0.602472,0.254021,0.881533,0.834045,0.462196,0.500394,0.632557,0.574785,0.555987,0.097173,0.997143;39@0.293691,0.200749,0.818975,0.053989,0.619325,0.319933,0.897282,0.16503,0.707842;88@0.008551,0.25441,0.760363,0.91901,0.311369,0.195124,0.232348;30@0.784379,0.340107,0.255678,0.925722,0.035436,0.132748,0.322514,0.440873,0.661868,0.012318|1|1762487393
I20251108 00:02:58.852990 139717798590272 data_text_parser.cc:116] beg_pos: 19100,end_pos: 20480
I20251108 00:02:58.853244 139717798590272 data_text_parser.cc:101] get chunk buffer, size: 20480
I20251108 00:02:58.853262 139717798590272 data_text_parser.cc:116] beg_pos: 0,end_pos: 822
I20251108 00:02:58.853269 139717798590272 data_text_parser.cc:61] buffer line: 472|146|1720@3673468533:0.213975;1185@2273752201:0.562767;1587@1368341382:0.290779;1048@2447939147:0.683671;1413@1780666939:0.148096;1472@1775260756:0.888433;1861@3762513122:0.61884;1430@450054837:0.928394;1384@4207365738:0.314619;1829@4072212837:0.279168;1635@3554846075:0.48859;1785@3418876364:0.486385;1712@895037516:0.47757;1116@2954807749:0.551817;1010@2763070047:0.61511;1371@2365445008:0.779088;1381@1281090416:0.110944;1736@2041811643:0.373728;1206@2076785294:0.168972;1202@1360629077:0.508527|67@0.523286,0.264533,0.71,0.177546,0.127545,0.635792,0.228488,0.183989,0.191707,0.0417,0.786929;56@0.956591,0.902622,0.185309,0.665148,0.014986,0.186764,0.708268,0.828596,0.317618,0.74055,0.288526,0.553923;73@0.960083,0.775775;38@0.673384,0.16189,0.377828,0.293451,0.231909,0.041564,0.985265,0.749816,0.55818,0.326988;1@;14@0.424954,0.962407,0.421046,0.589993,0.147637,0.815066,0.230744,0.873326,0.984225;41@;32@0.096372,0.374054,0.71571,0.893812;70@0.292196,0.939964,0.665055,0.419803;43@0.555833,0.40217,0.104679,0.261359,0.771029,0.055013,0.2782,0.780312,0.411182,0.076595,0.907376;65@0.045651,0.775867,0.497969,0.378592;20@0.30698,0.534453,0.589352,0.052989;40@0.968427,0.366143,0.734513;100@0.623518;37@0.233371,0.254484,0.786011,0.240843,0.136638,0.052237,0.636817,0.716599,0.576953,0.201227,0.557933,0.77521,0.519369;27@0.486607,0.22442,0.923679,0.0561,0.901965,0.028649,0.579745;92@0.366477,0.507525,0.345409,0.157245,0.553671;10@0.959876,0.747319,0.811399,0.59579,0.336396,0.031026,0.846885,0.83976,0.245876,0.014444,0.771352,0.535225;75@0.958161,0.323038,0.955881,0.957536,0.216219,0.839546,0.606034,0.523642,0.37182,0.301163;84@0.64812,0.732981,0.000231,0.476948,0.658476,0.280283,0.981762,0.444648,0.178323,0.6964,0.221088;82@0.591233;47@0.238073,0.003283,0.851114,0.942614,0.321473,0.561187,0.376735,0.1878,0.293637,0.393865,0.938869;9@0.79174,0.658008,0.892965,0.170991,0.936601,0.504738,0.224214,0.469028,0.843843,0.822972,0.937033;39@0.526175,0.322213,0.00815,0.132582,0.268356,0.163351,0.371154,0.383409,0.071731;88@0.493293,0.306215,0.937123,0.782059,0.760924,0.33256,0.627879;30@0.153221,0.937581,0.725454,0.303991,0.586552,0.846492,0.474271,0.024054,0.790735,0.772448|1|1762487393
I20251108 00:02:58.853305 139717798590272 data_text_parser.cc:116] beg_pos: 823,end_pos: 3018
I20251108 00:02:58.853318 139717798590272 data_text_parser.cc:59] line: 473|10|1720@601175867:0.996401;1185@2004586778:0.038009;1587@3067061402:0.085578;1048@2917771032:0.83621;1413@2600952994:0.574673;1472@190873622:0.770147;1861@1605168875:0.413799;1430@661220862:0.850161;1384@1747681250:0.407128;1829@1050800463:0.839818;1635@4134451299:0.444777;1785@568518617:0.159061;1712@3039575840:0.405591;1116@1550057492:0.612979;1010@1582628969:0.325022;1371@1075082996:0.793861;1381@3019979384:0.77496;1736@3017124037:0.522194;1206@3305018216:0.300494;1202@291124959:0.498581|67@0.193479,0.238522,0.899416,0.09253,0.4347,0.417634,0.095476,0.713446,0.750158,0.387907,0.311211;56@0.438799,0.928918,0.587348,0.366831,0.627074,0.290856,0.39542,0.051094,0.677006,0.220028,0.075085,0.177467;73@0.053307,0.9899;38@0.604923,0.235371,0.542668,0.174636,0.890708,0.158263,0.383694,0.833015,0.181297,0.78616;1@;14@0.444209,0.061931,0.13573,0.835021,0.203672,0.62271,0.776781,0.404796,0.189057;41@;32@0.162046,0.296403,0.276714,0.285248;70@0.204619,0.941703,0.900144,0.267445;43@0.57823,0.611116,0.782048,0.133646,0.883054,0.9378,0.15324,0.685993,0.568497,0.383679,0.767054;65@0.473639,0.8171,0.213829,0.517151;20@0.646949,0.735555,0.190991,0.461825;40@0.798431,0.998369,0.97695;100@0.084461;37@0.874096,0.279236,0.298561,0.120846,0.497068,0.57879,0.767321,0.735192,0.449905,0.89497,0.124552,0.418516,0.425169;27@0.867714,0.99826,0.276601,0.518769,0.432478,0.517974,0.334094;92@0.568122,0.788318,0.485341,0.681053,0.708155;10@0.472994,0.290253,0.822804,0.090865,0.829292,0.654837,0.224744,0.173046,0.477854,0.388978,0.77973,0.682034;75@0.473992,0.151707,0.573777,0.614271,0.310716,0.269173,0.0219,0.924583,0.511088,0.128292;84@0.655112,0.741056,0.5002,0.624132,0.58653,0.210635,0.662725,0.4596,0.05886,0.703541,0.105062;82@0.468426;47@0.625056,0.890942,0.011985,0.126741,0.29925,0.363561,0.531157,0.56974,0.291189,0.492262,0.557453;9@0.240934,0.073321,0.356104,0.364892,0.171138,0.234095,0.604736,0.446573,0.82901,0.570791,0.711489;39@0.866959,0.639021,0.092692,0.819439,0.875734,0.932961,0.438081,0.568043,0.711756;88@0.691174,0.748069,0.167528,0.007628,0.542086,0.959843,0.16094;30@0.963751,0.991572,0.613571,0.642996,0.014794,0.731396,0.360248,0.934042,0.4354,0.214965|0|1762487393
I20251108 00:02:58.853356 139717798590272 data_text_parser.cc:116] beg_pos: 3019,end_pos: 5225
I20251108 00:02:58.853369 139717798590272 data_text_parser.cc:59] line: 474|682|1720@1292139940:0.693104;1185@31495261:0.935504;1587@2437817400:0.469014;1048@1120904971:0.860909;1413@3800534935:0.117199;1472@4007794354:0.790276;1861@3564958534:0.655383;1430@3141927384:0.652639;1384@656584062:0.136403;1829@2904350852:0.830644;1635@3517472081:0.248807;1785@3674814385:0.322945;1712@2172054387:0.558751;1116@1928957093:0.177597;1010@3692018340:0.08572;1371@1668579044:0.800537;1381@392167731:0.396152;1736@406065246:0.528757;1206@253043562:0.451332;1202@1666127886:0.099513|67@0.021984,0.345873,0.59983,0.765666,0.527459,0.70709,0.828598,0.699108,0.765776,0.822713,0.172823;56@0.727686,0.060899,0.428651,0.916552,0.960335,0.651712,0.529159,0.613577,0.448328,0.913424,0.602176,0.469885;73@0.390016,0.648617;38@0.159693,0.333466,0.187477,0.730433,0.966776,0.36103,0.165506,0.657723,0.692878,0.701588;1@;14@0.409302,0.849316,0.960802,0.261984,0.048315,0.77442,0.09078,0.527406,0.860419;41@;32@0.526019,0.648566,0.736127,0.345658;70@0.446915,0.497941,0.748067,0.261053;43@0.802605,0.237786,0.962023,0.923932,0.326637,0.361452,0.195081,0.698606,0.562013,0.616232,0.828781;65@0.437858,0.258781,0.207213,0.378249;20@0.18551,0.909083,0.671832,0.458074;40@0.913727,0.950638,0.305266;100@0.31431;37@0.125606,0.911763,0.743338,0.821095,0.125404,0.766949,0.864521,0.082344,0.974209,0.855448,0.45034,0.288699,0.96374;27@0.155051,0.409742,0.430034,0.971294,0.836385,0.891879,0.965763;92@0.302939,0.983371,0.77134,0.875617,0.486332;10@0.574865,0.868007,0.71783,0.939229,0.611508,0.878566,0.370285,0.171086,0.051533,0.575656,0.647729,0.590134;75@0.284602,0.7045,0.18751,0.88788,0.51742,0.506518,0.527378,0.948563,0.121642,0.204827;84@0.9447,0.839339,0.077006,0.500018,0.026065,0.943882,0.617811,0.658145,0.32363,0.453395,0.635831;82@0.567321;47@0.036087,0.765701,0.840805,0.730247,0.441894,0.023271,0.784791,0.951089,0.332365,0.715286,0.458201;9@0.740369,0.839731,0.631289,0.538835,0.767866,0.843447,0.677903,0.239614,0.12136,0.987043,0.20209;39@0.26312,0.662109,0.580418,0.44418,0.638717,0.750502,0.62165,0.468034,0.895469;88@0.159963,0.049272,0.846315,0.451297,0.176834,0.025462,0.318373;30@0.271714,0.004619,0.365708,0.911986,0.680496,0.613027,0.776519,0.069575,0.330428,0.185299|0|1762487393
I20251108 00:02:58.853410 139717798590272 data_text_parser.cc:116] beg_pos: 5226,end_pos: 7436
I20251108 00:02:58.853422 139717798590272 data_text_parser.cc:59] line: 475|125|1720@3692018340:0.619914;1185@1315840160:0.935998;1587@3808656157:0.757513;1048@4099343397:0.410676;1413@1938765739:0.60257;1472@1154411282:0.994775;1861@92668701:0.581389;1430@2715215906:0.777868;1384@4067164996:0.233927;1829@3106416132:0.751361;1635@2057176172:0.993131;1785@3326230996:0.230951;1712@602154025:0.493181;1116@3485510052:0.307228;1010@3305366414:0.373126;1371@3638962494:0.087858;1381@1358129457:0.667388;1736@4133553823:0.745773;1206@3189904839:0.499079;1202@2654123599:0.115027|67@0.884265,0.890582,0.878571,0.316017,0.850982,0.116251,0.013218,0.492185,0.492971,0.548204,0.721893;56@0.797071,0.349616,0.771307,0.237932,0.283973,0.686302,0.282512,0.265598,0.31575,0.572542,0.149307,0.455762;73@0.752146,0.084801;38@0.674424,0.396836,0.924255,0.114653,0.586419,0.835637,0.395326,0.58644,0.237203,0.521221;1@;14@0.883708,0.563851,0.76526,0.830888,0.059273,0.684518,0.146235,0.286516,0.885446;41@;32@0.875399,0.91733,0.910412,0.123565;70@0.36548,0.978717,0.08263,0.322442;43@0.333146,0.339783,0.969622,0.797115,0.150368,0.815711,0.233302,0.155084,0.959747,0.337315,0.681067;65@0.496012,0.132378,0.529935,0.423834;20@0.148037,0.387876,0.46866,0.324601;40@0.868838,0.868987,0.8472;100@0.148725;37@0.348275,0.252274,0.013845,0.366947,0.274267,0.252078,0.594226,0.092429,0.382884,0.613985,0.77641,0.856988,0.85064;27@0.503234,0.386894,0.791412,0.724883,0.444899,0.507948,0.363528;92@0.754226,0.316512,0.812333,0.504556,0.877984;10@0.075764,0.423677,0.443747,0.837263,0.992989,0.130289,0.129485,0.457684,0.569676,0.901754,0.994379,0.910761;75@0.05843,0.886242,0.764837,0.957016,0.628078,0.47483,0.863031,0.702777,0.098232,0.238387;84@0.202934,0.70205,0.379518,0.282596,0.59136,0.866597,0.968922,0.275224,0.38676,0.883801,0.091446;82@0.27733;47@0.319941,0.925246,0.374418,0.924629,0.483247,0.582515,0.879997,0.959536,0.408186,0.474214,0.178079;9@0.193694,0.042602,0.871434,0.062876,0.034701,0.511807,0.976282,0.319748,0.575803,0.83741,0.769328;39@0.02143,0.235296,0.60621,0.953841,0.79883,0.226837,0.608472,0.382248,0.4655;88@0.526078,0.043433,0.788155,0.786181,0.872053,0.913802,0.077104;30@0.967484,0.913718,0.750422,0.311188,0.293758,0.111669,0.672912,0.229504,0.946948,0.287159|0|1762487393
I20251108 00:02:58.853454 139717798590272 data_text_parser.cc:116] beg_pos: 7437,end_pos: 9656
I20251108 00:02:58.853466 139717798590272 data_text_parser.cc:59] line: 476|924|1720@3988012459:0.641851;1185@103427188:0.211077;1587@135589189:0.840353;1048@1639601681:0.499529;1413@3249563523:0.888822;1472@3523697283:0.352298;1861@4181023177:0.281622;1430@1731105968:0.099691;1384@964556601:0.075701;1829@1861907774:0.597839;1635@1584785799:0.130196;1785@748463054:0.569795;1712@3078124074:0.126992;1116@2169600218:0.491249;1010@868380252:0.397752;1371@2552617614:0.460658;1381@1608425148:0.305015;1736@120858392:0.584565;1206@3603865936:0.359597;1202@2019591773:0.141557|67@0.468512,0.664616,0.943096,0.617129,0.749665,0.501714,0.765331,0.274711,0.96493,0.812714,0.2446;56@0.724017,0.890512,0.442504,0.177201,0.456655,0.146488,0.932759,0.181094,0.81774,0.192519,0.809948,0.517241;73@0.874695,0.884131;38@0.153201,0.158006,0.758643,0.253853,0.630965,0.957121,0.720605,0.027434,0.871798,0.379707;1@;14@0.638011,0.369136,0.028879,0.79823,0.306848,0.658114,0.976329,0.087248,0.01712;41@;32@0.523373,0.836547,0.764536,0.609305;70@0.329668,0.294497,0.051071,0.997781;43@0.122463,0.592881,0.173224,0.104917,0.332932,0.862414,0.462715,0.225918,0.876419,0.108419,0.755426;65@0.899924,0.293033,0.453312,0.562155;20@0.655073,0.760393,0.575073,0.694671;40@0.751041,0.646452,0.630455;100@0.775378;37@0.555032,0.895232,0.806313,0.747302,0.720108,0.817988,0.795312,0.092534,0.64682,0.230102,0.905466,0.146955,0.114008;27@0.770035,0.649009,0.757399,0.735737,0.246561,0.2632,0.749346;92@0.690128,0.876935,0.204449,0.070448,0.551911;10@0.154243,0.376919,0.234383,0.308595,0.115535,0.682123,0.998864,0.339819,0.362118,0.750821,0.037006,0.970979;75@0.628777,0.155867,0.842183,0.051892,0.9222,0.335778,0.732422,0.090793,0.008348,0.074043;84@0.876214,0.113017,0.744048,0.464514,0.723407,0.111811,0.770254,0.320935,0.455016,0.700696,0.856684;82@0.807239;47@0.399087,0.483646,0.990098,0.385461,0.310031,0.752258,0.925436,0.281548,0.469935,0.126634,0.779233;9@0.880884,0.166403,0.926875,0.222188,0.002767,0.509744,0.275705,0.257467,0.16008,0.051692,0.534722;39@0.640238,0.665544,0.990865,0.984055,0.469882,0.246159,0.518552,0.960095,0.972599;88@0.012491,0.235203,0.771923,0.041917,0.096308,0.467863,0.550942;30@0.373166,0.198009,0.584716,0.887828,0.631831,0.500892,0.923592,0.488714,0.555162,0.423183|1|1762487393
I20251108 00:02:58.853508 139717798590272 data_text_parser.cc:116] beg_pos: 9657,end_pos: 11867
I20251108 00:02:58.853520 139717798590272 data_text_parser.cc:59] line: 477|465|1720@3981763141:0.690928;1185@2831823675:0.100588;1587@44711014:0.597486;1048@697619755:0.161163;1413@2633217070:0.238603;1472@748967439:0.651599;1861@2263131601:0.065087;1430@1865548283:0.381853;1384@3487418601:0.087133;1829@1089463520:0.249801;1635@2207226308:0.774036;1785@1655177713:0.514264;1712@290918730:0.615791;1116@1754199133:0.867562;1010@1730758909:0.638608;1371@2720313516:0.336804;1381@1135079110:0.042063;1736@4236067136:0.112327;1206@1619415183:0.731133;1202@1896086210:0.624786|67@0.226958,0.927432,0.380348,0.75452,0.86524,0.870037,0.928732,0.049304,0.151397,0.88466,0.690935;56@0.559226,0.831699,0.999439,0.745205,0.175424,0.106206,0.2041,0.306931,0.425134,0.475538,0.279412,0.312521;73@0.395977,0.447868;38@0.137363,0.838604,0.971776,0.590806,0.068405,0.379138,0.915492,0.574326,0.994642,0.079894;1@;14@0.722497,0.913272,0.862223,0.506027,0.52002,0.138445,0.055849,0.316164,0.961792;41@;32@0.783066,0.257704,0.619761,0.629948;70@0.212463,0.279326,0.214213,0.751776;43@0.1598,0.21541,0.728936,0.741848,0.195639,0.596736,0.256921,0.582876,0.210513,0.119197,0.980763;65@0.65622,0.920203,0.452328,0.840202;20@0.7125,0.60945,0.170547,0.826404;40@0.590488,0.704681,0.252104;100@0.093244;37@0.962331,0.651313,0.861768,0.231086,0.512444,0.906791,0.520011,0.907404,0.551509,0.855495,0.24299,0.9344,0.702331;27@0.614145,0.695631,0.765111,0.131246,0.201963,0.730951,0.897996;92@0.44574,0.165472,0.903506,0.841498,0.836254;10@0.333311,0.141035,0.760168,0.438905,0.906495,0.350721,0.872805,0.614983,0.053939,0.958117,0.961095,0.20723;75@0.821147,0.151483,0.808731,0.279031,0.905703,0.700055,0.50074,0.405993,0.559884,0.615817;84@0.603406,0.965286,0.099131,0.116076,0.562362,0.971718,0.206672,0.113899,0.845194,0.362257,0.972215;82@0.647623;47@0.571453,0.871341,0.747738,0.586254,0.492966,0.338417,0.275042,0.742088,0.363339,0.662611,0.739982;9@0.037548,0.959343,0.754181,0.744515,0.167976,0.474908,0.201812,0.353162,0.063417,0.990384,0.582638;39@0.949158,0.910685,0.009677,0.9872,0.675712,0.321355,0.245644,0.212411,0.102915;88@0.126016,0.734287,0.545853,0.099096,0.269747,0.812705,0.355495;30@0.180371,0.613226,0.091598,0.941721,0.713094,0.631517,0.518299,0.330143,0.360972,0.67136|1|1762487393
I20251108 00:02:58.853556 139717798590272 data_text_parser.cc:116] beg_pos: 11868,end_pos: 14076
I20251108 00:02:58.853568 139717798590272 data_text_parser.cc:59] line: 478|302|1720@2708191286:0.07044;1185@1980381351:0.684829;1587@236676384:0.577598;1048@2846353280:0.648843;1413@1825996336:0.117157;1472@2810933910:0.391317;1861@397547140:0.698161;1430@2291249544:0.8789;1384@3158315302:0.12538;1829@3617499035:0.572754;1635@2739748942:0.373248;1785@1503176793:0.909061;1712@1925489013:0.989212;1116@778474627:0.304672;1010@562966790:0.140752;1371@3741249400:0.54903;1381@2058368594:0.914676;1736@1430599463:0.351435;1206@3573306696:0.791775;1202@2719655538:0.271397|67@0.68553,0.970575,0.796037,0.805802,0.811835,0.829276,0.19835,0.686634,0.081865,0.438023,0.853008;56@0.102807,0.564081,0.272469,0.50435,0.703475,0.635662,0.096399,0.300859,0.126532,0.469104,0.903856,0.758125;73@0.932679,0.279743;38@0.425645,0.897961,0.993252,0.110733,0.097341,0.107412,0.902074,0.624092,0.188648,0.700806;1@;14@0.07577,0.159568,0.629675,0.122459,0.449991,0.459157,0.851316,0.998281,0.032515;41@;32@0.641201,0.897502,0.554441,0.690625;70@0.052889,0.594813,0.816287,0.183159;43@0.439813,0.977569,0.34522,0.538397,0.622395,0.929556,0.969929,0.93857,0.949253,0.661878,0.587894;65@0.306396,0.514337,0.859402,0.394534;20@0.436717,0.578623,0.858066,0.18636;40@0.002666,0.456043,0.71832;100@0.475425;37@0.899747,0.649848,0.951127,0.261904,0.924277,0.877778,0.929543,0.098747,0.964406,0.010643,0.248304,0.649272,0.649694;27@0.519164,0.994616,0.35787,0.714688,0.478517,0.152061,0.533786;92@0.090768,0.074933,0.523291,0.444137,0.318863;10@0.708854,0.116737,0.686458,0.178357,0.450238,0.512238,0.2869,0.200057,0.618375,0.702469,0.620908,0.99338;75@0.336836,0.634927,0.014741,0.411038,0.242555,0.128462,0.681644,0.419717,0.590585,0.45837;84@0.326244,0.537034,0.687931,0.598956,0.618645,0.289515,0.241992,0.237384,0.15471,0.673536,0.943046;82@0.869471;47@0.796514,0.110716,0.744603,0.221912,0.284833,0.166156,0.131198,0.835492,0.277097,0.723073,0.190483;9@0.8556,0.45021,0.829761,0.615923,0.154624,0.533341,0.138127,0.848238,0.168841,0.190101,0.908909;39@0.207276,0.007547,0.101044,0.566128,0.86813,0.42037,0.641709,0.024892,0.189399;88@0.384753,0.030225,0.673659,0.143828,0.134143,0.157139,0.271657;30@0.924237,0.972723,0.197135,0.78373,0.208733,0.859306,0.605664,0.747649,0.035954,0.602207|0|1762487393
I20251108 00:02:58.853606 139717798590272 data_text_parser.cc:116] beg_pos: 14077,end_pos: 16281
I20251108 00:02:58.853618 139717798590272 data_text_parser.cc:59] line: 479|750|1720@2388967739:0.10237;1185@1262596909:0.526875;1587@3082969817:0.172526;1048@3940707945:0.109504;1413@403748608:0.00875;1472@61566614:0.959024;1861@1709521899:0.520287;1430@3049528382:0.59514;1384@1107526753:0.667047;1829@2475891279:0.472821;1635@45436087:0.485366;1785@258811035:0.351326;1712@1340458115:0.990792;1116@3061156679:0.993339;1010@665987422:0.969342;1371@756668216:0.950959;1381@3633601779:0.489711;1736@1496591422:0.909732;1206@3066275764:0.565549;1202@2546978534:0.82607|67@0.430029,0.325438,0.378499,0.209383,0.861236,0.247025,0.065357,0.623013,0.735095,0.418195,0.294807;56@0.864144,0.394139,0.280253,0.332497,0.795273,0.857549,0.998914,0.043891,0.561545,0.167711,0.311548,0.94027;73@0.81035,0.171687;38@0.296134,0.808412,0.558514,0.782074,0.452072,0.08906,0.249428,0.345718,0.379769,0.149048;1@;14@0.717484,0.61999,0.854529,0.790943,0.611638,0.257563,0.475624,0.054117,0.072903;41@;32@0.332013,0.207396,0.208533,0.988969;70@0.691016,0.704079,0.593677,0.803379;43@0.406266,0.105238,0.512718,0.016016,0.238145,0.069925,0.44655,0.149521,0.40344,0.690343,0.599231;65@0.578636,0.148198,0.230206,0.807172;20@0.939276,0.137242,0.522827,0.401845;40@0.974861,0.672844,0.639437;100@0.498366;37@0.126275,0.29361,0.377306,0.017279,0.300112,0.995083,0.537487,0.720781,0.113163,0.965333,0.966978,0.635048,0.96179;27@0.582461,0.598182,0.895133,0.222188,0.97625,0.800359,0.698824;92@0.692368,0.35651,0.397428,0.404211,0.243242;10@0.767261,0.681513,0.986379,0.173532,0.638038,0.53533,0.21815,0.492944,0.72024,0.536275,0.21139,0.109039;75@0.13795,0.379012,0.71026,0.488473,0.325714,0.844734,0.502508,0.15194,0.973985,0.041731;84@0.265031,0.662113,0.10636,0.332936,0.746019,0.156828,0.842762,0.638666,0.676936,0.063287,0.952758;82@0.196388;47@0.820033,0.334156,0.671488,0.208429,0.413264,0.14574,0.479481,0.472779,0.735172,0.199285,0.691951;9@0.966287,0.167801,0.558983,0.664423,0.038596,0.092555,0.850299,0.068651,0.341491,0.009127,0.294237;39@0.315498,0.292798,0.911593,0.913065,0.618287,0.614174,0.583742,0.024689,0.710104;88@0.269344,0.255146,0.17117,0.987649,0.126944,0.670414,0.264386;30@0.987805,0.832548,0.846017,0.340653,0.654394,0.901971,0.418488,0.168211,0.73614,0.324694|0|1762487393
I20251108 00:02:58.853653 139717798590272 data_text_parser.cc:116] beg_pos: 16282,end_pos: 18488
I20251108 00:02:58.853666 139717798590272 data_text_parser.cc:59] line: 480|493|1720@115713624:0.919532;1185@1908109441:0.038129;1587@1821230740:0.746101;1048@1367033223:0.064247;1413@658341625:0.359532;1472@1381054923:0.79875;1861@1140658298:0.485785;1430@3075744883:0.435415;1384@2667560689:0.325483;1829@1026711694:0.302093;1635@3288614747:0.417864;1785@117776126:0.124666;1712@78360542:0.014001;1116@3934613631:0.471766;1010@2363606874:0.662628;1371@691312102:0.430729;1381@2255559313:0.2954;1736@3225864655:0.197019;1206@187487879:0.124885;1202@1055415710:0.703182|67@0.413573,0.114724,0.495699,0.180303,0.823544,0.682508,0.457477,0.18195,0.396929,0.269606,0.0547;56@0.962977,0.919897,0.844186,0.429367,0.211858,0.315402,0.532842,0.794817,0.096561,0.186986,0.275751,0.68491;73@0.91039,0.967167;38@0.888347,0.339059,0.917439,0.674418,0.063708,0.221184,0.197911,0.773699,0.346634,0.224143;1@;14@0.493355,0.501024,0.35179,0.715418,0.090186,0.584483,0.670607,0.642442,0.784674;41@;32@0.257353,0.745218,0.361084,0.622381;70@0.295654,0.90196,0.712962,0.608184;43@0.094231,0.355901,0.558068,0.459689,0.454717,0.538868,0.353033,0.797927,0.355349,0.393102,0.777865;65@0.048414,0.325556,0.84555,0.024055;20@0.957136,0.473549,0.417531,0.231177;40@0.206948,0.792778,0.039597;100@0.504455;37@0.915247,0.165717,0.50653,0.810079,0.989343,0.50802,0.538193,0.188965,0.845137,0.254409,0.75102,0.092578,0.608573;27@0.872471,0.326242,0.489293,0.504406,0.738898,0.929867,0.914258;92@0.099801,0.306586,0.399378,0.938236,0.977622;10@0.666174,0.715467,0.143881,0.433804,0.415978,0.272635,0.241289,0.978429,0.488357,0.494476,0.531422,0.746093;75@0.633769,0.414324,0.02443,0.543154,0.599797,0.579719,0.265676,0.676177,0.394198,0.58024;84@0.62191,0.178801,0.578731,0.721904,0.001478,0.358557,0.972467,0.652132,0.111877,0.06309,0.14627;82@0.217641;47@0.413717,0.05022,0.958441,0.916276,0.477091,0.328401,0.574592,0.281112,0.587268,0.06881,0.870652;9@0.218939,0.746907,0.660097,0.310669,0.569619,0.099187,0.718432,0.146312,0.527273,0.035279,0.236184;39@0.433032,0.761796,0.655239,0.801662,0.535273,0.848302,0.181408,0.46253,0.235794;88@0.012344,0.944468,0.162411,0.373101,0.99751,0.253221,0.97519;30@0.871009,0.525412,0.829897,0.421573,0.598137,0.579912,0.415308,0.325424,0.923199,0.557723|0|1762487393
I20251108 00:02:58.853702 139717798590272 data_text_parser.cc:116] beg_pos: 18489,end_pos: 20480
I20251108 00:02:58.853946 139717798590272 data_text_parser.cc:101] get chunk buffer, size: 20480
I20251108 00:02:58.853959 139717798590272 data_text_parser.cc:116] beg_pos: 0,end_pos: 211
I20251108 00:02:58.853966 139717798590272 data_text_parser.cc:61] buffer line: 481|252|1720@3937813346:0.705978;1185@179695458:0.774264;1587@2922361882:0.355429;1048@2087330524:0.321706;1413@758994893:0.44404;1472@2890204435:0.02224;1861@482237324:0.778307;1430@3329334796:0.8717;1384@512948421:0.803007;1829@3937888301:0.546214;1635@3536246373:0.280608;1785@3379934638:0.17158;1712@2821135893:0.961326;1116@3639947905:0.412224;1010@1134619033:0.734305;1371@3799077486:0.243096;1381@2137604117:0.948667;1736@1847659979:0.11821;1206@4291112687:0.981633;1202@2840994480:0.395403|67@0.427513,0.76902,0.693601,0.29441,0.763048,0.646811,0.526015,0.583709,0.72389,0.11866,0.500374;56@0.332115,0.731885,0.724395,0.567313,0.03039,0.317111,0.73206,0.928042,0.362008,0.025856,0.395967,0.169739;73@0.554126,0.052801;38@0.721902,0.306058,0.189043,0.588047,0.840858,0.230919,0.95168,0.859774,0.55903,0.842389;1@;14@0.31516,0.966584,0.345822,0.829488,0.778572,0.794208,0.39478,0.667669,0.943484;41@;32@0.054687,0.657996,0.352651,0.59916;70@0.630861,0.601081,0.702065,0.120721;43@0.723157,0.268194,0.933221,0.716414,0.885588,0.981977,0.975299,0.947785,0.620035,0.565461,0.260049;65@0.658141,0.596039,0.444728,0.232663;20@0.053431,0.393487,0.972202,0.354974;40@0.2865,0.66909,0.221603;100@0.088735;37@0.747929,0.276057,0.426513,0.109761,0.50358,0.81323,0.472386,0.495044,0.758718,0.173081,0.307651,0.165479,0.918659;27@0.763004,0.714253,0.498202,0.617642,0.538235,0.875411,0.865623;92@0.830718,0.281621,0.138124,0.16883,0.320899;10@0.043732,0.405299,0.884468,0.622943,0.982471,0.590705,0.378167,0.130945,0.808659,0.236875,0.20614,0.299783;75@0.456535,0.872794,0.432411,0.897752,0.640644,0.339268,0.21052,0.017711,0.014005,0.121182;84@0.19378,0.259124,0.117162,0.507294,0.785181,0.447806,0.309275,0.324807,0.214659,0.975188,0.906014;82@0.621024;47@0.50161,0.288872,0.222039,0.297023,0.53292,0.447407,0.567074,0.657891,0.034727,0.996108,0.754164;9@0.37764,0.489331,0.615008,0.245348,0.266707,0.540927,0.009806,0.626643,0.273907,0.287553,0.105658;39@0.136749,0.402705,0.818551,0.1288,0.814353,0.409772,0.872755,0.335401,0.943031;88@0.681331,0.149346,0.193976,0.968137,0.211083,0.448657,0.538197;30@0.955644,0.716553,0.673975,0.230907,0.200236,0.137264,0.815907,0.567432,0.856006,0.678491|0|1762487393
I20251108 00:02:58.854007 139717798590272 data_text_parser.cc:116] beg_pos: 212,end_pos: 2422
I20251108 00:02:58.854020 139717798590272 data_text_parser.cc:59] line: 482|685|1720@2925224342:0.181405;1185@3015492402:0.326865;1587@1669744975:0.902516;1048@4124762573:0.795144;1413@667666768:0.914841;1472@495509902:0.025261;1861@60297059:0.79394;1430@360790217:0.725682;1384@3694123431:0.72675;1829@2856796453:0.342347;1635@2923026714:0.344883;1785@3822750722:0.845134;1712@3134433583:0.651284;1116@1667165697:0.214326;1010@1417645966:0.299039;1371@1505825534:0.030346;1381@2089577492:0.835905;1736@3871432195:0.387404;1206@3757060674:0.97919;1202@3014768390:0.764996|67@0.39879,0.074018,0.089548,0.492276,0.827566,0.500557,0.719047,0.584019,0.972948,0.525699,0.138826;56@0.585336,0.601181,0.794928,0.007656,0.068699,0.944518,0.750932,0.531271,0.570396,0.161662,0.882991,0.26731;73@0.537089,0.851779;38@0.577451,0.497824,0.638384,0.505913,0.286423,0.990067,0.858408,0.780258,0.53854,0.665155;1@;14@0.709666,0.727196,0.09035,0.99799,0.419366,0.373551,0.634012,0.55934,0.396764;41@;32@0.651304,0.753558,0.48483,0.073822;70@0.004295,0.592062,0.544952,0.118595;43@0.520844,0.074697,0.681733,0.723135,0.725342,0.562123,0.200681,0.526444,0.196281,0.420605,0.992131;65@0.369658,0.935178,0.880543,0.514881;20@0.951957,0.012137,0.805016,0.291396;40@0.249369,0.328484,0.419364;100@0.04853;37@0.723883,0.264496,0.651376,0.440166,0.659873,0.62,0.237458,0.994524,0.488274,0.382021,0.924388,0.60501,0.807551;27@0.468777,0.129598,0.416583,0.578275,0.427515,0.578387,0.473137;92@0.313158,0.306684,0.781716,0.152738,0.697354;10@0.76218,0.941643,0.841928,0.948439,0.832266,0.548595,0.905716,0.54682,0.680317,0.02094,0.011596,0.174952;75@0.781238,0.686855,0.982095,0.647598,0.230649,0.791292,0.002325,0.876511,0.564174,0.795005;84@0.238993,0.417074,0.296949,0.480205,0.704185,0.848841,0.868811,0.162287,0.059174,0.840923,0.576805;82@0.84837;47@0.209063,0.609286,0.434219,0.091558,0.932817,0.893469,0.753905,0.307707,0.868352,0.313346,0.166316;9@0.213673,0.779883,0.806165,0.048521,0.15336,0.274653,0.370196,0.675515,0.555546,0.153413,0.566687;39@0.944844,0.579718,0.275994,0.560247,0.089902,0.934859,0.706871,0.484741,0.377168;88@0.669277,0.801019,0.10134,0.614134,0.310838,0.298837,0.537032;30@0.226717,0.460899,0.786199,0.308401,0.813056,0.566021,0.932625,0.049207,0.248641,0.245523|0|1762487393
I20251108 00:02:58.854051 139717798590272 data_text_parser.cc:116] beg_pos: 2423,end_pos: 4628
I20251108 00:02:58.854063 139717798590272 data_text_parser.cc:59] line: 483|621|1720@1563141954:0.289094;1185@1879420684:0.563215;1587@650378123:0.593883;1048@3378253497:0.242839;1413@1644988991:0.034146;1472@413876767:0.192303;1861@3743855383:0.876045;1430@3799047848:0.110305;1384@3823880411:0.62081;1829@671754101:0.333588;1635@3505232156:0.191627;1785@2252904148:0.817147;1712@540358303:0.056872;1116@2953943509:0.590943;1010@480341772:0.755747;1371@3959377255:0.116981;1381@3265811579:0.3218;1736@2745410194:0.050258;1206@1264867265:0.772406;1202@1799245285:0.479771|67@0.287314,0.594252,0.327091,0.023292,0.165547,0.613961,0.164793,0.159117,0.466559,0.467581,0.62774;56@0.858975,0.37191,0.745599,0.37761,0.494984,0.024387,0.064752,0.010041,0.144994,0.380288,0.412978,0.823116;73@0.481612,0.926431;38@0.711976,0.468631,0.665565,0.533646,0.267714,0.656473,0.277776,0.561798,0.78908,0.446702;1@;14@0.008282,0.765484,0.078785,0.017524,0.15299,0.336266,0.607614,0.586645,0.219133;41@;32@0.084201,0.72379,0.098837,0.122479;70@0.564791,0.455405,0.65795,0.343307;43@0.679949,0.824251,0.930253,0.707826,0.922615,0.626485,0.323943,0.372348,0.325413,0.976511,0.945477;65@0.936362,0.176244,0.742268,0.543328;20@0.934479,0.715707,0.022019,0.986122;40@0.4267,0.765869,0.536459;100@0.559511;37@0.670054,0.177631,0.97514,0.51666,0.577459,0.099654,0.214104,0.474152,0.613687,0.063662,0.390247,0.237875,0.746263;27@0.450305,0.689304,0.215057,0.647019,0.821202,0.837482,0.798146;92@0.392003,0.126873,0.931544,0.762677,0.105427;10@0.63309,0.367996,0.837919,0.089718,0.18751,0.537069,0.078564,0.14081,0.736688,0.790525,0.271727,0.54558;75@0.63498,0.375902,0.423438,0.787275,0.746659,0.193389,0.167945,0.326288,0.001437,0.485976;84@0.411104,0.269281,0.214978,0.536998,0.600343,0.409368,0.084043,0.573247,0.397093,0.11491,0.209324;82@0.108308;47@0.752857,0.284124,0.487406,0.41123,0.76391,0.560731,0.926176,0.87084,0.258073,0.359505,0.630035;9@0.27867,0.423782,0.555354,0.651104,0.691495,0.962169,0.809129,0.714211,0.155264,0.212328,0.033783;39@0.482434,0.276674,0.75935,0.563556,0.341006,0.700542,0.111139,0.326317,0.344876;88@0.136637,0.80079,0.606961,0.689675,0.926339,0.784705,0.758766;30@0.495538,0.777911,0.913074,0.872567,0.076037,0.506953,0.882479,0.265124,0.190806,0.35457|1|1762487393
I20251108 00:02:58.854104 139717798590272 data_text_parser.cc:116] beg_pos: 4629,end_pos: 6835
I20251108 00:02:58.854117 139717798590272 data_text_parser.cc:59] line: 484|392|1720@749782635:0.802985;1185@2748886586:0.024934;1587@147539935:0.295048;1048@381123921:0.355588;1413@1062041901:0.367434;1472@4125264996:0.868459;1861@526135500:0.226717;1430@2725765335:0.724821;1384@114581106:0.453394;1829@3919201719:0.897739;1635@3935930394:0.499999;1785@775795201:0.971597;1712@2329106810:0.776132;1116@540103418:0.364206;1010@885751658:0.085587;1371@1157101921:0.570836;1381@1253964917:0.695742;1736@1863120572:0.24973;1206@444076755:0.605295;1202@2440181845:0.609461|67@0.586059,0.296189,0.625876,0.189904,0.331571,0.299471,0.229151,0.671638,0.874837,0.44633,0.687559;56@0.98117,0.827011,0.190047,0.564257,0.964875,0.01609,0.363211,0.023808,0.585973,0.462081,0.668999,0.01637;73@0.86304,0.420859;38@0.293718,0.711599,0.025474,0.751478,0.548018,0.778954,0.725924,0.739161,0.558372,0.944501;1@;14@0.218578,0.976136,0.980238,0.285711,0.469395,0.696792,0.740264,0.73028,0.925841;41@;32@0.68214,0.575366,0.541552,0.445099;70@0.156302,0.987031,0.388199,0.089025;43@0.193146,0.272375,0.603032,0.473308,0.349307,0.224447,0.180484,0.228077,0.803478,0.914347,0.193451;65@0.948959,0.59786,0.270382,0.861473;20@0.694977,0.383811,0.502058,0.949416;40@0.144308,0.0575,0.490287;100@0.969982;37@0.141951,0.77364,0.149135,0.392033,0.403544,0.744957,0.208129,0.550795,0.014767,0.017592,0.951554,0.95419,0.579244;27@0.107499,0.929677,0.378042,0.03408,0.683493,0.811047,0.937635;92@0.193672,0.949563,0.771192,0.186784,0.457949;10@0.324734,0.884061,0.301268,0.703332,0.800611,0.35829,0.264276,0.196004,0.878311,0.902147,0.172194,0.361154;75@0.713472,0.276654,0.591446,0.2083,0.358002,0.824152,0.823439,0.571627,0.032269,0.561351;84@0.631783,0.647663,0.687517,0.666618,0.36346,0.17968,0.793942,0.808347,0.129437,0.646267,0.296994;82@0.628093;47@0.562759,0.938416,0.11571,0.857443,0.241153,0.618411,0.676566,0.592972,0.492745,0.779007,0.305799;9@0.539228,0.454824,0.997677,0.133097,0.666094,0.890572,0.868486,0.06401,0.099463,0.902144,0.845747;39@0.716957,0.854164,0.140394,0.002054,0.050596,0.873991,0.35477,0.117482,0.788945;88@0.705015,0.745966,0.221846,0.025681,0.874132,0.047523,0.331395;30@0.395425,0.692933,0.853749,0.282881,0.393768,0.317274,0.473114,0.481752,0.693381,0.890636|1|1762487393
I20251108 00:02:58.854152 139717798590272 data_text_parser.cc:116] beg_pos: 6836,end_pos: 9040
I20251108 00:02:58.854165 139717798590272 data_text_parser.cc:59] line: 485|825|1720@1260094769:0.267515;1185@3026085648:0.612081;1587@1765915700:0.77608;1048@2428966007:0.603165;1413@3728173777:0.01922;1472@1375828502:0.131391;1861@3427210687:0.090828;1430@4089110850:0.088244;1384@21333744:0.45171;1829@1610972037:0.788231;1635@1507481459:0.885248;1785@3979954075:0.452815;1712@728458958:0.480926;1116@4219763724:0.967593;1010@129759189:0.990698;1371@1073726981:0.127574;1381@487719878:0.255627;1736@392167731:0.642179;1206@1952207579:0.991799;1202@2764962119:0.022893|67@0.510491,0.189037,0.868024,0.817835,0.239249,0.508204,0.319699,0.640638,0.545424,0.54672,0.262758;56@0.763811,0.669481,0.837372,0.115604,0.659864,0.345267,0.098799,0.123285,0.4132,0.720386,0.577177,0.69419;73@0.49681,0.731151;38@0.848907,0.212754,0.075672,0.502845,0.518768,0.796434,0.961888,0.743652,0.354492,0.425879;1@;14@0.324938,0.302424,0.2216,0.715506,0.849524,0.459756,0.36577,0.104784,0.908627;41@;32@0.5229,0.681829,0.789959,0.715187;70@0.122023,0.657407,0.58295,0.621886;43@0.896108,0.698836,0.683532,0.413113,0.19444,0.313571,0.094581,0.645571,0.118953,0.831283,0.393778;65@0.219683,0.364862,0.817358,0.169069;20@0.911226,0.831235,0.155791,0.968257;40@0.445829,0.365621,0.887427;100@0.377472;37@0.92782,0.906207,0.394442,0.845669,0.717498,0.358749,0.709859,0.454654,0.710038,0.8057,0.836586,0.987362,0.381038;27@0.977139,0.410965,0.299848,0.191841,0.584959,0.290019,0.742286;92@0.074514,0.804277,0.031705,0.631379,0.731832;10@0.003404,0.390007,0.383431,0.473894,0.921412,0.797166,0.234556,0.324063,0.900835,0.970847,0.927525,0.212078;75@0.329237,0.89814,0.243684,0.774994,0.382733,0.433935,0.408468,0.510852,0.331651,0.07471;84@0.635624,0.951476,0.094864,0.097298,0.176747,0.355421,0.482705,0.558573,0.1167,0.119221,0.865528;82@0.438336;47@0.6296,0.924127,0.307654,0.798149,0.960278,0.24831,0.481819,0.487979,0.60155,0.896764,0.249177;9@0.668344,0.930758,0.980527,0.363362,0.992618,0.443369,0.895306,0.956111,0.997188,0.307858,0.641598;39@0.339617,0.935353,0.300039,0.406436,0.371031,0.603458,0.533033,0.926111,0.667971;88@0.613325,0.383527,0.285066,0.634917,0.732648,0.263381,0.293296;30@0.259326,0.253725,0.80884,0.335296,0.619203,0.039377,0.414025,0.421065,0.841364,0.357639|0|1762487393
I20251108 00:02:58.854202 139717798590272 data_text_parser.cc:116] beg_pos: 9041,end_pos: 11259
I20251108 00:02:58.854215 139717798590272 data_text_parser.cc:59] line: 486|814|1720@3383253182:0.809244;1185@3362952646:0.559443;1587@1287683160:0.073243;1048@2351080387:0.923139;1413@4130738228:0.711559;1472@1510106149:0.979601;1861@2190975809:0.044228;1430@3724272066:0.29851;1384@3189904839:0.967246;1829@3170231594:0.549496;1635@303660549:0.427579;1785@3962320171:0.552847;1712@1006976481:0.380128;1116@3322603485:0.013635;1010@3426687871:0.941748;1371@3596147866:0.08021;1381@3676731874:0.238183;1736@1329253115:0.632589;1206@2927962326:0.067797;1202@2085328549:0.19415|67@0.378605,0.763647,0.153997,0.551953,0.405426,0.559131,0.105664,0.873248,0.819709,0.708934,0.115955;56@0.446788,0.797076,0.075765,0.903761,0.871835,0.5297,0.125212,0.51332,0.003685,0.193335,0.591139,0.570233;73@0.998501,0.761912;38@0.337081,0.993676,0.367087,0.859954,0.006297,0.270614,0.742711,0.480123,0.451183,0.835512;1@;14@0.84043,0.00188,0.887932,0.408485,0.754294,0.096502,0.245761,0.837431,0.383506;41@;32@0.63083,0.978404,0.642983,0.176098;70@0.577058,0.258311,0.437747,0.167515;43@0.920233,0.43586,0.458378,0.695465,0.629806,0.578329,0.143817,0.267865,0.027017,0.446111,0.279962;65@0.010013,0.067093,0.536376,0.238734;20@0.042698,0.011295,0.94019,0.154196;40@0.257113,0.187234,0.977228;100@0.473745;37@0.231412,0.504504,0.033939,0.291067,0.945842,0.333413,0.730689,0.116851,0.807768,0.983866,0.853246,0.729572,0.735824;27@0.088923,0.106696,0.555502,0.036293,0.079633,0.392573,0.805798;92@0.823062,0.593864,0.07252,0.16272,0.412535;10@0.600595,0.387782,0.569675,0.100856,0.975165,0.630149,0.524518,0.095617,0.971273,0.577487,0.205878,0.02469;75@0.975177,0.286682,0.357125,0.599378,0.700697,0.946419,0.048536,0.339895,0.901993,0.085646;84@0.508744,0.506015,0.034153,0.518762,0.154944,0.387239,0.962334,0.309172,0.536605,0.346303,0.075847;82@0.071469;47@0.884501,0.941996,0.970402,0.085833,0.161989,0.319899,0.049152,0.806096,0.419231,0.094916,0.478283;9@0.33884,0.881792,0.608589,0.710799,0.203068,0.294535,0.464791,0.151087,0.40535,0.237642,0.008378;39@0.932647,0.393344,0.650004,0.656823,0.641813,0.845966,0.508578,0.693514,0.042678;88@0.366463,0.3094,0.171207,0.679304,0.861796,0.812924,0.885216;30@0.039491,0.894708,0.144626,0.684297,0.154028,0.526315,0.576116,0.442149,0.167747,0.272484|1|1762487393
I20251108 00:02:58.854256 139717798590272 data_text_parser.cc:116] beg_pos: 11260,end_pos: 13475
I20251108 00:02:58.854268 139717798590272 data_text_parser.cc:59] line: 487|419|1720@770375346:0.864514;1185@1662766009:0.79209;1587@3620479216:0.75722;1048@1320357398:0.781607;1413@1923187538:0.562523;1472@3341009823:0.028769;1861@2845187168:0.379525;1430@128005575:0.919783;1384@2527123743:0.821798;1829@2265900850:0.801349;1635@4169525701:0.344587;1785@3931427147:0.500191;1712@3116267163:0.211339;1116@3484593071:0.34745;1010@3597191419:0.26644;1371@1294714988:0.031683;1381@477314283:0.986241;1736@1218452536:0.781669;1206@3921707163:0.458184;1202@4236650813:0.007002|67@0.33441,0.698855,0.770993,0.839503,0.603328,0.597048,0.11884,0.187909,0.148029,0.818108,0.323545;56@0.844043,0.349387,0.295122,0.563034,0.13313,0.357565,0.12177,0.184125,0.835273,0.773592,0.771271,0.897404;73@0.353113,0.343735;38@0.887842,0.471355,0.477611,0.976795,0.582913,0.494764,0.816032,0.458616,0.895914,0.913623;1@;14@0.095009,0.27766,0.857322,0.760616,0.402829,0.322747,0.361427,0.854389,0.410186;41@;32@0.479843,0.073015,0.735109,0.451872;70@0.776638,0.268684,0.847791,0.100132;43@0.152835,0.210499,0.507818,0.480276,0.178121,0.376021,0.882631,0.723462,0.310906,0.793579,0.831998;65@0.977701,0.022896,0.422664,0.432997;20@0.502686,0.318371,0.499995,0.139575;40@0.679157,0.492894,0.697677;100@0.272853;37@0.038774,0.871234,0.094508,0.639137,0.180857,0.826492,0.638724,0.197344,0.137815,0.418368,0.298467,0.534988,0.262267;27@0.70978,0.404843,0.361696,0.350244,0.757325,0.125949,0.340569;92@0.715267,0.582084,0.573289,0.494062,0.938867;10@0.779351,0.924468,0.202253,0.428717,0.974939,0.3399,0.020336,0.549094,0.959117,0.712257,0.589363,0.188638;75@0.815799,0.999507,0.866328,0.854671,0.940108,0.335379,0.106774,0.037142,0.883504,0.740049;84@0.355888,0.511264,0.010175,0.312432,0.456611,0.252832,0.657992,0.712766,0.49883,0.386405,0.47644;82@0.836117;47@0.108204,0.271059,0.356401,0.344883,0.543064,0.679081,0.926889,0.312138,0.421833,0.991145,0.88711;9@0.390633,0.197896,0.464609,0.296688,0.068769,0.725353,0.54796,0.132997,0.534873,0.767882,0.328181;39@0.925321,0.558361,0.570009,0.281687,0.85123,0.598289,0.372647,0.83598,0.331935;88@0.290803,0.227587,0.448603,0.400287,0.348825,0.007583,0.312841;30@0.389631,0.753865,0.786217,0.292661,0.75964,0.874539,0.418643,0.584631,0.087877,0.582671|0|1762487393
I20251108 00:02:58.854299 139717798590272 data_text_parser.cc:116] beg_pos: 13476,end_pos: 15672
I20251108 00:02:58.854312 139717798590272 data_text_parser.cc:59] line: 488|216|1720@4109741391:0.001766;1185@1125507588:0.414145;1587@1458727347:0.12681;1048@1031086788:0.989092;1413@2108258229:0.605209;1472@3939021563:0.232654;1861@2315100725:0.988221;1430@3571970528:0.680517;1384@1973789081:0.484367;1829@3525502825:0.155656;1635@3860885138:0.559898;1785@1100711343:0.692835;1712@486387023:0.236828;1116@338994669:0.702231;1010@2316552552:0.921118;1371@2837082906:0.583305;1381@688049806:0.648993;1736@3490604160:0.729046;1206@956179054:0.954523;1202@415633663:0.839677|67@0.149577,0.84323,0.667025,0.707586,0.422367,0.135132,0.50779,0.44439,0.316701,0.659764,0.843328;56@0.812199,0.012973,0.046514,0.04433,0.33147,0.94445,0.950613,0.105235,0.480556,0.467113,0.506556,0.822091;73@0.677787,0.768818;38@0.776113,0.426095,0.567879,0.41872,0.610977,0.429293,0.323453,0.30921,0.995866,0.321163;1@;14@0.162958,0.717986,0.303879,0.087924,0.914727,0.165557,0.884153,0.155738,0.364628;41@;32@0.389628,0.425429,0.337277,0.018717;70@0.288954,0.54383,0.79932,0.827769;43@0.65638,0.113883,0.175536,0.336152,0.275364,0.346893,0.462729,0.93968,0.151496,0.655523,0.53974;65@0.829877,0.088686,0.212984,0.141982;20@0.471851,0.922521,0.375348,0.30224;40@0.06383,0.481996,0.457256;100@0.736771;37@0.742542,0.147006,0.68629,0.792015,0.436973,0.737448,0.73501,0.586812,0.763057,0.236168,0.94453,0.796262,0.264015;27@0.237057,0.550716,0.851502,0.334484,0.000659,0.015763,0.838772;92@0.686532,0.481478,0.19817,0.142108,0.053627;10@0.594089,0.985809,0.195638,0.009303,0.85171,0.015839,0.667604,0.094898,0.067934,0.329067,0.21321,0.294452;75@0.317237,0.9111,0.293029,0.929536,0.572,0.917785,0.245937,0.199662,0.232171,0.683107;84@0.006608,0.857938,0.393249,0.54942,0.80395,0.34018,0.469583,0.46237,0.950429,0.248084,0.697711;82@0.457746;47@0.746044,0.714901,0.643275,0.268721,0.843519,0.168348,0.736778,0.76555,0.72686,0.208579,0.469808;9@0.396694,0.867321,0.318427,0.746952,0.52671,0.496704,0.826696,0.162875,0.368407,0.696664,0.21641;39@0.748936,0.518296,0.412905,0.587176,0.068111,0.400061,0.579544,0.799458,0.908939;88@0.523099,0.945735,0.738588,0.07119,0.538836,0.661574,0.166922;30@0.277188,0.744881,0.597643,0.841921,0.832539,0.161457,0.404335,0.743208,0.762157,0.992354|0|1762487393
I20251108 00:02:58.854352 139717798590272 data_text_parser.cc:116] beg_pos: 15673,end_pos: 17890
I20251108 00:02:58.854365 139717798590272 data_text_parser.cc:59] line: 489|226|1720@1709521899:0.512409;1185@2917804913:0.137283;1587@830634684:0.422717;1048@3118692971:0.933279;1413@145735808:0.707021;1472@3768081605:0.687874;1861@3200749465:0.619866;1430@2799963035:0.704362;1384@2394650487:0.379778;1829@1815940615:0.065556;1635@683685028:0.451539;1785@4103719429:0.828621;1712@224666234:0.128748;1116@749187991:0.889614;1010@1448249561:0.02304;1371@2817733715:0.659012;1381@3530591708:0.283346;1736@3602937380:0.977311;1206@619296287:0.196049;1202@1541100501:0.922948|67@0.429703,0.764043,0.941189,0.305814,0.916766,0.85261,0.974074,0.390599,0.931287,0.363195,0.811455;56@0.920955,0.413913,0.933233,0.098268,0.869373,0.383893,0.560368,0.828535,0.752111,0.732274,0.325885,0.342838;73@0.768235,0.810956;38@0.373666,0.526631,0.334454,0.705487,0.767582,0.950126,0.737599,0.039701,0.375136,0.798831;1@;14@0.564368,0.798162,0.222452,0.385899,0.943183,0.394643,0.772073,0.610944,0.77748;41@;32@0.234904,0.598698,0.964227,0.397401;70@0.685199,0.639343,0.963262,0.655598;43@0.591497,0.456968,0.823673,0.862066,0.834001,0.667932,0.322394,0.626508,0.64745,0.016913,0.921401;65@0.298452,0.092956,0.44967,0.040371;20@0.806136,0.315167,0.57626,0.344171;40@0.591159,0.891524,0.928903;100@0.730599;37@0.710076,0.768385,0.90544,0.266241,0.919989,0.654542,0.551923,0.171589,0.811879,0.234294,0.099645,0.70941,0.462974;27@0.436573,0.073571,0.818148,0.037584,0.377755,0.597772,0.581255;92@0.483968,0.897254,0.385276,0.276437,0.087264;10@0.068734,0.445267,0.438373,0.611638,0.976764,0.717184,0.580761,0.960314,0.409577,0.050008,0.842726,0.766443;75@0.934293,0.730037,0.700227,0.154572,0.041087,0.113132,0.421325,0.358286,0.321085,0.897944;84@0.187572,0.324589,0.730479,0.236538,0.899609,0.890093,0.518115,0.167565,0.201526,0.029138,0.275847;82@0.940047;47@0.755353,0.421893,0.534876,0.501897,0.334238,0.877656,0.717906,0.743735,0.547275,0.494501,0.601777;9@0.677472,0.402611,0.532177,0.810081,0.789936,0.688052,0.62703,0.218216,0.149055,0.209948,0.058245;39@0.68658,0.635617,0.018833,0.184811,0.015628,0.462831,0.072385,0.132704,0.034372;88@0.474766,0.612112,0.70822,0.995523,0.730612,0.51051,0.1745;30@0.490089,0.785871,0.984359,0.446304,0.006262,0.532123,0.755926,0.386085,0.181301,0.143402|1|1762487393
I20251108 00:02:58.854401 139717798590272 data_text_parser.cc:116] beg_pos: 17891,end_pos: 20101
I20251108 00:02:58.854414 139717798590272 data_text_parser.cc:59] line: 490|567|1720@3954040149:0.028179;1185@554355666:0.021015;1587@4244835671:0.988237;1048@2421871798:0.441328;1413@748468411:0.022279;1472@329388575:0.285108;1861@167734035:0.203533;1430@2530316739:0.352012;1384@2371809883:0.78421;1829@3467400421:0.139938;1635@2856796453:0.248195;1785@4177710206:0.025185;1712@2117690143:0.135409;1116@1185247830:0.508423;1010@1802173820:0.146704;1371@3637756926:0.599611;1381@130794710:0.534368;1736@207018667:0.263127;1206@2589847272:0.296068;1202@1659730060:0.858862|67@0.622917,0.653233,0.699226,0.800245,0.444438,0.963546,0.884599,0.573573,0.233589,0.789203,0.707075;56@0.815013,0.31148,0.670834,0.563809,0.221208,0.326146,0.04311,0.447002,0.388829,0.585996,0.895859,0.112607;73@0.513791,0.17561;38@0.688154,0.984366,0.768512,0.704865,0.359411,0.693775,0.299694,0.475263,0.489547,0.018342;1@;14@0.680487,0.131216,0.590596,0.438669,0.446357,0.571235,0.182576,0.257733,0.483733;41@;32@0.228921,0.699337,0.774236,0.32701;70@0.346179,0.260525,0.643387,0.738842;43@0.984186,0.55038,0.007275,0.454503,0.48748,0.720671,0.011028,0.59397,0.349096,0.805045,0.918365;65@0.256197,0.507241,0.625734,0.369642;20@0.439355,0.737748,0.280465,0.226403;40@0.083961,0.75693,0.275351;100@0.637545;37@0.43133,0.73775,0.617504,0.086291,0.19493,0.276235,0.22361,0.987773,0.732161,0.960057,0.038461,0.413658,0.409074;27@0.533242,0.890786,0.00677,0.523095,0.810834,0.421455,0.899958;92@0.759533,0.807189,0.777723,0.279097,0.832442;10@0.633988,0.887232,0.969101,0.041167,0.680012,0.696941,0.28398,0.149138,0.225078,0.303721,0.191358,0.945639;75@0.249953,0.308848,0.900594,0.875577,0.929992,0.04549,0.553259,0.091921,0.723316,0.705488;84@0.432305,0.745784,0.019646,0.380485,0.285707,0.948099,0.951158,0.348736,0.193122,0.491536,0.173389;82@0.863829;47@0.798021,0.881042,0.420419,0.859101,0.555608,0.537188,0.842545,0.411902,0.688107,0.535809,0.767037;9@0.008574,0.908752,0.787903,0.500184,0.15646,0.179198,0.858267,0.539385,0.827772,0.356033,0.181042;39@0.732979,0.673371,0.314668,0.806484,0.688459,0.320929,0.557642,0.125777,0.705105;88@0.844126,0.407901,0.539454,0.826058,0.72932,0.480884,0.304259;30@0.39623,0.40046,0.907965,0.812462,0.614728,0.86367,0.875396,0.337687,0.366294,0.748698|1|1762487393
I20251108 00:02:58.854439 139717798590272 data_text_parser.cc:116] beg_pos: 20102,end_pos: 20480
I20251108 00:02:58.854690 139717798590272 data_text_parser.cc:101] get chunk buffer, size: 20480
I20251108 00:02:58.854714 139717798590272 data_text_parser.cc:116] beg_pos: 0,end_pos: 1835
I20251108 00:02:58.854722 139717798590272 data_text_parser.cc:61] buffer line: 491|758|1720@1874241564:0.687606;1185@3278179369:0.075033;1587@2580749596:0.860837;1048@1329441790:0.227012;1413@1984443833:0.218644;1472@1739539488:0.195045;1861@4209086166:0.777026;1430@1109120909:0.954295;1384@2151789564:0.728124;1829@4248007074:0.998294;1635@962615914:0.16257;1785@1521753387:0.782347;1712@1566962198:0.171913;1116@3599917970:0.379823;1010@2439646583:0.740222;1371@2475891279:0.66604;1381@3174877832:0.889818;1736@1011202105:0.075979;1206@1955312319:0.944528;1202@1255840104:0.894383|67@0.029847,0.770753,0.284081,0.527267,0.636683,0.181899,0.934711,0.777406,0.621358,0.739298,0.286722;56@0.770443,0.923346,0.428624,0.805944,0.163804,0.055764,0.364212,0.693769,0.623659,0.996553,0.097526,0.73173;73@0.77329,0.973519;38@0.522329,0.677051,0.246192,0.252174,0.231729,0.589439,0.325871,0.586166,0.549971,0.020647;1@;14@0.655695,0.955126,0.679231,0.032624,0.656774,0.123637,0.033149,0.611571,0.297193;41@;32@0.131813,0.963714,0.289798,0.251394;70@0.063498,0.924198,0.333962,0.414008;43@0.692928,0.210742,0.91541,0.826953,0.828433,0.999802,0.115502,0.454126,0.47983,0.103573,0.050344;65@0.275824,0.940489,0.763687,0.542869;20@0.825337,0.026534,0.11817,0.703282;40@0.109194,0.492659,0.744937;100@0.238859;37@0.486581,0.981736,0.266015,0.909019,0.013851,0.548954,0.313396,0.496189,0.07399,0.189957,0.404103,0.381722,0.6147;27@0.776473,0.453995,0.306928,0.667283,0.063981,0.560561,0.910581;92@0.212571,0.52323,0.349278,0.047216,0.926531;10@0.355174,0.560006,0.262965,0.502082,0.993821,0.212612,0.989907,0.692021,0.37422,0.112963,0.113284,0.3671;75@0.081135,0.03738,0.081143,0.70351,0.605586,0.942856,0.38106,0.425698,0.064972,0.946649;84@0.003335,0.536098,0.784274,0.825991,0.130371,0.333759,0.178001,0.891705,0.453162,0.939864,0.615744;82@0.50274;47@0.496259,0.248906,0.247455,0.487646,0.413872,0.46977,0.379606,0.904347,0.776431,0.996824,0.380837;9@0.534687,0.406144,0.538789,0.216765,0.037633,0.215059,0.00239,0.665914,0.698201,0.712708,0.019036;39@0.67522,0.849884,0.118992,0.611848,0.174336,0.593716,0.771362,0.432411,0.656239;88@0.620936,0.171125,0.42894,0.976952,0.403789,0.615143,0.34946;30@0.390887,0.039218,0.753296,0.633615,0.158439,0.082201,0.582353,0.888319,0.493492,0.157493|1|1762487393
I20251108 00:02:58.854757 139717798590272 data_text_parser.cc:116] beg_pos: 1836,end_pos: 4039
I20251108 00:02:58.854770 139717798590272 data_text_parser.cc:59] line: 492|424|1720@2012692460:0.280666;1185@1971522102:0.495413;1587@2502240796:0.351076;1048@367426207:0.971019;1413@2684947997:0.83198;1472@2741843440:0.934557;1861@2813425329:0.503377;1430@3548148151:0.277795;1384@135589189:0.674176;1829@4045963440:0.337435;1635@4199596935:0.665089;1785@1321576776:0.627781;1712@4214507971:0.805646;1116@982570532:0.290466;1010@2668766479:0.800572;1371@3522989101:0.01;1381@285459758:0.28207;1736@1922199666:0.474197;1206@176154432:0.034497;1202@1940936240:0.171056|67@0.41095,0.729277,0.678586,0.07916,0.873295,0.99603,0.049999,0.382299,0.308311,0.84782,0.640105;56@0.490346,0.826626,0.904928,0.500354,0.257788,0.27945,0.092861,0.931987,0.544826,0.848068,0.749019,0.617233;73@0.489136,0.668916;38@0.125913,0.789925,0.564125,0.718997,0.171822,0.106768,0.832911,0.128554,0.796802,0.17596;1@;14@0.325993,0.104994,0.483635,0.241826,0.70889,0.497459,0.123199,0.474701,0.734408;41@;32@0.590431,0.477811,0.703574,0.00858;70@0.571697,0.035294,0.331054,0.871603;43@0.946896,0.864813,0.629847,0.928019,0.660046,0.848085,0.891733,0.069252,0.382505,0.079253,0.68488;65@0.343694,0.158991,0.531072,0.572712;20@0.814092,0.655912,0.038571,0.008907;40@0.489354,0.09752,0.176763;100@0.037714;37@0.872524,0.825275,0.048217,0.947579,0.053313,0.10812,0.066958,0.960643,0.849362,0.475977,0.547313,0.073897,0.260296;27@0.172363,0.422922,0.994463,0.61724,0.680238,0.674414,0.46648;92@0.57445,0.820302,0.041214,0.128777,0.055535;10@0.163927,0.735901,0.019488,0.986071,0.49126,0.67305,0.808297,0.382151,0.756852,0.788664,0.423616,0.126517;75@0.934994,0.950034,0.844729,0.644441,0.739792,0.899867,0.085898,0.273076,0.561681,0.620065;84@0.84049,0.089644,0.997582,0.85738,0.300529,0.600207,0.981366,0.017055,0.996398,0.564114,0.527357;82@0.792648;47@0.335228,0.861696,0.689123,0.094295,0.25703,0.258801,0.177203,0.746181,0.335482,0.847486,0.314106;9@0.06402,0.326434,0.995848,0.111387,0.156929,0.676103,0.875913,0.282261,0.632329,0.829512,0.213719;39@0.395499,0.060573,0.147917,0.918138,0.252917,0.386142,0.284722,0.019924,0.376435;88@0.91362,0.707403,0.67698,0.957859,0.692704,0.418888,0.808316;30@0.210568,0.354064,0.719897,0.102448,0.191479,0.622098,0.590411,0.735353,0.05878,0.044745|1|1762487393
I20251108 00:02:58.854808 139717798590272 data_text_parser.cc:116] beg_pos: 4040,end_pos: 6247
I20251108 00:02:58.854821 139717798590272 data_text_parser.cc:59] line: 493|262|1720@883522878:0.711382;1185@4003983794:0.843646;1587@1827619006:0.871933;1048@879977051:0.208672;1413@703042557:0.534377;1472@4196819712:0.907493;1861@982207086:0.174157;1430@3379977358:0.274068;1384@170741448:0.532934;1829@3285576626:0.605071;1635@1933639678:0.590907;1785@2683654551:0.729526;1712@530413225:0.441094;1116@1388271675:0.781828;1010@64099272:0.544326;1371@2803947628:0.587777;1381@277972584:0.429163;1736@1804804769:0.925323;1206@780590539:0.990179;1202@1624009053:0.669067|67@0.611462,0.826703,0.228367,0.436804,0.367927,0.716596,0.288679,0.39353,0.635287,0.059509,0.609542;56@0.808042,0.104365,0.366604,0.989896,0.573011,0.487625,0.390565,0.497455,0.503213,0.785963,0.807939,0.52737;73@0.547553,0.666768;38@0.658839,0.400763,0.582377,0.622652,0.173961,2.8e-05,0.506035,0.215081,0.806383,0.335426;1@;14@0.541246,0.694136,0.946087,0.083978,0.605975,0.687746,0.312207,0.158381,0.425772;41@;32@0.454576,0.810184,0.230492,0.061996;70@0.963369,0.636361,0.747088,0.090456;43@0.317011,0.146635,0.449315,0.423414,0.841581,0.718085,0.75858,0.414866,0.493246,0.992268,0.199881;65@0.514415,0.267233,0.125156,0.692382;20@0.52631,0.016119,0.375701,0.303923;40@0.38679,0.051034,0.562715;100@0.348297;37@0.936584,0.748639,0.684077,0.21774,0.874056,0.606246,0.808979,0.047354,0.856729,0.262346,0.464649,0.635199,0.517445;27@0.117063,0.948294,0.091289,0.44817,0.152594,0.391845,0.360765;92@0.725475,0.348043,0.355929,0.210543,0.521286;10@0.733339,0.26655,0.802897,0.792319,0.642964,0.962592,0.86329,0.459851,0.687258,0.025064,0.123878,0.95428;75@0.066377,0.242092,0.327718,0.075979,0.905039,0.503495,0.720255,0.301714,0.05933,0.735091;84@0.525281,0.95778,0.618701,0.344907,0.464953,0.359065,0.157819,0.941579,0.885454,0.518377,0.18635;82@0.772478;47@0.071163,0.357017,0.397788,0.481461,0.616301,0.523395,0.921479,0.746298,0.11355,0.998929,0.659273;9@0.838358,0.985783,0.030651,0.650619,0.767293,0.863243,0.066322,0.016683,0.036753,0.202019,0.907934;39@0.508813,0.068105,0.360856,0.403027,0.905533,0.299361,0.965215,0.74579,0.827851;88@0.067488,0.968116,0.869039,0.42387,0.9864,0.386649,0.100149;30@0.819869,0.426138,0.897187,0.873442,0.240504,0.35492,0.992047,0.366516,0.959303,0.719961|1|1762487393
I20251108 00:02:58.854861 139717798590272 data_text_parser.cc:116] beg_pos: 6248,end_pos: 8466
I20251108 00:02:58.854874 139717798590272 data_text_parser.cc:59] line: 494|620|1720@3058337699:0.953165;1185@2016322481:0.976591;1587@3617443956:0.999835;1048@2463719484:0.157118;1413@3589456604:0.797357;1472@1679904381:0.425099;1861@4054559245:0.490858;1430@2108258229:0.320249;1384@2584148222:0.900446;1829@3386642954:0.024627;1635@2374033477:0.170164;1785@2726980325:0.091357;1712@3100578480:0.982007;1116@2383022358:0.056589;1010@1202673537:0.199063;1371@490793538:0.991984;1381@3088861166:0.980058;1736@857165004:0.779573;1206@3617204498:0.763765;1202@1205362577:0.512842|67@0.052259,0.314829,0.695968,0.058681,0.530863,0.938515,0.23739,0.939209,0.420247,0.734599,0.381952;56@0.820146,0.364045,0.104359,0.629507,0.193163,0.048375,0.580572,0.774087,0.210672,0.219043,0.758182,0.120512;73@0.306764,0.451662;38@0.788555,0.273464,0.626442,0.501048,0.537308,0.851414,0.888964,0.065482,0.375975,0.554722;1@;14@0.561917,0.558738,0.131899,0.31855,0.219575,0.814643,0.050099,0.135357,0.70552;41@;32@0.134348,0.655319,0.351123,0.16223;70@0.461824,0.558928,0.587344,0.459237;43@0.835453,0.054095,0.977522,0.288699,0.424441,0.578507,0.645583,0.210545,0.044618,0.809354,0.41582;65@0.00994,0.797727,0.716012,0.713765;20@0.224351,0.805241,0.513034,0.761592;40@0.200199,0.496909,0.940556;100@0.432655;37@0.388945,0.752575,0.798133,0.662228,0.83396,0.568306,0.524351,0.445917,0.43149,0.301802,0.480395,0.387984,0.0125;27@0.080498,0.091434,0.474752,0.664417,0.564585,0.677606,0.373702;92@0.637659,0.916622,0.237114,0.640236,0.702996;10@0.257464,0.916597,0.11023,0.356419,0.307326,0.701652,0.298949,0.902254,0.99455,0.962907,0.197005,0.77645;75@0.665357,0.480253,0.668581,0.763171,0.924611,0.006793,0.143651,0.412145,0.736267,0.473603;84@0.70771,0.764224,0.244614,0.682453,0.048593,0.996515,0.470995,0.691339,0.925578,0.60391,0.055401;82@0.461649;47@0.316524,0.744549,0.538714,0.736051,0.291745,0.733736,0.018457,0.141287,0.749045,0.946276,0.783949;9@0.517009,0.278928,0.93877,0.577943,0.753337,0.357472,0.131738,0.892492,0.572492,0.620297,0.843828;39@0.51659,0.589012,0.678043,0.348452,0.108254,0.300839,0.387309,0.111569,0.280063;88@0.632672,0.514129,0.463145,0.773162,0.937496,0.404578,0.027958;30@0.351372,0.820208,0.742736,0.426145,0.932898,0.948935,0.522107,0.743061,0.879375,0.187523|0|1762487393
I20251108 00:02:58.854905 139717798590272 data_text_parser.cc:116] beg_pos: 8467,end_pos: 10679
I20251108 00:02:58.854922 139717798590272 data_text_parser.cc:59] line: 495|449|1720@130794710:0.438353;1185@3764701895:0.787842;1587@2131954466:0.935904;1048@1674283204:0.149479;1413@1369515345:0.727166;1472@3186586789:0.988099;1861@3847355552:0.944472;1430@3392631216:0.984109;1384@635440421:0.627671;1829@3690562235:0.594548;1635@2467945276:0.56729;1785@3158450162:0.802663;1712@3274738473:0.880123;1116@254379849:0.210425;1010@228253910:0.683544;1371@1313657641:0.374298;1381@1682708649:0.506777;1736@949279284:0.766631;1206@2643231715:0.855463;1202@2366192657:0.257505|67@0.609632,0.196204,0.665095,0.689756,0.231057,0.176389,0.574526,0.948034,0.338299,0.838451,0.155606;56@0.085281,0.091976,0.96805,0.898526,0.073782,0.792861,0.518875,0.376451,0.900676,0.62949,0.949273,0.801846;73@0.277773,0.489622;38@0.12751,0.003528,0.474704,0.669729,0.984245,0.150868,0.581304,0.541217,0.607478,0.61514;1@;14@0.259506,0.594308,0.156191,0.084018,0.906156,0.654603,0.401552,0.777758,0.162816;41@;32@0.675436,0.065293,0.194366,0.990302;70@0.007714,0.177563,0.407817,0.300844;43@0.58057,0.365035,0.556881,0.221422,0.233164,0.677347,0.760892,0.010625,0.580866,0.217527,0.1431;65@0.91753,0.094697,0.361593,0.916963;20@0.760358,0.137635,0.450731,0.21797;40@0.361979,0.211801,0.753473;100@0.96628;37@0.489713,0.791834,0.900393,0.450973,0.880755,0.493243,0.024198,0.342578,0.086814,0.23491,0.090403,0.375402,0.003294;27@0.905536,0.279942,0.863327,0.059518,0.744843,0.907597,0.758498;92@0.525766,0.038491,0.026987,0.387475,0.504554;10@0.265314,0.055137,0.623083,0.578636,0.774188,0.224522,0.875645,0.793402,0.356114,0.883014,0.281892,0.712993;75@0.711693,0.024944,0.478507,0.755758,0.336484,0.749464,0.203505,0.03533,0.38185,0.558547;84@0.347717,0.11935,0.330165,0.953979,0.568982,0.395655,0.296329,0.788027,0.338931,0.162763,0.859095;82@0.997789;47@0.93218,0.763555,0.682261,0.771671,0.81883,0.408046,0.482703,0.555352,0.498648,0.751492,0.941632;9@0.373711,0.280222,0.289232,0.929028,0.216786,0.174175,0.95002,0.05429,0.984859,0.53744,0.226984;39@0.263567,0.678795,0.181387,0.505895,0.506331,0.400508,0.569406,0.456197,0.466753;88@0.442219,0.018538,0.843074,0.454601,0.611162,0.975954,0.217595;30@0.200523,0.599683,0.261394,0.519302,0.027317,0.316763,0.047972,0.153382,0.534743,0.883874|0|1762487393
I20251108 00:02:58.854959 139717798590272 data_text_parser.cc:116] beg_pos: 10680,end_pos: 12890
I20251108 00:02:58.854972 139717798590272 data_text_parser.cc:59] line: 496|511|1720@2605532081:0.10284;1185@2135516762:0.381438;1587@2369764778:0.730514;1048@1287455523:0.108103;1413@1740063867:0.641223;1472@90339489:0.361713;1861@795052852:0.702658;1430@1980381351:0.645758;1384@173251153:0.62478;1829@115900645:0.273151;1635@3769114836:0.996866;1785@1174339063:0.030772;1712@3723423135:0.949079;1116@2255107207:0.630519;1010@2880909324:0.354177;1371@1861907774:0.446655;1381@2323042157:0.514722;1736@1593833066:0.317129;1206@1980704328:0.478341;1202@1134115470:0.365746|67@0.905706,0.422396,0.748125,0.144991,0.614214,0.704434,0.35045,0.785153,0.062708,0.498858,0.419441;56@0.902226,0.616591,0.843343,0.64274,0.804654,0.327859,0.82068,0.089301,0.737149,0.3828,0.719299,0.98578;73@0.001427,0.324387;38@0.710064,0.557547,0.399169,0.450243,0.380299,0.396397,0.846004,0.780801,0.84638,0.197703;1@;14@0.343936,0.01858,0.61515,0.924857,0.627821,0.847646,0.908619,0.230122,0.227781;41@;32@0.47663,0.60349,0.465774,0.711645;70@0.839447,0.20064,0.757897,0.528358;43@0.314431,0.476758,0.503068,0.817924,0.667202,0.903375,0.383507,0.967611,0.031049,0.130157,0.890693;65@0.78937,0.061115,0.923416,0.181968;20@0.612968,0.174272,0.691168,0.630735;40@0.75056,0.214738,0.726064;100@0.842246;37@0.512959,0.480776,0.224499,0.216134,0.898928,0.411485,0.142123,0.863363,0.963996,0.456419,0.42706,0.166177,0.536912;27@0.686364,0.974584,0.312162,0.998188,0.606578,0.592072,0.29265;92@0.006738,0.911536,0.202257,0.673451,0.769983;10@0.154553,0.485571,0.828531,0.270792,0.019973,0.147714,0.404837,0.069813,0.421551,0.854422,0.714191,0.546753;75@0.374775,0.310269,0.323278,0.683496,0.067841,0.625213,0.209981,0.623233,0.159567,0.975441;84@0.261167,0.837418,0.134038,0.526983,0.520623,0.08478,0.442925,0.729463,0.520632,0.533818,0.496124;82@0.73016;47@0.387708,0.519381,0.685029,0.840916,0.008083,0.307984,0.426073,0.436664,0.029777,0.122667,0.530113;9@0.681762,0.617825,0.957657,0.337488,0.289365,0.263573,0.599616,0.630359,0.222616,0.963981,0.818841;39@0.846749,0.170897,0.705661,0.053047,0.558656,0.317969,0.106565,0.388831,0.472468;88@0.897851,0.856217,0.277925,0.793344,0.752154,0.395168,0.083227;30@0.643592,0.542851,0.54396,0.831733,0.972787,0.846983,0.559669,0.891422,0.743024,0.86028|1|1762487393
I20251108 00:02:58.855007 139717798590272 data_text_parser.cc:116] beg_pos: 12891,end_pos: 15092
I20251108 00:02:58.855019 139717798590272 data_text_parser.cc:59] line: 497|59|1720@2185157619:0.355957;1185@3380624910:0.327533;1587@3664892025:0.225548;1048@3468214715:0.559789;1413@3339211281:0.408126;1472@2677184932:0.160824;1861@2157448074:0.105161;1430@3181686953:0.927761;1384@3971568421:0.897581;1829@3045976113:0.471009;1635@3891525739:0.659614;1785@1477837553:0.473482;1712@779797426:0.768843;1116@1072069479:0.10083;1010@2109761981:0.94952;1371@776547392:0.42434;1381@3441112965:0.770783;1736@1941012449:0.106132;1206@1481063566:0.608233;1202@2741843440:0.852437|67@0.147575,0.557057,0.7965,0.827198,0.604265,0.683291,0.297276,0.175192,0.701266,0.266819,0.523322;56@0.876209,0.268588,0.441462,0.343705,0.88718,0.922896,0.389365,0.357825,0.685167,0.648048,0.404347,0.672022;73@0.084882,0.191032;38@0.989217,0.566451,0.506229,0.887353,0.608522,0.983881,0.562325,0.160573,0.637167,0.97472;1@;14@0.236157,0.975705,0.926301,0.919678,0.719515,0.835415,0.216723,0.887794,0.257202;41@;32@0.68988,0.302512,0.322367,0.231197;70@0.49869,0.089337,0.683328,0.620479;43@0.76101,0.906558,0.205237,0.905307,0.344292,0.187881,0.99425,0.879655,0.772153,0.144932,0.948127;65@0.430789,0.089767,0.47177,0.92789;20@0.329061,0.208082,0.477275,0.278689;40@0.1541,0.24711,0.701574;100@0.957678;37@0.324646,0.931907,0.59712,0.819932,0.598849,0.860625,0.00607,0.467962,0.165743,0.103097,0.524739,0.046792,0.276504;27@0.605792,0.82266,0.716318,0.323088,0.064905,0.6401,0.644659;92@0.343493,0.095027,0.204762,0.69697,0.691887;10@0.745035,0.764886,0.520816,0.782617,0.646163,0.970237,0.463285,0.815335,0.018743,0.774123,0.821109,0.669922;75@0.049996,0.904506,0.327526,0.426258,0.286498,0.202952,0.094955,0.61759,0.659515,0.866787;84@0.144564,0.049649,0.809147,0.81444,0.208496,0.026296,0.642041,0.18128,0.75549,0.695797,0.749348;82@0.160416;47@0.56147,0.497314,0.281838,0.620163,0.199812,0.63374,0.87038,0.745568,0.097455,0.724408,0.544486;9@0.086926,0.083266,0.597616,0.30583,0.387163,0.459841,0.298413,0.76674,0.133764,0.522278,0.694201;39@0.546069,0.720979,0.412648,0.749319,0.53366,0.468637,0.784868,0.765204,0.202048;88@0.608266,0.25122,0.067713,0.360287,0.182562,0.421851,0.927844;30@0.372397,0.123287,0.532345,0.990133,0.051283,0.369533,0.775557,0.368444,0.478524,0.556009|1|1762487393
I20251108 00:02:58.855057 139717798590272 data_text_parser.cc:116] beg_pos: 15093,end_pos: 17297
I20251108 00:02:58.855069 139717798590272 data_text_parser.cc:59] line: 498|2|1720@2256891586:0.10605;1185@2350136721:0.938579;1587@3795087663:0.428959;1048@3402313574:0.623049;1413@2047881806:0.324716;1472@2962892445:0.286487;1861@393219957:0.097755;1430@2856707182:0.534769;1384@4092796107:0.293323;1829@170972630:0.260107;1635@4218497789:0.42416;1785@840897223:0.255995;1712@1400688670:0.86747;1116@2615955489:0.076796;1010@3399943486:0.970792;1371@56896310:0.17112;1381@3537494850:0.295422;1736@1770152700:0.583453;1206@3666430320:0.551863;1202@1719448150:0.290823|67@0.303021,0.571193,0.736391,0.716058,0.733519,0.125767,0.189321,0.561255,0.304873,0.864271,0.887483;56@0.960721,0.338063,0.377948,0.932739,0.713575,0.660219,0.437776,0.494628,0.616294,0.372219,0.386292,0.906089;73@0.771203,0.697567;38@0.846053,0.081364,0.284425,0.792902,0.879736,0.441205,0.920751,0.45627,0.094691,0.664893;1@;14@0.26398,0.47217,0.320686,0.802718,0.546391,0.782002,0.557965,0.796672,0.351987;41@;32@0.813304,0.436888,0.08955,0.129558;70@0.514158,0.269985,0.390819,0.474241;43@0.900225,0.143659,0.999769,0.620526,0.985442,0.942906,0.50358,0.031073,0.288327,0.676017,0.750895;65@0.485488,0.808997,0.032306,0.567931;20@0.342483,0.041743,0.773908,0.135466;40@0.415661,0.429439,0.369012;100@0.672942;37@0.06508,0.012471,0.53232,0.337227,0.20957,0.641819,0.521896,0.241963,0.235491,0.66943,0.166359,0.927945,0.218178;27@0.44601,0.678803,0.326791,0.757832,0.242361,0.322579,0.165755;92@0.188018,0.24952,0.264382,0.889813,0.472023;10@0.048044,0.366846,0.350978,0.60972,0.797704,0.995718,0.335282,0.080617,0.361581,0.988592,0.613277,0.921371;75@0.781782,0.836495,0.695958,0.935911,0.997533,0.302529,0.862227,0.051299,0.934007,0.865443;84@0.3859,0.008355,0.153763,0.262401,0.78516,0.763372,0.718764,0.452798,0.328403,0.976043,0.426609;82@0.905289;47@0.401522,0.90871,0.166916,0.240163,0.676113,0.942192,0.657005,0.220813,0.707985,0.740588,0.67804;9@0.566759,0.586218,0.501253,0.635518,0.163496,0.370744,0.071252,0.503535,0.714133,0.883876,0.205486;39@0.680028,0.932957,0.434297,0.834213,0.98638,0.00431,0.714276,0.139586,0.719119;88@0.402212,0.622989,0.02745,0.417315,0.892841,0.909708,0.52699;30@0.636237,0.978559,0.641391,0.122649,0.225844,0.569135,0.904754,0.421853,0.576794,0.61899|1|1762487393
I20251108 00:02:58.855110 139717798590272 data_text_parser.cc:116] beg_pos: 17298,end_pos: 19497
I20251108 00:02:58.855122 139717798590272 data_text_parser.cc:59] line: 499|995|1720@3757060674:0.064717;1185@867710320:0.40183;1587@263171276:0.702855;1048@4230637720:0.748126;1413@1388222426:0.729696;1472@4079989489:0.328993;1861@3588536986:0.495462;1430@1303974792:0.114844;1384@340378844:0.323566;1829@146115136:0.341036;1635@782573787:0.096411;1785@372117425:0.996712;1712@991873591:0.526555;1116@2381748345:0.323066;1010@1880997759:0.666942;1371@324493630:0.631661;1381@2321130076:0.520984;1736@2587833002:0.684187;1206@2489824579:0.667967;1202@3060285846:0.499686|67@0.207969,0.079,0.928489,0.480252,0.156433,0.673361,0.360092,0.133824,0.151651,0.550708,0.497413;56@0.224997,0.123461,0.133536,0.134111,0.822223,0.954045,0.652571,0.74909,0.621255,0.362161,0.494639,0.766449;73@0.328636,0.638774;38@0.44241,0.38691,0.955186,0.718028,0.440529,0.076111,0.5391,0.278601,0.040491,0.418064;1@;14@0.21033,0.341283,0.372591,0.445735,0.091141,0.77173,0.62628,0.168568,0.845267;41@;32@0.728814,0.111704,0.031489,0.221409;70@0.989024,0.307179,0.484392,0.010369;43@0.507665,0.122987,0.616675,0.575621,0.73812,0.388941,0.718755,0.405344,0.945942,0.935869,0.06627;65@0.74639,0.962657,0.367619,0.108255;20@0.867506,0.106195,0.807908,0.291387;40@0.515407,0.003941,0.226552;100@0.094108;37@0.834496,0.43058,0.507125,0.546529,0.773339,0.700094,0.069848,0.434709,0.265931,0.994354,0.826399,0.098812,0.920006;27@0.270876,0.200376,0.684228,0.864523,0.279904,0.353533,0.16838;92@0.789087,0.05497,0.078031,0.91057,0.287957;10@0.082939,0.409893,0.925493,0.423495,0.239303,0.873339,0.24688,0.25989,0.344514,0.290861,0.854172,0.075634;75@0.917766,0.851467,0.265539,0.772708,0.472267,0.0864,0.805726,0.40665,0.80758,0.6524;84@0.522415,0.027061,0.059878,0.834176,0.159618,0.848831,0.844569,0.156473,0.623743,0.933013,0.218288;82@0.253872;47@0.101075,0.613321,0.191654,0.456532,0.425635,0.27278,0.557247,0.192125,0.532182,0.425989,0.418777;9@0.249463,0.910422,0.67105,0.339823,0.111573,0.463515,0.430006,0.512655,0.758427,0.804876,0.149113;39@0.873354,0.492836,0.355472,0.535668,0.288669,0.148223,0.215872,0.096209,0.179505;88@0.190027,0.454994,0.118471,0.567806,0.558369,0.330957,0.965217;30@0.205344,0.899411,0.95748,0.214112,0.482624,0.655914,0.862395,0.985107,0.898366,0.758494|1|1762487393
I20251108 00:02:58.855145 139717798590272 data_text_parser.cc:116] beg_pos: 19498,end_pos: 20480
I20251108 00:02:58.855394 139717798590272 data_text_parser.cc:101] get chunk buffer, size: 20480
I20251108 00:02:58.855415 139717798590272 data_text_parser.cc:116] beg_pos: 0,end_pos: 1221
I20251108 00:02:58.855422 139717798590272 data_text_parser.cc:61] buffer line: 500|563|1720@3185143914:0.797476;1185@3768081605:0.166351;1587@3993356856:0.415271;1048@3934664731:0.614918;1413@1367209897:0.676298;1472@103641002:0.699648;1861@2449073900:0.365535;1430@1691714962:0.795415;1384@1258559912:0.459502;1829@2551738253:0.117357;1635@3299062035:0.087194;1785@2006615347:0.37332;1712@2425732016:0.42781;1116@222561036:0.795817;1010@602154025:0.081904;1371@2828115564:0.659128;1381@2307747210:0.198027;1736@3358850464:0.376769;1206@3655692436:0.24044;1202@331865263:0.981004|67@0.562721,0.014657,0.795362,0.530969,0.433392,0.967538,0.39129,0.460688,0.789469,0.597065,0.378555;56@0.116548,0.750768,0.497038,0.924643,0.994783,0.75668,0.03384,0.119921,0.332273,0.40237,0.321442,0.946283;73@0.539797,0.575767;38@0.903605,0.856023,0.089545,0.797705,0.686918,0.408054,0.251987,0.467526,0.5561,0.745051;1@;14@0.927878,0.860584,0.325743,0.816611,0.621926,0.80191,0.264127,0.347403,0.236773;41@;32@0.785403,0.040367,0.824976,0.352909;70@0.670048,0.07433,0.19566,0.989044;43@0.426762,0.842927,0.793806,0.782076,0.360978,0.067866,0.047139,0.90286,0.753039,0.243503,0.744291;65@0.508983,0.530013,0.622966,0.786353;20@0.137028,0.644747,0.791714,0.808872;40@0.503822,0.460103,0.84731;100@0.724147;37@0.492397,0.87223,0.999087,0.192678,0.291057,0.524816,0.111549,0.105402,0.309009,0.775457,0.7701,0.852471,0.81246;27@0.048011,0.624,0.887539,0.774697,0.630807,0.826165,0.919445;92@0.108054,0.931187,0.338075,0.999257,0.46524;10@0.845368,0.577201,0.032757,0.204722,0.162149,0.627693,0.292746,0.575401,0.605385,0.888984,0.488816,0.540525;75@0.438713,0.545783,0.92983,0.596155,0.267125,0.991251,0.984588,0.500306,0.45858,0.32367;84@0.886721,0.251871,0.877527,0.363692,0.887175,0.155566,0.001651,0.709885,0.133838,0.693171,0.666655;82@0.335186;47@0.530925,0.104806,0.432537,0.018736,0.072364,0.992223,0.414581,0.255296,0.786112,0.453192,0.412429;9@0.245896,0.227217,0.434793,0.367351,0.078391,0.084497,0.338975,0.216906,0.247704,0.891965,0.88025;39@0.084966,0.39335,0.15631,0.610545,0.802905,0.142604,0.879195,0.383679,0.241504;88@0.109647,0.550014,0.277252,0.868306,0.618666,0.666921,0.023218;30@0.587136,0.117925,0.067496,0.877876,0.76518,0.83173,0.140398,0.150366,0.449042,0.104064|1|1762487393
I20251108 00:02:58.855464 139717798590272 data_text_parser.cc:116] beg_pos: 1222,end_pos: 3430
I20251108 00:02:58.855477 139717798590272 data_text_parser.cc:59] line: 501|373|1720@1145516640:0.796993;1185@1480661890:0.67779;1587@2340779104:0.18589;1048@3322140010:0.73104;1413@201982354:0.888485;1472@3728721515:0.839979;1861@367166784:0.581557;1430@4056313117:0.912582;1384@1377960606:0.696405;1829@1639440844:0.66402;1635@280828832:0.808217;1785@3888777589:0.127296;1712@801565267:0.584321;1116@40312268:0.40226;1010@2302629779:0.271825;1371@1893180418:0.61308;1381@1747320335:0.718965;1736@291163653:0.987286;1206@3001733534:0.918749;1202@3619115502:0.328342|67@0.549489,0.134089,0.208121,0.995944,0.817293,0.859064,0.282128,0.276881,0.539132,0.928197,0.314525;56@0.5196,0.604956,0.547363,0.927116,0.36792,0.581522,0.074778,0.887366,0.96968,0.783877,0.720301,0.112236;73@0.966878,0.103377;38@0.603371,0.505405,0.966795,0.226296,0.376805,0.918161,0.052414,0.526567,0.728006,0.19441;1@;14@0.612689,0.753175,0.604456,0.808675,0.508871,0.117294,0.385501,0.165656,0.279024;41@;32@0.863668,0.149218,0.558405,0.653398;70@0.182319,0.194641,0.736963,0.462847;43@0.354795,0.314477,0.720875,0.731058,0.392903,0.319757,0.486515,0.413989,0.290909,0.596303,0.113608;65@0.096733,0.913263,0.185617,0.88562;20@0.379555,0.861694,0.21731,0.579644;40@0.71109,0.23744,0.654122;100@0.195254;37@0.769694,0.25649,0.308251,0.804162,0.055966,0.608906,0.357611,0.770998,0.99636,0.842911,0.178162,0.748787,0.118348;27@0.516627,0.337141,0.192185,0.922485,0.517903,0.740921,0.131331;92@0.847299,0.918969,0.330685,0.006146,0.900998;10@0.217956,0.729816,0.962285,0.598588,0.341137,0.108223,0.101723,0.731082,0.055547,0.949688,0.536871,0.044209;75@0.500632,0.474954,0.972714,0.911564,0.081323,0.712873,0.218469,0.495799,0.355969,0.31374;84@0.381999,0.679657,0.373076,0.26961,0.670269,0.314228,0.328397,0.570999,0.549175,0.602818,0.934843;82@0.273869;47@0.180679,0.906184,0.915641,0.751473,0.779171,0.316729,0.004763,0.504894,0.547961,0.62913,0.427372;9@0.704966,0.614388,0.331733,0.088264,0.321314,0.710118,0.353024,0.041661,0.693787,0.64264,0.896776;39@0.138059,0.966671,0.298133,0.77612,0.979838,0.137051,0.382133,0.538561,0.362476;88@0.269328,0.687049,0.819069,0.169765,0.622657,0.891505,0.283634;30@0.336044,0.586652,0.147554,0.932516,0.496065,0.543412,0.098014,0.118019,0.444551,0.385721|1|1762487393
I20251108 00:02:58.855513 139717798590272 data_text_parser.cc:116] beg_pos: 3431,end_pos: 5646
I20251108 00:02:58.855525 139717798590272 data_text_parser.cc:59] line: 502|615|1720@513774627:0.444789;1185@4053889044:0.650915;1587@339028417:0.98759;1048@1856382792:0.113242;1413@1960929098:0.404591;1472@3044580123:0.666012;1861@2364500013:0.105248;1430@894363300:0.681372;1384@2359045956:0.291555;1829@3815865727:0.898408;1635@224666234:0.078677;1785@1106051846:0.852868;1712@530794895:0.039531;1116@120166187:0.175907;1010@1200876490:0.425163;1371@2063956429:0.495839;1381@611115789:0.808529;1736@1701808540:0.888681;1206@1474472743:0.569258;1202@383344535:0.587376|67@0.160719,0.462557,0.297926,0.001794,0.477533,0.645602,0.052997,0.927505,0.035395,0.634791,0.230233;56@0.203832,0.277344,0.407021,0.923361,0.278207,0.822892,0.908072,0.768272,0.363885,0.696308,0.128866,0.133736;73@0.990321,0.801203;38@0.649908,0.784428,0.917209,0.320594,0.220833,0.391487,0.642713,0.675565,0.735504,0.284866;1@;14@0.793447,0.885437,0.195191,0.561198,0.875903,0.408394,0.879293,0.639936,0.247956;41@;32@0.618972,0.261695,0.629026,0.965779;70@0.402521,0.394206,0.325726,0.461471;43@0.197996,0.300955,0.263196,0.540295,0.733446,0.08131,0.516582,0.667749,0.570566,0.734568,0.750409;65@0.314856,0.419002,0.473812,0.991786;20@0.163568,0.051742,0.816812,0.203654;40@0.305979,0.415777,0.215625;100@0.109294;37@0.596952,0.722276,0.789133,0.809838,0.946686,0.545711,0.10526,0.213432,0.817362,0.277246,0.393376,0.81311,0.599744;27@0.641088,0.802516,0.301396,0.337194,0.018348,0.392255,0.222202;92@0.968358,0.60732,0.533948,0.863678,0.799861;10@0.285674,0.639578,0.404958,0.308562,0.7064,0.882448,0.077799,0.893183,0.178139,0.660426,0.635545,0.618839;75@0.898085,0.885851,0.170881,0.342986,0.224331,0.190005,0.303733,0.146186,0.941643,0.589226;84@0.742751,0.650001,0.886945,0.227988,0.14232,0.221443,0.517362,0.371223,0.130415,0.72593,0.926965;82@0.493221;47@0.092405,0.213848,0.679443,0.621933,0.498864,0.361371,0.953425,0.196997,0.044853,0.738805,0.55534;9@0.229299,0.522073,0.237449,0.999418,0.202142,0.484743,0.09691,0.56668,0.327916,0.056658,0.777749;39@0.90456,0.835956,0.586589,0.028058,0.338192,0.524346,0.972072,0.534304,0.957371;88@0.318283,0.631211,0.15505,0.789922,0.136318,0.400884,0.535286;30@0.361055,0.689538,0.439207,0.367187,0.394471,0.795687,0.901464,0.255019,0.084717,0.099241|1|1762487393
I20251108 00:02:58.855564 139717798590272 data_text_parser.cc:116] beg_pos: 5647,end_pos: 7855
I20251108 00:02:58.855577 139717798590272 data_text_parser.cc:59] line: 503|175|1720@3875183002:0.998533;1185@3823727858:0.519912;1587@3244719904:0.375482;1048@3358903479:0.918446;1413@1676774383:0.101381;1472@2194645115:0.657132;1861@2846353280:0.182839;1430@3032996304:0.992398;1384@3710122819:0.24321;1829@520419938:0.219932;1635@3239605337:0.096745;1785@3778037678:0.431243;1712@830634684:0.535464;1116@3160113300:0.080483;1010@1074373667:0.473468;1371@317172541:0.639016;1381@1834207099:0.37106;1736@2792565270:0.240227;1206@1251768018:0.252582;1202@106603756:0.626313|67@0.153611,0.723441,0.488929,0.044764,0.143945,0.909173,0.14157,0.805583,0.787324,0.900358,0.657247;56@0.647527,0.841601,0.716285,0.461056,0.664117,0.500832,0.109572,0.929005,0.293629,0.458431,0.695368,0.998051;73@0.10509,0.048227;38@0.179652,0.497071,0.395811,0.089324,0.5903,0.064604,0.103682,0.872084,0.893739,0.225415;1@;14@0.963888,0.734371,0.60642,0.339481,0.904752,0.424837,0.314118,0.952088,0.261859;41@;32@0.761031,0.215709,0.915924,0.238086;70@0.499941,0.797582,0.339034,0.710295;43@0.866076,0.670377,0.082184,0.731612,0.304757,0.508306,0.320863,0.153551,0.7678,0.322709,0.158286;65@0.007526,0.160963,0.352809,0.799014;20@0.857398,0.828717,0.539242,0.901885;40@0.562745,0.150595,0.935637;100@0.004178;37@0.129554,0.610188,0.499674,0.235685,0.127926,0.041856,0.789368,0.719369,0.074569,0.433654,0.278203,0.248442,0.698561;27@0.571544,0.779063,0.975433,0.362756,0.086938,0.912442,0.97164;92@0.341246,0.769451,0.158745,0.345413,0.341169;10@0.057304,0.428631,0.64034,0.113089,0.443638,0.181737,0.151611,0.47487,0.942187,0.084716,0.89313,0.917913;75@0.58414,0.015914,0.829951,0.386964,0.809415,0.660107,0.60242,0.828594,0.422356,0.198059;84@0.796375,0.866383,0.530907,0.455243,0.444799,0.254506,0.19695,0.303492,0.929839,0.690548,0.405523;82@0.762802;47@0.607225,0.84567,0.852709,0.981909,0.690802,0.812568,0.927799,0.586602,0.421692,0.860806,0.690422;9@0.28054,0.573249,0.477492,0.412284,0.365954,0.683063,0.882145,0.322809,0.10463,0.75045,0.542633;39@0.201239,0.235725,0.315219,0.350916,0.144557,0.79795,0.634871,0.279873,0.299752;88@0.112161,0.851939,0.842287,0.59423,0.245379,0.839,0.753723;30@0.442002,0.889488,0.809807,0.459856,0.655718,0.711659,0.384873,0.292206,0.332932,0.415451|1|1762487393
I20251108 00:02:58.855612 139717798590272 data_text_parser.cc:116] beg_pos: 7856,end_pos: 10070
I20251108 00:02:58.855624 139717798590272 data_text_parser.cc:59] line: 504|467|1720@1909934865:0.560578;1185@4277349646:0.764605;1587@3116267163:0.679818;1048@3869703704:0.97873;1413@331086474:0.087889;1472@309255282:0.194146;1861@577322902:0.758907;1430@643034679:0.145341;1384@2957480089:0.289651;1829@2403724663:0.167801;1635@1009681203:0.279797;1785@2845187168:0.965758;1712@4250617443:0.61684;1116@2433100831:0.110676;1010@3908394365:0.115314;1371@3138208659:0.49804;1381@3177212145:0.808809;1736@1098437149:0.170522;1206@768148391:0.028119;1202@3560157685:0.176924|67@0.889881,0.73275,0.491594,0.909157,0.034654,0.564618,0.269203,0.785594,0.934167,0.599259,0.571128;56@0.792212,0.483328,0.880583,0.375306,0.673587,0.812242,0.037094,0.880812,0.338187,0.704305,0.203998,0.958635;73@0.234509,0.144217;38@0.692882,0.774906,0.491664,0.617154,0.145601,0.86085,0.275853,0.694036,0.568974,0.210826;1@;14@0.425795,0.202286,0.866172,0.941529,0.022858,0.977873,0.824446,0.863872,0.481119;41@;32@0.057186,0.894596,0.897354,0.700741;70@0.597374,0.389202,0.024297,0.906619;43@0.362638,0.402672,0.432397,0.039283,0.572124,0.978682,0.918489,0.022543,0.37911,0.977322,0.334254;65@0.889224,0.24566,0.842178,0.266891;20@0.20008,0.233272,0.005273,0.655086;40@0.488254,0.343602,0.860724;100@0.716149;37@0.095043,0.640282,0.715203,0.091054,0.880897,0.244811,0.719741,0.078841,0.141989,0.219541,0.849619,0.296069,0.582215;27@0.974737,0.560953,0.005837,0.001466,0.644673,0.965842,0.148624;92@0.828605,0.618321,0.902582,0.81521,0.333382;10@0.677115,0.518442,0.613859,0.324461,0.824771,0.6072,0.347099,0.719166,0.954499,0.478932,0.871293,0.727085;75@0.36776,0.373965,0.786279,0.520688,0.512342,0.632106,0.180396,0.248859,0.274433,0.085515;84@0.260562,0.924808,0.089221,0.53542,0.718508,0.942344,0.819918,0.897215,0.028682,0.463961,0.628553;82@0.974246;47@0.988167,0.583109,0.733592,0.640492,0.00035,0.762176,0.16204,0.485404,0.601625,0.572046,0.150269;9@0.720164,0.446599,0.988782,0.801523,0.629408,0.133441,0.182613,0.211085,0.528723,0.871943,0.77833;39@0.745607,0.123621,0.877602,0.166205,0.67983,0.000624,0.947387,0.173153,0.557462;88@0.028028,0.410026,0.882738,0.468888,0.585012,0.306671,0.357973;30@0.275504,0.33311,0.284206,0.210094,0.415818,0.025412,0.270868,0.669912,0.032876,0.238742|1|1762487393
I20251108 00:02:58.855662 139717798590272 data_text_parser.cc:116] beg_pos: 10071,end_pos: 12274
I20251108 00:02:58.855674 139717798590272 data_text_parser.cc:59] line: 505|537|1720@2009149778:0.939256;1185@638308969:0.630796;1587@786336948:0.724364;1048@3760338281:0.265772;1413@2675086765:0.392997;1472@3688589807:0.864293;1861@3760014944:0.59922;1430@347813322:0.236341;1384@4221844663:0.242559;1829@894363300:0.05309;1635@2535067336:0.683974;1785@2955279971:0.298725;1712@309453711:0.354738;1116@3688887697:0.332523;1010@3617454386:0.282171;1371@367705524:0.363139;1381@1547618342:0.061654;1736@416114529:0.902899;1206@2476015155:0.029747;1202@1372404069:0.984019|67@0.395015,0.494998,0.49473,0.263426,0.838516,0.503529,0.818311,0.013909,0.639056,0.837552,0.836162;56@0.938288,0.64635,0.303349,0.70893,0.397502,0.598579,0.997,0.47675,0.843884,0.483656,0.959754,0.983637;73@0.965054,0.332569;38@0.211034,0.442061,0.505645,0.849068,0.354398,0.679267,0.132454,0.540758,0.931011,0.17701;1@;14@0.793575,0.735175,0.2631,0.543731,0.285697,0.230832,0.902787,0.00325,0.352692;41@;32@0.697693,0.405513,0.656683,0.691544;70@0.52691,0.180513,0.852896,0.48212;43@0.561662,0.59539,0.333802,0.378546,0.275769,0.394676,0.499832,0.974773,0.20693,0.584808,0.291942;65@0.950488,0.428848,0.611863,0.365566;20@0.698613,0.498488,0.668078,0.14415;40@0.921785,0.774929,0.182945;100@0.349549;37@0.862619,0.192031,0.69602,0.745563,0.755824,0.939305,0.809762,0.489056,0.580247,0.781255,0.141816,0.803643,0.543478;27@0.541005,0.610136,0.781064,0.018632,0.54263,0.429868,0.213756;92@0.349618,0.830167,0.91225,0.465834,0.610323;10@0.804908,0.080468,0.85047,0.884423,0.111383,0.352055,0.226504,0.692695,0.634121,0.988792,0.689679,0.343305;75@0.518024,0.124752,0.332468,0.330371,0.148325,0.295402,0.251255,0.214225,0.656102,0.998204;84@0.94219,0.965929,0.658089,0.245163,0.518935,0.676855,0.322348,0.157777,0.481485,0.046685,0.546372;82@0.456202;47@0.88543,0.707736,0.048818,0.489618,0.784441,0.502708,0.453855,0.022545,0.249949,0.80138,0.985467;9@0.798032,0.596775,0.56485,0.052454,0.889211,0.045327,0.070188,0.034708,0.920394,0.801219,0.792939;39@0.936913,0.932372,0.543427,0.798941,0.154328,0.775276,0.223296,0.616598,0.341354;88@0.889044,0.196545,0.532346,0.199163,0.630463,0.084608,0.671233;30@0.739578,0.009815,0.316299,0.802711,0.342963,0.81861,0.485511,0.520252,0.922153,0.936702|0|1762487393
I20251108 00:02:58.855714 139717798590272 data_text_parser.cc:116] beg_pos: 12275,end_pos: 14483
I20251108 00:02:58.855727 139717798590272 data_text_parser.cc:59] line: 506|71|1720@3219514854:0.092929;1185@3822461669:0.489091;1587@3118150701:0.987681;1048@3308781730:0.853661;1413@4168973125:0.485843;1472@2878036977:0.765829;1861@896968605:0.264759;1430@182598355:0.765593;1384@2644670163:0.408735;1829@1189231063:0.713552;1635@2585630810:0.656292;1785@2170582604:0.65541;1712@2891192570:0.103759;1116@3979985857:0.583492;1010@1155860147:0.073099;1371@3368423237:0.499069;1381@1141769072:0.777137;1736@4158294154:0.15699;1206@1529378427:0.917667;1202@151489820:0.888444|67@0.354493,0.067996,0.91257,0.643214,0.272888,0.450797,0.867822,0.136385,0.437951,0.962159,0.63418;56@0.719207,0.055484,0.263557,0.931271,0.241191,0.284179,0.295326,0.598733,0.481283,0.456057,0.25245,0.110058;73@0.742071,0.841455;38@0.54807,0.740608,0.614224,0.485912,0.037677,0.531818,0.866163,0.182256,0.945656,0.344065;1@;14@0.067915,0.198976,0.114628,0.910116,0.214109,0.29868,0.872204,0.29496,0.536608;41@;32@0.529792,0.200858,0.25695,0.41721;70@0.42279,0.69999,0.982835,0.221043;43@0.87592,0.579531,0.755899,0.122167,0.899685,0.123608,0.20495,0.569479,0.278426,0.474366,0.290269;65@0.887725,0.859106,0.564968,0.334192;20@0.160182,0.270117,0.017751,0.961077;40@0.843169,0.407018,0.461709;100@0.995195;37@0.700915,0.409109,0.880841,0.183527,0.773207,0.740052,0.451657,0.682937,0.162042,0.879215,0.456454,0.84062,0.588664;27@0.616604,0.71242,0.689078,0.369495,0.173777,0.869218,0.250948;92@0.185488,0.576285,0.296212,0.353855,0.559209;10@0.437246,0.595758,0.892349,0.879393,0.361004,0.81054,0.126907,0.581449,0.660876,0.930528,0.376786,0.93332;75@0.148394,0.447637,0.200442,0.55399,0.524223,0.006049,0.421887,0.241455,0.90754,0.93478;84@0.490659,0.660142,0.063662,0.878976,0.742206,0.030321,0.459775,0.051182,0.632415,0.842088,0.386232;82@0.283741;47@0.160134,0.273459,0.448809,0.048558,0.64154,0.719397,0.037045,0.382697,0.994521,0.209246,0.359543;9@0.068829,0.069533,0.374179,0.415552,0.679911,0.123383,0.106901,0.47476,0.932201,0.160619,0.08434;39@0.071363,0.773043,0.23932,0.843287,0.336761,0.578047,0.450711,0.330341,0.595877;88@0.829239,0.272484,0.226965,0.716229,0.946915,0.442646,0.443669;30@0.201639,0.254433,0.390023,0.595678,0.285334,0.514416,0.414686,0.647257,0.880388,0.704027|1|1762487393
I20251108 00:02:58.855758 139717798590272 data_text_parser.cc:116] beg_pos: 14484,end_pos: 16697
I20251108 00:02:58.855774 139717798590272 data_text_parser.cc:59] line: 507|897|1720@2473918162:0.348725;1185@210480758:0.892419;1587@443683703:0.130503;1048@4178290733:0.19964;1413@3309862379:0.504953;1472@1668479552:0.882236;1861@3708184972:0.254681;1430@3112367311:0.960549;1384@3712311671:0.364107;1829@1904244134:0.030011;1635@2647079672:0.315232;1785@3560890740:0.351358;1712@2943263691:0.706399;1116@2574857927:0.794502;1010@523640479:0.223778;1371@964446399:0.098209;1381@2378555884:0.794475;1736@2255066667:0.989819;1206@2556399012:0.599313;1202@1975551497:0.588852|67@0.641512,0.98631,0.922809,0.479984,0.610098,0.428428,0.209285,0.87393,0.44429,0.133103,0.746634;56@0.844459,0.175356,0.547675,0.705774,0.432473,0.306809,0.264243,0.853359,0.384393,0.597621,0.289156,0.832259;73@0.442058,0.477208;38@0.522749,0.179972,0.888291,0.046735,0.554826,0.35033,0.679924,0.346622,0.926812,0.608975;1@;14@0.5654,0.515516,0.007964,0.722895,0.643274,0.675898,0.802985,0.858096,0.322131;41@;32@0.763257,0.376549,0.117262,0.875823;70@0.600498,0.237411,0.452753,0.98615;43@0.312739,0.520434,0.418046,0.81485,0.218269,0.291834,0.669506,0.732592,0.203124,0.929806,0.863731;65@0.513464,0.332825,0.71169,0.735395;20@0.457473,0.417568,0.204751,0.961853;40@0.86228,0.947907,0.649788;100@0.359293;37@0.006179,0.125904,0.00127,0.783249,0.856167,0.130426,0.489406,0.867084,0.039464,0.489648,0.217422,0.130529,0.681667;27@0.286814,0.339753,0.495498,0.757174,0.637364,0.85872,0.462564;92@0.636872,0.592958,0.210076,0.537276,0.316495;10@0.832485,0.38103,0.640254,0.264905,0.220319,0.907103,0.748779,0.884894,0.379074,0.055767,0.48421,0.068425;75@0.532923,0.338605,0.113159,0.725523,0.633158,0.517758,0.506873,0.033181,0.643969,0.693025;84@0.075943,0.442697,0.13217,0.325349,0.50251,0.529249,0.322168,0.085424,0.768511,0.777595,0.368698;82@0.375607;47@0.443335,0.305574,0.240279,0.703686,0.324535,0.628349,0.164979,0.077648,0.968422,0.949153,0.046669;9@0.793264,0.424155,0.524839,0.279197,0.289708,0.564872,0.65692,0.762123,0.368127,0.702655,0.381691;39@0.504812,0.890851,0.007702,0.257157,0.44638,0.176043,0.571081,0.275832,0.073417;88@0.70261,0.435149,0.905181,0.685614,0.920279,0.564913,0.322581;30@0.219594,0.237283,0.308129,0.404849,0.713465,0.786849,0.639584,0.266539,0.478483,0.099224|1|1762487393
I20251108 00:02:58.855811 139717798590272 data_text_parser.cc:116] beg_pos: 16698,end_pos: 18899
I20251108 00:02:58.855824 139717798590272 data_text_parser.cc:59] line: 508|294|1720@3221155904:0.654398;1185@384079646:0.631013;1587@176154432:0.25638;1048@3760620901:0.399063;1413@804719295:0.293661;1472@1946153181:0.82662;1861@3979462412:0.328398;1430@1393268503:0.474542;1384@1997907531:0.710607;1829@333547026:0.164067;1635@928759265:0.775377;1785@3137466113:0.824254;1712@194190518:0.698037;1116@1008665712:0.567068;1010@1389554682:0.44872;1371@161030575:0.080283;1381@106603756:0.830103;1736@1982148595:0.777425;1206@3988505151:0.595346;1202@1637448040:0.799333|67@0.382325,0.296364,0.420919,0.715816,0.99462,0.676845,0.070422,0.859659,0.628548,0.482683,0.894556;56@0.143581,0.566561,0.613643,0.413104,0.77971,0.119396,0.394496,0.981919,0.755898,0.068521,0.473907,0.713438;73@0.322307,0.563451;38@0.461187,0.1477,0.353746,0.05855,0.458928,0.46379,0.029124,0.12152,0.680913,0.359474;1@;14@0.593745,0.898906,0.140372,0.897969,0.770122,0.645309,0.67687,0.506763,0.272754;41@;32@0.086232,0.694151,0.203319,0.982195;70@0.631339,0.509358,0.527257,0.041678;43@0.15792,0.544887,0.554436,0.566716,0.066616,0.279068,0.77128,0.348673,0.11381,0.927212,0.068139;65@0.91762,0.872081,0.210962,0.564561;20@0.234533,0.141699,0.710938,0.694171;40@0.158939,0.491576,0.103226;100@0.793573;37@0.765284,0.72498,0.15911,0.853439,0.280118,0.925498,0.250355,0.801189,0.580993,0.453747,0.050377,0.106198,0.393806;27@0.37713,0.258937,0.188189,0.013161,0.067423,0.044361,0.33784;92@0.936497,0.888789,0.855225,0.708445,0.338854;10@0.887779,0.406855,0.538967,0.76911,0.314442,0.087796,0.191765,0.318472,0.434386,0.460858,0.948968,0.818831;75@0.549485,0.153588,0.813494,0.466175,0.890192,0.583553,0.923736,0.777192,0.220445,0.989439;84@0.268229,0.268852,0.580394,0.08854,0.941094,0.218171,0.06071,0.051628,0.723276,0.491301,0.237683;82@0.697642;47@0.721775,0.950865,0.140361,0.539415,0.616269,0.368695,0.558989,0.929642,0.170934,0.412587,0.405088;9@0.619612,0.373071,0.659373,0.75828,0.294366,0.425128,0.409668,0.36481,0.272796,0.785389,0.387117;39@0.398039,0.904852,0.698578,0.362389,0.280663,0.622102,0.158416,0.082851,0.155745;88@0.023013,0.880934,0.997854,0.931116,0.17315,0.686858,0.90833;30@0.955754,0.030523,0.791027,0.55566,0.915124,0.758892,0.998886,0.66464,0.785176,0.025508|1|1762487393
I20251108 00:02:58.855855 139717798590272 data_text_parser.cc:116] beg_pos: 18900,end_pos: 20480
I20251108 00:02:58.856105 139717798590272 data_text_parser.cc:101] get chunk buffer, size: 20480
I20251108 00:02:58.856120 139717798590272 data_text_parser.cc:116] beg_pos: 0,end_pos: 630
I20251108 00:02:58.856127 139717798590272 data_text_parser.cc:61] buffer line: 509|963|1720@4166655004:0.886649;1185@3416835091:0.462034;1587@456569471:0.64235;1048@3778037678:0.527209;1413@4262633349:0.749238;1472@4244866878:0.102782;1861@2130223182:0.701657;1430@3484701107:0.444932;1384@3853891488:0.159062;1829@3280494417:0.177704;1635@710890686:0.779086;1785@2900927016:0.272126;1712@1695835548:0.668615;1116@3989460489:0.215835;1010@488815584:0.786053;1371@2164949003:0.614102;1381@1284984031:0.371501;1736@3133242917:0.314492;1206@3343759445:0.891343;1202@92668701:0.030554|67@0.828514,0.719361,0.441958,0.151896,0.338458,0.557942,0.228145,0.019063,0.41421,0.038708,0.464528;56@0.291734,0.08446,0.890815,0.215671,0.815889,0.495252,0.606977,0.337209,0.162644,0.729058,0.969738,0.374772;73@0.024972,0.054487;38@0.562212,0.162056,0.287068,0.211296,0.705208,0.905452,0.233563,0.370054,0.33528,0.861374;1@;14@0.447643,0.600239,0.153929,0.567566,0.599766,0.553127,0.127,0.233221,0.564703;41@;32@0.134229,0.783841,0.624723,0.17818;70@0.853304,0.133816,0.716539,0.197952;43@0.285789,0.254959,0.819207,0.008347,0.396027,0.312361,0.145385,0.006606,0.597832,0.203944,0.576475;65@0.925299,0.391477,0.648361,0.343139;20@0.31684,0.785368,0.622062,0.579652;40@0.50301,0.012422,0.153547;100@0.633022;37@0.224681,0.396142,0.031075,0.037626,0.44737,0.71261,0.31881,0.666937,0.723047,0.950305,0.091461,0.767663,0.085032;27@0.897751,0.549183,0.211689,0.55973,0.332561,0.231243,0.041318;92@0.737385,0.513875,0.855335,0.373941,0.555327;10@0.166213,0.863494,0.041943,0.608076,0.278141,0.966944,0.016486,0.137567,0.414225,0.531263,0.287869,0.292686;75@0.00273,0.687331,0.844609,0.624981,0.349268,0.470412,0.727596,0.062267,0.981662,0.206702;84@0.037517,0.870366,0.805138,0.62338,0.760613,0.252255,0.706564,0.090511,0.401659,0.487721,0.028495;82@0.277235;47@0.176596,0.376245,0.063107,0.03202,0.107628,0.23579,0.133571,0.669066,0.831104,0.439089,0.881762;9@0.506879,0.782467,0.643473,0.3486,0.172025,0.574406,0.628631,0.605804,0.379494,0.905819,0.142385;39@0.487387,0.111614,0.90015,0.601463,0.835535,0.24963,0.538638,0.693717,0.310634;88@0.088751,0.764257,0.162717,0.748131,0.032955,0.601982,0.114499;30@0.140111,0.009341,0.808314,0.309906,0.722621,0.079919,0.078221,0.252448,0.244438,0.283305|1|1762487393
I20251108 00:02:58.856165 139717798590272 data_text_parser.cc:116] beg_pos: 631,end_pos: 2839
I20251108 00:02:58.856177 139717798590272 data_text_parser.cc:59] line: 510|260|1720@3685218401:0.795253;1185@2927349006:0.330783;1587@1359960709:0.087746;1048@3607108014:0.595604;1413@1374361100:0.917154;1472@3897314138:0.615072;1861@4010989558:0.238883;1430@3307216292:0.438151;1384@2008460704:0.091584;1829@3994856916:0.30225;1635@577357121:0.590488;1785@378769739:0.288857;1712@4099110277:0.71571;1116@2857068709:0.736371;1010@1741093191:0.917944;1371@432055446:0.071445;1381@309916703:0.379259;1736@3386642954:0.421736;1206@3903431066:0.330874;1202@1430707487:0.995756|67@0.366802,0.069901,0.484729,0.851529,0.465058,0.267796,0.750731,0.881734,0.121993,0.355786,0.380622;56@0.985202,0.657401,0.398981,0.62749,0.85277,0.557116,0.78736,0.841108,0.984713,0.320112,0.848883,0.083557;73@0.928275,0.384771;38@0.194988,0.858405,0.972901,0.702773,0.866369,0.57238,0.015692,0.093108,0.241255,0.887773;1@;14@0.413429,0.419428,0.216079,0.037542,0.672957,0.67624,0.275842,0.928181,0.150932;41@;32@0.018684,0.137349,0.469457,0.590516;70@0.137862,0.071201,0.538507,0.230522;43@0.06653,0.219132,0.240085,0.637477,0.600528,0.028059,0.407773,0.349945,0.033312,0.276771,0.924859;65@0.552276,0.582471,0.61409,0.28151;20@0.249571,0.927379,0.30122,0.897083;40@0.875878,0.203121,0.094933;100@0.379143;37@0.243732,0.946477,0.41465,0.883813,0.509058,0.089624,0.918947,0.44847,0.943692,0.896564,0.838209,0.889063,0.266439;27@0.89227,0.898146,0.725711,0.845591,0.922603,0.52795,0.048089;92@0.823469,0.51742,0.504578,0.558117,0.390795;10@0.436918,0.20669,0.414608,0.910133,0.726642,0.166731,0.522775,0.803038,0.976653,0.027168,0.519591,0.708689;75@0.102084,0.897551,0.625046,0.723815,0.061041,0.604084,0.071197,0.247832,0.077507,0.918903;84@0.729393,0.968466,0.36778,0.377981,0.903189,0.934496,0.589762,0.699145,0.232803,0.414043,0.139533;82@0.626786;47@0.059642,0.439076,0.962377,0.817723,0.046245,0.17898,0.242065,0.063253,0.48738,0.170454,0.680743;9@0.428022,0.017807,0.90186,0.462382,0.859206,0.36847,0.42565,0.360454,0.510427,0.101982,0.649611;39@0.667844,0.175683,0.826958,0.132322,0.879908,0.256885,0.564261,0.366995,0.064414;88@0.627326,0.216927,0.965268,0.822789,0.05577,0.636553,0.618737;30@0.134971,0.719788,0.028204,0.853213,0.674829,0.33401,0.128045,0.487956,0.000964,0.265404|1|1762487393
I20251108 00:02:58.856222 139717798590272 data_text_parser.cc:116] beg_pos: 2840,end_pos: 5047
I20251108 00:02:58.856239 139717798590272 data_text_parser.cc:59] line: 511|990|1720@1701436800:0.889034;1185@1827363858:0.976565;1587@949608291:0.316937;1048@3905738812:0.01775;1413@3025581693:0.092748;1472@1368341382:0.332678;1861@1427212399:0.781418;1430@1443442005:0.8667;1384@1756375630:0.79272;1829@3558074173:0.752574;1635@1046397545:0.313776;1785@1423179034:0.448094;1712@3929720443:0.159341;1116@478810572:0.322162;1010@3728830192:0.296254;1371@3503532433:0.953912;1381@1760859973:0.811814;1736@1461282864:0.037249;1206@2449073900:0.523705;1202@1255533718:0.944532|67@0.651354,0.258023,0.521334,0.181689,0.187497,0.337216,0.884263,0.008246,0.349286,0.285974,0.643778;56@0.716834,0.961645,0.832041,0.785667,0.686473,0.950273,0.66632,0.286464,0.234182,0.500523,0.072055,0.204552;73@0.453888,0.355045;38@0.119422,0.523375,0.974528,0.976727,0.750024,0.34671,0.223389,0.139472,0.312429,0.52067;1@;14@0.08562,0.178183,0.110787,0.596138,0.512988,0.36861,0.363594,0.135273,0.495179;41@;32@0.830291,0.485762,0.039929,0.11911;70@0.989323,0.782042,0.25805,0.448703;43@0.273407,0.805666,0.839736,0.934906,0.712542,0.702105,0.99142,0.627016,0.123875,0.188546,0.616483;65@0.804495,0.003393,0.414015,0.360473;20@0.498164,0.948728,0.485279,0.637554;40@0.818028,0.999202,0.329776;100@0.864083;37@0.309236,0.4997,0.54755,0.243801,0.450595,0.105491,0.177573,0.115002,0.415198,0.910279,0.861669,0.047279,0.514662;27@0.837455,0.030054,0.886414,0.21981,0.821471,0.988777,0.052969;92@0.37351,0.675724,0.457187,0.819175,0.047777;10@0.655522,0.857462,0.572909,0.523138,0.405957,0.423474,0.102576,0.437887,0.612216,0.123284,0.292291,0.72842;75@0.099922,0.860131,0.325054,0.82024,0.945583,0.65539,0.995648,0.088811,0.634038,0.952308;84@0.162485,0.15243,0.038914,0.63354,0.046053,0.964967,0.51979,0.767157,0.759937,0.526825,0.235017;82@0.360922;47@0.885676,0.971482,0.305729,0.841025,0.99212,0.05813,0.263476,0.940841,0.573403,0.256858,0.343678;9@0.044783,0.499029,0.206808,0.814686,0.838162,0.735441,0.454837,0.485176,0.981992,0.292557,0.658594;39@0.800088,0.831115,0.927434,0.471343,0.202493,0.246891,0.838527,0.722147,0.903286;88@0.073871,0.188147,0.963414,0.502112,0.345356,0.311461,0.221024;30@0.109564,0.646019,0.88181,0.475146,0.142479,0.764908,0.593312,0.77919,0.84186,0.540233|0|1762487393
I20251108 00:02:58.856279 139717798590272 data_text_parser.cc:116] beg_pos: 5048,end_pos: 7257
I20251108 00:02:58.856293 139717798590272 data_text_parser.cc:59] line: 512|943|1720@3607108014:0.80868;1185@931371238:0.070004;1587@707825756:0.397293;1048@4221844663:0.726633;1413@205834756:0.290377;1472@2555942424:0.004486;1861@2411826322:0.079707;1430@707825756:0.359123;1384@774304389:0.241589;1829@2932762014:0.703465;1635@208280340:0.82642;1785@990150978:0.710075;1712@1410767037:0.494184;1116@3744630759:0.188571;1010@3100657077:0.11679;1371@633449236:0.052392;1381@2723781175:0.619486;1736@3947179334:0.75957;1206@1639601681:0.207632;1202@1370958239:0.517618|67@0.011938,0.828903,0.491167,0.139062,0.008775,0.927318,0.469206,0.673933,0.170776,0.743277,0.539944;56@0.117587,0.864526,0.906311,0.851447,0.063386,0.237289,0.461313,0.080308,0.805931,0.42862,0.503059,0.212114;73@0.595814,0.52035;38@0.773545,0.278041,0.404725,0.939584,0.939579,0.637977,0.292585,0.188222,0.860291,0.802599;1@;14@0.079424,0.23291,0.657694,0.459036,0.849941,0.763008,0.907789,0.548542,0.648471;41@;32@0.464358,0.699788,0.72302,0.543595;70@0.002145,0.773997,0.933681,0.443439;43@0.369739,0.539291,0.436677,0.855137,0.251848,0.980547,0.590354,0.412471,0.487612,0.324921,0.587041;65@0.825755,0.895698,0.817654,0.430703;20@0.3942,0.559128,0.980402,0.903858;40@0.233374,0.528465,0.026671;100@0.341158;37@0.346511,0.12498,0.596841,0.116905,0.713305,0.702205,0.589155,0.48482,0.252697,0.356824,0.634613,0.866518,0.465639;27@0.090845,0.796639,0.956189,0.943894,0.149374,0.776085,0.572879;92@0.112112,0.502442,0.411968,0.152908,0.842563;10@0.715672,0.416083,0.791719,0.893752,0.832585,0.370733,0.898694,0.946022,0.168295,0.044452,0.887088,0.28146;75@0.002174,0.763578,0.423707,0.081871,0.702475,0.690702,0.203931,0.444193,0.712141,0.0451;84@0.136509,0.766312,0.128664,0.967309,0.221981,0.373435,0.908033,0.730429,0.907249,0.70615,0.119743;82@0.040142;47@0.248285,0.002564,0.433661,0.92591,0.41853,0.085162,0.901863,0.207604,0.324697,0.537988,0.740077;9@0.925653,0.899594,0.437278,0.355397,0.445989,0.797986,0.008453,0.423153,0.109407,0.284917,0.314024;39@0.323169,0.177074,0.416528,0.452043,0.008587,0.525529,0.54332,0.731169,0.945104;88@0.006265,0.531427,0.09979,0.865527,0.509556,0.754277,0.933411;30@0.449508,0.116428,0.117728,0.605141,0.617439,0.559347,0.272905,0.415609,0.230605,0.120633|1|1762487393
I20251108 00:02:58.856337 139717798590272 data_text_parser.cc:116] beg_pos: 7258,end_pos: 9469
I20251108 00:02:58.856349 139717798590272 data_text_parser.cc:59] line: 513|855|1720@1646109686:0.31585;1185@4099340999:0.450334;1587@2733206752:0.085279;1048@4228594107:0.523109;1413@1731796881:0.273926;1472@4090254189:0.776343;1861@2293908484:0.209111;1430@2622738821:0.198417;1384@978404542:0.400074;1829@3602937380:0.270389;1635@238994303:0.919245;1785@424101003:0.860071;1712@1894315770:0.339689;1116@2038064093:0.541602;1010@2255023404:0.852725;1371@918958193:0.848305;1381@3960559778:0.905798;1736@1398515501:0.160314;1206@2644046346:0.952066;1202@1324947452:0.075503|67@0.291655,0.757924,0.028643,0.23246,0.843163,0.098024,0.063963,0.464401,0.81942,0.75977,0.365189;56@0.262004,0.628158,0.086903,0.460005,0.50807,0.09755,0.876572,0.160736,0.077159,0.202021,0.267426,0.113277;73@0.539597,0.576278;38@0.314851,0.345549,0.1159,0.150788,0.791377,0.834923,0.300045,0.757144,0.607755,0.749211;1@;14@0.127873,0.667261,0.566069,0.984772,0.266842,0.557442,0.532543,0.840093,0.736011;41@;32@0.543838,0.705081,0.169784,0.048692;70@0.25424,0.796637,0.569276,0.5173;43@0.247467,0.099541,0.944723,0.376591,0.634982,0.097536,0.859112,0.588747,0.516763,0.052641,0.732095;65@0.554642,0.871056,0.0754,0.918886;20@0.914478,0.937802,0.815652,0.786258;40@0.556739,0.085992,0.172374;100@0.013685;37@0.053943,0.958743,0.026741,0.986002,0.600278,0.528231,0.551143,0.465634,0.935347,0.976885,0.170055,0.001945,0.616614;27@0.018297,0.774019,0.84846,0.286752,0.614531,0.065216,0.660045;92@0.147496,0.815611,0.839815,0.206279,0.676418;10@0.855566,0.447171,0.718627,0.534284,0.844223,0.564952,0.266871,0.850037,0.645053,0.029067,0.341986,0.653878;75@0.755958,0.995984,0.38735,0.656833,0.277016,0.292038,0.211934,0.287641,0.938567,0.184159;84@0.078159,0.936048,0.871741,0.115549,0.343837,0.196078,0.059601,0.441441,0.655119,0.398757,0.194113;82@0.83494;47@0.989674,0.164036,0.590551,0.946079,0.562213,0.675079,0.184553,0.749801,0.001829,0.904667,0.40194;9@0.656085,0.603713,0.528468,0.194423,0.582984,0.055519,0.230708,0.467631,0.495106,0.725829,0.222805;39@0.587988,0.860833,0.476822,0.405769,0.842772,0.198149,0.63833,0.48392,0.587489;88@0.088549,0.993125,0.542006,0.507831,0.52798,0.413283,0.614353;30@0.304207,0.177122,0.847029,0.845228,0.817286,0.3937,0.784864,0.927912,0.239461,0.907451|1|1762487393
I20251108 00:02:58.856385 139717798590272 data_text_parser.cc:116] beg_pos: 9470,end_pos: 11677
I20251108 00:02:58.856397 139717798590272 data_text_parser.cc:59] line: 514|135|1720@444536901:0.83671;1185@752776532:0.087686;1587@3892960472:0.863763;1048@3824841795:0.482682;1413@1607395775:0.371002;1472@2996624663:0.008247;1861@4275728169:0.966851;1430@1199511226:0.918343;1384@4209580039:0.915868;1829@1140594847:0.265583;1635@212803753:0.729622;1785@523149577:0.843128;1712@3744126982:0.819457;1116@553821920:0.935849;1010@1717788341:0.091533;1371@3963439204:0.435465;1381@1917161777:0.86027;1736@2201977632:0.211803;1206@1917878532:0.358657;1202@3354529003:0.85236|67@0.901779,0.083868,0.568109,0.651592,0.414423,0.46606,0.904646,0.25188,0.262259,0.081639,0.829075;56@0.678715,0.788977,0.605908,0.57908,0.624442,0.564535,0.997084,0.789125,0.899907,0.08084,0.976145,0.712312;73@0.620705,0.108346;38@0.730066,0.53971,0.403805,0.430888,0.811215,0.228043,0.020352,0.033784,0.90833,0.742019;1@;14@0.628205,0.86424,0.019728,0.578292,0.460141,0.518206,0.424199,0.049272,0.198246;41@;32@0.108559,0.521769,0.573627,0.21845;70@0.291454,0.003576,0.560353,0.351466;43@0.216487,0.852499,0.260055,0.721019,0.561429,0.992719,0.162998,0.180219,0.049554,0.543049,0.585716;65@0.965579,0.823601,0.514238,0.341566;20@0.865063,0.070739,0.770045,0.327003;40@0.853904,0.225779,0.778915;100@0.819414;37@0.48916,0.334623,0.73938,0.116763,0.817887,0.508715,0.207836,0.550286,0.421005,0.130573,0.537957,0.253656,0.765625;27@0.859978,0.23545,0.40871,0.007917,0.917231,0.363078,0.123682;92@0.083619,0.134424,0.21376,0.012293,0.104358;10@0.143093,0.548084,0.423529,0.676681,0.809508,0.233004,0.536914,0.986183,0.910966,0.134367,0.842984,0.124849;75@0.174719,0.197592,0.904932,0.542954,0.883623,0.450041,0.690944,0.201464,0.810294,0.874332;84@0.105744,0.541363,0.799827,0.643904,0.894258,0.075687,0.388433,0.700793,0.88938,0.489496,0.602746;82@0.493282;47@0.190595,0.080709,0.653564,0.927796,0.460051,0.800981,0.412755,0.627045,0.35092,0.808495,0.459361;9@0.410349,0.308277,0.53222,0.591717,0.223398,0.082529,0.43974,0.345521,0.10149,0.882023,0.821744;39@0.686818,0.343286,0.37543,0.634245,0.413438,0.974371,0.923501,0.848476,0.448572;88@0.62603,0.648514,0.075954,0.896881,0.007106,0.512813,0.866444;30@0.09142,0.619981,0.153172,0.114029,0.433675,0.541521,0.636074,0.235904,0.808179,0.21113|0|1762487393
I20251108 00:02:58.856435 139717798590272 data_text_parser.cc:116] beg_pos: 11678,end_pos: 13883
I20251108 00:02:58.856447 139717798590272 data_text_parser.cc:59] line: 515|897|1720@2915192996:0.55116;1185@742005573:0.461982;1587@329388575:0.704009;1048@3721848540:0.03828;1413@2389413261:0.11926;1472@1263676437:0.558695;1861@3620479216:0.050965;1430@3582389173:0.952238;1384@2708858734:0.097644;1829@3503532433:0.361293;1635@374866658:0.143965;1785@654807676:0.272408;1712@244970759:0.398602;1116@1519483539:0.392271;1010@1460809917:0.912424;1371@3192943413:0.643498;1381@4267712204:0.398604;1736@768549888:0.319847;1206@1385351575:0.648421;1202@1261780095:0.465033|67@0.133728,0.772843,0.96489,0.707505,0.650051,0.607291,0.992726,0.440751,0.519778,0.384715,0.98667;56@0.749883,0.976977,0.942862,0.261704,0.109284,0.002701,0.167768,0.767916,0.129548,0.708909,0.136647,0.770215;73@0.648806,0.070182;38@0.307478,0.85174,0.193464,0.122359,0.172062,0.301943,0.394587,0.66895,0.604761,0.382041;1@;14@0.499856,0.249743,0.741026,0.767255,0.05954,0.261635,0.361771,0.70988,0.986905;41@;32@0.997672,0.10042,0.529275,0.943253;70@0.200939,0.946234,0.075878,0.197723;43@0.256979,0.682878,0.024255,0.421149,0.439873,0.648274,0.884634,0.966708,0.274172,0.218635,0.672893;65@0.426313,0.564219,0.183481,0.644445;20@0.887226,0.428887,0.365004,0.557026;40@0.026812,0.378265,0.877886;100@0.895106;37@0.550507,0.807712,0.569654,0.657825,0.415741,0.040263,0.070234,0.719821,0.035666,0.354188,0.609737,0.452001,0.291075;27@0.333119,0.040966,0.534807,0.097074,0.232686,0.44198,0.052351;92@0.48244,0.381785,0.420506,0.963607,0.238925;10@0.925438,0.95489,0.995542,0.18338,0.964487,0.922472,0.300807,0.851182,0.498653,0.031486,0.045028,0.545931;75@0.830367,0.358559,0.685902,0.810815,0.076279,0.36784,0.325138,0.11618,0.382115,0.670649;84@0.376382,0.006834,0.336741,0.158026,0.570468,0.760856,0.610681,0.330467,0.740639,0.267654,0.755413;82@0.570545;47@0.881448,0.681297,0.32077,0.605575,0.025837,0.18511,0.91231,0.984922,0.867336,0.699484,0.442333;9@0.18822,0.255625,0.680555,0.277063,0.886297,0.895668,0.738989,0.166011,0.622634,0.042945,0.31571;39@0.126492,0.941113,0.104149,0.83385,0.14929,0.826012,0.859989,0.588657,0.102117;88@0.200652,0.81708,0.342306,0.203865,0.422277,0.312721,0.815274;30@0.27371,0.950647,0.333537,0.378449,0.905209,0.452043,0.671044,0.00417,0.076124,0.503728|0|1762487393
I20251108 00:02:58.856484 139717798590272 data_text_parser.cc:116] beg_pos: 13884,end_pos: 16093
I20251108 00:02:58.856517 139717798590272 data_text_parser.cc:59] line: 516|11|1720@2499623425:0.781473;1185@1903464674:0.413205;1587@329295526:0.001935;1048@233985817:0.837689;1413@826980148:0.295386;1472@2188373201:0.094291;1861@1554545137:0.717833;1430@4211349357:0.166189;1384@2734649060:0.70401;1829@559147827:0.508565;1635@1343161255:0.212915;1785@852088063:0.877388;1712@2803198188:0.651652;1116@62759765:0.296251;1010@3727081746:0.80168;1371@2643568419:0.253938;1381@4027822449:0.965914;1736@3135723646:0.97817;1206@2885490664:0.536174;1202@1629337687:0.532341|67@0.682447,0.262871,0.031174,0.082236,0.228959,0.774568,0.96334,0.690616,0.743954,0.351495,0.613203;56@0.483027,0.53712,0.588934,0.757219,0.921447,0.666857,0.206439,0.566963,0.754226,0.778265,0.530619,0.370321;73@0.110415,0.631459;38@0.47882,0.090651,0.166157,0.713453,0.576964,0.67988,0.598304,0.719223,0.052757,0.953866;1@;14@0.878809,0.876382,0.507033,0.081785,0.704513,0.625164,0.04473,0.333576,0.452882;41@;32@0.106461,0.582165,0.768481,0.570399;70@0.068242,0.80889,0.817764,0.556223;43@0.273591,0.309539,0.052808,0.026279,0.325212,0.741043,0.353533,0.208476,0.72734,0.440852,0.79218;65@0.998681,0.192965,0.160281,0.635535;20@0.223138,0.586385,0.644563,0.3144;40@0.354561,0.450116,0.483525;100@0.949834;37@0.75505,0.530849,0.090857,0.44035,0.394165,0.279047,0.196375,0.483833,0.420765,0.211037,0.083986,0.682561,0.510924;27@0.100492,0.150434,0.280369,0.547103,0.933274,0.314124,0.407536;92@0.954559,0.466668,0.775397,0.561356,0.281772;10@0.708422,0.584544,0.043286,0.011053,0.615665,0.927531,0.315621,0.222801,0.181983,0.539641,0.167995,0.639205;75@0.479886,0.647596,0.996438,0.543282,0.838894,0.936293,0.729911,0.516322,0.490201,0.96767;84@0.138571,0.108575,0.483778,0.089141,0.678092,0.711924,0.439398,0.423168,0.750218,0.145922,0.416968;82@0.158503;47@0.609177,0.625245,0.721374,0.714683,0.369907,0.746678,0.447666,0.448691,0.144478,0.10438,0.662578;9@0.437246,0.431819,0.34773,0.59658,0.887745,0.285149,0.125262,0.059335,0.345306,0.037521,0.384048;39@0.700453,0.723836,0.078345,0.981415,0.953767,0.477403,0.58094,0.136319,0.495264;88@0.018758,0.167678,0.307485,0.817245,0.114705,0.679069,0.078555;30@0.410746,0.976157,0.137598,0.492673,0.167041,0.535774,0.824633,0.725425,0.900687,0.705642|1|1762487393
I20251108 00:02:58.856556 139717798590272 data_text_parser.cc:116] beg_pos: 16094,end_pos: 18309
I20251108 00:02:58.856570 139717798590272 data_text_parser.cc:59] line: 517|950|1720@2253811725:0.8955;1185@3511944110:0.365411;1587@1176807072:0.509796;1048@3005955795:0.905395;1413@1059216219:0.220124;1472@3891831383:0.016114;1861@2113936617:0.519187;1430@2632838782:0.266833;1384@123785664:0.408607;1829@368259861:0.681027;1635@3051233192:0.919489;1785@238248593:0.772898;1712@3106847759:0.276889;1116@3994725889:0.668833;1010@444105211:0.090266;1371@360371906:0.387876;1381@1580258924:0.902086;1736@2712430533:0.107536;1206@1221088205:0.021294;1202@1013723322:0.776371|67@0.745699,0.74387,0.972725,0.218436,0.341547,0.804341,0.013147,0.143731,0.86839,0.022657,0.969884;56@0.682708,0.896534,0.781087,0.846962,0.159617,0.951404,0.826201,0.972796,0.639536,0.003965,0.025768,0.759649;73@0.787265,0.431703;38@0.565355,0.709277,0.467103,0.880045,0.163843,0.81246,0.844596,0.211894,0.488724,0.463004;1@;14@0.634793,0.637825,0.031546,0.353465,0.536594,0.809264,0.843659,0.740176,0.467425;41@;32@0.243432,0.624588,0.280141,0.293842;70@0.236765,0.796254,0.027265,0.414103;43@0.141875,0.239214,0.610177,0.47359,0.297646,0.245764,0.241375,0.428271,0.59849,0.908974,0.094349;65@0.840163,0.333223,0.314082,0.696839;20@0.814803,0.440225,0.275504,0.84966;40@0.796502,0.947976,0.622759;100@0.087729;37@0.423505,0.019966,0.95764,0.890704,0.703641,0.386754,0.001471,0.542782,0.364123,0.476196,0.243577,0.194027,0.803283;27@0.412898,0.015131,0.259474,0.303262,0.3198,0.907356,0.89539;92@0.215476,0.774041,0.261608,0.485945,0.083117;10@0.820446,0.477219,0.812053,0.538422,0.170842,0.198228,0.049506,0.979839,0.28665,0.121071,0.039454,0.557506;75@0.829348,0.361313,0.402349,0.842961,0.285395,0.601365,0.489264,0.646968,0.174113,0.197679;84@0.783988,0.740748,0.332494,0.313166,0.264559,0.068402,0.813848,0.202081,0.630603,0.311962,0.922313;82@0.179983;47@0.644441,0.141193,0.078823,0.848837,0.934058,0.773649,0.210574,0.17721,0.682905,0.248475,0.750938;9@0.584772,0.914174,0.465275,0.106259,0.791459,0.287591,0.504154,0.027705,0.510454,0.725558,0.338007;39@0.509047,0.197448,0.127569,0.534071,0.069154,0.354394,0.998769,0.451844,0.474218;88@0.534398,0.73997,0.972161,0.275143,0.472526,0.683022,0.654786;30@0.173425,0.3814,0.168607,0.922948,0.497721,0.897117,0.934185,0.082732,0.430939,0.895713|1|1762487393
I20251108 00:02:58.856618 139717798590272 data_text_parser.cc:116] beg_pos: 18310,end_pos: 20480
I20251108 00:02:58.856869 139717798590272 data_text_parser.cc:101] get chunk buffer, size: 20480
I20251108 00:02:58.856881 139717798590272 data_text_parser.cc:116] beg_pos: 0,end_pos: 45
I20251108 00:02:58.856888 139717798590272 data_text_parser.cc:61] buffer line: 518|584|1720@392237193:0.768758;1185@2290018657:0.509119;1587@2116386328:0.348575;1048@3290962744:0.680236;1413@2975257200:0.989865;1472@1638782713:0.22142;1861@144172754:0.500445;1430@1119846275:0.228018;1384@2032414547:0.581327;1829@2785771063:0.506319;1635@1858065387:0.688357;1785@2039691351:0.169385;1712@2729760347:0.153635;1116@1949187758:0.025562;1010@3909990931:0.522822;1371@2072858431:0.877567;1381@17206801:0.964078;1736@4200467357:0.076485;1206@3772207140:0.257285;1202@3905052557:0.030299|67@0.805017,0.978221,0.685246,0.807127,0.044498,0.434944,0.490188,0.40059,0.102473,0.699611,0.826961;56@0.257852,0.405484,0.393912,0.436298,0.990462,0.357274,0.091093,0.164815,0.583974,0.259671,0.215029,0.368228;73@0.382629,0.55592;38@0.729301,0.152953,0.744071,0.099557,0.042244,0.890015,0.924944,0.986275,0.965729,0.466774;1@;14@0.641047,0.925412,0.098632,0.618154,0.867054,0.647665,0.505851,0.826607,0.978531;41@;32@0.771017,0.008771,0.843167,0.301414;70@0.723554,0.070327,0.643444,0.325323;43@0.488252,0.205744,0.344083,0.500094,0.809373,0.594106,0.110662,0.200176,0.841036,0.158771,0.560678;65@0.069899,0.665489,0.586244,0.182263;20@0.459625,0.107342,0.752708,0.331955;40@0.237313,0.046667,0.23656;100@0.831304;37@0.832187,0.425757,0.540104,0.981277,0.016275,0.116717,0.133333,0.82861,0.31073,0.515448,0.375619,0.335253,0.186062;27@0.502274,0.359816,0.896176,0.732311,0.33725,0.21202,0.586394;92@0.143611,0.952864,0.573649,0.210664,0.672321;10@0.82482,0.49074,0.483836,0.37048,0.286697,0.157644,0.597193,0.357385,0.131609,0.811844,0.768555,0.752808;75@0.374996,0.971299,0.790898,0.891954,0.426863,0.278466,0.647595,0.704146,0.604074,0.814648;84@0.382717,0.276331,0.748377,0.773746,0.153428,0.309486,0.269851,0.869318,0.749808,0.810789,0.439307;82@0.67846;47@0.098099,0.722305,0.464727,0.482427,0.953204,0.249858,0.638571,0.428624,0.98895,0.896003,0.823918;9@0.228626,0.370652,0.983162,0.186922,0.186805,0.931161,0.505105,0.004928,0.187705,0.976784,0.463435;39@0.741371,0.949936,0.272489,0.042919,0.53849,0.432507,0.703071,0.952588,0.160431;88@0.49078,0.317237,0.363562,0.536455,0.933113,0.913198,0.494145;30@0.998595,0.650528,0.38312,0.954203,0.009356,0.07701,0.16735,0.695583,0.544561,0.118268|0|1762487393
I20251108 00:02:58.856926 139717798590272 data_text_parser.cc:116] beg_pos: 46,end_pos: 2258
I20251108 00:02:58.856938 139717798590272 data_text_parser.cc:59] line: 519|853|1720@4275728169:0.494764;1185@3929080050:0.186315;1587@1735242956:0.53779;1048@3090656000:0.161344;1413@1263149611:0.160518;1472@1134748735:0.241151;1861@905660814:0.851666;1430@643034679:0.066805;1384@1908838787:0.979037;1829@278374360:0.584267;1635@769019741:0.753997;1785@286616487:0.349705;1712@3935174312:0.058717;1116@4241758138:0.098864;1010@137222183:0.870442;1371@3698805262:0.238814;1381@3007482289:0.970932;1736@681935357:0.989094;1206@3082468462:0.350283;1202@3935174312:0.742833|67@0.664327,0.056565,0.862446,0.823543,0.621252,0.894801,0.081851,0.006826,0.479602,0.128407,0.25207;56@0.470802,0.824991,0.628633,0.188732,0.914657,0.005835,0.147573,0.260021,0.165321,0.986838,0.746327,0.648498;73@0.953917,0.476467;38@0.109369,0.506865,0.8441,0.902058,0.848832,0.718202,0.047981,0.05757,0.528402,0.858167;1@;14@0.424936,0.97963,0.376034,0.776171,0.966956,0.131753,0.185472,0.742694,0.758959;41@;32@0.367573,0.08771,0.123977,0.012479;70@0.199041,0.876209,0.463901,0.847138;43@0.816196,0.347327,0.914282,0.106803,0.731394,0.869739,0.49036,0.195682,0.50925,0.501452,0.795385;65@0.697463,0.863843,0.700189,0.357453;20@0.902922,0.227767,0.336026,0.810965;40@0.909815,0.647154,0.571328;100@0.546454;37@0.539472,0.589275,0.844692,0.828125,0.42949,0.094357,0.430387,0.319977,0.216386,0.538463,0.277332,0.865959,0.423648;27@0.4846,0.841096,0.428376,0.569832,0.236742,0.831348,0.935804;92@0.138016,0.678459,0.35988,0.504621,0.37415;10@0.156978,0.144439,0.358644,0.233681,0.431673,0.163876,0.301741,0.927201,0.742013,0.04294,0.837983,0.866017;75@0.033146,0.536985,0.341933,0.678969,0.998665,0.428286,0.982508,0.380127,0.414024,0.138388;84@0.519289,0.127093,0.281712,0.109518,0.305687,0.317935,0.534505,0.922456,0.505858,0.498468,0.610631;82@0.842829;47@0.842825,0.381087,0.905293,0.114073,0.065359,0.330155,0.404487,0.939558,0.137675,0.379473,0.771449;9@0.336811,0.76876,0.939279,0.233214,0.839988,0.308177,0.633399,0.352254,0.341719,0.900845,0.236349;39@0.228181,0.516784,0.905306,0.418893,0.872592,0.540697,0.244703,0.304969,0.995968;88@0.316792,0.477504,0.654591,0.609891,0.352808,0.63754,0.732001;30@0.541162,0.478631,0.442085,0.437413,0.78617,0.708524,0.092632,0.202412,0.967984,0.150599|1|1762487393
I20251108 00:02:58.856976 139717798590272 data_text_parser.cc:116] beg_pos: 2259,end_pos: 4472
I20251108 00:02:58.856989 139717798590272 data_text_parser.cc:59] line: 520|649|1720@496140685:0.74323;1185@2263369079:0.741636;1587@568542949:0.611082;1048@3667610791:0.362431;1413@3692280331:0.619716;1472@1415540885:0.256833;1861@1617059835:0.761775;1430@2763572433:0.819939;1384@826361915:0.327889;1829@45269162:0.859576;1635@3561466226:0.295986;1785@311347623:0.365059;1712@3618160846:0.193308;1116@3166446901:0.414558;1010@1141036846:0.477451;1371@1976472033:0.415465;1381@17206801:0.043568;1736@4177085292:0.563891;1206@4188524016:0.593301;1202@2493549346:0.344903|67@0.49898,0.340057,0.020649,0.438433,0.468104,0.938147,0.530712,0.330667,0.301455,0.396614,0.889846;56@0.761734,0.161686,0.954467,0.092097,0.829689,0.743324,0.844409,0.51912,0.404636,0.997128,0.769546,0.676025;73@0.583699,0.760378;38@0.940007,0.98078,0.332407,0.709963,0.537925,0.252317,0.899822,0.86414,0.915372,0.219101;1@;14@0.453671,0.344473,0.872345,0.573912,0.288198,0.243889,0.54957,0.642481,0.626256;41@;32@0.742387,0.114093,0.534352,0.452707;70@0.532421,0.960838,0.600132,0.896025;43@0.472906,0.880796,0.81727,0.784252,0.066837,0.405298,0.784611,0.036472,0.408561,0.782901,0.865061;65@0.16803,0.668624,0.590768,0.638013;20@0.883483,0.636092,0.048668,0.082274;40@0.501758,0.50773,0.945915;100@0.367208;37@0.682602,0.135225,0.51338,0.917146,0.684312,0.766793,0.717932,0.466262,0.269667,0.932417,0.346333,0.709027,0.586874;27@0.987843,0.676964,0.483745,0.038155,0.732937,0.797015,0.233871;92@0.618343,0.301124,0.484115,0.03332,0.286309;10@0.301115,0.465273,0.516244,0.213716,0.150662,0.301675,0.011541,0.699637,0.379078,0.362413,0.031516,0.448191;75@0.723442,0.37239,0.837665,0.454562,0.458171,0.472929,0.340969,0.559062,0.208192,0.430069;84@0.290554,0.84536,0.133952,0.011536,0.506559,0.195407,0.799597,0.069704,0.654686,0.423504,0.813997;82@0.392917;47@0.13056,0.666477,0.501372,0.763547,0.969614,0.326355,0.191689,0.799808,0.183829,0.808811,0.415933;9@0.581389,0.106687,0.051895,0.291281,0.623194,0.025904,0.343168,0.438353,0.74323,0.019716,0.375876;39@0.545663,0.213137,0.655677,0.698743,0.432645,0.059814,0.654788,0.492397,0.707026;88@0.16684,0.571688,0.565992,0.098532,0.840687,0.268066,0.772796;30@0.869911,0.030959,0.701539,0.167453,0.244882,0.801651,0.532641,0.562843,0.798408,0.376142|1|1762487393
I20251108 00:02:58.857024 139717798590272 data_text_parser.cc:116] beg_pos: 4473,end_pos: 6679
I20251108 00:02:58.857037 139717798590272 data_text_parser.cc:59] line: 521|32|1720@3322603485:0.883677;1185@4130963908:0.196031;1587@3727081746:0.262232;1048@4246090680:0.005258;1413@1309362515:0.102968;1472@447395508:0.670009;1861@3134713009:0.042133;1430@3692423640:0.165144;1384@186651924:0.694621;1829@3408312105:0.837741;1635@2376921019:0.188388;1785@1281090416:0.360787;1712@3784578185:0.692204;1116@2495077052:0.468758;1010@1582214096:0.299861;1371@2215466353:0.762476;1381@2883266184:0.747329;1736@2166324308:0.161187;1206@3974855679:0.222015;1202@1071492290:0.972996|67@0.32389,0.477527,0.295984,0.141465,0.90582,0.944636,0.509721,0.655214,0.50048,0.128082,0.992058;56@0.575407,0.96858,0.959392,0.825986,0.383417,0.47396,0.542804,0.56684,0.64933,0.055439,0.253313,0.367363;73@0.715908,0.630632;38@0.662552,0.875397,0.983404,0.964794,0.56593,0.696386,0.310266,0.870841,0.296919,0.612113;1@;14@0.910777,0.222515,0.865205,0.526701,0.98318,0.114765,0.98061,0.080155,0.288129;41@;32@0.539945,0.193767,0.890224,0.850755;70@0.013655,0.4807,0.848771,0.610121;43@0.285431,0.09428,0.853755,0.327717,0.370937,0.437932,0.639525,0.089063,0.516637,0.047787,0.119975;65@0.636078,0.894289,0.009885,0.75403;20@0.765857,0.189682,0.50706,0.995079;40@0.973688,0.409984,0.6806;100@0.481419;37@0.964189,0.888146,0.077374,0.057325,0.473374,0.869998,0.46106,0.821849,0.703046,0.329772,0.993716,0.515493,0.430572;27@0.753096,0.177937,0.138036,0.051428,0.427583,0.799911,0.554937;92@0.681582,0.454153,0.274979,0.190145,0.836271;10@0.019923,0.938661,0.682047,0.410383,0.434616,0.977313,0.5451,0.986208,0.511386,0.635302,0.826566,0.730917;75@0.438298,0.427447,0.074374,0.900266,0.004516,0.715639,0.700139,0.44016,0.583757,0.150224;84@0.737767,0.841362,0.859526,0.438212,0.389573,0.173205,0.216796,0.815834,0.360438,0.374701,0.551635;82@0.23599;47@0.826067,0.472686,0.070355,0.709061,0.854196,0.592894,0.009797,0.094718,0.360068,0.344432,0.287367;9@0.852272,0.32716,0.347743,0.560155,0.869471,0.36778,0.777534,0.899394,0.546781,0.354909,0.805207;39@0.085726,0.071375,0.477032,0.245442,0.856084,0.386109,0.548845,0.70143,0.239241;88@0.21858,0.458855,0.418645,0.729416,0.972294,0.467568,0.540219;30@0.513219,0.89883,0.754141,0.018277,0.392698,0.61533,0.124584,0.249907,0.032807,0.330292|0|1762487393
I20251108 00:02:58.857074 139717798590272 data_text_parser.cc:116] beg_pos: 6680,end_pos: 8887
I20251108 00:02:58.857086 139717798590272 data_text_parser.cc:59] line: 522|396|1720@1237839303:0.837178;1185@465171005:0.199602;1587@1125507588:0.384818;1048@3514462474:0.461467;1413@1576689771:0.165641;1472@3843286740:0.065355;1861@3850217710:0.226074;1430@1641130760:0.89272;1384@2616784791:0.55435;1829@3505232156:0.811187;1635@4261390738:0.495399;1785@2023984734:0.406009;1712@1610185940:0.921033;1116@3266891516:0.646264;1010@444076755:0.087434;1371@1698715284:0.720017;1381@347698460:0.508536;1736@3692280331:0.095024;1206@1512899156:0.15194;1202@4202825531:0.964521|67@0.997769,0.001113,0.81948,0.131776,0.92459,0.208404,0.514431,0.771759,0.647466,0.634452,0.021961;56@0.875044,0.237097,0.214912,0.532916,0.078074,0.248321,0.519786,0.974159,0.643708,0.13475,0.967896,0.484975;73@0.629167,0.490207;38@0.479039,0.482287,0.182113,0.13804,0.994353,0.876587,0.066203,0.833632,0.27604,0.967695;1@;14@0.949966,0.157897,0.924508,0.201389,0.179992,0.22967,0.155865,0.74272,0.657868;41@;32@0.901846,0.696668,0.528324,0.1327;70@0.575855,0.514736,0.66842,0.931972;43@0.015355,0.937679,0.591893,0.622024,0.054193,0.57082,0.544707,0.406836,0.306122,0.287373,0.238545;65@0.556146,0.233368,0.738015,0.513366;20@0.853948,0.635327,0.926504,0.448997;40@0.915453,0.883145,0.27193;100@0.387216;37@0.133503,0.573942,0.047426,0.24726,0.516975,0.777383,0.517838,0.13795,0.748574,0.78676,0.688604,0.527347,0.979521;27@0.777759,0.246426,0.358385,0.644915,0.996661,0.182271,0.503189;92@0.078561,0.826721,0.786644,0.927585,0.039755;10@0.727102,0.182962,0.781524,0.937072,0.000296,0.765583,0.838443,0.783492,0.133754,0.014787,0.547584,0.941954;75@0.322147,0.896116,0.697891,0.489955,0.409234,0.74877,0.955061,0.742279,0.616329,0.434471;84@0.030158,0.817498,0.355241,0.902046,0.55844,0.413169,0.606675,0.251116,0.838247,0.09083,0.149308;82@0.472584;47@0.560431,0.648156,0.460842,0.034485,0.647456,0.683471,0.942774,0.754333,0.760469,0.908664,0.06229;9@0.43623,0.315699,0.458076,0.693764,0.2355,0.523394,0.144461,0.411418,0.936201,0.018985,0.800561;39@0.453936,0.111355,0.120654,0.671452,0.525556,0.084666,0.086437,0.339277,0.89278;88@0.850221,0.355824,0.664227,0.846669,0.830069,0.222301,0.417314;30@0.273828,0.225238,0.837456,0.951602,0.71914,0.066965,0.919624,0.145015,0.417694,0.020528|1|1762487393
I20251108 00:02:58.857127 139717798590272 data_text_parser.cc:116] beg_pos: 8888,end_pos: 11105
I20251108 00:02:58.857139 139717798590272 data_text_parser.cc:59] line: 523|913|1720@25743164:0.138773;1185@1816185989:0.668159;1587@2411499216:0.598575;1048@3309216263:0.053704;1413@2701036215:0.17809;1472@2114484986:0.433529;1861@745660987:0.91427;1430@3183796691:0.534245;1384@2656670494:0.140322;1829@3082969817:0.778176;1635@289593020:0.385951;1785@2255943117:0.677756;1712@1599670772:0.401813;1116@1775260756:0.759003;1010@3152333546:0.343752;1371@166216917:0.03181;1381@3038178265:0.57228;1736@2817733715:0.083587;1206@1528376463:0.621757;1202@3825278640:0.683338|67@0.941728,0.521144,0.474796,0.778153,0.152169,0.762549,0.802187,0.770026,0.433564,0.206444,0.437164;56@0.688387,0.399888,0.330327,0.057512,0.665664,0.258586,0.109686,0.139655,0.556308,0.247398,0.32735,0.231435;73@0.564913,0.298216;38@0.041294,0.842844,0.829157,0.97661,0.742632,0.644472,0.291844,0.405607,0.861893,0.695155;1@;14@0.534746,0.827595,0.447426,0.218819,0.931935,0.116662,0.423377,0.551482,0.069387;41@;32@0.200087,0.662905,0.93901,0.312815;70@0.408973,0.545934,0.078307,0.878934;43@0.281667,0.071043,0.636471,0.541822,0.874908,0.632462,0.630365,0.652443,0.773287,0.003064,0.294111;65@0.042362,0.99435,0.662128,0.463036;20@0.706698,0.959412,0.190069,0.522631;40@0.284656,0.622043,0.941344;100@0.660456;37@0.462498,0.885912,0.762293,0.130227,0.962019,0.583665,0.151313,0.157737,0.230362,0.93964,0.775821,0.526077,0.348842;27@0.227822,0.904488,0.383051,0.620229,0.413672,0.164911,0.139882;92@0.266118,0.182157,0.359197,0.865737,0.008957;10@0.339804,0.087212,0.887038,0.452141,0.629183,0.857013,0.204867,0.365124,0.021209,0.016761,0.698316,0.623446;75@0.187378,0.752757,0.619368,0.992188,0.115666,0.65787,0.069878,0.112135,0.362912,0.778738;84@0.714927,0.85982,0.1672,0.575476,0.080879,0.978708,0.826927,0.000125,0.980567,0.892071,0.089062;82@0.273071;47@0.738833,0.762801,0.328389,0.391186,0.718481,0.022523,0.602309,0.175915,0.971658,0.092293,0.854817;9@0.574803,0.803075,0.283074,0.784443,0.569892,0.117548,0.799311,0.846706,0.598202,0.167614,0.685041;39@0.05936,0.726908,0.416771,0.977992,0.783954,0.709183,0.837745,0.626758,0.752535;88@0.743697,0.044387,0.977503,0.426702,0.290709,0.685564,0.151934;30@0.921511,0.227965,0.157679,0.215692,0.29877,0.776647,0.204228,0.901108,0.488555,0.689761|1|1762487393
I20251108 00:02:58.857170 139717798590272 data_text_parser.cc:116] beg_pos: 11106,end_pos: 13311
I20251108 00:02:58.857183 139717798590272 data_text_parser.cc:59] line: 524|176|1720@1051078875:0.968771;1185@159037735:0.553996;1587@2576624720:0.515893;1048@3398327103:0.878865;1413@2267919494:0.530679;1472@2170582604:0.73352;1861@4044499347:0.182792;1430@4046688889:0.410505;1384@2143186040:0.696229;1829@3259718817:0.95772;1635@3125163945:0.17399;1785@2411826322:0.434914;1712@3268807007:0.709876;1116@2346685889:0.32247;1010@976206512:0.33978;1371@444952652:0.12932;1381@3599861188:0.456345;1736@3655988577:0.983246;1206@1649586141:0.856883;1202@3574715693:0.912467|67@0.846128,0.764052,0.933117,0.938947,0.545578,0.821606,0.776648,0.566879,0.728687,0.414336,0.311788;56@0.849703,0.285112,0.935676,0.418223,0.83734,0.244473,0.49194,0.728026,0.641527,0.640415,0.08961,0.943596;73@0.768085,0.13129;38@0.818122,0.493936,0.490685,0.768279,0.224704,0.99797,0.049215,0.674677,0.363479,0.28456;1@;14@0.457665,0.333624,0.926276,0.527257,0.92021,0.120485,0.794838,0.817953,0.092237;41@;32@0.477503,0.84986,0.005172,0.459453;70@0.441226,0.995919,0.82205,0.110972;43@0.554306,0.397717,0.202913,0.649115,0.53902,0.186065,0.520068,0.49182,0.504312,0.580381,0.08256;65@0.325172,0.687995,0.575372,0.656215;20@0.323558,0.089558,0.320499,0.503743;40@0.878511,0.110785,0.020076;100@0.449412;37@0.068655,0.819815,0.719629,0.149607,0.04376,0.48341,0.464629,0.327126,0.572718,0.707944,0.285991,0.988939,0.499505;27@0.193657,0.076943,0.70414,0.629019,0.548922,0.932472,0.20611;92@0.304184,0.821424,0.282556,0.247233,0.072052;10@0.138892,0.050613,0.488709,0.27907,0.652011,0.421376,0.941534,0.452574,0.3971,0.866146,0.220279,0.498927;75@0.266077,0.759799,0.983704,0.647251,0.771267,0.212248,0.548976,0.359618,0.451962,0.445422;84@0.028862,0.351067,0.395031,0.815227,0.395764,0.397933,0.844436,0.311758,0.341478,0.844367,0.417528;82@0.895476;47@0.147714,0.145222,0.085615,0.03624,0.349469,0.268419,0.789646,0.928705,0.423234,0.601242,0.351395;9@0.855984,0.946676,0.4084,0.484373,0.614079,0.269982,0.929873,0.72947,0.586638,0.099108,0.580659;39@0.382841,0.071517,0.002173,0.957583,0.995715,0.840331,0.161815,0.423106,0.845563;88@0.981667,0.679048,0.338332,0.456882,0.283904,0.358538,0.206269;30@0.856418,0.274982,0.808419,0.275267,0.031524,0.064893,0.213662,0.721695,0.192383,0.649224|0|1762487393
I20251108 00:02:58.857224 139717798590272 data_text_parser.cc:116] beg_pos: 13312,end_pos: 15527
I20251108 00:02:58.857236 139717798590272 data_text_parser.cc:59] line: 525|936|1720@941817036:0.452513;1185@1191489085:0.495645;1587@2180191521:0.197039;1048@2898589879:0.824622;1413@3172835091:0.481822;1472@1164764944:0.109236;1861@1701436800:0.0825;1430@2971311055:0.274359;1384@2925224342:0.296957;1829@277972584:0.779207;1635@1714106873:0.463396;1785@2795626740:0.674601;1712@2793204516:0.799231;1116@577322902:0.013329;1010@3836557074:0.770066;1371@2464748884:0.902728;1381@2426558407:0.123585;1736@3099396657:0.172061;1206@2298829462:0.02;1202@3338889561:0.893001|67@0.031041,0.455726,0.774423,0.869189,0.782296,0.000861,0.69658,0.419713,0.517499,0.014399,0.097947;56@0.99485,0.615223,0.680944,0.788057,0.952847,0.834521,0.078138,0.02465,0.585695,0.464238,0.040992,0.457294;73@0.074068,0.783604;38@0.026494,0.046617,0.072506,0.474109,0.897775,0.324383,0.845161,0.799202,0.037774,0.605283;1@;14@0.194327,0.547542,0.621328,0.911726,0.111797,0.136832,0.906939,0.380626,0.609631;41@;32@0.054375,0.676959,0.407581,0.850488;70@0.890231,0.716345,0.492362,0.446076;43@0.513442,0.367495,0.872239,0.625469,0.257364,0.295166,0.839889,0.431318,0.051072,0.594592,0.565221;65@0.830198,0.039601,0.865015,0.871753;20@0.893659,0.558885,0.015049,0.034159;40@0.697564,0.705457,0.173511;100@0.436901;37@0.901033,0.852021,0.861352,0.125279,0.798001,0.877279,0.195019,0.410915,0.752811,0.210291,0.995212,0.82284,0.959701;27@0.470595,0.236047,0.676226,0.008929,0.894965,0.264285,0.615337;92@0.959136,0.291387,0.251332,0.874022,0.503688;10@0.403749,0.382701,0.383442,0.476343,0.783817,0.377264,0.289128,0.210171,0.251635,0.7279,0.248117,0.955339;75@0.277615,0.975829,0.468371,0.50139,0.487256,0.777551,0.271399,0.852239,0.51155,0.883043;84@0.587486,0.653752,0.288942,0.00755,0.556452,0.771766,0.105744,0.242077,0.000928,0.511429,0.839481;82@0.269107;47@0.55767,0.967967,0.162189,0.049759,0.072587,0.629895,0.900247,0.028656,0.304978,0.339948,0.565146;9@0.810651,0.903075,0.608743,0.028122,0.543178,0.873389,0.89575,0.995172,0.582534,0.189684,0.031006;39@0.197278,0.486616,0.752328,0.226623,0.371565,0.667859,0.113272,0.40078,0.826957;88@0.851811,0.948401,0.974437,0.675864,0.506274,0.578868,0.705742;30@0.306414,0.152699,0.798424,0.543335,0.799097,0.170506,0.21522,0.955944,0.165886,0.485178|1|1762487393
I20251108 00:02:58.857272 139717798590272 data_text_parser.cc:116] beg_pos: 15528,end_pos: 17741
I20251108 00:02:58.857284 139717798590272 data_text_parser.cc:59] line: 526|440|1720@1342977610:0.443939;1185@3712937515:0.993779;1587@3467216720:0.477563;1048@1500274498:0.43964;1413@2667331094:0.957204;1472@2154190157:0.911038;1861@3641284359:0.750896;1430@3076819238:0.885092;1384@416164271:0.87031;1829@3377650973:0.290243;1635@2556399012:0.057591;1785@1915529703:0.502928;1712@4250533596:0.961554;1116@3780330297:0.154301;1010@3417214873:0.269767;1371@2604370218:0.968882;1381@2932762014:0.018746;1736@3619115502:0.023246;1206@1369799468:0.638285;1202@401235417:0.33216|67@0.078652,0.447195,0.730785,0.289466,0.368876,0.935249,0.724481,0.069705,0.489156,0.004715,0.117281;56@0.335158,0.318215,0.904324,0.063444,0.22873,0.792696,0.533325,0.323674,0.163474,0.036859,0.84141,0.228147;73@0.794175,0.173959;38@0.576859,0.87782,0.165277,0.87962,0.088658,0.645304,0.362851,0.436973,0.833938,0.168212;1@;14@0.178542,0.687404,0.256071,0.325542,0.827674,0.28008,0.771664,0.636471,0.768445;41@;32@0.024771,0.982972,0.407677,0.038093;70@0.910021,0.919917,0.131444,0.942329;43@0.240483,0.386432,0.68941,0.110651,0.650834,0.785927,0.458718,0.165833,0.45086,0.48428,0.787033;65@0.680625,0.482048,0.192602,0.753216;20@0.511151,0.571986,0.670426,0.202619;40@0.306111,0.773207,0.523592;100@0.629059;37@0.119032,0.374735,0.857155,0.165485,0.963032,0.944435,0.542425,0.76366,0.793942,0.091642,0.515459,0.914363,0.550024;27@0.968459,0.839869,0.718332,0.824769,0.448424,0.837589,0.61056;92@0.688837,0.942074,0.109226,0.337028,0.936322;10@0.972543,0.760586,0.41553,0.472688,0.097051,0.104811,0.73512,0.64489,0.839865,0.666635,0.260016,0.161663;75@0.837496,0.109989,0.124118,0.780884,0.602249,0.078533,0.150727,0.528266,0.301197,0.580375;84@0.970239,0.266057,0.63103,0.8206,0.988242,0.218972,0.710255,0.990251,0.126109,0.139799,0.540785;82@0.07755;47@0.749134,0.552992,0.020594,0.666105,0.646804,0.972269,0.584676,0.610513,0.543603,0.502667,0.627876;9@0.143854,0.368886,0.970859,0.025077,0.862485,0.944604,0.886923,0.986141,0.987944,0.515609,0.11181;39@0.131173,0.593597,0.754087,0.799823,0.465241,0.722418,0.386685,0.157015,0.162367;88@0.684134,0.851596,0.767984,0.217661,0.271107,0.651552,0.497983;30@0.025014,0.817737,0.509457,0.67387,0.532938,0.647925,0.310651,0.946457,0.388785,0.643707|0|1762487393
I20251108 00:02:58.857322 139717798590272 data_text_parser.cc:116] beg_pos: 17742,end_pos: 19945
I20251108 00:02:58.857334 139717798590272 data_text_parser.cc:59] line: 527|317|1720@855151485:0.841964;1185@3787978476:0.14766;1587@4146711098:0.093639;1048@672033018:0.926666;1413@1327072695:0.159827;1472@3274215158:0.081607;1861@753481352:0.562535;1430@267430915:0.413557;1384@436384120:0.650117;1829@3161563700:0.250314;1635@2323042157:0.430635;1785@1061341118:0.981537;1712@3601748996:0.131469;1116@3226628029:0.818165;1010@2296640792:0.557492;1371@2367324164:0.100599;1381@1495602535:0.358319;1736@1218508330:0.613065;1206@2015849408:0.960174;1202@1431700024:0.883886|67@0.026217,0.439858,0.91909,0.336083,0.829151,0.453158,0.33415,0.358211,0.927518,0.589196,0.550546;56@0.414155,0.704087,0.596829,0.933745,0.65765,0.645852,0.048087,0.91865,0.147591,0.597649,0.52276,0.808936;73@0.989348,0.255592;38@0.469263,0.971502,0.169733,0.936562,0.134795,0.750761,0.103506,0.1827,0.83153,0.542671;1@;14@0.947154,0.423633,0.319761,0.649545,0.96825,0.851916,0.192012,0.851132,0.933103;41@;32@0.658761,0.796583,0.651245,0.593736;70@0.159049,0.653533,0.419832,0.273107;43@0.583911,0.813664,0.097752,0.983743,0.218414,0.560097,0.47807,0.857627,0.67883,0.10257,0.327128;65@0.972622,0.835726,0.901249,0.613716;20@0.330003,0.523988,0.284889,0.539026;40@0.665691,0.67855,0.909389;100@0.826777;37@0.523053,0.972608,0.785063,0.788475,0.091045,0.034341,0.327458,0.205047,0.058435,0.214888,0.391405,0.447374,0.06329;27@0.421629,0.923818,0.697591,0.218884,0.914101,0.321976,0.554868;92@0.32452,0.696349,0.758983,0.820842,0.189437;10@0.641567,0.587268,0.480776,0.130708,0.217864,0.46966,0.140364,0.11658,0.82712,0.047702,0.899785,0.655066;75@0.855238,0.692341,0.039089,0.570959,0.207077,0.758605,0.750001,0.944063,0.252957,0.809146;84@0.206371,0.050847,0.457516,0.340777,0.241094,0.327855,0.845057,0.694849,0.256562,0.96777,0.787191;82@0.234831;47@0.87561,0.204644,0.447641,0.181686,0.320125,0.051717,0.243576,0.026614,0.300325,0.467348,0.839565;9@0.587967,0.599437,0.520173,0.380254,0.859216,0.371387,0.43951,0.219989,0.408668,0.765215,0.39327;39@0.301059,0.462445,0.157448,0.444827,0.800494,0.562213,0.391,0.458978,0.722093;88@0.132374,0.733658,0.007645,0.357583,0.5285,0.164833,0.297337;30@0.772062,0.024487,0.309692,0.708413,0.869989,0.918303,0.445372,0.759967,0.79684,0.898421|0|1762487393
I20251108 00:02:58.857364 139717798590272 data_text_parser.cc:116] beg_pos: 19946,end_pos: 20480
I20251108 00:02:58.857609 139717798590272 data_text_parser.cc:101] get chunk buffer, size: 20480
I20251108 00:02:58.857633 139717798590272 data_text_parser.cc:116] beg_pos: 0,end_pos: 1680
I20251108 00:02:58.857640 139717798590272 data_text_parser.cc:61] buffer line: 528|395|1720@2875929049:0.354087;1185@2566590045:0.737841;1587@4251211895:0.231402;1048@2657202219:0.610163;1413@540358303:0.699057;1472@280828832:0.13864;1861@3094305544:0.002321;1430@2717318236:0.521861;1384@3011765195:0.35645;1829@3757240614:0.341029;1635@303590409:0.96728;1785@135589189:0.048125;1712@3246687055:0.060736;1116@924129458:0.916142;1010@2634197732:0.888838;1371@825182297:0.606241;1381@2720313516:0.452286;1736@3392631216:0.906732;1206@3521506139:0.67467;1202@1706228020:0.405015|67@0.810748,0.488957,0.643787,0.225982,0.783018,0.100128,0.379319,0.287863,0.910616,0.053331,0.323907;56@0.389554,0.038638,0.903861,0.662556,0.691224,0.911681,0.529149,0.263392,0.742706,0.707986,0.442949,0.130754;73@0.975314,0.567089;38@0.894069,0.426324,0.073342,0.857229,0.825514,0.811915,0.784599,0.09119,0.758676,0.203606;1@;14@0.250443,0.508571,0.763033,0.140396,0.287456,0.208281,0.186777,0.654828,0.247615;41@;32@0.626954,0.532687,0.142056,0.418277;70@0.070176,0.164315,0.19906,0.612334;43@0.471188,0.068033,0.166666,0.651579,0.250709,0.020104,0.271418,0.481237,0.25254,0.338356,0.244555;65@0.652237,0.423179,0.755484,0.348362;20@0.451497,0.115223,0.012676,0.495831;40@0.625057,0.574461,0.551389;100@0.098626;37@0.440636,0.717288,0.88718,0.812582,0.802257,0.317723,0.275118,0.410065,0.062935,0.70799,0.424666,0.970035,0.672713;27@0.177239,0.380244,0.749007,0.092824,0.758109,0.159066,0.638147;92@0.843769,0.447487,0.33141,0.299945,0.081835;10@0.849134,0.59214,0.19561,0.077574,0.610671,0.752613,0.696134,0.151008,0.207124,0.865436,0.104327,0.990693;75@0.317086,0.057237,0.582386,0.456748,0.106658,0.273556,0.305256,0.074667,0.72777,0.522926;84@0.107053,0.713198,0.571931,0.517853,0.06723,0.834742,0.932902,0.880126,0.603083,0.604516,0.956796;82@0.53954;47@0.840837,0.448412,0.834376,0.836987,0.083062,0.406894,0.011758,0.315584,0.799169,0.911528,0.608816;9@0.431834,0.57216,0.051998,0.560735,0.490925,0.711076,0.605664,0.412977,0.37278,0.163542,0.252397;39@0.833366,0.855768,0.257571,0.185131,0.967421,0.386668,0.686218,0.161864,0.286024;88@0.198604,0.832182,0.429507,0.896823,0.592013,0.094545,0.042822;30@0.134561,0.419533,0.093378,0.535127,0.427637,0.068381,0.777407,0.890997,0.260107,0.546166|1|1762487393
I20251108 00:02:58.857672 139717798590272 data_text_parser.cc:116] beg_pos: 1681,end_pos: 3891
I20251108 00:02:58.857684 139717798590272 data_text_parser.cc:59] line: 529|871|1720@3621944935:0.776588;1185@1051078875:0.492069;1587@3547205766:0.160328;1048@2551231790:0.982645;1413@3678600154:0.425007;1472@373699696:0.630968;1861@4013544677:0.945147;1430@762573949:0.07562;1384@3240480549:0.462848;1829@2183824013:0.850327;1635@1756398766:0.933206;1785@2501289040:0.864659;1712@3279988008:0.362724;1116@807008754:0.192693;1010@817908839:0.039649;1371@1270807989:0.536546;1381@1225785340:0.716495;1736@818086681:0.135644;1206@1624009053:0.467953;1202@3951172632:0.998638|67@0.955676,0.602839,0.76719,0.925696,0.515467,0.150948,0.021709,0.306647,0.388915,0.815041,0.820264;56@0.439246,0.533525,0.701067,0.151609,0.895557,0.995473,0.942237,0.712877,0.254068,0.283139,0.487034,0.959136;73@0.437926,0.952105;38@0.402863,0.507649,0.257567,0.591824,0.96823,0.379259,0.204743,0.862397,0.719564,0.278678;1@;14@0.610049,0.462755,0.689617,0.542225,0.187317,0.836285,0.734502,0.600573,0.369773;41@;32@0.207414,0.329513,0.830804,0.477434;70@0.543986,0.807223,0.42812,0.797218;43@0.894092,0.706943,0.06606,0.654444,0.138146,0.356759,0.154793,0.249143,0.056394,0.46942,0.073836;65@0.811574,0.957779,0.140997,0.416464;20@0.437396,0.56947,0.36523,0.650783;40@0.224026,0.214881,0.161602;100@0.841432;37@0.476811,0.599256,0.838289,0.923807,0.800132,0.174948,0.775006,0.794177,0.529644,0.325756,0.745053,0.361474,0.865403;27@0.106524,0.964011,0.446074,0.913496,0.292348,0.434784,0.356198;92@0.57963,0.723656,0.549198,0.436296,0.460607;10@0.641914,0.063863,0.224561,0.781867,0.733966,0.567093,0.980344,0.247052,0.097309,0.258605,0.61628,0.669585;75@0.332455,0.3293,0.955624,0.374054,0.438439,0.466037,0.635094,0.600218,0.267189,0.525961;84@0.558342,0.790681,0.331035,0.771434,0.779713,0.890466,0.222916,0.622838,0.060025,0.530026,0.930933;82@0.374554;47@0.717367,0.911575,0.280978,0.118613,0.888907,0.063022,0.009029,0.80106,0.844893,0.6163,0.03608;9@0.43169,0.258827,0.716445,0.526185,0.549221,0.422301,0.55171,0.575788,0.408375,0.920291,0.124829;39@0.814585,0.363219,0.690614,0.756134,0.24446,0.819019,0.824706,0.399908,0.45592;88@0.912996,0.959492,0.380657,0.089177,0.071006,0.792328,0.121983;30@0.853118,0.043509,0.809011,0.510963,0.887832,0.519567,0.363094,0.09211,0.914288,0.03861|1|1762487393
I20251108 00:02:58.857725 139717798590272 data_text_parser.cc:116] beg_pos: 3892,end_pos: 6108
I20251108 00:02:58.857737 139717798590272 data_text_parser.cc:59] line: 530|92|1720@2754433246:0.721636;1185@4075977064:0.76767;1587@3785193203:0.332795;1048@2900927016:0.372181;1413@3095882905:0.745486;1472@2380085052:0.708137;1861@3826299878:0.572525;1430@3808656157:0.825776;1384@1903464674:0.110566;1829@2788917190:0.455928;1635@2991337727:0.638844;1785@1660466260:0.590599;1712@4095893138:0.55324;1116@3186586789:0.325399;1010@1229271783:0.261297;1371@1465283358:0.95025;1381@2244438887:0.27554;1736@827133060:0.493232;1206@1859692494:0.707386;1202@2078174482:0.89565|67@0.373171,0.291362,0.497539,0.447227,0.048007,0.791019,0.67189,0.312983,0.827936,0.285608,0.396079;56@0.565142,0.755161,0.036219,0.59411,0.627749,0.651402,0.192861,0.383574,0.072209,0.629732,0.345309,0.871701;73@0.642933,0.924646;38@0.580779,0.265597,0.702638,0.091788,0.889071,0.851163,0.927029,0.430273,0.689911,0.135358;1@;14@0.313549,0.627833,0.562778,0.455032,0.472796,0.987044,0.065767,0.534714,0.263228;41@;32@0.35414,0.667099,0.082093,0.404844;70@0.74161,0.319243,0.356719,0.266239;43@0.659728,0.436527,0.124427,0.657646,0.590884,0.069102,0.222104,0.403656,0.951745,0.711972,0.064231;65@0.228727,0.417986,0.026056,0.571611;20@0.124541,0.989472,0.906219,0.367302;40@0.656999,0.463863,0.042035;100@0.395296;37@0.630805,0.328413,0.690318,0.707398,0.328271,0.391839,0.176134,0.337428,0.854055,0.90375,0.336542,0.271177,0.202243;27@0.12071,0.52813,0.132491,0.961675,0.240796,0.632756,0.868329;92@0.947366,0.368371,0.601983,0.669388,0.566306;10@0.124663,0.392393,0.966426,0.219938,0.057534,0.721625,0.889836,0.495188,0.278368,0.94482,0.168948,0.644268;75@0.449158,0.996923,0.327651,0.333279,0.278276,0.325508,0.331777,0.066261,0.330048,0.812775;84@0.202134,0.32965,0.72088,0.312024,0.896525,0.572212,0.261893,0.841901,0.16512,0.499089,0.177221;82@0.050857;47@0.339438,0.42929,0.624921,0.110706,0.051015,0.980599,0.11218,0.958428,0.442214,0.915436,0.796051;9@0.984232,0.680134,0.105641,0.69915,0.547564,0.359968,0.132927,0.423688,0.310111,0.489317,0.095865;39@0.867315,0.302788,0.761699,0.016741,0.837019,0.419021,0.367795,0.247426,0.211329;88@0.098716,0.106905,0.470279,0.421539,0.956665,0.735182,0.866484;30@0.495077,0.235672,0.074929,0.322902,0.078209,0.842707,0.239478,0.693462,0.097078,0.139601|1|1762487393
I20251108 00:02:58.857780 139717798590272 data_text_parser.cc:116] beg_pos: 6109,end_pos: 8327
I20251108 00:02:58.857793 139717798590272 data_text_parser.cc:59] line: 531|56|1720@3357595131:0.192552;1185@1344913893:0.978016;1587@3397052399:0.76164;1048@2783150599:0.692445;1413@659404624:0.996269;1472@3728371861:0.46486;1861@2176197367:0.305221;1430@1712636291:0.433958;1384@3068453175:0.877905;1829@582469909:0.81631;1635@3625777053:0.096366;1785@956114529:0.616704;1712@4167223765:0.944585;1116@3639849036:0.631294;1010@3748577077:0.394446;1371@4227148503:0.671847;1381@339959330:0.749751;1736@1793493388:0.58451;1206@4142455973:0.128206;1202@1724133950:0.37795|67@0.768084,0.373329,0.687794,0.977242,0.551069,0.726413,0.813346,0.917225,0.355377,0.222332,0.546727;56@0.374372,0.704963,0.76101,0.634191,0.876486,0.430331,0.328254,0.597064,0.666138,0.993628,0.802612,0.283023;73@0.944644,0.218853;38@0.01205,0.412523,0.71439,0.780618,0.810174,0.108174,0.013304,0.838563,0.061212,0.657661;1@;14@0.613003,0.822586,0.254553,0.829114,0.761889,0.021061,0.790634,0.899617,0.458222;41@;32@0.288162,0.247693,0.890773,0.539466;70@0.373611,0.277967,0.118632,0.108173;43@0.258071,0.576314,0.378541,0.631807,0.716201,0.416814,0.854757,0.927392,0.392074,0.778205,0.176834;65@0.167476,0.352835,0.498546,0.994991;20@0.989637,0.495349,0.831475,0.567761;40@0.491599,0.259529,0.764988;100@0.543155;37@0.900012,0.547413,0.937722,0.586694,0.316256,0.914777,0.794521,0.897744,0.721738,0.520386,0.749609,0.930545,0.935182;27@0.448006,0.374519,0.466236,0.517138,0.416285,0.798839,0.331599;92@0.433047,0.455826,0.46888,0.048979,0.521069;10@0.194885,0.427243,0.597946,0.592004,0.626973,0.969654,0.556928,0.845222,0.65707,0.872188,0.280136,0.689187;75@0.400759,0.710262,0.838035,0.591498,0.484252,0.31295,0.210314,0.197881,0.986206,0.078459;84@0.019056,0.022239,0.69506,0.886303,0.860492,0.229715,0.080288,0.835765,0.671218,0.632888,0.893451;82@0.441224;47@0.676278,0.910966,0.381759,0.772808,0.264277,0.426554,0.325783,0.524283,0.047467,0.805972,0.571659;9@0.145755,0.45014,0.514156,0.346372,0.999936,0.419943,0.145575,0.95845,0.674238,0.343466,0.511305;39@0.488285,0.884334,0.827759,0.046198,0.725511,0.254138,0.150305,0.957447,0.810639;88@0.748509,0.585982,0.286359,0.648513,0.011336,0.883562,0.306503;30@0.123685,0.637262,0.769596,0.178689,0.432382,0.545486,0.220276,0.525267,0.451543,0.668556|1|1762487393
I20251108 00:02:58.857830 139717798590272 data_text_parser.cc:116] beg_pos: 8328,end_pos: 10539
I20251108 00:02:58.857843 139717798590272 data_text_parser.cc:59] line: 532|583|1720@2078174482:0.217089;1185@3869703704:0.421935;1587@815190927:0.948279;1048@896122192:0.582515;1413@1577184697:0.543661;1472@1501960481:0.502516;1861@2655606678:0.802073;1430@4146711098:0.324138;1384@1764199323:0.32787;1829@2159953358:0.421543;1635@1626573834:0.686497;1785@2578115613:0.076255;1712@2288961893:0.835806;1116@1093268380:0.984529;1010@3527971474:0.580914;1371@952230859:0.833669;1381@3005691455:0.744237;1736@3368423237:0.964483;1206@2767357671:0.235271;1202@386087596:0.796672|67@0.245618,0.644217,0.424888,0.123871,0.238364,0.249317,0.525034,0.865866,0.107442,0.416562,0.390955;56@0.373523,0.038122,0.956196,0.479898,0.734837,0.686551,0.996878,0.176196,0.962489,0.448048,0.491789,0.382543;73@0.99248,0.918465;38@0.508752,0.630126,0.504337,0.874604,0.26777,0.926153,0.462335,0.763361,0.455424,0.161588;1@;14@0.939038,0.679821,0.096472,0.780527,0.627412,0.80788,0.90381,0.682359,0.608005;41@;32@0.430627,0.525127,0.053973,0.580479;70@0.379701,0.878046,0.570258,0.546127;43@0.34443,0.902658,0.264722,0.34054,0.054709,0.963431,0.110944,0.22267,0.823333,0.822404,0.788462;65@0.521888,0.80399,0.289978,0.83772;20@0.119,0.569697,0.017911,0.51201;40@0.025263,0.180576,0.197823;100@0.160543;37@0.182142,0.046967,0.868804,0.669959,0.70381,0.772659,0.796029,0.308801,0.072806,0.108431,0.877352,0.589242,0.952988;27@0.755259,0.781816,0.405379,0.141715,0.929595,0.774405,0.097388;92@0.620535,0.095889,0.353712,0.577629,0.36982;10@0.141181,0.893384,0.779649,0.338642,0.275736,0.191047,0.594184,0.779451,0.182851,0.850858,0.691707,0.06503;75@0.731318,0.469237,0.33713,0.043547,0.911595,0.455352,0.188436,0.45697,0.10046,0.834811;84@0.830197,0.603279,0.757271,0.429949,0.218073,0.213087,0.367387,0.72291,0.869267,0.149165,0.995265;82@0.687892;47@0.229876,0.794184,0.778421,0.851397,0.175515,0.51532,0.205482,0.547168,0.915718,0.129602,0.511743;9@0.853875,0.299829,0.409155,0.879909,0.709717,0.925302,0.853158,0.649969,0.508193,0.665438,0.391188;39@0.361119,0.788113,0.567704,0.873533,0.120483,0.038078,0.316705,0.067328,0.491523;88@0.714542,0.227658,0.819665,0.477111,0.981248,0.891762,0.804574;30@0.157868,0.892286,0.284412,0.439405,0.226565,0.209695,0.373567,0.884428,0.352273,0.293457|0|1762487393
I20251108 00:02:58.857879 139717798590272 data_text_parser.cc:116] beg_pos: 10540,end_pos: 12744
I20251108 00:02:58.857891 139717798590272 data_text_parser.cc:59] line: 533|885|1720@1317475107:0.13362;1185@2830153143:0.919164;1587@490893873:0.105874;1048@2763867103:0.287118;1413@1504013983:0.015432;1472@3294303335:0.865145;1861@3817385714:0.177944;1430@2301189001:0.845489;1384@945137614:0.298669;1829@1754199133:0.771306;1635@238332336:0.209885;1785@900568954:0.533547;1712@752160270:0.923134;1116@368852608:0.864274;1010@1521732521:0.367463;1371@335387188:0.915277;1381@3511944110:0.151955;1736@2162812933:0.214778;1206@1620114528:0.659471;1202@3239973655:0.713897|67@0.44993,0.54362,0.581607,0.531164,0.212059,0.819431,0.521792,0.509898,0.426682,0.501101,0.974066;56@0.534348,0.007551,0.42818,0.351032,0.873731,0.796008,0.147258,0.51677,0.736037,0.884177,0.93261,0.783092;73@0.181088,0.879326;38@0.531337,0.998908,0.681108,0.643001,0.831932,0.487527,0.804135,0.71676,0.805183,0.351775;1@;14@0.069894,0.619116,0.047862,0.472549,0.449928,0.566146,0.847749,0.288919,0.59944;41@;32@0.043622,0.289053,0.245587,0.166207;70@0.447474,0.72406,0.24294,0.253174;43@0.771027,0.955684,0.331379,0.175647,0.220796,0.095637,0.771348,0.787248,0.497937,0.495418,0.135306;65@0.85629,0.156763,0.261595,0.046942;20@0.060815,0.520738,0.099377,0.9002;40@0.571131,0.591345,0.535212;100@0.782135;37@0.459883,0.464977,0.863631,0.820649,0.04992,0.852678,0.083102,0.584116,0.762627,0.362161,0.616954,0.912896,0.389769;27@0.260521,0.096583,0.96067,0.040324,0.076767,0.149318,0.43085;92@0.024897,0.545724,0.972721,0.984507,0.141678;10@0.710074,0.539126,0.66808,0.866301,0.415992,0.449337,0.536626,0.614372,0.969887,0.317328,0.771768,0.079062;75@0.359242,0.58078,0.481776,0.750113,0.0604,0.455938,0.929978,0.293126,0.515474,0.54061;84@0.335959,0.932001,0.268389,0.172735,0.968335,0.240139,0.139509,0.28943,0.887991,0.225218,0.328498;82@0.719434;47@0.741656,0.125895,0.511709,0.08915,0.222837,0.987482,0.494366,0.206135,0.292249,0.748119,0.223804;9@0.180363,0.016615,0.277003,0.652344,0.616179,0.814552,0.05586,0.181202,0.514287,0.629926,0.204976;39@0.532317,0.022004,0.209391,0.147705,0.559961,0.595994,0.23107,0.98599,0.393992;88@0.143233,0.943656,0.689595,0.698384,0.079196,0.298913,0.538943;30@0.295737,0.352586,0.900842,0.941737,0.883534,0.644099,0.534434,0.535593,0.863406,0.378277|1|1762487393
I20251108 00:02:58.857929 139717798590272 data_text_parser.cc:116] beg_pos: 12745,end_pos: 14950
I20251108 00:02:58.857941 139717798590272 data_text_parser.cc:59] line: 534|126|1720@1580258924:0.97895;1185@3457085980:0.950614;1587@852148063:0.680929;1048@1008220519:0.024911;1413@2040283657:0.685295;1472@527072395:0.293941;1861@1098696901:0.467562;1430@2840994480:0.179099;1384@578679614:0.921873;1829@1305069319:0.524687;1635@1083258996:0.745288;1785@42367483:0.00579;1712@363342922:0.449017;1116@2823145360:0.206122;1010@3966481286:0.89195;1371@2229129196:0.297245;1381@904786984:0.14438;1736@1770673893:0.101673;1206@3240480549:0.888699;1202@90429870:0.472705|67@0.752102,0.999417,0.000248,0.017657,0.273786,0.085516,0.892078,0.058603,0.593622,0.067486,0.800469;56@0.846056,0.871242,0.520211,0.377489,0.681305,0.838348,0.302755,0.785825,0.645937,0.881833,0.544669,0.897925;73@0.033099,0.826307;38@0.352442,0.237522,0.613418,0.999802,0.567445,0.850663,0.708135,0.536962,0.771494,0.702082;1@;14@0.133317,0.316489,0.829608,0.636972,0.352015,0.923759,0.239334,0.025633,0.014565;41@;32@0.621591,0.526656,0.717192,0.370307;70@0.523824,0.575569,0.368119,0.443391;43@0.381669,0.265966,0.493284,0.994916,0.653734,0.898892,0.092685,0.409297,0.535829,0.528906,0.672501;65@0.107711,0.31942,0.598699,0.028598;20@0.317507,0.452626,0.024415,0.69326;40@0.61909,0.30224,0.755116;100@0.648618;37@0.382822,0.467034,0.327826,0.85499,0.365474,0.215421,0.405521,0.779532,0.5924,0.913286,0.40802,0.643871,0.039388;27@0.103051,0.66141,0.058103,0.709501,0.348973,0.975739,0.938881;92@0.965798,0.763564,0.388738,0.085893,0.769186;10@0.894133,0.058301,0.808241,0.10079,0.92145,0.218481,0.963246,0.494403,0.574604,0.96838,0.820782,0.889403;75@0.193945,0.838762,0.258085,0.14797,0.824615,0.124562,0.165035,0.024499,0.515529,0.451256;84@0.856519,0.996855,0.50568,0.476621,0.208493,0.9609,0.419036,0.277644,0.783646,0.150441,0.193347;82@0.240755;47@0.588131,0.406831,0.266785,0.207654,0.073497,0.159393,0.314654,0.308624,0.157221,0.236489,0.085924;9@0.463396,0.629549,0.787101,0.966979,0.634412,0.816087,0.177644,0.109432,0.957746,0.039295,0.5807;39@0.684831,0.333299,0.355122,0.080609,0.151335,0.504406,0.223934,0.596959,0.961435;88@0.450841,0.542773,0.353177,0.242597,0.767104,0.02034,0.986053;30@0.586079,0.210011,0.494664,0.380788,0.933238,0.164069,0.938779,0.325386,0.608124,0.119224|1|1762487393
I20251108 00:02:58.857981 139717798590272 data_text_parser.cc:116] beg_pos: 14951,end_pos: 17157
I20251108 00:02:58.857994 139717798590272 data_text_parser.cc:59] line: 535|676|1720@2790657840:0.565738;1185@481004830:0.470259;1587@3926466919:0.258036;1048@1267184656:0.664771;1413@947282475:0.876014;1472@2528659277:0.925863;1861@2551231790:0.500809;1430@2232708298:0.8897;1384@3999533181:0.820993;1829@287485728:0.029197;1635@2305001583:0.080938;1785@4202171164:0.280461;1712@2116329884:0.47098;1116@3909765097:0.259457;1010@2321130076:0.750746;1371@4159109498:0.342715;1381@89596828:0.546709;1736@2963467151:0.527998;1206@472779298:0.310136;1202@3274215158:0.996062|67@0.715788,0.787656,0.551223,0.708319,0.406582,0.080292,0.706051,0.763998,0.355033,0.835277,0.437843;56@0.273701,0.723926,0.773201,0.1627,0.664324,0.19092,0.351696,0.855003,0.184788,0.598868,0.308112,0.558772;73@0.958962,0.963062;38@0.077321,0.442087,0.94074,0.179321,0.444595,0.67943,0.379412,0.000306,0.451748,0.800229;1@;14@0.438205,0.301872,0.2358,0.188693,0.267528,0.475467,0.921722,0.886407,0.707683;41@;32@0.425255,0.589285,0.394386,0.591818;70@0.836525,0.40286,0.016065,0.723117;43@0.241968,0.736342,0.10989,0.259548,0.800587,0.760266,0.491578,0.343994,0.691738,0.371694,0.544993;65@0.208293,0.556009,0.967257,0.440731;20@0.604472,0.489537,0.871369,0.994745;40@0.611887,0.334712,0.443764;100@0.522948;37@0.751775,0.39193,0.60682,0.173691,0.118386,0.008104,0.969091,0.813644,0.659718,0.776618,0.096921,0.944168,0.297509;27@0.528218,0.853303,0.891571,0.642387,0.884861,0.971517,0.850731;92@0.415808,0.990274,0.376126,0.414368,0.30455;10@0.051771,0.350383,0.681348,0.683713,0.998525,0.544294,0.342729,0.200246,0.444422,0.108174,0.700202,0.082248;75@0.201597,0.684397,0.963354,0.647918,0.570065,0.775239,0.992224,0.301702,0.785503,0.149418;84@0.122783,0.215051,0.033196,0.285495,0.959193,0.54665,0.887577,0.417759,0.229939,0.273673,0.946627;82@0.509465;47@0.943597,0.408543,0.001112,0.550169,0.014343,0.202739,0.822704,0.326507,0.937999,0.495841,0.328425;9@0.738199,0.074814,0.999003,0.702021,0.992999,0.609436,0.352863,0.560725,0.580621,0.136904,0.858053;39@0.56233,0.532138,0.907128,0.792039,0.458302,0.617959,0.291358,0.849344,0.157748;88@0.224558,0.3155,0.853503,0.712159,0.500278,0.906648,0.753415;30@0.579769,0.419074,0.305201,0.6285,0.087462,0.636276,0.29001,0.34232,0.12134,0.58439|1|1762487393
I20251108 00:02:58.858025 139717798590272 data_text_parser.cc:116] beg_pos: 17158,end_pos: 19369
I20251108 00:02:58.858041 139717798590272 data_text_parser.cc:59] line: 536|402|1720@3878962830:0.982337;1185@721030684:0.778605;1587@2911023775:0.184146;1048@2700190336:0.385817;1413@1770877879:0.449612;1472@137966252:0.015328;1861@1151323730:0.602097;1430@3010628104:0.429828;1384@1155380353:0.30596;1829@3628081332:0.665524;1635@3769290029:0.347247;1785@1003406113:0.679394;1712@882104032:0.178667;1116@3531025936:0.904057;1010@3060725283:0.77656;1371@3259497284:0.8065;1381@2372389986:0.872693;1736@4130738228:0.846266;1206@3730812404:0.778169;1202@656462502:0.542111|67@0.677076,0.81541,0.679633,0.254732,0.382887,0.447293,0.560145,0.959858,0.696427,0.574674,0.957932;56@0.187677,0.384799,0.267517,0.264002,0.055719,0.056656,0.784146,0.960179,0.769252,0.654551,0.975818,0.815409;73@0.561223,0.914272;38@0.536639,0.702727,0.97625,0.743568,0.085078,0.678124,0.835635,0.64117,0.814399,0.700026;1@;14@0.906647,0.647753,0.995103,0.224553,0.597473,0.977645,0.697915,0.418562,0.22981;41@;32@0.614028,0.411413,0.633295,0.849018;70@0.641683,0.055468,0.422176,0.463005;43@0.953766,0.565806,0.051093,0.669948,0.554389,0.215692,0.101554,0.569301,0.823497,0.888026,0.055562;65@0.738874,0.457093,0.645504,0.576521;20@0.572542,0.61129,0.382101,0.756403;40@0.02498,0.620883,0.854032;100@0.333507;37@0.570762,0.582711,0.722319,0.739973,0.908611,0.424548,0.239887,0.760623,0.513746,0.212475,0.63241,0.462193,0.413929;27@0.416585,0.169204,0.151074,0.123988,0.594274,0.759773,0.305509;92@0.335021,0.073105,0.445247,0.606075,0.162324;10@0.174223,0.338303,0.164996,0.60823,0.127625,0.040514,0.866827,0.240288,0.179316,0.577744,0.519269,0.710422;75@0.124446,0.157514,0.95601,0.589726,0.522349,0.10877,0.109735,0.294815,0.105547,0.17962;84@0.081761,0.218507,0.914679,0.035982,0.304777,0.010442,0.91107,0.21394,0.011111,0.875963,0.177144;82@0.3672;47@0.868913,0.474436,0.26636,0.829943,0.013789,0.393515,0.841439,0.047686,0.842078,0.884259,0.574907;9@0.686361,0.651113,0.921628,0.78222,0.994979,0.208593,0.319634,0.449856,0.861331,0.717987,0.105003;39@0.706898,0.458946,0.966945,0.825996,0.693995,0.515628,0.893423,0.359653,0.372368;88@0.691533,0.128977,0.195064,0.660103,0.089506,0.719879,0.878316;30@0.269179,0.32916,0.049657,0.713065,0.168813,0.115272,0.859431,0.899451,0.530659,0.296309|0|1762487393
I20251108 00:02:58.858071 139717798590272 data_text_parser.cc:116] beg_pos: 19370,end_pos: 20480
I20251108 00:02:58.858331 139717798590272 data_text_parser.cc:101] get chunk buffer, size: 20480
I20251108 00:02:58.858350 139717798590272 data_text_parser.cc:116] beg_pos: 0,end_pos: 1098
I20251108 00:02:58.858357 139717798590272 data_text_parser.cc:61] buffer line: 537|887|1720@2640726340:0.870264;1185@3287689090:0.706813;1587@1098437149:0.851427;1048@1937692420:0.298904;1413@4074942769:0.308423;1472@253334791:0.829715;1861@1388665588:0.325912;1430@4027822449:0.513524;1384@341541287:0.236152;1829@532731040:0.16916;1635@2166324308:0.792711;1785@173251153:0.654327;1712@362244795:0.268858;1116@1009681203:0.173226;1010@1408186812:0.452095;1371@3867680211:0.464168;1381@2337444929:0.316101;1736@2579615955:0.930706;1206@3786053689:0.720785;1202@2631701323:0.641349|67@0.592348,0.921729,0.935677,0.165763,0.100434,0.429262,0.725506,0.407466,0.693712,0.93265,0.202335;56@0.776118,0.588536,0.097269,0.75491,0.262513,0.599307,0.621247,0.83232,0.781707,0.916035,0.023494,0.334948;73@0.784605,0.077787;38@0.043064,0.917468,0.447215,0.382796,0.296909,0.691185,0.725036,0.274196,0.58884,0.779635;1@;14@0.41417,0.972432,0.389565,0.986809,0.092881,0.754937,0.067648,0.012071,0.862961;41@;32@0.44273,0.986445,0.053564,0.12461;70@0.973519,0.089258,0.52787,0.845993;43@0.72561,0.485369,0.756473,0.029728,0.061098,0.935257,0.187572,0.64957,0.372335,0.076882,0.883016;65@0.770895,0.610252,0.894441,0.992632;20@0.112512,0.722508,0.955101,0.645146;40@0.594235,0.751498,0.059032;100@0.378986;37@0.373958,0.621743,0.007187,0.949464,0.341633,0.166655,0.714055,0.64771,0.090177,0.843479,0.423755,0.948806,0.138802;27@0.122176,0.791893,0.607188,0.48787,0.68179,0.801917,0.784848;92@0.621609,0.714842,0.227257,0.349419,0.451652;10@0.97392,0.105277,0.079751,0.778469,0.473561,0.708649,0.306439,0.114815,0.735887,0.168325,0.668248,0.75852;75@0.35146,0.715623,0.132737,0.522448,0.312995,0.855768,0.085371,0.440221,0.501789,0.185592;84@0.886636,0.976552,0.532088,0.598339,0.90811,0.286956,0.632738,0.057381,0.480526,0.543945,0.691552;82@0.447582;47@0.054111,0.519209,0.316641,0.49093,0.180491,0.400823,0.827828,0.108776,0.613195,0.31795,0.675747;9@0.812224,0.560842,0.791183,0.897368,0.03944,0.332925,0.574668,0.613863,0.186018,0.715722,0.654865;39@0.695228,0.712072,0.345661,0.377333,0.361871,0.85673,0.037514,0.07638,0.428099;88@0.61256,0.307168,0.865462,0.922234,0.261754,0.172611,0.527871;30@0.220567,0.560377,0.373761,0.958361,0.150643,0.133608,0.268866,0.095655,0.505202,0.316422|1|1762487393
I20251108 00:02:58.858393 139717798590272 data_text_parser.cc:116] beg_pos: 1099,end_pos: 3300
I20251108 00:02:58.858405 139717798590272 data_text_parser.cc:59] line: 538|858|1720@3068864404:0.729239;1185@395503634:0.317932;1587@2526689800:0.235825;1048@3879354435:0.570016;1413@517228248:0.311993;1472@1523852024:0.350316;1861@3527346936:0.342502;1430@134217086:0.949107;1384@4210556132:0.631955;1829@1381054923:0.39206;1635@33768683:0.05546;1785@2201977632:0.170231;1712@4164496684:0.471891;1116@2535067336:0.329163;1010@525437311:0.379541;1371@1847523107:0.713779;1381@840897223:0.321317;1736@3152893450:0.708347;1206@4105431645:0.943052;1202@1553692144:0.970744|67@0.466433,0.289198,0.942157,0.316513,0.09002,0.554014,0.804119,0.562232,0.041552,0.642786,0.062731;56@0.577639,0.877247,0.42932,0.931161,0.223208,0.671141,0.44868,0.29343,0.285424,0.292827,0.330826,0.241281;73@0.26832,0.003715;38@0.750201,0.98456,0.605905,0.246431,0.229878,0.190696,0.763993,0.235623,0.497746,0.259166;1@;14@0.707311,0.280464,0.526993,0.54569,0.654568,0.768249,0.278763,0.59016,0.148422;41@;32@0.013948,0.237478,0.796879,0.4861;70@0.089902,0.98543,0.478207,0.79912;43@0.947724,0.971435,0.508771,0.160762,0.491693,0.333161,0.35441,0.179374,0.771286,0.851639,0.134869;65@0.716717,0.510785,0.236556,0.332757;20@0.233107,0.651658,0.272551,0.339227;40@0.562728,0.08507,0.932862;100@0.36573;37@0.059027,0.610874,0.925391,0.304413,0.948773,0.50225,0.581865,0.166318,0.961059,0.497313,0.210188,0.781875,0.525653;27@0.584851,0.886212,0.680519,0.258327,0.973718,0.3034,0.850998;92@0.739516,0.064266,0.414179,0.460203,0.057691;10@0.643602,0.137661,0.234266,0.117211,0.625957,0.598692,0.902115,0.054981,0.97241,0.519393,0.989078,0.341156;75@0.047409,0.181897,0.471305,0.084641,0.168216,0.68385,0.682054,0.521425,0.594472,0.774913;84@0.925381,0.064669,0.722613,0.066222,0.062627,0.660497,0.35279,0.612212,0.979863,0.764656,0.328015;82@0.955131;47@0.913779,0.884312,0.93775,0.125927,0.375776,0.0718,0.887626,0.865036,0.945286,0.938601,0.498512;9@0.091682,0.587738,0.476474,0.732808,0.169271,0.605743,0.62108,0.256838,0.552585,0.891626,0.647459;39@0.360679,0.08847,0.716693,0.920055,0.231323,0.649263,0.264519,0.776602,0.259197;88@0.05279,0.452988,0.319264,0.033988,0.567428,0.112642,0.884936;30@0.538426,0.878837,0.661821,0.160189,0.188454,0.774513,0.847506,0.964033,0.373253,0.746673|0|1762487393
I20251108 00:02:58.858443 139717798590272 data_text_parser.cc:116] beg_pos: 3301,end_pos: 5506
I20251108 00:02:58.858456 139717798590272 data_text_parser.cc:59] line: 539|401|1720@646576759:0.887179;1185@471676834:0.543489;1587@2291501799:0.756357;1048@3271062762:0.287702;1413@1073847293:0.692552;1472@2174831769:0.271998;1861@3527167932:0.305772;1430@3039575840:0.32009;1384@2880452514:0.40847;1829@127272013:0.309759;1635@3112402808:0.408244;1785@2408067306:0.520316;1712@47536643:0.292915;1116@820862182:0.207642;1010@2574393267:0.470048;1371@3009652820:0.498931;1381@3386642954:0.590074;1736@4211314562:0.129131;1206@1726745012:0.444549;1202@1431140771:0.39403|67@0.685186,0.070699,0.82062,0.926793,0.16024,0.397117,0.391414,0.141653,0.733487,0.167858,0.246259;56@0.198104,0.844762,0.016319,0.333116,0.971154,0.24859,0.938404,0.041317,0.024266,0.177705,0.21493,0.541794;73@0.6184,0.010728;38@0.176551,0.009703,0.280236,0.914986,0.791918,0.287047,0.073988,0.959711,0.999985,0.625621;1@;14@0.020837,0.850385,0.343761,0.486139,0.792012,0.32898,0.731239,0.248969,0.475033;41@;32@0.604232,0.83699,0.255851,0.682126;70@0.971763,0.85283,0.865838,0.23497;43@0.314047,0.21783,0.810813,0.713288,0.908151,0.475282,0.543999,0.992589,0.205616,0.277255,0.782766;65@0.995962,0.733208,0.994749,0.81059;20@0.248944,0.492476,0.726842,0.252535;40@0.249217,0.745596,0.356003;100@0.589441;37@0.40713,0.522305,0.892124,0.419141,0.88714,0.595209,0.111276,0.972333,0.81905,0.229748,0.900292,0.313695,0.881278;27@0.533442,0.539699,0.34018,0.163521,0.256669,0.340681,0.748563;92@0.616394,0.401863,0.28843,0.134595,0.192414;10@0.125669,0.38943,0.041222,0.191715,0.287224,0.793852,0.782957,0.668917,0.770038,0.604938,0.388081,0.696262;75@0.938947,0.792892,0.402812,0.258615,0.426357,0.563365,0.556434,0.258962,0.459586,0.161764;84@0.327796,0.212011,0.821821,0.692865,0.320378,0.536776,0.729489,0.594068,0.354823,0.750788,0.99506;82@0.063922;47@0.076196,0.515625,0.015502,0.431759,0.427117,0.799781,0.26229,0.739924,0.121219,0.878244,0.720094;9@0.342646,0.305528,0.612177,0.828664,0.686581,0.581616,0.667908,0.923629,0.592924,0.057103,0.170042;39@0.357703,0.534431,0.35375,0.289616,0.89173,0.742127,0.078454,0.924269,0.148381;88@0.150436,0.741247,0.311154,0.416797,0.541127,0.90659,0.784525;30@0.138835,0.884065,0.322149,0.722282,0.189877,0.515138,0.004464,0.790637,0.080345,0.408079|1|1762487393
I20251108 00:02:58.858496 139717798590272 data_text_parser.cc:116] beg_pos: 5507,end_pos: 7722
I20251108 00:02:58.858508 139717798590272 data_text_parser.cc:59] line: 540|909|1720@3662806307:0.552159;1185@2451484304:0.305141;1587@702210818:0.460775;1048@4055480415:0.837144;1413@3545806034:0.436594;1472@1089550198:0.243902;1861@3139748962:0.530084;1430@1683779324:0.707667;1384@1925993530:0.79768;1829@918884818:0.309595;1635@2097998275:0.536317;1785@2822142200:0.909768;1712@2612439733:0.238633;1116@4058644266:0.706457;1010@1184953009:0.727824;1371@147539935:0.831481;1381@4011628679:0.523744;1736@2822902176:0.302763;1206@2095809098:0.097952;1202@2767357671:0.908641|67@0.165129,0.967403,0.393222,0.011915,0.438664,0.486592,0.850925,0.365159,0.217959,0.319125,0.439958;56@0.561026,0.491719,0.255149,0.719265,0.681751,0.443918,0.632479,0.468687,0.608683,0.375083,0.72578,0.094546;73@0.141209,0.423854;38@0.281974,0.960749,0.174244,0.867155,0.84713,0.186653,0.706313,0.978722,0.537296,0.775189;1@;14@0.398472,0.625052,0.607969,0.378641,0.191955,0.36848,0.071066,0.133997,0.086385;41@;32@0.6023,0.098544,0.360367,0.219508;70@0.464215,0.008218,0.669029,0.515008;43@0.076725,0.621141,0.375955,0.255582,0.118824,0.779542,0.411726,0.570287,0.030653,0.754688,0.247198;65@0.003776,0.450316,0.544226,0.380175;20@0.319621,0.751416,0.38787,0.702177;40@0.005918,0.655396,0.152168;100@0.378784;37@0.386233,0.715274,0.71097,0.022772,0.536797,0.186145,0.756777,0.057584,0.612434,0.355883,0.090391,0.857988,0.959757;27@0.889136,0.904882,0.804553,0.075021,0.517161,0.659815,0.531398;92@0.156042,0.7629,0.172684,0.362918,0.149377;10@0.216531,0.085915,0.59729,0.748579,0.285274,0.648088,0.587012,0.284861,0.445391,0.495982,0.580735,0.474966;75@0.226389,0.115629,0.96444,0.324843,0.791854,0.158962,0.773537,0.88493,0.30386,0.541692;84@0.554706,0.740449,0.689738,0.871579,0.815047,0.658694,0.930153,0.949727,0.840746,0.480663,0.391464;82@0.013237;47@0.054592,0.029412,0.985825,0.939653,0.665166,0.788215,0.961013,0.021472,0.866493,0.485445,0.599507;9@0.323024,0.797394,0.69933,0.830342,0.060908,0.863695,0.928412,0.14314,0.065439,0.234083,0.558526;39@0.445481,0.914324,0.728546,0.767075,0.431921,0.162375,0.305824,0.174778,0.072589;88@0.64293,0.021779,0.771018,0.258266,0.507652,0.101888,0.813923;30@0.336437,0.160838,0.386381,0.58125,0.606132,0.743292,0.01517,0.662811,0.391716,0.674896|1|1762487393
I20251108 00:02:58.858540 139717798590272 data_text_parser.cc:116] beg_pos: 7723,end_pos: 9934
I20251108 00:02:58.858552 139717798590272 data_text_parser.cc:59] line: 541|92|1720@1697357217:0.824472;1185@654461107:0.886204;1587@1845030187:0.445825;1048@905944013:0.536454;1413@496748589:0.238664;1472@611115789:0.785853;1861@3076819238:0.103203;1430@3329334796:0.37273;1384@3986545685:0.900801;1829@4109406129:0.850987;1635@3808618933:0.803027;1785@3431320083:0.632408;1712@3280494417:0.659292;1116@197163229:0.684653;1010@319034633:0.955994;1371@3666709966:0.957003;1381@1871254737:0.287323;1736@2565649395:0.275742;1206@780434952:0.319949;1202@2249871994:0.596306|67@0.310832,0.164297,0.407407,0.987742,0.707498,0.023746,0.826165,0.303093,0.253466,0.636337,0.557348;56@0.794802,0.276856,0.536062,0.669869,0.434063,0.413425,0.92255,0.185555,0.738396,0.661424,0.204348,0.76824;73@0.873429,0.606015;38@0.515691,0.724245,0.949326,0.528473,0.502251,0.05731,0.287943,0.570858,0.597372,0.946026;1@;14@0.495048,0.246931,0.577807,0.382771,0.488632,0.246764,0.123112,0.511167,0.048536;41@;32@0.738997,0.397636,0.006336,0.734881;70@0.575586,0.135622,0.15811,0.170055;43@0.554947,0.758801,0.733398,0.064237,0.507957,0.587293,0.586543,0.217013,0.841114,0.341279,0.927575;65@0.448742,0.65415,0.400442,0.800984;20@0.167469,0.003236,0.044755,0.463695;40@0.1373,0.296148,0.036941;100@0.480793;37@0.99447,0.248528,0.642367,0.083461,0.992165,0.396343,0.346095,0.547645,0.367416,0.285003,0.725868,0.720419,0.104256;27@0.702415,0.699385,0.892547,0.181931,0.91269,0.003583,0.918537;92@0.284235,0.798071,0.817819,0.061312,0.32519;10@0.547868,0.406084,0.446004,0.751191,0.209734,0.237526,0.571289,0.955166,0.60092,0.594841,0.457137,0.14788;75@0.219786,0.846274,0.263488,0.186725,0.181081,0.642835,0.944495,0.257199,0.853484,0.776923;84@0.570641,0.176399,0.795835,0.446693,0.790654,0.010012,0.67467,0.850123,0.612852,0.031173,0.092666;82@0.01293;47@0.463373,0.635092,0.782017,0.047485,0.170928,0.093286,0.592785,0.259254,0.888179,0.015856,0.86805;9@0.914561,0.051455,0.133517,0.660706,0.750157,0.022948,0.458717,0.396225,0.964504,0.275453,0.237245;39@0.124873,0.538451,0.526159,0.821877,0.913852,0.001416,0.86496,0.573441,0.453268;88@0.265064,0.599017,0.08089,0.188605,0.064776,0.287645,0.738988;30@0.596334,0.401545,0.354381,0.049975,0.148232,0.330359,0.146176,0.620297,0.356136,0.902794|0|1762487393
I20251108 00:02:58.858594 139717798590272 data_text_parser.cc:116] beg_pos: 9935,end_pos: 12148
I20251108 00:02:58.858607 139717798590272 data_text_parser.cc:59] line: 542|190|1720@2754163817:0.670434;1185@1414538844:0.567815;1587@3539551693:0.145204;1048@2459477976:0.642901;1413@844007896:0.775523;1472@888074605:0.494591;1861@1668916259:0.74933;1430@638583372:0.257364;1384@851467165:0.693886;1829@2286690431:0.42931;1635@1603940357:0.918386;1785@2487262076:0.842631;1712@4272571220:0.935333;1116@861542497:0.305031;1010@3348825568:0.531546;1371@2000349868:0.288341;1381@2056484476:0.459983;1736@3273998610:0.737603;1206@2283737863:0.952237;1202@177743087:0.806738|67@0.792076,0.281442,0.519198,0.722174,0.369873,0.917573,0.875323,0.60036,0.132496,0.096019,0.443382;56@0.123933,0.854865,0.238731,0.046771,0.167017,0.115734,0.97396,0.737179,0.220354,0.168457,0.270367,0.393236;73@0.35662,0.368672;38@0.308811,0.308797,0.106851,0.496772,0.662151,0.749286,0.396851,0.227464,0.351244,0.530231;1@;14@0.434079,0.049359,0.824206,0.533906,0.175665,0.167492,0.721168,0.040281,0.818601;41@;32@0.774492,0.558648,0.09287,0.60001;70@0.947739,0.736687,0.230388,0.041112;43@0.939234,0.589296,0.337807,0.218315,0.465149,0.454658,0.381845,0.528975,0.768726,0.689106,0.938696;65@0.502134,0.987608,0.565521,0.506553;20@0.210666,0.683516,0.752586,0.174068;40@0.206872,0.573995,0.252619;100@0.783223;37@0.015965,0.988638,0.032547,0.135761,0.09322,0.992187,0.688223,0.643905,0.02579,0.995615,0.233751,0.151826,0.233383;27@0.726418,0.507184,0.64771,0.208447,0.630405,0.255047,0.073478;92@0.436794,0.570272,0.726836,0.797571,0.950782;10@0.297851,0.148836,0.000949,0.753891,0.913662,0.723951,0.736168,0.847698,0.708297,0.173882,0.873427,0.889191;75@0.19546,0.89662,0.062768,0.368421,0.553435,0.340745,0.541657,0.314352,0.12905,0.341157;84@0.424134,0.875221,0.622924,0.117183,0.550108,0.200409,0.252855,0.132791,0.166606,0.038621,0.04164;82@0.523222;47@0.439317,0.804433,0.48173,0.127313,0.301467,0.700511,0.125903,0.659979,0.839876,0.704447,0.154872;9@0.683932,0.854252,0.655718,0.905334,0.433537,0.983005,0.015712,0.043934,0.07202,0.346295,0.508308;39@0.923617,0.090753,0.646009,0.127051,0.412834,0.500059,0.203378,0.387929,0.521666;88@0.751634,0.554456,0.36521,0.04489,0.520407,0.684906,0.295681;30@0.301817,0.911411,0.787377,0.896669,0.687266,0.295552,0.392637,0.497095,0.465662,0.048909|0|1762487393
I20251108 00:02:58.858642 139717798590272 data_text_parser.cc:116] beg_pos: 12149,end_pos: 14361
I20251108 00:02:58.858654 139717798590272 data_text_parser.cc:59] line: 543|239|1720@2157030992:0.179752;1185@4009613096:0.40443;1587@2305081859:0.045373;1048@3421942254:0.333791;1413@1595692958:0.972798;1472@456569471:0.340401;1861@755579455:0.257431;1430@310075636:0.764047;1384@349598212:0.614892;1829@3623974630:0.631897;1635@1197045782:0.987025;1785@854955787:0.015741;1712@2350092629:0.818721;1116@785977461:0.570783;1010@2726396985:0.990758;1371@786336948:0.510373;1381@2620285793:0.51645;1736@2598928760:0.180077;1206@108941232:0.122474;1202@752776532:0.804865|67@0.514515,0.226921,0.628974,0.47528,0.640202,0.70593,0.622588,0.550268,0.244779,0.886627,0.790614;56@0.639104,0.813731,0.895431,0.257391,0.984521,0.848441,0.94537,0.786217,0.209775,0.246228,0.214815,0.045626;73@0.674137,0.660433;38@0.843282,0.465703,0.059065,0.015911,0.539033,0.611608,0.87175,0.350059,0.651769,0.598584;1@;14@0.508828,0.277777,0.376556,0.292327,0.488667,0.858608,0.128271,0.843442,0.583127;41@;32@0.366573,0.497567,0.176961,0.730432;70@0.882829,0.306467,0.480912,0.479738;43@0.422392,0.797053,0.464195,0.63255,0.877637,0.748321,0.085569,0.194612,0.237741,0.217704,0.473392;65@0.113377,0.363272,0.414831,0.844443;20@0.999947,0.056636,0.827782,0.855825;40@0.88237,0.439692,0.894409;100@0.644215;37@0.443175,0.905982,0.231974,0.015468,0.089548,0.267411,0.367408,0.121068,0.215253,0.431341,0.09139,0.078411,0.717609;27@0.695477,0.903996,0.190627,0.143844,0.197502,0.324665,0.864692;92@0.47493,0.428907,0.006332,0.123349,0.829288;10@0.499605,0.677626,0.278221,0.714489,0.119967,0.202495,0.7677,0.636426,0.677919,0.394522,0.49212,0.406285;75@0.225696,0.626819,0.669569,0.872864,0.363058,0.710298,0.032064,0.53959,0.900517,0.489326;84@0.007448,0.998209,0.238932,0.276382,0.467721,0.728171,0.555215,0.837318,0.377932,0.291891,0.958423;82@0.732197;47@0.436463,0.893798,0.514005,0.569118,0.049906,0.32467,0.641026,0.878639,0.611171,0.703057,0.550762;9@0.949307,0.994747,0.133702,0.780679,0.977779,0.883261,0.866993,0.355034,0.247811,0.482104,0.398206;39@0.906515,0.529389,0.917798,0.859392,0.385416,0.004678,0.495402,0.849466,0.745849;88@0.414037,0.126273,0.753866,0.962012,0.615278,0.213321,0.866157;30@0.984513,0.53389,0.575623,0.507553,0.069424,0.645569,0.611985,0.399102,0.065486,0.462443|1|1762487393
I20251108 00:02:58.858692 139717798590272 data_text_parser.cc:116] beg_pos: 14362,end_pos: 16576
I20251108 00:02:58.858704 139717798590272 data_text_parser.cc:59] line: 544|405|1720@368714847:0.412409;1185@2822784586:0.670285;1587@3279304361:0.419693;1048@2251907954:0.610545;1413@2988223502:0.505963;1472@3601716449:0.247042;1861@2586118039:0.481031;1430@3409285853:0.050663;1384@2425732016:0.962638;1829@3367478961:0.772971;1635@2230551967:0.504402;1785@3712937515:0.112037;1712@3435442029:0.886529;1116@1165506136:0.395481;1010@1330693859:0.841978;1371@758994893:0.333529;1381@3488744729:0.62412;1736@655297041:0.224597;1206@4187937173:0.137457;1202@854172050:0.268963|67@0.827497,0.563398,0.214287,0.28309,0.006134,0.554552,0.890284,0.294322,0.122818,0.794488,0.587269;56@0.220561,0.310802,0.353297,0.188065,0.363569,0.263904,0.021362,0.309876,0.427678,0.913954,0.012339,0.918322;73@0.912821,0.395156;38@0.054716,0.869113,0.820404,0.742753,0.396254,0.384293,0.826168,0.326652,0.62143,0.589545;1@;14@0.922584,0.849052,0.866304,0.377911,0.852971,0.688216,0.997512,0.429927,0.799628;41@;32@0.517541,0.883012,0.803119,0.019511;70@0.734621,0.667863,0.51923,0.431624;43@0.058611,0.997066,0.186663,0.136304,0.394128,0.704375,0.630975,0.191429,0.441588,0.407029,0.489948;65@0.712015,0.42677,0.287734,0.28659;20@0.179315,0.223303,0.664626,0.970252;40@0.870458,0.629228,0.970523;100@0.027952;37@0.740128,0.542138,0.006328,0.726255,0.093443,0.776546,0.665506,0.69592,0.344588,0.304973,0.935681,0.625028,0.220764;27@0.119144,0.570109,0.435886,0.783803,0.108974,0.495771,0.374689;92@0.509524,0.497345,0.499461,0.490797,0.853689;10@0.789763,0.870362,0.241059,0.915083,0.98244,0.158153,0.714425,0.629084,0.431116,0.539114,0.129575,0.154954;75@0.777765,0.395483,0.432414,0.69771,0.32776,0.070671,0.880103,0.134876,0.68384,0.549404;84@0.76775,0.114123,0.137172,0.478456,0.867513,0.058186,0.171958,0.814947,0.858254,0.32074,0.431035;82@0.095736;47@0.333735,0.145581,0.591992,0.666208,0.466107,0.538705,0.818095,0.459229,0.457285,0.151388,0.197973;9@0.378583,0.912474,0.431776,0.085783,0.569762,0.283841,0.832955,0.107996,0.902469,0.588758,0.61116;39@0.906669,0.621689,0.965161,0.31922,0.800656,0.148559,0.323155,0.307085,0.69064;88@0.611699,0.114808,0.143811,0.912147,0.002684,0.2598,0.413922;30@0.603292,0.27673,0.836585,0.752261,0.275898,0.816211,0.194289,0.574725,0.507842,0.530864|0|1762487393
I20251108 00:02:58.858740 139717798590272 data_text_parser.cc:116] beg_pos: 16577,end_pos: 18780
I20251108 00:02:58.858759 139717798590272 data_text_parser.cc:59] line: 545|611|1720@4247199080:0.481177;1185@3230620429:0.239972;1587@757378799:0.063542;1048@3112367311:0.284101;1413@1064242865:0.718407;1472@1060076012:0.972737;1861@2151789564:0.915246;1430@422221822:0.581243;1384@4115768266:0.886062;1829@3765834535:0.605013;1635@145977271:0.189171;1785@3953266767:0.683233;1712@3979565753:0.520305;1116@262212798:0.210202;1010@4255858670:0.988632;1371@1639440844:0.39171;1381@1938608308:0.559529;1736@3619341054:0.595159;1206@3477520259:0.207551;1202@3574715693:0.29518|67@0.083006,0.920055,0.385063,0.783827,0.646462,0.992315,0.210338,0.093834,0.7252,0.475455,0.681699;56@0.108561,0.87094,0.732099,0.151798,0.972713,0.74612,0.899038,0.904289,0.639918,0.469949,0.045168,0.098729;73@0.402753,0.406032;38@0.595383,0.553691,0.071838,0.539203,0.774225,0.146294,0.404124,0.816702,0.283385,0.477127;1@;14@0.639513,0.844042,0.485287,0.803504,0.485116,0.992848,0.30371,0.735598,0.482879;41@;32@0.418758,0.695516,0.338347,0.788488;70@0.904418,0.46769,0.690284,0.411723;43@0.746367,0.849387,0.979034,0.283598,0.878918,0.987963,0.295864,0.429229,0.386972,0.180309,0.090766;65@0.91018,0.491946,0.08281,0.476126;20@0.614091,0.318324,0.452419,0.56502;40@0.887228,0.13762,0.519885;100@0.265127;37@0.890369,0.7857,0.029286,0.715967,0.93816,0.806027,0.017721,0.233473,0.52677,0.224124,0.053213,0.059163,0.077632;27@0.184769,0.598906,0.790908,0.722841,0.875247,0.590507,0.012948;92@0.90681,0.084447,0.433343,0.08254,0.977928;10@0.463556,0.651306,0.674587,0.250705,0.928911,0.781002,0.30932,0.091421,0.739728,0.224177,0.074629,0.626463;75@0.616653,0.176267,0.584238,0.957337,0.179201,0.780883,0.243891,0.49083,0.032763,0.077788;84@0.241777,0.937278,0.629174,0.213022,0.1395,0.724304,0.34126,0.095847,0.616349,0.651159,0.603204;82@0.614089;47@0.211321,0.260273,0.76906,0.902585,0.850938,0.20849,0.840232,0.819504,0.032239,0.145253,0.32469;9@0.2616,0.835235,0.84041,0.773606,0.551232,0.360579,0.839888,0.049647,0.968443,0.780927,0.095189;39@0.704906,0.125564,0.506024,0.044593,0.788413,0.120989,0.257519,0.351437,0.427814;88@0.136027,0.256112,0.790986,0.378999,0.221988,0.124722,0.106631;30@0.879307,0.101523,0.592821,0.275835,0.574936,0.511944,0.352927,0.120434,0.13962,0.258942|1|1762487393
I20251108 00:02:58.858787 139717798590272 data_text_parser.cc:116] beg_pos: 18781,end_pos: 20480
I20251108 00:02:58.859049 139717798590272 data_text_parser.cc:101] get chunk buffer, size: 20480
I20251108 00:02:58.859070 139717798590272 data_text_parser.cc:116] beg_pos: 0,end_pos: 510
I20251108 00:02:58.859079 139717798590272 data_text_parser.cc:61] buffer line: 546|528|1720@337761926:0.577998;1185@3929720443:0.145816;1587@2234946132:0.282901;1048@1795122943:0.357192;1413@1327441321:0.575965;1472@2232020502:0.014568;1861@2732742711:0.076917;1430@3924875704:0.758353;1384@3427365617:0.128047;1829@353903383:0.296095;1635@3912991612:0.895335;1785@557318550:0.230206;1712@4027822449:0.309058;1116@3845093094:0.509326;1010@3757239804:0.214005;1371@2614181863:0.022453;1381@3604233642:0.270323;1736@1532064346:0.878333;1206@2076981327:0.158154;1202@1680891331:0.875597|67@0.348722,0.08441,0.222882,0.518548,0.845468,0.896565,0.787924,0.479932,0.614975,0.670567,0.180506;56@0.037854,0.928061,0.069923,0.841663,0.474039,0.443521,0.914192,0.70338,0.94537,0.898359,0.035412,0.758953;73@0.516042,0.394219;38@0.266866,0.727371,0.164534,0.543532,0.539491,0.834968,0.848189,0.422643,0.225247,0.257506;1@;14@0.62708,0.865076,0.539515,0.663079,0.730943,0.616618,0.717778,0.307593,0.67501;41@;32@0.081297,0.739741,0.567016,0.392105;70@0.706653,0.950005,0.704176,0.85002;43@0.939763,0.901202,0.3553,0.039131,0.968869,0.730773,0.761633,0.342181,0.854668,0.342563,0.50192;65@0.396218,0.940659,0.180635,0.33637;20@0.489485,0.512296,0.688806,0.436356;40@0.204084,0.259076,0.068363;100@0.04665;37@0.143425,0.130931,0.906583,0.48013,0.78106,0.893858,0.617308,0.590571,0.59148,0.575021,0.636405,0.740918,0.165337;27@0.596431,0.749577,0.277609,0.334702,0.74794,0.701219,0.251794;92@0.261321,0.472248,0.067696,0.618274,0.165505;10@0.095489,0.98813,0.643533,0.373545,0.810152,0.726897,0.278565,0.889315,0.623273,0.334815,0.768387,0.113827;75@0.806494,0.238551,0.120073,0.322137,0.048267,0.48687,0.064574,0.096122,0.962163,0.099744;84@0.169104,0.968401,0.956829,0.513059,0.075497,0.04571,0.174488,0.952945,0.802715,0.867789,0.418483;82@0.948702;47@0.10717,0.914985,0.456384,0.832711,0.154145,0.967261,0.232525,0.826348,0.801139,0.553058,0.217545;9@0.587604,0.24917,0.702895,0.773654,0.209564,0.820333,0.11685,0.967889,0.943491,0.368915,0.509433;39@0.883551,0.535091,0.188116,0.082396,0.678797,0.160921,0.094218,0.448674,0.213202;88@0.85464,0.455495,0.160672,0.066128,0.810429,0.869824,0.951038;30@0.945725,0.367362,0.632835,0.452159,0.506931,0.10875,0.52315,0.45393,0.202979,0.185311|0|1762487393
I20251108 00:02:58.859125 139717798590272 data_text_parser.cc:116] beg_pos: 511,end_pos: 2728
I20251108 00:02:58.859138 139717798590272 data_text_parser.cc:59] line: 547|650|1720@1626645751:0.470419;1185@1987928140:0.602026;1587@3159528401:0.953766;1048@3318752147:0.068028;1413@3154186794:0.80189;1472@749187991:0.465935;1861@2996665034:0.512857;1430@2398774030:0.157853;1384@2322632640:0.700237;1829@3342553440:0.038476;1635@2764398770:0.096573;1785@1949052636:0.862807;1712@735777156:0.629258;1116@666704249:0.242606;1010@1912003874:0.350175;1371@1571501894:0.49685;1381@3500365774:0.624696;1736@3567946803:0.53897;1206@3558375853:0.999337;1202@1981910277:0.88291|67@0.259856,0.245258,0.446519,0.01585,0.385533,0.882025,0.753453,0.427808,0.06494,0.338101,0.833618;56@0.708708,0.614943,0.006044,0.43973,0.896353,0.529425,0.726417,0.830861,0.75426,0.675054,0.141794,0.080351;73@0.022552,0.349286;38@0.063011,0.859049,0.655311,0.766265,0.161206,0.660108,0.393093,0.521466,0.04232,0.592147;1@;14@0.821253,0.984744,0.130942,0.729795,0.933549,0.842716,0.849641,0.922847,0.522763;41@;32@0.402371,0.538481,0.721512,0.507632;70@0.692344,0.538064,0.915329,0.933009;43@0.266088,0.758843,0.730438,0.409023,0.44791,0.964363,0.696753,0.283243,0.020931,0.066507,0.796066;65@0.69651,0.605442,0.827684,0.196327;20@0.413059,0.243596,0.008019,0.803986;40@0.903779,0.528251,0.982365;100@0.272507;37@0.954155,0.556155,0.986732,0.022433,0.222545,0.001636,0.817842,0.116619,0.860371,0.760975,0.920407,0.851898,0.883552;27@0.922036,0.557627,0.832813,0.333777,0.052597,0.369399,0.831737;92@0.89814,0.76662,0.317597,0.575656,0.069409;10@0.575764,0.761139,0.034782,0.394186,0.663577,0.718537,0.716877,0.710339,0.209821,0.332277,0.726638,0.485008;75@0.110879,0.695147,0.005841,0.646754,0.642668,0.79093,0.969883,0.650558,0.597214,0.652055;84@0.918403,0.282674,0.053687,0.648227,0.556817,0.961749,0.220592,0.850931,0.359431,0.308657,0.571802;82@0.857651;47@0.046803,0.642861,0.620601,0.221624,0.153932,0.249876,0.024641,0.259213,0.860043,0.801304,0.160562;9@0.3537,0.123345,0.426348,0.627941,0.727006,0.663705,0.704189,0.819886,0.289074,0.462019,0.682727;39@0.838909,0.31929,0.045548,0.437479,0.926859,0.173576,0.916157,0.599334,0.975294;88@0.630983,0.633427,0.127722,0.209217,0.897853,0.637612,0.553588;30@0.966042,0.723633,0.734258,0.096903,0.864461,0.367523,0.630666,0.953486,0.907233,0.044965|0|1762487393
I20251108 00:02:58.859173 139717798590272 data_text_parser.cc:116] beg_pos: 2729,end_pos: 4932
I20251108 00:02:58.859181 139717798590272 data_text_parser.cc:59] line: 548|247|1720@1588023321:0.797166;1185@707825756:0.480429;1587@2228777606:0.601199;1048@878666113:0.725162;1413@335387188:0.09674;1472@3694071337:0.407012;1861@2377190702:0.60779;1430@3853891488:0.840604;1384@185620020:0.59292;1829@2147437583:0.754453;1635@2764785871:0.626983;1785@1374361100:0.937059;1712@3869834605:0.055754;1116@776547392:0.03123;1010@777813184:0.499015;1371@1641631611:0.48545;1381@894888319:0.966511;1736@3703975696:0.678874;1206@1225491185:0.30166;1202@3212110173:0.971977|67@0.137322,0.68394,0.609136,0.73559,0.607222,0.989008,0.600666,0.418102,0.523678,0.651137,0.193374;56@0.420894,0.187752,0.827091,0.419809,0.612084,0.32925,0.080671,0.965389,0.374503,0.901761,0.638369,0.576279;73@0.592015,0.666226;38@0.02491,0.518795,0.893657,0.987641,0.397865,0.731522,0.822989,0.587595,0.367854,0.370482;1@;14@0.847855,0.823652,0.202128,0.148421,0.146941,0.024215,0.267744,0.533109,0.773152;41@;32@0.401125,0.420109,0.641428,0.589854;70@0.630894,0.35466,0.130824,0.017069;43@0.996811,0.935576,0.582603,0.180369,0.315881,0.705216,0.075624,0.445934,0.234104,0.294395,0.24441;65@0.340462,0.920397,0.722628,0.424561;20@0.491199,0.760752,0.187207,0.183228;40@0.089592,0.117193,0.615667;100@0.135285;37@0.591561,0.972828,0.311265,0.915409,0.166496,0.016885,0.419505,0.813998,0.497664,0.073874,0.484501,0.31748,0.451026;27@0.717178,0.293217,0.474641,0.918461,0.858859,0.502912,0.991283;92@0.830447,0.836103,0.23333,0.0348,0.19164;10@0.732976,0.360502,0.881945,0.97291,0.320864,0.567747,0.345132,0.333488,0.800385,0.558057,0.459242,0.96613;75@0.073573,0.926862,0.759516,0.811223,0.773867,0.05463,0.096172,0.272594,0.644163,0.190881;84@0.166302,0.620272,0.957107,0.789233,0.707826,0.452261,0.88182,0.221648,0.681441,0.425671,0.116062;82@0.587982;47@0.948087,0.458691,0.891023,0.028451,0.683619,0.989059,0.884915,0.959922,0.577691,0.27034,0.350282;9@0.191767,0.093126,0.760235,0.300761,0.486611,0.59676,0.099576,0.382169,0.358061,0.920687,0.738473;39@0.078701,0.786167,0.765891,0.175897,0.29157,0.550232,0.391278,0.631227,0.031011;88@0.315553,0.436823,0.804336,0.607963,0.227457,0.19272,0.295632;30@0.915267,0.582158,0.785928,0.484608,0.248423,0.03992,0.379213,0.710649,0.98533,0.881225|0|1762487393
I20251108 00:02:58.859218 139717798590272 data_text_parser.cc:116] beg_pos: 4933,end_pos: 7149
I20251108 00:02:58.859226 139717798590272 data_text_parser.cc:59] line: 549|280|1720@3259718817:0.153042;1185@2512210909:0.892454;1587@1636140260:0.507469;1048@1537610209:0.441924;1413@2249871994:0.17303;1472@1525117958:0.632606;1861@4053113859:0.134604;1430@2218196935:0.111981;1384@3245623709:0.081842;1829@1329158227:0.333294;1635@3999489628:0.619472;1785@2231180962:0.046599;1712@3696271260:0.71805;1116@2057176172:0.015799;1010@1632636278:0.778454;1371@471313601:0.764872;1381@1834207099:0.174975;1736@1833361082:0.113834;1206@2812399422:0.035386;1202@1604101227:0.421524|67@0.536047,0.533303,0.177061,0.528121,0.216931,0.819932,0.640575,0.548822,0.081506,0.118166,0.083855;56@0.042836,0.980874,0.762758,0.885435,0.640398,0.670738,0.065558,0.851286,0.41046,0.692758,0.06785,0.549755;73@0.790484,0.216305;38@0.474786,0.473813,0.36811,0.980434,0.344543,0.021385,0.048583,0.50938,0.31957,0.457103;1@;14@0.252606,0.032895,0.743068,0.64183,0.844953,0.055969,0.579714,0.532016,0.594882;41@;32@0.541211,0.916224,0.36162,0.004025;70@0.939979,0.331176,0.730572,0.181529;43@0.417635,0.911525,0.428041,0.012935,0.412432,0.494985,0.416115,0.106654,0.856806,0.474361,0.165241;65@0.411455,0.700501,0.047657,0.615;20@0.512276,0.745984,0.818988,0.063011;40@0.04638,0.115981,0.567923;100@0.065864;37@0.060032,0.361232,0.881128,0.293936,0.070413,0.226108,0.643412,0.131544,0.356868,0.958024,0.437595,0.880412,0.967334;27@0.967667,0.541332,0.990798,0.897255,0.677598,0.481755,0.9708;92@0.359564,0.027352,0.607492,0.658836,0.124923;10@0.27236,0.231206,0.129317,0.333395,0.344676,0.776291,0.562872,0.500413,0.197393,0.397836,0.119807,0.742526;75@0.845126,0.470002,0.92928,0.791585,0.557225,0.788786,0.82855,0.541958,0.992678,0.848917;84@0.580027,0.265465,0.406647,0.137511,0.235189,0.714184,0.420526,0.755746,0.525428,0.849291,0.658735;82@0.512762;47@0.401622,0.738923,0.632856,0.745094,0.562004,0.031705,0.383122,0.834374,0.936362,0.207114,0.740156;9@0.122686,0.575221,0.456226,0.908164,0.712106,0.522035,0.697569,0.397368,0.244246,0.760833,0.608927;39@0.194424,0.661171,0.347014,0.563095,0.47872,0.283615,0.399068,0.717327,0.065006;88@0.059286,0.744686,0.730239,0.677478,0.908383,0.373415,0.726561;30@0.084909,0.623935,0.367138,0.455231,0.515535,0.929485,0.022169,0.914988,0.542508,0.84834|0|1762487393
I20251108 00:02:58.859261 139717798590272 data_text_parser.cc:116] beg_pos: 7150,end_pos: 9358
I20251108 00:02:58.859269 139717798590272 data_text_parser.cc:59] line: 550|243|1720@2729642299:0.788439;1185@4149901207:0.909727;1587@3694071337:0.92533;1048@1064754856:0.872578;1413@1500274498:0.345199;1472@3451129464:0.957826;1861@217080834:0.456869;1430@4086780496:0.45703;1384@4036641303:0.826962;1829@1896425404:0.19315;1635@3306649837:0.979164;1785@3834606189:0.377566;1712@3769720357:0.459328;1116@3366062964:0.227976;1010@1468162071:0.702942;1371@119318979:0.010381;1381@2341328139:0.494369;1736@712411037:0.403447;1206@2291249544:0.638902;1202@208401540:0.771869|67@0.13732,0.594917,0.370987,0.423239,0.156755,0.119523,0.520947,0.10769,0.978622,0.447325,0.763321;56@0.072065,0.679001,0.66705,0.944666,0.331717,0.926325,0.549668,0.094925,0.856805,0.71691,0.556396,0.867122;73@0.657622,0.095522;38@0.424878,0.92632,0.027284,0.242352,0.243403,0.835404,0.167052,0.63377,0.995828,0.842791;1@;14@0.879125,0.429161,0.006826,0.315847,0.4627,0.960566,0.308187,0.993675,0.009844;41@;32@0.046571,0.123157,0.179137,0.640647;70@0.043426,0.679771,0.733411,0.002761;43@0.734724,0.45207,0.265822,0.466314,0.153773,0.3504,0.482935,0.427474,0.876111,0.317787,0.420295;65@0.017812,0.748918,0.837951,0.328493;20@0.47013,0.751746,0.625422,0.26129;40@0.837587,0.539804,0.624573;100@0.935737;37@0.58394,0.222094,0.767929,0.669646,0.227079,0.303434,0.678002,0.479157,0.896338,0.587441,0.608103,0.983884,0.265893;27@0.161158,0.959034,0.007129,0.812678,0.641356,0.047536,0.894507;92@0.328314,0.729248,0.316904,0.132985,0.626815;10@0.386187,0.821628,0.020467,0.62877,0.880242,0.499311,0.01755,0.987256,0.734005,0.578651,0.67587,0.388153;75@0.288229,0.015092,0.667653,0.526841,0.597295,0.106615,0.732551,0.955048,0.537019,0.920791;84@0.999407,0.589616,0.556246,0.727323,0.350782,0.900279,0.16676,0.300336,0.636266,0.521655,0.753878;82@0.893014;47@0.239868,0.615431,0.031569,0.650889,0.781112,0.81868,0.041624,0.650049,0.888775,0.854541,0.592918;9@0.709236,0.82266,0.754111,0.369051,0.214635,0.774232,0.195818,0.424784,0.004036,0.223913,0.309572;39@0.018754,0.066368,0.951943,0.018223,0.266434,0.448879,0.631429,0.548286,0.069982;88@0.220885,0.763211,0.41276,0.383204,0.729032,0.571369,0.427059;30@0.746415,0.763087,0.905303,0.688823,0.721849,0.943749,0.177504,0.94064,0.148674,0.828987|0|1762487393
I20251108 00:02:58.859306 139717798590272 data_text_parser.cc:116] beg_pos: 9359,end_pos: 11580
I20251108 00:02:58.859315 139717798590272 data_text_parser.cc:59] line: 551|307|1720@4269304455:0.106381;1185@3013968117:0.809837;1587@3517472081:0.664298;1048@2807419796:0.127635;1413@780590539:0.864467;1472@1737922889:0.079134;1861@1465232022:0.878519;1430@3245595685:0.247713;1384@1337071890:0.48929;1829@2203308287:0.236536;1635@2449890449:0.928202;1785@1755870066:0.909338;1712@1287455523:0.510026;1116@2896837778:0.970498;1010@199150076:0.587886;1371@2978181921:0.013116;1381@3519411699:0.130204;1736@1021902867:0.235931;1206@427198693:0.628233;1202@2288961893:0.568525|67@0.108077,0.436611,0.21166,0.666614,0.0241,0.359494,0.482183,0.042975,0.899765,0.391021,0.010141;56@0.071463,0.632026,0.011845,0.881248,0.800348,0.070341,0.919912,0.055399,0.31637,0.957697,0.058593,0.995148;73@0.52279,0.668674;38@0.837997,0.402951,0.749997,0.500024,0.832439,0.339227,0.988421,0.203349,0.580971,0.407075;1@;14@0.861403,0.597726,0.078065,0.635626,0.835534,0.884488,0.518263,0.553023,0.536293;41@;32@0.39629,0.390831,0.081575,0.804868;70@0.827431,0.549846,0.989785,0.985158;43@0.44967,0.694358,0.513761,0.303733,0.265431,0.598906,0.880906,0.137517,0.421263,0.331942,0.858417;65@0.590092,0.701729,0.410897,0.902015;20@0.385813,0.913235,0.566816,0.375545;40@0.548298,0.71534,0.630486;100@0.241595;37@0.953635,0.078407,0.905181,0.384754,0.521099,0.974551,0.598283,0.327762,0.426888,0.924875,0.410156,0.603435,0.330552;27@0.905856,0.949016,0.490823,0.563717,0.84302,0.814868,0.224264;92@0.689219,0.588382,0.869598,0.748771,0.429387;10@0.594134,0.023415,0.115661,0.621176,0.532278,0.527562,0.004616,0.264315,0.332109,0.539323,0.512173,0.908143;75@0.677782,0.226806,0.540627,0.795641,0.737996,0.660699,0.214601,0.972242,0.295147,0.621237;84@0.289016,0.322717,0.091163,0.908333,0.544395,0.292706,0.023257,0.699425,0.908361,0.862886,0.921076;82@0.679891;47@0.711287,0.565857,0.796479,0.224932,0.192974,0.936475,0.861234,0.19183,0.858823,0.877942,0.280881;9@0.852758,0.058207,0.991389,0.964977,0.840654,0.542394,0.631656,0.442872,0.034044,0.548463,0.661453;39@0.921782,0.717938,0.798165,0.140381,0.946822,0.496764,0.85119,0.589137,0.12979;88@0.816648,0.267005,0.582492,0.784108,0.630883,0.104464,0.039957;30@0.942045,0.067456,0.129221,0.313657,0.595871,0.050658,0.496434,0.425291,0.327536,0.754852|0|1762487393
I20251108 00:02:58.859354 139717798590272 data_text_parser.cc:116] beg_pos: 11581,end_pos: 13784
I20251108 00:02:58.859362 139717798590272 data_text_parser.cc:59] line: 552|629|1720@4245158330:0.06099;1185@178576014:0.758461;1587@636116231:0.498563;1048@377777617:0.837181;1413@3267006537:0.223461;1472@755237034:0.19591;1861@1816657881:0.318998;1430@3051233192:0.190316;1384@4071211258:0.031616;1829@2309583284:0.980703;1635@215548124:0.560923;1785@2367324164:0.511571;1712@1188352631:0.246069;1116@1600939934:0.394133;1010@3142047406:0.35156;1371@2086571496:0.872947;1381@1671736451:0.8812;1736@1279883614:0.279922;1206@375311055:0.213674;1202@2341328139:0.715093|67@0.527968,0.472013,0.139968,0.231974,0.335653,0.457574,0.41127,0.14401,0.278496,0.356387,0.794985;56@0.434455,0.904249,0.027492,0.785929,0.183183,0.352561,0.176496,0.120866,0.965765,0.201918,0.474133,0.073559;73@0.04165,0.160854;38@0.04278,0.366135,0.057282,0.123086,0.999769,0.46655,0.728818,0.38831,0.923995,0.392472;1@;14@0.882648,0.049738,0.16113,0.717171,0.07023,0.305731,0.411533,0.342057,0.316087;41@;32@0.290137,0.271357,0.604651,0.228005;70@0.597912,0.348598,0.096359,0.760789;43@0.120822,0.740625,0.223357,0.406894,0.245073,0.81014,0.664557,0.684402,0.924547,0.991292,0.668236;65@0.285701,0.862061,0.970201,0.465071;20@0.517035,0.252114,0.674826,0.19415;40@0.867181,0.752632,0.092728;100@0.627016;37@0.83241,0.507204,0.892787,0.499532,0.556245,0.66925,0.649494,0.99569,0.052323,0.526034,0.623802,0.30305,0.961394;27@0.857326,0.213214,0.262082,0.095307,0.630177,0.706036,0.554825;92@0.01668,0.43563,0.427061,0.669748,0.834029;10@0.981173,0.628782,0.097652,0.209237,0.301684,0.999874,0.857912,0.406747,0.52149,0.373893,0.732378,0.793309;75@0.252228,0.415017,0.0648,0.297089,0.421213,0.718802,0.036895,0.969242,0.682591,0.839578;84@0.978111,0.236821,0.096442,0.487079,0.305833,0.155254,0.538144,0.354203,0.224188,0.334107,0.159332;82@0.594272;47@0.678431,0.983689,0.848659,0.670648,0.883103,0.689076,0.813993,0.071602,0.764008,0.990032,0.976052;9@0.997663,0.392186,0.13264,0.317822,0.721805,0.089679,0.841245,0.541922,0.772738,0.083958,0.465655;39@0.597354,0.450797,0.400206,0.600764,0.100675,0.362559,0.835901,0.717757,0.029886;88@0.062508,0.745744,0.917917,0.390411,0.504537,0.383974,0.568494;30@0.748103,0.212557,0.954438,0.47359,0.00236,0.31326,0.158778,0.996247,0.534753,0.322728|0|1762487393
I20251108 00:02:58.859392 139717798590272 data_text_parser.cc:116] beg_pos: 13785,end_pos: 15985
I20251108 00:02:58.859400 139717798590272 data_text_parser.cc:59] line: 553|611|1720@1626007647:0.464289;1185@3891754057:0.893712;1587@3339302238:0.722279;1048@2018754871:0.650109;1413@2694667268:0.148383;1472@649652481:0.857399;1861@2140105380:0.276129;1430@285078972:0.07878;1384@366281857:0.015331;1829@607013985:0.336298;1635@2817733715:0.057903;1785@2211622483:0.272455;1712@1438000378:0.192683;1116@3906915516:0.051541;1010@1267184656:0.522021;1371@3025581693:0.64635;1381@147029566:0.658737;1736@110292140:0.120956;1206@2388588597:0.256937;1202@1941012449:0.09983|67@0.838744,0.460583,0.145131,0.869576,0.902247,0.035378,0.442267,0.820552,0.579923,0.935791,0.860506;56@0.502177,0.576353,0.840947,0.270622,0.149371,0.722078,0.911914,0.292253,0.08986,0.935697,0.246115,0.893033;73@0.112398,0.260594;38@0.78779,0.210555,0.949813,0.462678,0.974774,0.875051,0.409813,0.09451,0.659822,0.54055;1@;14@0.535338,0.169401,0.949122,0.675863,0.821281,0.132873,0.561178,0.182185,0.651592;41@;32@0.035599,0.93367,0.083075,0.997255;70@0.8094,0.764016,0.690912,0.153001;43@0.407029,0.708004,0.721047,0.078212,0.741403,0.565304,0.916025,0.010341,0.008446,0.568655,0.01574;65@0.073669,0.228801,0.856745,0.622211;20@0.901083,0.576578,0.200842,0.74863;40@0.610128,0.57089,0.851726;100@0.597826;37@0.299578,0.609283,0.99285,0.526673,0.746533,0.318646,0.374038,0.890172,0.546768,0.470987,0.8332,0.237489,0.282126;27@0.751603,0.148184,0.289726,0.357539,0.389164,0.64904,0.287699;92@0.7082,0.947161,0.960381,0.624674,0.30031;10@0.51019,0.618469,0.555032,0.629709,0.476847,0.835614,0.222919,0.124684,0.583943,0.99808,0.126194,0.841735;75@0.735692,0.639287,0.614907,0.549288,0.01731,0.327807,0.277938,0.415523,0.615893,0.542621;84@0.098908,0.261412,0.837582,0.605693,0.52485,0.756125,0.658018,0.82952,0.349926,0.009434,0.623928;82@0.338749;47@0.43044,0.968864,0.477598,0.484354,0.851367,0.970769,0.89087,0.749848,0.153046,0.061128,0.819956;9@0.789354,0.644205,0.112274,0.198592,0.06103,0.390448,0.238479,0.822525,0.029776,0.867954,0.591936;39@0.913983,0.647442,0.123575,0.203304,0.185903,0.663174,0.535354,0.948091,0.350731;88@0.918909,0.581732,0.167396,0.32018,0.594467,0.994463,0.413446;30@0.694571,0.944213,0.001408,0.642187,0.10014,0.487065,0.114954,0.380656,0.245928,0.15957|0|1762487393
I20251108 00:02:58.859440 139717798590272 data_text_parser.cc:116] beg_pos: 15986,end_pos: 18191
I20251108 00:02:58.859448 139717798590272 data_text_parser.cc:59] line: 554|270|1720@1517831405:0.574496;1185@3708184972:0.494958;1587@2161357426:0.5172;1048@3942920167:0.369953;1413@255182098:0.740951;1472@2951183995:0.79645;1861@2005551100:0.878569;1430@922125858:0.007573;1384@1082165738:0.211878;1829@1115518970:0.546689;1635@1287683160:0.581336;1785@3464091070:0.845931;1712@2092910631:0.278884;1116@1661716736:0.255546;1010@455813843:0.818786;1371@2471273157:0.065093;1381@1063300671:0.101064;1736@47965275:0.022063;1206@179357590:0.034766;1202@1517831405:0.59463|67@0.032938,0.940066,0.762507,0.334496,0.471998,0.53909,0.236169,0.841823,0.377994,0.294599,0.303745;56@0.147988,0.412834,0.246901,0.000135,0.544452,0.935806,0.10363,0.493871,0.700459,0.577537,0.385646,0.99764;73@0.784021,0.184633;38@0.269672,0.785758,0.591462,0.303032,0.017195,0.259581,0.242604,0.207624,0.099026,0.925422;1@;14@0.58879,0.114222,0.525048,0.993759,0.173042,0.351115,0.467827,0.004729,0.306086;41@;32@0.327369,0.931973,0.349434,0.64993;70@0.665838,0.396642,0.448767,0.324574;43@0.686967,0.626297,0.245808,0.515359,0.925435,0.83785,0.554796,0.604907,0.575253,0.085948,0.352515;65@0.388632,0.882698,0.523433,0.751979;20@0.618492,0.37884,0.40383,0.050198;40@0.965436,0.382047,0.41685;100@0.968311;37@0.95242,0.702443,0.636131,0.040219,0.562611,0.118168,0.107072,0.408744,0.115737,0.041847,0.652064,0.933119,0.888613;27@0.77067,0.737078,0.533506,0.108737,0.519985,0.080817,0.520508;92@0.813926,0.109402,0.3942,0.920832,0.593917;10@0.585776,0.472613,0.972803,0.158986,0.936283,0.470823,0.952735,0.143959,0.891111,0.092855,0.441075,0.425306;75@0.567212,0.323232,0.440128,0.311721,0.424597,0.586938,0.446854,0.362425,0.635742,0.807664;84@0.903193,0.056968,0.386724,0.738554,0.805382,0.054254,0.825005,0.405,0.298035,0.035745,0.911939;82@0.049405;47@0.36771,0.544291,0.766731,0.687035,0.78407,0.865198,0.417681,0.980849,0.62944,0.694058,0.843137;9@0.994346,0.179603,0.996748,0.192887,0.192547,0.405122,0.15276,0.338247,0.064058,0.603425,0.378525;39@0.699276,0.77154,0.942642,0.627486,0.267445,0.477869,0.563954,0.013429,0.201255;88@0.441995,0.465495,0.299183,0.437626,0.286017,0.602269,0.034925;30@0.199827,0.621841,0.929419,0.226993,0.32266,0.790533,0.508112,0.806938,0.406358,0.418464|1|1762487393
I20251108 00:02:58.859482 139717798590272 data_text_parser.cc:116] beg_pos: 18192,end_pos: 20394
I20251108 00:02:58.859491 139717798590272 data_text_parser.cc:59] line: 555|92|1720@1619862815:0.049995;1185@3354529003:0.71366;1587@1892189920:0.600469;1048@3641016348:0.574166;1413@310075636:0.522565;1472@876608513:0.389315;1861@2711258580:0.054312;1430@1017265572:0.44436;1384@3863580785:0.758889;1829@671754101:0.631682;1635@1431881133:0.829648;1785@4193561329:0.753224;1712@1847523107:0.796974;1116@621658839:0.946375;1010@1755870066:0.817096;1371@799369272:0.643198;1381@1377934992:0.234381;1736@1823721054:0.44944;1206@1205362577:0.384335;1202@506319359:0.917661|67@0.271635,0.414481,0.552238,0.463356,0.325555,0.597343,0.824912,0.7602,0.606141,0.05021,0.401475;56@0.81632,0.52543,0.578545,0.231036,0.821493,0.759542,0.535501,0.758947,0.704551,0.313512,0.786293,0.766338;73@0.585898,0.58871;38@0.777812,0.771825,0.267894,0.870111,0.762632,0.127985,0.600003,0.373395,0.947958,0.592263;1@;14@0.947663,0.190603,0.044792,0.423067,0.07852,0.927197,0.7346,0.236267,0.337016;41@;32@0.614793,0.077844,0.642847,0.391999;70@0.321738,0.806523,0.349935,0.947016;43@0.414518,0.166649,0.333136,0.090462,0.4921,0.492657,0.776772,0.822133,0.652677,0.685736,0.830216;65@0.430768,0.615133,0.11092,0.881584;20@0.487238,0.723652,0.432099,0.864515;40@0.663355,0.501931,0.430632;100@0.806394;37@0.887446,0.108845,0.811421,0.546365,0.030236,0.146313,0.285252,0.485708,0.867109,0.431262,0.77153,0.827392,0.554394;27@0.700246,0.975726,0.316522,0.134157,0.970058,0.323432,0.966367;92@0.363061,0.804862,0.848012,0.966451,0.211364;10@0.509867,0.012254,0.386718,0.140191,0.391893,0.590844,0.325038,0.811742,0.152328,0.005306,0.670597,0.180958;75@0.627946,0.526339,0.539085,0.393643,0.902806,0.345566,0.292942,0.988401,0.238701,0.244046;84@0.230236,0.208209,0.033832,0.211059,0.908679,0.833589,0.869286,0.10968,0.601036,0.390639,0.379178;82@0.035429;47@0.567713,0.016008,0.448966,0.22598,0.266172,0.395375,0.8363,0.518902,0.870725,0.696496,0.258834;9@0.256781,0.891045,0.038353,0.225533,0.744196,0.681378,0.685583,0.345675,0.505897,0.218118,0.308893;39@0.926346,0.634376,0.65455,0.130029,0.590661,0.890442,0.649765,0.398617,0.328706;88@0.758613,0.42093,0.594454,0.24883,0.56253,0.3696,0.193721;30@0.95798,0.666213,0.853115,0.675617,0.997853,0.353365,0.614352,0.620409,0.939613,0.87971|0|1762487393
I20251108 00:02:58.859512 139717798590272 data_text_parser.cc:116] beg_pos: 20395,end_pos: 20480
I20251108 00:02:58.859756 139717798590272 data_text_parser.cc:101] get chunk buffer, size: 20480
I20251108 00:02:58.859783 139717798590272 data_text_parser.cc:116] beg_pos: 0,end_pos: 2120
I20251108 00:02:58.859791 139717798590272 data_text_parser.cc:61] buffer line: 556|396|1720@1960306768:0.427483;1185@676357830:0.675373;1587@2228777606:0.023135;1048@184417689:0.62674;1413@2452018027:0.138805;1472@3630936989:0.958547;1861@1255203584:0.1125;1430@1750089866:0.111075;1384@800152645:0.625195;1829@327572718:0.847711;1635@2247300381:0.649487;1785@2729754802:0.718803;1712@2630933571:0.916538;1116@2470317925:0.174985;1010@1747681250:0.13705;1371@4161810612:0.024121;1381@568314421:0.326394;1736@145657224:0.454697;1206@2565846207:0.290843;1202@531215680:0.459703|67@0.861932,0.96587,0.390984,0.793719,0.20573,0.859424,0.157873,0.054918,0.698956,0.800849,0.323987;56@0.07421,0.221306,0.699983,0.878313,0.773979,0.324472,0.418945,0.296474,0.234883,0.004816,0.709353,0.712921;73@0.762983,0.4964;38@0.081888,0.653492,0.2358,0.861536,0.304848,0.088027,0.864474,0.842686,0.310474,0.762261;1@;14@0.860239,0.137904,0.545655,0.196075,0.988317,0.155565,0.061941,0.376083,0.416188;41@;32@0.35677,0.274415,0.355791,0.164582;70@0.015932,0.710337,0.844895,0.388162;43@0.784974,0.855447,0.311427,0.209718,0.31339,0.744198,0.823722,0.417188,0.589274,0.452791,0.505293;65@0.217732,0.255365,0.486495,0.574584;20@0.592377,0.019581,0.099105,0.582159;40@0.533005,0.515862,0.187172;100@0.7727;37@0.906283,0.626099,0.343476,0.996144,0.387848,0.694087,0.027055,0.683243,0.881705,0.512046,0.715242,0.79535,0.418747;27@0.692734,0.75211,0.547653,0.753106,0.334106,0.64974,0.352315;92@0.087823,0.723444,0.743885,0.941185,0.541081;10@0.860726,0.822954,0.964123,0.541769,0.140118,0.378371,0.803864,0.295287,0.87627,0.827511,0.031208,0.432874;75@0.63565,0.408463,0.517604,0.61035,0.129902,0.208315,0.760039,0.722401,0.13347,0.156718;84@0.618212,0.515167,0.24864,0.34404,0.887477,0.837985,0.502136,0.864617,0.202069,0.011454,0.371326;82@0.464798;47@0.467757,0.953099,0.060997,0.504551,0.238172,0.529706,0.722208,0.363218,0.118774,0.280426,0.909967;9@0.554805,0.938809,0.697281,0.082334,0.797869,0.263061,0.999745,0.721556,0.591945,0.435597,0.023913;39@0.512189,0.939431,0.896966,0.771579,0.412795,0.778315,0.516062,0.47179,0.861478;88@0.262839,0.428146,0.431311,0.127151,0.345781,0.085944,0.114292;30@0.097056,0.408277,0.089396,0.783067,0.705507,0.269958,0.990717,0.557416,0.766249,0.561613|1|1762487393
I20251108 00:02:58.859832 139717798590272 data_text_parser.cc:116] beg_pos: 2121,end_pos: 4332
I20251108 00:02:58.859841 139717798590272 data_text_parser.cc:59] line: 557|810|1720@3063356002:0.988298;1185@2025923178:0.5461;1587@874430580:0.820421;1048@2410347236:0.378844;1413@4211314562:0.345325;1472@2414479467:0.005288;1861@189970598:0.301276;1430@2604370218:0.818471;1384@1865548283:0.755392;1829@71612063:0.91443;1635@366416304:0.775794;1785@1980704328:0.665628;1712@1585803777:0.785982;1116@1096613754:0.310276;1010@3211309403:0.335586;1371@3780330297:0.083369;1381@1051005009:0.175198;1736@3538123947:0.156774;1206@1349862578:0.737435;1202@1156322652:0.43366|67@0.922912,0.565828,0.521171,0.191752,0.614986,0.739947,0.372464,0.672429,0.722477,0.900397,0.847184;56@0.188853,0.5671,0.589383,0.131668,0.954896,0.400508,0.353533,0.855516,0.273631,0.432536,0.087465,0.705373;73@0.827915,0.766173;38@0.337857,0.674521,0.750576,0.851763,0.059447,0.835021,0.019768,0.576326,0.442698,0.451215;1@;14@0.251129,0.157691,0.057655,0.016934,0.522362,0.84621,0.213058,0.703264,0.589743;41@;32@0.04223,0.869887,0.108499,0.094926;70@0.329912,0.481981,0.117815,0.88481;43@0.386522,0.506979,0.674961,0.611765,0.523515,0.881151,0.56948,0.602263,0.565234,0.493115,0.43887;65@0.397253,0.738945,0.87473,0.229057;20@0.956666,0.33196,0.473662,0.317101;40@0.348926,0.532276,0.25364;100@0.564719;37@0.382646,0.879594,0.465085,0.259359,0.24729,0.507742,0.609313,0.213913,0.891192,0.031506,0.834012,0.746428,0.89658;27@0.894804,0.800897,0.222906,0.679194,0.603523,0.676148,0.497502;92@0.050054,0.996007,0.380409,0.774652,0.053505;10@0.453933,0.357041,0.891274,0.415202,0.85721,0.402615,0.080316,0.102217,0.197737,0.423736,0.618274,0.398256;75@0.262344,0.847806,0.895361,0.17194,0.957461,0.40064,0.357634,0.587319,0.963675,0.845331;84@0.398322,0.636625,0.85768,0.596091,0.725021,0.247905,0.586214,0.712661,0.677806,0.880536,0.563198;82@0.165643;47@0.670234,0.625311,0.434881,0.147866,0.768831,0.933354,0.227279,0.160213,0.963498,0.004042,0.634654;9@0.100474,0.182044,0.575316,0.306193,0.984316,0.043893,0.70655,0.491773,0.045101,0.937043,0.584736;39@0.152652,0.959335,0.778492,0.844592,0.148633,0.721932,0.557028,0.507088,0.806576;88@0.207224,0.307355,0.710445,0.626461,0.389634,0.869032,0.697961;30@0.810021,0.455768,0.728652,0.673468,0.268515,0.397784,0.154326,0.019185,0.471758,0.320826|1|1762487393
I20251108 00:02:58.859870 139717798590272 data_text_parser.cc:116] beg_pos: 4333,end_pos: 6544
I20251108 00:02:58.859878 139717798590272 data_text_parser.cc:59] line: 558|593|1720@2260189681:0.103237;1185@911976550:0.955478;1587@3141901629:0.961262;1048@1761655651:0.474477;1413@3642373754:0.830477;1472@1528376463:0.360125;1861@1940042837:0.784323;1430@844007896:0.317702;1384@573877793:0.146831;1829@1853774765:0.108952;1635@2723198754:0.471799;1785@1810948867:0.096951;1712@2495077052:0.326007;1116@2602509000:0.174219;1010@684016546:0.988896;1371@2631060031:0.662321;1381@3739241045:0.562591;1736@1902390599:0.234167;1206@1840169763:0.918325;1202@317696016:0.123971|67@0.556414,0.71373,0.233448,0.09652,0.774975,0.099392,0.673416,0.688443,0.506797,0.260821,0.088106;56@0.173522,0.785665,0.786702,0.578177,0.898763,0.112809,0.75798,0.482071,0.667305,0.440341,0.449152,0.81313;73@0.799505,0.108382;38@0.107918,0.788336,0.337631,0.240537,0.900374,0.396013,0.59862,0.003211,0.478664,0.445767;1@;14@0.571777,0.082097,0.680706,0.698135,0.09953,0.576529,0.964931,0.967904,0.120569;41@;32@0.588872,0.129586,0.207688,0.359726;70@0.703484,0.867495,0.873607,0.965836;43@0.128471,0.594324,0.830195,0.365266,0.113168,0.866697,0.562885,0.743657,0.739491,0.309899,0.615943;65@0.549031,0.917916,0.806512,0.642173;20@0.191509,0.666839,0.200273,0.652678;40@0.008073,0.77808,0.997407;100@0.331176;37@0.7349,0.72297,0.40964,0.587893,0.52274,0.505725,0.942426,0.703827,0.274028,0.668415,0.881853,0.994466,0.112295;27@0.496159,0.59094,0.583256,0.589562,0.587068,0.732771,0.010241;92@0.568351,0.354936,0.628602,0.623688,0.577371;10@0.284995,0.629066,0.328648,0.326898,0.905702,0.825251,0.361955,0.804347,0.572686,0.750532,0.936065,0.466388;75@0.024911,0.964076,0.461605,0.08087,0.452851,0.490189,0.413384,0.510374,0.799122,0.109029;84@0.013979,0.000929,0.837936,0.951419,0.638899,0.261082,0.009731,0.09197,0.34764,0.326199,0.647808;82@0.12787;47@0.651145,0.068371,0.555966,0.84729,0.782149,0.131099,0.405304,0.207023,0.246042,0.951986,0.305735;9@0.880246,0.290204,0.137991,0.249252,0.043529,0.478719,0.765486,0.480453,0.95819,0.933022,0.128123;39@0.958094,0.725106,0.243391,0.929455,0.178743,0.504112,0.947207,0.531654,0.025481;88@0.749318,0.148987,0.703994,0.84443,0.466554,0.825098,0.75672;30@0.642177,0.734293,0.121745,0.677479,0.522323,0.200337,0.420446,0.650847,0.434088,0.772476|0|1762487393
I20251108 00:02:58.859917 139717798590272 data_text_parser.cc:116] beg_pos: 6545,end_pos: 8761
I20251108 00:02:58.859925 139717798590272 data_text_parser.cc:59] line: 559|729|1720@4012064098:0.78574;1185@1976830753:0.735232;1587@320868358:0.118403;1048@617387153:0.463107;1413@1874471328:0.394077;1472@3157905244:0.890186;1861@45436087:0.875843;1430@1028402490:0.56996;1384@2782598802:0.638108;1829@3045786381:0.368104;1635@827133060:0.058108;1785@2054088111:0.368997;1712@1019030789:0.741479;1116@1681288339:0.442757;1010@3415635592:0.317182;1371@2378555884:0.248457;1381@3932158870:0.823308;1736@2119812958:0.452291;1206@3992469676:0.136477;1202@2487586201:0.46211|67@0.670567,0.831962,0.672608,0.215014,0.54522,0.113571,0.312827,0.930686,0.75346,0.950742,0.334284;56@0.505947,0.629887,0.313881,0.083817,0.930104,0.083834,0.495215,0.306429,0.303186,0.831295,0.013919,0.453953;73@0.238305,0.796396;38@0.673878,0.462069,0.139553,0.88175,0.397933,0.835445,0.642028,0.821317,0.962627,0.066311;1@;14@0.164749,0.842406,0.581617,0.546652,0.347904,0.777036,0.737755,0.537677,0.508653;41@;32@0.861151,0.73136,0.617592,0.426168;70@0.005572,0.187814,0.611818,0.765526;43@0.824194,0.332979,0.078251,0.659138,0.313562,0.229382,0.75279,0.631597,0.295478,0.408531,0.940092;65@0.711852,0.989791,0.724233,0.965061;20@0.141105,0.534759,0.826666,0.452755;40@0.496521,0.638946,0.123864;100@0.716914;37@0.101157,0.421099,0.093522,0.320714,0.488064,0.792354,0.620925,0.382487,0.743278,0.439384,0.724509,0.539762,0.346942;27@0.378086,0.255989,0.889426,0.856495,0.627603,0.785523,0.823811;92@0.287501,0.133935,0.745856,0.824997,0.995098;10@0.823874,0.558107,0.083034,0.295466,0.411737,0.348986,0.817678,0.565686,0.556851,0.55892,0.433837,0.495433;75@0.818675,0.40416,0.847488,0.974931,0.519699,0.997422,0.631369,0.333188,0.370143,0.094202;84@0.669064,0.206336,0.789845,0.228112,0.196246,0.772128,0.189132,0.755838,0.602987,0.78304,0.468165;82@0.290314;47@0.800735,0.315168,0.029081,0.274045,0.017483,0.978911,0.109489,0.90643,0.28162,0.487081,0.501516;9@0.067077,0.074648,0.916254,0.955395,0.23925,0.119371,0.678957,0.115711,0.376769,0.128732,0.152483;39@0.690697,0.961082,0.526402,0.756681,0.668422,0.114104,0.370558,0.561597,0.749403;88@0.230254,0.059471,0.765951,0.599547,0.006139,0.441231,0.874094;30@0.539604,0.995511,0.89323,0.757833,0.456235,0.834302,0.11028,0.229137,0.187209,0.252476|0|1762487393
I20251108 00:02:58.859959 139717798590272 data_text_parser.cc:116] beg_pos: 8762,end_pos: 10970
I20251108 00:02:58.859968 139717798590272 data_text_parser.cc:59] line: 560|476|1720@78713242:0.66559;1185@2309609678:0.975825;1587@2346223478:0.006648;1048@4194379348:0.11831;1413@2267228939:0.42335;1472@60305121:0.983764;1861@2202004835:0.935276;1430@486210211:0.232784;1384@1346321636:0.483956;1829@2447801855:0.446696;1635@868380252:0.632142;1785@1558589559:0.526725;1712@1316712292:0.930199;1116@3254115402:0.998022;1010@798329074:0.308391;1371@1640482660:0.722253;1381@2694667268:0.60515;1736@1503176793:0.350316;1206@2001137968:0.990294;1202@1017118528:0.400296|67@0.121485,0.67418,0.252091,0.156384,0.063725,0.649748,0.735651,0.172889,0.040052,0.179094,0.894332;56@0.815516,0.240863,0.766994,0.677502,0.379888,0.766331,0.83502,0.517725,0.657208,0.974081,0.510241,0.541115;73@0.090747,0.691635;38@0.146468,0.00656,0.235558,0.598529,0.356401,0.323424,0.338573,0.029479,0.856251,0.463299;1@;14@0.572175,0.890829,0.336511,0.398941,0.756059,0.688879,0.536017,0.501134,0.113869;41@;32@0.479647,0.11612,0.562933,0.262526;70@0.237985,0.507448,0.880677,0.91642;43@0.069611,0.22938,0.787139,0.486128,0.780201,0.678621,0.802169,0.969455,0.806889,0.907129,0.203573;65@0.724567,0.438983,0.42312,0.671368;20@0.435898,0.422702,0.697545,0.178185;40@0.107161,0.2937,0.453472;100@0.40246;37@0.840853,0.071339,0.708822,0.469308,0.25955,0.609389,0.432077,0.260309,0.155945,0.951636,0.208393,0.316296,0.016314;27@0.054011,0.541748,0.847037,0.868674,0.247243,0.72433,0.809469;92@0.933416,0.95019,0.924781,0.482348,0.924556;10@0.410931,0.420314,0.088836,0.444588,0.893618,0.804241,0.407729,0.668087,0.283724,0.876436,0.646246,0.322431;75@0.183322,0.228909,0.131686,0.411819,0.93983,0.619308,0.387452,0.822809,0.920191,0.496499;84@0.09217,0.886205,0.545836,0.207995,0.738582,0.793299,0.830982,0.887059,0.894673,0.729457,0.723659;82@0.435455;47@0.598385,0.042131,0.462747,0.846396,0.365928,0.533531,0.987946,0.065462,0.821395,0.663769,0.538861;9@0.212434,0.92504,0.000473,0.965585,0.525587,0.88577,0.706585,0.345926,0.347634,0.960357,0.883457;39@0.058777,0.601242,0.973877,0.266463,0.373603,0.498182,0.698455,0.498699,0.807603;88@0.823338,0.461404,0.671623,0.129445,0.486191,0.653283,0.562941;30@0.638489,0.839862,0.044537,0.082085,0.076881,0.090179,0.305893,0.085148,0.04846,0.340877|1|1762487393
I20251108 00:02:58.860004 139717798590272 data_text_parser.cc:116] beg_pos: 10971,end_pos: 13190
I20251108 00:02:58.860015 139717798590272 data_text_parser.cc:59] line: 561|199|1720@1279883614:0.052378;1185@2554464226:0.013309;1587@3243139072:0.956979;1048@1720524405:0.362769;1413@1042265997:0.919169;1472@1661716736:0.993073;1861@3354366225:0.684844;1430@3815376179:0.169531;1384@2654123599:0.274074;1829@1109255531:0.864405;1635@2827013463:0.854316;1785@1145046197:0.314711;1712@1169552859:0.254839;1116@4091378266:0.441116;1010@2684947997:0.365018;1371@2526158059:0.917716;1381@2574855530:0.710952;1736@3674814385:0.477552;1206@3449665856:0.862207;1202@1450270850:0.453734|67@0.672881,0.528602,0.203831,0.12103,0.274024,0.72089,0.641632,0.610843,0.125652,0.461232,0.758579;56@0.060694,0.712066,0.991852,0.493356,0.141069,0.4359,0.448658,0.121152,0.02242,0.780799,0.996823,0.991433;73@0.177962,0.969076;38@0.424336,0.293581,0.622711,0.305166,0.902833,0.489633,0.582746,0.712319,0.125269,0.632063;1@;14@0.985541,0.052824,0.024901,0.464603,0.741276,0.834222,0.872248,0.140388,0.175486;41@;32@0.853996,0.37796,0.263917,0.519143;70@0.436873,0.925419,0.311702,0.521515;43@0.954009,0.50061,0.325246,0.002772,0.911996,0.980941,0.938289,0.102659,0.993507,0.703414,0.421467;65@0.153969,0.232139,0.500862,0.460041;20@0.768578,0.838858,0.389042,0.771274;40@0.668688,0.320358,0.657994;100@0.785996;37@0.74442,0.416002,0.067069,0.025818,0.578523,0.239672,0.463198,0.120905,0.87459,0.586076,0.265108,0.168931,0.531935;27@0.918565,0.762382,0.851357,0.023592,0.751759,0.943926,0.633907;92@0.34757,0.905033,0.476076,0.374315,0.509199;10@0.573042,0.970429,0.174895,0.425123,0.639637,0.285238,0.323272,0.586986,0.70049,0.586876,0.829828,0.045549;75@0.906865,0.819681,0.805494,0.268358,0.229239,0.634274,0.588726,0.465108,0.804264,0.861958;84@0.076242,0.384052,0.181676,0.576626,0.671832,0.254893,0.987862,0.027487,0.910995,0.411939,0.822099;82@0.836997;47@0.336862,0.497583,0.916539,0.825756,0.553031,0.436446,0.864622,0.267887,0.575859,0.968977,0.664449;9@0.496177,0.420128,0.63392,0.18264,0.130626,0.705553,0.920909,0.484191,0.700879,0.043549,0.497714;39@0.89858,0.962297,0.614371,0.813825,0.155214,0.18176,0.941852,0.98557,0.564108;88@0.769166,0.320002,0.671111,0.155249,0.167378,0.166459,0.735886;30@0.465676,0.285977,0.114601,0.061493,0.098866,0.467112,0.42569,0.480012,0.60594,0.512671|0|1762487393
I20251108 00:02:58.860063 139717798590272 data_text_parser.cc:116] beg_pos: 13191,end_pos: 15405
I20251108 00:02:58.860080 139717798590272 data_text_parser.cc:59] line: 562|929|1720@3604266825:0.127325;1185@1164900494:0.310831;1587@3102673235:0.355915;1048@2875459422:0.700093;1413@1553611611:0.948679;1472@4208346167:0.715408;1861@2531542397:0.221434;1430@3118692971:0.393747;1384@3189299700:0.214846;1829@1525117958:0.185047;1635@4248321259:0.716702;1785@1987928140:0.484893;1712@1306667470:0.276074;1116@121727037:0.026939;1010@223622850:0.559279;1371@3968333030:0.671834;1381@1021500811:0.469299;1736@3174589317:0.752732;1206@870261026:0.055571;1202@1603549333:0.820246|67@0.788217,0.552208,0.435589,0.334438,0.949549,0.107331,0.024768,0.10418,0.328067,0.501121,0.955987;56@0.556434,0.888507,0.459251,0.257146,0.982301,0.958595,0.606134,0.122034,0.411195,0.10276,0.709279,0.166837;73@0.060989,0.718905;38@0.728568,0.214335,0.724345,0.886925,0.992242,0.293012,0.437231,0.753779,0.563059,0.55351;1@;14@0.001184,0.216437,0.05204,0.096572,0.379284,0.115701,0.124468,0.782967,0.967234;41@;32@0.460953,0.830322,0.449918,0.784857;70@0.336109,0.64306,0.076354,0.136415;43@0.203511,0.129645,0.632946,0.295677,0.058524,0.326606,0.519003,0.004288,0.999805,0.402191,0.234401;65@0.411934,0.344047,0.670533,0.099218;20@0.652878,0.805838,0.284162,0.400555;40@0.236571,0.597307,0.713242;100@0.895349;37@0.702325,0.840633,0.269983,0.48986,0.361703,0.670598,0.759618,0.775963,0.837051,0.957265,0.876891,0.689775,0.464367;27@0.019019,0.343237,0.748436,0.790343,0.75535,0.215116,0.062278;92@0.077619,0.040941,0.61123,0.382296,0.851648;10@0.837903,0.060542,0.120728,0.124878,0.224244,0.445014,0.283079,0.192834,0.155268,0.728418,0.402916,0.289372;75@0.728951,0.617867,0.650924,0.461114,0.60478,0.163118,0.440326,0.644126,0.669966,0.137429;84@0.944083,0.253564,0.858243,0.030846,0.70746,0.461452,0.44367,0.744464,0.350794,0.852939,0.527026;82@0.101674;47@0.816694,0.877526,0.412645,0.901563,0.591793,0.193612,0.527369,0.597439,0.757085,0.93453,0.07204;9@0.590368,0.665361,0.468933,0.252165,0.624072,0.252467,0.204013,0.695545,0.019313,0.604655,0.527288;39@0.258649,0.23771,0.178548,0.180039,0.322146,0.84796,0.997129,0.488527,0.8392;88@0.457621,0.098911,0.886547,0.646791,0.224399,0.814334,0.477886;30@0.674556,0.7337,0.719518,0.688413,0.075377,0.188918,0.28412,0.148064,0.587963,0.504174|1|1762487393
I20251108 00:02:58.860120 139717798590272 data_text_parser.cc:116] beg_pos: 15406,end_pos: 17608
I20251108 00:02:58.860132 139717798590272 data_text_parser.cc:59] line: 563|971|1720@1741429220:0.733376;1185@1221088205:0.412818;1587@1040124462:0.697095;1048@1055766592:0.154109;1413@1880634992:0.537954;1472@782412493:0.509657;1861@469439772:0.169078;1430@290220632:0.301676;1384@2825227259:0.678644;1829@1756375630:0.045222;1635@3800786027:0.110674;1785@926344630:0.44514;1712@1131292726:0.437118;1116@1520845141:0.063546;1010@3452647197:0.14391;1371@1904255997:0.779497;1381@4062491090:0.438265;1736@3024404212:0.343802;1206@642783926:0.72933;1202@1060076012:0.099411|67@0.147202,0.179425,0.64866,0.209667,0.551704,0.722687,0.627354,0.14943,0.11592,0.325643,0.860574;56@0.64226,0.726356,0.859731,0.891841,0.448178,0.548508,0.152798,0.255013,0.391793,0.130833,0.697841,0.285115;73@0.199499,0.543745;38@0.62818,0.926047,0.776755,0.241953,0.530304,0.784856,0.414342,0.778296,0.179264,0.319079;1@;14@0.337839,0.93214,0.444771,0.724361,0.954932,0.473709,0.277161,0.210813,0.806852;41@;32@0.313907,0.677864,0.437804,0.185017;70@0.945579,0.88931,0.752351,0.702231;43@0.088582,0.7854,0.402759,0.860952,0.250162,0.914548,0.170555,0.775117,0.637899,0.520315,0.333875;65@0.691382,0.665827,0.596006,0.668048;20@0.840551,0.701595,0.865377,0.61966;40@0.283621,0.824962,0.232727;100@0.291987;37@0.879304,0.480247,0.997081,0.841893,0.324232,0.673757,0.875451,0.366162,0.732687,0.081543,0.292574,0.045449,0.585269;27@0.884688,0.960703,0.818973,0.999524,0.839005,0.961157,0.48757;92@0.625246,0.020573,0.135295,0.375065,0.939558;10@0.59748,0.557808,0.654076,0.639489,0.271217,0.637612,0.952851,0.066117,0.688587,0.897816,0.94853,0.52213;75@0.861062,0.142466,0.246354,0.165297,0.038085,0.344527,0.998171,0.335531,0.280719,0.77744;84@0.03181,0.089813,0.764607,0.582325,0.98453,0.569444,0.734326,0.78157,0.67149,0.563493,0.205053;82@0.960978;47@0.386071,0.553305,0.221565,0.06853,0.285293,0.96043,0.244205,0.787803,0.016808,0.114233,0.516542;9@0.886098,0.921078,0.071694,0.42166,0.808584,0.126926,0.502356,0.726171,0.518626,0.619475,0.14675;39@0.163926,0.674957,0.866261,0.659669,0.518193,0.50899,0.086062,0.004366,0.69608;88@0.639003,0.448067,0.133803,0.393163,0.284405,0.789166,0.303329;30@0.773374,0.50554,0.782536,0.284262,0.031235,0.139157,0.921807,0.990988,0.953169,0.37772|0|1762487393
I20251108 00:02:58.860175 139717798590272 data_text_parser.cc:116] beg_pos: 17609,end_pos: 19815
I20251108 00:02:58.860187 139717798590272 data_text_parser.cc:59] line: 564|12|1720@1912913292:0.611682;1185@2826231689:0.561112;1587@2153261123:0.545664;1048@3187298619:0.651995;1413@3413377064:0.643628;1472@555992638:0.881942;1861@2840920732:0.222401;1430@999771323:0.420254;1384@19188069:0.3738;1829@642551147:0.323418;1635@2074664359:0.162278;1785@565207778:0.414087;1712@1600939934:0.272319;1116@3243139072:0.952536;1010@4001279831:0.12645;1371@56896310:0.68457;1381@3529875848:0.259794;1736@2190975809:0.522975;1206@1258478712:0.867344;1202@3276922026:0.07461|67@0.44587,0.035622,0.218638,0.933643,0.923273,0.999837,0.440841,0.509671,0.717906,0.194901,0.960313;56@0.385401,0.068572,0.259068,0.573727,0.592488,0.041136,0.165144,0.982696,0.62363,0.029893,0.604837,0.286077;73@0.207579,0.582771;38@0.799913,0.763185,0.840042,0.366116,0.432164,0.018499,0.29247,0.164255,0.710911,0.965907;1@;14@0.970824,0.109653,0.396129,0.326227,0.143195,0.197427,0.030874,0.483049,0.700046;41@;32@0.336281,0.047305,0.423351,0.359719;70@0.071373,0.825209,0.129366,0.859198;43@0.156839,0.145484,0.136002,0.486325,0.962802,0.456276,0.926625,0.335398,0.960728,0.588068,0.209185;65@0.571536,0.735615,0.411188,0.334438;20@0.141128,0.3844,0.408715,0.724762;40@0.861362,0.926758,0.459918;100@0.547933;37@0.805324,0.917952,0.591275,0.736003,0.154685,0.170062,0.356088,0.572844,0.447103,0.461347,0.777258,0.341823,0.363339;27@0.832591,0.213485,0.457635,0.973819,0.47439,0.607262,0.281125;92@0.526626,0.015682,0.711588,0.641039,0.136684;10@0.069888,0.867415,0.610862,0.8727,0.602587,0.556117,0.840853,0.089299,0.710783,0.419218,0.463303,0.064527;75@0.884577,0.782562,0.512205,0.804964,0.737672,0.795567,0.927959,0.791094,0.622018,0.405143;84@0.40374,0.529801,0.660712,0.056001,0.389251,0.805827,0.724036,0.628984,0.594985,0.39207,0.83549;82@0.834319;47@0.115307,0.481756,0.656601,0.096031,0.593228,0.018162,0.37121,0.326965,0.656605,0.713237,0.2279;9@0.588087,0.525982,0.223395,0.08691,0.975651,0.186586,0.623267,0.652779,0.146296,0.999499,0.028445;39@0.323828,0.956468,0.077019,0.999052,0.185396,0.810616,0.325519,0.844436,0.288009;88@0.442664,0.28053,0.093178,0.641927,0.140496,0.909634,0.266428;30@0.123835,0.690442,0.895004,0.472009,0.882255,0.263011,0.10648,0.722722,0.499817,0.266362|0|1762487393
I20251108 00:02:58.860208 139717798590272 data_text_parser.cc:116] beg_pos: 19816,end_pos: 20480
I20251108 00:02:58.860467 139717798590272 data_text_parser.cc:101] get chunk buffer, size: 20480
I20251108 00:02:58.860494 139717798590272 data_text_parser.cc:116] beg_pos: 0,end_pos: 1545
I20251108 00:02:58.860516 139717798590272 data_text_parser.cc:61] buffer line: 565|108|1720@237438402:0.675064;1185@1050800463:0.643559;1587@3913061066:0.797281;1048@1191489085:0.381372;1413@4213222356:0.381533;1472@4106201555:0.475487;1861@3259718817:0.524792;1430@1769507815:0.989435;1384@2138272165:0.376799;1829@2037228215:0.033136;1635@1969681692:0.890792;1785@3915264590:0.413582;1712@2963863897:0.464565;1116@653794075:0.258885;1010@277913992:0.812672;1371@3692018340:0.342694;1381@3520696403:0.600596;1736@2624729368:0.095435;1206@3580217328:0.17043;1202@290627039:0.046149|67@0.531809,0.290951,0.847747,0.476518,0.938418,0.164826,0.744732,0.418058,0.518004,0.549021,0.191501;56@0.316465,0.427623,0.266607,0.170546,0.902681,0.682623,0.150485,0.21127,0.98375,0.489816,0.435747,0.080786;73@0.194276,0.27709;38@0.411196,0.81316,0.23848,0.877164,0.754248,0.078318,0.36649,0.481123,0.514355,0.830897;1@;14@0.675363,0.121728,0.069462,0.662313,0.196531,0.225248,0.218399,0.243417,0.386387;41@;32@0.569745,0.012428,0.287588,0.49147;70@0.381631,0.744485,0.041454,0.260009;43@0.459681,0.167516,0.063858,0.730334,0.872014,0.661093,0.29957,0.014086,0.041668,0.095229,0.065702;65@0.844342,0.974874,0.871467,0.091259;20@0.266054,0.696692,0.500943,0.530085;40@0.137547,0.271534,0.94501;100@0.856061;37@0.218339,0.881422,0.946653,0.627446,0.041489,0.065202,0.213443,0.552101,0.249642,0.669338,0.431071,0.522084,0.50236;27@0.556344,0.403853,0.527415,0.76288,0.741,0.341788,0.335345;92@0.443901,0.844635,0.319062,0.127838,0.555267;10@0.645772,0.072349,0.510118,0.424837,0.863597,0.875465,0.723684,0.213653,0.768371,0.295647,0.62508,0.129978;75@0.443415,0.329313,0.818761,0.840003,0.419442,0.298472,0.456268,0.12872,0.28696,0.291331;84@0.310184,0.386118,0.065687,0.792085,0.655328,0.347727,0.401285,0.992984,0.48183,0.820852,0.749102;82@0.47822;47@0.757671,0.864289,0.800914,0.381297,0.651014,0.553235,0.471361,0.540916,0.292391,0.404213,0.94484;9@0.849291,0.401848,0.653468,0.703783,0.771154,0.473007,0.33961,0.71262,0.403474,0.141904,0.68556;39@0.073399,0.132301,0.502902,0.194664,0.865778,0.028076,0.476142,0.250981,0.225858;88@0.606641,0.016474,0.254127,0.086386,0.981829,0.928974,0.513811;30@0.669304,0.704137,0.052727,0.059505,0.885742,0.727016,0.282566,0.038622,0.555253,0.390577|1|1762487393
I20251108 00:02:58.860626 139717798590272 data_text_parser.cc:116] beg_pos: 1546,end_pos: 3755
I20251108 00:02:58.860641 139717798590272 data_text_parser.cc:59] line: 566|501|1720@898323970:0.575622;1185@1448385845:0.478502;1587@2002579029:0.074993;1048@1600446153:0.907938;1413@208280340:0.561282;1472@742794527:0.001109;1861@1918997907:0.26918;1430@2051429115:0.197143;1384@3982828592:0.309336;1829@3034166418:0.770419;1635@4015677899:0.530292;1785@2754008940:0.03241;1712@3542003989:0.26322;1116@3910390617:0.634395;1010@3638952646:0.628817;1371@1030835602:0.78215;1381@2589580883:0.529808;1736@987344308:0.75975;1206@1359854952:0.354456;1202@2524934623:0.722648|67@0.800048,0.5754,0.197715,0.983853,0.217941,0.627674,0.211578,0.761811,0.5779,0.464525,0.623788;56@0.373031,0.894747,0.197812,0.389625,0.719398,0.961158,0.482601,0.728733,0.767776,0.683867,0.373187,0.666168;73@0.642893,0.311483;38@0.605452,0.956966,0.896554,0.968755,0.112707,0.575922,0.173341,0.840068,0.426669,0.315549;1@;14@0.171,0.310857,0.872027,0.067581,0.03404,0.011568,0.693672,0.423767,0.72188;41@;32@0.414459,0.723126,0.070449,0.541543;70@0.169329,0.106783,0.828208,0.115847;43@0.280711,0.779362,0.645103,0.553129,0.420056,0.852862,0.244426,0.027149,0.801502,0.360856,0.873821;65@0.675013,0.998423,0.850183,0.292434;20@0.824925,0.077574,0.815287,0.381993;40@0.624403,0.190416,0.403178;100@0.38174;37@0.371305,0.072393,0.775699,0.821468,0.284288,0.029444,0.827175,0.0811,0.711531,0.428157,0.629316,0.000653,0.770153;27@0.495042,0.307803,0.801203,0.236696,0.572157,0.668006,0.642437;92@0.860734,0.893638,0.40636,0.726259,0.607674;10@0.766256,0.806021,0.509943,0.248352,0.996042,0.949178,0.261595,0.521612,0.537905,0.809093,0.562688,0.970572;75@0.488761,0.843887,0.960031,0.075258,0.544932,0.317901,0.211995,0.144154,0.749441,0.719329;84@0.740325,0.585947,0.437226,0.053022,0.216175,0.780317,0.008977,0.592178,0.781972,0.48263,0.288482;82@0.112759;47@0.9753,0.401772,0.059515,0.199898,0.687187,0.536546,0.837907,0.454042,0.789006,0.047684,0.146326;9@0.808969,0.190189,0.374634,0.899828,0.842099,0.303891,0.314234,0.831866,0.486651,0.265278,0.977415;39@0.682686,0.619957,0.38968,0.351381,0.139955,0.319497,0.002061,0.970781,0.039255;88@0.056922,0.725901,0.819213,0.601586,0.243751,0.955657,0.819899;30@0.731107,0.76428,0.530511,0.309351,0.882228,0.57311,0.669076,0.873581,0.854874,0.296585|1|1762487393
I20251108 00:02:58.860683 139717798590272 data_text_parser.cc:116] beg_pos: 3756,end_pos: 5959
I20251108 00:02:58.860695 139717798590272 data_text_parser.cc:59] line: 567|674|1720@3662774946:0.261838;1185@251913540:0.735453;1587@344480055:0.384349;1048@360790217:0.717357;1413@3200996867:0.755322;1472@1682403427:0.464784;1861@619688182:0.655653;1430@484040450:0.110735;1384@1382258947:0.616475;1829@2531450677:0.589587;1635@1719670861:0.266501;1785@3402379159:0.911343;1712@3352632741:0.972024;1116@370771018:0.377057;1010@2669910090:0.738279;1371@3220509780:0.0855;1381@106906681:0.964073;1736@2361835029:0.181597;1206@1396158365:0.74406;1202@1861752283:0.690908|67@0.330424,0.521322,0.567319,0.799528,0.286442,0.976122,0.699555,0.371367,0.660505,0.858322,0.700245;56@0.146985,0.253524,0.717167,0.456913,0.701824,0.686071,0.416344,0.882897,0.944959,0.136031,0.201314,0.308014;73@0.563609,0.579461;38@0.553549,0.914497,0.628631,0.211072,0.775416,0.93098,0.489782,0.606252,0.123468,0.409401;1@;14@0.846701,0.984236,0.17575,0.249179,0.38777,0.646496,0.079769,0.443546,0.27804;41@;32@0.226234,0.589884,0.216116,0.318101;70@0.366162,0.443244,0.516121,0.500829;43@0.217539,0.524249,0.935285,0.833464,0.328385,0.22879,0.101998,0.281,0.542245,0.805452,0.900442;65@0.519783,0.885613,0.752674,0.834568;20@0.43077,0.758143,0.831311,0.020714;40@0.566618,0.299842,0.961504;100@0.083895;37@0.902554,0.854849,0.116906,0.99541,0.552987,0.254032,0.653027,0.931552,0.416802,0.66204,0.086444,0.435626,0.598342;27@0.934563,0.020247,0.446848,0.077839,0.863498,0.1943,0.632709;92@0.498618,0.905443,0.14362,0.727083,0.623404;10@0.955354,0.279957,0.763946,0.172518,0.647754,0.192483,0.409672,0.233169,0.700994,0.987459,0.207337,0.119255;75@0.160801,0.452507,0.432984,0.26989,0.863887,0.75245,0.923679,0.651028,0.308649,0.878724;84@0.062889,0.832024,0.673521,0.335543,0.08677,0.141703,0.097166,0.428526,0.254464,0.341461,0.03394;82@0.039763;47@0.001737,0.255997,0.81218,0.387947,0.130705,0.094043,0.411002,0.098186,0.710001,0.225127,0.21464;9@0.920377,0.801718,0.774704,0.154104,0.023877,0.757288,0.063648,0.339196,0.33737,0.667681,0.887443;39@0.042809,0.6763,0.858372,0.644041,0.898298,0.155926,0.358131,0.644328,0.076228;88@0.470949,0.097024,0.995743,0.621137,0.941613,0.351652,0.057564;30@0.951627,0.409842,0.569633,0.584273,0.636802,0.807157,0.22304,0.720358,0.149028,0.694158|0|1762487393
I20251108 00:02:58.860734 139717798590272 data_text_parser.cc:116] beg_pos: 5960,end_pos: 8165
I20251108 00:02:58.860747 139717798590272 data_text_parser.cc:59] line: 568|243|1720@2073181442:0.613011;1185@1421602121:0.321162;1587@317172541:0.750687;1048@167734035:0.752425;1413@1255840104:0.020552;1472@3934613631:0.623701;1861@2587833002:0.433704;1430@3612357084:0.901308;1384@1161670104:0.300929;1829@106906681:0.637525;1635@1138985628:0.247552;1785@3953041521:0.664038;1712@4074942769:0.629419;1116@2597836157:0.987681;1010@3945247310:0.482453;1371@1193279011:0.757002;1381@715581801:0.944561;1736@100347393:0.017111;1206@2607109345:0.992128;1202@3760162858:0.097875|67@0.551068,0.566988,0.279867,0.318673,0.609322,0.977422,0.952618,0.49192,0.106545,0.703261,0.249981;56@0.439879,0.996616,0.672409,0.119705,0.733754,0.090865,0.076247,0.680157,0.522237,0.695687,0.528003,0.990463;73@0.439966,0.327592;38@0.617024,0.727044,0.107517,0.463004,0.672319,0.869507,0.242771,0.448654,0.055469,0.694418;1@;14@0.599952,0.786457,0.659042,0.149319,0.552377,0.615646,0.02076,0.925869,0.972512;41@;32@0.834898,0.086768,0.359937,0.751788;70@0.581722,0.396036,0.758731,0.594161;43@0.036252,0.112331,0.758918,0.970689,0.483469,0.201688,0.595305,0.688842,0.377343,0.22828,0.287727;65@0.947604,0.892248,0.584104,0.122827;20@0.656113,0.191836,0.66015,0.81892;40@0.65737,0.379936,0.266752;100@0.487688;37@0.382098,0.066043,0.954957,0.968065,0.341059,0.30706,0.54476,0.387533,0.437626,0.434846,0.595531,0.434545,0.735079;27@0.4102,0.884291,0.475608,0.901219,0.869242,0.194858,0.923387;92@0.44731,0.577788,0.477239,0.096104,0.714653;10@0.588306,0.844663,0.916457,0.876386,0.7,0.817403,0.135532,0.695827,0.039459,0.945486,0.1701,0.642122;75@0.743399,0.29928,0.637892,0.672575,0.087218,0.251115,0.590652,0.147521,0.657456,0.226046;84@0.802979,0.811337,0.64062,0.154467,0.490466,0.508642,0.417999,0.729484,0.00775,0.765741,0.995083;82@0.622712;47@0.569315,0.306093,0.078159,0.741112,0.65672,0.295727,0.868664,0.397654,0.406418,0.933071,0.589802;9@0.025639,0.397889,0.753499,0.223308,0.92694,0.817642,0.713779,0.716743,0.268892,0.429492,0.33417;39@0.121494,0.060142,0.274955,0.065527,0.95413,0.591652,0.332426,0.269124,0.961823;88@0.304264,0.800684,0.458801,0.613995,0.306181,0.98966,0.664102;30@0.240336,0.634628,0.974708,0.240632,0.437327,0.151689,0.65171,0.723668,0.935153,0.232806|0|1762487393
I20251108 00:02:58.860787 139717798590272 data_text_parser.cc:116] beg_pos: 8166,end_pos: 10387
I20251108 00:02:58.860799 139717798590272 data_text_parser.cc:59] line: 569|187|1720@1553611611:0.409958;1185@167795115:0.392979;1587@3618124588:0.740488;1048@1949924022:0.864044;1413@2318147583:0.745801;1472@1622985539:0.756757;1861@332917918:0.354314;1430@994323112:0.791502;1384@1749003215:0.738883;1829@375927339:0.226619;1635@2122283352:0.187958;1785@2236115881:0.616197;1712@2863359553:0.734245;1116@3561466226:0.681504;1010@2041862674:0.173173;1371@3694071337:0.316707;1381@2450898163:0.460295;1736@3514462474:0.198154;1206@3727081746:0.947054;1202@2181882815:0.623481|67@0.672378,0.10656,0.564496,0.636513,0.74919,0.764338,0.135981,0.16114,0.563456,0.544637,0.092669;56@0.192149,0.108126,0.069686,0.634312,0.210143,0.242244,0.215613,0.875101,0.053933,0.745536,0.502007,0.640141;73@0.244771,0.466302;38@0.273205,0.002826,0.610049,0.862171,0.942671,0.33532,0.539318,0.292833,0.799869,0.117308;1@;14@0.322019,0.364544,0.538791,0.643472,0.728936,0.258995,0.886093,0.418487,0.637429;41@;32@0.743151,0.262956,0.428641,0.863537;70@0.678749,0.404557,0.70111,0.376879;43@0.011305,0.543395,0.068342,0.329895,0.145069,0.836155,0.273284,0.867324,0.752595,0.065864,0.342224;65@0.427117,0.135018,0.903742,0.991152;20@0.349592,0.126285,0.325464,0.914941;40@0.13317,0.363122,0.558219;100@0.046851;37@0.252619,0.943539,0.419527,0.730873,0.233024,0.922184,0.044902,0.281622,0.612877,0.13328,0.443343,0.185493,0.299154;27@0.157084,0.345088,0.194054,0.70032,0.956323,0.637648,0.982998;92@0.41457,0.428025,0.109387,0.097316,0.152027;10@0.50034,0.883612,0.618015,0.446616,0.258662,0.273282,0.538341,0.140662,0.379264,0.005072,0.995324,0.658094;75@0.439131,0.390689,0.266699,0.852479,0.750005,0.060624,0.089768,0.942489,0.718323,0.566889;84@0.509585,0.224459,0.831693,0.193425,0.452352,0.921937,0.279811,0.127078,0.491343,0.632049,0.421456;82@0.424076;47@0.326976,0.657284,0.463369,0.940909,0.588912,0.916854,0.350393,0.243996,0.834862,0.107548,0.762729;9@0.382226,0.006482,0.604294,0.543822,0.579582,0.802692,0.287509,0.431944,0.941553,0.525869,0.419715;39@0.892731,0.160469,0.535016,0.351272,0.759485,0.334343,0.84835,0.670022,0.753142;88@0.571331,0.615128,0.266032,0.182837,0.716332,0.501042,0.641235;30@0.833983,0.582835,0.110941,0.696104,0.844893,0.573624,0.210659,0.11858,0.894121,0.527501|0|1762487393
I20251108 00:02:58.860831 139717798590272 data_text_parser.cc:116] beg_pos: 10388,end_pos: 12591
I20251108 00:02:58.860843 139717798590272 data_text_parser.cc:59] line: 570|388|1720@98352439:0.752089;1185@339028417:0.425395;1587@3234361887:0.71646;1048@339959330:0.744034;1413@3615154690:0.888892;1472@2739170503:0.279159;1861@822083462:0.950618;1430@119318979:0.285295;1384@2601094377:0.843727;1829@3588536986:0.02158;1635@1234662477:0.893107;1785@3476688582:0.285484;1712@3006702227:0.460183;1116@3030506464:0.754665;1010@2957480089:0.747432;1371@129927361:0.194641;1381@3637338006:0.654568;1736@3564209763:0.2192;1206@2085013212:0.845826;1202@493440794:0.120921|67@0.601535,0.457782,0.351227,0.001462,0.472358,0.432435,0.770281,0.145346,0.100755,0.750777,0.246754;56@0.540837,0.650198,0.052827,0.154313,0.707652,0.213311,0.231293,0.52662,0.824589,0.48011,0.950389,0.110381;73@0.772723,0.231339;38@0.615565,0.572184,0.16148,0.257323,0.477384,0.181817,0.409328,0.850007,0.722693,0.901043;1@;14@0.275448,0.96277,0.104483,0.104813,0.032369,0.31888,0.810045,0.020418,0.309784;41@;32@0.244733,0.853584,0.314624,0.065133;70@0.616485,0.257397,0.42284,0.414201;43@0.15579,0.321455,0.012193,0.939609,0.401243,0.000789,0.919387,0.328915,0.4617,0.640297,0.922441;65@0.004843,0.169576,0.907506,0.751465;20@0.167882,0.733776,0.259516,0.600764;40@0.831689,0.49544,0.673118;100@0.411638;37@0.021273,0.282771,0.993515,0.109248,0.131257,0.694266,0.521728,0.014254,0.052696,0.261591,0.267017,0.595423,0.433536;27@0.464818,0.729165,0.46471,0.506794,0.775846,0.171596,0.646705;92@0.876653,0.209248,0.621135,0.578423,0.999922;10@0.048555,0.809189,0.11816,0.000108,0.753396,0.95141,0.565239,0.426519,0.665503,0.595268,0.125723,0.806791;75@0.399512,0.939815,0.868832,0.322221,0.588176,0.356857,0.947454,0.901768,0.856822,0.7144;84@0.37828,0.566295,0.936447,0.755995,0.17359,0.94997,0.912505,0.022402,0.926742,0.363577,0.163818;82@0.954662;47@0.606151,0.863795,0.398343,0.093906,0.986195,0.832962,0.096683,0.954773,0.360769,0.116988,0.946615;9@0.247023,0.505461,0.338092,0.25343,0.891941,0.375849,0.571935,0.469138,0.955832,0.991088,0.159274;39@0.289011,0.70527,0.941147,0.551003,0.025309,0.967191,0.808273,0.761641,0.40953;88@0.773983,0.754158,0.542391,0.79806,0.073931,0.767042,0.430981;30@0.618086,0.523845,0.398925,0.313027,0.582297,0.106859,0.406603,0.567728,0.658096,0.276291|0|1762487393
I20251108 00:02:58.860884 139717798590272 data_text_parser.cc:116] beg_pos: 12592,end_pos: 14800
I20251108 00:02:58.860896 139717798590272 data_text_parser.cc:59] line: 571|858|1720@45436087:0.030473;1185@1767624465:0.755087;1587@3332442852:0.137065;1048@1812570411:0.449844;1413@157395743:0.945031;1472@1314858268:0.582985;1861@523149577:0.909631;1430@3089215981:0.454136;1384@941354362:0.921707;1829@3495083144:0.170529;1635@984075703:0.299031;1785@3623534588:0.179786;1712@2969422019:0.354805;1116@1115518970:0.411629;1010@3152893450:0.971034;1371@3112119376:0.270286;1381@1048917694:0.849616;1736@2533729166:0.149225;1206@994922515:0.748821;1202@2436802365:0.093312|67@0.734082,0.981834,0.574961,0.369495,0.684503,0.201794,0.083498,0.51417,0.582476,0.042414,0.337454;56@0.228639,0.977958,0.370618,0.71523,0.365355,0.135867,0.874635,0.081765,0.680338,0.599142,0.728465,0.758594;73@0.660061,0.395316;38@0.109422,0.594076,0.185041,0.14061,0.704536,0.004063,0.73099,0.29674,0.783205,0.525244;1@;14@0.069456,0.025382,0.297087,0.035456,0.246116,0.648404,0.232119,0.185063,0.58289;41@;32@0.448673,0.463205,0.432265,0.127173;70@0.539934,0.054668,0.608757,0.977977;43@0.156398,0.8402,0.521918,0.801347,0.357574,0.515382,0.025117,0.988545,0.443746,0.756568,0.211345;65@0.467135,0.787568,0.140724,0.188221;20@0.579408,0.047706,0.164334,0.692582;40@0.538555,0.333725,0.474927;100@0.463226;37@0.154377,0.774263,0.065611,0.162192,0.801446,0.21968,0.264373,0.873441,0.552299,0.688987,0.280286,0.84546,0.95803;27@0.604198,0.413406,0.199841,0.264255,0.912583,0.35346,0.483158;92@0.662027,0.316455,0.009556,0.078497,0.311905;10@0.890058,0.735776,0.438707,0.200501,0.955086,0.296762,0.625491,0.51217,0.245524,0.036642,0.732583,0.917581;75@0.473048,0.245105,0.346608,0.156314,0.704182,0.871987,0.06937,0.545945,0.436662,0.439637;84@0.23159,0.740321,0.208549,0.66837,0.412753,0.879326,0.523977,0.482984,0.281363,0.480089,0.378067;82@0.922774;47@0.340519,0.902955,0.662836,0.318696,0.524294,0.153919,0.806287,0.342359,0.012398,0.241164,0.772196;9@0.711724,0.750148,0.137331,0.859527,0.639197,0.959008,0.267794,0.985729,0.049609,0.075444,0.950388;39@0.545001,0.876295,0.89803,0.598845,0.80224,0.035082,0.24139,0.500656,0.813151;88@0.549137,0.868556,0.932494,0.807611,0.88019,0.480584,0.745281;30@0.665566,0.279154,0.232818,0.985233,0.258336,0.71368,0.666845,0.364552,0.040047,0.82192|1|1762487393
I20251108 00:02:58.860937 139717798590272 data_text_parser.cc:116] beg_pos: 14801,end_pos: 17012
I20251108 00:02:58.860950 139717798590272 data_text_parser.cc:59] line: 572|100|1720@3389879586:0.653435;1185@1866013547:0.439999;1587@489820955:0.572333;1048@1801268761:0.392599;1413@607013985:0.788644;1472@323721729:0.657626;1861@3730518638:0.365917;1430@88259906:0.165454;1384@1406132489:0.863961;1829@2321130076:0.352802;1635@1789559991:0.534381;1785@1216376925:0.400475;1712@3740691480:0.983397;1116@1312869044:0.135869;1010@3800786027:0.926878;1371@1592952106:0.744495;1381@3485468101:0.932303;1736@183115321:0.605357;1206@1842167004:0.479133;1202@4052304145:0.270152|67@0.580365,0.563752,0.824444,0.504789,0.129772,0.728396,0.934287,0.759119,0.408187,0.449369,0.739255;56@0.941671,0.472098,0.009422,0.954829,0.641016,0.716949,0.44208,0.815021,0.385475,0.15331,0.280225,0.959608;73@0.017083,0.226888;38@0.187348,0.983017,0.674961,0.932815,0.761671,0.18947,0.460784,0.749845,0.494294,0.597411;1@;14@0.335673,0.56513,0.843464,0.623949,0.945387,0.081556,0.041174,0.300815,0.700412;41@;32@0.821676,0.48838,0.24889,0.608357;70@0.727398,0.041887,0.665035,0.392838;43@0.899248,0.929117,0.076249,0.369858,0.454139,0.80644,0.224731,0.47175,0.271182,0.35071,0.526634;65@0.944142,0.927845,0.497311,0.809999;20@0.488882,0.051693,0.983133,0.433836;40@0.727371,0.779605,0.130309;100@0.268019;37@0.053942,0.890066,0.790884,0.958349,0.685139,0.231752,0.033494,0.360811,0.505658,0.931684,0.719998,0.790537,0.916871;27@0.47503,0.784518,0.171672,0.611408,0.910955,0.244348,0.35551;92@0.630099,0.867833,0.475719,0.393486,0.048206;10@0.25466,0.029775,0.124237,0.839801,0.319067,0.926647,0.729011,0.093242,0.107268,0.131266,0.185571,0.239579;75@0.980942,0.387675,0.711634,0.385229,0.681651,0.475765,0.930439,0.207983,0.015415,0.446382;84@0.201103,0.054137,0.152157,0.209533,0.240383,0.165521,0.614258,0.308427,0.87478,0.328568,0.97613;82@0.650738;47@0.020366,0.225451,0.923512,0.516645,0.990354,0.147621,0.50959,0.779212,0.996429,0.690627,0.342187;9@0.262598,0.356042,0.407629,0.280675,0.038286,0.983571,0.899765,0.270859,0.161271,0.262831,0.417104;39@0.302468,0.761899,0.230827,0.909905,0.738609,0.355087,0.495958,0.904778,0.621654;88@0.663173,0.84056,0.765502,0.622448,0.4898,0.634067,0.047056;30@0.561355,0.256506,0.826904,0.68566,0.052226,0.932072,0.18798,0.584327,0.674085,0.483816|1|1762487393
I20251108 00:02:58.860987 139717798590272 data_text_parser.cc:116] beg_pos: 17013,end_pos: 19218
I20251108 00:02:58.861000 139717798590272 data_text_parser.cc:59] line: 573|539|1720@3612357084:0.876885;1185@2850399732:0.01759;1587@2343615140:0.007096;1048@17206801:0.747222;1413@3264297140:0.68736;1472@1755706540:0.337427;1861@2271847601:0.500916;1430@1359925602:0.076004;1384@331679642:0.649323;1829@3031596077:0.090091;1635@2020862487:0.686561;1785@2981646416:0.921768;1712@430117580:0.922838;1116@3319949328:0.546102;1010@2078995343:0.162192;1371@1824918126:0.147894;1381@805047898:0.386306;1736@112714470:0.868358;1206@2938912377:0.854148;1202@2209735869:0.561557|67@0.402793,0.149818,0.125437,0.278436,0.525339,0.497938,0.342757,0.612245,0.166306,0.545649,0.102494;56@0.944346,0.326855,0.345039,0.052496,0.090631,0.245565,0.16471,0.78509,0.19172,0.470637,0.923324,0.081599;73@0.030558,0.416119;38@0.269439,0.788115,0.273044,0.762634,0.916124,0.1515,0.017051,0.749424,0.872914,0.25601;1@;14@0.709615,0.422007,0.485698,0.325338,0.010735,0.97526,0.570118,0.576931,0.206565;41@;32@0.040062,0.531303,0.98487,0.786341;70@0.232511,0.30181,0.961421,0.999211;43@0.410735,0.952263,0.718478,0.933677,0.899474,0.013377,0.674343,0.905238,0.059353,0.359249,0.228251;65@0.22713,0.48532,0.356846,0.173923;20@0.788705,0.799973,0.131634,0.48844;40@0.301947,0.175061,0.534801;100@0.126352;37@0.456054,0.091753,0.219386,0.730315,0.878703,0.509781,0.997749,0.561,0.342886,0.812124,0.411182,0.766914,0.102663;27@0.554327,0.424722,0.101779,0.603478,0.431168,0.752171,0.808111;92@0.524019,0.244508,0.673789,0.128614,0.558872;10@0.23384,0.38307,0.875581,0.336245,0.645063,0.004872,0.421218,0.594854,0.146288,0.522497,0.463361,0.377822;75@0.803528,0.182606,0.383271,0.046785,0.088418,0.855757,0.057497,0.230493,0.034546,0.178476;84@0.028876,0.699855,0.835894,0.675192,0.752392,0.101664,0.466139,0.26224,0.939731,0.746575,0.436978;82@0.404972;47@0.201659,0.282455,0.83446,0.108675,0.597232,0.723105,0.844223,0.771755,0.709669,0.122708,0.47906;9@0.651992,0.698136,0.151412,0.405407,0.709693,0.759371,0.958212,0.703075,0.853245,0.50967,0.969878;39@0.37852,0.798649,0.126081,0.323283,0.677437,0.373327,0.205686,0.687112,0.223922;88@0.01652,0.379407,0.967961,0.837015,0.920237,0.086029,0.714626;30@0.049035,0.543769,0.495917,0.156433,0.488653,0.44705,0.194352,0.768245,0.284678,0.621372|1|1762487393
I20251108 00:02:58.861029 139717798590272 data_text_parser.cc:116] beg_pos: 19219,end_pos: 20480
I20251108 00:02:58.861274 139717798590272 data_text_parser.cc:101] get chunk buffer, size: 20480
I20251108 00:02:58.861300 139717798590272 data_text_parser.cc:116] beg_pos: 0,end_pos: 958
I20251108 00:02:58.861308 139717798590272 data_text_parser.cc:61] buffer line: 574|687|1720@1821887720:0.536944;1185@2092911776:0.994486;1587@2497629738:0.881535;1048@3487424434:0.08416;1413@235529170:0.798847;1472@369078461:0.967493;1861@3837600484:0.486838;1430@3792800041:0.438666;1384@4012064098:0.629594;1829@399061289:0.859261;1635@3091320927:0.937368;1785@3124954949:0.361826;1712@2615738223:0.910069;1116@413094798:0.646778;1010@132591595:0.670379;1371@2760636879:0.727502;1381@3442618008:0.059209;1736@1006976481:0.015644;1206@50434232:0.362899;1202@1741093191:0.668897|67@0.252089,0.540956,0.57592,0.048691,0.654742,0.270402,0.90559,0.141403,0.43224,0.445673,0.900762;56@0.982113,0.279375,0.742171,0.529769,0.918101,0.163366,0.176148,0.894098,0.028664,0.112119,0.70319,0.97437;73@0.42902,0.425772;38@0.134907,0.354318,0.182399,0.015778,0.895399,0.064882,0.648571,0.551693,0.012523,0.783315;1@;14@0.904049,0.897593,0.633956,0.588313,0.076706,0.850114,0.579741,0.510533,0.103231;41@;32@0.669926,0.914515,0.482505,0.712213;70@0.568922,0.917843,0.842658,0.996592;43@0.136744,0.289648,0.752675,0.41737,0.098242,0.133106,0.025739,0.459589,0.963166,0.06879,0.522283;65@0.091303,0.093797,0.315485,0.806662;20@0.048001,0.202624,0.796807,0.962481;40@0.425125,0.160284,0.483636;100@0.899981;37@0.505519,0.793704,0.402317,0.497209,0.728769,0.344258,0.136017,0.876303,0.094575,0.333376,0.160917,0.943493,0.642229;27@0.153384,0.147731,0.478371,0.872858,0.165831,0.516691,0.068005;92@0.386114,0.792576,0.375201,0.480163,0.284014;10@0.377841,0.077452,0.095118,0.680702,0.023893,0.834924,0.427963,0.334325,0.823112,0.645385,0.695257,0.577962;75@0.723291,0.426445,0.90029,0.401666,0.790423,0.838686,0.938738,0.727605,0.260366,0.339209;84@0.807084,0.720852,0.828193,0.467423,0.388158,0.669292,0.369058,0.907574,0.014127,0.273508,0.161286;82@0.757168;47@0.790304,0.782056,0.343186,0.907855,0.289501,0.840582,0.937651,0.709881,0.336543,0.469149,0.304258;9@0.763425,0.268145,0.946423,0.425543,0.912406,0.414773,0.281903,0.726145,0.674465,0.720155,0.071516;39@0.540005,0.679449,0.628837,0.726296,0.436259,0.870967,0.356361,0.487099,0.265198;88@0.813688,0.222056,0.862317,0.176069,0.982308,0.327153,0.148509;30@0.433123,0.017841,0.062685,0.515412,0.22806,0.982367,0.475681,0.631503,0.522495,0.598455|1|1762487393
I20251108 00:02:58.861340 139717798590272 data_text_parser.cc:116] beg_pos: 959,end_pos: 3169
I20251108 00:02:58.861353 139717798590272 data_text_parser.cc:59] line: 575|137|1720@1899039149:0.701235;1185@875109297:0.187907;1587@3318271252:0.093871;1048@3574715693:0.162397;1413@3522810805:0.678711;1472@2102662831:0.357278;1861@3917109865:0.460133;1430@3711369866:0.725595;1384@1099021994:0.926896;1829@571779949:0.355539;1635@2958834614:0.277662;1785@3269936803:0.760377;1712@4134451299:0.818499;1116@1495729620:0.719149;1010@4237362971:0.294248;1371@2046021554:0.827779;1381@4122934486:0.056558;1736@281528814:0.770916;1206@1378291966:0.921188;1202@376563979:0.503213|67@0.5705,0.203338,0.257038,0.04538,0.844521,0.75143,0.690445,0.426883,0.149702,0.460032,0.681899;56@0.164225,0.162811,0.91422,0.313479,0.095603,0.282538,0.604779,0.871032,0.713591,0.423881,0.492229,0.089339;73@0.792432,0.663257;38@0.974598,0.59044,0.633456,0.942652,0.531818,0.412502,0.778071,0.958398,0.651849,0.531538;1@;14@0.465538,0.082111,0.116818,0.966084,0.312742,0.263897,0.674199,0.532279,0.765172;41@;32@0.640886,0.509197,0.187374,0.406283;70@0.081236,0.084863,0.147251,0.703444;43@0.321584,0.558142,0.634581,0.488102,0.921675,0.921184,0.86879,0.431774,0.594802,0.307359,0.670942;65@0.978111,0.059548,0.758526,0.368863;20@0.997484,0.948866,0.875128,0.81587;40@0.327979,0.082362,0.030671;100@0.1245;37@0.977075,0.141567,0.225852,0.703127,0.556282,0.811724,0.188902,0.478647,0.825417,0.936446,0.145855,0.787362,0.615853;27@0.685836,0.121065,0.621296,0.945604,0.325461,0.854143,0.52526;92@0.204128,0.003842,0.647975,0.970136,0.029303;10@0.62746,0.785307,0.560738,0.126641,0.173473,0.349558,0.342939,0.342685,0.142953,0.838582,0.147919,0.307371;75@0.721195,0.804553,0.621509,0.736156,0.530249,0.764183,0.229948,0.109467,0.834829,0.081348;84@0.019141,0.532437,0.813493,0.27029,0.956274,0.076398,0.260623,0.675277,0.442935,0.213519,0.039011;82@0.260757;47@0.470529,0.78073,0.265047,0.146656,0.469507,0.405045,0.124013,0.744641,0.081117,0.111536,0.383157;9@0.56827,0.351465,0.411798,0.742127,0.756106,0.342797,0.33601,0.781027,0.51329,0.521711,0.37931;39@0.408006,0.470812,0.898085,0.75484,0.579825,0.435466,0.230823,0.512958,0.712424;88@0.472276,0.680046,0.89094,0.443846,0.3267,0.225445,0.023507;30@0.570633,0.581304,0.46574,0.845149,0.592301,0.085871,0.450007,0.818425,0.580485,0.766938|0|1762487393
I20251108 00:02:58.861393 139717798590272 data_text_parser.cc:116] beg_pos: 3170,end_pos: 5384
I20251108 00:02:58.861406 139717798590272 data_text_parser.cc:59] line: 576|699|1720@2678751332:0.039448;1185@2986342696:0.955972;1587@385542876:0.560711;1048@1123941889:0.376016;1413@1709521899:0.569318;1472@1080371497:0.657871;1861@1178898445:0.54925;1430@124626595:0.348832;1384@2731668564:0.098058;1829@671754101:0.607102;1635@2850966608:0.251441;1785@1132662171:0.844629;1712@2903327284:0.312417;1116@2719655538:0.555402;1010@2675866022:0.160383;1371@2890203754:0.131842;1381@3717747650:0.182223;1736@1071492290:0.353112;1206@2321450761:0.612089;1202@606291083:0.187651|67@0.333455,0.89988,0.663491,0.288178,0.407713,0.335971,0.558111,0.313027,0.320099,0.364702,0.115658;56@0.824528,0.869486,0.762916,0.450414,0.365726,0.784262,0.964367,0.701418,0.790144,0.206355,0.655621,0.361303;73@0.182376,0.256126;38@0.65378,0.438749,0.490811,0.682069,0.387089,0.479675,0.331788,0.57426,0.565009,0.324373;1@;14@0.536566,0.779107,0.655452,0.833062,0.755895,0.015469,0.140024,0.181012,0.451102;41@;32@0.031155,0.529445,0.795814,0.340396;70@0.690202,0.738523,0.974149,0.914071;43@0.883335,0.793456,0.427365,0.583071,0.611908,0.819097,0.530133,0.222655,0.62576,0.267778,0.30002;65@0.647272,0.633599,0.996007,0.148585;20@0.220936,0.182622,0.784708,0.068569;40@0.899676,0.961932,0.960795;100@0.648107;37@0.876384,0.542218,0.394263,0.238208,0.276208,0.286755,0.571974,0.291813,0.548789,0.675963,0.499782,0.661212,0.17268;27@0.014531,0.795429,0.130428,0.89151,0.220963,0.184179,0.877819;92@0.974695,0.895378,0.164008,0.134589,0.519975;10@0.013012,0.153487,0.408037,0.11803,0.821417,0.965402,0.609907,0.080552,0.820991,0.997601,0.892515,0.478358;75@0.293116,0.508003,0.709039,0.150075,0.967,0.087034,0.528052,0.943152,0.873677,0.701078;84@0.87852,0.376384,0.640187,0.973219,0.839342,0.492879,0.020186,0.504775,0.724195,0.194889,0.94871;82@0.806048;47@0.047244,0.185032,0.753226,0.469902,0.389625,0.29709,0.63373,0.228723,0.132396,0.868151,0.204686;9@0.925848,0.856925,0.27942,0.402112,0.975745,0.716751,0.864933,0.573198,0.572083,0.307432,0.7885;39@0.100393,0.528824,0.548743,0.711967,0.729709,0.882678,0.912539,0.517174,0.891539;88@0.040586,0.967034,0.096216,0.458741,0.421765,0.460038,0.607776;30@0.308334,0.324662,0.752922,0.777803,0.215293,0.702607,0.816176,0.028312,0.901292,0.950697|1|1762487393
I20251108 00:02:58.861441 139717798590272 data_text_parser.cc:116] beg_pos: 5385,end_pos: 7594
I20251108 00:02:58.861454 139717798590272 data_text_parser.cc:59] line: 577|971|1720@901137192:0.171662;1185@3550283149:0.220075;1587@3601716449:0.371613;1048@2819200720:0.355982;1413@3779904096:0.16008;1472@2546422693:0.80344;1861@1164955050:0.498562;1430@1103218428:0.870657;1384@3083910735:0.340485;1829@3667610791:0.601692;1635@4100047952:0.901633;1785@3181213226:0.139234;1712@3246687055:0.498194;1116@3935602854:0.92135;1010@1609651169:0.712964;1371@1714211127:0.764955;1381@641749679:0.305806;1736@2816145952:0.760694;1206@3282155566:0.003845;1202@2647079672:0.34706|67@0.831619,0.92128,0.751181,0.510839,0.727028,0.945757,0.296455,0.316465,0.310596,0.044011,0.761498;56@0.832021,0.591548,0.769498,0.2323,0.086285,0.540295,0.866964,0.151701,0.105115,0.506341,0.874833,0.491432;73@0.662979,0.374927;38@0.135616,0.369768,0.197366,0.150221,0.78673,0.117842,0.493336,0.113616,0.266229,0.387673;1@;14@0.259924,0.561768,0.748013,0.279498,0.453393,0.573963,0.620109,0.2868,0.105915;41@;32@0.993186,0.305919,0.697702,0.411565;70@0.439941,0.307785,0.867139,0.871488;43@0.65374,0.381901,0.550198,0.9115,0.609069,0.947628,0.302079,0.55664,0.734793,0.278125,0.592679;65@0.140187,0.044493,0.273255,0.574341;20@0.050885,0.556839,0.960121,0.844128;40@0.30409,0.983555,0.350661;100@0.161639;37@0.079551,0.558782,0.378331,0.75098,0.884843,0.675537,0.225921,0.42871,0.193489,0.413379,0.900421,0.834611,0.099384;27@0.96059,0.254894,0.819008,0.06209,0.601402,0.760887,0.879958;92@0.249788,0.859271,0.765931,0.55572,0.404269;10@0.736111,0.868314,0.632449,0.697574,0.347498,0.366227,0.960331,0.013852,0.677001,0.870669,0.65039,0.121676;75@0.096444,0.527461,0.385958,0.503564,0.99335,0.772071,0.371625,0.901884,0.889778,0.465778;84@0.304026,0.627369,0.057819,0.95839,0.251812,0.098626,0.628909,0.662309,0.289977,0.683825,0.812715;82@0.831087;47@0.002255,0.485057,0.069351,0.906868,0.555748,0.575496,0.692592,0.670591,0.300228,0.33002,0.400142;9@0.864867,0.685239,0.534369,0.539521,0.086125,0.555189,0.55307,0.049367,0.812297,0.472099,0.539464;39@0.085075,0.587903,0.373708,0.395425,0.989565,0.329206,0.002412,0.601155,0.157968;88@0.457294,0.378679,0.222898,0.127484,0.557254,0.392648,0.486326;30@0.301534,0.298821,0.708311,0.082637,0.301181,0.797326,0.249537,0.49823,0.859242,0.342176|0|1762487393
I20251108 00:02:58.861491 139717798590272 data_text_parser.cc:116] beg_pos: 7595,end_pos: 9807
I20251108 00:02:58.861504 139717798590272 data_text_parser.cc:59] line: 578|3|1720@2774967699:0.681711;1185@2074872296:0.551777;1587@2046281918:0.053251;1048@851128007:0.989921;1413@177360798:0.443221;1472@3377668528:0.858271;1861@3474581873:0.243777;1430@2077904573:0.593801;1384@2473071713:0.973622;1829@2135516762:0.058131;1635@2436315192:0.415991;1785@1860918631:0.547579;1712@2862665670:0.473594;1116@3539124605:0.712972;1010@2306321385:0.166357;1371@3857043632:0.26709;1381@1753052178:0.318236;1736@2773518976:0.35794;1206@1412716694:0.266078;1202@3844134342:0.200567|67@0.87158,0.71125,0.320882,0.162148,0.528406,0.391865,0.517818,0.791978,0.969676,0.032701,0.796532;56@0.279425,0.177118,0.461871,0.143257,0.49017,0.300098,0.553632,0.415128,0.712145,0.658092,0.848737,0.490482;73@0.174787,0.341782;38@0.719674,0.118291,0.934954,0.957583,0.718781,0.811262,0.177937,0.280016,0.281534,0.338098;1@;14@0.08099,0.981285,0.572042,0.631978,0.357046,0.338297,0.1807,0.618466,0.586165;41@;32@0.861211,0.149782,0.813333,0.524206;70@0.678978,0.412168,0.07603,0.75781;43@0.437937,0.268826,0.27122,0.232229,0.202626,0.182261,0.408263,0.765522,0.681844,0.477493,0.264991;65@0.340435,0.686167,0.668288,0.543302;20@0.186015,0.300714,0.695727,0.607705;40@0.334867,0.816959,0.147257;100@0.782344;37@0.848194,0.994036,0.855906,0.879188,0.508075,0.019281,0.060563,0.445666,0.247798,0.733339,0.884136,0.63602,0.170767;27@0.914471,0.434013,0.601569,0.179122,0.242441,0.062473,0.541797;92@0.421118,0.392652,0.579126,0.789248,0.58435;10@0.204101,0.010152,0.113085,0.912639,0.601022,0.237153,0.748598,0.034554,0.069445,0.016479,0.172902,0.490889;75@0.601404,0.150001,0.807125,0.495258,0.71835,0.551391,0.270868,0.934797,0.420986,0.479717;84@0.449275,0.855791,0.424473,0.1366,0.794249,0.912698,0.920104,0.362287,0.325617,0.564207,0.622852;82@0.14868;47@0.809918,0.079167,0.867664,0.088215,0.782472,0.286549,0.867184,0.531179,0.211432,0.373664,0.588857;9@0.021778,0.50505,0.865504,0.534278,0.726602,0.404955,0.531032,0.991584,0.203882,0.584295,0.964976;39@0.502155,0.042455,0.517035,0.356807,0.765141,0.024955,0.138796,0.419884,0.395579;88@0.235752,0.093708,0.417731,0.638776,0.33912,0.873417,0.445058;30@0.053919,0.281534,0.686993,0.416916,0.044937,0.274409,0.49438,0.87688,0.169313,0.836325|1|1762487393
I20251108 00:02:58.861540 139717798590272 data_text_parser.cc:116] beg_pos: 9808,end_pos: 12020
I20251108 00:02:58.861552 139717798590272 data_text_parser.cc:59] line: 579|377|1720@1571693490:0.737359;1185@2421952652:0.594114;1587@3379463273:0.588263;1048@115713624:0.757863;1413@3486072997:0.02378;1472@2003974142:0.959516;1861@3479081927:0.48949;1430@668674913:0.927153;1384@2165631509:0.318011;1829@2526689800:0.768581;1635@1646981861:0.73348;1785@3611650262:0.013982;1712@3666567280:0.047797;1116@3368423237:0.073618;1010@2843139495:0.685383;1371@3132971174:0.966133;1381@3642373754:0.928144;1736@3236662065:0.130044;1206@4162406171:0.975887;1202@773885196:0.039651|67@0.307651,0.507216,0.483896,0.725887,0.754016,0.973585,0.765882,0.491227,0.867174,0.08707,0.190703;56@0.955045,0.541406,0.06113,0.610721,0.243918,0.175673,0.59969,0.579236,0.59925,0.373935,0.093195,0.791983;73@0.100846,0.882405;38@0.518533,0.49918,0.275764,0.541985,0.524408,0.606477,0.659998,0.123978,0.067659,0.450872;1@;14@0.053942,0.071998,0.987887,0.374791,0.488983,0.150437,0.038751,0.860429,0.063368;41@;32@0.944409,0.020547,0.752612,0.809873;70@0.489233,0.594352,0.364588,0.923485;43@0.842854,0.741697,0.390431,0.269689,0.384631,0.317616,0.956847,0.249632,0.204774,0.264236,0.166985;65@0.178653,0.829019,0.157641,0.412251;20@0.641926,0.75945,0.101367,0.850169;40@0.602541,0.431333,0.786531;100@0.286583;37@0.710955,0.997163,0.703005,0.002366,0.51386,0.347105,0.584368,0.228495,0.101328,0.930632,0.733845,0.454087,0.776902;27@0.367156,0.778223,0.601382,0.623557,0.205225,0.33591,0.054655;92@0.872212,0.916749,0.019251,0.009427,0.464295;10@0.951585,0.748934,0.683392,0.224857,0.872623,0.876842,0.666627,0.513248,0.109702,0.558629,0.74488,0.481283;75@0.070645,0.48361,0.985036,0.974077,0.176541,0.561964,0.826066,0.222324,0.350903,0.658392;84@0.535422,0.40053,0.186045,0.190023,0.609984,0.178014,0.160422,0.041867,0.349542,0.064911,0.481354;82@0.045441;47@0.976533,0.288246,0.926663,0.364699,0.700225,0.40882,0.581597,0.318485,0.299755,0.761349,0.067351;9@0.781255,0.85947,0.444061,0.428426,0.070895,0.81953,0.807495,0.089053,0.80552,0.103424,0.040206;39@0.884727,0.131796,0.987397,0.139545,0.629941,0.552913,0.989733,0.823257,0.651966;88@0.428307,0.839616,0.119637,0.996041,0.135196,0.015289,0.697697;30@0.417,0.366132,0.346091,0.767783,0.36736,0.844759,0.825124,0.008102,0.387633,0.428816|1|1762487393
I20251108 00:02:58.861591 139717798590272 data_text_parser.cc:116] beg_pos: 12021,end_pos: 14223
I20251108 00:02:58.861604 139717798590272 data_text_parser.cc:59] line: 580|64|1720@443683703:0.80521;1185@2605547763:0.102293;1587@4181888793:0.97749;1048@3211227060:0.217047;1413@3295193772:0.545918;1472@1869227569:0.16747;1861@3309634939:0.019721;1430@1014353644:0.101502;1384@3287748281:0.906972;1829@3159296608:0.544362;1635@4048661768:0.202811;1785@3993984502:0.365463;1712@650378123:0.552209;1116@961580187:0.762803;1010@2003971653:0.618716;1371@3187298619:0.593426;1381@2811815394:0.17448;1736@2951891152:0.919076;1206@756248270:0.368882;1202@37631349:0.29986|67@0.781367,0.085195,0.157138,0.347083,0.494264,0.464167,0.186097,0.205243,0.699175,0.642539,0.308882;56@0.971085,0.131563,0.395952,0.619506,0.708257,0.313074,0.989025,0.562554,0.997962,0.958763,0.25552,0.414986;73@0.165929,0.638014;38@0.594978,0.037533,0.125886,0.456892,0.466494,0.723912,0.916416,0.805205,0.998369,0.151258;1@;14@0.554863,0.999439,0.303267,0.40833,0.809203,0.478257,0.104438,0.539725,0.408009;41@;32@0.588945,0.025584,0.915166,0.463693;70@0.835679,0.566142,0.946728,0.11989;43@0.470599,0.583899,0.990699,0.17563,0.083299,0.26342,0.322941,0.272344,0.535681,0.343457,0.28468;65@0.172454,0.84018,0.883711,0.47404;20@0.988364,0.413177,0.668388,0.609078;40@0.399328,0.771064,0.422535;100@0.48227;37@0.520839,0.259459,0.6245,0.414783,0.097976,0.753707,0.927915,0.947483,0.43144,0.939125,0.202011,0.204681,0.4319;27@0.612798,0.582649,0.542971,0.502756,0.74762,0.026689,0.916208;92@0.855479,0.024408,0.207695,0.669004,0.629061;10@0.352774,0.540696,0.685672,0.372994,0.124897,0.484877,0.134375,0.779341,0.053158,0.669094,0.210067,0.304925;75@0.033518,0.154547,0.29863,0.904003,0.785115,0.560596,0.806244,0.234167,0.06811,0.743736;84@0.940893,0.980671,0.490345,0.56017,0.97625,0.115024,0.275977,0.097964,0.317852,0.285176,0.365628;82@0.405807;47@0.242787,0.96985,0.189378,0.959856,0.466267,0.609804,0.077174,0.890982,0.596936,0.320772,0.313813;9@0.864616,0.126784,0.076201,0.637931,0.010183,0.454479,0.889352,0.249751,0.223345,0.102092,0.110182;39@0.338763,0.396952,0.400968,0.379201,0.516323,0.616871,0.363505,0.906223,0.511112;88@0.937913,0.375818,0.714159,0.25791,0.243621,0.980114,0.381224;30@0.366593,0.96919,0.199431,0.384847,0.558681,0.21382,0.300312,0.089288,0.612637,0.669348|0|1762487393
I20251108 00:02:58.861644 139717798590272 data_text_parser.cc:116] beg_pos: 14224,end_pos: 16434
I20251108 00:02:58.861657 139717798590272 data_text_parser.cc:59] line: 581|753|1720@3876856643:0.650704;1185@2558641444:0.502618;1587@3562458185:0.876551;1048@1056600285:0.038813;1413@1880634992:0.706507;1472@1096097763:0.004921;1861@2342452588:0.672522;1430@1749090963:0.979691;1384@998869518:0.527153;1829@4213222356:0.244307;1635@1398515501:0.861546;1785@2758032173:0.923522;1712@23030677:0.095119;1116@2012692460:0.974784;1010@898937325:0.796144;1371@1280002060:0.217714;1381@1608777393:0.143808;1736@1431700024:0.90027;1206@390302698:0.45232;1202@2193026890:0.607353|67@0.751545,0.223486,0.016524,0.321806,0.812895,0.405225,0.366411,0.943757,0.243195,0.075452,0.234529;56@0.570408,0.30217,0.179164,0.71847,0.190302,0.228316,0.895261,0.757748,0.482311,0.800328,0.803316,0.272071;73@0.218033,0.414603;38@0.761599,0.276145,0.708715,0.487601,0.86213,0.997766,0.743139,0.592733,0.3517,0.326081;1@;14@0.634357,0.627703,0.501898,0.377263,0.931555,0.104463,0.176167,0.329803,0.922248;41@;32@0.672071,0.64719,0.899758,0.841411;70@0.647175,0.243508,0.754671,0.545208;43@0.259723,0.070733,0.772908,0.529546,0.303557,0.963263,0.582149,0.173372,0.992348,0.704913,0.873161;65@0.74551,0.855267,0.158622,0.028981;20@0.951239,0.493488,0.793199,0.531962;40@0.41974,0.638473,0.35509;100@0.794524;37@0.028681,0.165778,0.076046,0.408749,0.182149,0.421862,0.921098,0.59208,0.10927,0.162524,0.941256,0.722685,0.061787;27@0.042391,0.767726,0.569498,0.657001,0.924881,0.016008,0.458325;92@0.246351,0.641602,0.865805,0.539086,0.701653;10@0.902246,0.489344,0.693801,0.583355,0.461366,0.781949,0.884869,0.157522,0.00306,0.226764,0.023784,0.393421;75@0.810338,0.366131,0.20184,0.958,0.283997,0.908925,0.513758,0.699719,0.583653,0.284518;84@0.817257,0.202825,0.404921,0.88976,0.390558,0.348925,0.634058,0.106611,0.986701,0.130346,0.555931;82@0.182982;47@0.872675,0.220794,0.805413,0.033471,0.867491,0.413835,0.14616,0.617177,0.241998,0.063643,0.355289;9@0.133416,0.551445,0.162319,0.724714,0.224215,0.311446,0.60258,0.195857,0.420894,0.099535,0.338903;39@0.683115,0.764282,0.169508,0.730729,0.298882,0.308366,0.526232,0.949948,0.139751;88@0.185719,0.928738,0.523869,0.144753,0.276131,0.752134,0.649884;30@0.747158,0.225036,0.16121,0.862817,0.507458,0.799008,0.202647,0.127445,0.802104,0.369929|0|1762487393
I20251108 00:02:58.861688 139717798590272 data_text_parser.cc:116] beg_pos: 16435,end_pos: 18642
I20251108 00:02:58.861700 139717798590272 data_text_parser.cc:59] line: 582|532|1720@640456650:0.549767;1185@2464748884:0.741881;1587@4067316514:0.371593;1048@1885717845:0.648767;1413@1375828502:0.055805;1472@967524502:0.159405;1861@3787978476:0.190831;1430@3744630759:0.426805;1384@3987978756:0.473655;1829@2056484476:0.468348;1635@2487586201:0.278535;1785@3808618933:0.432868;1712@877765842:0.420054;1116@694216956:0.765408;1010@2846353280:0.506796;1371@2828115564:0.954566;1381@1296209059:0.273734;1736@2819200720:0.84211;1206@2861693311:0.726828;1202@692387444:0.664482|67@0.789683,0.323636,0.023986,0.141992,0.278723,0.311002,0.186149,0.651916,0.268885,0.256488,0.881818;56@0.925385,0.744253,0.316551,0.725723,0.714984,0.134597,0.639568,0.580647,0.595605,0.364295,0.126328,0.217121;73@0.802448,0.266965;38@0.224561,0.071342,0.461657,0.74683,0.805199,0.370614,0.330667,0.21918,0.804218,0.654501;1@;14@0.52987,0.279525,0.136539,0.268895,0.667823,0.479683,0.384633,0.694297,0.872276;41@;32@0.43995,0.99455,0.635854,0.931252;70@0.635063,0.041774,0.264437,0.660998;43@0.286326,0.1297,0.69161,0.3638,0.025411,0.230074,0.893593,0.661318,0.462274,0.337851,0.147908;65@0.280563,0.951399,0.741093,0.75614;20@0.482555,0.948566,0.694938,0.343907;40@0.126967,0.761452,0.381633;100@0.132014;37@0.777109,0.775624,0.105428,0.097131,0.823564,0.907466,0.666169,0.936022,0.460512,0.703537,0.614486,0.274181,0.513205;27@0.142996,0.394426,0.51841,0.608819,0.236552,0.191637,0.808189;92@0.487334,0.562686,6.5e-05,0.158276,0.892372;10@0.551446,0.342187,0.717593,0.41077,0.939175,0.881234,0.250827,0.612875,0.626819,0.074359,0.128108,0.839911;75@0.812725,0.726363,0.048939,0.879728,0.792821,0.996535,0.171313,0.323366,0.09052,0.31664;84@0.668821,0.478338,0.145389,0.936769,0.425123,0.539673,0.700722,0.864855,0.90682,0.45809,0.604864;82@0.034687;47@0.3863,0.592334,0.860146,0.645327,0.564378,0.961851,0.158611,0.254813,0.869527,0.803247,0.024096;9@0.702683,0.579704,0.675981,0.878276,0.753708,0.196078,0.374025,0.728456,0.66669,0.708027,0.563419;39@0.073879,0.773993,0.373472,0.492587,0.334537,0.23822,0.516557,0.048458,0.217946;88@0.592486,0.152712,0.308194,0.839889,0.639176,0.910393,0.116307;30@0.618216,0.588568,0.720057,0.977231,0.794196,0.257896,0.336282,0.34293,0.212262,0.02095|1|1762487393
I20251108 00:02:58.861738 139717798590272 data_text_parser.cc:116] beg_pos: 18643,end_pos: 20480
I20251108 00:02:58.861987 139717798590272 data_text_parser.cc:101] get chunk buffer, size: 20480
I20251108 00:02:58.862002 139717798590272 data_text_parser.cc:116] beg_pos: 0,end_pos: 366
I20251108 00:02:58.862009 139717798590272 data_text_parser.cc:61] buffer line: 583|780|1720@728458958:0.086745;1185@4050721437:0.074572;1587@3725480337:0.866393;1048@1491655376:0.679571;1413@667633363:0.780143;1472@3186609570:0.216039;1861@1838467742:0.95464;1430@2726792337:0.880836;1384@1770673893:0.532436;1829@1728975502:0.226126;1635@1441843729:0.866364;1785@2193117779:0.820458;1712@1761978892:0.383346;1116@540358303:0.213646;1010@653816883:0.605588;1371@1576689771:0.378738;1381@1516337617:0.636115;1736@2186907161:0.286668;1206@3109521194:0.011301;1202@174643835:0.165966|67@0.759933,0.714648,0.530274,0.567497,0.973735,0.341501,0.413779,0.131217,0.112141,0.501701,0.70507;56@0.085017,0.177071,0.571052,0.938327,0.091321,0.543337,0.967272,0.569064,0.241874,0.933177,0.504767,0.26217;73@0.755964,0.18126;38@0.931933,0.074828,0.871278,0.898761,0.061043,0.05344,0.952326,0.323853,0.212261,0.559325;1@;14@0.198714,0.436334,0.659049,0.756478,0.174068,0.342142,0.942309,0.507189,0.27692;41@;32@0.680835,0.373208,0.391518,0.995193;70@0.413794,0.574319,0.086618,0.379394;43@0.65877,0.35703,0.366472,0.88626,0.404991,0.682366,0.920757,0.09525,0.680445,0.17031,0.344178;65@0.284038,0.071588,0.631619,0.623983;20@0.296865,0.946249,0.092691,0.197349;40@0.57739,0.592307,0.065434;100@0.821996;37@0.82615,0.488143,0.657064,0.567703,0.689688,0.2167,0.196536,0.748264,0.464661,0.16042,0.406728,0.701104,0.915813;27@0.738819,0.516516,0.87769,0.177506,0.581295,0.880823,0.751873;92@0.771784,0.314259,0.023284,0.620513,0.771814;10@0.514361,0.340834,0.431907,0.556223,0.115766,0.394261,0.33712,0.588654,0.887559,0.723395,0.487333,0.226458;75@0.637052,0.845898,0.362772,0.359087,0.596768,0.782037,0.234576,0.14144,0.039214,0.998991;84@0.849721,0.334627,0.027036,0.954512,0.187944,0.275743,0.152026,0.618085,0.932882,0.473937,0.822805;82@0.640514;47@0.859704,0.696108,0.637656,0.812567,0.800396,0.771466,0.853543,0.145759,0.077051,0.340277,0.102249;9@0.667258,0.3096,0.257855,0.253182,0.989769,0.30724,0.670485,0.263024,0.07483,0.78676,0.144468;39@0.30513,0.369691,0.224004,0.977675,0.445828,0.508007,0.57038,0.244968,0.367904;88@0.228836,0.265313,0.303405,0.92606,0.753956,0.898523,0.005674;30@0.15761,0.010478,0.848389,0.015415,0.667012,0.348668,0.005102,0.07201,0.893493,0.535862|1|1762487393
I20251108 00:02:58.862045 139717798590272 data_text_parser.cc:116] beg_pos: 367,end_pos: 2578
I20251108 00:02:58.862058 139717798590272 data_text_parser.cc:59] line: 584|466|1720@2140105380:0.748185;1185@1668579044:0.640287;1587@1558589559:0.482346;1048@1820154812:0.871521;1413@1981923247:0.558144;1472@723479172:0.40576;1861@2106806397:0.704284;1430@2721954713:0.207831;1384@2473684582:0.430187;1829@2053841527:0.269396;1635@1646109686:0.977768;1785@3521136431:0.655929;1712@1329441790:0.471877;1116@2618138640:0.244804;1010@627904847:0.803804;1371@410447721:0.596073;1381@1908961469:0.541816;1736@1042315000:0.91882;1206@89030327:0.985964;1202@755442880:0.92953|67@0.853256,0.115062,0.238087,0.579084,0.190728,0.20549,0.752224,0.821529,0.963721,0.257735,0.310668;56@0.239456,0.81081,0.488287,0.177289,0.777376,0.214205,0.062385,0.795632,0.26044,0.686433,0.681305,0.451581;73@0.189949,0.084384;38@0.710915,0.858439,0.938065,0.548655,0.82157,0.704175,0.379056,0.298654,0.910632,0.045616;1@;14@0.257499,0.388665,0.090202,0.321319,0.726143,0.417413,0.738996,0.652799,0.028835;41@;32@0.704175,0.089671,0.20534,0.698885;70@0.090855,0.122184,0.206314,0.641459;43@0.084654,0.570352,0.357583,0.955338,0.172887,0.335515,0.947706,0.880581,0.818348,0.659151,0.238971;65@0.546553,0.340987,0.067361,0.016982;20@0.149615,0.076949,0.673483,0.005938;40@0.651676,0.761647,0.713507;100@0.216644;37@0.819455,0.89367,0.249644,0.879639,0.020236,0.684365,0.080981,0.483116,0.819764,0.68321,0.116993,0.091532,0.235333;27@0.723671,0.012017,0.051582,0.258014,0.678779,0.113486,0.253219;92@0.178951,0.870804,0.351453,0.523461,0.014888;10@0.70052,0.926424,0.612692,0.41216,0.510209,0.258191,0.315251,0.158632,0.501601,0.80044,0.235734,0.355055;75@0.60085,0.771047,0.536377,0.503421,0.175632,0.297286,0.026793,0.771411,0.106247,0.651705;84@0.675088,0.660502,0.959335,0.675448,0.562997,0.079095,0.59639,0.836643,0.098126,0.315803,0.574111;82@0.527841;47@0.136581,0.763863,0.796199,0.02264,0.239415,0.561618,0.153688,0.036114,0.453615,0.308788,0.546574;9@0.888059,0.92798,0.526672,0.518496,0.144928,0.845904,0.546841,0.608094,0.292842,0.714717,0.147456;39@0.870401,0.009134,0.549342,0.867052,0.329571,0.230735,0.532979,0.396011,0.834808;88@0.940991,0.153505,0.890141,0.123631,0.136037,0.833929,0.79744;30@0.50275,0.984962,0.685913,0.18307,0.053278,0.980294,0.113746,0.468842,0.722704,0.817265|1|1762487393
I20251108 00:02:58.862096 139717798590272 data_text_parser.cc:116] beg_pos: 2579,end_pos: 4784
I20251108 00:02:58.862109 139717798590272 data_text_parser.cc:59] line: 585|3|1720@3454775141:0.293336;1185@646729656:0.660274;1587@976733102:0.433767;1048@1599670772:0.350509;1413@840897223:0.04596;1472@1619987702:0.136845;1861@3756595120:0.110782;1430@1079983651:0.982001;1384@2403028260:0.098562;1829@712007861:0.004953;1635@2993828006:0.596268;1785@885751658:0.187772;1712@2757371590:0.181658;1116@566677572:0.101547;1010@2826231689:0.610874;1371@3863059834:0.652931;1381@1478572240:0.557842;1736@2580749596:0.642179;1206@3966280571:0.810713;1202@1458287381:0.322902|67@0.840988,0.943983,0.019267,0.282238,0.748577,0.445088,0.57022,0.529199,0.212138,0.550629,0.785528;56@0.083883,0.979823,0.147084,0.428273,0.464419,0.849892,0.497859,0.112895,0.070375,0.270799,0.445339,0.750487;73@0.740945,0.778249;38@0.626651,0.108337,0.040951,0.081233,0.168744,0.379465,0.651522,0.524976,0.207904,0.70337;1@;14@0.332922,0.315268,0.994493,0.028413,0.209956,0.621387,0.24128,0.469167,0.604982;41@;32@0.131459,0.470933,0.741633,0.200485;70@0.007031,0.212897,0.582692,0.167811;43@0.922222,0.875593,0.731205,0.49201,0.653289,0.754843,0.202857,0.69869,0.337956,0.02161,0.40655;65@0.841146,0.465193,0.182931,0.719347;20@0.194424,0.544981,0.964932,0.336098;40@0.224185,0.106598,0.124556;100@0.493895;37@0.56866,0.567318,0.462435,0.576712,0.087087,0.983925,0.959706,0.610925,0.89988,0.684195,0.620717,0.161528,0.027527;27@0.452202,0.521407,0.631325,0.70133,0.48877,0.31241,0.474629;92@0.26823,0.619346,0.955875,0.115269,0.356353;10@0.766111,0.56946,0.171073,0.271026,0.298317,0.971198,0.90745,0.298455,0.53516,0.876054,0.154925,0.429845;75@0.653777,0.203709,0.512793,0.95597,0.69678,0.849038,0.322388,0.281011,0.029983,0.388485;84@0.667817,0.829622,0.407402,0.832554,0.995014,0.037536,0.778083,0.139429,0.311278,0.230619,0.969003;82@0.064867;47@0.139648,0.005525,0.499372,0.785448,0.166449,0.218046,0.371374,0.903968,0.87536,0.065306,0.156005;9@0.757604,0.644632,0.362695,0.191634,0.179716,0.258824,0.443711,0.272653,0.407982,0.037018,0.358157;39@0.674443,0.110603,0.052216,0.419244,0.922154,0.845661,0.036026,0.962246,0.075813;88@0.518674,0.296347,0.800979,0.415087,0.872869,0.470333,0.162196;30@0.557625,0.371449,0.333635,0.835641,0.84363,0.69571,0.594427,0.23715,0.995812,0.17134|0|1762487393
I20251108 00:02:58.862149 139717798590272 data_text_parser.cc:116] beg_pos: 4785,end_pos: 6993
I20251108 00:02:58.862162 139717798590272 data_text_parser.cc:59] line: 586|390|1720@2798550342:0.90692;1185@3263617369:0.862639;1587@232924196:0.816672;1048@3850217710:0.95192;1413@596752653:0.249008;1472@1204765209:0.968065;1861@2737027774:0.916495;1430@3279947184:0.590469;1384@237784065:0.267913;1829@4074655253:0.96604;1635@523149577:0.463144;1785@1430437857:0.98238;1712@403239728:0.746442;1116@4023783382:0.720922;1010@994323112:0.641323;1371@2785741259:0.377693;1381@546908809:0.438366;1736@1155860147:0.562576;1206@479621636:0.101493;1202@1462669164:0.769791|67@0.727624,0.332628,0.715354,0.242256,0.120423,0.042065,0.905464,0.789139,0.625866,0.260819,0.4284;56@0.613918,0.85241,0.598542,0.265269,0.643796,0.315206,0.782561,0.974659,0.430183,0.578547,0.242822,0.005269;73@0.491053,0.215817;38@0.78098,0.943916,0.028868,0.779555,0.934831,0.849201,0.665142,0.603422,0.044405,0.353789;1@;14@0.505939,0.595958,0.639093,0.324699,0.951656,0.675255,0.279522,0.167784,0.052836;41@;32@0.348324,0.173748,0.228158,0.312625;70@0.885664,0.135947,0.904362,0.931949;43@0.10307,0.822144,0.337207,0.457108,0.178669,0.463421,0.885983,0.598616,0.478362,0.992444,0.198017;65@0.386389,0.818919,0.560693,0.420969;20@0.870901,0.221999,0.188685,0.12091;40@0.650705,0.167809,0.659784;100@0.1866;37@0.330797,0.565609,0.582313,0.909299,0.039409,0.277357,0.157725,0.074324,0.018655,0.42223,0.305496,0.356291,0.931874;27@0.54361,0.81418,0.075499,0.612096,0.802826,0.865161,0.617387;92@0.802889,0.578827,0.991368,0.689266,0.142215;10@0.140419,0.137215,0.879099,0.578888,0.673579,0.789478,0.376513,0.717026,0.970756,0.861304,0.589645,0.370705;75@0.485641,0.731119,0.25768,0.325285,0.262048,0.820698,0.103184,0.141522,0.514408,0.019751;84@0.381538,0.874868,0.345925,0.927448,0.175505,0.603212,0.508944,0.23785,0.828064,0.988018,0.738613;82@0.619629;47@0.258196,0.353675,0.139583,0.119953,0.220034,0.476645,0.809047,0.930883,0.942462,0.230343,0.368027;9@0.142668,0.682936,0.148402,0.293438,0.511766,0.626913,0.145777,0.891007,0.035993,0.719795,0.539577;39@0.644279,0.284998,0.870635,0.290446,0.756759,0.431029,0.646894,0.034064,0.119256;88@0.557184,0.717638,0.50539,0.342727,0.22031,0.564919,0.95184;30@0.73973,0.347151,0.739136,0.658351,0.839833,0.408633,0.065939,0.246795,0.079662,0.472158|1|1762487393
I20251108 00:02:58.862193 139717798590272 data_text_parser.cc:116] beg_pos: 6994,end_pos: 9198
I20251108 00:02:58.862206 139717798590272 data_text_parser.cc:59] line: 587|853|1720@78998066:0.188667;1185@2376651635:0.169291;1587@1770782868:0.039799;1048@2203308287:0.670432;1413@3568791304:0.343977;1472@1980704328:0.840537;1861@3383258316:0.983081;1430@3642599960:0.379002;1384@3807712298:0.773676;1829@3402313574:0.401013;1635@2687667895:0.946507;1785@2667331094:0.518081;1712@883950721:0.60368;1116@3612357084:0.267871;1010@3468214715:0.900092;1371@323721729:0.269836;1381@3892619255:0.917735;1736@1263155131:0.198777;1206@1689323979:0.293059;1202@4008942526:0.681508|67@0.795522,0.56385,0.957022,0.699488,0.61399,0.582194,0.810524,0.550469,0.311676,0.2087,0.880882;56@0.052191,0.8095,0.456113,0.390121,0.525878,0.78213,0.381796,0.618913,0.060178,0.690262,0.147702,0.260561;73@0.58317,0.973153;38@0.731569,0.025168,0.789429,0.267423,0.432633,0.242023,0.219471,0.774543,0.111266,0.790355;1@;14@0.148108,0.465166,0.096716,0.90675,0.818309,0.078807,0.305963,0.416928,0.016556;41@;32@0.425051,0.724828,0.300156,0.56951;70@0.003676,0.061675,0.918651,0.446617;43@0.79974,0.540101,0.433675,0.432791,0.624186,0.725493,0.077871,0.485816,0.679685,0.703184,0.330043;65@0.67461,0.687364,0.502974,0.535376;20@0.513363,0.583583,0.556975,0.043464;40@0.80955,0.154287,0.134101;100@0.141616;37@0.306826,0.257749,0.475977,0.853849,0.938871,0.831153,0.894939,0.552116,0.544674,0.228447,0.51497,0.54837,0.947277;27@0.43584,0.356892,0.140256,0.362949,0.553043,0.552647,0.008043;92@0.791342,0.405485,0.536966,0.184759,0.67261;10@0.450547,0.709275,0.244158,0.351231,0.421575,0.974889,0.499797,0.171921,0.780308,0.054285,0.234064,0.125683;75@0.552477,0.904684,0.751817,0.792887,0.33941,0.755198,0.546251,0.456683,0.858133,0.02193;84@0.173769,0.881226,0.31032,0.879041,0.186453,0.119329,0.034637,0.288858,0.910089,0.145102,0.252727;82@0.535077;47@0.77812,0.329554,0.384878,0.915413,0.463852,0.442341,0.602341,0.382589,0.56214,0.701173,0.616368;9@0.45506,0.690389,0.788726,0.332449,0.925359,0.085465,0.494427,0.727871,0.95769,0.343435,0.853849;39@0.929965,0.351577,0.480839,0.258408,0.847863,0.843446,0.344525,0.721015,0.75571;88@0.88297,0.009658,0.390328,0.082997,0.443007,0.751647,0.230869;30@0.820205,0.7054,0.041616,0.135896,0.432309,0.327073,0.857115,0.346212,0.665308,0.443036|0|1762487393
I20251108 00:02:58.862246 139717798590272 data_text_parser.cc:116] beg_pos: 9199,end_pos: 11412
I20251108 00:02:58.862258 139717798590272 data_text_parser.cc:59] line: 588|504|1720@3932690928:0.363683;1185@1954009903:0.400453;1587@3304666677:0.40896;1048@1033684960:0.100901;1413@291763698:0.61094;1472@2790145676:0.656533;1861@325723197:0.139168;1430@431011675:0.444922;1384@2765344562:0.533053;1829@4076245467:0.73762;1635@2935362703:0.201263;1785@2211281440:0.989947;1712@1278007371:0.239278;1116@392349010:0.390332;1010@1571501894:0.282592;1371@1212652345:0.733308;1381@3424842665:0.767695;1736@3289998358:0.344424;1206@133107209:0.324751;1202@1660572140:0.973624|67@0.907946,0.50202,0.404362,0.369272,0.637441,0.46395,0.708001,0.415686,0.947091,0.730663,0.774708;56@0.582011,0.57585,0.745637,0.140081,0.315707,0.799146,0.823133,0.173714,0.337149,0.909504,0.024478,0.164692;73@0.379357,0.699521;38@0.556312,0.566843,0.512644,0.81595,0.09168,0.99875,0.424429,0.772188,0.478552,0.228767;1@;14@0.894709,0.157911,0.854163,0.839039,0.613707,0.22018,0.075017,0.872226,0.612025;41@;32@0.459277,0.451182,0.035783,0.190651;70@0.649714,0.890759,0.347229,0.506586;43@0.718037,0.166384,0.950814,0.806285,0.179676,0.454218,0.128537,0.05049,0.724322,0.999965,0.763644;65@0.962263,0.379357,0.845679,0.41677;20@0.699709,0.694241,0.44971,0.559639;40@0.403978,0.739802,0.811763;100@0.710468;37@0.836918,0.468925,0.051232,0.538147,0.034929,0.627402,0.737186,0.732594,0.620719,0.494581,0.76502,0.254201,0.027765;27@0.193983,0.224178,0.252918,0.833709,0.295525,0.086575,0.519628;92@0.056051,0.928502,0.772671,0.523805,0.273357;10@0.343363,0.758412,0.140096,0.259299,0.048185,0.153073,0.045318,0.413249,0.265631,0.065192,0.983792,0.666086;75@0.936973,0.510524,0.266132,0.327551,0.833841,0.332903,0.446099,0.343021,0.431679,0.704859;84@0.224659,0.682955,0.903087,0.354769,0.381836,0.615287,0.565992,0.515071,0.635929,0.673131,0.857621;82@0.294536;47@0.692597,0.804003,0.789648,0.664459,0.269442,0.287292,0.437069,0.825215,0.574267,0.223074,0.264964;9@0.170799,0.445566,0.793103,0.893102,0.087239,0.00227,0.384923,0.903876,0.637994,0.4841,0.959553;39@0.160043,0.481211,0.319494,0.959581,0.462604,0.140154,0.546406,0.245989,0.862591;88@0.680064,0.075528,0.47731,0.152225,0.656758,0.205268,0.934617;30@0.545907,0.355097,0.752196,0.757818,0.417473,0.654288,0.221137,0.589089,0.616587,0.40743|0|1762487393

s:  <DataFlow.csrc.pybind_module.BatchRow object at 0x7f1288b26c70>
s:  <DataFlow.csrc.pybind_module.BatchRow object at 0x7f1288b26630>
s:  <DataFlow.csrc.pybind_module.BatchRow object at 0x7f1288cf6ef0>
s:  <DataFlow.csrc.pybind_module.BatchRow object at 0x7f1288b26630>
s:  <DataFlow.csrc.pybind_module.BatchRow object at 0x7f1288cf6ef0>
s:  <DataFlow.csrc.pybind_module.BatchRow object at 0x7f1288b26630>
s:  <DataFlow.csrc.pybind_module.BatchRow object at 0x7f1288cf6ef0>
s:  <DataFlow.csrc.pybind_module.BatchRow object at 0x7f1288b26630>
s:  <DataFlow.csrc.pybind_module.BatchRow object at 0x7f1288cf6ef0>
s:  <DataFlow.csrc.pybind_module.BatchRow object at 0x7f1288b26630>
s:  <DataFlow.csrc.pybind_module.BatchRow object at 0x7f1288cf6ef0>
s:  <DataFlow.csrc.pybind_module.BatchRow object at 0x7f1288b26630>
s:  <DataFlow.csrc.pybind_module.BatchRow object at 0x7f1288cf6ef0>
s:  <DataFlow.csrc.pybind_module.BatchRow object at 0x7f1288b26630>
s:  <DataFlow.csrc.pybind_module.BatchRow object at 0x7f1288cf6ef0>
s:  <DataFlow.csrc.pybind_module.BatchRow object at 0x7f1288b26630>
s:  <DataFlow.csrc.pybind_module.BatchRow object at 0x7f1288cf6ef0>
s:  <DataFlow.csrc.pybind_module.BatchRow object at 0x7f1288b26630>
s:  <DataFlow.csrc.pybind_module.BatchRow object at 0x7f1288cf6ef0>
s:  <DataFlow.csrc.pybind_module.BatchRow object at 0x7f1288b26630>
s:  <DataFlow.csrc.pybind_module.BatchRow object at 0x7f1288cf6ef0>
s:  <DataFlow.csrc.pybind_module.BatchRow object at 0x7f1288b26630>
s:  <DataFlow.csrc.pybind_module.BatchRow object at 0x7f1288cf6ef0>
s:  <DataFlow.csrc.pybind_module.BatchRow object at 0x7f1288b26630>
s:  <DataFlow.csrc.pybind_module.BatchRow object at 0x7f1288cf6ef0>
s:  <DataFlow.csrc.pybind_module.BatchRow object at 0x7f1288b26630>
s:  <DataFlow.csrc.pybind_module.BatchRow object at 0x7f1288cf6ef0>
s:  <DataFlow.csrc.pybind_module.BatchRow object at 0x7f1288b26630>
s:  <DataFlow.csrc.pybind_module.BatchRow object at 0x7f1288cf6ef0>
s:  <DataFlow.csrc.pybind_module.BatchRow object at 0x7f1288b26630>
s:  <DataFlow.csrc.pybind_module.BatchRow object at 0x7f1288cf6ef0>
s:  <DataFlow.csrc.pybind_module.BatchRow object at 0x7f1288b26630>
s:  <DataFlow.csrc.pybind_module.BatchRow object at 0x7f1288cf6ef0>
s:  <DataFlow.csrc.pybind_module.BatchRow object at 0x7f1288b26630>
s:  <DataFlow.csrc.pybind_module.BatchRow object at 0x7f1288cf6ef0>
s:  <DataFlow.csrc.pybind_module.BatchRow object at 0x7f1288b26630>
s:  <DataFlow.csrc.pybind_module.BatchRow object at 0x7f1288cf6ef0>
s:  <DataFlow.csrc.pybind_module.BatchRow object at 0x7f1288b26630>
s:  <DataFlow.csrc.pybind_module.BatchRow object at 0x7f1288cf6ef0>
s:  <DataFlow.csrc.pybind_module.BatchRow object at 0x7f1288b26630>
s:  <DataFlow.csrc.pybind_module.BatchRow object at 0x7f1288cf6ef0>
s:  <DataFlow.csrc.pybind_module.BatchRow object at 0x7f1288b26630>
s:  <DataFlow.csrc.pybind_module.BatchRow object at 0x7f1288cf6ef0>
s:  <DataFlow.csrc.pybind_module.BatchRow object at 0x7f1288b26630>
s:  <DataFlow.csrc.pybind_module.BatchRow object at 0x7f1288cf6ef0>
s:  <DataFlow.csrc.pybind_module.BatchRow object at 0x7f1288b26630>
s:  <DataFlow.csrc.pybind_module.BatchRow object at 0x7f1288cf6ef0>
s:  <DataFlow.csrc.pybind_module.BatchRow object at 0x7f1288b26630>
s:  <DataFlow.csrc.pybind_module.BatchRow object at 0x7f1288cf6ef0>
s:  <DataFlow.csrc.pybind_module.BatchRow object at 0x7f1288b26630>
s:  <DataFlow.csrc.pybind_module.BatchRow object at 0x7f1288cf6ef0>
s:  <DataFlow.csrc.pybind_module.BatchRow object at 0x7f1288b26630>
s:  <DataFlow.csrc.pybind_module.BatchRow object at 0x7f1288cf6ef0>
s:  <DataFlow.csrc.pybind_module.BatchRow object at 0x7f1288b26630>
s:  <DataFlow.csrc.pybind_module.BatchRow object at 0x7f1288cf6ef0>
s:  <DataFlow.csrc.pybind_module.BatchRow object at 0x7f1288b26630>
s:  <DataFlow.csrc.pybind_module.BatchRow object at 0x7f1288cf6ef0>
s:  <DataFlow.csrc.pybind_module.BatchRow object at 0x7f1288b26630>
s:  <DataFlow.csrc.pybind_module.BatchRow object at 0x7f1288cf6ef0>
s:  <DataFlow.csrc.pybind_module.BatchRow object at 0x7f1288b26630>
s:  <DataFlow.csrc.pybind_module.BatchRow object at 0x7f1288cf6ef0>
s:  <DataFlow.csrc.pybind_module.BatchRow object at 0x7f1288b26630>
s:  <DataFlow.csrc.pybind_module.BatchRow object at 0x7f1288cf6ef0>
s:  <DataFlow.csrc.pybind_module.BatchRow object at 0x7f1288b26630>
s:  <DataFlow.csrc.pybind_module.BatchRow object at 0x7f1288cf6ef0>
s:  <DataFlow.csrc.pybind_module.BatchRow object at 0x7f1288b26630>
s:  <DataFlow.csrc.pybind_module.BatchRow object at 0x7f1288cf6ef0>
s:  <DataFlow.csrc.pybind_module.BatchRow object at 0x7f1288b26630>
s:  <DataFlow.csrc.pybind_module.BatchRow object at 0x7f1288cf6ef0>
s:  <DataFlow.csrc.pybind_module.BatchRow object at 0x7f1288b26630>
s:  <DataFlow.csrc.pybind_module.BatchRow object at 0x7f1288cf6ef0>
s:  <DataFlow.csrc.pybind_module.BatchRow object at 0x7f1288b26630>
s:  <DataFlow.csrc.pybind_module.BatchRow object at 0x7f1288cf6ef0>
s:  <DataFlow.csrc.pybind_module.BatchRow object at 0x7f1288b26630>
s:  <DataFlow.csrc.pybind_module.BatchRow object at 0x7f1288cf6ef0>
s:  <DataFlow.csrc.pybind_module.BatchRow object at 0x7f1288b26630>
s:  <DataFlow.csrc.pybind_module.BatchRow object at 0x7f1288cf6ef0>
s:  <DataFlow.csrc.pybind_module.BatchRow object at 0x7f1288b26630>
s:  <DataFlow.csrc.pybind_module.BatchRow object at 0x7f1288cf6ef0>
s:  <DataFlow.csrc.pybind_module.BatchRow object at 0x7f1288b26630>
s:  <DataFlow.csrc.pybind_module.BatchRow object at 0x7f1288cf6ef0>
s:  <DataFlow.csrc.pybind_module.BatchRow object at 0x7f1288b26630>
s:  <DataFlow.csrc.pybind_module.BatchRow object at 0x7f1288cf6ef0>
s:  <DataFlow.csrc.pybind_module.BatchRow object at 0x7f1288b26630>
s:  <DataFlow.csrc.pybind_module.BatchRow object at 0x7f1288cf6ef0>
s:  <DataFlow.csrc.pybind_module.BatchRow object at 0x7f1288b26630>
s:  <DataFlow.csrc.pybind_module.BatchRow object at 0x7f1288cf6ef0>
s:  <DataFlow.csrc.pybind_module.BatchRow object at 0x7f1288b26630>
s:  <DataFlow.csrc.pybind_module.BatchRow object at 0x7f1288cf6ef0>
s:  <DataFlow.csrc.pybind_module.BatchRow object at 0x7f1288b26630>
s:  <DataFlow.csrc.pybind_module.BatchRow object at 0x7f1288cf6ef0>
s:  <DataFlow.csrc.pybind_module.BatchRow object at 0x7f1288b26630>
s:  <DataFlow.csrc.pybind_module.BatchRow object at 0x7f1288cf6ef0>
s:  <DataFlow.csrc.pybind_module.BatchRow object at 0x7f1288b26630>
s:  <DataFlow.csrc.pybind_module.BatchRow object at 0x7f1288cf6ef0>
s:  <DataFlow.csrc.pybind_module.BatchRow object at 0x7f1288b26630>
s:  <DataFlow.csrc.pybind_module.BatchRow object at 0x7f1288cf6ef0>
s:  <DataFlow.csrc.pybind_module.BatchRow object at 0x7f1288b26630>
s:  <DataFlow.csrc.pybind_module.BatchRow object at 0x7f1288cf6ef0>
s:  <DataFlow.csrc.pybind_module.BatchRow object at 0x7f1288b26630>
s:  <DataFlow.csrc.pybind_module.BatchRow object at 0x7f1288cf6ef0>
s:  <DataFlow.csrc.pybind_module.BatchRow object at 0x7f1288b26630>
s:  <DataFlow.csrc.pybind_module.BatchRow object at 0x7f1288cf6ef0>
s:  <DataFlow.csrc.pybind_module.BatchRow object at 0x7f1288b26630>
s:  <DataFlow.csrc.pybind_module.BatchRow object at 0x7f1288cf6ef0>
s:  <DataFlow.csrc.pybind_module.BatchRow object at 0x7f1288b26630>
s:  <DataFlow.csrc.pybind_module.BatchRow object at 0x7f1288cf6ef0>
s:  <DataFlow.csrc.pybind_module.BatchRow object at 0x7f1288b26630>
s:  <DataFlow.csrc.pybind_module.BatchRow object at 0x7f1288cf6ef0>
s:  <DataFlow.csrc.pybind_module.BatchRow object at 0x7f1288b26630>
s:  <DataFlow.csrc.pybind_module.BatchRow object at 0x7f1288cf6ef0>
s:  <DataFlow.csrc.pybind_module.BatchRow object at 0x7f1288b26630>
s:  <DataFlow.csrc.pybind_module.BatchRow object at 0x7f1288cf6ef0>
s:  <DataFlow.csrc.pybind_module.BatchRow object at 0x7f1288b26630>
s:  <DataFlow.csrc.pybind_module.BatchRow object at 0x7f1288cf6ef0>
s:  <DataFlow.csrc.pybind_module.BatchRow object at 0x7f1288b26630>
s:  <DataFlow.csrc.pybind_module.BatchRow object at 0x7f1288cf6ef0>
s:  <DataFlow.csrc.pybind_module.BatchRow object at 0x7f1288b26630>
s:  <DataFlow.csrc.pybind_module.BatchRow object at 0x7f1288cf6ef0>
s:  <DataFlow.csrc.pybind_module.BatchRow object at 0x7f1288b26630>
s:  <DataFlow.csrc.pybind_module.BatchRow object at 0x7f1288cf6ef0>I20251108 00:02:58.862320 139717798590272 data_text_parser.cc:116] beg_pos: 11413,end_pos: 13620
I20251108 00:02:58.862333 139717798590272 data_text_parser.cc:59] line: 589|781|1720@1626038279:0.856143;1185@388563577:0.497451;1587@3343759445:0.793357;1048@3227719217:0.666324;1413@1753052178:0.749733;1472@3119041193:0.646175;1861@2309522751:0.132531;1430@1628467969:0.167101;1384@3069347255:0.266213;1829@2782598802:0.085653;1635@2194225457:0.044702;1785@2944192318:0.524724;1712@1523852024:0.548284;1116@3414684109:0.02683;1010@3658992329:0.762933;1371@2449073900:0.169032;1381@3000980297:0.501387;1736@2049281228:0.160225;1206@4157041282:0.201562;1202@211621926:0.618109|67@0.144055,0.085163,0.743471,0.851153,0.452984,0.159624,0.927391,0.941102,0.005133,0.113685,0.992288;56@0.350294,0.83758,0.197217,0.278525,0.208243,0.078761,0.560384,0.016796,0.364341,0.138071,0.233337,0.636332;73@0.000901,0.574236;38@0.821873,0.835771,0.0055,0.440893,0.476,0.436423,0.812329,0.456353,0.309445,0.771406;1@;14@0.238259,0.935266,0.566501,0.460125,0.708952,0.852013,0.466572,0.512865,0.722787;41@;32@0.802136,0.841249,0.292056,0.671185;70@0.100941,0.178369,0.151185,0.053293;43@0.885433,0.93539,0.486594,0.09225,0.662889,0.572612,0.961015,0.910389,0.250588,0.07774,0.378319;65@0.446585,0.258623,0.505374,0.805661;20@0.325831,0.839565,0.521448,0.950028;40@0.31124,0.367628,0.473252;100@0.708075;37@0.944633,0.873902,0.734808,0.248878,0.707767,0.518745,0.7923,0.57966,0.536312,0.044034,0.677397,0.475597,0.201259;27@0.10042,0.464192,0.388297,0.195652,0.164956,0.109704,0.959898;92@0.097155,0.922962,0.407047,0.116427,0.013811;10@0.548874,0.046007,0.612016,0.12481,0.691177,0.304867,0.912034,0.371686,0.24663,0.648759,0.505209,0.91836;75@0.658197,0.760106,0.007806,0.552386,0.474546,0.852,0.166811,0.806051,0.327813,0.971952;84@0.68553,0.220156,0.926605,0.883467,0.830798,0.831479,0.443583,0.701483,0.32818,0.876047,0.964472;82@0.336489;47@0.846339,0.411848,0.603262,0.938281,0.306575,0.006607,0.808317,0.741792,0.576354,0.126511,0.906476;9@0.00708,0.982746,0.990906,0.213544,0.073887,0.87731,0.220952,0.878502,0.060587,0.35686,0.273503;39@0.616463,0.771414,0.565968,0.703865,0.924156,0.61355,0.020577,0.833591,0.257054;88@0.091714,0.293806,0.857895,0.548594,0.090153,0.204789,0.451192;30@0.764541,0.42175,0.502298,0.842466,0.067283,0.507243,0.657836,0.650298,0.214317,0.926721|1|1762487393
I20251108 00:02:58.862370 139717798590272 data_text_parser.cc:116] beg_pos: 13621,end_pos: 15837
I20251108 00:02:58.862383 139717798590272 data_text_parser.cc:59] line: 590|202|1720@2643552230:0.48659;1185@1363176172:0.163761;1587@1736607749:0.378645;1048@1693593313:0.618022;1413@763779489:0.211416;1472@1389554682:0.40925;1861@460328114:0.100614;1430@370771018:0.329483;1384@1771267462:0.764818;1829@4141471149:0.76312;1635@1102650781:0.414645;1785@3283646335:0.912933;1712@155412287:0.059025;1116@3850316951:0.673194;1010@1059756508:0.494215;1371@4284442125:0.145562;1381@1652739801:0.795274;1736@115329456:0.516604;1206@688750867:0.485826;1202@2591861378:0.897374|67@0.146064,0.646801,0.358134,0.080656,0.070661,0.698104,0.505856,0.422877,0.989263,0.170611,0.993982;56@0.271382,0.914832,0.84177,0.716496,0.824288,0.878562,0.117434,0.720353,0.819307,0.911518,0.18339,0.312925;73@0.03125,0.469226;38@0.256576,0.836458,0.770239,0.348715,0.230501,0.371905,0.06611,0.33613,0.785268,0.064654;1@;14@0.938204,0.719577,0.713656,0.667282,0.005597,0.281256,0.525038,0.803725,0.880905;41@;32@0.189012,0.043554,0.040231,0.770362;70@0.27468,0.509158,0.763182,0.184638;43@0.347972,0.809221,0.811482,0.975317,0.286961,0.440191,0.568406,0.224311,0.73246,0.113292,0.658301;65@0.813535,0.956585,0.347025,0.280898;20@0.412143,0.805654,0.424926,0.332914;40@0.178186,0.404784,0.619093;100@0.198123;37@0.76441,0.976994,0.727182,0.791417,0.604851,0.563319,0.055195,0.280891,0.924552,0.539265,0.106969,0.720373,0.826218;27@0.207284,0.506913,0.516317,0.971697,0.410999,0.725456,0.550267;92@0.767893,0.849483,0.341094,0.529605,0.242346;10@0.209093,0.417708,0.566559,0.714631,0.110528,0.198231,0.926222,0.266354,0.734116,0.173278,0.263418,0.175439;75@0.659623,0.627874,0.442381,0.356431,0.420491,0.23093,0.813898,0.460661,0.210895,0.301259;84@0.761717,0.665623,0.889122,0.736295,0.705985,0.481947,0.365717,0.583269,0.284689,0.352073,0.01803;82@0.770613;47@0.898757,0.799883,0.818681,0.891886,0.454737,0.350781,0.209927,0.481708,0.856506,0.815378,0.772858;9@0.870217,0.126633,0.173901,0.683195,0.779095,0.525629,0.072988,0.521184,0.125479,0.160112,0.066243;39@0.692509,0.249825,0.369968,0.554656,0.224272,0.196857,0.380033,0.992276,0.327882;88@0.386795,0.340702,0.707848,0.418428,0.814755,0.613024,0.866152;30@0.02779,0.138747,0.955396,0.417497,0.373637,0.597611,0.418407,0.839919,0.86975,0.879701|0|1762487393
I20251108 00:02:58.862420 139717798590272 data_text_parser.cc:116] beg_pos: 15838,end_pos: 18053
I20251108 00:02:58.862433 139717798590272 data_text_parser.cc:59] line: 591|140|1720@881863411:0.327449;1185@3000980297:0.201215;1587@2048627904:0.521186;1048@2646908685:0.279664;1413@490271709:0.94041;1472@1406132489:0.96746;1861@3158315302:0.636226;1430@3634826022:0.674461;1384@1741888165:0.891576;1829@4272558795:0.766946;1635@2837315958:0.193544;1785@3088218953:0.281478;1712@3995345750:0.297613;1116@1047424350:0.224584;1010@3952059765:0.851605;1371@1692649047:0.365212;1381@1032101265:0.34942;1736@4015616577:0.017104;1206@1017265572:0.482355;1202@3234955523:0.228616|67@0.929546,0.244809,0.964357,0.403832,0.741047,0.796563,0.985314,0.720882,0.686488,0.101695,0.786886;56@0.237345,0.584423,0.625113,0.139244,0.846377,0.600443,0.47426,0.566229,0.17825,0.860409,0.097195,0.144796;73@0.659069,0.704869;38@0.853818,0.65872,0.021718,0.827561,0.648617,0.183348,0.436466,0.674992,0.585872,0.561569;1@;14@0.905766,0.297089,0.322001,0.773516,0.62389,0.309213,0.519168,0.457657,0.319359;41@;32@0.531416,0.256535,0.02491,0.33366;70@0.305563,0.175783,0.588126,0.308438;43@0.819339,0.001992,0.46036,0.259165,0.954794,0.924992,0.094395,0.058597,0.350172,0.868609,0.390943;65@0.563515,0.65231,0.503327,0.513802;20@0.265978,0.770391,0.876192,0.720914;40@0.654024,0.157725,0.961352;100@0.534592;37@0.652656,0.014123,0.68236,0.336934,0.662348,0.307958,0.325328,0.325706,0.794876,0.018876,0.065949,0.221773,0.583277;27@0.752186,0.901267,0.004399,0.836533,0.992949,0.771612,0.591496;92@0.799075,0.172506,0.27303,0.660376,0.535204;10@0.474131,0.332355,0.71969,0.276567,0.934839,0.923264,0.476378,0.723503,0.069314,0.357509,0.905652,0.098595;75@0.866674,0.962926,0.079336,0.997956,0.913846,0.343314,0.234888,0.274854,0.692073,0.265089;84@0.887543,0.029132,0.713948,0.168282,0.863673,0.575243,0.713258,0.17746,0.988689,0.564096,0.190409;82@0.097881;47@0.587296,0.903794,0.275088,0.923061,0.508443,0.782194,0.659427,0.336002,0.216542,0.890733,0.914939;9@0.329193,0.355171,0.221684,0.720844,0.818305,0.86086,0.619652,0.99844,0.317284,0.914218,0.258458;39@0.158493,0.630766,0.014371,0.585773,0.185758,0.912652,0.781467,0.240455,0.996888;88@0.341001,0.75964,0.617239,0.447844,0.467713,0.165316,0.827866;30@0.93211,0.117483,0.07848,0.850996,0.205573,0.966304,0.757171,0.680438,0.337654,0.584986|0|1762487393
I20251108 00:02:58.862470 139717798590272 data_text_parser.cc:116] beg_pos: 18054,end_pos: 20270
I20251108 00:02:58.862482 139717798590272 data_text_parser.cc:59] line: 592|292|1720@2889337606:0.735207;1185@2436197483:0.953221;1587@4027822449:0.41045;1048@1218319593:0.112086;1413@4264372819:0.82637;1472@4272571220:0.352256;1861@1847523107:0.976799;1430@3892452926:0.171241;1384@1768011219:0.04282;1829@1600425932:0.318685;1635@176466766:0.283228;1785@3418876364:0.237828;1712@3899254227:0.676627;1116@3933254427:0.005332;1010@2799963035:0.323603;1371@2337444929:0.026536;1381@367798337:0.883271;1736@1570596008:0.599294;1206@1873918344:0.815158;1202@1646981861:0.528585|67@0.566835,0.491357,0.314894,0.326098,0.489956,0.104613,0.371121,0.242262,0.973012,0.504176,0.510005;56@0.477986,0.658564,0.922757,0.486041,0.035465,0.210097,0.628104,0.993134,0.412713,0.21275,0.76844,0.648209;73@0.467404,0.46102;38@0.754818,0.709829,0.64054,0.877578,0.666521,0.443938,0.541669,0.590716,0.276605,0.048579;1@;14@0.488075,0.437396,0.117802,0.501062,0.59614,0.081536,0.529954,0.583839,0.778686;41@;32@0.629258,0.873473,0.837772,0.021858;70@0.300397,0.579577,0.593207,0.475882;43@0.659476,0.072253,0.571091,0.845629,0.757207,0.606428,0.757035,0.893993,0.947821,0.746168,0.53091;65@0.970446,0.202292,0.264071,0.255125;20@0.498333,0.330766,0.88584,0.383739;40@0.617942,0.090097,0.97632;100@0.068141;37@0.747021,0.334678,0.908678,0.997325,0.890961,0.890805,0.377434,0.910311,0.445259,0.098955,0.178558,0.829462,0.022099;27@0.497997,0.703024,0.945488,0.871685,0.109123,0.830789,0.088563;92@0.84517,0.104178,0.649065,0.543905,0.749301;10@0.451227,0.333048,0.909756,0.666698,0.788669,0.536572,0.259815,0.571094,0.501588,0.272485,0.091275,0.589886;75@0.785869,0.882079,0.586473,0.063728,0.925383,0.42876,0.305684,0.673416,0.03053,0.150372;84@0.583115,0.659337,0.612947,0.156456,0.624522,0.853328,0.981693,0.777657,0.328836,0.49672,0.427153;82@0.849131;47@0.084544,0.948682,0.082344,0.744888,0.746197,0.678862,0.480277,0.714593,0.52539,0.878417,0.149032;9@0.834347,0.92301,0.217586,0.655044,0.636965,0.68958,0.851438,0.129037,0.182835,0.131727,0.221864;39@0.283999,0.76618,0.400312,0.340132,0.364374,0.125374,0.656443,0.950827,0.882124;88@0.363506,0.108635,0.944513,0.162361,0.301619,0.529941,0.095657;30@0.261866,0.081313,0.492273,0.536625,0.018248,0.853214,0.462907,0.739397,0.629734,0.931554|0|1762487393
I20251108 00:02:58.862510 139717798590272 data_text_parser.cc:116] beg_pos: 20271,end_pos: 20480
I20251108 00:02:58.862785 139717798590272 data_text_parser.cc:101] get chunk buffer, size: 20480
I20251108 00:02:58.862814 139717798590272 data_text_parser.cc:116] beg_pos: 0,end_pos: 2008
I20251108 00:02:58.862822 139717798590272 data_text_parser.cc:61] buffer line: 593|335|1720@4197772736:0.813803;1185@840471249:0.752449;1587@3791907982:0.14822;1048@1178373232:0.450005;1413@1963809236:0.015831;1472@1154411282:0.718081;1861@3322026665:0.376374;1430@4166655004:0.839471;1384@2081221514:0.972157;1829@3104364309:0.745731;1635@2104639966:0.302805;1785@1608080021:0.331527;1712@3341009823:0.044962;1116@4110336323:0.10198;1010@3596147866:0.683488;1371@3517472081:0.620438;1381@2587015941:0.994959;1736@2433100831:0.444875;1206@4200362228:0.724814;1202@1267349400:0.381163|67@0.333835,0.602793,0.756586,0.652535,0.485855,0.898507,0.539237,0.48446,0.3304,0.550128,0.438055;56@0.509175,0.423856,0.121125,0.811838,0.344628,0.005416,0.423697,0.901581,0.859485,0.515558,0.512426,0.281258;73@0.651073,0.674587;38@0.533929,0.483908,0.323727,0.842745,0.282132,0.985399,0.821752,0.934674,0.312869,0.027026;1@;14@0.864651,0.817613,0.986329,0.502095,0.768791,0.621463,0.973956,0.995501,0.543234;41@;32@0.924107,0.821439,0.050002,0.828172;70@0.409813,0.235985,0.456375,0.814072;43@0.534228,0.913661,0.209418,0.82651,0.173665,0.727356,0.061707,0.09292,0.827142,0.720748,0.381355;65@0.236648,0.211435,0.422377,0.802836;20@0.061382,0.109716,0.42851,0.011745;40@0.333902,0.20152,0.157142;100@0.595671;37@0.788303,0.458427,0.095878,0.317935,0.005085,0.827952,0.931879,0.675751,0.9798,0.725663,0.565273,0.882083,0.818324;27@0.870594,0.475142,0.239596,0.250046,0.323954,0.820415,0.21372;92@0.871426,0.513571,0.620066,0.743722,0.636335;10@0.864751,0.548098,0.127088,0.305792,0.658773,0.659899,0.839518,0.643086,0.981753,0.936824,0.512325,0.101262;75@0.867962,0.558485,0.204865,0.737969,0.01132,0.742529,0.051519,0.842324,0.102587,0.198261;84@0.611784,0.044911,0.967271,0.152959,0.464891,0.947741,0.449053,0.588702,0.241822,0.693824,0.347664;82@0.973585;47@0.831414,0.6795,0.832576,0.033725,0.509024,0.149353,0.441006,0.739948,0.741884,0.425137,0.561913;9@0.497154,0.024665,0.676423,0.447497,0.646355,0.07709,0.379417,0.057622,0.026164,0.876847,0.411866;39@0.027322,0.220018,0.666994,0.763312,0.39793,0.159276,0.115532,0.901332,0.667494;88@0.333197,0.933899,0.622402,0.238796,0.67297,0.824253,0.615535;30@0.091465,0.117615,0.84476,0.311997,0.724115,0.817496,0.161668,0.583311,0.641853,0.470197|0|1762487393
I20251108 00:02:58.862861 139717798590272 data_text_parser.cc:116] beg_pos: 2009,end_pos: 4218
I20251108 00:02:58.862874 139717798590272 data_text_parser.cc:59] line: 594|168|1720@3322140010:0.588628;1185@394803801:0.770347;1587@2542465700:0.429531;1048@3367478961:0.348491;1413@2797754995:0.248622;1472@1807496358:0.529724;1861@583031908:0.750508;1430@231069162:0.545923;1384@3276469750:0.335537;1829@3714254317:0.689529;1635@2878015252:0.70104;1785@1366874077:0.287631;1712@444784502:0.912803;1116@2205362009:0.35639;1010@1071492290:0.986652;1371@2878844383:0.97286;1381@605823170:0.106991;1736@975278666:0.860498;1206@1554545137:0.691702;1202@268052386:0.619026|67@0.200172,0.805325,0.546843,0.470847,0.095773,0.002763,0.860542,0.449377,0.447555,0.482481,0.50811;56@0.461283,0.610672,0.595802,0.394906,0.674651,0.495589,0.274705,0.205235,0.805527,0.192335,0.831853,0.220971;73@0.010443,0.011726;38@0.886815,0.711606,0.632033,0.792281,0.944871,0.385731,0.424194,0.194339,0.894131,0.41815;1@;14@0.706071,0.164157,0.794126,0.335099,0.245411,0.483238,0.051294,0.251636,0.45685;41@;32@0.425999,0.324478,0.662708,0.525123;70@0.914138,0.986285,0.103037,0.934078;43@0.429335,0.048112,0.678738,0.799278,0.176653,0.046295,0.074435,0.458498,0.379486,0.366197,0.204764;65@0.55596,0.427923,0.407717,0.632129;20@0.635915,0.523038,0.89712,0.979173;40@0.561305,0.062777,0.879205;100@0.164878;37@0.309546,0.131405,0.901036,0.675593,0.853035,0.809521,0.438544,0.850476,0.769881,0.276117,0.993996,0.424591,0.079436;27@0.185468,0.696886,0.934274,0.978821,0.847559,0.855509,0.721666;92@0.69279,0.611451,0.521196,0.692016,0.053437;10@0.768637,0.466376,0.417838,0.00314,0.962713,0.534156,0.857574,0.488448,0.897753,0.385393,0.855574,0.633533;75@0.442988,0.421991,0.35137,0.820334,0.942856,0.226269,0.515611,0.600464,0.769423,0.819999;84@0.498056,0.72939,0.70295,0.761817,0.196006,0.078231,0.06394,0.511659,0.85181,0.231579,0.484299;82@0.987053;47@0.197101,0.485668,0.92942,0.235109,0.764742,0.288062,0.531676,0.676881,0.824862,0.487757,0.320612;9@0.616893,0.864695,0.899579,0.320018,0.123237,0.931956,0.021165,0.304034,0.999767,0.60026,0.288038;39@0.893706,0.479815,0.652242,0.340244,0.828361,0.783722,0.863408,0.129052,0.375522;88@0.742315,0.49591,0.645303,0.955558,0.664059,0.99904,0.26614;30@0.416473,0.19451,0.517323,0.345288,0.592018,0.230032,0.604249,0.001474,0.389258,0.530804|0|1762487393
I20251108 00:02:58.862912 139717798590272 data_text_parser.cc:116] beg_pos: 4219,end_pos: 6425
I20251108 00:02:58.862925 139717798590272 data_text_parser.cc:59] line: 595|336|1720@3207437325:0.541789;1185@1405838792:0.362963;1587@3850473290:0.438556;1048@789182518:0.5083;1413@982935899:0.289607;1472@2108258229:0.591047;1861@2845783935:0.209294;1430@2066057249:0.71918;1384@2669189345:0.132775;1829@185328820:0.561791;1635@1529436402:0.110881;1785@1798129067:0.373813;1712@4181888793:0.950255;1116@1646981861:0.21931;1010@4015616577:0.281019;1371@3800534935:0.645388;1381@1677910931:0.243539;1736@4127068062:0.123765;1206@1456217203:0.530215;1202@2489824579:0.412475|67@0.155254,0.899169,0.793592,0.282919,0.508954,0.068309,0.504126,0.152336,0.207575,0.034876,0.030452;56@0.575998,0.387038,0.706839,0.040737,0.571521,0.820585,0.417754,0.58041,0.869401,0.499344,0.275166,0.201425;73@0.13989,0.23295;38@0.314341,0.488263,0.914111,0.207872,0.016735,0.850931,0.515124,0.461298,0.537808,0.59644;1@;14@0.860675,0.224519,0.636773,0.716695,0.89649,0.366359,0.107935,0.763794,0.803689;41@;32@0.347023,0.574424,0.557685,0.149135;70@0.303922,0.146874,0.578757,0.79731;43@0.732173,0.569013,0.580583,0.018612,0.00801,0.931533,0.065593,0.613309,0.17557,0.646773,0.520616;65@0.795769,0.324275,0.718376,0.467421;20@0.69721,0.548614,0.190182,0.869961;40@0.978629,0.114207,0.737409;100@0.402749;37@0.531362,0.000699,0.132796,0.590992,0.733606,0.147475,0.936457,0.396773,0.843196,0.884535,0.084702,0.336117,0.826806;27@0.871135,0.324845,0.070718,0.336997,0.344066,0.56695,0.366455;92@0.545029,0.481951,0.324505,0.76139,0.071335;10@0.148844,0.816402,0.256512,0.065344,0.00911,0.216424,0.841087,0.188409,0.444867,0.274802,0.307255,0.227115;75@0.237671,0.931924,0.279045,0.768676,0.153316,0.306327,0.924409,0.621042,0.632509,0.972443;84@0.475481,0.366778,0.516026,0.536332,0.536307,0.212405,0.390062,0.72108,0.648551,0.119365,0.909949;82@0.836126;47@0.770119,0.794177,0.279931,0.700407,0.86054,0.562326,0.861824,0.053548,0.326567,0.972223,0.578608;9@0.85762,0.2115,0.904138,0.263853,0.411042,0.249508,0.930527,0.484133,0.294211,0.432612,0.34722;39@0.548153,0.435958,0.29145,0.674872,0.069431,0.837087,0.211848,0.481325,0.084238;88@0.283057,0.659365,0.439139,0.385516,0.331493,0.435352,0.517441;30@0.387899,0.02054,0.156207,0.2061,0.005975,0.648593,0.2586,0.355383,0.537996,0.940937|1|1762487393
I20251108 00:02:58.862963 139717798590272 data_text_parser.cc:116] beg_pos: 6426,end_pos: 8638
I20251108 00:02:58.862975 139717798590272 data_text_parser.cc:59] line: 596|966|1720@90429870:0.66882;1185@197320242:0.891795;1587@3006081347:0.859506;1048@2092233767:0.688597;1413@3454656547:0.836256;1472@3462403483:0.346374;1861@3108082637:0.420539;1430@3093351617:0.825769;1384@2493732502:0.449748;1829@203404563:0.709777;1635@2552329071:0.323709;1785@190423980:0.398528;1712@678121091:0.459934;1116@1638802281:0.068816;1010@3791661670:0.817508;1371@4213820668:0.362515;1381@263524728:0.534206;1736@1107526753:0.480842;1206@2986900666:0.933369;1202@3157905244:0.003617|67@0.488727,0.344185,0.65926,0.530647,0.559461,0.812398,0.662114,0.464965,0.058927,0.939283,0.121335;56@0.694656,0.033093,0.154986,0.601947,0.7948,0.971624,0.617852,0.702059,0.235548,0.807498,0.014065,0.584963;73@0.412093,0.208493;38@0.722513,0.246655,0.52131,0.292879,0.686193,0.879041,0.854567,0.136464,0.717907,0.984771;1@;14@0.013741,0.056704,0.364138,0.051995,0.433816,0.910358,0.353135,0.173337,0.02837;41@;32@0.135584,0.370708,0.04152,0.082031;70@0.957509,0.92423,0.897198,0.23385;43@0.575909,0.673134,0.232475,0.082546,0.489098,0.245755,0.051665,0.569506,0.299852,0.823552,0.049196;65@0.580521,0.424763,0.27567,0.829534;20@0.02387,0.927119,0.296608,0.921824;40@0.618164,0.658188,0.810104;100@0.250575;37@0.365231,0.820359,0.542258,0.702967,0.610605,0.938058,0.973287,0.705181,0.799729,0.620392,0.260262,0.006165,0.757223;27@0.684153,0.960307,0.860848,0.418038,0.682798,0.975121,0.574687;92@0.174538,0.76591,0.023317,0.746758,0.363957;10@0.415225,0.75034,0.643237,0.891823,0.960728,0.195901,0.883528,0.700438,0.887106,0.629723,0.327921,0.722149;75@0.711967,0.35595,0.054532,0.060061,0.586523,0.64756,0.358698,0.393763,0.174235,0.931576;84@0.195371,0.711626,0.918654,0.597439,0.404304,0.001808,0.107357,0.424639,0.827479,0.814473,0.58845;82@0.282185;47@0.755012,0.176954,0.253994,0.760131,0.753153,0.013958,0.900254,0.069512,0.763708,0.791177,0.267343;9@0.682802,0.630955,0.482633,0.574453,0.352155,0.258786,0.618255,0.70351,0.519156,0.277756,0.484961;39@0.964425,0.604775,0.19749,0.385229,0.170841,0.038946,0.157039,0.138528,0.340551;88@0.792069,0.043034,0.458306,0.072141,0.949729,0.195481,0.654195;30@0.131824,0.310886,0.186251,0.537707,0.399192,0.529282,0.060407,0.107323,0.333288,0.791327|1|1762487393
I20251108 00:02:58.863013 139717798590272 data_text_parser.cc:116] beg_pos: 8639,end_pos: 10848
I20251108 00:02:58.863026 139717798590272 data_text_parser.cc:59] line: 597|889|1720@4121173738:0.51787;1185@3313571247:0.895177;1587@3065461807:0.223367;1048@802613738:0.722439;1413@2207135415:0.925528;1472@3244649673:0.583534;1861@1114861572:0.910158;1430@50434232:0.123256;1384@2684947997:0.462374;1829@448454959:0.078094;1635@1088425273:0.701652;1785@2509468600:0.956172;1712@2059609076:0.014173;1116@3101836496:0.922307;1010@2344733617:0.572065;1371@4070255235:0.497429;1381@3341183963:0.104408;1736@117776126:0.726602;1206@460328114:0.21623;1202@830634684:0.421605|67@0.059797,0.015246,0.124938,0.030708,0.325331,0.121777,0.831409,0.104856,0.207598,0.014707,0.466489;56@0.889927,0.880707,0.0735,0.801304,0.400404,0.39077,0.967093,0.998623,0.685551,0.915763,0.731244,0.992634;73@0.581528,0.339071;38@0.798193,0.465053,0.831316,0.880544,0.411087,0.387933,0.817161,0.346738,0.381743,0.242964;1@;14@0.463169,0.452349,0.371165,0.65022,0.521976,0.891869,0.928903,0.946786,0.209232;41@;32@0.002155,0.524363,0.826291,0.800047;70@0.355464,0.991951,0.114268,0.15335;43@0.77235,0.629916,0.609568,0.620369,0.836863,0.724031,0.456355,0.541022,0.980477,0.283177,0.878203;65@0.510153,0.907797,0.794341,0.979179;20@0.842668,0.462344,0.927319,0.516467;40@0.425188,0.335915,0.666498;100@0.730401;37@0.082946,0.518605,0.245357,0.56871,0.100104,0.358756,0.269813,0.597516,0.533902,0.902885,0.236021,0.075273,0.604986;27@0.471824,0.949966,0.147249,0.019772,0.970904,0.448523,0.152177;92@0.68714,0.180039,0.131746,0.104454,0.806589;10@0.229788,0.288641,0.431479,0.507989,0.22014,0.221473,0.683891,0.582376,0.787102,0.014624,0.942333,0.07262;75@0.30759,0.352989,0.336264,0.115768,0.782917,0.701835,0.91506,0.017459,0.854828,0.184128;84@0.408824,0.26769,0.856997,0.967817,0.647721,0.435435,0.584316,0.159454,0.446049,0.179925,0.391176;82@0.756759;47@0.003579,0.65047,0.474896,0.431644,0.651551,0.679045,0.889503,0.761207,0.695252,0.030229,0.993976;9@0.711524,0.833865,0.265432,0.417137,0.792721,0.997392,0.657476,0.70317,0.845264,0.393008,0.596587;39@0.43886,0.0772,0.835244,0.286671,0.586706,0.346905,0.324266,0.697028,0.325502;88@0.497326,0.874908,0.302467,0.572013,0.929069,0.04499,0.911261;30@0.640869,0.585705,0.435759,0.632597,0.657117,0.006292,0.375332,0.521668,0.964491,0.035535|0|1762487393
I20251108 00:02:58.863066 139717798590272 data_text_parser.cc:116] beg_pos: 10849,end_pos: 13055
I20251108 00:02:58.863079 139717798590272 data_text_parser.cc:59] line: 598|126|1720@3568134353:0.275043;1185@3094022817:0.238297;1587@1246094563:0.76456;1048@2316962422:0.906887;1413@3918557404:0.447754;1472@525969729:0.37136;1861@3328208769:0.813778;1430@2607373104:0.496918;1384@3884048666:0.553459;1829@3965683273:0.033876;1635@3724050281:0.114815;1785@120166187:0.620489;1712@2880458065:0.220723;1116@3517432274:0.638837;1010@2610082238:0.100236;1371@602479028:0.845356;1381@571779949:0.394502;1736@1375828502:0.670134;1206@183994011:0.828569;1202@1486628954:0.335651|67@0.148367,0.331264,0.12526,0.380061,0.564622,0.642864,0.670776,0.883736,0.607004,0.909387,0.707885;56@0.129296,0.538777,0.265881,0.053151,0.51206,0.644201,0.690285,0.6751,0.216085,0.864299,0.682427,0.179169;73@0.244073,0.191583;38@0.313542,0.363602,0.838258,0.358087,0.859327,0.609788,0.601194,0.74789,0.621032,0.894433;1@;14@0.347136,0.058253,0.301676,0.659467,0.628313,0.815471,0.86091,0.014732,0.723485;41@;32@0.681997,0.82402,0.870355,0.341947;70@0.069579,0.438132,0.921307,0.606594;43@0.408536,0.136251,0.274413,0.105977,0.943542,0.902911,0.296315,0.793618,0.913694,0.150143,0.977646;65@0.083968,0.602473,0.154092,0.286742;20@0.50826,0.735636,0.892574,0.636217;40@0.63821,0.628533,0.35188;100@0.914401;37@0.187298,0.847396,0.917643,0.004223,0.782835,0.193254,0.98949,0.5427,0.651604,0.560511,0.4695,0.109066,0.82583;27@0.573392,0.743995,0.553813,0.389812,0.726541,0.632565,0.361198;92@0.909528,0.556522,0.453361,0.46567,0.273008;10@0.04011,0.421622,0.752194,0.584355,0.972299,0.579287,0.449501,0.950365,0.711068,0.012381,0.691951,0.732778;75@0.907205,0.998355,0.405711,0.197609,0.782265,0.246256,0.288637,0.434332,0.004928,0.043719;84@0.377719,0.644701,0.365763,0.689641,0.886269,0.206806,0.667177,0.714555,0.964232,0.296735,0.618517;82@0.727508;47@0.141901,0.963283,0.749982,0.461481,0.048537,0.966158,0.836855,0.284406,0.49003,0.8939,0.730139;9@0.60263,0.419707,0.596454,0.221436,0.795133,0.196344,0.970208,0.432134,0.891621,0.744224,0.789888;39@0.87394,0.544541,0.137951,0.193757,0.981001,0.900505,0.977498,0.251574,0.446129;88@0.855077,0.751339,0.93798,0.336766,0.599944,0.633618,0.869878;30@0.236892,0.101368,0.264531,0.093296,0.208964,0.315611,0.575792,0.667991,0.633904,0.882203|1|1762487393
I20251108 00:02:58.863110 139717798590272 data_text_parser.cc:116] beg_pos: 13056,end_pos: 15261
I20251108 00:02:58.863122 139717798590272 data_text_parser.cc:59] line: 599|282|1720@867559462:0.916488;1185@3094305544:0.819487;1587@4281872499:0.717617;1048@1315377796:0.663702;1413@2436315192:0.241457;1472@3672043273:0.692773;1861@3559159218:0.231713;1430@1185247830:0.943724;1384@491433250:0.92893;1829@1739539488:0.537008;1635@817908839:0.846457;1785@1529378427:0.198667;1712@1444100101:0.362721;1116@4238901300:0.737393;1010@2903327284:0.151372;1371@2096772687:0.351132;1381@2983866134:0.82833;1736@2355307444:0.770357;1206@2192958375:0.921803;1202@229718914:0.956864|67@0.881782,0.682826,0.33183,0.022811,0.992578,0.312644,0.08447,0.8246,0.925733,0.312203,0.814617;56@0.026663,0.685681,0.93331,0.372199,0.37828,0.98307,0.891469,0.988341,0.704574,0.79346,0.807463,0.727471;73@0.619513,0.431963;38@0.141786,0.54426,0.024887,0.435473,0.697043,0.423036,0.964467,0.90317,0.728594,0.128133;1@;14@0.913171,0.051087,0.583067,0.94684,0.753249,0.744554,0.355593,0.426789,0.912647;41@;32@0.347351,0.871045,0.937855,0.086389;70@0.398739,0.77933,0.912336,0.876483;43@0.593351,0.285229,0.024661,0.378277,0.728359,0.970447,0.575902,0.41248,0.593549,0.639604,0.77205;65@0.338399,0.54886,0.449438,0.944123;20@0.503999,0.663476,0.429365,0.712741;40@0.517211,0.994433,0.938347;100@0.103874;37@0.723013,0.081495,0.729854,0.933395,0.724528,0.821352,0.913194,0.041183,0.730582,0.031208,0.74176,0.957367,0.944135;27@0.071565,0.86096,0.369888,0.102273,0.310468,0.430422,0.370631;92@0.515989,0.25133,0.929352,0.845069,0.426884;10@0.233345,0.066262,0.567903,0.227874,0.97245,0.882334,0.556147,0.273454,0.113939,0.64109,0.890624,0.753116;75@0.302038,0.877408,0.668766,0.149613,0.50334,0.816392,0.571274,0.662429,0.035041,0.438508;84@0.978326,0.971726,0.661752,0.74227,0.675801,0.031028,0.644014,0.256542,0.072093,0.590785,0.401934;82@0.925079;47@0.219945,0.429054,0.520005,0.268186,0.806622,0.04045,0.189963,0.174859,0.740579,0.854354,0.317992;9@0.599791,0.966,0.148951,0.361852,0.670415,0.609123,0.417976,0.146351,0.255372,0.864831,0.730432;39@0.378112,0.996466,0.845663,0.797483,0.939828,0.567114,0.258162,0.091865,0.437995;88@0.809306,0.761819,0.667072,0.736493,0.227984,0.974624,0.063282;30@0.370931,0.237526,0.052871,0.075413,0.204663,0.993036,0.741777,0.991599,0.933693,0.206267|0|1762487393
I20251108 00:02:58.863163 139717798590272 data_text_parser.cc:116] beg_pos: 15262,end_pos: 17476
I20251108 00:02:58.863175 139717798590272 data_text_parser.cc:59] line: 600|882|1720@1047007337:0.240144;1185@2207937337:0.929195;1587@246910951:0.631892;1048@752160270:0.872009;1413@1089034237:0.575999;1472@3761209023:0.344991;1861@3720831294:0.807617;1430@408991260:0.520012;1384@511703463:0.955396;1829@1023219146:0.038097;1635@45269162:0.658175;1785@3157812612:0.659373;1712@1632636278:0.173442;1116@3354366225:0.808612;1010@3553382650:0.490492;1371@3757105051:0.937877;1381@3080327342:0.512982;1736@4102002181:0.655877;1206@89007713:0.452007;1202@4060081336:0.213273|67@0.787674,0.887778,0.143793,0.877173,0.734287,0.943523,0.211577,0.082444,0.141518,0.484148,0.786237;56@0.421856,0.169709,0.685299,0.794632,0.560555,0.398579,0.103804,0.05917,0.669974,0.221532,0.601195,0.702331;73@0.014457,0.852529;38@0.383562,0.23378,0.335885,0.874778,0.762943,0.514332,0.155603,0.530898,0.513529,0.044627;1@;14@0.90893,0.917378,0.503022,0.835362,0.062319,0.68223,0.601584,0.501028,0.21718;41@;32@0.108125,0.604715,0.867452,0.799509;70@0.090683,0.523643,0.126577,0.813801;43@0.250209,0.217056,0.423331,0.508422,0.113274,0.090657,0.229629,0.617955,0.775714,0.487858,0.654885;65@0.902243,0.151702,0.985331,0.183223;20@0.070979,0.900753,0.5673,0.407819;40@0.600039,0.928303,0.605417;100@0.529755;37@0.757945,0.986085,0.813094,0.280832,0.114144,0.749847,0.55506,0.029641,0.755446,0.120733,0.407943,0.928897,0.919927;27@0.018671,0.033553,0.966458,0.031542,0.192006,0.97084,0.469781;92@0.630392,0.264316,0.530486,0.70928,0.087066;10@0.674889,0.319977,0.942461,0.612398,0.059363,0.605865,0.164872,0.860012,0.846846,0.285228,0.890126,0.463675;75@0.663758,0.489537,0.366814,0.703809,0.06801,0.166249,0.113814,0.875152,0.220103,0.232465;84@0.382347,0.223635,0.489846,0.899555,0.198132,0.159065,0.974523,0.361031,0.37659,0.559484,0.905998;82@0.299025;47@0.592037,0.135282,0.112207,0.481836,0.732302,0.040703,0.66019,0.056576,0.262718,0.739245,0.14648;9@0.531995,0.554306,0.670369,0.64162,0.593442,0.591229,0.692141,0.587713,0.246271,0.118672,0.641168;39@0.573557,0.553979,0.586203,0.756013,0.992885,0.868253,0.174534,0.667203,0.052571;88@0.246664,0.408437,0.574091,0.557568,0.596029,0.921211,0.070296;30@0.842892,0.170024,0.960257,0.087188,0.347781,0.451662,0.912652,0.820711,0.648345,0.220613|0|1762487393
I20251108 00:02:58.863210 139717798590272 data_text_parser.cc:116] beg_pos: 17477,end_pos: 19678
I20251108 00:02:58.863219 139717798590272 data_text_parser.cc:59] line: 601|538|1720@2598928760:0.92342;1185@3272385259:0.942575;1587@633449236:0.857514;1048@3809170555:0.983976;1413@2127204759:0.56083;1472@2867045187:0.402602;1861@4052304145:0.715631;1430@1448249561:0.824415;1384@434472911:0.614394;1829@627811019:0.813001;1635@3477161696:0.346934;1785@3535056028:0.80847;1712@3625510357:0.463022;1116@189904589:0.670151;1010@4099482365:0.036843;1371@2573991253:0.170398;1381@106490975:0.228679;1736@3232253349:0.734096;1206@2281111140:0.950617;1202@3588518354:0.075683|67@0.630959,0.000639,0.421487,0.613323,0.503316,0.520567,0.030694,0.378076,0.504503,0.38281,0.099609;56@0.666043,0.422401,0.754791,0.421229,0.38595,0.567943,0.599079,0.77201,0.769462,0.763874,0.852745,0.1792;73@0.707286,0.23963;38@0.851531,0.608295,0.70286,0.968122,0.337741,0.058418,0.773389,0.997113,0.030443,0.926415;1@;14@0.218882,0.010938,0.897679,0.868333,0.737737,0.627586,0.900962,0.824455,0.426028;41@;32@0.159615,0.307411,0.947652,0.021087;70@0.176054,0.741613,0.614862,0.266044;43@0.167494,0.878282,0.756213,0.785531,0.041542,0.809714,0.494022,0.556849,0.342192,0.589397,0.931899;65@0.412604,0.782442,0.3135,0.323708;20@0.675028,0.611854,0.422521,0.71226;40@0.706153,0.426195,0.890021;100@0.120555;37@0.253845,0.585657,0.074511,0.237541,0.032518,0.681658,0.3411,0.014725,0.73006,0.743252,0.39079,0.486829,0.355579;27@0.580406,0.788197,0.715429,0.366052,0.724655,0.269083,0.289572;92@0.783706,0.542039,0.663872,0.736817,0.559736;10@0.907633,0.57879,0.544806,0.089509,0.480478,0.518932,0.068384,0.462269,0.402478,0.203799,0.85128,0.904128;75@0.593766,0.460713,0.369906,0.456193,0.278822,0.277431,0.457271,0.352077,0.356138,0.174745;84@0.909759,0.040955,0.440515,0.276411,0.37466,0.638608,0.561302,0.749468,0.321511,0.762394,0.212882;82@0.497738;47@0.088934,0.402666,0.476635,0.429973,0.28361,0.48109,0.529601,0.536468,0.104927,0.367654,0.347263;9@0.276896,0.149126,0.970197,0.581896,0.210907,0.172205,0.542281,0.795721,0.951126,0.992918,0.668537;39@0.02873,0.104463,0.829143,0.417272,0.652591,0.16771,0.054295,0.996481,0.752315;88@0.583581,0.284692,0.14299,0.51707,0.380522,0.169041,0.587893;30@0.278545,0.9693,0.60594,0.68238,0.480228,0.76578,0.778825,0.838653,0.238099,0.795776|0|1762487393
I20251108 00:02:58.863246 139717798590272 data_text_parser.cc:116] beg_pos: 19679,end_pos: 20480
I20251108 00:02:58.863485 139717798590272 data_text_parser.cc:101] get chunk buffer, size: 20480
I20251108 00:02:58.863507 139717798590272 data_text_parser.cc:116] beg_pos: 0,end_pos: 1403
I20251108 00:02:58.863514 139717798590272 data_text_parser.cc:61] buffer line: 602|622|1720@3786461514:0.880341;1185@4010989558:0.942857;1587@1534448487:0.578472;1048@2121859536:0.700449;1413@3502989535:0.341111;1472@3100628286:0.938566;1861@3134999191:0.410322;1430@3494979526:0.097281;1384@3572453138:0.657301;1829@1894315770:0.071394;1635@3722852557:0.330156;1785@3263987281:0.935831;1712@1111812407:0.874866;1116@173251153:0.51867;1010@4098472884:0.819944;1371@251650175:0.142163;1381@207018667:0.017657;1736@4049738960:0.939291;1206@2958787194:0.210307;1202@3540448757:0.890189|67@0.195573,0.905862,0.434803,0.130459,0.080839,0.424314,0.666098,0.736001,0.835067,0.096951,0.46902;56@0.364704,0.776085,0.33538,0.539504,0.005323,0.127985,0.013061,0.066641,0.131545,0.867895,0.322497,0.892999;73@0.106379,0.711765;38@0.57364,0.352889,0.806977,0.234829,0.300158,0.22189,0.132415,0.36407,0.647588,0.964273;1@;14@0.091925,0.880775,0.313156,0.575113,0.680979,0.825691,0.10052,0.619241,0.827619;41@;32@0.159598,0.628687,0.958409,0.413893;70@0.203874,0.359006,0.557838,0.774845;43@0.232537,0.268638,0.333086,0.554485,0.280218,0.57587,0.317627,0.342835,0.959109,0.203372,0.139286;65@0.435279,0.516228,0.005401,0.228429;20@0.028367,0.373337,0.05,0.866083;40@0.397254,0.305475,0.097175;100@0.41588;37@0.838222,0.650843,0.957182,0.755659,0.846977,0.398178,0.333434,0.550017,0.647451,0.515556,0.158588,0.743137,0.263547;27@0.090045,0.418272,0.305637,0.667372,0.426918,0.366076,0.673775;92@0.57643,0.288853,0.763964,0.714347,0.990272;10@0.107252,0.569931,0.3973,0.7077,0.621966,0.887783,0.294789,0.787451,0.657828,0.624304,0.75669,0.889938;75@0.280848,0.198802,0.126957,0.390893,0.742644,0.17111,0.663534,0.483004,0.5599,0.350638;84@0.593143,0.131127,0.307891,0.677163,0.313449,0.477638,0.566091,0.333956,0.54228,0.230841,0.533289;82@0.16168;47@0.205863,0.849676,0.785295,0.289367,0.403675,0.870224,0.298098,0.557597,0.252426,0.451044,0.090604;9@0.916533,0.590597,0.338195,0.008163,0.514201,0.599645,0.892751,0.283524,0.87975,0.464389,0.807442;39@0.348477,0.871657,0.028536,0.306418,0.358382,0.410204,0.715123,0.852808,0.09708;88@0.102814,0.803893,0.423307,0.65303,0.8409,0.81501,0.022464;30@0.186777,0.931717,0.647632,0.784403,0.099543,0.861057,0.276254,0.808667,0.731328,0.405638|0|1762487393
I20251108 00:02:58.863550 139717798590272 data_text_parser.cc:116] beg_pos: 1404,end_pos: 3616
I20251108 00:02:58.863571 139717798590272 data_text_parser.cc:59] line: 603|684|1720@1809161210:0.741404;1185@613419922:0.478041;1587@126284414:0.295159;1048@4146241769:0.882876;1413@377742774:0.528732;1472@1488891855:0.43786;1861@3091703716:0.157353;1430@3703975696:0.075939;1384@3893349523:0.839871;1829@1731208565:0.972253;1635@2502117765:0.509989;1785@4067164996:0.605951;1712@1075898091:0.676368;1116@3593700852:0.134178;1010@516551308:0.263806;1371@2643568419:0.929387;1381@1900187813:0.761854;1736@3698245317:0.236282;1206@42118080:0.032856;1202@2377962435:0.276678|67@0.605709,0.626145,0.742595,0.572792,0.66494,0.924278,0.527958,0.151512,0.525303,0.888328,0.773606;56@0.633854,0.286057,0.27563,0.920416,0.731551,0.537729,0.608126,0.968739,0.01828,0.368569,0.122209,0.103739;73@0.333485,0.835448;38@0.290906,0.976177,0.560089,0.608973,0.198277,0.115754,0.386123,0.620398,0.860057,0.118805;1@;14@0.710412,0.215117,0.737191,0.06247,0.277011,0.937551,0.643558,0.72361,0.963075;41@;32@0.635717,0.350185,0.887571,0.78823;70@0.288192,0.152303,0.909934,0.749345;43@0.64401,0.906166,0.678639,0.203854,0.085641,0.079395,0.861048,0.394009,0.674241,0.144212,0.288455;65@0.075835,0.374705,0.028256,0.404872;20@0.787673,0.294807,0.425698,0.880683;40@0.193153,0.666312,0.996281;100@0.359207;37@0.112277,0.404808,0.60448,0.622771,0.142694,0.272644,0.203921,0.655348,0.216546,0.054386,0.690038,0.778554,0.197852;27@0.519947,0.516668,0.602034,0.775408,0.459751,0.93288,0.420687;92@0.396641,0.892725,0.813631,0.517638,0.681176;10@0.634099,0.241103,0.986795,0.855169,0.291352,0.331135,0.678416,0.100338,0.773712,0.635011,0.259076,0.454497;75@0.048462,0.479207,0.814109,0.824801,0.096106,0.158526,0.808182,0.799099,0.636145,0.876325;84@0.74512,0.125922,0.486549,0.02879,0.935565,0.663473,0.807839,0.71442,0.657945,0.366496,0.030768;82@0.394807;47@0.84332,0.619344,0.111686,0.109178,0.922977,0.695665,0.759991,0.520273,0.531362,0.301468,0.58006;9@0.540051,0.220692,0.435682,0.56364,0.547439,0.447166,0.899664,0.348944,0.797361,0.372015,0.365654;39@0.14863,0.846952,0.611871,0.892641,0.911815,0.444138,0.860428,0.054214,0.132513;88@0.663785,0.116734,0.562748,0.786515,0.95296,0.64005,0.965171;30@0.780677,0.030027,0.006757,0.385698,0.859145,0.754456,0.307575,0.890861,0.975254,0.023759|1|1762487393
I20251108 00:02:58.863602 139717798590272 data_text_parser.cc:116] beg_pos: 3617,end_pos: 5836
I20251108 00:02:58.863615 139717798590272 data_text_parser.cc:59] line: 604|358|1720@4249849332:0.737852;1185@3837201200:0.095582;1587@4081631062:0.092038;1048@752129406:0.714046;1413@3822461669:0.989038;1472@1053486629:0.094716;1861@4077144948:0.535588;1430@3748694536:0.338837;1384@2084758434:0.477363;1829@1217515532:0.221394;1635@2400807622:0.797069;1785@2664664260:0.025288;1712@1027130474:0.646734;1116@1784474468:0.433411;1010@3969961110:0.622414;1371@540916661:0.288517;1381@1755736643:0.107501;1736@1245545965:0.928101;1206@3785292384:0.880185;1202@1096491160:0.759737|67@0.086949,0.161385,0.380434,0.10141,0.762407,0.581116,0.985489,0.778937,0.489082,0.699665,0.607682;56@0.519359,0.463873,0.427888,0.53736,0.572583,0.751644,0.623387,0.202211,0.073082,0.428417,0.146791,0.561256;73@0.174567,0.386713;38@0.400273,0.431635,0.998543,0.738504,0.074116,0.810362,0.038349,0.678812,0.580783,0.65437;1@;14@0.579146,0.531406,0.575552,0.78402,0.033384,0.137933,0.96878,0.884292,0.048178;41@;32@0.668034,0.020011,0.540052,0.253368;70@0.328312,0.620014,0.807277,0.719377;43@0.160271,0.627892,0.658873,0.58655,0.306675,0.980833,0.679297,0.50512,0.08665,0.914887,0.360271;65@0.270586,0.425857,0.981048,0.850591;20@0.733105,0.744989,0.825599,0.768013;40@0.808134,0.166098,0.55327;100@0.287679;37@0.094182,0.143379,0.393008,0.110243,0.299753,0.176119,0.553579,0.729019,0.388912,0.098932,0.317766,0.704215,0.325375;27@0.426846,0.283905,0.386216,0.95396,0.852608,0.412916,0.777854;92@0.934144,0.154124,0.282766,0.237866,0.934259;10@0.480096,0.204867,0.318973,0.113741,0.58837,0.529706,0.776507,0.692747,0.974197,0.04322,0.991059,0.698297;75@0.833761,0.715125,0.362014,0.350115,0.747451,0.661072,0.202647,0.370692,0.038505,0.289126;84@0.735995,0.393223,0.503166,0.447268,0.386025,0.20594,0.818194,0.024216,0.488178,0.709892,0.712727;82@0.009932;47@0.432108,0.463436,0.317484,0.835972,0.050564,0.441409,0.554616,0.45476,0.385905,0.585508,0.258492;9@0.450336,0.207546,0.49004,0.944796,0.104669,0.955748,0.536039,0.929805,0.445285,0.043566,0.554966;39@0.607436,0.726682,0.395765,0.467748,0.267317,0.224656,0.52368,0.969713,0.542876;88@0.549521,0.122921,0.026612,0.798785,0.399441,0.794863,0.593769;30@0.830702,0.585201,0.250354,0.062757,0.460585,0.714396,0.996422,0.644308,0.182991,0.749858|0|1762487393
I20251108 00:02:58.863655 139717798590272 data_text_parser.cc:116] beg_pos: 5837,end_pos: 8050
I20251108 00:02:58.863668 139717798590272 data_text_parser.cc:59] line: 605|81|1720@2389413261:0.724198;1185@1701436800:0.141528;1587@1577729390:0.567586;1048@135665028:0.679021;1413@646729656:0.911064;1472@3718206621:0.160885;1861@3603507830:0.192138;1430@2286762881:0.701496;1384@4019311736:0.593656;1829@2574855530:0.676218;1635@3082969817:0.484154;1785@656584062:0.671909;1712@4248228835:0.681348;1116@4288334873:0.590647;1010@2550818687:0.246638;1371@1035472157:0.454547;1381@4170740656:0.626049;1736@416947533:0.533669;1206@3575621457:0.79113;1202@1192244003:0.490803|67@0.155006,0.008971,0.601469,0.667499,0.966243,0.284518,0.759578,0.02448,0.371202,0.220126,0.510028;56@0.050917,0.78057,0.975133,0.097492,0.506229,0.855367,0.919867,0.925639,0.813692,0.399911,0.056363,0.530527;73@0.764717,0.963484;38@0.741732,0.872783,0.818504,0.070853,0.145302,0.932906,0.709925,0.87793,0.915964,0.986285;1@;14@0.729182,0.467546,0.727026,0.164832,0.412802,0.750459,0.211441,0.810379,0.63922;41@;32@0.435525,0.051853,0.162876,0.232282;70@0.626655,0.390343,0.701582,0.359145;43@0.287897,0.841555,0.961336,0.884548,0.615585,0.971091,0.640683,0.941703,0.366746,0.982119,0.32296;65@0.270819,0.576008,0.829616,0.403631;20@0.417549,0.205669,0.827862,0.994346;40@0.53474,0.903274,0.227772;100@0.074761;37@0.53074,0.24125,0.042821,0.256188,0.046251,0.0329,0.388906,0.039303,0.076167,0.953088,0.575063,0.896422,0.600017;27@0.309861,0.186432,0.900092,0.576041,0.004953,0.10221,0.996254;92@0.872607,0.852493,0.871936,0.944162,0.667643;10@0.67734,0.348718,0.30065,0.443397,0.916528,0.469904,0.502687,0.963214,0.239604,0.86895,0.102914,0.745996;75@0.146427,0.405291,0.408797,0.018778,0.435423,0.739427,0.722487,0.158493,0.370222,0.393254;84@0.089559,0.035987,0.325746,0.489289,0.464571,0.560853,0.840108,0.506747,0.958239,0.558246,0.137331;82@0.458477;47@0.089034,0.231369,0.448261,0.145625,0.18696,0.927462,0.740465,0.134139,0.402686,0.992082,0.517517;9@0.218633,0.445009,0.538596,0.975398,0.524181,0.319574,0.803258,0.82119,0.176612,0.656498,0.710722;39@0.993988,0.688029,0.577826,0.678171,0.758966,0.856703,0.552303,0.336673,0.308941;88@0.204517,0.939008,0.550029,0.423501,0.674049,0.496307,0.468417;30@0.62103,0.472985,0.353528,0.496658,0.414029,0.887106,0.527935,0.210212,0.26469,0.537932|1|1762487393
I20251108 00:02:58.863703 139717798590272 data_text_parser.cc:116] beg_pos: 8051,end_pos: 10258
I20251108 00:02:58.863715 139717798590272 data_text_parser.cc:59] line: 606|924|1720@3764701895:0.810905;1185@3477161696:0.577283;1587@541386556:0.300696;1048@3813817569:0.312049;1413@4036835232:0.014849;1472@1826487332:0.908223;1861@2101449974:0.119619;1430@1828687970:0.27453;1384@433390235:0.533088;1829@780024577:0.81593;1635@1795122943:0.789392;1785@1971522102:0.540872;1712@210987430:0.560941;1116@1512899156:0.833809;1010@4236063187:0.492144;1371@773885196:0.343995;1381@573543391:0.929429;1736@1080435506:0.368808;1206@1691437858:0.628539;1202@711609309:0.860779|67@0.964817,0.268983,0.573433,0.263063,0.656984,0.562732,0.602628,0.206012,0.357936,0.033162,0.04354;56@0.743892,0.729674,0.173807,0.125006,0.003177,0.487558,0.21396,0.36119,0.81228,0.476076,0.318352,0.733159;73@0.302498,0.40361;38@0.606668,0.615753,0.031285,0.49527,0.513255,0.171861,0.294761,0.097899,0.972423,0.639606;1@;14@0.737616,0.116444,0.113702,0.020339,0.986777,0.516215,0.736289,0.619709,0.759307;41@;32@0.646351,0.181645,0.194538,0.707023;70@0.410732,0.599548,0.285748,0.313792;43@0.067261,0.503933,0.714477,0.844143,0.911705,0.628849,0.076135,0.10579,0.699411,0.372829,0.097585;65@0.750642,0.980213,0.617117,0.743516;20@0.45775,0.518305,0.032868,0.100105;40@0.723379,0.093131,0.240748;100@0.033926;37@0.446798,0.452381,0.932643,0.874843,0.023344,0.856765,0.112327,0.824401,0.083181,0.698647,0.244223,0.360113,0.401131;27@0.551603,0.209524,0.937958,0.600861,0.402928,0.055557,0.279267;92@0.214167,0.649625,0.561206,0.393422,0.308338;10@0.716139,0.926982,0.680529,0.431882,0.370993,0.835865,0.467135,0.752253,0.263273,0.826876,0.5105,0.630078;75@0.616016,0.520378,0.977813,0.097178,0.874258,0.965994,0.630817,0.632389,0.5014,0.349748;84@0.09693,0.938841,0.41821,0.128697,0.090471,0.611737,0.2139,0.514997,0.790181,0.795582,0.760799;82@0.633855;47@0.000698,0.560462,0.022362,0.007196,0.694565,0.65874,0.259632,0.275884,0.15094,0.903961,0.743316;9@0.681484,0.383058,0.209654,0.321263,0.223689,0.207444,0.765528,0.223498,0.28302,0.609277,0.154002;39@0.951004,0.803796,0.233024,0.731071,0.362588,0.011202,0.297868,0.215814,0.03253;88@0.720107,0.077292,0.909137,0.579156,0.659145,0.385547,0.138112;30@0.907637,0.670868,0.60504,0.558179,0.012359,0.709342,0.364199,0.005669,0.856618,0.738469|0|1762487393
I20251108 00:02:58.863753 139717798590272 data_text_parser.cc:116] beg_pos: 10259,end_pos: 12464
I20251108 00:02:58.863766 139717798590272 data_text_parser.cc:59] line: 607|560|1720@1671844911:0.593435;1185@1815824439:0.816236;1587@2865869589:0.912039;1048@1778585541:0.985449;1413@2551738253:0.723884;1472@441173360:0.844411;1861@3023491384:0.03913;1430@1949163340:0.230311;1384@1848390629:0.704939;1829@411826938:0.853491;1635@322198595:0.032148;1785@2183824013:0.86743;1712@768148391:0.285926;1116@1858415375:0.83666;1010@973435023:0.109809;1371@3663927368:0.329673;1381@3523697283:0.300796;1736@2178512692:0.534046;1206@2351773736:0.426582;1202@364282433:0.857027|67@0.771849,0.311194,0.584595,0.09392,0.023726,0.713169,0.841152,0.06813,0.79249,0.228422,0.761492;56@0.743,0.309495,0.360647,0.573602,0.540808,0.548966,0.949555,0.79574,0.633019,0.330731,0.176109,0.694057;73@0.950237,0.110636;38@0.101122,0.691537,0.897814,0.207113,0.243077,0.594755,0.549529,0.840099,0.942965,0.903674;1@;14@0.200896,0.483204,0.242961,0.047098,0.773931,0.927612,0.086272,0.151123,0.440916;41@;32@0.232092,0.641844,0.544189,0.460507;70@0.72695,0.699769,0.884113,0.516762;43@0.394455,0.349362,0.338496,0.04176,0.512568,0.178174,0.847885,0.55052,0.60934,0.54872,0.582086;65@0.807817,0.130118,0.041891,0.484496;20@0.907322,0.719635,0.491201,0.648917;40@0.338004,0.074442,0.359431;100@0.711034;37@0.385816,0.949942,0.847233,0.700548,0.218505,0.725355,0.464284,0.746478,0.060154,0.828032,0.18063,0.261227,0.490025;27@0.487549,0.082209,0.618181,0.946461,0.288667,0.623056,0.21808;92@0.11245,0.796841,0.952696,0.174586,0.972272;10@0.074046,0.58007,0.899172,0.162382,0.209367,0.041608,0.667843,0.56213,0.312234,0.318397,0.054842,0.99106;75@0.443745,0.524767,0.441868,0.580896,0.875764,0.084809,0.654633,0.898785,0.005098,0.908116;84@0.480963,0.091523,0.881411,0.733867,0.233874,0.991459,0.272622,0.652622,0.563309,0.569533,0.573465;82@0.793338;47@0.633071,0.591559,0.997752,0.006243,0.262169,0.735681,0.489211,0.499984,0.221092,0.178619,0.790522;9@0.19601,0.463072,0.946542,0.568348,0.531943,0.586537,0.819219,0.657867,0.82071,0.607456,0.15469;39@0.023155,0.378328,0.181438,0.543859,0.321863,0.545557,0.212547,0.368573,0.260472;88@0.578437,0.901888,0.720535,0.796357,0.043057,0.669344,0.138713;30@0.768245,0.858539,0.135235,0.601847,0.7357,0.801149,0.994841,0.629171,0.191755,0.025434|0|1762487393
I20251108 00:02:58.863802 139717798590272 data_text_parser.cc:116] beg_pos: 12465,end_pos: 14668
I20251108 00:02:58.863814 139717798590272 data_text_parser.cc:59] line: 608|491|1720@4239858689:0.672012;1185@1205362577:0.306926;1587@319090530:0.429582;1048@2260189681:0.269033;1413@1912913292:0.378093;1472@943753503:0.784403;1861@4070281718:0.604622;1430@596727092:0.925715;1384@2394650487:0.504556;1829@570005085:0.41175;1635@3836557074:0.250362;1785@2329106810:0.689482;1712@2609342452:0.8962;1116@973312201:0.364892;1010@587288478:0.717892;1371@702210818:0.021856;1381@2875929049:0.832419;1736@4242579180:0.90169;1206@1889458540:0.931159;1202@585121701:0.467907|67@0.906636,0.162916,0.61052,0.398844,0.791702,0.057957,0.523684,0.855277,0.59997,0.708621,0.691818;56@0.388761,0.229405,0.582087,0.662933,0.073841,0.063061,0.043973,0.539275,0.90178,0.068195,0.07844,0.058477;73@0.360065,0.203131;38@0.668553,0.815859,0.408052,0.420805,0.385872,0.796259,0.406055,0.818524,0.316582,0.177385;1@;14@0.243312,0.36583,0.580835,0.481076,0.19039,0.799158,0.167289,0.06461,0.920849;41@;32@0.064589,0.612674,0.696415,0.153594;70@0.650077,0.551727,0.604404,0.527651;43@0.614389,0.898273,0.706164,0.159771,0.293119,0.714064,0.479703,0.071653,0.848613,0.178001,0.31774;65@0.033867,0.708268,0.710295,0.269475;20@0.075879,0.298045,0.414566,0.160818;40@0.660199,0.856726,0.124751;100@0.740974;37@0.609036,0.632051,0.946437,0.114573,0.725722,0.449053,0.344429,0.017256,0.274349,0.252904,0.719717,0.877315,0.700257;27@0.949626,0.424143,0.535095,0.270016,0.980162,0.131877,0.170553;92@0.481856,0.870636,0.711004,0.024183,0.405802;10@0.022208,0.63451,0.886335,0.709021,0.666069,0.431162,0.347392,0.365299,0.765406,0.389887,0.265441,0.980834;75@0.813162,0.637183,0.321721,0.76569,0.864962,0.5339,0.334216,0.181866,0.903522,0.856953;84@0.592295,0.11295,0.202185,0.837066,0.592225,0.91516,0.599542,0.582496,0.911856,0.915804,0.18222;82@0.76853;47@0.241541,0.881683,0.807753,0.405688,0.131051,0.52976,0.592785,0.553724,0.141299,0.631316,0.918118;9@0.747877,0.543516,0.02297,0.597947,0.889129,0.132952,0.438827,0.807522,0.598682,0.6997,0.284487;39@0.273449,0.747697,0.804134,0.491474,0.764141,0.706645,0.114037,0.837496,0.109755;88@0.905939,0.40095,0.110765,0.575586,0.658777,0.446249,0.111242;30@0.523219,0.574517,0.323503,0.53072,0.067851,0.459299,0.869038,0.362795,0.507494,0.042311|0|1762487393
I20251108 00:02:58.863852 139717798590272 data_text_parser.cc:116] beg_pos: 14669,end_pos: 16883
I20251108 00:02:58.863864 139717798590272 data_text_parser.cc:59] line: 609|244|1720@4262633349:0.416842;1185@165260684:0.598757;1587@3709388047:0.364751;1048@1196846574:0.72298;1413@667666768:0.582107;1472@1563141954:0.416857;1861@2998878010:0.355048;1430@3899489345:0.457701;1384@2207937337:0.494378;1829@3952059765:0.028795;1635@318895573:0.209798;1785@3791661670:0.52989;1712@3417217908:0.552739;1116@4167223765:0.284394;1010@856254047:0.887527;1371@3585732712:0.499852;1381@23926290:0.870335;1736@2289776240:0.551258;1206@3416835091:0.486151;1202@2129284071:0.617613|67@0.663805,0.388698,0.375545,0.125415,0.509262,0.465639,0.134499,0.09884,0.013874,0.495226,0.373793;56@0.945844,0.105904,0.814492,0.759837,0.36636,0.851165,0.754298,0.357182,0.460278,0.374414,0.675713,0.338626;73@0.526745,0.774905;38@0.200195,0.663962,0.656443,0.66334,0.596589,0.77164,0.997289,0.216833,0.886181,0.585237;1@;14@0.833003,0.621502,0.777705,0.698958,0.997943,0.11156,0.46299,0.159626,0.324023;41@;32@0.622258,0.340018,0.676891,0.458349;70@0.972615,0.675037,0.397679,0.012345;43@0.754215,0.392695,0.730813,0.775972,0.673105,0.657063,0.222156,0.837547,0.974384,0.110355,0.82277;65@0.110255,0.132638,0.838889,0.409755;20@0.119803,0.795979,0.116751,0.602981;40@0.240138,0.237402,0.985461;100@0.672993;37@0.372369,0.049183,0.342116,0.183479,0.823296,0.52485,0.984048,0.615625,0.653381,0.643443,0.8252,0.609976,0.466468;27@0.945058,0.139489,0.548062,0.659698,0.049642,0.563186,0.023586;92@0.372226,0.197591,0.191668,0.953237,0.256319;10@0.854931,0.369952,0.360325,0.509717,0.360403,0.431106,0.467156,0.040457,0.162633,0.514497,0.436396,0.190806;75@0.280137,0.614066,0.821351,0.663502,0.628647,0.055105,0.125074,0.117155,0.053472,0.039155;84@0.329468,0.554713,0.039344,0.753809,0.997241,0.125672,0.172092,0.162904,0.719685,0.240483,0.914871;82@0.900526;47@0.324484,0.941381,0.167697,0.441702,0.201755,0.364971,0.598178,0.156308,0.917763,0.392463,0.277277;9@0.66362,0.923473,0.851142,0.20743,0.153992,0.386374,0.417302,0.011488,0.014668,0.275135,0.680896;39@0.417602,0.838256,0.857855,0.79479,0.479611,0.384061,0.905673,0.146786,0.125616;88@0.73942,0.673039,0.730022,0.877948,0.985945,0.936755,0.222212;30@0.453042,0.336335,0.050576,0.250633,0.204848,0.19075,0.974964,0.093947,0.518599,0.842666|1|1762487393
I20251108 00:02:58.863904 139717798590272 data_text_parser.cc:116] beg_pos: 16884,end_pos: 19094
I20251108 00:02:58.863917 139717798590272 data_text_parser.cc:59] line: 610|282|1720@2776092462:0.138315;1185@1107526753:0.694442;1587@2208288689:0.393899;1048@3040788713:0.283508;1413@1857761444:0.724059;1472@3103017184:0.559001;1861@263524728:0.188864;1430@3717807030:0.393082;1384@378910847:0.71683;1829@2039071251:0.859623;1635@3964181547:0.566562;1785@1843756973:0.241327;1712@34414951:0.302528;1116@1406575322:0.65621;1010@782313497:0.37817;1371@1406132489:0.878671;1381@323722718:0.622877;1736@1282311674:0.486864;1206@929252675:0.690065;1202@1659730060:0.959978|67@0.299601,0.726311,0.369559,0.344539,0.491488,0.001274,0.623723,0.49765,0.692467,0.011814,0.988229;56@0.819505,0.586345,0.183996,0.95887,0.308866,0.421338,0.480803,0.077507,0.32751,0.12893,0.07804,0.405674;73@0.160067,0.487088;38@0.001951,0.488054,0.029454,0.834732,0.002673,0.756963,0.535448,0.590622,0.529692,0.344799;1@;14@0.34906,0.956743,0.293921,0.275869,0.945711,0.476768,0.450934,0.533216,0.216167;41@;32@0.458526,0.282316,0.530802,0.584545;70@0.24045,0.920531,0.510787,0.129901;43@0.747183,0.536827,0.44564,0.81911,0.205026,0.491607,0.628282,0.634859,0.143015,0.279067,0.109624;65@0.453206,0.025908,0.840865,0.654334;20@0.308491,0.673208,0.603667,0.772571;40@0.611078,0.444964,0.572389;100@0.726978;37@0.462241,0.595132,0.018933,0.773578,0.047982,0.398909,0.160865,0.997429,0.894797,0.898893,0.974258,0.516633,0.41109;27@0.607556,0.599504,0.323451,0.95098,0.466236,0.244676,0.128282;92@0.373505,0.656346,0.743684,0.122798,0.414694;10@0.576592,0.922687,0.494711,0.042192,0.642602,0.929685,0.344853,0.75412,0.109701,0.957767,0.933036,0.855599;75@0.169324,0.540035,0.240845,0.904905,0.901107,0.561389,0.182937,0.217398,0.298929,0.221862;84@0.172449,0.905076,0.580828,0.846112,0.425278,0.549149,0.487307,0.178121,0.002407,0.679597,0.756578;82@0.740877;47@0.029536,0.552845,0.678814,0.986359,0.671211,0.984134,0.640826,0.653066,0.597839,0.851301,0.029577;9@0.759593,0.713548,0.012814,0.334599,0.918778,0.847251,0.851934,0.314554,0.400258,0.226567,0.665912;39@0.51512,0.461229,0.840976,0.989035,0.882007,0.868366,0.025158,0.598439,0.753127;88@0.321126,0.625839,0.975397,0.20166,0.02572,0.663689,0.308858;30@0.457635,0.616954,0.025919,0.705057,0.105247,0.072971,0.778551,0.585484,0.28897,0.58825|1|1762487393
I20251108 00:02:58.863943 139717798590272 data_text_parser.cc:116] beg_pos: 19095,end_pos: 20480
I20251108 00:02:58.864191 139717798590272 data_text_parser.cc:101] get chunk buffer, size: 20480
I20251108 00:02:58.864210 139717798590272 data_text_parser.cc:116] beg_pos: 0,end_pos: 816
I20251108 00:02:58.864217 139717798590272 data_text_parser.cc:61] buffer line: 611|486|1720@905660814:0.128182;1185@970986980:0.606738;1587@3166650860:0.615255;1048@2228777606:0.01358;1413@1163097282:0.479964;1472@2046281047:0.852737;1861@1179584128:0.749114;1430@3603059911:0.093436;1384@106603756:0.281689;1829@2103584607:0.882586;1635@3429008070:0.12371;1785@3678425632:0.573457;1712@1240073495:0.509828;1116@299020005:0.402659;1010@1949052636:0.865134;1371@1726949214:0.569082;1381@2779272080:0.511197;1736@316938552:0.346666;1206@923864215:0.394635;1202@2062930539:0.602612|67@0.500132,0.558577,0.192581,0.934952,0.682617,0.726559,0.279619,0.271044,0.998477,0.409412,0.099955;56@0.248037,0.94377,0.50037,0.776335,0.931779,0.364772,0.887415,0.156392,0.036608,0.899324,0.606617,0.916068;73@0.602237,0.1337;38@0.544357,0.439795,0.694164,0.317271,0.519914,0.678664,0.7916,0.567154,0.485924,0.261042;1@;14@0.729357,0.911109,0.946144,0.440983,0.592461,0.71564,0.329203,0.080478,0.747813;41@;32@0.149464,0.670184,0.155625,0.27207;70@0.635747,0.927366,0.851513,0.785286;43@0.175195,0.098322,0.633894,0.299629,0.273215,0.741794,0.574579,0.996694,0.796867,0.9861,0.704631;65@0.927886,0.240391,0.363811,0.799424;20@0.909652,0.213109,0.882686,0.549952;40@0.397775,0.127749,0.522941;100@0.796651;37@0.460244,0.025958,0.986601,0.626968,0.177275,0.376683,0.39316,0.413486,0.167012,0.38981,0.27235,0.316844,0.208639;27@0.675428,0.88707,0.624247,0.227684,0.014915,0.043851,0.80427;92@0.192711,0.344193,0.856543,0.92168,0.620464;10@0.777536,0.514252,0.504145,0.02219,0.085935,0.91046,0.370446,0.01669,0.266392,0.569653,0.010048,0.804839;75@0.581558,0.240763,0.200824,0.66994,0.697318,0.321381,0.795955,0.965699,0.160652,0.028827;84@0.566202,0.749892,0.591956,0.524743,0.55488,0.236735,0.191661,0.60879,0.580879,0.565106,0.608834;82@0.927284;47@0.323281,0.345177,0.497619,0.306385,0.981034,0.658286,0.206066,0.595783,0.72188,0.83481,0.550669;9@0.675306,0.724514,0.149969,0.430311,0.64737,0.234486,0.312698,0.269893,0.141908,0.40481,0.54353;39@0.371053,0.458323,0.76406,0.903756,0.775377,0.453054,0.589622,0.767963,0.485846;88@0.765189,0.681643,0.790253,0.237609,0.394943,0.794229,0.780229;30@0.196394,0.482781,0.429979,0.852771,0.612192,0.644253,0.827493,0.983067,0.916509,0.605786|0|1762487393
I20251108 00:02:58.864260 139717798590272 data_text_parser.cc:116] beg_pos: 817,end_pos: 3028
I20251108 00:02:58.864273 139717798590272 data_text_parser.cc:59] line: 612|866|1720@2757809368:0.623899;1185@1185247830:0.522849;1587@534293539:0.316133;1048@2068140264:0.597944;1413@1642117835:0.100795;1472@2293158037:0.160688;1861@2148314095:0.899936;1430@1946153181:0.937136;1384@2127204759:0.091579;1829@3810857733:0.209681;1635@4225956958:0.890345;1785@583633775:0.307942;1712@3320759029:0.363057;1116@4280723572:0.770622;1010@3533594779:0.230786;1371@4205875499:0.99354;1381@574654644:0.724284;1736@3329150539:0.509749;1206@89130903:0.599264;1202@2082472141:0.585501|67@0.182055,0.146649,0.093224,0.458573,0.861697,0.4472,0.759433,0.094562,0.80553,0.443823,0.939013;56@0.24128,0.927229,0.43544,0.937278,0.878325,0.821015,0.501056,0.003243,0.866677,0.180666,0.769126,0.896102;73@0.56955,0.537769;38@0.886713,0.164765,0.733298,0.356511,0.072211,0.621166,0.791015,0.365031,0.468794,0.291966;1@;14@0.449132,0.30099,0.560648,0.979029,0.848596,0.949145,0.557992,0.299933,0.737826;41@;32@0.656495,0.806859,0.397781,0.592329;70@0.261006,0.196634,0.421356,0.809689;43@0.581243,0.677597,0.066485,0.006673,0.430599,0.271686,0.484737,0.741257,0.413612,0.497664,0.754722;65@0.067439,0.911774,0.7802,0.33415;20@0.498547,0.313885,0.745203,0.301051;40@0.198738,0.640327,0.992118;100@0.651425;37@0.748179,0.356241,0.148872,0.283668,0.721184,0.632751,0.279943,0.698237,0.27968,0.746329,0.691291,0.199278,0.343618;27@0.099995,0.589579,0.831369,0.576164,0.5793,0.858686,0.869964;92@0.391076,0.069935,0.672495,0.742323,0.64598;10@0.686715,0.634811,0.57509,0.915176,0.885771,0.234652,0.540312,0.833899,0.525427,0.097464,0.461103,0.937363;75@0.207362,0.685145,0.284801,0.996789,0.074934,0.734155,0.522279,0.861191,0.892813,0.239233;84@0.068248,0.523855,0.386892,0.191755,0.628667,0.1564,0.614324,0.638531,0.593661,0.910047,0.23371;82@0.961967;47@0.728974,0.60055,0.986909,0.650388,0.963936,0.957671,0.689294,0.018403,0.976407,0.734283,0.513155;9@0.487013,0.887019,0.749956,0.039456,0.456052,0.922692,0.885494,0.407839,0.063803,0.611078,0.827827;39@0.019242,0.122465,0.947972,0.800233,0.765424,0.466348,0.000439,0.689023,0.59955;88@0.899199,0.411103,0.387137,0.412417,0.250738,0.219293,0.638603;30@0.857977,0.748203,0.674219,0.044201,0.250112,0.661179,0.718382,0.058354,0.686036,0.198995|0|1762487393
I20251108 00:02:58.864309 139717798590272 data_text_parser.cc:116] beg_pos: 3029,end_pos: 5236
I20251108 00:02:58.864321 139717798590272 data_text_parser.cc:59] line: 613|912|1720@2058981767:0.426614;1185@1214709850:0.286468;1587@1874301183:0.8215;1048@204564424:0.075023;1413@2681619282:0.958601;1472@4012208238:0.17515;1861@806472953:0.51514;1430@441173360:0.416257;1384@2279222632:0.726532;1829@1856369668:0.934906;1635@1368244628:0.659895;1785@1045718492:0.620885;1712@4284442125:0.230892;1116@334516809:0.723526;1010@964446399:0.175541;1371@2932118365:0.420431;1381@4110680171:0.484242;1736@378883651:0.608863;1206@3072588078:0.927735;1202@2685392823:0.322778|67@0.573191,0.039608,0.466029,0.785915,0.63016,0.06843,0.296577,0.851239,0.474438,0.846967,0.998353;56@0.821619,0.858442,0.029863,0.464547,0.958476,0.242923,0.555737,0.266963,0.385016,0.57563,0.272873,0.681505;73@0.060067,0.893009;38@0.914498,0.781363,0.478149,0.479314,0.701959,0.457682,0.304959,0.102228,0.173917,0.688179;1@;14@0.041522,0.890565,0.300531,0.326924,0.186,0.448198,0.797611,0.623337,0.57646;41@;32@0.005629,0.959985,0.491106,0.727491;70@0.165371,0.89178,0.75631,0.306985;43@0.65372,0.710924,0.950983,0.129507,0.736157,0.386853,0.907652,0.781713,0.406182,0.256651,0.538278;65@0.770412,0.262683,0.419455,0.753022;20@0.769999,0.384325,0.218206,0.06208;40@0.473396,0.378078,0.888908;100@0.439893;37@0.676172,0.73391,0.268101,0.457706,0.365798,0.101329,0.158316,0.420971,0.982585,0.269763,0.485835,0.589439,0.009705;27@0.199527,0.585777,0.47428,0.294797,0.436841,0.459189,0.450878;92@0.104423,0.439858,0.764406,0.113248,0.031244;10@0.445802,0.019163,0.261657,0.875588,0.312978,0.390717,0.881514,0.172382,0.492767,0.388538,0.61126,0.104349;75@0.253716,0.360247,0.58851,0.58524,0.037382,0.187087,0.851066,0.410931,0.837669,0.528359;84@0.279338,0.735474,0.554296,0.660456,0.610492,0.836506,0.43259,0.822578,0.346639,0.667293,0.543765;82@0.960071;47@0.758154,0.823285,0.88386,0.382427,0.882134,0.892135,0.922908,0.387706,0.286938,0.38304,0.990584;9@0.920276,0.397417,0.057045,0.823388,0.203303,0.607138,0.182553,0.242143,0.548838,0.863539,0.860324;39@0.325676,0.472237,0.186913,0.63617,0.002651,0.753363,0.039211,0.895634,0.618664;88@0.328465,0.772695,0.665862,0.316403,0.090363,0.774846,0.235135;30@0.409924,0.122897,0.539606,0.671556,0.283667,0.491096,0.217082,0.072772,0.883743,0.802459|0|1762487393
I20251108 00:02:58.864359 139717798590272 data_text_parser.cc:116] beg_pos: 5237,end_pos: 7439
I20251108 00:02:58.864372 139717798590272 data_text_parser.cc:59] line: 614|777|1720@578780084:0.990254;1185@3962663657:0.94601;1587@3984620659:0.875721;1048@3467400421:0.96728;1413@894790964:0.919483;1472@3484289692:0.284238;1861@557318550:0.374387;1430@910114641:0.256604;1384@1957116837:0.638645;1829@2658859996:0.077336;1635@1022231927:0.596582;1785@2485558304:0.771359;1712@3751201250:0.144504;1116@4163171938:0.179895;1010@743076711:0.236938;1371@1813322626:0.241573;1381@3389216396:0.361141;1736@1587505489:0.409801;1206@434412426:0.749191;1202@2062930539:0.843495|67@0.021291,0.402937,0.375227,0.532797,0.482313,0.634553,0.623436,0.590271,0.282353,0.039274,0.935319;56@0.2213,0.682242,0.885904,0.27957,0.420045,0.261352,0.061852,0.010337,0.3719,0.190606,0.889359,0.67929;73@0.74661,0.30327;38@0.930998,0.831456,0.100373,0.033509,0.242049,0.001673,0.576633,0.671439,0.185827,0.502086;1@;14@0.705588,0.561325,0.281244,0.034199,0.253079,0.419006,0.95875,0.145563,0.735146;41@;32@0.469841,0.198699,0.379214,0.942058;70@0.427,0.864036,0.509993,0.336847;43@0.539821,0.179811,0.929817,0.164171,0.681316,0.823118,0.226043,0.765703,0.977927,0.364783,0.657142;65@0.538088,0.579281,0.236827,0.865573;20@0.496403,0.261006,0.792736,0.157732;40@0.871687,0.020297,0.460817;100@0.941587;37@0.385733,0.606903,0.412814,0.530201,0.953422,0.568781,0.379362,0.262037,0.3523,0.283868,0.256344,0.462018,0.814352;27@0.71872,0.75514,0.024448,0.97755,0.62153,0.817341,0.614082;92@0.786583,0.414472,0.728967,0.249554,0.336762;10@0.050675,0.190407,0.310861,0.190223,0.156192,0.614331,0.354155,0.429829,0.070797,0.106268,0.591342,0.281926;75@0.140572,0.121017,0.589652,0.52079,0.205981,0.33755,0.560843,0.562663,0.947448,0.843187;84@0.649289,0.644009,0.054818,0.478398,0.186624,0.860259,0.78316,0.982398,0.279448,0.501045,0.265749;82@0.889307;47@0.764796,0.852294,0.651212,0.455248,0.811852,0.199054,0.475684,0.761685,0.914002,0.327077,0.96644;9@0.335788,0.107206,0.257068,0.532906,0.201794,0.27991,0.305688,0.342964,0.488033,0.365303,0.571539;39@0.384649,0.920765,0.668179,0.585951,0.679016,0.852499,0.034085,0.043324,0.286222;88@0.773671,0.822296,0.9954,0.256703,0.04781,0.220261,0.576146;30@0.506186,0.060605,0.480011,0.240597,0.58561,0.360121,0.435849,0.888934,0.304589,0.048317|1|1762487393
I20251108 00:02:58.864412 139717798590272 data_text_parser.cc:116] beg_pos: 7440,end_pos: 9646
I20251108 00:02:58.864425 139717798590272 data_text_parser.cc:59] line: 615|985|1720@1827954938:0.184425;1185@1908951659:0.862517;1587@1164384321:0.389461;1048@28082074:0.241378;1413@1011708879:0.395433;1472@2493133923:0.832415;1861@3612445500:0.82622;1430@1214709850:0.982616;1384@3479805130:0.95032;1829@2219478965:0.577971;1635@1105331811:0.29733;1785@1005965200:0.310994;1712@2731668564:0.727991;1116@2978085548:0.86791;1010@860093232:0.542625;1371@1431881133:0.117957;1381@3201848378:0.358543;1736@2055300698:0.859163;1206@2205689788:0.541821;1202@3698805262:0.016162|67@0.478276,0.498399,0.547542,0.669821,0.646074,0.045775,0.628677,0.128636,0.888211,0.275617,0.740844;56@0.094729,0.535556,0.054184,0.602583,0.636908,0.697285,0.559826,0.861815,0.043654,0.394619,0.413981,0.288892;73@0.095728,0.282826;38@0.956616,0.965,0.932789,0.746009,0.62452,0.935172,0.360788,0.858801,0.109524,0.68679;1@;14@0.53375,0.807267,0.425053,0.09731,0.687548,0.597674,0.977804,0.576625,0.950417;41@;32@0.949739,0.092254,0.559778,0.194974;70@0.554792,0.847042,0.21366,0.559736;43@0.316507,0.807301,0.261277,0.473617,0.505548,0.595725,0.970333,0.389439,0.121582,0.9032,0.284974;65@0.403401,0.169499,0.731436,0.611624;20@0.404406,0.984847,0.895176,0.683141;40@0.409098,0.888956,0.40652;100@0.427598;37@0.987352,0.367644,0.370544,0.250441,0.732134,0.955752,0.980365,0.165761,0.924178,0.833122,0.44153,0.206366,0.529172;27@0.084368,0.592813,0.834874,0.723773,0.635975,0.865297,0.616226;92@0.713589,0.671367,0.118561,0.661218,0.496947;10@0.203104,0.727096,0.778631,0.966728,0.269013,0.31391,0.632869,0.647483,0.867814,0.427671,0.333684,0.878006;75@0.270932,0.242731,0.403068,0.765598,0.09256,0.349655,0.670598,0.520875,0.594245,0.914872;84@0.133865,0.186251,0.920222,0.830545,0.203331,0.209589,0.572373,0.649332,0.254905,0.420184,0.752606;82@0.241039;47@0.020408,0.698695,0.16926,0.018221,0.83945,0.896564,0.611827,0.189387,0.3772,0.465486,0.337879;9@0.145468,0.836757,0.417023,0.32755,0.343746,0.554763,0.885707,0.133507,0.091202,0.752405,0.783589;39@0.933356,0.234437,0.166937,0.137678,0.010965,0.063437,0.29069,0.005741,0.472897;88@0.859148,0.726551,0.730042,0.33666,0.754448,0.041542,0.951716;30@0.015442,0.192308,0.098863,0.439617,0.955163,0.623161,0.497914,0.6133,0.216217,0.86557|0|1762487393
I20251108 00:02:58.864456 139717798590272 data_text_parser.cc:116] beg_pos: 9647,end_pos: 11857
I20251108 00:02:58.864468 139717798590272 data_text_parser.cc:59] line: 616|823|1720@2730517200:0.905089;1185@4089395101:0.861981;1587@2825210256:0.79385;1048@2190975809:0.908539;1413@2353390073:0.749291;1472@1634327954:0.403489;1861@3314018086:0.549726;1430@3133461454:0.723013;1384@1021207361:0.231672;1829@940692639:0.263129;1635@3187298619:0.597602;1785@969739877:0.129814;1712@2374897053:0.774352;1116@2267159255:0.172582;1010@1685109118:0.263724;1371@809037873:0.781243;1381@1381054923:0.578031;1736@2616168156:0.87954;1206@4262633349:0.798801;1202@4291661838:0.178212|67@0.913555,0.895486,0.509041,0.895447,0.295653,0.072463,0.345724,0.102236,0.894684,0.485662,0.02178;56@0.013487,0.572844,0.972153,0.508012,0.952891,0.169225,0.510737,0.32687,0.494421,0.31581,0.448555,0.727823;73@0.733365,0.616564;38@0.157366,0.714909,0.802173,0.240915,0.578579,0.031154,0.980722,0.272484,0.264644,0.373391;1@;14@0.916308,0.562633,0.701222,0.094723,0.584596,0.462211,0.199761,0.387416,0.174361;41@;32@0.140917,0.735889,0.414436,0.192585;70@0.22364,0.544385,0.351434,0.845302;43@0.433056,0.183851,0.219668,0.904746,0.483955,0.59929,0.396186,0.926907,0.34802,0.677539,0.114552;65@0.585001,0.27824,0.846324,0.056676;20@0.165046,0.091319,0.38259,0.143732;40@0.74284,0.79487,0.589833;100@0.430712;37@0.176309,0.730582,0.626574,0.103338,0.539867,0.429856,0.596117,0.121386,0.886608,0.217719,0.837873,0.653359,0.892467;27@0.859308,0.915633,0.39092,0.506805,0.250662,0.057953,0.785222;92@0.172753,0.46927,0.851775,0.00088,0.336585;10@0.999648,0.078252,0.146945,0.197184,0.547767,0.287831,0.558245,0.087018,0.016449,0.054,0.126595,0.111606;75@0.716384,0.100212,0.132676,0.71318,0.616113,0.075119,0.682771,0.373465,0.958631,0.210806;84@0.368634,0.370279,0.132427,0.769233,0.967655,0.142769,0.165948,0.327415,0.84282,0.279942,0.334898;82@0.976069;47@0.438091,0.827365,0.051368,0.54341,0.055301,0.683525,0.724632,0.868331,0.459584,0.539104,0.294691;9@0.612656,0.952256,0.937688,0.614527,0.380941,0.433962,0.784699,0.090211,0.472872,0.200802,0.830527;39@0.177635,0.145976,0.518239,0.496841,0.848701,0.083261,0.124126,0.371829,0.89628;88@0.916868,0.481947,0.848026,0.289162,0.667679,0.040015,0.091561;30@0.102401,0.142108,0.306283,0.33432,0.389681,0.742901,0.905211,0.87102,0.104776,0.360948|1|1762487393
I20251108 00:02:58.864532 139717798590272 data_text_parser.cc:116] beg_pos: 11858,end_pos: 14074
I20251108 00:02:58.864551 139717798590272 data_text_parser.cc:59] line: 617|280|1720@3553572596:0.69361;1185@1716330606:0.559315;1587@1784474468:0.210728;1048@1227569295:0.478735;1413@778106967:0.783216;1472@3758008525:0.549833;1861@1799245285:0.452826;1430@2351773736:0.443676;1384@4035509363:0.264114;1829@108941232:0.830497;1635@3026085648:0.408423;1785@3746104099:0.244125;1712@2967003239:0.678623;1116@2011362122:0.851941;1010@2169500098:0.678344;1371@1005965200:0.734915;1381@4190352849:0.312584;1736@3681661316:0.290537;1206@2646184623:0.321354;1202@693443955:0.785067|67@0.573975,0.243133,0.524935,0.245632,0.90964,0.363065,0.135098,0.733336,0.37082,0.663501,0.853939;56@0.21389,0.329533,0.592193,0.215993,0.162699,0.778681,0.798007,0.460562,0.273755,0.587463,0.226638,0.524947;73@0.800885,0.363776;38@0.633315,0.952609,0.777452,0.87553,0.452589,0.602056,0.074248,0.228814,0.370217,0.235266;1@;14@0.978305,0.155722,0.295002,0.792359,0.694425,0.196947,0.007782,0.501473,0.014867;41@;32@0.125925,0.53467,0.295677,0.773697;70@0.759575,0.721703,0.297066,0.76287;43@0.748476,0.765395,0.178232,0.953567,0.411445,0.170142,0.053535,0.695971,0.041449,0.203878,0.66078;65@0.212642,0.087283,0.541281,0.156591;20@0.899245,0.87753,0.773668,0.511456;40@0.027661,0.75395,0.173527;100@0.890281;37@0.324068,0.538419,0.517786,0.546945,0.971163,0.698853,0.052468,0.047332,0.275296,0.602312,0.614467,0.236796,0.442501;27@0.466233,0.802058,0.644282,0.613226,0.88438,0.373375,0.319021;92@0.164564,0.542552,0.025798,0.357659,0.28056;10@0.062165,0.62408,0.583086,0.543708,0.856463,0.668656,0.281121,0.540156,0.229073,0.235349,0.160054,0.388266;75@0.827837,0.544844,0.635697,0.903579,0.501905,0.681956,0.079627,0.900008,0.800792,0.600672;84@0.00702,0.743134,0.626529,0.633675,0.187369,0.836122,0.046854,0.862753,0.011151,0.225971,0.142522;82@0.647356;47@0.055385,0.025134,0.857984,0.874718,0.283032,0.065712,0.267455,0.971003,0.673642,0.193838,0.573216;9@0.685595,0.208148,0.969699,0.044164,0.438528,0.127598,0.34307,0.97219,0.636747,0.517922,0.24856;39@0.709988,0.509079,0.319547,0.990629,0.894045,0.812018,0.546705,0.967456,0.632757;88@0.036418,0.901235,0.68334,0.852201,0.714412,0.026131,0.054386;30@0.652845,0.734801,0.437835,0.504966,0.980191,0.118106,0.395059,0.086653,0.218156,0.240782|0|1762487393
I20251108 00:02:58.864591 139717798590272 data_text_parser.cc:116] beg_pos: 14075,end_pos: 16275
I20251108 00:02:58.864604 139717798590272 data_text_parser.cc:59] line: 618|970|1720@3604233642:0.309968;1185@3513375918:0.678024;1587@3594071031:0.228394;1048@1103918508:0.634987;1413@1674524873:0.372766;1472@3795024919:0.833937;1861@3132709733:0.170193;1430@2667780048:0.419063;1384@672992534:0.757754;1829@3923223757:0.51588;1635@2589071783:0.241889;1785@826980148:0.425075;1712@2964154603:0.13377;1116@1639601681:0.105411;1010@643034679:0.69523;1371@736430512:0.763643;1381@2932474328:0.716874;1736@2984190535:0.523284;1206@2202728794:0.2623;1202@830639435:0.624443|67@0.013735,0.96068,0.308033,0.140532,0.725473,0.250161,0.593744,0.202875,0.024742,0.79037,0.000604;56@0.102806,0.934034,0.36432,0.097428,0.307627,0.439883,0.541594,0.085755,0.435111,0.787149,0.091395,0.07691;73@0.54814,0.667295;38@0.107051,0.244987,0.380146,0.377828,0.356415,0.587023,0.633925,0.640701,0.316302,0.954743;1@;14@0.621576,0.4926,0.225019,0.634764,0.870619,0.209512,0.173246,0.011786,0.365353;41@;32@0.260531,0.301154,0.159422,0.75265;70@0.560462,0.725932,0.637092,0.012339;43@0.315872,0.301891,0.566173,0.640692,0.135387,0.422411,0.879486,0.937297,0.471602,0.902786,0.581041;65@0.986765,0.751083,0.320682,0.788878;20@0.39687,0.411595,0.217797,0.813056;40@0.739295,0.345286,0.309361;100@0.155965;37@0.08606,0.243138,0.972613,0.572873,0.913504,0.582188,0.603098,0.8679,0.50998,0.920016,0.173127,0.807204,0.303761;27@0.141964,0.820445,0.948649,0.432568,0.495105,0.660847,0.898861;92@0.923025,0.79272,0.195948,0.639076,0.469603;10@0.28763,0.803841,0.709586,0.777714,0.344982,0.157583,0.011817,0.642898,0.394147,0.028992,0.749133,0.905887;75@0.913644,0.939948,0.5766,0.554465,0.410392,0.335621,0.817685,0.467974,0.979441,0.82907;84@0.999641,0.558188,0.345029,0.611465,0.624414,0.449646,0.113696,0.901845,0.838046,0.95148,0.958371;82@0.539536;47@0.998756,0.789265,0.97835,0.449019,0.752195,0.50689,0.58891,0.953382,0.849549,0.974123,0.669768;9@0.574013,0.644246,0.828659,0.938263,0.536935,0.87146,0.39249,0.974113,0.266859,0.758322,0.827811;39@0.922834,0.056777,0.63799,0.38632,0.995169,0.523078,0.394037,0.329596,0.866722;88@0.992578,0.744264,0.116986,0.198357,0.16444,0.799428,0.985386;30@0.890802,0.009087,0.634525,0.957291,0.131532,0.623838,0.601351,0.667036,0.780727,0.636682|0|1762487393
I20251108 00:02:58.864642 139717798590272 data_text_parser.cc:116] beg_pos: 16276,end_pos: 18472
I20251108 00:02:58.864655 139717798590272 data_text_parser.cc:59] line: 619|80|1720@3684714447:0.69402;1185@373476793:0.917255;1587@46610589:0.88967;1048@1960082246:0.565629;1413@3906915516:0.291943;1472@1707772417:0.227001;1861@1213889771:0.016984;1430@3688109064:0.085932;1384@3233847120:0.467602;1829@2372009817:0.254093;1635@1174660081:0.101862;1785@4240501450:0.833818;1712@365235962:0.115675;1116@173560591:0.781552;1010@2938469212:0.456307;1371@3960204630:0.36039;1381@3606978067:0.626099;1736@3394983326:0.407437;1206@2986342696:0.75035;1202@3024701017:0.74871|67@0.47209,0.567693,0.63718,0.637578,0.032921,0.161548,0.518937,0.211242,0.823234,0.816567,0.587479;56@0.697355,0.637968,0.835152,0.706027,0.710882,0.98529,0.351571,0.972793,0.530497,0.591334,0.346163,0.356801;73@0.900371,0.452502;38@0.179807,0.82306,0.766155,0.957855,0.824417,0.121116,0.896252,0.588577,0.552753,0.30292;1@;14@0.391316,0.083993,0.727027,0.637929,0.343025,0.895882,0.381666,0.1384,0.986318;41@;32@0.888414,0.875461,0.273178,0.03012;70@0.163655,0.191349,0.77848,0.646732;43@0.336913,0.487488,0.789711,0.27437,0.557755,0.20027,0.934233,0.921645,0.39008,0.567847,0.177124;65@0.387173,0.17418,0.650517,0.083693;20@0.04779,0.860943,0.271945,0.041207;40@0.548322,0.935637,0.575488;100@0.813298;37@0.583458,0.281113,0.650684,0.543078,0.379753,0.176175,0.614189,0.042012,0.695891,0.235908,0.277784,0.48029,0.831861;27@0.362871,0.657011,0.829921,0.238284,0.3503,0.984192,0.377676;92@0.541912,0.149939,0.187226,0.460471,0.274348;10@0.672115,0.883475,0.891756,0.505414,0.157942,0.023522,0.142895,0.8825,0.337314,0.442256,0.447846,0.231272;75@0.632532,0.929216,0.51157,0.641437,0.72797,0.834395,0.154635,0.515066,0.345579,0.588412;84@0.129375,0.880488,0.394613,0.489651,0.271116,0.139619,0.187616,0.186082,0.85352,0.265744,0.968458;82@0.926874;47@0.962621,0.88875,0.397458,0.161262,0.970527,0.237089,0.706176,0.505734,0.561738,0.261988,0.204387;9@0.448687,0.065433,0.173481,0.43731,0.021694,0.228048,0.71565,0.402769,0.521469,0.224019,0.932586;39@0.251649,0.770674,0.696663,0.464533,0.72194,0.023387,0.96329,0.160086,0.428074;88@0.30254,0.236021,0.705219,0.84473,0.846492,0.239422,0.278338;30@0.611788,0.668071,0.994452,0.739659,0.389133,0.689542,0.586603,0.588926,0.811018,0.03177|0|1762487393
I20251108 00:02:58.864688 139717798590272 data_text_parser.cc:116] beg_pos: 18473,end_pos: 20480
I20251108 00:02:58.864935 139717798590272 data_text_parser.cc:101] get chunk buffer, size: 20480
I20251108 00:02:58.864949 139717798590272 data_text_parser.cc:116] beg_pos: 0,end_pos: 213
I20251108 00:02:58.864957 139717798590272 data_text_parser.cc:61] buffer line: 620|305|1720@472909915:0.720791;1185@416164271:0.999132;1587@662547354:0.401117;1048@898894990:0.561584;1413@1963809236:0.333998;1472@698306609:0.176246;1861@407643880:0.492149;1430@167848220:0.880302;1384@1658411234:0.998141;1829@362568356:0.322426;1635@1470718452:0.053396;1785@2760365881:0.522573;1712@2923190454:0.357767;1116@1747904196:0.895585;1010@3694071337:0.509608;1371@3757241441:0.053841;1381@3871484542:0.142624;1736@1867550195:0.929682;1206@2277247460:0.643058;1202@2331034154:0.459603|67@0.949936,0.734575,0.906828,0.340139,0.566033,0.843197,0.840288,0.135544,0.299753,0.850032,0.125768;56@0.480832,0.742537,0.056322,0.029057,0.830414,0.362987,0.955248,0.680404,0.843449,0.491027,0.938561,0.559045;73@0.598718,0.479159;38@0.879009,0.446317,0.645788,0.08206,0.305333,0.578632,0.605796,0.706733,0.666734,0.640713;1@;14@0.400105,0.213162,0.706341,0.786599,0.274914,0.245413,0.657804,0.963255,0.539566;41@;32@0.920787,0.225162,0.321462,0.261199;70@0.340874,0.980464,0.706917,0.332987;43@0.465406,0.107472,0.647565,0.848989,0.239017,0.101046,0.936466,0.649892,0.783321,0.074986,0.151515;65@0.455995,0.739059,0.017151,0.258682;20@0.579429,0.836712,0.585858,0.351969;40@0.56498,0.313278,0.967656;100@0.472714;37@0.394284,0.418397,0.099568,0.835538,0.410473,0.774127,0.499599,0.67597,0.407245,0.750935,0.132185,0.457582,0.309638;27@0.709792,0.140653,0.036743,0.387536,0.048132,0.922777,0.459558;92@0.330213,0.080889,0.223237,0.497044,0.886711;10@0.859018,0.877289,0.686941,0.021585,0.51639,0.094249,0.119452,0.23084,0.03603,0.240854,0.266894,0.015393;75@0.245924,0.420168,0.671941,0.672406,0.985533,0.960735,0.834775,0.265495,0.887218,0.259724;84@0.050873,0.488991,0.57606,0.218961,0.53112,0.651704,0.065772,0.130738,0.331366,0.299082,0.400649;82@0.849648;47@0.186604,0.454851,0.204925,0.988633,0.785855,0.843113,0.629197,0.925092,0.665877,0.890689,0.087654;9@0.087703,0.758815,0.954285,0.575634,0.737835,0.984057,0.553576,0.064172,0.183899,0.71756,0.345507;39@0.333593,0.712055,0.772734,0.670864,0.491236,0.787915,0.133049,0.740074,0.160401;88@0.736366,0.844904,0.619114,0.654928,0.173503,0.027219,0.691843;30@0.074188,0.147522,0.585822,0.941135,0.427926,0.533488,0.850344,0.581807,0.480206,0.048791|1|1762487393
I20251108 00:02:58.864996 139717798590272 data_text_parser.cc:116] beg_pos: 214,end_pos: 2429
I20251108 00:02:58.865009 139717798590272 data_text_parser.cc:59] line: 621|782|1720@3662774946:0.099264;1185@2076093514:0.257861;1587@2359002833:0.243919;1048@2257350856:0.273079;1413@3933254427:0.423666;1472@1571501894:0.743488;1861@2211657847:0.206539;1430@3939021563:0.644997;1384@4255858670:0.069929;1829@280307178:0.132596;1635@3634826022:0.569386;1785@3479081927:0.674521;1712@326409680:0.05179;1116@2367336487:0.327837;1010@1713145511:0.79444;1371@1960306768:0.042708;1381@3885438107:0.20271;1736@1396111926:0.024041;1206@1555409002:0.07011;1202@1861752283:0.752698|67@0.976625,0.551718,0.329449,0.042696,0.180612,0.022789,0.161545,0.455275,0.3767,0.397028,0.069538;56@0.900533,0.026317,0.901515,0.671478,0.516042,0.963558,0.410256,0.942294,0.511274,0.955961,0.428757,0.425241;73@0.014638,0.880568;38@0.958461,0.649639,0.770425,0.639157,0.171423,0.436192,0.388248,0.142782,0.234072,0.411554;1@;14@0.870609,0.141003,0.440797,0.133798,0.870381,0.003873,0.575915,0.140462,0.775448;41@;32@0.27746,0.089086,0.508416,0.987087;70@0.992554,0.292094,0.884113,0.25595;43@0.350846,0.291104,0.747468,0.857038,0.062384,0.605452,0.077526,0.752943,0.865996,0.636416,0.967698;65@0.016894,0.00312,0.789852,0.971383;20@0.334612,0.245477,0.780468,0.060555;40@0.778219,0.547221,0.740908;100@0.611848;37@0.938886,0.667121,0.308899,0.213341,0.98662,0.920934,0.777007,0.291223,0.284162,0.360813,0.775559,0.531652,0.959045;27@0.739308,0.007535,0.558442,0.844936,0.932454,0.765307,0.86185;92@0.021467,0.658242,0.896998,0.831326,0.766034;10@0.613965,0.913505,0.576451,0.479428,0.129372,0.946956,0.593804,0.140897,0.42189,0.55982,0.626747,0.28045;75@0.992278,0.63047,0.311231,0.129421,0.066422,0.529735,0.725145,0.850538,0.738762,0.01357;84@0.002446,0.14557,0.042128,0.271887,0.279026,0.552194,0.662334,0.342056,0.70754,0.288656,0.102968;82@0.007418;47@0.555685,0.537917,0.163997,0.378551,0.816792,0.914605,0.246809,0.157877,0.62963,0.850818,0.257187;9@0.408452,0.845514,0.949769,0.985626,0.650484,0.193459,0.519819,0.265187,0.573234,0.039899,0.183901;39@0.564216,0.490636,0.004272,0.813913,0.584746,0.776906,0.22225,0.745462,0.492063;88@0.077396,0.416272,0.419536,0.770904,0.317479,0.025037,0.041189;30@0.531226,0.579162,0.467704,0.429477,0.586468,0.312103,0.258487,0.257747,0.549322,0.802785|0|1762487393
I20251108 00:02:58.865049 139717798590272 data_text_parser.cc:116] beg_pos: 2430,end_pos: 4635
I20251108 00:02:58.865061 139717798590272 data_text_parser.cc:59] line: 622|191|1720@1393428660:0.243804;1185@1813399228:0.362871;1587@976733102:0.483077;1048@363342922:0.044948;1413@2374294798:0.429339;1472@613732446:0.267486;1861@2207937337:0.532677;1430@1992761669:0.206496;1384@244817399:0.217881;1829@976733102:0.930947;1635@2232020502:0.87228;1785@2317567759:0.986545;1712@1550199113:0.304907;1116@2350247984:0.934837;1010@2978181921:0.855702;1371@3139340385:0.343001;1381@2204934973:0.165843;1736@3406204117:0.790404;1206@2906827908:0.196674;1202@2699640141:0.376838|67@0.102312,0.769534,0.568161,0.825132,0.349173,0.787866,0.880217,0.502849,0.087165,0.015193,0.945931;56@0.866492,0.212809,0.994443,0.453812,0.970026,0.63317,0.892248,0.844391,0.858981,0.103448,0.105002,0.193916;73@0.34797,0.949039;38@0.306052,0.187182,0.528203,0.803432,0.45175,0.246189,0.18689,0.296707,0.491125,0.458282;1@;14@0.327452,0.479812,0.582002,0.535998,0.878873,0.121988,0.259045,0.776306,0.703878;41@;32@0.765131,0.12475,0.4587,0.521415;70@0.500492,0.595668,0.03587,0.148456;43@0.275317,0.302232,0.678834,0.409391,0.779072,0.463957,0.49907,0.422695,0.861325,0.944608,0.479823;65@0.008761,0.581282,0.369881,0.993153;20@0.998253,0.644354,0.946775,0.514368;40@0.74921,0.603781,0.46271;100@0.144304;37@0.946652,0.942862,0.754343,0.534629,0.671212,0.337845,0.859403,0.906075,0.15996,0.293643,0.324454,0.053985,0.665249;27@0.901645,0.836545,0.975118,0.329411,0.832857,0.915186,0.247865;92@0.573234,0.110643,0.256864,0.951829,0.609212;10@0.57351,0.283233,0.82985,0.606746,0.223059,0.30882,0.62405,0.499696,0.334996,0.134835,0.12679,0.387175;75@0.834542,0.485232,0.687198,0.486317,0.957102,0.392383,0.187654,0.381718,0.360806,0.936474;84@0.526585,0.055042,0.572149,0.38412,0.018933,0.676381,0.081808,0.460301,0.631364,0.717869,0.935199;82@0.46947;47@0.035743,0.715421,0.587141,0.425126,0.729737,0.038006,0.626605,0.158049,0.63297,0.459835,0.580457;9@0.779306,0.144823,0.332612,0.228144,0.099034,0.980782,0.750573,0.51138,0.351308,0.167356,0.037439;39@0.859466,0.348903,0.245511,0.823898,0.78318,0.533967,0.825104,0.735897,0.94797;88@0.758272,0.816026,0.780162,0.37923,0.286807,0.673239,0.644172;30@0.165463,0.088844,0.459782,0.160385,0.662611,0.0081,0.003586,0.773268,0.181112,0.612739|1|1762487393
I20251108 00:02:58.865092 139717798590272 data_text_parser.cc:116] beg_pos: 4636,end_pos: 6846
I20251108 00:02:58.865109 139717798590272 data_text_parser.cc:59] line: 623|750|1720@3070711360:0.449466;1185@2622024900:0.076146;1587@794956833:0.746037;1048@1033581825:0.741133;1413@114020993:0.393222;1472@1057146477:0.30176;1861@2952684166:0.052395;1430@1058847379:0.419873;1384@1316823113:0.607367;1829@277913992:0.715408;1635@2689345927:0.70054;1785@3493088779:0.245637;1712@1270807989:0.371893;1116@780590539:0.890222;1010@3112402808:0.376156;1371@3040740787:0.669064;1381@3601716449:0.479915;1736@3429393910:0.010954;1206@486387023:0.211539;1202@2477488032:0.524557|67@0.045445,0.438781,0.240731,0.752297,0.991794,0.331288,0.351109,0.769977,0.830942,0.706763,0.210166;56@0.385545,0.70543,0.322436,0.788385,0.514627,0.032765,0.974899,0.903299,0.660909,0.93599,0.652963,0.25701;73@0.595184,0.581871;38@0.055253,0.524947,0.052673,0.631918,0.756094,0.140949,0.346326,0.634163,0.458405,0.020838;1@;14@0.603094,0.502262,0.422749,0.653679,0.392212,0.481244,0.299899,0.950293,0.605105;41@;32@0.729472,0.573849,0.340744,0.516096;70@0.366779,0.578001,0.381406,0.665181;43@0.890618,0.381807,0.979121,0.520349,0.836862,0.283854,0.274093,0.600495,0.49457,0.519384,0.202498;65@0.941394,0.768245,0.479996,0.275939;20@0.883955,0.828427,0.135559,0.613537;40@0.482565,0.371019,0.86563;100@0.046624;37@0.16003,0.924065,0.023805,0.002336,0.829315,0.703837,0.505916,0.570355,0.73926,0.560383,0.204345,0.233748,0.25056;27@0.942758,0.533063,0.255735,0.52648,0.904677,0.302976,0.499362;92@0.597515,0.391459,0.864178,0.526025,0.148942;10@0.581341,0.279002,0.855824,0.815349,0.539872,0.915385,0.629482,0.44036,0.916707,0.931288,0.677584,0.483964;75@0.883618,0.71111,0.036434,0.341444,0.263395,0.613863,0.103756,0.118976,0.006327,0.453592;84@0.99397,0.854785,0.590531,0.751217,0.258404,0.576688,0.19092,0.772767,0.622357,0.415864,0.392403;82@0.768923;47@0.709,0.763107,0.38045,0.204601,0.279989,0.902827,0.383191,0.494223,0.650484,0.997278,0.156881;9@0.813781,0.137062,0.629323,0.690465,0.550344,0.640948,0.482911,0.135189,0.476374,0.452855,0.770389;39@0.171417,0.2838,0.986564,0.894032,0.657539,0.815306,0.696495,0.12021,0.749954;88@0.975858,0.199043,0.627362,0.699163,0.989908,0.234011,0.569121;30@0.674349,0.718897,0.592806,0.120901,0.265034,0.849571,0.891153,0.744957,0.732926,0.990771|0|1762487393
I20251108 00:02:58.865150 139717798590272 data_text_parser.cc:116] beg_pos: 6847,end_pos: 9060
I20251108 00:02:58.865163 139717798590272 data_text_parser.cc:59] line: 624|414|1720@2016322481:0.492877;1185@3573040520:0.006215;1587@521503941:0.395783;1048@1987928140:0.619019;1413@1691517519:0.049914;1472@336085958:0.758075;1861@4157037839:0.150135;1430@2963467151:0.731799;1384@2099503101:0.796722;1829@2032414547:0.566347;1635@155558160:0.652072;1785@3088218953:0.499799;1712@132827053:0.865586;1116@2635732560:0.628896;1010@1872771679:0.389837;1371@1860125064:0.753086;1381@200047865:0.603563;1736@3892452926:0.636893;1206@2076785294:0.148405;1202@3113957038:0.863661|67@0.088234,0.678433,0.968607,0.994878,0.232175,0.358795,0.701192,0.68479,0.235248,0.607018,0.718128;56@0.693709,0.466895,0.502965,0.397207,0.126278,0.662815,0.1475,0.097177,0.997111,0.790666,0.493474,0.869234;73@0.851079,0.092937;38@0.321632,0.22155,0.859597,0.263053,0.503614,0.008465,0.175504,0.239219,0.135414,0.163281;1@;14@0.798658,0.989157,0.580994,0.843716,0.715546,0.6366,0.933874,0.132393,0.481499;41@;32@0.411333,0.793306,0.341769,0.734776;70@0.478754,0.052623,0.984412,0.620066;43@0.957714,0.079271,0.411519,0.585842,0.052267,0.811395,0.235793,0.377353,0.36204,0.896778,0.690097;65@0.113686,0.267513,0.609237,0.016179;20@0.547474,0.563721,0.090982,0.943371;40@0.752271,0.80721,0.478132;100@0.258707;37@0.847211,0.060439,0.604334,0.369412,0.448617,0.392219,0.329799,0.515726,0.306313,0.585563,0.044631,0.017473,0.530776;27@0.810935,0.408935,0.13607,0.836449,0.708715,0.70911,0.405244;92@0.814776,0.656491,0.77671,0.609734,0.42785;10@0.27715,0.902956,0.811626,0.192583,0.447837,0.139592,0.347278,0.107698,0.753777,0.007511,0.297588,0.376345;75@0.947019,0.234931,0.508449,0.301588,0.456754,0.189033,0.082513,0.732641,0.295365,0.539262;84@0.539485,0.430403,0.180384,0.180812,0.819563,0.513549,0.857364,0.570182,0.518896,0.160899,0.563433;82@0.381138;47@0.086499,0.374487,0.092087,0.262778,0.514762,0.500352,0.016792,0.74672,0.537733,0.700371,0.35383;9@0.928156,0.002817,0.966585,0.818856,0.369522,0.638443,0.443077,0.582613,0.672625,0.070065,0.064168;39@0.692799,0.81512,0.59175,0.186188,0.005877,0.392582,0.569028,0.939807,0.470261;88@0.652571,0.884695,0.8281,0.486662,0.672886,0.083243,0.331831;30@0.849021,0.175475,0.940129,0.236328,0.177571,0.751786,0.708138,0.550596,0.423202,0.112995|1|1762487393
I20251108 00:02:58.865197 139717798590272 data_text_parser.cc:116] beg_pos: 9061,end_pos: 11269
I20251108 00:02:58.865210 139717798590272 data_text_parser.cc:59] line: 625|79|1720@369898783:0.181497;1185@3170231594:0.275153;1587@1177744121:0.018427;1048@3161421394:0.134038;1413@1369799468:0.866215;1472@3839118656:0.712041;1861@233985817:0.648447;1430@3367087072:0.801479;1384@1650679860:0.143231;1829@4192691631:0.88373;1635@1135079110:0.533651;1785@2539614206:0.472167;1712@838399383:0.515377;1116@999807999:0.113671;1010@3573465928:0.645227;1371@2315676758:0.96957;1381@3428545800:0.428456;1736@4100034261:0.03195;1206@568892657:0.79951;1202@744189114:0.854406|67@0.005173,0.598392,0.592834,0.074921,0.154588,0.51191,0.505728,0.786567,0.571036,0.51508,0.178494;56@0.511661,0.612633,0.193896,0.830963,0.54084,0.108582,0.139442,0.194499,0.584712,0.889998,0.814615,0.575007;73@0.903212,0.48894;38@0.674867,0.38749,0.447927,0.646971,0.088334,0.432747,0.582891,0.761257,0.108492,0.025265;1@;14@0.366157,0.494674,0.083114,0.837205,0.79276,0.617042,0.103327,0.674042,0.649436;41@;32@0.710455,0.21964,0.345618,0.953277;70@0.920224,0.622342,0.095943,0.523341;43@0.335937,0.496014,0.064681,0.406262,0.459507,0.978081,0.419883,0.710698,0.800837,0.446211,0.449129;65@0.932576,0.643115,0.012931,0.314505;20@0.112633,0.941922,0.061503,0.41062;40@0.472405,0.541913,0.82413;100@0.974575;37@0.091352,0.436436,0.248782,0.826858,0.448109,0.132967,0.973742,0.643878,0.056825,0.164192,0.689529,0.009948,0.336384;27@0.58989,0.973485,0.445051,0.596192,0.80099,0.819973,0.54469;92@0.491098,0.094666,0.705829,0.634675,0.379924;10@0.42679,0.782417,0.219624,0.21694,0.218876,0.122182,0.136433,0.355556,0.962883,0.681518,0.180408,0.316663;75@0.352456,0.363217,0.37055,0.478482,0.595355,0.0201,0.183548,0.056699,0.900444,0.433807;84@0.178191,0.624699,0.316784,0.867639,0.302831,0.471669,0.306463,0.097803,0.155792,0.333523,0.207451;82@0.013598;47@0.925244,0.852206,0.616286,0.796698,0.150434,0.342954,0.552208,0.553132,0.278241,0.539581,0.290878;9@0.036445,0.988617,0.044671,0.692371,0.544032,0.668837,0.073929,0.759183,0.273715,0.390935,0.294863;39@0.802056,0.613878,0.503347,0.500811,0.455359,0.712208,0.531919,0.920668,0.164825;88@0.599541,0.427817,0.322142,0.265535,0.767165,0.494572,0.794928;30@0.734333,0.223313,0.417328,0.929702,0.355443,0.82541,0.693836,0.545568,0.214831,0.544936|1|1762487393
I20251108 00:02:58.865247 139717798590272 data_text_parser.cc:116] beg_pos: 11270,end_pos: 13471
I20251108 00:02:58.865260 139717798590272 data_text_parser.cc:59] line: 626|694|1720@1717164779:0.76616;1185@3979433710:0.78115;1587@4283137646:0.842031;1048@2421231944:0.921829;1413@1828273782:0.458385;1472@495509902:0.989338;1861@3395367132:0.12223;1430@3381659180:0.255893;1384@725352238:0.033312;1829@349265424:0.277288;1635@1332827490:0.082757;1785@1383631443:0.942336;1712@1668916259:0.502234;1116@4096971597:0.409688;1010@3183638872:0.16562;1371@3368223238:0.095325;1381@3821643355:0.133284;1736@3378253497:0.32417;1206@1180775909:0.544084;1202@721030684:0.144064|67@0.065178,0.601211,0.621884,0.868251,0.49206,0.143873,0.514442,0.193184,0.080288,0.596877,0.262119;56@0.245196,0.48494,0.115504,0.447702,0.262104,0.543578,0.15686,0.505786,0.512791,0.767237,0.210664,0.044735;73@0.510257,0.695061;38@0.004157,0.982591,0.78632,0.243428,0.250408,0.484602,0.253084,0.079122,0.94946,0.158895;1@;14@0.538796,0.495974,0.051289,0.487173,0.034311,0.712129,0.777716,0.303632,0.30772;41@;32@0.235034,0.853875,0.786526,0.344276;70@0.211056,0.27761,0.703966,0.852165;43@0.141549,0.654373,0.271764,0.914956,0.930496,0.130366,0.245464,0.080898,0.118078,0.827914,0.563923;65@0.058142,0.762998,0.550022,0.6647;20@0.774701,0.568317,0.85489,0.80561;40@0.559133,0.738057,0.213597;100@0.544451;37@0.318013,0.373029,0.629678,0.639036,0.150288,0.544208,0.969432,0.665774,0.917119,0.021532,0.167848,0.726232,0.438155;27@0.559719,0.559965,0.083323,0.34669,0.12134,0.232854,0.899991;92@0.53415,0.11035,0.663379,0.176641,0.51771;10@0.511858,0.442644,0.290932,0.732768,0.506893,0.4896,0.69545,0.494185,0.33728,0.715656,0.83841,0.233277;75@0.529234,0.859698,0.687332,0.031552,0.567819,0.588904,0.776942,0.150463,0.750258,0.314849;84@0.217916,0.222938,0.00261,0.900448,0.013975,0.908914,0.083696,0.028776,0.287161,0.550675,0.119284;82@0.387263;47@0.696807,0.523869,0.809344,0.579412,0.164221,0.166146,0.291271,0.168619,0.898268,0.272452,0.534613;9@0.448113,0.230363,0.917088,0.205989,0.029656,0.63434,0.859468,0.882107,0.496217,0.092994,0.463129;39@0.872496,0.236631,0.806048,0.647621,0.681863,0.776388,0.142749,0.299549,0.354021;88@0.898724,0.472415,0.477884,0.77946,0.535926,0.770362,0.071593;30@0.063062,0.955521,0.116933,0.26723,0.570241,0.66234,0.043749,0.513518,0.47323,0.365098|0|1762487393
I20251108 00:02:58.865300 139717798590272 data_text_parser.cc:116] beg_pos: 13472,end_pos: 15683
I20251108 00:02:58.865313 139717798590272 data_text_parser.cc:59] line: 627|782|1720@4290663370:0.368041;1185@1446862444:0.509769;1587@2132506549:0.951596;1048@3561459466:0.608446;1413@149456225:0.558544;1472@1672182424:0.690223;1861@404603477:0.824797;1430@299891667:0.288652;1384@3974855679:0.51786;1829@201235492:0.879287;1635@1925993530:0.998125;1785@3334133613:0.189926;1712@2340817420:0.132113;1116@3649559853:0.672549;1010@2626289590:0.34015;1371@3999489628:0.108088;1381@3844250016:0.968345;1736@1614664557:0.436487;1206@2385627986:0.557152;1202@3310875680:0.564802|67@0.868819,0.864845,0.564927,0.197853,0.681042,0.231799,0.918736,0.682517,0.434882,0.584773,0.082704;56@0.102529,0.06755,0.654986,0.398466,0.186431,0.899526,0.35467,0.396544,0.236242,0.78947,0.868227,0.423281;73@0.190967,0.166579;38@0.935262,0.877264,0.162404,0.924302,0.578118,0.855111,0.749918,0.591541,0.126601,0.653757;1@;14@0.259348,0.588409,0.082844,0.590339,0.213015,0.405605,0.757331,0.689534,0.145479;41@;32@0.12629,0.920322,0.604612,0.90989;70@0.234679,0.566091,0.27889,0.512829;43@0.305919,0.284897,0.769537,0.139075,0.289175,0.175123,0.306894,0.389163,0.495195,0.591726,0.352898;65@0.424468,0.605127,0.620269,0.995106;20@0.531217,0.905441,0.960223,0.661388;40@0.742461,0.050684,0.097831;100@0.73367;37@0.337815,0.805306,0.941256,0.827661,0.979417,0.125293,0.624571,0.018207,0.69776,0.188772,0.341966,0.620269,0.631854;27@0.499266,0.736655,0.363167,0.798129,0.366941,0.689777,0.133125;92@0.902864,0.356632,0.657102,0.0233,0.422774;10@0.906897,0.99666,0.291633,0.707843,0.177804,0.78542,0.694491,0.741615,0.404907,0.960739,0.781068,0.805013;75@0.820071,0.148815,0.608539,0.868377,0.889128,0.56571,0.036801,0.671312,0.435094,0.785763;84@0.063948,0.601731,0.83465,0.428988,0.918214,0.025,0.475797,0.256915,0.470275,0.857392,0.829167;82@0.104049;47@0.748966,0.643312,0.871636,0.043952,0.557122,0.93575,0.500547,0.013698,0.997805,0.825355,0.52754;9@0.397559,0.677147,0.930591,0.341086,0.368174,0.838976,0.948691,0.641433,0.535843,0.449224,0.531325;39@0.087455,0.853325,0.300916,0.686563,0.086322,0.162166,0.950921,0.97746,0.472895;88@0.157127,0.160549,0.115192,0.818402,0.516411,0.840073,0.833472;30@0.016666,0.700441,0.535181,0.860354,0.328898,0.518137,0.208681,0.526072,0.130435,0.337031|0|1762487393
I20251108 00:02:58.865344 139717798590272 data_text_parser.cc:116] beg_pos: 15684,end_pos: 17897
I20251108 00:02:58.865356 139717798590272 data_text_parser.cc:59] line: 628|414|1720@1230723139:0.804474;1185@4006536301:0.913911;1587@867988909:0.266837;1048@191935858:0.055371;1413@1152062435:0.981148;1472@4075398109:0.571784;1861@2158920389:0.734223;1430@864677214:0.928842;1384@1130214277:0.862916;1829@1730417556:0.205816;1635@3674658604:0.367052;1785@2072858431:0.705269;1712@1987616035:0.652711;1116@1650930806:0.264344;1010@509673327:0.4756;1371@585121701:0.072454;1381@2222191660:0.372686;1736@280307178:0.700387;1206@2648382923:0.565857;1202@2402588511:0.780245|67@0.253348,0.564139,0.031907,0.760784,0.225245,0.952553,0.061187,0.796227,0.045092,0.614133,0.742807;56@0.780058,0.549336,0.247067,0.228902,0.283731,0.375807,0.196081,0.836667,0.101407,0.926978,0.358515,0.674014;73@0.27136,0.726904;38@0.453639,0.280877,0.684488,0.324497,0.281053,0.003323,0.608089,0.89426,0.373193,0.032215;1@;14@0.715527,0.633334,0.86096,0.437737,0.169998,0.669998,0.982387,0.457563,0.848353;41@;32@0.433166,0.761477,0.383496,0.092731;70@0.57269,0.606999,0.595477,0.633685;43@0.762642,0.581398,0.670992,0.470129,0.536731,0.853496,0.456956,0.913939,0.238199,0.011194,0.706644;65@0.1046,0.807967,0.752604,0.714141;20@0.886334,0.417541,0.597624,0.920793;40@0.023302,0.28824,0.162013;100@0.294354;37@0.582314,0.827633,0.586469,0.486607,0.193858,0.923833,0.542726,0.599454,0.578339,0.81089,0.944207,0.19143,0.632099;27@0.807192,0.463669,0.7253,0.506818,0.443059,0.65155,0.802451;92@0.144221,0.507885,0.867281,0.097555,0.750733;10@0.984734,0.349283,0.989085,0.913855,0.811907,0.250708,0.412315,0.553126,0.708538,0.265017,0.948557,0.978665;75@0.205526,0.377676,0.726341,0.093513,0.589593,0.323997,0.326884,0.280608,0.799073,0.652334;84@0.163521,0.821045,0.249685,0.993189,0.953921,0.095411,0.680721,0.321044,0.724669,0.315515,0.943987;82@0.772356;47@0.743003,0.696382,0.24641,0.872954,0.639018,0.573728,0.758898,0.638319,0.179404,0.087536,0.126618;9@0.820749,0.348182,0.266999,0.964748,0.137688,0.3937,0.815119,0.881998,0.032706,0.089656,0.143602;39@0.123504,0.952006,0.916615,0.468584,0.134932,0.151007,0.664225,0.689152,0.065781;88@0.822764,0.436293,0.216833,0.85733,0.477855,0.435968,0.097458;30@0.427806,0.387008,0.184647,0.547399,0.837871,0.372712,0.667835,0.845705,0.266187,0.030552|0|1762487393
I20251108 00:02:58.865400 139717798590272 data_text_parser.cc:116] beg_pos: 17898,end_pos: 20108
I20251108 00:02:58.865413 139717798590272 data_text_parser.cc:59] line: 629|54|1720@3380382124:0.642855;1185@2531542397:0.639749;1587@2231180962:0.594692;1048@2471132679:0.279144;1413@85377345:0.762923;1472@4257334314:0.486946;1861@4052304145:0.202957;1430@3649286411:0.842745;1384@289571040:0.996923;1829@2932875168:0.068324;1635@1376104936:0.860107;1785@2971236997:0.018981;1712@1307834546:0.311669;1116@1023195527:0.793256;1010@1665450681:0.357673;1371@3025773980:0.070091;1381@3960204630:0.282282;1736@3735476981:0.79419;1206@1858065387:0.277745;1202@1971319281:0.055189|67@0.596449,0.021235,0.656429,0.045793,0.353142,0.03401,0.335141,0.491339,0.805893,0.828935,0.225994;56@0.432069,0.122012,0.438493,0.596615,0.97415,0.658159,0.727209,0.01695,0.122959,0.740106,0.547043,0.492834;73@0.639881,0.084887;38@0.126811,0.906032,0.853094,0.975119,0.637495,0.875424,0.129611,0.587846,0.875878,0.86946;1@;14@0.652974,0.650418,0.152791,0.562096,0.440446,0.267275,0.137529,0.129676,0.037639;41@;32@0.614838,0.247725,0.438941,0.13115;70@0.614263,0.498452,0.243295,0.46842;43@0.229937,0.525557,0.514328,0.255952,0.624822,0.776235,0.405587,0.785674,0.016195,0.004277,0.402931;65@0.887188,0.129184,0.447451,0.038974;20@0.249283,0.288362,0.119292,0.689198;40@0.803405,0.300397,0.146119;100@0.551861;37@0.312984,0.158125,0.250216,0.803592,0.900067,0.315194,0.10389,0.327804,0.066294,0.789426,0.192559,0.13615,0.814133;27@0.531431,0.560273,0.11369,0.832937,0.830432,0.942761,0.075128;92@0.508716,0.955654,0.428675,0.17917,0.073985;10@0.338226,0.389384,0.118612,0.082863,0.062394,0.717892,0.103984,0.911367,0.761187,0.07615,0.916805,0.048811;75@0.406301,0.435161,0.485741,0.116659,0.582434,0.750502,0.159586,0.60376,0.289585,0.06197;84@0.116103,0.655102,0.127815,0.683831,0.552341,0.362071,0.222497,0.930029,0.103699,0.374831,0.782154;82@0.698958;47@0.169951,0.388124,0.287124,0.77288,0.891483,0.638637,0.210686,0.507243,0.986027,0.535472,0.39112;9@0.373136,0.432912,0.452244,0.255287,0.730815,0.010897,0.010367,0.09002,0.011044,0.327158,0.829981;39@0.532541,0.525466,0.652179,0.306242,0.867702,0.151024,0.727393,0.234462,0.561617;88@0.510056,0.448969,0.159021,0.71948,0.174136,0.048334,0.299976;30@0.222764,0.663091,0.17,0.758265,0.221654,0.029544,0.48499,0.182935,0.559116,0.131268|1|1762487393
I20251108 00:02:58.865436 139717798590272 data_text_parser.cc:116] beg_pos: 20109,end_pos: 20480
I20251108 00:02:58.865686 139717798590272 data_text_parser.cc:101] get chunk buffer, size: 20480
I20251108 00:02:58.865711 139717798590272 data_text_parser.cc:116] beg_pos: 0,end_pos: 1842
I20251108 00:02:58.865718 139717798590272 data_text_parser.cc:61] buffer line: 630|577|1720@3909701730:0.509482;1185@4022481644:0.172634;1587@2881699605:0.534578;1048@3777803744:0.032362;1413@1855017229:0.809233;1472@2755215364:0.04464;1861@3414140191:0.074409;1430@1955966261:0.148443;1384@2301246479:0.428711;1829@636116231:0.564574;1635@3933183354:0.244837;1785@2739748942:0.370574;1712@745536862:0.950877;1116@2000349868:0.276804;1010@2301189001:0.938132;1371@707833005:0.485203;1381@2388919097:0.905256;1736@1913073570:0.450905;1206@309453711:0.891927;1202@185328820:0.901248|67@0.218548,0.238149,0.110766,0.74597,0.601107,0.604198,0.926588,0.206569,0.767653,0.085615,0.89435;56@0.000499,0.125217,0.904281,0.823785,0.261334,0.128767,0.017731,0.886261,0.965267,0.540274,0.089588,0.053128;73@0.085746,0.768592;38@0.270401,0.948041,0.634711,0.783023,0.10962,0.684098,0.282146,0.860924,0.789183,0.310045;1@;14@0.550922,0.586974,0.725029,0.156748,0.872075,0.4911,0.374143,0.407238,0.341644;41@;32@0.827076,0.121847,0.787643,0.011411;70@0.602456,0.661056,0.928044,0.903076;43@0.218309,0.291834,0.611667,0.215477,0.988457,0.336368,0.480221,0.133981,0.007079,0.196126,0.001236;65@0.510038,0.520102,0.101603,0.933339;20@0.655581,0.99354,0.173664,0.342491;40@0.668998,0.748541,0.196803;100@0.379797;37@0.009987,0.0731,0.327678,0.194419,0.578558,0.208696,0.475759,0.622629,0.310682,0.773857,0.63362,0.884851,0.136711;27@0.445497,0.900018,0.672132,0.370703,0.920241,0.937552,0.110981;92@0.60859,0.922962,0.359369,0.298053,0.80957;10@0.036972,0.768769,0.889798,0.338192,0.572241,0.723619,0.883705,0.286376,0.574538,0.548673,0.530975,0.410479;75@0.619431,0.707387,0.209217,0.812789,0.356424,0.34313,0.605659,0.59684,0.402974,0.147315;84@0.443411,0.120489,0.387946,0.503028,0.080135,0.124093,0.728823,0.650808,0.71093,0.870248,0.389384;82@0.852419;47@0.803137,0.17339,0.448096,0.570294,0.244143,0.047115,0.58508,0.056954,0.253673,0.635414,0.711352;9@0.343428,0.242006,0.454043,0.235861,0.412739,0.529702,0.250076,0.324025,0.604137,0.69266,0.168669;39@0.494426,0.99347,0.471419,0.601516,0.314486,0.321787,0.481153,0.295196,0.328088;88@0.667539,0.833381,0.847634,0.214921,0.075108,0.463893,0.665671;30@0.415087,0.956065,0.162836,0.350503,0.362387,0.209681,0.092261,0.193984,0.954564,0.979443|1|1762487393
I20251108 00:02:58.865756 139717798590272 data_text_parser.cc:116] beg_pos: 1843,end_pos: 4046
I20251108 00:02:58.865769 139717798590272 data_text_parser.cc:59] line: 631|651|1720@4227148503:0.593187;1185@3468536258:0.042162;1587@330077362:0.353748;1048@4154285021:0.684491;1413@840471249:0.463584;1472@169982058:0.759293;1861@755579455:0.412191;1430@2837045368:0.838842;1384@876729658:0.419712;1829@511703463:0.402109;1635@2446741122:0.065317;1785@1682299406:0.15305;1712@2222706849:0.884753;1116@577322902:0.043217;1010@3602158648:0.187123;1371@2087326504:0.53994;1381@1562113939:0.183308;1736@2097998275:0.47001;1206@782573787:0.392185;1202@661920123:0.448515|67@0.691691,0.755674,0.52891,0.711979,0.888996,0.177051,0.669445,0.922431,0.893751,0.705933,0.377883;56@0.996624,0.660219,0.326759,0.728747,0.125221,0.204154,0.989397,0.702064,0.873848,0.392124,0.905619,0.177773;73@0.470439,0.301958;38@0.198178,0.954419,0.880874,0.232012,0.890698,0.014511,0.197396,0.137071,0.283681,0.892758;1@;14@0.908238,0.983715,0.028562,0.099666,0.449692,0.659361,0.795632,0.352855,0.27066;41@;32@0.19873,0.596931,0.017558,0.260613;70@0.616174,0.081829,0.446333,0.671512;43@0.802106,0.763167,0.440395,0.829309,0.838878,0.640649,0.429283,0.21522,0.237359,0.358263,0.91528;65@0.223238,0.877068,0.177653,0.88888;20@0.426271,0.541554,0.853372,0.793848;40@0.471836,0.906457,0.784078;100@0.980639;37@0.085324,0.838335,0.367775,0.501665,0.754949,0.304603,0.931675,0.524371,0.000228,0.622481,0.073988,0.230619,0.189164;27@0.155231,0.94619,0.967553,0.370735,0.537052,0.376463,0.766197;92@0.253625,0.095268,0.267526,0.09046,0.744724;10@0.578753,0.388456,0.975891,0.063038,0.718828,0.114409,0.542436,0.421532,0.933583,0.782522,0.428259,0.074963;75@0.25093,0.957526,0.40911,0.858477,0.156261,0.87812,0.633028,0.784759,0.045927,0.08863;84@0.762904,0.995118,0.387638,0.990383,0.654259,0.525365,0.219702,0.400183,0.389513,0.45846,0.762769;82@0.306384;47@0.478913,0.405832,0.802424,0.9834,0.911618,0.084917,0.719536,0.735059,0.274037,0.396634,0.66886;9@0.044885,0.100099,0.229423,0.777215,0.021208,0.345267,0.67592,0.620718,0.977966,0.226005,0.668148;39@0.508562,0.135701,0.169652,0.21211,0.560392,0.851001,0.97017,0.303713,0.881966;88@0.209651,0.38713,0.191944,0.534122,0.072684,0.798227,0.034603;30@0.75699,0.588078,0.305998,0.877919,0.814635,0.09792,0.357866,0.289274,0.676126,0.709578|0|1762487393
I20251108 00:02:58.865804 139717798590272 data_text_parser.cc:116] beg_pos: 4047,end_pos: 6254
I20251108 00:02:58.865817 139717798590272 data_text_parser.cc:59] line: 632|654|1720@2606474846:0.999491;1185@717409185:0.680389;1587@2388588597:0.543053;1048@884451318:0.833875;1413@286587457:0.492301;1472@4056610841:0.365001;1861@246022582:0.892856;1430@2726396985:0.515941;1384@1701808540:0.661297;1829@2288961893:0.635892;1635@1216944280:0.542403;1785@3544683265:0.895382;1712@3181555759:0.784398;1116@3277438737:0.154775;1010@313497313:0.855894;1371@4245814983:0.240708;1381@1671844911:0.021405;1736@174122215:0.932749;1206@2502380983:0.287408;1202@2573092676:0.374291|67@0.933972,0.55382,0.096771,0.352723,0.43339,0.306635,0.323507,0.147225,0.586057,0.709977,0.552465;56@0.6527,0.646746,0.56673,0.410644,0.390315,0.466724,0.885771,0.427822,0.712516,0.122775,0.807532,0.339713;73@0.661143,0.123945;38@0.253032,0.625653,0.110919,0.752874,0.666047,0.615226,0.539988,0.877284,0.458537,0.838589;1@;14@0.657621,0.525484,0.654058,0.793104,0.511398,0.762595,0.643434,0.4906,0.907848;41@;32@0.83413,0.016977,0.67334,0.013437;70@0.579642,0.919001,0.215991,0.805259;43@0.759267,0.258081,0.894064,0.334668,0.450668,0.804684,0.54789,0.297976,0.472491,0.806795,0.355881;65@0.462313,0.47601,0.818029,0.69422;20@0.314314,0.006283,0.267556,0.835564;40@0.339917,0.141018,0.773447;100@0.223035;37@0.811637,0.443189,0.572234,0.781058,0.29351,0.533534,0.620421,0.663974,0.591036,0.747342,0.573802,0.201392,0.043989;27@0.248039,0.539058,0.320158,0.598115,0.939238,0.525606,0.116898;92@0.332871,0.622995,0.580901,0.719944,0.569402;10@0.739684,0.024481,0.07825,0.13523,0.178399,0.263265,0.176637,0.34627,0.225169,0.009069,0.046718,0.984797;75@0.078839,0.437673,0.304755,0.855417,0.194325,0.158047,0.04091,0.882012,0.731099,0.083798;84@0.649962,0.99118,0.328071,0.46817,0.888898,0.516763,0.777789,0.563017,0.89379,0.325912,0.886083;82@0.211551;47@0.033986,0.499785,0.884951,0.740899,0.879871,0.913433,0.437081,0.051245,0.836588,0.517246,0.5315;9@0.193914,0.845635,0.550435,0.416886,0.767416,0.926574,0.449095,0.059714,0.555387,0.013008,0.252899;39@0.235286,0.145813,0.681941,0.928224,0.864916,0.174389,0.703852,0.436864,0.139761;88@0.191669,0.835507,0.01675,0.795213,0.640172,0.132421,0.397515;30@0.489142,0.189479,0.167638,0.258261,0.891997,0.027799,0.875174,0.245333,0.97302,0.126758|0|1762487393
I20251108 00:02:58.865855 139717798590272 data_text_parser.cc:116] beg_pos: 6255,end_pos: 8467
I20251108 00:02:58.865868 139717798590272 data_text_parser.cc:59] line: 633|223|1720@4182933510:0.462572;1185@4028151497:0.149883;1587@477314283:0.505976;1048@4122389191:0.421644;1413@2053841527:0.025048;1472@3086043324:0.881939;1861@2188264349:0.150768;1430@3138208659:0.67101;1384@1228200507:0.016447;1829@3121517033:0.919851;1635@4170765937:0.476124;1785@1606580274:0.17296;1712@3044580123:0.609567;1116@723088134:0.646671;1010@656765548:0.18299;1371@1543731965:0.674019;1381@19188069:0.849411;1736@2729754802:0.290541;1206@2069108298:0.390866;1202@2284138423:0.416521|67@0.230931,0.280064,0.067372,0.159326,0.835655,0.381044,0.902794,0.987632,0.152474,0.579367,0.684083;56@0.265572,0.687111,0.244626,0.840743,0.841308,0.229366,0.309271,0.647145,0.267061,0.06064,0.823189,0.277439;73@0.746389,0.06571;38@0.276936,0.856191,0.694723,0.172622,0.318804,0.213079,0.139985,0.510332,0.002183,0.335391;1@;14@0.329808,0.13725,0.469906,0.418532,0.8042,0.358611,0.067644,0.500325,0.842328;41@;32@0.573188,0.797577,0.965539,0.973311;70@0.637412,0.38527,0.567115,0.337884;43@0.310751,0.986954,0.154957,0.381028,0.519862,0.258689,0.542229,0.831489,0.18479,0.129921,0.76853;65@0.243253,0.446733,0.066633,0.759959;20@0.879847,0.309679,0.854653,0.002775;40@0.408398,0.857702,0.536925;100@0.122836;37@0.995332,0.926851,0.576306,0.474119,0.630258,0.231013,0.835552,0.441585,0.73309,0.373373,0.932306,0.915651,0.53264;27@0.514056,0.05619,0.914879,0.599674,0.803153,0.565441,0.020595;92@0.065556,0.09372,0.085675,0.104939,0.217914;10@0.659412,0.129774,0.566996,0.152852,0.625117,0.144456,0.153873,0.536623,0.239397,0.092599,0.122559,0.178633;75@0.533039,0.597842,0.208182,0.131678,0.898397,0.475825,0.266807,0.689624,0.185951,0.59623;84@0.770392,0.006333,0.373201,0.408857,0.127711,0.92781,0.037477,0.518245,0.836009,0.307008,0.989863;82@0.794056;47@0.431777,0.366912,0.826818,0.93322,0.349451,0.835557,0.26385,0.789678,0.099905,0.150137,0.824086;9@0.876895,0.120553,0.872019,0.917289,0.496686,0.910463,0.018486,0.424153,0.500954,0.894809,0.217883;39@0.071621,0.587687,0.334024,0.337946,0.663382,0.773349,0.423493,0.781096,0.623061;88@0.04721,0.650942,0.315072,0.432199,0.384899,0.704713,0.779819;30@0.054562,0.115174,0.991209,0.007087,0.235333,0.937575,0.581194,0.889104,0.909935,0.849773|0|1762487393
I20251108 00:02:58.865908 139717798590272 data_text_parser.cc:116] beg_pos: 8468,end_pos: 10679
I20251108 00:02:58.865921 139717798590272 data_text_parser.cc:59] line: 634|632|1720@3151097457:0.469763;1185@4117250096:0.664033;1587@2411499216:0.929235;1048@1505469334:0.060844;1413@1483720293:0.850551;1472@927836846:0.060579;1861@2857393181:0.461638;1430@916275987:0.117993;1384@82939899:0.064485;1829@1361484362:0.282127;1635@2313738262:0.763917;1785@4124238415:0.532672;1712@769860280:0.811752;1116@2964327575:0.283569;1010@263524728:0.376485;1371@1980432010:0.850509;1381@1519483539:0.514986;1736@1400688670:0.244507;1206@2655606678:0.439604;1202@3723423135:0.612819|67@0.169368,0.210894,0.354625,0.754228,0.371271,0.091072,0.183548,0.444008,0.290298,0.715302,0.160373;56@0.054358,0.053768,0.735161,0.775943,0.837646,0.838931,0.838325,0.548727,0.538905,0.890007,0.551083,0.315259;73@0.452807,0.448162;38@0.05109,0.7918,0.822925,0.144401,0.3601,0.077165,0.233013,0.486022,0.760539,0.302828;1@;14@0.137754,0.235237,0.078184,0.159305,0.840208,0.292618,0.485788,0.968142,0.547238;41@;32@0.295499,0.212929,0.519516,0.776835;70@0.089286,0.212945,0.33189,0.007753;43@0.422446,0.897684,0.579951,0.633472,0.430764,0.059311,0.439045,0.433697,0.331533,0.443643,0.772016;65@0.259986,0.655204,0.299737,0.822874;20@0.280938,0.374567,0.905142,0.081312;40@0.61796,0.568231,0.516623;100@0.984938;37@0.27395,0.278585,0.190104,0.119274,0.594588,0.339973,0.524222,0.84095,0.415119,0.88209,0.387144,0.488599,0.090149;27@0.234767,0.671835,0.406775,0.65222,0.074161,0.138242,0.303384;92@0.565737,0.731305,0.965784,0.787287,0.68075;10@0.61549,0.716438,0.869714,0.768627,0.600026,0.411473,0.151496,0.745214,0.773531,0.01944,0.676915,0.686675;75@0.569763,0.396662,0.163337,0.672149,0.171995,0.75754,0.280698,0.193348,0.518371,0.768752;84@0.984407,0.717374,0.549925,0.882586,0.642172,0.088147,0.425251,0.342503,0.45201,0.278198,0.990211;82@0.838569;47@0.765136,0.025681,0.124495,0.205832,0.088042,0.051969,0.988476,0.692213,0.847953,0.747048,0.257127;9@0.168846,0.602011,0.725496,0.412205,0.068285,0.612339,0.247125,0.861944,0.847149,0.450523,0.289236;39@0.844569,0.949377,0.478455,0.624864,0.314377,0.946267,0.24636,0.75727,0.337092;88@0.124136,0.775062,0.726367,0.474144,0.65546,0.288126,0.228497;30@0.967697,0.689439,0.767142,0.611536,0.342195,0.738079,0.372468,0.240706,0.824117,0.79294|0|1762487393
I20251108 00:02:58.865952 139717798590272 data_text_parser.cc:116] beg_pos: 10680,end_pos: 12882
I20251108 00:02:58.865968 139717798590272 data_text_parser.cc:59] line: 635|231|1720@1316576365:0.743107;1185@1063300671:0.508493;1587@4114508528:0.85481;1048@2666627241:0.956014;1413@1848390629:0.366729;1472@2828928604:0.47332;1861@1168323474:0.9063;1430@2134211151:0.279936;1384@4287799552:0.203065;1829@2369958280:0.148488;1635@3726233545:0.0761;1785@1641130760:0.330304;1712@2813378995:0.403018;1116@1778585541:0.110546;1010@324577220:0.433026;1371@4015616577:0.734154;1381@3484701107:0.398304;1736@1472460921:0.314862;1206@2469638338:0.170241;1202@3430243331:0.673486|67@0.181552,0.111117,0.68331,0.147803,0.306593,0.158018,0.139109,0.003049,0.785723,0.326663,0.05707;56@0.091157,0.306621,0.669643,0.198014,0.245452,0.463533,0.715824,0.041426,0.362079,0.274029,0.758566,0.939085;73@0.843147,0.599996;38@0.059928,0.59887,0.075013,0.521893,0.06381,0.304967,0.07473,0.251086,0.246675,0.939533;1@;14@0.929224,0.541068,0.054158,0.746035,0.911012,0.763216,0.570772,0.583244,0.31472;41@;32@0.162425,0.06888,0.302708,0.660359;70@0.42149,0.491567,0.280219,0.911251;43@0.916035,0.363922,0.361934,0.625436,0.524082,0.534243,0.086642,0.391749,0.804565,0.730525,0.7391;65@0.900276,0.472252,0.607472,0.992034;20@0.161489,0.829164,0.885612,0.454784;40@0.081031,0.800042,0.009525;100@0.640086;37@0.080404,0.253379,0.979478,0.903269,0.916718,0.815241,0.907003,0.18005,0.790689,0.395739,0.090566,0.952299,0.934275;27@0.691972,0.778754,0.846688,0.307825,0.867775,0.81564,0.865286;92@0.560803,0.443654,0.765773,0.006449,0.804316;10@0.436555,0.822768,0.611526,0.86937,0.123867,0.875268,0.829662,0.570611,0.994108,0.772371,0.954457,0.843046;75@0.194328,0.05119,0.82784,0.70946,0.948189,0.55817,0.12922,0.281932,0.203609,0.960405;84@0.731697,0.126811,0.734513,0.492372,0.458143,0.157971,0.290386,0.226309,0.792026,0.927789,0.98574;82@0.405137;47@0.505262,0.071816,0.071768,0.748704,0.1731,0.255959,0.125046,0.974262,0.581543,0.47113,0.436814;9@0.107334,0.817632,0.702601,0.055719,0.251237,0.507133,0.294928,0.290165,0.444783,0.3333,0.648605;39@0.816946,0.564422,0.430918,0.747526,0.829187,0.273413,0.835756,0.500125,0.01996;88@0.154807,0.943787,0.006964,0.190416,0.316678,0.772823,0.161125;30@0.303796,0.3473,0.840574,0.225657,0.31545,0.320194,0.972914,0.396011,0.021265,0.683753|0|1762487393
I20251108 00:02:58.866005 139717798590272 data_text_parser.cc:116] beg_pos: 12883,end_pos: 15095
I20251108 00:02:58.866018 139717798590272 data_text_parser.cc:59] line: 636|599|1720@3547466263:0.752481;1185@1089034237:0.433296;1587@415633663:0.173191;1048@2898255839:0.46777;1413@1767065336:0.879221;1472@3568134353:0.573052;1861@3291143350:0.227174;1430@1525864256:0.578275;1384@2919475172:0.023175;1829@2502380983:0.925642;1635@2615955489:0.754872;1785@1444100101:0.69231;1712@355959141:0.478248;1116@3663866032:0.150353;1010@2611030268:0.159358;1371@1765308373:0.980701;1381@541386556:0.49446;1736@3421942254:0.306659;1206@502207518:0.093779;1202@1343125575:0.286384|67@0.945353,0.959545,0.901491,0.405308,0.520306,0.988903,0.968368,0.110663,0.2871,0.202796,0.688373;56@0.113108,0.779188,0.727449,0.00425,0.43669,0.729125,0.779578,0.838832,0.84938,0.999181,0.135377,0.820668;73@0.622348,0.803065;38@0.826819,0.569258,0.955359,0.049131,0.180677,0.033732,0.743257,0.380788,0.264246,0.077278;1@;14@0.805432,0.543348,0.930789,0.724219,0.861559,0.464137,0.098463,0.606688,0.02014;41@;32@0.62845,0.020806,0.052108,0.466647;70@0.964562,0.766959,0.099521,0.439174;43@0.099375,0.558633,0.533091,0.370209,0.081288,0.562802,0.653862,0.400469,0.517163,0.465513,0.933394;65@0.576284,0.717338,0.591947,0.932793;20@0.775664,0.63256,0.727378,0.445048;40@0.237754,0.520989,0.872032;100@0.604142;37@0.537985,0.657532,0.433714,0.286268,0.8206,0.163372,0.710603,0.808361,0.828359,0.757109,0.392942,0.377725,0.49576;27@0.282697,0.775011,0.772212,0.777889,0.874179,0.695561,0.61364;92@0.578027,0.793062,0.288295,0.515829,0.687482;10@0.189681,0.715994,0.261093,0.257645,0.265893,0.912425,0.102051,0.193337,0.167983,0.370464,0.367189,0.697676;75@0.926262,0.724685,0.726031,0.410521,0.849339,0.262449,0.250382,0.001468,0.513262,0.646583;84@0.308704,0.330317,0.200221,0.640332,0.004859,0.264944,0.164018,0.046381,0.617276,0.503118,0.479513;82@0.678195;47@0.556376,0.509834,0.472301,0.446383,0.136756,0.473708,0.334663,0.851351,0.482686,0.979589,0.720783;9@0.009328,0.221967,0.411284,0.406631,0.464174,0.656066,0.038961,0.792846,0.048332,0.857565,0.936932;39@0.354827,0.978083,0.334203,0.608834,0.20053,0.43355,0.058507,0.949129,0.707978;88@0.816273,0.447691,0.158599,0.291924,0.272075,0.3906,0.713083;30@0.498825,0.476719,0.278213,0.43939,0.71734,0.601443,0.998585,0.188062,0.085902,0.344368|0|1762487393
I20251108 00:02:58.866053 139717798590272 data_text_parser.cc:116] beg_pos: 15096,end_pos: 17294
I20251108 00:02:58.866066 139717798590272 data_text_parser.cc:59] line: 637|30|1720@782573787:0.783682;1185@3629025655:0.461374;1587@90429870:0.83259;1048@120975253:0.451672;1413@3490678812:0.188488;1472@227232407:0.015316;1861@1539997842:0.926789;1430@1645290003:0.922598;1384@225365353:0.353759;1829@3867680211:0.239209;1635@840471249:0.406402;1785@2576049863:0.138607;1712@2423081872:0.405633;1116@3760862702:0.556544;1010@2095809098:0.230418;1371@2148638318:0.591988;1381@2943904721:0.893784;1736@2068277087:0.633993;1206@4171237616:0.571295;1202@34165169:0.933411|67@0.087762,0.55279,0.885525,0.277677,0.926828,0.83486,0.094607,0.551974,0.227983,0.498221,0.079395;56@0.89216,0.353504,0.617971,0.223133,0.127926,0.991041,0.166643,0.942227,0.823256,0.424305,0.273656,0.236135;73@0.202341,0.978828;38@0.30173,0.064309,0.666641,0.304198,0.237246,0.561596,0.974558,0.113332,0.576355,0.692834;1@;14@0.326318,0.493223,0.570988,0.463054,0.46377,0.173916,0.367251,0.346928,0.623387;41@;32@0.017769,0.854706,0.768999,0.294728;70@0.284342,0.082347,0.877748,0.740546;43@0.189868,0.399245,0.989368,0.285753,0.948711,0.014051,0.188186,0.133943,0.60177,0.584061,0.007285;65@0.88259,0.172708,0.70306,0.977966;20@0.202375,0.474222,0.469534,0.793217;40@0.250263,0.835981,0.472428;100@0.143636;37@0.272882,0.345415,0.990857,0.820837,0.833005,0.866428,0.040161,0.258389,0.90397,0.316448,0.206289,0.844594,0.473212;27@0.884422,0.061816,0.2065,0.389067,0.996823,0.409999,0.175282;92@0.15507,0.934292,0.27871,0.926708,0.674715;10@0.24546,0.357016,0.144338,0.1149,0.618334,0.61091,0.00442,0.279754,0.79532,0.363516,0.574582,0.357345;75@0.259995,0.775045,0.126076,0.670712,0.137528,0.451991,0.327441,0.877749,0.962661,0.312284;84@0.556596,0.79806,0.075041,0.822204,0.953144,0.640091,0.880513,0.794503,0.182338,0.00658,0.84159;82@0.326407;47@0.097333,0.64631,0.963958,0.281675,0.104602,0.52645,0.865086,0.607005,0.778932,0.217319,0.648035;9@0.81306,0.615903,0.733675,0.87262,0.779059,0.977325,0.205224,0.41875,0.088783,0.293748,0.18631;39@0.022235,0.467592,0.039762,0.798356,0.613694,0.347856,0.325221,0.357688,0.125346;88@0.749413,0.846828,0.090881,0.838735,0.755531,0.752192,0.754684;30@0.648153,0.643661,0.128638,0.733991,0.803162,0.626411,0.981562,0.081708,0.708905,0.899181|1|1762487393
I20251108 00:02:58.866103 139717798590272 data_text_parser.cc:116] beg_pos: 17295,end_pos: 19506
I20251108 00:02:58.866116 139717798590272 data_text_parser.cc:59] line: 638|445|1720@3803615164:0.212473;1185@3501327764:0.760935;1587@857165004:0.012566;1048@82086275:0.324256;1413@3730801408:0.725426;1472@3506271873:0.9496;1861@1191484442:0.906971;1430@693443955:0.483092;1384@1698765770:0.085866;1829@4123272678:0.253708;1635@3872458891:0.547144;1785@2616168156:0.002184;1712@826361915:0.114586;1116@1283225283:0.142986;1010@661220862:0.510859;1371@1315552594:0.826835;1381@4180922086:0.990346;1736@2765486511:0.016763;1206@2286811310:0.008435;1202@1587857065:0.537615|67@0.049983,0.534499,0.137918,0.924361,0.570451,0.833721,0.647193,0.312185,0.638795,0.164806,0.390497;56@0.025721,0.44376,0.218093,0.196372,0.07302,0.896536,0.339941,0.284454,0.324312,0.774852,0.605662,0.862901;73@0.105376,0.735245;38@0.949501,0.101945,0.0955,0.136263,0.809075,0.807894,0.711648,0.039248,0.038187,0.491698;1@;14@0.950833,0.913525,0.621788,0.841248,0.242637,0.67661,0.411154,0.758434,0.00864;41@;32@0.222524,0.257842,0.436236,0.062296;70@0.009995,0.5016,0.724463,0.412654;43@0.700334,0.245624,0.12135,0.756709,0.65509,0.75201,0.580594,0.181736,0.059059,0.075773,0.139839;65@0.187181,0.594056,0.228662,0.907676;20@0.733912,0.281181,0.764249,0.885378;40@0.369871,0.922941,0.97164;100@0.321595;37@0.901884,0.652648,0.765002,0.426363,0.310468,0.531555,0.288313,0.021802,0.45322,0.915394,0.042044,0.603748,0.864614;27@0.040305,0.056265,0.914922,0.657205,0.600949,0.385177,0.811087;92@0.626642,0.195325,0.961143,0.009799,0.135159;10@0.161334,0.949237,0.800719,0.289183,0.269458,0.356306,0.690125,0.380259,0.193838,0.121487,0.034542,0.939404;75@0.110487,0.968952,0.929269,0.26931,0.038179,0.753061,0.316347,0.018778,0.577897,0.600624;84@0.210179,0.262455,0.745055,0.479735,0.878909,0.97997,0.410936,0.342421,0.294528,0.703745,0.607451;82@0.22335;47@0.981062,0.556931,0.056317,0.114878,0.76274,0.752582,0.419723,0.392108,0.20998,0.057189,0.583277;9@0.107307,0.778463,0.170208,0.888738,0.655151,0.692523,0.394387,0.330717,0.817993,0.147014,0.650581;39@0.951574,0.164364,0.318296,0.263389,0.912205,0.424082,0.191595,0.404849,0.549855;88@0.447648,0.332219,0.427102,0.349848,0.424609,0.703487,0.608318;30@0.726629,0.040077,0.034923,0.889086,0.470889,0.343961,0.033989,0.473367,0.581505,0.124633|0|1762487393
I20251108 00:02:58.866148 139717798590272 data_text_parser.cc:116] beg_pos: 19507,end_pos: 20480
I20251108 00:02:58.866399 139717798590272 data_text_parser.cc:101] get chunk buffer, size: 20480
I20251108 00:02:58.866419 139717798590272 data_text_parser.cc:116] beg_pos: 0,end_pos: 1237
I20251108 00:02:58.866427 139717798590272 data_text_parser.cc:61] buffer line: 639|279|1720@3394983326:0.472614;1185@2541368995:0.000334;1587@654301202:0.688348;1048@2799761035:0.12404;1413@3358850464:0.006744;1472@3193878650:0.97488;1861@2290599281:0.408653;1430@1428547537:0.828524;1384@3030506464:0.783533;1829@2157480297:0.833734;1635@1450270850:0.410502;1785@371397040:0.052574;1712@4111747555:0.549493;1116@2759671996:0.166264;1010@1134916792:0.141034;1371@811550440:0.280537;1381@967475013:0.952066;1736@3264662623:0.245563;1206@2364056303:0.175249;1202@829482387:0.898571|67@0.692489,0.205353,0.361246,0.774667,0.697396,0.680955,0.428556,0.913184,0.24549,0.904921,0.712907;56@0.808954,0.907467,0.901174,0.059357,0.824555,0.109466,0.84707,0.798363,0.503964,0.337471,0.837863,0.899306;73@0.408154,0.663666;38@0.456943,0.718822,0.692444,0.147661,0.079139,0.871451,0.238535,0.227436,0.301671,0.769588;1@;14@0.16653,0.383532,0.237056,0.587,0.520615,0.720405,0.031046,0.748144,0.218347;41@;32@0.359492,0.891113,0.2797,0.59569;70@0.380679,0.892864,0.878728,0.134111;43@0.050286,0.669224,0.657639,0.775026,0.520398,0.246625,0.661391,0.640664,0.584865,0.550807,0.413853;65@0.442382,0.924481,0.76915,0.949391;20@0.028225,0.952696,0.612046,0.553842;40@0.867214,0.088562,0.134275;100@0.627216;37@0.240973,0.311346,0.438913,0.615499,0.096972,0.853597,0.116033,0.972607,0.959596,0.947902,0.083456,0.152827,0.528488;27@0.825103,0.98355,0.858323,0.411899,0.366137,0.160969,0.879588;92@0.845962,0.666911,0.923815,0.689425,0.920046;10@0.48667,0.638618,0.472994,0.826155,0.031492,0.161075,0.503594,0.272212,0.377806,0.487215,0.585223,0.373295;75@0.308661,0.338269,0.628765,0.578753,0.132504,0.909289,0.627855,0.439657,0.995612,0.053908;84@0.156056,0.183512,0.442192,0.152197,0.282835,0.559868,0.63576,0.704966,0.374517,0.267625,0.554315;82@0.026335;47@0.561094,0.76515,0.052429,0.906808,0.077573,0.472638,0.222082,0.876339,0.439966,0.522276,0.05909;9@0.067521,0.817195,0.005265,0.696133,0.563036,0.389068,0.601975,0.470128,0.70452,0.472987,0.698664;39@0.43547,0.177932,0.616811,0.789507,0.788002,0.488775,0.647533,0.020233,0.73802;88@0.349551,0.626621,0.151171,0.87301,0.542592,0.85886,0.640606;30@0.543134,0.079839,0.037508,0.949531,0.787754,0.626075,0.145965,0.453588,0.317318,0.144304|0|1762487393
I20251108 00:02:58.866458 139717798590272 data_text_parser.cc:116] beg_pos: 1238,end_pos: 3442
I20251108 00:02:58.866470 139717798590272 data_text_parser.cc:59] line: 640|645|1720@2944192318:0.004481;1185@3254115402:0.590521;1587@3157478751:0.64436;1048@3265780994:0.031201;1413@1951305812:0.947859;1472@2123846866:0.159234;1861@3901917012:0.990483;1430@3135453337:0.627386;1384@3458449512:0.191942;1829@525969729:0.902403;1635@1248319377:0.493634;1785@2510833558:0.580823;1712@3999489628:0.81495;1116@2148314095:0.040978;1010@3761742668:0.060231;1371@870261026:0.92243;1381@4059926991:0.916734;1736@3730801408:0.013275;1206@229617862:0.826211;1202@73274732:0.830998|67@0.97139,0.319045,0.15753,0.043827,0.097538,0.927496,0.088106,0.747032,0.07522,0.719665,0.861835;56@0.052025,0.967431,0.43035,0.816365,0.348228,0.043889,0.956064,0.667505,0.849601,0.226632,0.432614,0.07946;73@0.543395,0.088279;38@0.310996,0.959368,0.302148,0.893867,0.734934,0.387385,0.386357,0.79631,0.906393,0.063832;1@;14@0.30214,0.267,0.316539,0.49504,0.184191,0.567872,0.499844,0.982742,0.343482;41@;32@0.191697,0.244245,0.033799,0.266944;70@0.766275,0.384304,0.496553,0.456827;43@0.315823,0.051705,0.995389,0.405972,0.778714,0.572349,0.934422,0.40223,0.640683,0.600318,0.763989;65@0.882467,0.014919,0.018398,0.804221;20@0.862131,0.130598,0.671536,0.197224;40@0.558983,0.336244,0.809729;100@0.661534;37@0.122047,0.022065,0.72712,0.92235,0.941427,0.862818,0.389459,0.031634,0.512967,0.104279,0.886246,0.195296,0.899035;27@0.526853,0.059466,0.623187,0.459629,0.353531,0.123815,0.041556;92@0.220835,0.916891,0.967991,0.637799,0.58597;10@0.083023,0.815484,0.544311,0.241195,0.140839,0.588324,0.647717,0.548356,0.819581,0.712217,0.826959,0.266242;75@0.313109,0.194433,0.502893,0.515648,0.167239,0.255503,0.376137,0.604465,0.599965,0.532373;84@0.812968,0.37728,0.799707,0.850988,0.951898,0.761391,0.470094,0.676957,0.893488,0.468183,0.415814;82@0.75327;47@0.982733,0.718329,0.190741,0.380843,0.457882,0.802586,0.095832,0.211347,0.436,0.811451,0.296323;9@0.261946,0.424771,0.132015,0.829514,0.426037,0.151351,0.49408,0.084508,0.899632,0.890727,0.637071;39@0.411072,0.961274,0.718079,0.556942,0.829324,0.673224,0.668535,0.988132,0.782435;88@0.001621,0.06907,0.123065,0.680699,0.548667,0.107167,0.072657;30@0.57154,0.565112,0.03677,0.754554,0.76243,0.555268,0.162734,0.985232,0.196957,0.718939|1|1762487393
I20251108 00:02:58.866511 139717798590272 data_text_parser.cc:116] beg_pos: 3443,end_pos: 5652
I20251108 00:02:58.866524 139717798590272 data_text_parser.cc:59] line: 641|511|1720@2692816430:0.642788;1185@879347338:0.225246;1587@2285209633:0.829687;1048@207412317:0.30727;1413@891357723:0.689112;1472@3295193772:0.462661;1861@3694486584:0.370828;1430@3389879586:0.722781;1384@336620679:0.34165;1829@3956544415:0.063595;1635@2433446269:0.72792;1785@3542463714:0.050069;1712@768148391:0.350161;1116@1329441790:0.047205;1010@3372481548:0.535704;1371@3399089548:0.799214;1381@1287380391:0.40243;1736@3521506139:0.079684;1206@2726776578:0.235388;1202@1189688556:0.615122|67@0.789847,0.372389,0.378997,0.344427,0.853401,0.085603,0.788985,0.850857,0.344294,0.775545,0.987528;56@0.324574,0.459062,0.220552,0.903261,0.191436,0.07605,0.024573,0.94249,0.053285,0.781363,0.770764,0.519725;73@0.112946,0.45353;38@0.493484,0.316117,0.94758,0.010307,0.674568,0.629963,0.672235,0.282586,0.124271,0.537661;1@;14@0.108228,0.609725,0.540837,0.663247,0.453334,0.226443,0.692734,0.687576,0.944412;41@;32@0.850732,0.879857,0.828544,0.508127;70@0.449097,0.856035,0.995915,0.096131;43@0.33606,0.916222,0.855128,0.773586,0.176274,0.555535,0.019978,0.528128,0.196191,0.155363,0.244931;65@0.930784,0.3998,0.230154,0.373351;20@0.092477,0.282891,0.396096,0.113811;40@0.772343,0.019913,0.318292;100@0.631202;37@0.024609,0.034502,0.399438,0.523403,0.496482,0.9195,0.713906,0.469984,0.661038,0.042301,0.425623,0.80241,0.961398;27@0.833181,0.70891,0.306056,0.369922,0.641223,0.863034,0.571926;92@0.519279,0.906652,0.746381,0.856799,0.689555;10@0.461126,0.279206,0.86192,0.610189,0.50613,0.177724,0.640579,0.563925,0.063745,0.2749,0.273638,0.504155;75@0.10837,0.730171,0.108765,0.16597,0.692811,0.239595,0.56384,0.514299,0.609444,0.436099;84@0.032309,0.237799,0.667281,0.595648,0.289944,0.404179,0.064994,0.647919,0.645902,0.771155,0.654976;82@0.067481;47@0.205292,0.883486,0.770559,0.487462,0.010381,0.141779,0.895786,0.957131,0.024415,0.500445,0.016368;9@0.067252,0.618013,0.658073,0.115414,0.402994,0.757913,0.000187,0.156584,0.886483,0.929054,0.051995;39@0.413606,0.642627,0.066577,0.804545,0.648235,0.811752,0.04545,0.480545,0.808361;88@0.576984,0.631399,0.166832,0.232558,0.714893,0.128167,0.741063;30@0.307198,0.008548,0.204668,0.311318,0.220802,0.240576,0.107888,0.425203,0.740702,0.866153|0|1762487393
I20251108 00:02:58.866560 139717798590272 data_text_parser.cc:116] beg_pos: 5653,end_pos: 7866
I20251108 00:02:58.866573 139717798590272 data_text_parser.cc:59] line: 642|23|1720@308925484:0.709967;1185@2951183995:0.283229;1587@2851757157:0.170672;1048@2616168156:0.96224;1413@3480540247:0.395655;1472@638583372:0.286984;1861@3179497161:0.12265;1430@2107519977:0.341034;1384@2044547648:0.229533;1829@975278666:0.693561;1635@3322603485:0.804803;1785@2296640792:0.260395;1712@3109521194:0.711235;1116@500371833:0.494539;1010@1714256495:0.644026;1371@2086571496:0.77565;1381@1753024495:0.878559;1736@182598355:0.839036;1206@3083452023:0.363268;1202@1904832726:0.301232|67@0.797975,0.683222,0.615364,0.938815,0.705631,0.681344,0.594018,0.28076,0.741262,0.090546,0.291858;56@0.750454,0.192403,0.651294,0.029252,0.258872,0.642365,0.408129,0.491551,0.973346,0.895665,0.679891,0.984386;73@0.957485,0.758323;38@0.753542,0.028207,0.651301,0.786864,0.545887,0.800445,0.370166,0.282234,0.268478,0.157018;1@;14@0.597587,0.063969,0.76796,0.859084,0.385761,0.892889,0.815043,0.649937,0.378347;41@;32@0.262781,0.561684,0.548023,0.448762;70@0.200266,0.46679,0.602601,0.079196;43@0.905085,0.438304,0.160098,0.763922,0.906582,0.353812,0.30142,0.540546,0.944625,0.143025,0.545771;65@0.890803,0.355513,0.25889,0.778553;20@0.337356,0.246377,0.161635,0.645653;40@0.673417,0.944338,0.894362;100@0.154775;37@0.474396,0.710454,0.559346,0.255609,0.484761,0.587152,0.269589,0.392578,0.256558,0.721676,0.893,0.782747,0.327672;27@0.735929,0.07365,0.145597,0.245701,0.58739,0.241542,0.45858;92@0.993824,0.494826,0.156601,0.645265,0.602996;10@0.501907,0.198733,0.094498,0.50239,0.520807,0.898817,0.315943,0.822874,0.725467,0.644171,0.994685,0.683096;75@0.022202,0.177128,0.779349,0.809561,0.624958,0.998875,0.905842,0.151734,0.106412,0.067474;84@0.756599,0.591502,0.942274,0.991032,0.946321,0.561359,0.575257,0.465927,0.756471,0.563407,0.167117;82@0.514175;47@0.78293,0.233845,0.352746,0.076285,0.585161,0.666577,0.524192,0.785785,0.307216,0.241004,0.109543;9@0.521933,0.064953,0.028353,0.073315,0.271103,0.615848,0.879205,0.955553,0.599368,0.766743,0.914091;39@0.454293,0.910532,0.248235,0.523544,0.242295,0.201377,0.165844,0.192234,0.681766;88@0.299912,0.18193,0.416854,0.15736,0.523435,0.360248,0.752323;30@0.270579,0.699073,0.105723,0.572064,0.589217,0.669632,0.840946,0.521545,0.217013,0.531554|1|1762487393
I20251108 00:02:58.866610 139717798590272 data_text_parser.cc:116] beg_pos: 7867,end_pos: 10072
I20251108 00:02:58.866623 139717798590272 data_text_parser.cc:59] line: 643|997|1720@1445864987:0.765777;1185@1992847693:0.12005;1587@1240580368:0.600632;1048@1263149611:0.344978;1413@3424557267:0.191453;1472@917355199:0.516863;1861@494070148:0.828216;1430@998389077:0.858939;1384@2974297802:0.415737;1829@3573165247:0.333182;1635@4286415286:0.396719;1785@2986342696:0.835765;1712@3485468101:0.534566;1116@4187267025:0.606707;1010@3989100219:0.658266;1371@1701808540:0.365175;1381@3425528041:0.431585;1736@3642599960:0.465183;1206@910114641:0.171094;1202@2981646416:0.496413|67@0.214757,0.046543,0.653011,0.570222,0.493598,0.684701,0.026839,0.258503,0.899324,0.14884,0.201485;56@0.442354,0.718725,0.357529,0.81058,0.374841,0.640275,0.908981,0.74187,0.04319,0.747904,0.941061,0.958903;73@0.912421,0.515732;38@0.23926,0.910589,0.313084,0.245816,0.671156,0.322531,0.491671,0.22853,0.316139,0.941717;1@;14@0.480503,0.7945,0.539736,0.946067,0.344573,0.54891,0.645644,0.679279,0.824291;41@;32@0.717182,0.315632,0.218537,0.394211;70@0.253013,0.669693,0.624326,0.350075;43@0.548351,0.307613,0.492192,0.75604,0.7075,0.170429,0.580219,0.804023,0.037549,0.517915,0.425332;65@0.929856,0.374259,0.829898,0.405433;20@0.821442,0.510092,0.907647,0.633455;40@0.203048,0.509133,0.083008;100@0.380448;37@0.343906,0.868011,0.500164,0.9311,0.296119,0.71199,0.740046,0.605019,0.933791,0.400786,0.571871,0.785593,0.804779;27@0.815061,0.917724,0.955352,0.846691,0.594081,0.637491,0.528139;92@0.470526,0.608489,0.736894,0.616651,0.082165;10@0.196994,0.979373,0.329263,0.262441,0.778396,0.131521,0.605175,0.403744,0.055,0.579422,0.991742,0.341484;75@0.012827,0.818874,0.437645,0.742066,0.352021,0.974899,0.704406,0.808086,0.531134,0.87896;84@0.997015,0.815896,0.64219,0.488401,0.29062,0.279519,0.249244,0.137197,0.616433,0.021078,0.854828;82@0.778494;47@0.455651,0.340751,0.291113,0.211483,0.63707,0.226201,0.554836,0.831752,0.969801,0.155858,0.241337;9@0.43533,0.298227,0.95208,0.516961,0.960679,0.475841,0.432424,0.856506,0.943137,0.273259,0.918541;39@0.508671,0.770895,0.189217,0.240634,0.115933,0.913358,0.451138,0.464221,0.582211;88@0.33991,0.908316,0.214962,0.876721,0.85136,0.629585,0.533671;30@0.706161,0.822364,0.746536,0.37438,0.913363,0.401005,0.856114,0.660638,0.257915,0.209593|1|1762487393
I20251108 00:02:58.866658 139717798590272 data_text_parser.cc:116] beg_pos: 10073,end_pos: 12281
I20251108 00:02:58.866676 139717798590272 data_text_parser.cc:59] line: 644|770|1720@281076768:0.52909;1185@2687756607:0.59057;1587@1819172396:0.216484;1048@2730517200:0.437675;1413@88354334:0.818834;1472@823286365:0.215034;1861@2729754802:0.491495;1430@517228248:0.612061;1384@490793538:0.105934;1829@2571847755:0.774617;1635@996765963:0.908325;1785@1351611446:0.505454;1712@1268799641:0.032481;1116@4000140017:0.730859;1010@2277247460:0.441966;1371@1856467974:0.411709;1381@964556601:0.905002;1736@1456519561:0.605156;1206@2616168156:0.877235;1202@3765834535:0.38159|67@0.642135,0.73552,0.242854,0.009993,0.631104,0.441392,0.59619,0.067918,0.320593,0.13797,0.703399;56@0.693878,0.636367,0.976641,0.918402,0.448957,0.537671,0.874863,0.703531,0.101155,0.795187,0.841581,0.230464;73@0.719812,0.410341;38@0.509118,0.905178,0.872618,0.299486,0.026016,0.424079,0.013206,0.750692,0.365051,0.311827;1@;14@0.266627,0.472355,0.522709,0.592475,0.17452,0.528913,0.59768,0.305459,0.045295;41@;32@0.789823,0.887247,0.888577,0.878817;70@0.924189,0.348873,0.313755,0.404614;43@0.424657,0.076738,0.270487,0.830174,0.368905,0.940408,0.005034,0.442397,0.279789,0.194044,0.331449;65@0.001045,0.635672,0.114316,0.927335;20@0.157426,0.922995,0.277885,0.108444;40@0.939743,0.863446,0.089733;100@0.205366;37@0.364952,0.160142,0.512,0.459396,0.710031,0.793593,0.947238,0.202848,0.108472,0.134679,0.588528,0.210213,0.505955;27@0.138707,0.751796,0.037911,0.525911,0.433746,0.450903,0.299378;92@0.796841,0.794323,0.70817,0.761795,0.513072;10@0.457647,0.494242,0.270469,0.495765,0.642841,0.960016,0.761916,0.415166,0.254432,0.069563,0.588826,0.738521;75@0.221862,0.287961,0.839446,0.642534,0.441523,0.981531,0.946573,0.495162,0.943575,0.836224;84@0.543027,0.732686,0.587468,0.147224,0.226248,0.461362,0.217678,0.403386,0.805816,0.408207,0.721565;82@0.33983;47@0.86835,0.100147,0.098125,0.378171,0.573889,0.439324,0.708778,0.174091,0.995337,0.916808,0.851332;9@0.070253,0.396192,0.710573,0.813913,0.003027,0.315903,0.134423,0.15708,0.403592,0.425281,0.624004;39@0.02721,0.060581,0.334,0.467136,0.454578,0.343738,0.593251,0.59401,0.076163;88@0.414369,0.676853,0.257686,0.789169,0.995805,0.921323,0.041712;30@0.272817,0.720851,0.329594,0.480553,0.622346,0.182324,0.755522,0.935131,0.88095,0.335355|1|1762487393
I20251108 00:02:58.866708 139717798590272 data_text_parser.cc:116] beg_pos: 12282,end_pos: 14490
I20251108 00:02:58.866720 139717798590272 data_text_parser.cc:59] line: 645|68|1720@232924196:0.301307;1185@107978211:0.151133;1587@4240501450:0.297167;1048@1892189920:0.556275;1413@982469554:0.287326;1472@867559462:0.510599;1861@3741318834:0.800077;1430@2513149630:0.594462;1384@3660084067:0.702317;1829@755562386:0.848996;1635@2434648602:0.780952;1785@3783922871:0.933145;1712@2813667522:0.49756;1116@2186891395:0.623593;1010@251650175:0.821853;1371@311347623:0.528214;1381@496748589:0.413825;1736@700011878:0.158789;1206@39540871:0.93651;1202@3966162234:0.290438|67@0.639203,0.759513,0.353856,0.712888,0.211873,0.425937,0.505114,0.822673,0.910039,0.186804,0.767625;56@0.67237,0.853215,0.133806,0.922003,0.114586,0.408402,0.965905,0.850478,0.615214,0.396379,0.16549,0.117566;73@0.330154,0.586727;38@0.130525,0.778509,0.874207,0.817436,0.026158,0.764399,0.702761,0.792303,0.023729,0.849146;1@;14@0.090591,0.869288,0.634505,0.809883,0.768104,0.884101,0.160435,0.653579,0.523368;41@;32@0.520875,0.324284,0.569472,0.819834;70@0.255615,0.74231,0.819384,0.380527;43@0.219893,0.237227,0.523882,0.797429,0.239564,0.056603,0.753393,0.297734,0.4949,0.974943,0.462307;65@0.803573,0.795727,0.744804,0.24307;20@0.722812,0.182081,0.545242,0.205842;40@0.843465,0.656752,0.831732;100@0.063138;37@0.551426,0.502778,0.20614,0.429997,0.732726,0.28634,0.617005,0.534445,0.275454,0.646312,0.940085,0.443951,0.803406;27@0.141831,0.464411,0.090408,0.657472,0.327292,0.60259,0.15885;92@0.546362,0.662587,0.054441,0.016375,0.531895;10@0.661949,0.635844,0.534397,0.423231,0.745955,0.116622,0.166559,0.847161,0.989271,0.915486,0.412172,0.349119;75@0.537224,0.241147,0.245106,0.056287,0.451104,0.452955,0.460831,0.912475,0.745601,0.564709;84@0.794956,0.197559,0.327756,0.528807,0.140462,0.577804,0.805435,0.112148,0.501732,0.937433,0.244743;82@0.164443;47@0.743342,0.427522,0.962819,0.905977,0.038111,0.427124,0.883165,0.941971,0.571644,0.285712,0.49668;9@0.108953,0.351445,0.095964,0.399811,0.164018,0.392799,0.775088,0.673845,0.998867,0.883319,0.733158;39@0.014023,0.721765,0.254755,0.687884,0.34734,0.506846,0.964343,0.461121,0.392631;88@0.862815,0.230841,0.97121,0.925022,0.417838,0.213081,0.487977;30@0.112254,0.671626,0.905092,0.587969,0.862235,0.333017,0.88051,0.32448,0.511311,0.118154|0|1762487393
I20251108 00:02:58.866760 139717798590272 data_text_parser.cc:116] beg_pos: 14491,end_pos: 16698
I20251108 00:02:58.866772 139717798590272 data_text_parser.cc:59] line: 646|213|1720@277427187:0.374668;1185@2055300698:0.014094;1587@420596292:0.159768;1048@1012028201:0.401832;1413@3427365617:0.538577;1472@3783922871:0.258168;1861@2635732560:0.820731;1430@500371833:0.24092;1384@3718206621:0.943415;1829@3748694536:0.12375;1635@875544408:0.538982;1785@2607109345:0.444766;1712@317921590:0.380366;1116@3261286658:0.637506;1010@749187991:0.134585;1371@4099626160:0.99286;1381@2650089808:0.139292;1736@2710100931:0.771666;1206@3418876364:0.619898;1202@711409547:0.026233|67@0.914093,0.561496,0.682667,0.913177,0.991174,0.186286,0.633736,0.170595,0.346921,0.299019,0.404604;56@0.408869,0.931712,0.846562,0.054269,0.449052,0.592081,0.260053,0.366616,0.705999,0.932707,0.681646,0.512918;73@0.897045,0.951531;38@0.822922,0.667167,0.935232,0.723138,0.164529,0.451767,0.443877,0.35967,0.113795,0.997471;1@;14@0.909706,0.164286,0.479815,0.098071,0.167053,0.709383,0.818836,0.149015,0.77097;41@;32@0.472786,0.248908,0.125453,0.480559;70@0.567382,0.847802,0.792249,0.509966;43@0.257088,0.842021,0.286527,0.379753,0.227471,0.912028,0.216375,0.761943,0.352557,0.079277,0.102399;65@0.827675,0.166345,0.235353,0.13031;20@0.169126,0.559558,0.305201,0.350343;40@0.523319,0.915119,0.517031;100@0.832321;37@0.641207,0.992284,0.741812,0.41743,0.23239,0.888192,0.192789,0.0333,0.498523,0.486278,0.12883,0.836077,0.279952;27@0.977325,0.259095,0.248505,0.308648,0.437507,0.920129,0.218074;92@0.012043,0.475038,0.412076,0.307724,0.41364;10@0.983845,0.186048,0.571752,0.868812,0.426351,0.988197,0.699203,0.00918,0.064945,0.419063,0.366089,0.687808;75@0.567266,0.501577,0.597553,0.806992,0.72545,0.964444,0.917167,0.923217,0.817597,0.60951;84@0.642826,0.624128,0.656541,0.892225,0.739534,0.780802,0.720182,0.218445,0.521042,0.923498,0.322831;82@0.02414;47@0.530824,0.31518,0.344431,0.475385,0.063007,0.679968,0.590954,0.040156,0.682218,0.628131,0.284553;9@0.766742,0.578387,0.720457,0.629271,0.90189,0.771276,0.66738,0.294494,0.509523,0.934512,0.246162;39@0.016373,0.930804,0.865207,0.836798,0.384172,0.7373,0.239611,0.040118,0.934678;88@0.068183,0.03971,0.619207,0.97754,0.999904,0.179375,0.059347;30@0.388453,0.861397,0.326825,0.780348,0.346532,0.472261,0.553001,0.348724,0.077655,0.198946|1|1762487393
I20251108 00:02:58.866808 139717798590272 data_text_parser.cc:116] beg_pos: 16699,end_pos: 18902
I20251108 00:02:58.866820 139717798590272 data_text_parser.cc:59] line: 647|690|1720@3378007341:0.158067;1185@3906915516:0.60925;1587@1099328560:0.248404;1048@589789082:0.647222;1413@422897994:0.967788;1472@3751989210:0.23307;1861@393941433:0.185807;1430@1534448487:0.128553;1384@2281483102:0.431475;1829@123540072:0.484609;1635@3003532741:0.89017;1785@1874588049:0.468013;1712@709000142:0.500168;1116@3219514854:0.115554;1010@1278578250:0.659405;1371@2425732016:0.878278;1381@3174589317:0.174383;1736@347698460:0.698529;1206@3496811010:0.164307;1202@3112119376:0.218986|67@0.343334,0.087181,0.092809,0.055417,0.385422,0.616919,0.844693,0.438268,0.324748,0.390799,0.563245;56@0.130451,0.328081,0.6459,0.725157,0.151136,0.139451,0.37009,0.742876,0.639539,0.163512,0.704142,0.300268;73@0.003274,0.016276;38@0.501926,0.217863,0.837586,0.332859,0.099578,0.092585,0.468928,0.797007,0.537459,0.027921;1@;14@0.103876,0.017441,0.564323,0.079932,0.629198,0.509163,0.972965,0.26224,0.286285;41@;32@0.392537,0.434832,0.951129,0.964152;70@0.469666,0.383785,0.3062,0.715248;43@0.558825,0.047594,0.995543,0.186332,0.252,0.510874,0.983019,0.979324,0.692092,0.402293,0.445772;65@0.950702,0.76729,0.93173,0.84533;20@0.308938,0.418585,0.348242,0.810397;40@0.442571,0.211474,0.506091;100@0.003073;37@0.566658,0.957907,0.529984,0.07333,0.397629,0.083144,0.925986,0.146153,0.698681,0.707869,0.291765,0.930894,0.707907;27@0.342915,0.154391,0.442629,0.719378,0.454037,0.855419,0.749933;92@0.958801,0.821353,0.059097,0.741946,0.534902;10@0.633308,0.929482,0.8759,0.432599,0.940005,0.774515,0.453294,0.849328,0.726399,0.79348,0.859355,0.2017;75@0.171476,0.99077,0.645985,0.850933,0.601263,0.204894,0.009519,0.07322,0.061601,0.869867;84@0.444608,0.624846,0.064224,0.745822,0.894258,0.240753,0.949255,0.597737,0.336733,0.763635,0.406103;82@0.816756;47@0.427495,0.957317,0.286646,0.197301,0.906699,0.555275,0.000621,0.461335,0.103963,0.840398,0.645438;9@0.023818,0.444602,0.901672,0.262073,0.375106,0.36804,0.187121,0.589115,0.514897,0.407908,0.138372;39@0.704376,0.512036,0.784344,0.837875,0.217122,0.53307,0.561866,0.570421,0.973781;88@0.132466,0.872096,0.021524,0.533623,0.73575,0.146677,0.684832;30@0.751118,0.279503,0.280549,0.526749,0.005177,0.62896,0.350945,0.833413,0.041367,0.04864|0|1762487393
I20251108 00:02:58.866853 139717798590272 data_text_parser.cc:116] beg_pos: 18903,end_pos: 20480
I20251108 00:02:58.867096 139717798590272 data_text_parser.cc:101] get chunk buffer, size: 20480
I20251108 00:02:58.867112 139717798590272 data_text_parser.cc:116] beg_pos: 0,end_pos: 635
I20251108 00:02:58.867120 139717798590272 data_text_parser.cc:61] buffer line: 648|147|1720@4539253:0.293703;1185@2898625981:0.604406;1587@758994893:0.829208;1048@1804262185:0.339113;1413@3049154000:0.309236;1472@2166676103:0.327893;1861@2614854935:0.477454;1430@1059653251:0.735844;1384@3912991612:0.461853;1829@3912991612:0.12527;1635@190873622:0.634386;1785@2196570289:0.99073;1712@2898331582:0.246289;1116@3749860256:0.648607;1010@3698805262:0.563917;1371@434665692:0.701871;1381@1780666939:0.153284;1736@3212592017:0.888105;1206@329809574:0.608603;1202@3209612221:0.481166|67@0.658218,0.747503,0.659889,0.171469,0.055905,0.555027,0.110892,0.291901,0.87803,0.298458,0.089771;56@0.640187,0.345206,0.454758,0.216962,0.768865,0.748892,0.071607,0.257847,0.294072,0.307712,0.990263,0.751747;73@0.361189,0.372127;38@0.587341,0.704895,0.056677,0.416734,0.618628,0.754532,0.940104,0.865188,0.592404,0.990774;1@;14@0.970993,0.202121,0.530045,0.703966,0.324588,0.352711,0.857963,0.036814,0.219807;41@;32@0.997557,0.770088,0.82843,0.717645;70@0.112413,0.50299,0.233335,0.205287;43@0.944058,0.053466,0.333063,0.142382,0.365365,0.788305,0.618817,0.173719,0.438074,0.191822,0.093182;65@0.460913,0.322513,0.481806,0.337418;20@0.351748,0.295594,0.240099,0.416182;40@0.358421,0.56199,0.037341;100@0.76112;37@0.023751,0.506426,0.78045,0.211838,0.679054,0.80856,0.875291,0.325736,0.332706,0.321372,0.813139,0.902225,0.195756;27@0.132166,0.573842,0.374445,0.496081,0.537628,0.780209,0.300208;92@0.344777,0.163656,0.00945,0.984507,0.114524;10@0.958119,0.918569,0.387589,0.486419,0.111514,0.659391,0.440839,0.035643,0.739752,0.287045,0.533335,0.556697;75@0.503639,0.189077,0.691688,0.619272,0.589716,0.515045,0.731092,0.25967,0.638466,0.348487;84@0.955109,0.795627,0.351928,0.307212,0.068832,0.822867,0.150734,0.436046,0.856842,0.727954,0.805911;82@0.271457;47@0.294854,0.62514,0.288562,0.10258,0.4647,0.110916,0.405949,0.529242,0.058909,0.103827,0.090758;9@0.585757,0.184335,0.034679,0.184812,0.533152,0.121315,0.017137,0.889592,0.307186,0.208045,0.96881;39@0.541102,0.341677,0.723728,0.621312,0.624963,0.92189,0.737602,0.150232,0.474521;88@0.619405,0.509773,0.644603,0.626124,0.173404,0.077319,0.502796;30@0.540504,0.717073,0.599737,0.65437,0.699247,0.854369,0.985344,0.881134,0.139585,0.153433|0|1762487393
I20251108 00:02:58.867155 139717798590272 data_text_parser.cc:116] beg_pos: 636,end_pos: 2854
I20251108 00:02:58.867168 139717798590272 data_text_parser.cc:59] line: 649|26|1720@949608291:0.873645;1185@1768884728:0.205887;1587@1889458540:0.190446;1048@2454429673:0.227182;1413@2367716731:0.260708;1472@3427648626:0.784879;1861@2810933910:0.01537;1430@1310943608:0.810769;1384@2268800340:0.974694;1829@2031219099:0.332767;1635@2321450761:0.654669;1785@876608513:0.011665;1712@2854597461:0.360151;1116@3309216263:0.880959;1010@444536901:0.775548;1371@1525198670:0.574113;1381@1570796529:0.662541;1736@1581071897:0.466841;1206@1877376644:0.911964;1202@3378480669:0.044399|67@0.164332,0.664343,0.549628,0.089417,0.808055,0.660463,0.81625,0.44751,0.143042,0.886438,0.252237;56@0.890711,0.99071,0.951088,0.614524,0.813334,0.026544,0.567516,0.356125,0.932825,0.719739,0.189347,0.541101;73@0.69902,0.445215;38@0.027526,0.049385,0.342456,0.909292,0.949855,0.935051,0.557608,0.173582,0.118857,0.491938;1@;14@0.614322,0.775744,0.791809,0.790446,0.241619,0.032293,0.485463,0.523904,0.575427;41@;32@0.798945,0.867554,0.331666,0.262595;70@0.647702,0.768174,0.967914,0.896253;43@0.815282,0.977582,0.272193,0.338452,0.516937,0.646076,0.211227,0.287788,0.985212,0.808141,0.338589;65@0.056916,0.130572,0.427651,0.495552;20@0.520887,0.207151,0.625359,0.641162;40@0.005385,0.84325,0.498752;100@0.98205;37@0.234341,0.879941,0.301446,0.829592,0.569107,0.646852,0.831932,0.579741,0.085555,0.908453,0.730447,0.715449,0.021657;27@0.513704,0.535196,0.591418,0.052779,0.922835,0.291994,0.202903;92@0.055319,0.033165,0.05768,0.66794,0.335537;10@0.870056,0.146453,0.686931,0.789796,0.414337,0.357167,0.687997,0.05899,0.100292,0.917931,0.362902,0.23071;75@0.082216,0.998455,0.531698,0.272451,0.449096,0.029064,0.654793,0.66547,0.114514,0.871087;84@0.73638,0.587233,0.461735,0.717961,0.924197,0.575912,0.756686,0.684529,0.235727,0.726396,0.464783;82@0.462763;47@0.124821,0.264256,0.487562,0.247055,0.155725,0.827799,0.477362,0.092793,0.73269,0.060818,0.855858;9@0.897638,0.543248,0.273454,0.996604,0.997668,0.009738,0.512056,0.830568,0.872076,0.923125,0.698513;39@0.095659,0.234778,0.058335,0.523744,0.559093,0.557878,0.187336,0.778005,0.778956;88@0.041439,0.615996,0.312026,0.842342,0.627276,0.360886,0.88565;30@0.557644,0.906779,0.354482,0.213042,0.463428,0.933809,0.616541,0.241565,0.456138,0.617851|0|1762487393
I20251108 00:02:58.867205 139717798590272 data_text_parser.cc:116] beg_pos: 2855,end_pos: 5071
I20251108 00:02:58.867217 139717798590272 data_text_parser.cc:59] line: 650|220|1720@2135849146:0.911159;1185@2932118365:0.585607;1587@1296626197:0.157612;1048@3737763084:0.336264;1413@3034166418:0.261217;1472@2377076960:0.554995;1861@2053841527:0.296183;1430@1318497215:0.606418;1384@1192244003:0.887766;1829@2631701323:0.393798;1635@3476451697:0.876542;1785@1120579157:0.280986;1712@768148391:0.168422;1116@898323970:0.139677;1010@1384209439:0.042413;1371@3082768831:0.763858;1381@2666627241:0.473811;1736@1251305964:0.300174;1206@183994011:0.145488;1202@801565267:0.233949|67@0.375184,0.469528,0.932161,0.540964,0.357057,0.318949,0.433421,0.432096,0.405111,0.153069,0.071254;56@0.087428,0.230017,0.83837,0.780051,0.828304,0.485254,0.609485,0.851048,0.88849,0.241866,0.702309,0.679463;73@0.300178,0.084763;38@0.009379,0.88176,0.904517,0.028313,0.518818,0.959268,0.111746,0.893891,0.387422,0.597819;1@;14@0.92899,0.44546,0.591598,0.776235,0.131195,0.330853,0.125546,0.220022,0.818753;41@;32@0.874538,0.742184,0.186679,0.998693;70@0.265298,0.238219,0.222271,0.528492;43@0.842669,0.641382,0.104612,0.925003,0.672054,0.6588,0.561077,0.732035,0.690266,0.090565,0.323441;65@0.601124,0.055007,0.558367,0.247022;20@0.369879,0.567869,0.352471,0.444539;40@0.635084,0.020787,0.133839;100@0.356615;37@0.893582,0.509579,0.259606,0.691735,0.006381,0.500063,0.596932,0.300117,0.648877,0.198272,0.760114,0.099529,0.865513;27@0.434976,0.240053,0.151461,0.151396,0.183148,0.71981,0.436871;92@0.031535,0.166654,0.89936,0.18836,0.410685;10@0.339157,0.07674,0.269521,0.474979,0.082127,0.397418,0.080186,0.70848,0.975527,0.607799,0.111252,0.079483;75@0.141455,0.435428,0.940182,0.196801,0.385877,0.518713,0.480163,0.240686,0.791157,0.82857;84@0.5958,0.311152,0.296986,0.599874,0.275849,0.334392,0.621543,0.619937,0.086213,0.557792,0.181195;82@0.401006;47@0.192942,0.755547,0.867653,0.606151,0.013502,0.541214,0.444015,0.097201,0.162009,0.358919,0.865399;9@0.767243,0.375538,0.776338,0.073532,0.266873,0.107343,0.698928,0.773616,0.013523,0.320893,0.643923;39@0.622551,0.171153,0.874797,0.01321,0.934013,0.26206,0.077147,0.651761,0.857929;88@0.331477,0.215278,0.269678,0.146035,0.153086,0.842788,0.778729;30@0.057547,0.088253,0.016303,0.171376,0.590095,0.398448,0.517909,0.842295,0.235703,0.939853|1|1762487393
I20251108 00:02:58.867257 139717798590272 data_text_parser.cc:116] beg_pos: 5072,end_pos: 7275
I20251108 00:02:58.867269 139717798590272 data_text_parser.cc:59] line: 651|71|1720@541386556:0.081217;1185@1280763805:0.025506;1587@1134916792:0.412913;1048@1239923987:0.320418;1413@3571216094:0.192839;1472@2554464226:0.605458;1861@4211349357:0.224997;1430@1091522922:0.05002;1384@3512498083:0.407474;1829@306152466:0.372786;1635@1459539051:0.367885;1785@357295370:0.918817;1712@206458969:0.101127;1116@1505825534:0.380235;1010@20436865:0.492838;1371@650378123:0.217695;1381@2978181921:0.339267;1736@641197876:0.96301;1206@1454929798:0.516943;1202@178576014:0.977485|67@0.419218,0.187434,0.493687,0.514612,0.642434,0.896398,0.675182,0.765688,0.321288,0.982026,0.945006;56@0.493515,0.06378,0.509106,0.327369,0.305341,0.163976,0.766087,0.395506,0.719348,0.849553,0.23525,0.811814;73@0.643343,0.201746;38@0.86181,0.119319,0.871999,0.065722,0.397929,0.118317,0.747575,0.824839,0.228734,0.462884;1@;14@0.657686,0.584579,0.424167,0.328293,0.106241,0.16949,0.984513,0.602462,0.887869;41@;32@0.982138,0.682209,0.084675,0.06599;70@0.171134,0.846919,0.253261,0.15023;43@0.914119,0.091065,0.909888,0.620932,0.909162,0.679798,0.512531,0.504589,0.720727,0.083697,0.093949;65@0.111044,0.229615,0.64847,0.108062;20@0.188845,0.495348,0.935615,0.255949;40@0.900832,0.645824,0.429627;100@0.603954;37@0.580873,0.885631,0.581021,0.811426,0.832089,0.938783,0.625061,0.680977,0.885171,0.380501,0.830929,0.567125,0.755088;27@0.296246,0.297441,0.22294,0.478415,0.931296,0.178517,0.03698;92@0.696042,0.965978,0.808985,0.500706,0.411909;10@0.518303,0.302638,0.257734,0.807011,0.14198,0.473756,0.854974,0.174905,0.546621,0.410152,0.375465,0.507756;75@0.715697,0.241707,0.216135,0.286999,0.992866,0.001123,0.385662,0.368961,0.108898,0.619545;84@0.725966,0.312745,0.24785,0.393741,0.927448,0.347534,0.632598,0.822505,0.278967,0.42593,0.352967;82@0.982492;47@0.165567,0.736313,0.76995,0.403812,0.910573,0.160081,0.73677,0.557939,0.894531,0.609209,0.274617;9@0.375059,0.583118,0.61964,0.735576,0.240669,0.339446,0.653961,0.964906,0.278759,0.954705,0.972115;39@0.881737,0.487847,0.6028,0.22643,0.333435,0.027823,0.564937,0.799986,0.800602;88@0.42062,0.899227,0.287782,0.357843,0.58604,0.747914,0.349909;30@0.369242,0.437627,0.586506,0.260681,0.844041,0.667546,0.700403,0.055113,0.1843,0.441673|1|1762487393
I20251108 00:02:58.867301 139717798590272 data_text_parser.cc:116] beg_pos: 7276,end_pos: 9491
I20251108 00:02:58.867313 139717798590272 data_text_parser.cc:59] line: 652|200|1720@1309362515:0.505837;1185@1367864447:0.823066;1587@1699297296:0.907577;1048@3574906462:0.613253;1413@3853891488:0.793079;1472@976073144:0.392303;1861@2737979842:0.744716;1430@2878036977:0.800477;1384@994682288:0.34585;1829@2831823675:0.494752;1635@3664069159:0.997121;1785@2755215364:0.818567;1712@2581041321:0.170255;1116@3141927384:0.445926;1010@3999478121:0.747482;1371@3485924587:0.150352;1381@4287799552:0.572003;1736@2473684582:0.771677;1206@3687595625:0.037714;1202@4070974713:0.295512|67@0.248814,0.599647,0.052471,0.832052,0.823744,0.885101,0.510179,0.026574,0.543343,0.466712,0.639568;56@0.658115,0.974793,0.016014,0.654969,0.919984,0.288651,0.103507,0.411496,0.444247,0.678184,0.577321,0.853453;73@0.73898,0.235985;38@0.243565,0.03323,0.910552,0.391685,0.475776,0.91503,0.328831,0.259636,0.562752,0.176629;1@;14@0.906107,0.555421,0.157554,0.907111,0.688535,0.400527,0.424675,0.285198,0.092464;41@;32@0.139247,0.692652,0.435588,0.468404;70@0.259289,0.482833,0.963067,0.405611;43@0.503498,0.119983,0.105935,0.122236,0.22395,0.92173,0.204332,0.838764,0.16084,0.616811,0.303644;65@0.590075,0.169766,0.152206,0.864826;20@0.041655,0.002194,0.41457,0.381421;40@0.047526,0.125075,0.242001;100@0.372048;37@0.1463,0.361768,0.322846,0.977955,0.928436,0.666966,0.887099,0.420444,0.298248,0.623697,0.303384,0.261924,0.956456;27@0.878725,0.683014,0.163024,0.756661,0.984562,0.610806,0.209337;92@0.172168,0.185055,0.341085,0.008742,0.414099;10@0.0356,0.172025,0.971741,0.469839,0.339126,0.947143,0.362302,0.238052,0.531451,0.379486,0.826602,0.452601;75@0.809393,0.321784,0.763764,0.747172,0.281655,0.878966,0.046546,0.903585,0.08172,0.412009;84@0.822424,0.3589,0.757065,0.894464,0.151243,0.05401,0.488607,0.966189,0.889151,0.688528,0.627071;82@0.79008;47@0.736824,0.034271,0.054538,0.623423,0.500739,0.170242,0.608146,0.682006,0.097133,0.407524,0.588615;9@0.044519,0.817511,0.789769,0.639428,0.385177,0.925752,0.921459,0.20405,0.979813,0.310677,0.671371;39@0.037431,0.408092,0.668415,0.616887,0.990056,0.638276,0.13193,0.798015,0.515464;88@0.587351,0.997701,0.646951,0.820878,0.328191,0.681583,0.027449;30@0.422308,0.660262,0.105372,0.750955,0.902368,0.132521,0.821006,0.46897,0.565425,0.472746|0|1762487393
I20251108 00:02:58.867353 139717798590272 data_text_parser.cc:116] beg_pos: 9492,end_pos: 11704
I20251108 00:02:58.867366 139717798590272 data_text_parser.cc:59] line: 653|517|1720@2739170503:0.869933;1185@1593706047:0.117666;1587@427043897:0.061412;1048@302240353:0.470915;1413@878666113:0.785081;1472@372283778:0.392101;1861@3992469676:0.075988;1430@784851125:0.351734;1384@3890120964:0.982422;1829@386087596:0.533404;1635@2185353070:0.668269;1785@3686823650:0.396203;1712@1517729345:0.346159;1116@2488297264:0.960306;1010@3453068713:0.367214;1371@4054559245:0.104819;1381@487719878:0.24858;1736@1541775958:0.932771;1206@3287748281:0.836475;1202@2494429406:0.093974|67@0.591037,0.75309,0.900056,0.554614,0.479799,0.669643,0.861756,0.922213,0.041928,0.597344,0.067159;56@0.859874,0.726849,0.779787,0.312834,0.812373,0.006967,0.19816,0.580726,0.953999,0.510198,0.658804,0.059321;73@0.325289,0.351782;38@0.605012,0.617973,0.079844,0.172259,0.763133,0.666626,0.505305,0.227763,0.985989,0.504693;1@;14@0.541728,0.059804,0.686276,0.399713,0.471123,0.193393,0.192641,0.132883,0.166907;41@;32@0.429286,0.06469,0.970078,0.85849;70@0.672272,0.960874,0.93391,0.464009;43@0.405054,0.725775,0.336105,0.210801,0.071761,0.879679,0.760867,0.617685,0.975049,0.658237,0.190997;65@0.549108,0.098492,0.47972,0.503214;20@0.342294,0.828097,0.11393,0.862054;40@0.508855,0.463497,0.398941;100@0.321845;37@0.395337,0.988135,0.185445,0.708502,0.844252,0.178252,0.774845,0.566392,0.957693,0.294679,0.915557,0.706201,0.849609;27@0.004587,0.856003,0.618766,0.727626,0.050872,0.054158,0.548181;92@0.749025,0.072287,0.450549,0.344127,0.279277;10@0.0667,0.631039,0.006904,0.38407,0.572426,0.924317,0.234245,0.992017,0.942782,0.913039,0.028411,0.065111;75@0.564435,0.24183,0.661457,0.041478,0.682362,0.182435,0.870541,0.86631,0.334599,0.86828;84@0.739486,0.202155,0.569166,0.02184,0.320135,0.239944,0.735182,0.624002,0.669507,0.738203,0.263844;82@0.791886;47@0.939347,0.692284,0.483936,0.271008,0.177759,0.285782,0.825022,0.447518,0.856505,0.314749,0.626096;9@0.847277,0.353564,0.400186,0.453772,0.826251,0.606816,0.353408,0.118372,0.47912,0.781608,0.103359;39@0.740463,0.118581,0.210211,0.094904,0.919974,0.691226,0.257351,0.486974,0.79409;88@0.579411,0.683711,0.791002,0.522852,0.778126,0.368532,0.548335;30@0.214073,0.247827,0.817629,0.003452,0.954157,0.69863,0.836881,0.305988,0.822247,0.296057|1|1762487393
I20251108 00:02:58.867401 139717798590272 data_text_parser.cc:116] beg_pos: 11705,end_pos: 13914
I20251108 00:02:58.867414 139717798590272 data_text_parser.cc:59] line: 654|898|1720@1586493004:0.038106;1185@1122102749:0.395619;1587@3766143603:0.960433;1048@3628081332:0.794639;1413@3989578573:0.119559;1472@4106201555:0.528018;1861@1398582696:0.512644;1430@3575471073:0.147908;1384@2757468601:0.318943;1829@2447682426:0.881358;1635@3380382124:0.885339;1785@386087596:0.71551;1712@213147590:0.284713;1116@1549409493:0.846973;1010@2211894941:0.912021;1371@3957958353:0.559019;1381@1624513410:0.666516;1736@4129133486:0.203087;1206@406065246:0.163833;1202@1806003760:0.108411|67@0.315693,0.61616,0.072437,0.133022,0.371206,0.97791,0.350214,0.724063,0.616248,0.352375,0.640105;56@0.354545,0.428246,0.795958,0.895163,0.241053,0.435951,0.304385,0.26307,0.215035,0.87408,0.520185,0.333868;73@0.34774,0.630238;38@0.032648,0.897798,0.412483,0.275991,0.199496,0.695206,0.557789,0.965448,0.925916,0.394672;1@;14@0.269782,0.286934,0.701795,0.1779,0.539703,0.62208,0.318792,0.527173,0.444916;41@;32@0.338951,0.22312,0.392251,0.805481;70@0.59614,0.338438,0.54556,0.59562;43@0.359178,0.97393,0.815465,0.987039,0.295514,0.63852,0.950485,0.308398,0.142998,0.024936,0.551652;65@0.914788,0.459119,0.970081,0.080033;20@0.715187,0.731725,0.062141,0.622481;40@0.595505,0.962707,0.443574;100@0.72872;37@0.599465,0.864404,0.578116,0.205082,0.572564,0.976983,0.002635,0.1798,0.902595,0.892381,0.742914,0.959872,0.606404;27@0.654302,0.664647,0.06086,0.337116,0.107999,0.376924,0.389998;92@0.578947,0.733205,0.804409,0.768892,0.041849;10@0.065861,0.87109,0.129869,0.860459,0.554198,0.249807,0.220781,0.213904,0.178629,0.464948,0.156883,0.31535;75@0.950292,0.347058,0.239578,0.717833,0.276832,0.681597,0.107793,0.557904,0.369879,0.885858;84@0.608839,0.067885,0.040492,0.743428,0.47642,0.754151,0.180976,0.401952,0.271194,0.406442,0.553354;82@0.937643;47@0.580989,0.75958,0.392626,0.50617,0.957191,0.837381,0.525419,0.028425,0.648867,0.824663,0.978667;9@0.587289,0.642826,0.003974,0.568195,0.739788,0.660221,0.577383,0.680152,0.394947,0.055227,0.956881;39@0.005357,0.969227,0.019599,0.573795,0.732973,0.154229,0.255331,0.293615,0.418517;88@0.26271,0.680549,0.960431,0.269885,0.273446,0.912715,0.462006;30@0.981874,0.866879,0.312413,0.901067,0.841801,0.918833,0.541172,0.435547,0.949444,0.571365|0|1762487393
I20251108 00:02:58.867453 139717798590272 data_text_parser.cc:116] beg_pos: 13915,end_pos: 16119
I20251108 00:02:58.867465 139717798590272 data_text_parser.cc:59] line: 655|920|1720@3339788682:0.972462;1185@2331444854:0.124457;1587@3026716152:0.200292;1048@310344712:0.679878;1413@1442815559:0.29668;1472@2298851842:0.414129;1861@649160445:0.312049;1430@504185182:0.241369;1384@3241142158:0.84193;1829@3192899604:0.937334;1635@2164949003:0.526725;1785@2787543282:0.384378;1712@2228363636:0.264048;1116@1276380580:0.410782;1010@1227794049:0.736255;1371@2875929049:0.185718;1381@1470125984:0.292111;1736@3181555759:0.435338;1206@183426218:0.676386;1202@3578209118:0.572006|67@0.799976,0.449167,0.033216,0.084415,0.222066,0.093486,0.958425,0.169373,0.117428,0.65527,0.232327;56@0.588281,0.30498,0.928919,0.04175,0.960907,0.878251,0.350065,0.413964,0.346834,0.637384,0.666207,0.504526;73@0.293947,0.034339;38@0.765519,0.332996,0.447394,0.818322,0.205181,0.312538,0.790068,0.997456,0.0408,0.835607;1@;14@0.720537,0.374657,0.08218,0.513924,0.53736,0.589636,0.283255,0.977491,0.130377;41@;32@0.026358,0.486538,0.280505,0.293333;70@0.735227,0.924558,0.565058,0.031521;43@0.903587,0.436211,0.894992,0.60054,0.190319,0.8266,0.02028,0.237103,0.864739,0.808043,0.961301;65@0.950337,0.178267,0.105443,0.64592;20@0.56314,0.818452,0.29796,0.934195;40@0.093661,0.265485,0.093232;100@0.318487;37@0.11028,0.891367,0.221639,0.117044,0.112508,0.521983,0.731947,0.031089,0.38806,0.193776,0.644202,0.714481,0.720447;27@0.577337,0.783607,0.722535,0.064702,0.625016,0.228807,0.800647;92@0.370251,0.953682,0.656525,0.264353,0.103173;10@0.02899,0.630061,0.103483,0.574069,0.396536,0.437111,0.648919,0.126922,0.098989,0.419726,0.298959,0.487335;75@0.719763,0.201127,0.437633,0.209871,0.447727,0.21237,0.50973,0.018655,0.54204,0.437426;84@0.714828,0.366055,0.61725,0.447652,0.618353,0.725484,0.425492,0.904662,0.555465,0.790228,0.276904;82@0.637663;47@0.964727,0.075033,0.673082,0.087596,0.655683,0.179631,0.54548,0.690227,0.625798,0.761343,0.512254;9@0.374675,0.478153,0.632747,0.467785,0.531103,0.850441,0.611103,0.094293,0.750738,0.516485,0.273817;39@0.421139,0.459189,0.974713,0.705684,0.42996,0.030432,0.346214,0.526918,0.057441;88@0.248999,0.545512,0.219299,0.427609,0.63582,0.343781,0.17734;30@0.004194,0.64659,0.751385,0.599968,0.138279,0.691077,0.367628,0.35621,0.953354,0.153545|1|1762487393
I20251108 00:02:58.867501 139717798590272 data_text_parser.cc:116] beg_pos: 16120,end_pos: 18332
I20251108 00:02:58.867519 139717798590272 data_text_parser.cc:59] line: 656|726|1720@3088861166:0.931796;1185@1638782713:0.21743;1587@917729851:0.614239;1048@727911581:0.232729;1413@3291625189:0.599367;1472@2846353280:0.112527;1861@1671179297:0.41408;1430@3743971847:0.772667;1384@2695002806:0.781063;1829@3264662623:0.754202;1635@408991260:0.615046;1785@1401991735:0.154791;1712@3394250077:0.676397;1116@1889458540:0.786778;1010@1914468174:0.295374;1371@2609226717:0.819775;1381@2086491925:0.006942;1736@3469245777:0.700772;1206@1637448040:0.54494;1202@4033494962:0.028964|67@0.341057,0.593262,0.729982,0.979773,0.595498,0.707712,0.988354,0.647385,0.847828,0.208561,0.683894;56@0.423159,0.134446,0.19183,0.716124,0.641941,0.39645,0.274196,0.061832,0.768491,0.9706,0.676324,0.902855;73@0.065366,0.939741;38@0.401065,0.947902,0.499713,0.290049,0.556425,0.37283,0.301393,0.974471,0.898748,0.045106;1@;14@0.603778,0.781638,0.779777,0.367097,0.453819,0.694306,0.96534,0.63024,0.983581;41@;32@0.283594,0.796252,0.913684,0.958222;70@0.720759,0.958786,0.812411,0.819416;43@0.893732,0.120475,0.538741,0.823046,0.312215,0.931144,0.603092,0.307901,0.073823,0.922296,0.180839;65@0.877777,0.927135,0.800217,0.038627;20@0.266298,0.6196,0.280447,0.88101;40@0.325722,0.636766,0.060035;100@0.248412;37@0.418789,0.142965,0.300867,0.696864,0.402011,0.683146,0.028261,0.790051,0.03819,0.506709,0.732957,0.685615,0.148358;27@0.888588,0.75218,0.283403,0.169973,0.614535,0.516216,0.119911;92@0.05545,0.785227,0.156759,0.858399,0.957218;10@0.208613,0.043576,0.465948,0.056637,0.590463,0.123275,0.51695,0.439118,0.054451,0.136848,0.309833,0.012143;75@0.833813,0.771651,0.372003,0.534398,0.352206,0.719846,0.263602,0.224782,0.065425,0.499236;84@0.660257,0.750446,0.555252,0.442333,0.078366,0.292111,0.32069,0.452463,0.525162,0.546268,0.456725;82@0.127097;47@0.515023,0.741868,0.435074,0.716095,0.865449,0.473531,0.092252,0.143221,0.737714,0.74651,0.276291;9@0.813348,0.534763,0.394134,0.691502,0.684141,0.443809,0.571222,0.652807,0.782374,0.984149,0.37437;39@0.529126,0.321307,0.986022,0.483701,0.289213,0.507289,0.147055,0.777317,0.172994;88@0.032867,0.106293,0.642639,0.85434,0.902294,0.75777,0.666456;30@0.282777,0.818243,0.435655,0.348519,0.925643,0.386193,0.778446,0.832353,0.495915,0.931873|1|1762487393
I20251108 00:02:58.867550 139717798590272 data_text_parser.cc:116] beg_pos: 18333,end_pos: 20480
I20251108 00:02:58.867809 139717798590272 data_text_parser.cc:101] get chunk buffer, size: 20480
I20251108 00:02:58.867821 139717798590272 data_text_parser.cc:116] beg_pos: 0,end_pos: 63
I20251108 00:02:58.867829 139717798590272 data_text_parser.cc:61] buffer line: 657|881|1720@3940707945:0.410525;1185@4094161438:0.125204;1587@2174831769:0.111533;1048@1916525361:0.28706;1413@279138089:0.084415;1472@1051005009:0.084961;1861@3944169115:0.771704;1430@4133553823:0.445826;1384@1767624465:0.520951;1829@250650202:0.3327;1635@355959141:0.527503;1785@1888873134:0.121834;1712@1744493816:0.779309;1116@1324759763:0.180627;1010@4266425878:0.700009;1371@1776355588:0.756352;1381@208280340:0.313913;1736@2751465411:0.374513;1206@2618138640:0.331151;1202@1591575063:0.097397|67@0.684317,0.097187,0.779056,0.145977,0.06549,0.512636,0.817281,0.847667,0.68116,0.263652,0.795987;56@0.791541,0.777943,0.198726,0.496838,0.717252,0.08136,0.810072,0.116884,0.313291,0.215803,0.595091,0.115001;73@0.008743,0.798445;38@0.865415,0.550775,0.444883,0.310557,0.302649,0.72572,0.547777,0.277765,0.686964,0.245417;1@;14@0.120637,0.039404,0.77251,0.858962,0.483327,0.586609,0.267235,0.442363,0.983978;41@;32@0.266168,0.320849,0.246713,0.226972;70@0.752708,0.340305,0.044264,0.380425;43@0.954706,0.274371,0.421884,0.428419,0.106305,0.436369,0.283651,0.732017,0.366013,0.678015,0.295131;65@0.07757,0.969699,0.312387,0.817115;20@0.180985,0.536441,0.797833,0.993751;40@0.152501,0.313084,0.549442;100@0.179736;37@0.055525,0.852797,0.267337,0.38937,0.778642,0.913828,0.351141,0.29457,0.998062,0.763264,0.467626,0.175179,0.762129;27@0.891279,0.706754,0.981696,0.55727,0.14539,0.41246,0.63364;92@0.022278,0.246295,0.638623,0.563842,0.583436;10@0.189184,0.825177,0.509884,0.812774,0.830621,0.326941,0.422367,0.278349,0.568282,0.825774,0.639315,0.552281;75@0.116954,0.644905,0.856787,0.241691,0.233778,0.315251,0.302094,0.404994,0.843649,0.482313;84@0.821136,0.87295,0.966563,0.834319,0.599435,0.523379,0.745865,0.497587,0.143689,0.754207,0.445738;82@0.990803;47@0.566822,0.065513,0.563151,0.737052,0.688154,0.337441,0.956235,0.872183,0.324645,0.121609,0.161724;9@0.794296,0.076627,0.080156,0.480046,0.391542,0.81619,0.179423,0.836203,0.025089,0.73796,0.11644;39@0.261645,0.714981,0.604085,0.98538,0.479003,0.395386,0.707086,0.883038,0.864521;88@0.723583,0.026298,0.098895,0.963776,0.549464,0.971684,0.866629;30@0.55822,0.910217,0.406458,0.874526,0.295249,0.210542,0.62086,0.091191,0.210327,0.15998|1|1762487393
I20251108 00:02:58.867870 139717798590272 data_text_parser.cc:116] beg_pos: 64,end_pos: 2264
I20251108 00:02:58.867883 139717798590272 data_text_parser.cc:59] line: 658|935|1720@4264758735:0.038577;1185@1312869044:0.620552;1587@1307080859:0.425556;1048@784851125:0.510384;1413@377104548:0.173538;1472@1959959843:0.087955;1861@121482445:0.156522;1430@1903837426:0.811321;1384@3291143350:0.756635;1829@3999489628:0.172911;1635@903625689:0.84617;1785@1619517808:0.169793;1712@1680569641:0.458524;1116@386087596:0.162348;1010@2529449431:0.669008;1371@4273971857:0.799503;1381@2546978534:0.727299;1736@1837464626:0.610515;1206@3811211900:0.978919;1202@291413227:0.915354|67@0.168887,0.732735,0.774009,0.158504,0.613536,0.500334,0.008924,0.511268,0.471172,0.952979,0.055334;56@0.556567,0.09481,0.297978,0.482074,0.410761,0.653789,0.531951,0.92392,0.293453,0.329088,0.41327,0.859426;73@0.974331,0.990521;38@0.512398,0.661476,0.58079,0.728363,0.045076,0.645285,0.372974,0.71406,0.484971,0.076808;1@;14@0.415224,0.191311,0.5427,0.532935,0.344215,0.140204,0.947028,0.360843,0.756768;41@;32@0.935439,0.934686,0.001825,0.657617;70@0.878432,0.951284,0.411299,0.900032;43@0.97031,0.379539,0.668108,0.702587,0.62934,0.1156,0.57708,0.913871,0.157988,0.066015,0.061654;65@0.58905,0.602901,0.123256,0.749293;20@0.461708,0.31082,0.740014,0.14905;40@0.190491,0.006719,0.389606;100@0.298203;37@0.898065,0.349172,0.642539,0.594642,0.01575,0.997077,0.520056,0.50715,0.115742,0.231616,0.601131,0.16613,0.674295;27@0.444172,0.979415,0.385757,0.278219,0.234338,0.314164,0.418241;92@0.853178,0.410311,0.849526,0.740353,0.491294;10@0.645047,0.322645,0.494427,0.03456,0.692237,0.798957,0.284545,0.747834,0.194115,0.09397,0.776567,0.096198;75@0.004949,0.781463,0.666325,0.29087,0.374301,0.656345,0.973167,0.90016,0.293727,0.482616;84@0.069852,0.748953,0.913409,0.98221,0.522883,0.607182,0.13912,0.394533,0.443918,0.937881,0.252221;82@0.851533;47@0.672107,0.335012,0.122636,0.594299,0.05113,0.093688,0.071684,0.907421,0.569658,0.938132,0.276843;9@0.775997,0.829312,0.709556,0.832038,0.655246,0.326983,0.482118,0.992063,0.502729,0.94032,0.125054;39@0.954907,0.554815,0.005111,0.120566,0.046474,0.158851,0.728566,0.983631,0.86782;88@0.561588,0.645738,0.212377,0.13787,0.102045,0.304517,0.817928;30@0.680305,0.979764,0.33589,0.563387,0.237151,0.790101,0.744008,0.278618,0.570859,0.29003|0|1762487393
I20251108 00:02:58.867918 139717798590272 data_text_parser.cc:116] beg_pos: 2265,end_pos: 4475
I20251108 00:02:58.867930 139717798590272 data_text_parser.cc:59] line: 659|898|1720@2554464226:0.142689;1185@2515546404:0.406325;1587@2210951822:0.198285;1048@13657997:0.431356;1413@4014656697:0.728275;1472@61363208:0.025306;1861@3375744569:0.243086;1430@1830419771:0.31633;1384@222705318:0.997678;1829@1763625611:0.7455;1635@2857845140:0.212066;1785@766582193:0.948555;1712@2029126712:0.640257;1116@1418516945:0.802893;1010@2435667005:0.4832;1371@3425342195:0.997299;1381@2520475347:0.293497;1736@1721101250:0.102455;1206@3958367938:0.406132;1202@2692066706:0.565098|67@0.430706,0.727198,0.320484,0.516488,0.570522,0.299306,0.073314,0.795138,0.845704,0.822955,0.92567;56@0.470953,0.128226,0.170715,0.174827,0.391954,0.374053,0.179705,0.142506,0.676328,0.393267,0.479162,0.412304;73@0.389026,0.91139;38@0.376446,0.564867,0.701346,0.262053,0.261026,0.394214,0.405532,0.764738,0.34168,0.509491;1@;14@0.498323,0.280502,0.732649,0.934737,0.371466,0.60678,0.831178,0.188229,0.123348;41@;32@0.606973,0.034035,0.685392,0.500466;70@0.110801,0.261491,0.824872,0.517166;43@0.843222,0.730667,0.150448,0.122427,0.12988,0.480125,0.411113,0.366879,0.156376,0.237362,0.804356;65@0.212847,0.206148,0.243875,0.833362;20@0.786565,0.611023,0.657233,0.151478;40@0.29964,0.640569,0.838113;100@0.545986;37@0.134499,0.879726,0.003394,0.294165,0.004676,0.948025,0.913314,0.095121,0.679975,0.449245,0.580593,0.865081,0.764331;27@0.721193,0.724184,0.378525,0.323876,0.099288,0.218424,0.797181;92@0.05694,0.670939,0.848529,0.706088,0.33726;10@0.434128,0.358959,0.752977,0.29681,0.099301,0.983175,0.230662,0.457065,0.003766,0.737932,0.521776,0.861814;75@0.198304,0.97206,0.654058,0.491812,0.857433,0.187479,0.110249,0.242897,0.906518,0.929795;84@0.730924,0.807356,0.565686,0.677318,0.848794,0.368777,0.836204,0.281253,0.445182,0.80071,0.787305;82@0.790194;47@0.953917,0.99995,0.276688,0.645286,0.58204,0.300477,0.022708,0.42677,0.914854,0.723481,0.04871;9@0.361386,0.021675,0.218327,0.490721,0.982686,0.827861,0.498637,0.274375,0.904187,0.918794,0.413122;39@0.117099,0.416519,0.422108,0.473388,0.137554,0.259026,0.538036,0.849053,0.948409;88@0.758867,0.606888,0.263976,0.302005,0.469609,0.738122,0.121425;30@0.243453,0.114236,0.254777,0.066527,0.665878,0.31383,0.281263,0.075745,0.639908,0.943513|1|1762487393
I20251108 00:02:58.867967 139717798590272 data_text_parser.cc:116] beg_pos: 4476,end_pos: 6682
I20251108 00:02:58.867979 139717798590272 data_text_parser.cc:59] line: 660|550|1720@1263676437:0.897051;1185@428399731:0.360798;1587@4086771898:0.846887;1048@917546073:0.279955;1413@1606285043:0.807512;1472@795727562:0.500849;1861@392237193:0.214275;1430@1934564720:0.226303;1384@2865112229:0.917399;1829@2037228215:0.584617;1635@1134271856:0.926018;1785@4286626493:0.104844;1712@1688254137:0.109175;1116@3228605938:0.578568;1010@2898331582:0.500131;1371@4252674961:0.302296;1381@1151323730:0.291555;1736@2731010032:0.726032;1206@1895707479:0.085503;1202@399712489:0.23515|67@0.634347,0.684518,0.546776,0.877902,0.786999,0.680931,0.201337,0.82915,0.278557,0.603507,0.214305;56@0.747537,0.299841,0.553774,0.35127,0.423143,0.561628,0.473002,0.841564,0.538651,0.271888,0.691883,0.095086;73@0.546047,0.175359;38@0.017754,0.695766,0.62698,0.4696,0.012002,0.195562,0.683777,0.79862,0.072134,0.896644;1@;14@0.100493,0.807809,0.765716,0.124179,0.177864,0.621719,0.594793,0.759364,0.798269;41@;32@0.4316,0.665535,0.340124,0.822586;70@0.808993,0.597402,0.443757,0.073416;43@0.535429,0.850201,0.426163,0.014914,0.68568,0.691866,0.79459,0.876882,0.520363,0.516451,0.038904;65@0.460406,0.52615,0.374796,0.373558;20@0.428567,0.514132,0.209345,0.732947;40@0.226116,0.647845,0.378737;100@0.240901;37@0.286327,0.662387,0.012471,0.302676,0.541647,0.079849,0.190362,0.181685,0.480089,0.969439,0.30309,0.600196,0.010211;27@0.847861,0.578509,0.573553,0.148858,0.48721,0.010581,0.34829;92@0.784301,0.110046,0.40898,0.758143,0.403337;10@0.962585,0.77977,0.063491,0.378665,0.230366,0.763131,0.922596,0.270492,0.620357,0.729543,0.782271,0.055366;75@0.941738,0.582909,0.075748,0.572834,0.283443,0.22728,0.475181,0.73419,0.234481,0.664484;84@0.002177,0.695328,0.789751,0.699389,0.95665,0.443022,0.042227,0.678854,0.025353,0.980779,0.03381;82@0.33914;47@0.512369,0.294741,0.991272,0.4723,0.200583,0.182808,0.243733,0.879479,0.153726,0.163382,0.250625;9@0.41328,0.287317,0.987252,0.733731,0.093965,0.466572,0.839894,0.312331,0.302757,0.096137,0.583016;39@0.996689,0.414549,0.360936,0.823831,0.993331,0.559157,0.523587,0.05742,0.708263;88@0.456598,0.630874,0.527762,0.644428,0.607815,0.967159,0.355755;30@0.944173,0.408458,0.232401,0.532884,0.676116,0.079817,0.850661,0.309466,0.996608,0.927842|0|1762487393
I20251108 00:02:58.868015 139717798590272 data_text_parser.cc:116] beg_pos: 6683,end_pos: 8887
I20251108 00:02:58.868027 139717798590272 data_text_parser.cc:59] line: 661|293|1720@2172054387:0.425771;1185@232368707:0.782113;1587@2390989252:0.933197;1048@4161810612:0.503278;1413@1377960606:0.794843;1472@1390251231:0.254859;1861@19299557:0.894118;1430@2084493681:0.988442;1384@2785741259:0.118591;1829@1080435506:0.740592;1635@1456919779:0.429183;1785@2295831580:0.243778;1712@90429870:0.817395;1116@1451442771:0.870367;1010@2897126903:0.58675;1371@1497523500:0.948861;1381@327230742:0.006375;1736@275724335:0.050394;1206@996765963:0.531301;1202@1330320178:0.142851|67@0.377605,0.549707,0.357843,0.1893,0.644468,0.160148,0.564849,0.477085,0.17512,0.488415,0.631703;56@0.856496,0.653253,0.032602,0.010381,0.418882,0.306738,0.232206,0.210725,0.168938,0.036902,0.134306,0.132589;73@0.231635,0.36031;38@0.655023,0.511082,0.702299,0.419494,0.655204,0.294424,0.243474,0.775597,0.700428,0.731715;1@;14@0.078984,0.71792,0.479256,0.524619,0.504432,0.024822,0.686783,0.567702,0.234387;41@;32@0.125078,0.866816,0.369617,0.165333;70@0.886841,0.328391,0.154584,0.500596;43@0.597998,0.945677,0.784482,0.217281,0.940346,0.281445,0.857355,0.903333,0.917546,0.676686,0.630758;65@0.317795,0.85274,0.69063,0.778139;20@0.206993,0.38033,0.340668,0.196006;40@0.069343,0.737643,0.627214;100@0.768152;37@0.153087,0.782721,0.500483,0.966776,0.15375,0.877174,0.168138,0.88288,0.611696,0.486916,0.095769,0.068775,0.772604;27@0.891224,0.251789,0.12101,0.691101,0.190456,0.056481,0.839404;92@0.547295,0.483171,0.220264,0.434605,0.59369;10@0.754917,0.764165,0.762377,0.632008,0.951085,0.489586,0.296628,0.422495,0.25462,0.359955,0.51761,0.585025;75@0.667719,0.800907,0.375022,0.335562,0.701863,0.766835,0.822129,0.559188,0.810571,0.349321;84@0.088097,0.440286,0.754841,0.79416,0.373199,0.655113,0.66408,0.557483,0.196434,0.182014,0.460045;82@0.970127;47@0.196126,0.590308,0.710309,0.324211,0.091857,0.31984,0.581063,0.60579,0.317555,0.689857,0.998028;9@0.466328,0.052667,0.75891,0.247311,0.253315,0.001471,0.014133,0.54394,0.094722,0.455555,0.275808;39@0.452436,0.358419,0.275601,0.031863,0.66092,0.29124,0.449893,0.502106,0.25777;88@0.092052,0.651347,0.422771,0.078758,0.23597,0.964766,0.867526;30@0.870336,0.703932,0.110495,0.931253,0.160067,0.519117,0.835387,0.757229,0.688487,0.629694|0|1762487393
I20251108 00:02:58.868064 139717798590272 data_text_parser.cc:116] beg_pos: 8888,end_pos: 11102
I20251108 00:02:58.868078 139717798590272 data_text_parser.cc:59] line: 662|233|1720@3993984502:0.235703;1185@2251222309:0.759568;1587@2207226308:0.994945;1048@1665909636:0.756092;1413@2698258585:0.997148;1472@4161810612:0.049252;1861@248716407:0.649916;1430@803678944:0.679577;1384@3924401040:0.00409;1829@2247300381:0.829808;1635@3234361887:0.88901;1785@2237013582:0.040325;1712@3792047199:0.03298;1116@3863059834:0.031287;1010@4257545783:0.674398;1371@4189568927:0.480262;1381@925196759:0.464498;1736@3770076756:0.303328;1206@1907792748:0.035231;1202@207412317:0.319557|67@0.250642,0.40116,0.261258,0.666758,0.197389,0.913908,0.681978,0.874145,0.941567,0.441327,0.100209;56@0.016792,0.939318,0.763374,0.817626,0.900219,0.876463,0.77535,0.523703,0.299361,0.515065,0.483798,0.142807;73@0.479187,0.204959;38@0.631044,0.910157,0.972632,0.097541,0.974881,0.945239,0.057269,0.40899,0.738266,0.254138;1@;14@0.399193,0.849823,0.522536,0.143009,0.440982,0.794106,0.875845,0.280947,0.412959;41@;32@0.180242,0.762007,0.159804,0.750618;70@0.428139,0.387504,0.058639,0.142195;43@0.016393,0.036022,0.92947,0.822858,0.453784,0.697465,0.360312,0.507141,0.934482,0.058514,0.908142;65@0.471246,0.720195,0.368005,0.648549;20@0.349928,0.05757,0.719107,0.221856;40@0.373218,0.260346,0.012982;100@0.423404;37@0.80978,0.147851,0.215588,0.531022,0.250143,0.456702,0.232689,0.266618,0.913377,0.413218,0.097824,0.532123,0.031221;27@0.776621,0.460715,0.801446,0.476865,0.854716,0.498802,0.716611;92@0.493192,0.68766,0.946754,0.532096,0.888777;10@0.964166,0.237594,0.362249,0.137947,0.352041,0.693437,0.45675,0.95971,0.126288,0.578254,0.288647,0.675401;75@0.736562,0.476712,0.852592,0.44307,0.948036,0.16658,0.18176,0.777205,0.531749,0.903269;84@0.690407,0.920062,0.549264,0.164529,0.306725,0.534391,0.26295,0.044715,0.635825,0.289652,0.798051;82@0.295893;47@0.110705,0.522543,0.682343,0.483586,0.356135,0.504784,0.140671,0.347277,0.404751,0.687893,0.24021;9@0.327035,0.434833,0.377565,0.353987,0.369816,0.879879,0.961286,0.07701,0.950896,0.730887,0.856932;39@0.866889,0.797922,0.086125,0.819991,0.546204,0.277542,0.404296,0.467051,0.408379;88@0.146117,0.979816,0.590603,0.56373,0.659731,0.402199,0.486611;30@0.817808,0.497301,0.182255,0.456256,0.072009,0.644838,0.320868,0.206349,0.339235,0.302234|0|1762487393
I20251108 00:02:58.868121 139717798590272 data_text_parser.cc:116] beg_pos: 11103,end_pos: 13313
I20251108 00:02:58.868133 139717798590272 data_text_parser.cc:59] line: 663|802|1720@3021825018:0.369553;1185@1340458115:0.125539;1587@2554464226:0.762818;1048@4263128675:0.392859;1413@1780091353:0.122552;1472@261163151:0.508399;1861@763779489:0.899106;1430@4018580633:0.89772;1384@3239973655:0.264211;1829@2426556687:0.735872;1635@1018249287:0.38237;1785@153467460:0.031669;1712@1264480587:0.670941;1116@1364104653:0.225126;1010@358226388:0.296424;1371@1642117835:0.284709;1381@3298328778:0.87449;1736@3037452812:0.548429;1206@127605533:0.148532;1202@1759859076:0.431714|67@0.177116,0.399164,0.664486,0.277424,0.800953,0.834238,0.111022,0.075524,0.160001,0.652377,0.970785;56@0.155976,0.523311,0.749874,0.517097,0.576294,0.377957,0.846127,0.78595,0.344163,0.788497,0.209522,0.046284;73@0.264673,0.45649;38@0.559443,0.091138,0.617791,0.031323,0.486612,0.167331,0.753385,0.609182,0.007894,0.817155;1@;14@0.650035,0.742386,0.826266,0.206924,0.740341,0.88551,0.045709,0.353825,0.008196;41@;32@0.253978,0.21199,0.316724,0.629725;70@0.376685,0.772911,0.117248,0.155452;43@0.980393,0.196846,0.099996,0.432197,0.721991,0.94634,0.509605,0.29239,0.265312,0.091519,0.151311;65@0.288339,0.278447,0.933327,0.810731;20@0.775953,0.45627,0.777863,0.85188;40@0.101711,0.653267,0.373308;100@0.191653;37@0.421379,0.796221,0.379508,0.292265,0.259427,0.070029,0.515919,0.793348,0.980781,0.545046,0.44643,0.589735,0.622934;27@0.080997,0.120316,0.722553,0.968898,0.470071,0.877148,0.644377;92@0.605232,0.626775,0.6593,0.243108,0.714466;10@0.09377,0.508339,0.920417,0.371437,0.17707,0.015497,0.513566,0.492309,0.268194,0.772957,0.283383,0.312328;75@0.807897,0.552731,0.75547,0.427996,0.146137,0.800906,0.69414,0.812459,0.966065,0.181867;84@0.321913,0.731476,0.658071,0.478674,0.908097,0.120897,0.056446,0.798405,0.265238,0.765509,0.07785;82@0.356859;47@0.550906,0.906663,0.296868,0.175909,0.279695,0.358332,0.347875,0.65782,0.460702,0.317771,0.919091;9@0.273768,0.177609,0.807247,0.401998,0.800978,0.096702,0.090319,0.874652,0.786446,0.154122,0.634384;39@0.174045,0.456271,0.096946,0.954376,0.079102,0.883062,0.305659,0.32897,0.273972;88@0.938619,0.568353,0.666507,0.376641,0.242577,0.251668,0.167294;30@0.742293,0.955448,0.707368,0.314359,0.323637,0.617053,0.733947,0.86479,0.971349,0.381015|0|1762487393
I20251108 00:02:58.868165 139717798590272 data_text_parser.cc:116] beg_pos: 13314,end_pos: 15526
I20251108 00:02:58.868177 139717798590272 data_text_parser.cc:59] line: 664|859|1720@2408225339:0.286921;1185@2199485447:0.655398;1587@260759728:0.734065;1048@3655692436:0.469806;1413@122049634:0.313102;1472@2469845070:0.769183;1861@1198575474:0.267415;1430@1059653251:0.560902;1384@752117375:0.045616;1829@3037251513:0.574519;1635@610789712:0.412416;1785@1363361646:0.048335;1712@3697382678:0.03729;1116@2327457029:0.094778;1010@1580258924:0.23624;1371@3238261049:0.482503;1381@3416785927:0.025649;1736@3892619255:0.440393;1206@3537594180:0.255659;1202@4158519977:0.133653|67@0.882335,0.12661,0.596472,0.020611,0.222317,0.277487,0.061355,0.36337,0.72258,0.533649,0.766728;56@0.952186,0.823987,0.867803,0.274639,0.078166,0.739262,0.514549,0.928908,0.891106,0.515679,0.03372,0.504205;73@0.862652,0.12137;38@0.832185,0.187034,0.406174,0.390381,0.729397,0.278435,0.154479,0.428653,0.362544,0.261794;1@;14@0.290388,0.49334,0.092635,0.117698,0.572493,0.713412,0.136034,0.375872,0.32721;41@;32@0.78329,0.351797,0.24608,0.014523;70@0.608833,0.781331,0.345103,0.675775;43@0.534375,0.315726,0.279332,0.837997,0.992213,0.277092,0.946455,0.689942,0.53715,0.718659,0.386763;65@0.875314,0.838761,0.288011,0.213588;20@0.907016,0.189806,0.371415,0.644279;40@0.97076,0.102826,0.239936;100@0.402305;37@0.373472,0.218494,0.310487,0.16167,0.119965,0.606033,0.422982,0.242563,0.148958,0.337489,0.501215,0.290583,0.305566;27@0.936256,0.246753,0.931223,0.388039,0.447481,0.529242,0.389016;92@0.77087,0.598288,0.844075,0.962335,0.531624;10@0.969372,0.203831,0.024834,0.91366,0.841071,0.528888,0.114315,0.504567,0.317309,0.539446,0.645984,0.767746;75@0.352349,0.356045,0.017225,0.542968,0.549902,0.059645,0.599818,0.045841,0.090561,0.119418;84@0.953723,0.930776,0.200254,0.396293,0.768266,0.336684,0.074886,0.374617,0.090866,0.143963,0.75895;82@0.562241;47@0.751968,0.680504,0.172202,0.052982,0.561673,0.689233,0.881044,0.236485,0.012945,0.993306,0.676206;9@0.678615,0.750393,0.559641,0.296073,0.727803,0.051126,0.910424,0.50149,0.379994,0.509069,0.609126;39@0.945005,0.653728,0.932186,0.983137,0.356977,0.533565,0.572585,0.930498,0.361563;88@0.885333,0.119716,0.5211,0.145128,0.037169,0.707942,0.682021;30@0.786388,0.711365,0.301335,0.774612,0.761654,0.284349,0.102415,0.886056,0.36626,0.772192|1|1762487393
I20251108 00:02:58.868217 139717798590272 data_text_parser.cc:116] beg_pos: 15527,end_pos: 17736
I20251108 00:02:58.868229 139717798590272 data_text_parser.cc:59] line: 665|532|1720@2072832662:0.22676;1185@420471030:0.746267;1587@232924196:0.713499;1048@2097998275:0.739543;1413@3483082364:0.548624;1472@3733979797:0.239088;1861@126926414:0.279507;1430@3881059708:0.940876;1384@3091703716:0.417616;1829@2214208763:0.507537;1635@3942192368:0.694888;1785@2187312699:0.468089;1712@4161306137:0.320778;1116@743849085:0.31295;1010@2802041373:0.641135;1371@1473742792:0.336241;1381@2797344754:0.514143;1736@1694890323:0.177477;1206@1562180612:0.604333;1202@85377345:0.76846|67@0.773011,0.718406,0.220599,0.106178,0.1825,0.610497,0.035327,0.985708,0.43541,0.423116,0.523363;56@0.566265,0.102529,0.732688,0.945836,0.066155,0.565262,0.639138,0.856446,0.755695,0.903046,0.5775,0.764484;73@0.289393,0.587094;38@0.935017,0.620636,0.047992,0.830097,0.516531,0.903183,0.892257,0.798534,0.560481,0.180971;1@;14@0.571601,0.58167,0.960223,0.586109,0.653788,0.327391,0.316076,0.584008,0.500488;41@;32@0.326437,0.586477,0.599867,0.391771;70@0.660549,0.219249,0.682447,0.016651;43@0.063136,0.063446,0.637154,0.247421,0.830986,0.36713,0.039133,0.330492,0.642531,0.290983,0.315113;65@0.920759,0.127301,0.953495,0.141367;20@0.127606,0.827137,0.322765,0.446852;40@0.735487,0.111645,0.560273;100@0.203045;37@0.595761,0.531153,0.605624,0.206067,0.784797,0.457398,0.634582,0.022573,0.835447,0.203644,0.515756,0.617202,0.856584;27@0.737575,0.191997,0.552733,0.343079,0.422074,0.303137,0.489592;92@0.987915,0.539902,0.637865,0.264982,0.877354;10@0.004849,0.67858,0.143241,0.765128,0.242574,0.73898,0.281846,0.282896,0.624497,0.094962,0.900663,0.468207;75@0.781848,0.428645,0.403737,0.841358,0.473331,0.433698,0.394915,0.807944,0.097149,0.660154;84@0.565629,0.306226,0.748945,0.345816,0.408628,0.597059,0.57269,0.655453,0.141069,0.393369,0.748141;82@0.73137;47@0.53411,0.149614,0.340621,0.781814,0.984402,0.428489,0.624992,0.421107,0.812625,0.96741,0.784345;9@0.27102,0.108883,0.061073,0.341494,0.222486,0.317326,0.795446,0.267676,0.588409,0.004453,0.568654;39@0.589176,0.474507,0.209398,0.07378,0.9166,0.028148,0.199452,0.031583,0.003458;88@0.790014,0.412139,0.399109,0.049889,0.467691,0.669607,0.62027;30@0.378023,0.038612,0.054859,0.633639,0.327067,0.45423,0.322738,0.297165,0.133096,0.649023|1|1762487393
I20251108 00:02:58.868264 139717798590272 data_text_parser.cc:116] beg_pos: 17737,end_pos: 19939
I20251108 00:02:58.868276 139717798590272 data_text_parser.cc:59] line: 666|691|1720@728433186:0.222887;1185@2917771032:0.132211;1587@1726419841:0.794481;1048@3066329966:0.620737;1413@3932138126:0.269585;1472@3053740991:0.33405;1861@2979127701:0.566416;1430@796328340:0.639166;1384@4105326678:0.673304;1829@3130653288:0.118533;1635@386123617:0.57055;1785@1836465288:0.50163;1712@1519256576:0.246291;1116@1920406062:0.795634;1010@1677443378:0.910599;1371@3985843876:0.592269;1381@367798337:0.301264;1736@1113653945:0.615904;1206@2367336487:0.478073;1202@953645205:0.375287|67@0.82153,0.216024,0.385431,0.1963,0.80703,0.725361,0.841249,0.46384,0.869007,0.299718,0.24677;56@0.452001,0.251927,0.152128,0.863435,0.825467,0.433038,0.821104,0.974579,0.242046,0.589192,0.975418,0.35805;73@0.39924,0.475169;38@0.832752,0.719697,0.92604,0.418069,0.829528,0.467372,0.433947,0.993992,0.878101,0.764643;1@;14@0.46623,0.286122,0.880616,0.327051,0.49428,0.554932,0.74815,0.004644,0.642716;41@;32@0.576583,0.138942,0.025692,0.613296;70@0.282949,0.900879,0.590604,0.026506;43@0.411094,0.121244,0.74136,0.398076,0.422379,0.378882,0.894648,0.906039,0.240954,0.642598,0.190234;65@0.990128,0.256643,0.87141,0.516355;20@0.236614,0.272925,0.876551,0.904943;40@0.793081,0.992167,0.078683;100@0.942906;37@0.38751,0.934348,0.520967,0.467573,0.692166,0.220551,0.460794,0.393111,0.112513,0.061103,0.948658,0.074006,0.974795;27@0.090712,0.935276,0.187046,0.1399,0.124205,0.894728,0.042236;92@0.648129,0.241916,0.190826,0.827409,0.060725;10@0.72524,0.002028,0.934947,0.641311,0.400003,0.321494,0.284425,0.590635,0.093197,0.360734,0.215601,0.049879;75@0.774477,0.915514,0.061651,0.937245,0.506621,0.216839,0.602408,0.33965,0.965434,0.230304;84@0.756397,0.99044,0.091253,0.061099,0.195238,0.995342,0.719774,0.891065,0.019207,0.703492,0.942631;82@0.810298;47@0.444915,0.579309,0.214638,0.661595,0.898319,0.766278,0.121557,0.920718,0.842419,0.955077,0.893715;9@0.51917,0.998708,0.881432,0.558716,0.302281,0.37984,0.605716,0.924927,0.06198,0.207316,0.66289;39@0.664569,0.46042,0.861181,0.404335,0.329033,0.521942,0.68732,0.943594,0.377891;88@0.073177,0.281964,0.725957,0.345807,0.51424,0.962646,0.043929;30@0.064673,0.024121,0.553868,0.787295,0.815408,0.434264,0.938587,0.931674,0.531941,0.804944|0|1762487393
I20251108 00:02:58.868302 139717798590272 data_text_parser.cc:116] beg_pos: 19940,end_pos: 20480
I20251108 00:02:58.868571 139717798590272 data_text_parser.cc:101] get chunk buffer, size: 20480
I20251108 00:02:58.868600 139717798590272 data_text_parser.cc:116] beg_pos: 0,end_pos: 1666
I20251108 00:02:58.868607 139717798590272 data_text_parser.cc:61] buffer line: 667|946|1720@2297874091:0.594421;1185@3065461807:0.888333;1587@1817512180:0.957189;1048@60949531:0.430538;1413@1823500884:0.441431;1472@3408312105:0.539933;1861@1529378427:0.085277;1430@2930520040:0.213099;1384@991873591:0.260012;1829@1997024654:0.76146;1635@2068593767:0.258736;1785@3635046763:0.777935;1712@876729658:0.865548;1116@2499576880:0.440233;1010@2545338592:0.175571;1371@565026018:0.144391;1381@2251907954:0.409023;1736@831829816:0.412454;1206@965410804:0.071544;1202@420596292:0.269102|67@0.209778,0.234301,0.65578,0.714548,0.670281,0.60618,0.714449,0.399968,0.872452,0.646445,0.433068;56@0.828008,0.985554,0.684285,0.245341,0.982529,0.252605,0.094223,0.952686,0.040916,0.113315,0.622279,0.58419;73@0.279894,0.385085;38@0.137442,0.156047,0.482133,0.315431,0.561825,0.325191,0.006327,0.88517,0.50287,0.366206;1@;14@0.338448,0.52974,0.191771,0.013427,0.212336,0.790835,0.367345,0.95048,0.263316;41@;32@0.936336,0.070338,0.929388,0.36763;70@0.226493,0.365375,0.231295,0.25724;43@0.352218,0.570704,0.197061,0.413419,0.067595,0.314768,0.84204,0.841535,0.155391,0.841435,0.077208;65@0.530601,0.092058,0.738496,0.164012;20@0.60512,0.418491,0.617914,0.744977;40@0.031974,0.194344,0.247479;100@0.20184;37@0.206427,0.06988,0.820517,0.103765,0.912132,0.671778,0.01544,0.199206,0.640357,0.608143,0.817701,0.114974,0.983283;27@0.28522,0.562674,0.089949,0.79048,0.219032,0.343178,0.722854;92@0.280515,0.187635,0.66253,0.678374,0.502214;10@0.838321,0.701509,0.325984,0.476582,0.688666,0.981298,0.278312,0.235656,0.828818,0.448462,0.481985,0.594706;75@0.328029,0.515515,0.728622,0.006566,0.142274,0.914099,0.23173,0.862032,0.348087,0.029353;84@0.337475,0.931174,0.90226,0.571899,0.022059,0.084761,0.867789,0.378655,0.76058,0.158852,0.857334;82@0.559537;47@0.559292,0.472588,0.222391,0.584567,0.849136,0.284492,0.982626,0.152303,0.688756,0.536399,0.502593;9@0.191197,0.623499,0.638196,0.652558,0.430703,0.509009,0.61448,0.620536,0.162405,0.913513,0.129453;39@0.128027,0.890504,0.151432,0.228748,0.876665,0.908875,0.539192,0.369369,0.76648;88@0.811733,0.308197,0.763111,0.628194,0.051255,0.249773,0.681125;30@0.014596,0.248538,0.654323,0.597751,0.231325,0.307209,0.945995,0.431631,0.142607,0.031214|1|1762487393
I20251108 00:02:58.868660 139717798590272 data_text_parser.cc:116] beg_pos: 1667,end_pos: 3881
I20251108 00:02:58.868673 139717798590272 data_text_parser.cc:59] line: 668|499|1720@756969462:0.048019;1185@3929120720:0.55256;1587@1057265357:0.215995;1048@800551834:0.995932;1413@2738907957:0.23951;1472@2924957555:0.176387;1861@3395367132:0.147562;1430@3076819238:0.787301;1384@4153879749:0.532917;1829@3210229670:0.26406;1635@165260684:0.153495;1785@547521821:0.292161;1712@2337444929:0.411081;1116@1716205797:0.043007;1010@762573949:0.60569;1371@3962663657:0.430158;1381@675864145:0.152393;1736@876608513:0.596111;1206@4242209456:0.461887;1202@185328820:0.947846|67@0.797955,0.516233,0.442704,0.867408,0.854301,0.965526,0.506111,0.95585,0.901813,0.541852,0.052376;56@0.314353,0.259346,0.683758,0.22105,0.396362,0.342935,0.866464,0.435561,0.79716,0.338836,0.453134,0.514721;73@0.525029,0.824877;38@0.033555,0.324994,0.812365,0.823989,0.175711,0.041899,0.346303,0.370573,0.632674,0.275647;1@;14@0.806963,0.889844,0.170636,0.639427,0.696906,0.408835,0.112661,0.715245,0.017649;41@;32@0.684379,0.538244,0.508336,0.400843;70@0.688206,0.556997,0.803339,0.771412;43@0.909207,0.384106,0.510928,0.877271,0.391965,0.825671,0.270473,0.516601,0.475642,0.381313,0.304227;65@0.081492,0.261253,0.896255,0.735423;20@0.328778,0.515175,0.782075,0.628863;40@0.985076,0.428538,0.928923;100@0.938891;37@0.513601,0.269023,0.282611,0.952135,0.380383,0.04225,0.260039,0.960379,0.771582,0.602907,0.163217,0.395118,0.781838;27@0.421309,0.086322,0.333431,0.654867,0.05462,0.98032,0.700152;92@0.380909,0.619797,0.374181,0.148614,0.06156;10@0.541969,0.439794,0.866004,0.676919,0.139181,0.446776,0.103501,0.416379,0.355073,0.951513,0.847513,0.994951;75@0.406069,0.408714,0.857452,0.545524,0.674973,0.663919,0.607773,0.171555,0.022704,0.491061;84@0.164649,0.899795,0.177369,0.606391,0.421503,0.914067,0.034311,0.776886,0.857548,0.060192,0.69694;82@0.380998;47@0.917264,0.719692,0.139333,0.433294,0.761534,0.523429,0.131747,0.930615,0.984056,0.925601,0.160216;9@0.950989,0.546941,0.251831,0.165609,0.48571,0.464393,0.973026,0.644597,0.514999,0.125164,0.620199;39@0.376055,0.135695,0.334775,0.211879,0.298969,0.10754,0.831907,0.857799,0.923014;88@0.455827,0.198541,0.568443,0.245072,0.251115,0.249225,0.941053;30@0.72186,0.582683,0.483428,0.362262,0.670398,0.412528,0.220697,0.466063,0.848469,0.054288|1|1762487393
I20251108 00:02:58.868705 139717798590272 data_text_parser.cc:116] beg_pos: 3882,end_pos: 6092
I20251108 00:02:58.868717 139717798590272 data_text_parser.cc:59] line: 669|565|1720@430045606:0.440433;1185@1233438736:0.246801;1587@2907714825:0.32305;1048@4184740771:0.555586;1413@1326930630:0.138206;1472@3206646458:0.148692;1861@1059272246:0.075225;1430@1494643791:0.323758;1384@4178976147:0.466023;1829@308790793:0.509929;1635@2219720757:0.628748;1785@2024992620:0.629778;1712@3662684976:0.562387;1116@2369958280:0.217651;1010@1812570411:0.507218;1371@2333904804:0.334248;1381@2506491265:0.54577;1736@199899788:0.031858;1206@638591225:0.941921;1202@3860885138:0.273505|67@0.174118,0.637649,0.26001,0.81064,0.469631,0.560675,0.347235,0.191762,0.859246,0.498285,0.568795;56@0.793509,0.290889,0.672631,0.055324,0.229956,0.649982,0.02866,0.171826,0.87252,0.199582,0.236682,0.863475;73@0.338877,0.093555;38@0.602677,0.122726,0.747673,0.097591,0.296751,0.491273,0.535435,0.595485,0.039401,0.622189;1@;14@0.685753,0.086297,0.464572,0.321173,0.355924,0.268776,0.766883,0.170953,0.775491;41@;32@0.60432,0.364409,0.915905,0.361046;70@0.969755,0.043723,0.708803,0.186562;43@0.438823,0.77566,0.188494,0.576655,0.613677,0.433289,0.927408,0.441042,0.439326,0.654454,0.927367;65@0.923228,0.06724,0.2106,0.746749;20@0.503005,0.143898,0.242905,0.929811;40@0.346857,0.161143,0.799346;100@0.135284;37@0.157549,0.971543,0.519265,0.461606,0.508608,0.54656,0.684818,0.397366,0.882853,0.666561,0.245298,0.527015,0.56048;27@0.678105,0.444643,0.082245,0.418615,0.89374,0.504953,0.589281;92@0.588513,0.174308,0.317299,0.970361,0.04248;10@0.456015,0.657574,0.405149,0.548801,0.188831,0.448141,0.039055,0.552691,0.530627,0.308662,0.19598,0.277745;75@0.142942,0.984892,0.802337,0.656746,0.556182,0.879797,0.908051,0.406134,0.495394,0.00411;84@0.970149,0.788724,0.854039,0.858129,0.453815,0.267744,0.769354,0.627521,0.398933,0.184034,0.278354;82@0.242277;47@0.397876,0.389424,0.061356,0.059399,0.620562,0.858733,0.146165,0.229957,0.370194,0.775212,0.670822;9@0.902769,0.932158,0.616527,0.979663,0.654207,0.323634,0.076815,0.285879,0.26047,0.569388,0.332979;39@0.484055,0.71863,0.172433,0.278706,0.366909,0.531473,0.637288,0.369655,0.988563;88@0.167619,0.29612,0.6009,0.674857,0.140492,0.589156,0.061231;30@0.519224,0.434409,0.388829,0.967128,0.46931,0.649839,0.441039,0.700904,0.689835,0.147593|1|1762487393
I20251108 00:02:58.868757 139717798590272 data_text_parser.cc:116] beg_pos: 6093,end_pos: 8306
I20251108 00:02:58.868770 139717798590272 data_text_parser.cc:59] line: 670|222|1720@3280494417:0.238346;1185@3999217497:0.78205;1587@3305790101:0.290669;1048@2087330524:0.393731;1413@2086571496:0.258197;1472@4225442781:0.50228;1861@861542497:0.022329;1430@3414140191:0.840562;1384@1228301294:0.669474;1829@3187633066:0.828455;1635@3579225942:0.146284;1785@3700518887:0.215551;1712@100347393:0.616315;1116@2367324164:0.80891;1010@3094305544:0.004151;1371@1196799256:0.8701;1381@3135994163:0.925097;1736@3803615164:0.462854;1206@3328208769:0.047199;1202@695818592:0.816066|67@0.167474,0.67569,0.200606,0.955543,0.357746,0.093063,0.008578,0.309496,0.934496,0.854923,0.818954;56@0.911079,0.740501,0.589034,0.793049,0.466459,0.316512,0.667902,0.734081,0.165073,0.524078,0.714678,0.861662;73@0.788425,0.305148;38@0.933717,0.485145,0.271381,0.64746,0.371567,0.895862,0.972611,0.671647,0.69694,0.32075;1@;14@0.569437,0.887276,0.089137,0.206475,0.02479,0.608961,0.162323,0.181928,0.068627;41@;32@0.481522,0.53595,0.286552,0.909393;70@0.69552,0.731769,0.982409,0.420802;43@0.210508,0.856574,0.432169,0.619202,0.20049,0.540347,0.467763,0.550178,0.333811,0.284923,0.23779;65@0.224024,0.584813,0.474516,0.281874;20@0.159666,0.346168,0.73807,0.926131;40@0.563453,0.586636,0.535616;100@0.852304;37@0.273447,0.439115,0.848399,0.191662,0.857939,0.640953,0.239036,0.437327,0.482424,0.882631,0.059087,0.60773,0.045918;27@0.18892,0.045726,0.813522,0.037231,0.527161,0.764898,0.914423;92@0.711486,0.406221,0.998153,0.254725,0.245305;10@0.361221,0.890296,0.391692,0.768836,0.207244,0.520847,0.787221,0.510059,0.651909,0.234981,0.742205,0.614991;75@0.687673,0.17101,0.418469,0.701995,0.230762,0.178855,0.228309,0.227762,0.349103,0.626659;84@0.953365,0.429038,0.485136,0.712009,0.017951,0.088454,0.069271,0.083699,0.07093,0.333896,0.249523;82@0.15418;47@0.579816,0.611565,0.327958,0.556846,0.079504,0.773618,0.482092,0.799268,0.374037,0.935046,0.799097;9@0.713784,0.18509,0.015059,0.408191,0.687332,0.832976,0.791811,0.730895,0.820488,0.555489,0.136599;39@0.037979,0.457813,0.414037,0.535839,0.996828,0.434139,0.672832,0.247258,0.417121;88@0.232687,0.164383,0.141371,0.967749,0.807447,0.736183,0.454712;30@0.239686,0.687651,0.872504,0.235339,0.807437,0.032406,0.188211,0.043979,0.292066,0.059927|1|1762487393
I20251108 00:02:58.868805 139717798590272 data_text_parser.cc:116] beg_pos: 8307,end_pos: 10511
I20251108 00:02:58.868817 139717798590272 data_text_parser.cc:59] line: 671|856|1720@365409974:0.981511;1185@401071381:0.30127;1587@934956081:0.371326;1048@2988351082:0.307102;1413@3689867188:0.07612;1472@2758032173:0.178166;1861@665987422:0.149334;1430@2589847272:0.036917;1384@1009681203:0.886541;1829@2742983946:0.27224;1635@368766769:0.710169;1785@3515837277:0.879661;1712@23030677:0.520983;1116@2760365881:0.715348;1010@3514462474:0.897082;1371@2238444235:0.578666;1381@2988351082:0.788654;1736@3178689303:0.60927;1206@1937240590:0.063891;1202@1893180418:0.209688|67@0.54012,0.496686,0.315269,0.081345,0.311524,0.524876,0.66836,0.505116,0.825805,0.98196,0.178594;56@0.794946,0.738064,0.350781,0.974985,0.507105,0.522054,0.867937,0.859437,0.796865,0.370754,0.21086,0.914161;73@0.588859,0.925438;38@0.472758,0.380348,0.085022,0.265277,0.276545,0.83874,0.726356,0.759776,0.941752,0.68953;1@;14@0.581327,0.053944,0.515285,0.966521,0.360234,0.765015,0.111259,0.321775,0.463577;41@;32@0.440946,0.623571,0.376459,0.255507;70@0.221766,0.56828,0.325911,0.05492;43@0.693129,0.964201,0.116075,0.255321,0.936229,0.793234,0.002181,0.184568,0.35184,0.133406,0.337727;65@0.631897,0.060981,0.339086,0.531638;20@0.934852,0.888457,0.560535,0.172015;40@0.496751,0.248052,0.590813;100@0.12855;37@0.083022,0.792798,0.741019,0.381663,0.527079,0.042776,0.923967,0.186345,0.344351,0.069614,0.988669,0.685708,0.101816;27@0.445434,0.032543,0.725522,0.666736,0.009029,0.358698,0.24818;92@0.885164,0.773756,0.035174,0.2503,0.842782;10@0.097992,0.055765,0.119418,0.626317,0.714457,0.698138,0.600432,0.724027,0.274789,0.380559,0.123643,0.958219;75@0.611876,0.738698,0.66928,0.252029,0.011243,0.155372,0.787439,0.378187,0.089492,0.298131;84@0.003897,0.782507,0.603377,0.507034,0.139475,0.353487,0.317009,0.907711,0.177171,0.16642,0.943308;82@0.598745;47@0.775916,0.936397,0.222205,0.016392,0.347136,0.556148,0.483206,0.310277,0.416929,0.992308,0.1315;9@0.898005,0.260231,0.600531,0.890311,0.535039,0.341749,0.989988,0.431222,0.446269,0.640359,0.522302;39@0.952669,0.135302,0.574842,0.813994,0.46431,0.577431,0.223339,0.995402,0.712719;88@0.087266,0.024552,0.324176,0.933,0.554516,0.120332,0.623555;30@0.939144,0.613731,0.394732,0.507421,0.408557,0.704967,0.656905,0.306218,0.62351,0.539133|1|1762487393
I20251108 00:02:58.868854 139717798590272 data_text_parser.cc:116] beg_pos: 10512,end_pos: 12731
I20251108 00:02:58.868867 139717798590272 data_text_parser.cc:59] line: 672|262|1720@2837842986:0.113534;1185@3318752147:0.713288;1587@3038084671:0.626062;1048@3580236594:0.438318;1413@2988351082:0.731711;1472@2964705859:0.290046;1861@2580749596:0.526242;1430@2556360890:0.988782;1384@2870169893:0.780164;1829@1521130277:0.740065;1635@2852787131:0.770011;1785@976208083:0.625206;1712@1668579044:0.960834;1116@1840169763:0.453907;1010@787620401:0.845875;1371@3256410415:0.505204;1381@3381833679:0.487105;1736@3330585497:0.721857;1206@2280831905:0.538557;1202@1260275675:0.370835|67@0.764479,0.995066,0.628749,0.592304,0.030893,0.397875,0.712488,0.115258,0.560613,0.213942,0.496674;56@0.4504,0.059041,0.667931,0.334617,0.83866,0.226104,0.918604,0.32671,0.273003,0.739909,0.865546,0.837011;73@0.298464,0.869071;38@0.318644,0.497753,0.310653,0.197367,0.633292,0.213714,0.391051,0.230839,0.99724,0.239453;1@;14@0.064097,0.938838,0.845854,0.361709,0.654706,0.776924,0.262441,0.663931,0.364781;41@;32@0.265318,0.904607,0.889217,0.336608;70@0.428861,0.817701,0.019181,0.155267;43@0.416572,0.390007,0.21434,0.511613,0.677192,0.901443,0.203378,0.191045,0.372309,0.067046,0.475164;65@0.22505,0.863789,0.064574,0.125386;20@0.278661,0.729377,0.435719,0.982206;40@0.973668,0.335875,0.363287;100@0.140806;37@0.448673,0.389017,0.855275,0.53395,0.751264,0.497319,0.462891,0.16769,0.007497,0.31628,0.748885,0.101027,0.995708;27@0.932133,0.511027,0.747234,0.528177,0.726035,0.711417,0.264715;92@0.955635,0.767622,0.318612,0.133318,0.866469;10@0.094377,0.053232,0.378188,0.275766,0.525873,0.787386,0.392871,0.660706,0.68224,0.453811,0.208932,0.238118;75@0.101833,0.139696,0.063066,0.425674,0.529186,0.607449,0.040187,0.775738,0.907659,0.719734;84@0.774279,0.510288,0.572952,0.350707,0.44677,0.035415,0.527858,0.403304,0.391551,0.143812,0.196914;82@0.522763;47@0.228502,0.142768,0.356913,0.915093,0.975036,0.249643,0.287735,0.231273,0.73521,0.763344,0.886685;9@0.143377,0.745474,0.325733,0.028437,0.855398,0.529397,0.438721,0.437946,0.106175,0.30903,0.133451;39@0.613462,0.243758,0.718055,0.640801,0.108718,0.708837,0.751047,0.318893,0.645269;88@0.678657,0.511194,0.912452,0.275097,0.273918,0.052298,0.949026;30@0.913353,0.63906,0.558051,0.334606,0.234083,0.11493,0.842143,0.464213,0.028106,0.496035|0|1762487393
I20251108 00:02:58.868902 139717798590272 data_text_parser.cc:116] beg_pos: 12732,end_pos: 14930
I20251108 00:02:58.868914 139717798590272 data_text_parser.cc:59] line: 673|200|1720@1517831405:0.916315;1185@1712752339:0.918139;1587@520419938:0.08871;1048@2915192996:0.102565;1413@1310943608:0.142635;1472@79761041:0.474638;1861@1887015690:0.805279;1430@301151506:0.161496;1384@3490604160:0.456013;1829@2630656434:0.703174;1635@1098458371:0.195315;1785@3611386577:0.739911;1712@2729754802:0.775578;1116@1018249287:0.675629;1010@2833991842:0.41255;1371@766582193:0.086071;1381@1918134953:0.625053;1736@1244243561:0.9541;1206@2373219970:0.182447;1202@868776089:0.984428|67@0.133809,0.428158,0.026863,0.938634,0.54488,0.339165,0.075879,0.152653,0.614835,0.670298,0.747299;56@0.626294,0.507087,0.610714,0.902238,0.866439,0.814645,0.289915,0.708948,0.564454,0.207864,0.067552,0.440881;73@0.501562,0.765334;38@0.864465,0.93503,0.709106,0.513772,0.938234,0.00378,0.351173,0.737916,0.942662,0.391435;1@;14@0.770556,0.066734,0.171909,0.349933,0.767911,0.656447,0.721964,0.12362,0.719273;41@;32@0.678751,0.060135,0.46048,0.560454;70@0.19842,0.674919,0.671071,0.915537;43@0.588473,0.047252,0.359393,0.43437,0.640928,0.912152,0.719894,0.856884,0.629745,0.694813,0.209183;65@0.346102,0.84237,0.69771,0.875681;20@0.334031,0.167414,0.142299,0.772925;40@0.621771,0.308259,0.2198;100@0.810858;37@0.694812,0.821472,0.255157,0.869022,0.401402,0.60639,0.16297,0.592024,0.586792,0.868466,0.516197,0.247119,0.182235;27@0.737888,0.024379,0.974986,0.912556,0.053761,0.822305,0.876015;92@0.846457,0.60364,0.67056,0.671627,0.75864;10@0.783649,0.559783,0.657262,0.724049,0.160412,0.900495,0.507216,0.309903,0.714786,0.217554,0.349157,0.24066;75@0.995652,0.605269,0.091144,0.570644,0.67423,0.822977,0.91925,0.11282,0.614449,0.794287;84@0.43729,0.326448,0.576269,0.369062,0.808435,0.415674,0.113161,0.343224,0.128146,0.612692,0.940391;82@0.624725;47@0.550758,0.798109,0.712368,0.29333,0.79734,0.479776,0.251528,0.046533,0.363463,0.503401,0.097116;9@0.770026,0.763691,0.412487,0.253764,0.031866,0.930872,0.5991,0.634056,0.772754,0.029332,0.495352;39@0.232306,0.836721,0.732619,0.943534,0.822941,0.638071,0.931421,0.09894,0.595873;88@0.83201,0.963936,0.521526,0.88992,0.317535,0.347242,0.307566;30@0.784881,0.809746,0.421713,0.500883,0.127892,0.698198,0.197562,0.206371,0.361344,0.93342|1|1762487393
I20251108 00:02:58.868981 139717798590272 data_text_parser.cc:116] beg_pos: 14931,end_pos: 17144
I20251108 00:02:58.868994 139717798590272 data_text_parser.cc:59] line: 674|712|1720@3929601095:0.611894;1185@520545421:0.344478;1587@3963041614:0.853653;1048@1222331059:0.023408;1413@1091522922:0.349566;1472@742190177:0.454787;1861@3496788636:0.764723;1430@74990235:0.942286;1384@3929427996:0.079179;1829@3942920167:0.350188;1635@855151485:0.710225;1785@237784065:0.296037;1712@3569322260:0.458895;1116@3786323482:0.059672;1010@664262104:0.623362;1371@2409100648:0.494694;1381@852976159:0.750429;1736@2039221633:0.827256;1206@2777480992:0.615709;1202@596954211:0.102103|67@0.029055,0.332439,0.541532,0.932139,0.614645,0.170813,0.623734,0.223945,0.767764,0.540093,0.096081;56@0.085518,0.988843,0.227421,0.954543,0.289693,0.751953,0.873703,0.130321,0.134696,0.928052,0.96547,0.644732;73@0.777718,0.76897;38@0.951127,0.416728,0.796665,0.681601,0.973834,0.111615,0.582816,0.508302,0.751387,0.762955;1@;14@0.746759,0.316052,0.084949,0.228944,0.781361,0.377193,0.105546,0.819882,0.340231;41@;32@0.387979,0.086236,0.420767,0.489083;70@0.757952,0.075178,0.162537,0.472996;43@0.392987,0.091383,0.813624,0.144886,0.096956,0.635701,0.064221,0.984038,0.102379,0.301191,0.17695;65@0.133644,0.782813,0.365583,0.520546;20@0.588283,0.588608,0.613171,0.8536;40@0.780521,0.328585,0.906012;100@0.523762;37@0.670933,0.380987,0.209016,0.946442,0.449568,0.055241,0.448504,0.65307,0.939852,0.435203,0.430277,0.415047,0.136266;27@0.389452,0.633824,0.736225,0.694619,0.127611,0.063132,0.337473;92@0.505192,0.923534,0.020636,0.223061,0.388205;10@0.486827,0.813719,0.293846,0.510609,0.655856,0.992911,0.858668,0.908877,0.291826,0.026991,0.384351,0.995302;75@0.166417,0.801589,0.774921,0.285833,0.983779,0.468917,0.915418,0.486113,0.617037,0.132843;84@0.166249,0.252788,0.969166,0.342466,0.558141,0.684214,0.200559,0.69656,0.453643,0.058318,0.953113;82@0.092307;47@0.55219,0.735753,0.57218,0.82265,0.131251,0.023001,0.954038,0.038327,0.231924,0.323956,0.494901;9@0.950506,0.392752,0.154527,0.247321,0.283292,0.86598,0.360654,0.368275,0.696456,0.586305,0.041562;39@0.666508,0.011376,0.136761,0.99986,0.556488,0.437189,0.455538,0.81546,0.597791;88@0.839838,0.58852,0.917542,0.135513,0.65498,0.798485,0.731496;30@0.139676,0.251216,0.123211,0.591526,0.044202,0.083325,0.222077,0.082101,0.189964,0.579551|1|1762487393
I20251108 00:02:58.869034 139717798590272 data_text_parser.cc:116] beg_pos: 17145,end_pos: 19354
I20251108 00:02:58.869047 139717798590272 data_text_parser.cc:59] line: 675|626|1720@903625689:0.848097;1185@369678995:0.246562;1587@313053492:0.892327;1048@4136688200:0.471684;1413@2131824695:0.588821;1472@1280234533:0.469115;1861@1863114194:0.207137;1430@3496811010:0.093611;1384@3279988008:0.742087;1829@147968099:0.429515;1635@210987430:0.989558;1785@679865738:0.14328;1712@2355307444:0.109259;1116@2275962267:0.449028;1010@1404405133:0.022755;1371@413094798:0.132415;1381@3823727858:0.28139;1736@3743971847:0.902414;1206@2739958880:0.58763;1202@733240826:0.89454|67@0.550941,0.632659,0.486376,0.294579,0.402885,0.737536,0.515199,0.007351,0.978945,0.794135,0.973732;56@0.606871,0.84834,0.820674,0.430299,0.90991,0.227803,0.465631,0.467173,0.161279,0.044706,0.544645,0.921558;73@0.956313,0.01104;38@0.925265,0.203015,0.448716,0.074679,0.912965,0.198084,0.068548,0.959549,0.008677,0.075993;1@;14@0.706104,0.442662,0.163863,0.895362,0.980806,0.581132,0.02862,0.315745,0.351284;41@;32@0.115246,0.995017,0.532089,0.333221;70@0.091298,0.827406,0.81046,0.947604;43@0.168972,0.640345,0.209077,0.2856,0.337404,0.353846,0.252853,0.259611,0.351843,0.170676,0.209348;65@0.105908,0.223542,0.144812,0.734874;20@0.110589,0.506889,0.494729,0.781369;40@0.719975,0.101995,0.970129;100@0.57732;37@0.304522,0.235292,0.51734,0.184171,0.702973,0.465159,0.829788,0.651055,0.793591,0.591909,0.944416,0.551323,0.539937;27@0.336974,0.872517,0.285326,0.961018,0.290926,0.948592,0.440621;92@0.417261,0.748514,0.833682,0.589466,0.911829;10@0.837919,0.124528,0.038397,0.748121,0.749661,0.168806,0.748374,0.174315,0.353846,0.075843,0.562532,0.01723;75@0.378103,0.504451,0.97825,0.810945,0.593396,0.54911,0.087265,0.871426,0.783766,0.301462;84@0.534276,0.968754,0.622905,0.784327,0.841608,0.612589,0.557787,0.553712,0.919493,0.118778,0.513582;82@0.683816;47@0.47758,0.418769,0.680423,0.110167,0.629076,0.29874,0.666157,0.727736,0.412175,0.81456,0.721376;9@0.649307,0.644695,0.646099,0.536782,0.729026,0.837197,0.587585,0.984603,0.303769,0.442556,0.176104;39@0.391193,0.880297,0.064476,0.729182,0.795656,0.775095,0.829272,0.57192,0.723648;88@0.581697,0.328133,0.739349,0.494974,0.289197,0.493017,0.729413;30@0.267337,0.274947,0.683283,0.551096,0.230403,0.635225,0.440763,0.818962,0.930365,0.623861|1|1762487393
I20251108 00:02:58.869071 139717798590272 data_text_parser.cc:116] beg_pos: 19355,end_pos: 20480
I20251108 00:02:58.869314 139717798590272 data_text_parser.cc:101] get chunk buffer, size: 20480
I20251108 00:02:58.869334 139717798590272 data_text_parser.cc:116] beg_pos: 0,end_pos: 1082
I20251108 00:02:58.869342 139717798590272 data_text_parser.cc:61] buffer line: 676|5|1720@2268800340:0.172785;1185@4050734189:0.862825;1587@261163151:0.32621;1048@1623915298:0.522632;1413@2506406611:0.668637;1472@1770877879:0.971248;1861@4137080371:0.550458;1430@3511630774:0.674336;1384@999771323:0.628795;1829@103427188:0.508864;1635@3770503549:0.832651;1785@3984737003:0.449846;1712@22906190:0.904546;1116@448175572:0.031436;1010@2076407490:0.314057;1371@1975379685:0.250823;1381@2326200770:0.429048;1736@3111915116:0.618949;1206@4287799552:0.019528;1202@3751201250:0.931907|67@0.479391,0.100528,0.100194,0.371362,0.164014,0.29243,0.644925,0.681756,0.70406,0.254217,0.870267;56@0.487577,0.593355,0.37401,0.441088,0.768571,0.986611,0.920328,0.746914,0.473432,0.059037,0.767935,0.670734;73@0.545285,0.354242;38@0.575001,0.071021,0.169546,0.612873,0.850477,0.734719,0.110784,0.604088,0.88855,0.801878;1@;14@0.40402,0.533549,0.133365,0.899161,0.696413,0.986573,0.49044,0.20634,0.985772;41@;32@0.666456,0.300012,0.715528,0.036275;70@0.606417,0.266459,0.591979,0.533195;43@0.973771,0.057031,0.814789,0.591294,0.665492,0.720103,0.751228,0.602787,0.440855,0.813793,0.052192;65@0.073279,0.282194,0.799801,0.723611;20@0.788326,0.563343,0.717819,0.338228;40@0.296203,0.910905,0.590626;100@0.831582;37@0.919013,0.805576,0.841566,0.600203,0.963476,0.453556,0.733329,0.606288,0.949117,0.335854,0.228806,0.902342,0.368315;27@0.353327,0.014107,0.807698,0.939575,0.04714,0.409999,0.873327;92@0.836647,0.345286,0.985659,0.510958,0.169589;10@0.81803,0.94722,0.821794,0.360104,0.63058,0.999811,0.421159,0.844737,0.770739,0.770492,0.180128,0.849931;75@0.921558,0.341695,0.859101,0.959285,0.17747,0.78509,0.70366,0.359943,0.738878,0.962163;84@0.843834,0.941159,0.44146,0.018661,0.703483,0.234324,0.742399,0.679213,0.167124,0.362754,0.796946;82@0.88726;47@0.104952,0.295146,0.725145,0.210474,0.397747,0.717188,0.481213,0.506368,0.311623,0.704222,0.853824;9@0.704096,0.680727,0.844579,0.496825,0.67447,0.080728,0.147891,0.734365,0.727086,0.090468,0.302468;39@0.728921,0.529492,0.646635,0.640276,0.992852,0.832649,0.74792,0.374463,0.234338;88@0.48571,0.235788,0.936579,0.481694,0.295604,0.736716,0.646478;30@0.113154,0.707264,0.784467,0.49897,0.823659,0.422569,0.649547,0.325135,0.32944,0.191788|0|1762487393
I20251108 00:02:58.869380 139717798590272 data_text_parser.cc:116] beg_pos: 1083,end_pos: 3290
I20251108 00:02:58.869394 139717798590272 data_text_parser.cc:59] line: 677|430|1720@2757371590:0.160764;1185@2152191127:0.443583;1587@1639524682:0.618268;1048@684343948:0.089012;1413@2591662322:0.427088;1472@656462502:0.274628;1861@3809170555:0.213519;1430@1603940357:0.352481;1384@973312201:0.650162;1829@2290902311:0.23111;1635@1795702859:0.774875;1785@2812589869:0.113845;1712@3170034136:0.268795;1116@362475872:0.127753;1010@846801542:0.001961;1371@649382350:0.534614;1381@3356208992:0.351355;1736@308925484:0.025441;1206@2807419796:0.099749;1202@403066621:0.803964|67@0.853289,0.69371,0.728126,0.282491,0.113226,0.901771,0.262075,0.581217,0.249486,0.404267,0.402241;56@0.816615,0.134306,0.548191,0.110329,0.024692,0.462999,0.518386,0.00735,0.276524,0.287931,0.552898,0.259884;73@0.302543,0.658492;38@0.453171,0.72103,0.049677,0.178405,0.63344,0.330735,0.681318,0.266532,0.877712,0.414283;1@;14@0.647224,0.918436,0.513764,0.737755,0.069462,0.500869,0.377928,0.290595,0.809701;41@;32@0.412488,0.509973,0.080212,0.953688;70@0.125832,0.811596,0.94365,0.622047;43@0.49915,0.26733,0.85605,0.13994,0.777433,0.703281,0.794514,0.318367,0.439715,0.006177,0.840075;65@0.709233,0.249764,0.219026,0.298689;20@0.727524,0.552127,0.086712,0.213777;40@0.881587,0.090843,0.418799;100@0.323123;37@0.232983,0.62565,0.384213,0.908123,0.216575,0.792207,0.200026,0.715101,0.248032,0.781514,0.620545,0.314813,0.641654;27@0.061833,0.049905,0.169572,0.567712,0.31113,0.665942,0.744451;92@0.95113,0.263638,0.948408,0.434195,0.656046;10@0.413357,0.952875,0.859947,0.840957,0.100316,0.795086,0.344286,0.157587,0.383721,0.74592,0.218255,0.67699;75@0.516151,0.105198,0.136585,0.376364,0.349893,0.297042,0.820698,0.766064,0.781081,0.076427;84@0.607367,0.557111,0.305872,0.44866,0.990941,0.690219,0.331113,0.054686,0.241592,0.554649,0.314631;82@0.263667;47@0.348005,0.065905,0.732786,0.327147,0.834373,0.10611,0.991336,0.5491,0.627835,0.107085,0.592364;9@0.41875,0.050105,0.145982,0.739159,0.582043,0.88223,0.028973,0.994256,0.442469,0.214591,0.079831;39@0.347099,0.789261,0.923986,0.212064,0.183063,0.522135,0.005529,0.834107,0.055045;88@0.031797,0.586225,0.638511,0.542932,0.133191,0.595067,0.115604;30@0.589204,0.171509,0.845862,0.177848,0.332438,0.48685,0.921022,0.385834,0.622051,0.783722|0|1762487393
I20251108 00:02:58.869433 139717798590272 data_text_parser.cc:116] beg_pos: 3291,end_pos: 5505
I20251108 00:02:58.869446 139717798590272 data_text_parser.cc:59] line: 678|640|1720@3773658615:0.86343;1185@996504432:0.935379;1587@1176975234:0.537155;1048@3895241165:0.496703;1413@3120000381:0.761804;1472@681232821:0.458102;1861@1277876526:0.812314;1430@167734035:0.922863;1384@2719414406:0.36119;1829@1330693859:0.69993;1635@1748604782:0.590277;1785@2068277087:0.727192;1712@2573096349:0.400809;1116@587581675:0.380542;1010@1456483812:0.867322;1371@1937589774:0.645587;1381@201982354:0.051329;1736@121727037:0.059632;1206@489038322:0.516267;1202@2501109297:0.237896|67@0.275429,0.258472,0.223646,0.156922,0.180569,0.240533,0.698963,0.896717,0.718422,0.218554,0.556065;56@0.07198,0.067207,0.512683,0.913878,0.906942,0.953052,0.783387,0.691698,0.852515,0.481959,0.784152,0.841472;73@0.006683,0.966002;38@0.111151,0.099889,0.420191,0.112828,0.677762,0.86096,0.15086,0.514523,0.869767,0.065966;1@;14@0.767612,0.286313,0.959869,0.125625,0.661803,0.115674,0.917186,0.823234,0.920204;41@;32@0.222232,0.565796,0.774631,0.27833;70@0.284936,0.527523,0.523747,0.44292;43@0.832091,0.657742,0.360944,0.057016,0.842722,0.64863,0.770833,0.09203,0.072196,0.833682,0.866575;65@0.439015,0.571578,0.904458,0.283155;20@0.526112,0.931696,0.777748,0.768101;40@0.649727,0.407661,0.972592;100@0.360073;37@0.330479,0.960593,0.981023,0.69203,0.971062,0.891111,0.340027,0.140054,0.940015,0.626978,0.103097,0.383113,0.693566;27@0.129794,0.160001,0.617813,0.61831,0.704573,0.17812,0.50005;92@0.458064,0.424903,0.282172,0.917258,0.943077;10@0.856485,0.056099,0.030454,0.581625,0.073549,0.370917,0.536655,0.804547,0.575685,0.541905,0.29693,0.485873;75@0.139544,0.343033,0.922652,0.848715,0.821173,0.184748,0.862447,0.627975,0.079312,0.171497;84@0.985126,0.980559,0.256529,0.436544,0.241167,0.927358,0.957008,0.895432,0.213361,0.833232,0.008648;82@0.346356;47@0.380185,0.104472,0.666131,0.083373,0.096032,0.230473,0.937349,0.316056,0.309138,0.384005,0.844491;9@0.493989,0.921579,0.331028,0.729724,0.452728,0.278258,0.708241,0.144356,0.551072,0.886317,0.763141;39@0.677306,0.180298,0.312603,0.154234,0.003505,0.529195,0.184509,0.729764,0.65131;88@0.270816,0.507645,0.753337,0.359151,0.238912,0.757053,0.347955;30@0.551948,0.979386,0.479109,0.513288,0.566176,0.013097,0.329607,0.050545,0.946566,0.139287|0|1762487393
I20251108 00:02:58.869483 139717798590272 data_text_parser.cc:116] beg_pos: 5506,end_pos: 7710
I20251108 00:02:58.869496 139717798590272 data_text_parser.cc:59] line: 679|803|1720@2395055792:0.509641;1185@1662766009:0.523858;1587@2738907957:0.639217;1048@4124238415:0.33111;1413@1351611446:0.772653;1472@2837842986:0.933155;1861@1832993073:0.011237;1430@2115015202:0.889435;1384@1981923247:0.653071;1829@2215466353:0.850293;1635@1122463419:0.805741;1785@2883270129:0.177359;1712@967524502:0.762949;1116@2303605429:0.52354;1010@2455571145:0.640933;1371@3056240830:0.433191;1381@770004255:0.210802;1736@1095346906:0.228698;1206@4164285102:0.491967;1202@3924401040:0.047428|67@0.455427,0.108553,0.367292,0.395495,0.987168,0.466891,0.824375,0.543027,0.524784,0.663784,0.964049;56@0.599866,0.707426,0.908455,0.674379,0.427578,0.066178,0.064264,0.93329,0.883536,0.642244,0.17961,0.781641;73@0.121349,0.040286;38@0.325645,0.412751,0.50817,0.776147,0.926491,0.683698,0.981079,0.180413,0.312116,0.782362;1@;14@0.806814,0.21471,0.004312,0.08,0.113547,0.558,0.904512,0.458593,0.05835;41@;32@0.186222,0.733235,0.592274,0.896685;70@0.19335,0.912861,0.306236,0.380154;43@0.844955,0.075817,0.63354,0.269619,0.50904,0.893187,0.462763,0.332734,0.476105,0.76042,0.038434;65@0.237613,0.446973,0.395951,0.170588;20@0.022633,0.613382,0.900433,0.581639;40@0.671144,0.973782,0.928229;100@0.15379;37@0.579703,0.176158,0.206323,0.066678,0.187118,0.935898,0.204671,0.434879,0.777758,0.339567,0.521149,0.202723,0.08874;27@0.696231,0.271545,0.251753,0.62573,0.268668,0.345705,0.297077;92@0.064617,0.789115,0.584596,0.144328,0.208923;10@0.317516,0.834135,0.19148,0.210613,0.701294,0.275772,0.010235,0.928362,0.813114,0.985774,0.389015,0.018406;75@0.365089,0.133479,0.114313,0.749707,0.760376,0.672906,0.429099,0.285221,0.499984,0.335275;84@0.092179,0.99439,0.423272,0.33533,0.854913,0.131768,0.047986,0.673349,0.573247,0.397676,0.317288;82@0.57681;47@0.450316,0.756773,0.211529,0.5341,0.378299,0.159468,0.631525,0.665537,0.737437,0.467304,0.883848;9@0.668144,0.493725,0.64023,0.310873,0.685675,0.022689,0.82997,0.465968,0.279763,0.778737,0.389041;39@0.032159,0.65364,0.368128,0.486436,0.027265,0.927397,0.922994,0.460889,0.208502;88@0.084555,0.290192,0.865329,0.770133,0.262737,0.320721,0.893276;30@0.964248,0.916839,0.721589,0.24819,0.344787,0.065555,0.379772,0.912168,0.455337,0.989408|0|1762487393
I20251108 00:02:58.869537 139717798590272 data_text_parser.cc:116] beg_pos: 7711,end_pos: 9919
I20251108 00:02:58.869550 139717798590272 data_text_parser.cc:59] line: 680|80|1720@469822640:0.272525;1185@3774720535:0.991997;1587@3134713009:0.277783;1048@2559633109:0.007016;1413@3964250465:0.971001;1472@1869227569:0.566666;1861@4039045278:0.564828;1430@503148774:0.315354;1384@297827059:0.457055;1829@2214208763:0.020695;1635@1941012449:0.327716;1785@3206861115:0.92205;1712@1987488490:0.861702;1116@2814521626:0.739888;1010@2267159255:0.440461;1371@1495701648:0.998334;1381@1036886325:0.697892;1736@383344535:0.690261;1206@1241498683:0.054568;1202@1073847293:0.202259|67@0.374314,0.297785,0.111797,0.513749,0.716499,0.18161,0.541804,0.027446,0.359792,0.292872,0.195856;56@0.633119,0.982097,0.721477,0.848054,0.541491,0.411317,0.588609,0.212538,0.06165,0.213484,0.162576,0.730611;73@0.593006,0.984202;38@0.908147,0.714189,0.25529,0.719614,0.457279,0.044288,0.510929,0.901079,0.543928,0.291726;1@;14@0.01711,0.709349,0.41469,0.617252,0.952303,0.951271,0.117791,0.917688,0.629698;41@;32@0.737424,0.003213,0.157624,0.727545;70@0.517758,0.030207,0.663046,0.103319;43@0.225761,0.765294,0.995385,0.591611,0.844657,0.571253,0.742178,0.839094,0.376339,0.592509,0.179222;65@0.710006,0.631913,0.182455,0.530005;20@0.656151,0.172484,0.928916,0.976804;40@0.6381,0.706163,0.999792;100@0.203667;37@0.047195,0.816986,0.236332,0.259763,0.922574,0.119428,0.645451,0.736184,0.691447,0.951631,0.137302,0.211738,0.960404;27@0.79854,0.296512,0.630352,0.646056,0.750977,0.655917,0.689799;92@0.923072,0.615134,0.199344,0.89792,0.893835;10@0.78319,0.366209,0.541939,0.897786,0.871602,0.075341,0.849585,0.442993,0.36486,0.45586,0.086064,0.525051;75@0.713789,0.89562,0.553113,0.41714,0.895277,0.10782,0.852812,0.988584,0.311729,0.866517;84@0.445312,0.067279,0.71913,0.861158,0.868362,0.522629,0.634295,0.372241,0.18462,0.413477,0.748096;82@0.295228;47@0.464954,0.085911,0.485064,0.212774,0.65114,0.995796,0.574348,0.323146,0.500074,0.877575,0.72058;9@0.924247,0.319686,0.292281,0.618119,0.6796,0.947981,0.276645,0.371579,0.712148,0.212624,0.885581;39@0.543887,0.012185,0.755486,0.674015,0.057657,0.139018,0.895379,0.570865,0.600197;88@0.853943,0.336149,0.364069,0.785323,0.291178,0.68617,0.13875;30@0.611511,0.510318,0.268091,0.320992,0.175792,0.813059,0.729543,0.343362,0.747415,0.231137|0|1762487393
I20251108 00:02:58.869581 139717798590272 data_text_parser.cc:116] beg_pos: 9920,end_pos: 12127
I20251108 00:02:58.869593 139717798590272 data_text_parser.cc:59] line: 681|841|1720@207169374:0.413867;1185@4131789325:0.224321;1587@2204934973:0.662368;1048@4137824200:0.381173;1413@1712395396:0.216766;1472@1199511226:0.969972;1861@2973062752:0.636686;1430@975278666:0.498397;1384@2856707182:0.179923;1829@3696509427:0.486414;1635@2381780315:0.977083;1785@2406618398:0.43882;1712@3207437325:0.184293;1116@1628467969:0.659226;1010@3246687055:0.41943;1371@3260758489:0.20584;1381@4239858689:0.04282;1736@2423908237:0.791834;1206@561030528:0.439203;1202@2242950518:0.099556|67@0.393847,0.056412,0.512073,0.03244,0.617034,0.65506,0.590425,0.114779,0.535848,0.930609,0.12024;56@0.034916,0.226056,0.232075,0.485728,0.235239,0.093265,0.932357,0.420214,0.516068,0.714129,0.972483,0.639046;73@0.494233,0.458261;38@0.991695,0.902388,0.386874,0.314226,0.600559,0.394715,0.401882,0.541495,0.967787,0.6861;1@;14@0.156155,0.586112,0.551337,0.150412,0.565985,0.029711,0.188516,0.246618,0.29465;41@;32@0.378411,0.793817,0.23306,0.207946;70@0.923515,0.608347,0.666957,0.626891;43@0.911395,0.182401,0.634271,0.694398,0.742771,0.715917,0.98078,0.975502,0.697893,0.196105,0.327308;65@0.329514,0.362252,0.776691,0.380542;20@0.344331,0.616742,0.771028,0.911223;40@0.466144,0.313373,0.074336;100@0.501428;37@0.217435,0.262819,0.047582,0.359624,0.729626,0.523696,0.618518,0.899997,0.215433,0.479417,0.512708,0.07438,0.949185;27@0.551167,0.633002,0.109644,0.067989,0.356833,0.02492,0.144784;92@0.897524,0.930351,0.540022,0.436383,0.069342;10@0.987203,0.602212,0.046492,0.2539,0.619597,0.989901,0.465623,0.081942,0.390076,0.424406,0.118333,0.725579;75@0.514243,0.891671,0.812822,0.086209,0.196815,0.751017,0.34567,0.46229,0.958162,0.890453;84@0.537692,0.396017,0.759935,0.135565,0.231977,0.214687,0.769061,0.884759,0.523504,0.169157,0.348138;82@0.000939;47@0.801015,0.478808,0.127704,0.457459,0.755523,0.778727,0.230508,0.948097,0.585002,0.954486,0.808464;9@0.481283,0.50586,0.297234,0.288875,0.381903,0.212149,0.285176,0.550582,0.456112,0.390988,0.750221;39@0.549686,0.204976,0.404306,0.747863,0.370166,0.251682,0.0956,0.771433,0.610609;88@0.620738,0.068321,0.38914,0.021753,0.289333,0.4952,0.353917;30@0.15271,0.029637,0.893357,0.646204,0.54148,0.61946,0.556004,0.185055,0.558782,0.058825|1|1762487393
I20251108 00:02:58.869634 139717798590272 data_text_parser.cc:116] beg_pos: 12128,end_pos: 14333
I20251108 00:02:58.869646 139717798590272 data_text_parser.cc:59] line: 682|950|1720@1441843729:0.317853;1185@1810267656:0.691898;1587@1910096223:0.663552;1048@2634163108:0.848101;1413@798329074:0.768264;1472@56896310:0.02988;1861@1851699055:0.96164;1430@3530591708:0.573081;1384@1638802281:0.142253;1829@3183796691:0.680921;1635@1802058776:0.180298;1785@2152523533:0.239852;1712@2032281467:0.197722;1116@2166930694:0.356393;1010@1195436533:0.88119;1371@3438447978:0.599318;1381@270602552:0.528986;1736@1636598381:0.028471;1206@2778593409:0.759473;1202@1856369668:0.481008|67@0.569494,0.221446,0.952784,0.156616,0.509511,0.528941,0.408376,0.120032,0.524719,0.228098,0.592348;56@0.241623,0.523723,0.100119,0.170568,0.136186,0.389673,0.00845,0.27578,0.144205,0.665475,0.332161,0.560761;73@0.686615,0.339898;38@0.215025,0.35215,0.417748,0.061136,0.881275,0.808701,0.397807,0.075802,0.512459,0.357994;1@;14@0.881565,0.05721,0.37735,0.589636,0.271079,0.877625,0.286545,0.752545,0.769279;41@;32@0.15479,0.357704,0.06441,0.911409;70@0.834707,0.256815,0.173261,0.027402;43@0.046414,0.625778,0.07205,0.105121,0.278197,0.295462,0.373348,0.534456,0.785756,0.352384,0.56838;65@0.348675,0.906455,0.505716,0.230133;20@0.213805,0.509093,0.776406,0.766499;40@0.037904,0.84393,0.825215;100@0.399988;37@0.936663,0.830637,0.84569,0.799244,0.698766,0.709001,0.688412,0.586233,0.928604,0.341959,0.826327,0.685379,0.08202;27@0.108314,0.773615,0.464986,0.550232,0.02416,0.990814,0.778892;92@0.190324,0.122699,0.505976,0.632461,0.723546;10@0.71177,0.414324,0.677061,0.06968,0.35571,0.500493,0.542456,0.477835,0.51459,0.491826,0.962056,0.621398;75@0.031932,0.379207,0.326321,0.450055,0.331117,0.019688,0.648292,0.343731,0.262468,0.308276;84@0.501241,0.93895,0.47986,0.845496,0.869635,0.738774,0.626211,0.262748,0.713454,0.632421,0.111763;82@0.107347;47@0.864235,0.989637,0.296839,0.542727,0.454714,0.020696,0.283349,0.592507,0.030892,0.03678,0.948064;9@0.804866,0.930747,0.179966,0.131418,0.246863,0.477495,0.24052,0.29942,0.288059,0.636991,0.410731;39@0.67327,0.107128,0.20601,0.046911,0.884056,0.054013,0.426162,0.896769,0.731613;88@0.624279,0.614386,0.661297,0.039862,0.859893,0.64321,0.772142;30@0.867703,0.322792,0.283234,0.145265,0.193124,0.985384,0.883692,0.439154,0.886221,0.843737|1|1762487393
I20251108 00:02:58.869682 139717798590272 data_text_parser.cc:116] beg_pos: 14334,end_pos: 16548
I20251108 00:02:58.869694 139717798590272 data_text_parser.cc:59] line: 683|751|1720@2116316874:0.200186;1185@2647265820:0.558394;1587@703093368:0.823414;1048@2859534610:0.618278;1413@1460682604:0.672816;1472@1576689771:0.928905;1861@2978181921:0.957135;1430@1856766750:0.903356;1384@4221897921:0.304692;1829@818086681:0.944774;1635@3218849565:0.128392;1785@335794061:0.441674;1712@490313608:0.615448;1116@3743774310:0.669052;1010@4015616577:0.015669;1371@3988012459:0.848851;1381@2499529985:0.95263;1736@3528116029:0.802544;1206@3554846075:0.830558;1202@475093918:0.309662|67@0.776222,0.848631,0.052288,0.344116,0.557431,0.971614,0.974395,0.226885,0.831364,0.526436,0.371098;56@0.083141,0.279034,0.720761,0.642888,0.160188,0.044837,0.276445,0.565675,0.397509,0.656702,0.796218,0.771785;73@0.064712,0.826955;38@0.63842,0.963748,0.789736,0.179322,0.334189,0.985151,0.468497,0.35825,0.744957,0.871957;1@;14@0.563168,0.660693,0.921152,0.569456,0.055205,0.564019,0.664008,0.343917,0.568526;41@;32@0.916068,0.356956,0.004647,0.259698;70@0.264329,0.417072,0.891057,0.609;43@0.095586,0.241511,0.185163,0.725667,0.760669,0.042247,0.63496,0.841507,0.748604,0.14923,0.448168;65@0.18651,0.36531,0.046991,0.255607;20@0.676337,0.530263,0.910168,0.463825;40@0.830686,0.146562,0.473349;100@0.328981;37@0.113063,0.169906,0.63266,0.14548,0.60352,0.937746,0.254622,0.445228,0.701317,0.400686,0.343451,0.838235,0.00324;27@0.726823,0.249576,0.165175,0.250205,0.267571,0.544516,0.932488;92@0.429259,0.595973,0.998441,0.748466,0.211718;10@0.431151,0.520424,0.078009,0.678352,0.118588,0.511484,0.157453,0.855115,0.525399,0.261096,0.039988,0.912944;75@0.120047,0.065067,0.528956,0.311864,0.841782,0.023828,0.926832,0.190906,0.348669,0.646006;84@0.376814,0.325855,0.467482,0.646779,0.423726,0.79723,0.406371,0.335254,0.249081,0.844091,0.010165;82@0.742264;47@0.097018,0.184521,0.713263,0.746728,0.388969,0.800119,0.12101,0.055683,0.777711,0.630073,0.404842;9@0.480871,0.799058,0.216529,0.862451,0.621599,0.35639,0.674218,0.952245,0.159966,0.187058,0.939531;39@0.279338,0.490953,0.715043,0.138215,0.360046,0.392186,0.575529,0.710917,0.071325;88@0.279913,0.988526,0.023269,0.479068,0.210441,0.783337,0.219749;30@0.282963,0.90756,0.839297,0.892932,0.074634,0.326733,0.364316,0.717683,0.917592,0.458321|0|1762487393
I20251108 00:02:58.869731 139717798590272 data_text_parser.cc:116] beg_pos: 16549,end_pos: 18766
I20251108 00:02:58.869744 139717798590272 data_text_parser.cc:59] line: 684|46|1720@529082174:0.228501;1185@4035509363:0.466161;1587@3046711421:0.235877;1048@2502117765:0.951856;1413@4038318690:0.660514;1472@4124431260:0.263817;1861@2116329884:0.018711;1430@3221296357:0.403791;1384@3825278640:0.326936;1829@1179584128:0.043154;1635@3134713009:0.400681;1785@2352165238:0.216825;1712@3892619255:0.494477;1116@3753071667:0.105516;1010@3932138126:0.884181;1371@3771573199:0.269079;1381@560432328:0.241337;1736@2510541476:0.070618;1206@1121792984:0.296564;1202@869787393:0.956024|67@0.643695,0.06841,0.720608,0.024014,0.657894,0.691785,0.92681,0.314766,0.871226,0.194248,0.372209;56@0.079695,0.424897,0.595087,0.021256,0.787738,0.856793,0.342939,0.507083,0.485259,0.979874,0.479125,0.412757;73@0.064024,0.762268;38@0.64584,0.671691,0.390823,0.702373,0.001464,0.799516,0.081756,0.442523,0.107709,0.852911;1@;14@0.552903,0.193069,0.287447,0.185134,0.165844,0.665158,0.040309,0.960743,0.85807;41@;32@0.499775,0.055545,0.665476,0.187838;70@0.149371,0.68024,0.061404,0.708418;43@0.257021,0.693748,0.886423,0.443361,0.218039,0.24515,0.155259,0.182144,0.088894,0.365318,0.630668;65@0.791691,0.930158,0.415002,0.605753;20@0.117516,0.691699,0.80242,0.690696;40@0.814357,0.69304,0.280263;100@0.073327;37@0.897874,0.197299,0.527845,0.358226,0.24806,0.024868,0.157207,0.913898,0.80956,0.011424,0.899967,0.733648,0.760968;27@0.549285,0.072694,0.387197,0.932317,0.475005,0.791952,0.799205;92@0.160774,0.433098,0.935254,0.16312,0.324688;10@0.835571,0.271886,0.449538,0.308514,0.468791,0.851426,0.399419,0.813064,0.505707,0.47439,0.147577,0.363262;75@0.801428,0.944253,0.658739,0.991743,0.352996,0.729778,0.557898,0.892578,0.151706,0.187115;84@0.202615,0.181472,0.929655,0.511573,0.214794,0.379505,0.354941,0.677584,0.098635,0.926104,0.005817;82@0.174418;47@0.677576,0.077352,0.095328,0.544828,0.114984,0.855846,0.417027,0.154417,0.219344,0.013929,0.255585;9@0.221616,0.968095,0.959073,0.078412,0.803646,0.437065,0.806193,0.239039,0.018354,0.610665,0.684759;39@0.467475,0.812183,0.268392,0.153994,0.965661,0.462348,0.78973,0.985559,0.10326;88@0.003243,0.196168,0.136312,0.196364,0.568735,0.680671,0.503953;30@0.855529,0.493267,0.316283,0.743142,0.13397,0.58017,0.988757,0.436546,0.489451,0.592015|1|1762487393
I20251108 00:02:58.869776 139717798590272 data_text_parser.cc:116] beg_pos: 18767,end_pos: 20480
I20251108 00:02:58.870026 139717798590272 data_text_parser.cc:101] get chunk buffer, size: 20480
I20251108 00:02:58.870047 139717798590272 data_text_parser.cc:116] beg_pos: 0,end_pos: 494
I20251108 00:02:58.870055 139717798590272 data_text_parser.cc:61] buffer line: 685|41|1720@2133373530:0.382343;1185@619296287:0.970455;1587@1525117958:0.571128;1048@2872928720:0.547554;1413@3018160254:0.041869;1472@941354362:0.864345;1861@1463400144:0.319572;1430@3981366835:0.726896;1384@4074819954:0.06239;1829@776547392:0.489899;1635@1467606871:0.308472;1785@2152962173:0.797976;1712@76353554:0.327567;1116@3285510902:0.757661;1010@1028270398:0.032551;1371@1753410173:0.197751;1381@1059653251:0.215759;1736@95584906:0.725839;1206@1378586153:0.608382;1202@1330038521:0.257867|67@0.178074,0.898113,0.092793,0.716807,0.335564,0.274904,0.37421,0.821985,0.477638,0.329768,0.625321;56@0.615378,0.890519,0.290728,0.161688,0.363246,0.864443,0.881879,0.321069,0.487423,0.369212,0.78077,0.787858;73@0.867201,0.805656;38@0.282299,0.704515,0.386305,0.098996,0.246811,0.404175,0.914555,0.573286,0.935681,0.142871;1@;14@0.660828,0.219955,0.035792,0.591536,0.443432,0.622982,0.185961,0.447842,0.217495;41@;32@0.223258,0.549098,0.278371,0.696047;70@0.820434,0.925026,0.541807,0.057013;43@0.02734,0.014556,0.472242,0.440091,0.708861,0.60435,0.318327,0.891824,0.705058,0.918664,0.038213;65@0.35202,0.038362,0.181414,0.3579;20@0.781192,0.980899,0.569635,0.176524;40@0.293467,0.326531,0.160649;100@0.711929;37@0.015934,0.440033,0.665244,0.114998,0.700731,0.176432,0.612726,0.915447,0.24393,0.729913,0.583688,0.813301,0.261097;27@0.140865,0.858371,0.424222,0.640037,0.374363,0.299329,0.370599;92@0.325023,0.672797,0.434486,0.348041,0.265047;10@0.561159,0.487938,0.64857,0.971453,0.765546,0.567508,0.694437,0.785676,0.58671,0.844132,0.906042,0.846371;75@0.577798,0.907713,0.303945,0.364586,0.579671,0.35072,0.030424,0.936334,0.970297,0.329346;84@0.557864,0.83751,0.874131,0.781224,0.312006,0.041976,0.172285,0.335428,0.558168,0.620626,0.061727;82@0.378777;47@0.8269,0.608508,0.968339,0.904077,0.730984,0.947186,0.26333,0.073592,0.4331,0.720702,0.703068;9@0.394565,0.323206,0.600149,0.293595,0.759439,0.621478,0.770609,0.522503,0.053974,0.985462,0.778477;39@0.943297,0.57421,0.866162,0.034663,0.846795,0.993276,0.120542,0.301548,0.555868;88@0.785974,0.733634,0.197724,0.051845,0.656001,0.138213,0.987222;30@0.304112,0.007884,0.394981,0.513219,0.317705,0.778582,0.728243,0.17804,0.42665,0.59129|0|1762487393
I20251108 00:02:58.870087 139717798590272 data_text_parser.cc:116] beg_pos: 495,end_pos: 2696
I20251108 00:02:58.870099 139717798590272 data_text_parser.cc:59] line: 686|934|1720@2566066895:0.20584;1185@4247199080:0.385701;1587@2696737187:0.86364;1048@1497300123:0.435588;1413@187487879:0.740203;1472@773885196:0.8092;1861@3662806307:0.255926;1430@2821135893:0.450024;1384@3555020984:0.314779;1829@1505825534:0.548863;1635@40868346:0.275215;1785@945137614:0.735533;1712@935383930:0.126437;1116@3259497284:0.02385;1010@3989284977:0.379373;1371@2402588511:0.062039;1381@4059691867:0.269283;1736@3909765097:0.960311;1206@290117683:0.380333;1202@1877198964:0.438474|67@0.585124,0.051088,0.041211,0.547124,0.579647,0.274022,0.474773,0.384324,0.771619,0.544413,0.590312;56@0.022251,0.822342,0.53506,0.633256,0.831696,0.034579,0.738672,0.549419,0.466606,0.150268,0.81357,0.534255;73@0.167079,0.630873;38@0.979627,0.855685,0.758646,0.434172,0.921042,0.99996,0.062338,0.951226,0.70837,0.447358;1@;14@0.110647,0.608893,0.552862,0.549022,0.24701,0.317864,0.798963,0.23731,0.405036;41@;32@0.245225,0.563476,0.665658,0.197084;70@0.763048,0.863628,0.079234,0.733882;43@0.513421,0.530625,0.598308,0.46796,0.534365,0.222,0.018164,0.075823,0.895038,0.276602,0.240288;65@0.53674,0.475137,0.440652,0.256464;20@0.864798,0.995387,0.547891,0.063712;40@0.516294,0.980577,0.074778;100@0.983202;37@0.589355,0.374593,0.552492,0.81015,0.065396,0.497232,0.522354,0.497436,0.009143,0.382217,0.140055,0.154159,0.551533;27@0.603938,0.568112,0.231404,0.679804,0.863198,0.244339,0.337081;92@0.693609,0.990089,0.006873,0.721244,0.489604;10@0.591228,0.841902,0.242938,0.742916,0.182134,0.340145,0.962866,0.948889,0.566997,0.430488,0.848333,0.911631;75@0.811611,0.672953,0.286711,0.933083,0.912788,0.2099,0.475944,0.616348,0.16674,0.264001;84@0.679308,0.447353,0.86361,0.549803,0.447351,0.16499,0.592445,0.847393,0.547876,0.487939,0.503296;82@0.190895;47@0.36058,0.256906,0.499635,0.065457,0.522504,0.411969,0.054072,0.122595,0.097859,0.711553,0.789289;9@0.635646,0.12781,0.178912,0.2306,0.114108,0.147842,0.610143,0.842818,0.652897,0.768742,0.057294;39@0.022028,0.174794,0.952247,0.922607,0.556193,0.120821,0.230495,0.753488,0.153333;88@0.376622,0.000266,0.8884,0.759947,0.336729,0.331142,0.900365;30@0.969464,0.71037,0.029019,0.494169,0.598189,0.389631,0.103743,0.968024,0.004037,0.186863|1|1762487393
I20251108 00:02:58.870140 139717798590272 data_text_parser.cc:116] beg_pos: 2697,end_pos: 4909
I20251108 00:02:58.870152 139717798590272 data_text_parser.cc:59] line: 687|80|1720@2416698963:0.855317;1185@1349862578:0.674292;1587@2530316739:0.581323;1048@4160794934:0.762415;1413@2575210767:0.007953;1472@2166930694:0.670232;1861@3155586340:0.023567;1430@3071695572:0.221611;1384@2174401493:0.534141;1829@3897314138:0.231624;1635@1663086804:0.21436;1785@1617059835:0.397244;1712@1376615061:0.892771;1116@4171237616:0.352771;1010@1233476100:0.983465;1371@4212452205:0.659738;1381@3715483405:0.185417;1736@1489936558:0.786949;1206@267994142:0.560763;1202@3298328778:0.154328|67@0.830957,0.22234,0.279071,0.782,0.231309,0.565138,0.575664,0.276483,0.810794,0.289735,0.050914;56@0.442002,0.435554,0.229374,0.127649,0.555669,0.825543,0.777543,0.506543,0.468358,0.693744,0.060696,0.200078;73@0.475075,0.289555;38@0.162643,0.570206,0.274429,0.125278,0.79333,0.875978,0.52565,0.789432,0.605622,0.74362;1@;14@0.760633,0.028811,0.834702,0.90027,0.165361,0.70584,0.979263,0.523548,0.483537;41@;32@0.691554,0.069099,0.190258,0.669296;70@0.278451,0.895446,0.674018,0.924101;43@0.964662,0.921175,0.057199,0.220081,0.677935,0.544146,0.149448,0.366406,0.869894,0.572646,0.582582;65@0.284962,0.85879,0.036713,0.750566;20@0.098837,0.972391,0.653715,0.373982;40@0.202745,0.858229,0.55474;100@0.410648;37@0.892946,0.331738,0.058673,0.976796,0.432385,0.446202,0.909902,0.526812,0.003642,0.58319,0.655298,0.779841,0.83996;27@0.555368,0.498539,0.313937,0.848001,0.067715,0.291268,0.510407;92@0.870947,0.79371,0.961324,0.2309,0.587652;10@0.441834,0.15648,0.505285,0.747793,0.680544,0.866089,0.231348,0.335043,0.072094,0.479056,0.461897,0.796386;75@0.904383,0.281308,0.785376,0.57485,0.819693,0.691613,0.657347,0.338455,0.123069,0.455099;84@0.755334,0.268718,0.773906,0.822342,0.556761,0.830799,0.053887,0.429652,0.439809,0.978137,0.668899;82@0.584359;47@0.490893,0.959512,0.002339,0.462116,0.754639,0.586194,0.526917,0.45548,0.291932,0.533089,0.281897;9@0.956561,0.590683,0.787494,0.574328,0.492212,0.299301,0.48642,0.443676,0.198534,0.302057,0.491719;39@0.233722,0.846057,0.52233,0.984278,0.748087,0.215344,0.504282,0.383412,0.712585;88@0.048621,0.974277,0.703142,0.44837,0.868119,0.309522,0.528035;30@0.193196,0.101475,0.756504,0.629861,0.967172,0.401059,0.762066,0.996659,0.248383,0.958462|0|1762487393
I20251108 00:02:58.870188 139717798590272 data_text_parser.cc:116] beg_pos: 4910,end_pos: 7122
I20251108 00:02:58.870200 139717798590272 data_text_parser.cc:59] line: 688|934|1720@2351151640:0.254033;1185@2475376669:0.563732;1587@1049298942:0.03755;1048@55183953:0.370346;1413@4092796107:0.019431;1472@4074655253:0.601807;1861@3745950055:0.95814;1430@3890120964:0.415317;1384@2040283657:0.937774;1829@3006429162:0.644945;1635@1237581040:0.698451;1785@3273998610:0.599658;1712@3904498977:0.778655;1116@494790646:0.02781;1010@4111494342:0.053169;1371@2350240695:0.000675;1381@1266651984:0.317048;1736@3685200176:0.475555;1206@1985833871:0.621625;1202@2825783584:0.881013|67@0.624941,0.872747,0.505014,0.325897,0.287698,0.680606,0.280066,0.720683,0.270123,0.418604,0.541907;56@0.774695,0.862752,0.79327,0.455744,0.023641,0.953969,0.357973,0.533399,0.818939,0.76834,0.205578,0.961375;73@0.560843,0.735068;38@0.567225,0.731212,0.052276,0.65837,0.667858,0.946043,0.004373,0.583111,0.932238,0.813246;1@;14@0.635039,0.23366,0.244219,0.62441,0.288419,0.340074,0.465144,0.406777,0.497783;41@;32@0.722831,0.853622,0.899254,0.724419;70@0.750886,0.603875,0.175479,0.682525;43@0.282217,0.927922,0.538728,0.05578,0.641059,0.41067,0.437372,0.494213,0.848704,0.212062,0.126975;65@0.281357,0.321115,0.729564,0.025432;20@0.775192,0.284815,0.013334,0.636111;40@0.600048,0.929833,0.60492;100@0.451804;37@0.697559,0.128273,0.72091,0.389806,0.446374,0.020384,0.621215,0.981097,0.894429,0.919708,0.32663,0.384404,0.862308;27@0.48604,0.296132,0.265695,0.735294,0.255651,0.78834,0.234725;92@0.791128,0.400385,0.976454,0.360757,0.881704;10@0.867758,0.765972,0.15942,0.360383,0.282448,0.913476,0.602427,0.967008,0.30554,0.443468,0.622218,0.303525;75@0.761829,0.119988,0.852471,0.455909,0.338788,0.821682,0.418634,0.451802,0.969663,0.840689;84@0.304451,0.999264,0.419876,0.597629,0.073824,0.637464,0.444901,0.102127,0.188827,0.844157,0.229776;82@0.695395;47@0.378772,0.430126,0.67769,0.858968,0.991586,0.310826,0.52482,0.968252,0.476756,0.595615,0.013487;9@0.251044,0.247041,0.379659,0.286456,0.624203,0.895024,0.266025,0.278847,0.703297,0.345306,0.591022;39@0.127902,0.544076,0.130754,0.161013,0.16991,0.470662,0.534946,0.27753,0.847295;88@0.563318,0.035926,0.760054,0.230107,0.288383,0.957342,0.778473;30@0.350597,0.571881,0.393011,0.454409,0.426911,0.624704,0.670991,0.795399,0.265823,0.23802|1|1762487393
I20251108 00:02:58.870239 139717798590272 data_text_parser.cc:116] beg_pos: 7123,end_pos: 9326
I20251108 00:02:58.870253 139717798590272 data_text_parser.cc:59] line: 689|551|1720@562966790:0.001855;1185@3140762842:0.80045;1587@3713776499:0.08347;1048@354143005:0.726116;1413@1578898086:0.844999;1472@966579069:0.799253;1861@3191648882:0.224854;1430@779144579:0.483212;1384@2039179821:0.593717;1829@4241208099:0.071854;1635@335844575:0.886438;1785@2125208343:0.123741;1712@257531173:0.162521;1116@3635687113:0.667974;1010@3924401040:0.509425;1371@2644046346:0.539599;1381@3394983326:0.471918;1736@3804452109:0.482357;1206@1992847693:0.665737;1202@2017836771:0.49736|67@0.016504,0.32673,0.9932,0.002776,0.750824,0.24772,0.881219,0.903462,0.53794,0.054121,0.931954;56@0.84307,0.530336,0.494877,0.416386,0.18621,0.35959,0.95143,0.915955,0.39392,0.189956,0.046636,0.738041;73@0.909184,0.485382;38@0.436513,0.779349,0.745092,0.404335,0.168326,0.656419,0.599218,0.928179,0.24156,0.318072;1@;14@0.415761,0.336839,0.681321,0.443765,0.796675,0.36683,0.872483,0.157343,0.969095;41@;32@0.784012,0.351351,0.454416,0.066394;70@0.968914,0.837398,0.980843,0.933787;43@0.106381,0.258298,0.806008,0.590311,0.166179,0.813525,0.302072,0.624051,0.450091,0.60934,0.80335;65@0.426683,0.588919,0.166746,0.253819;20@0.457905,0.737885,0.624601,0.673197;40@0.300103,0.138122,0.311151;100@0.199763;37@0.471296,0.007673,0.535796,0.125965,0.925394,0.328157,0.265607,0.045688,0.308441,0.484844,0.92984,0.97781,0.997674;27@0.610207,0.489692,0.116057,0.838536,0.107408,0.645522,0.991477;92@0.174684,0.086283,0.842171,0.188718,0.649921;10@0.240318,0.470861,0.058678,0.625238,0.68465,0.575658,0.266362,0.222306,0.808558,0.467303,0.844049,0.895947;75@0.388379,0.814805,0.01113,0.892179,0.777052,0.650744,0.232232,0.631116,0.758793,0.168216;84@0.64961,0.004966,0.520104,0.399941,0.33404,0.996161,0.103721,0.521886,0.181533,0.875067,0.024324;82@0.590644;47@0.089989,0.701561,0.470756,0.447745,0.883422,0.456032,0.053208,0.575157,0.616629,0.384549,0.937611;9@0.472515,0.402755,0.533273,0.485253,0.430854,0.208721,0.916859,0.344693,0.618814,0.486,0.418259;39@0.198491,0.911083,0.328296,0.42475,0.084642,0.082053,0.84781,0.871174,0.418619;88@0.915509,0.892935,0.550488,0.499036,0.801268,0.830367,0.227723;30@0.667838,0.414073,0.683198,0.175586,0.410188,0.600558,0.135445,0.356696,0.677356,0.904632|1|1762487393
I20251108 00:02:58.870288 139717798590272 data_text_parser.cc:116] beg_pos: 9327,end_pos: 11540
I20251108 00:02:58.870301 139717798590272 data_text_parser.cc:59] line: 690|778|1720@4187099175:0.434463;1185@1179489375:0.404808;1587@3556958425:0.108113;1048@3764085259:0.542476;1413@87171496:0.967287;1472@1895918746:0.721687;1861@632748084:0.026369;1430@3660762217:0.409815;1384@3019979384:0.052711;1829@3060462454:0.047097;1635@3884554469:0.983845;1785@1316576365:0.985395;1712@1134115470:0.834252;1116@1134619033:0.626791;1010@2663371235:0.194581;1371@2989076961:0.315153;1381@3596825332:0.451164;1736@795052852:0.133231;1206@3821643355:0.10752;1202@4033585616:0.976494|67@0.258788,0.097186,0.539597,0.320112,0.394211,0.217339,0.609945,0.239797,0.816245,0.354708,0.516403;56@0.88115,0.279141,0.122844,0.410359,0.675279,0.625323,0.674212,0.674616,0.085871,0.228736,0.186421,0.175105;73@0.616414,0.91085;38@0.559634,0.36805,0.701888,0.905708,0.526532,0.168784,0.713205,0.813439,0.540147,0.265977;1@;14@0.104128,0.242863,0.405405,0.109333,0.998132,0.055817,0.692974,0.200148,0.911522;41@;32@0.715322,0.842646,0.563025,0.29348;70@0.235946,0.026555,0.104338,0.757479;43@0.49742,0.232632,0.746328,0.966739,0.981245,0.88329,0.068602,0.181262,0.836384,0.778042,0.344584;65@0.305283,0.419286,0.710317,0.054628;20@0.46142,0.973289,0.267634,0.71564;40@0.714548,0.593739,0.520601;100@0.268654;37@0.936468,0.14889,0.345101,0.399572,0.659785,0.521763,0.26925,0.770657,0.574049,0.951344,0.969458,0.020796,0.615524;27@0.243047,0.987516,0.024155,0.875594,0.984705,0.310638,0.51281;92@0.938128,0.804968,0.241398,0.273963,0.65481;10@0.037755,0.031358,0.02861,0.413356,0.378374,0.531923,0.267915,0.043102,0.275774,0.975884,0.925866,0.463066;75@0.938446,0.425286,0.244649,0.671733,0.607312,0.198759,0.718331,0.552355,0.757513,0.773513;84@0.706577,0.978111,0.618975,0.226514,0.847694,0.511145,0.48175,0.697442,0.164467,0.168582,0.791542;82@0.710187;47@0.163811,0.790712,0.801764,0.708591,0.316619,0.991095,0.65843,0.551817,0.435524,0.465938,0.52997;9@0.525482,0.844725,0.506817,0.988058,0.227209,0.452958,0.00594,0.634566,0.263993,0.687745,0.765219;39@0.471041,0.61968,0.481136,0.639349,0.890499,0.172637,0.32639,0.856344,0.391113;88@0.746985,0.334294,0.393987,0.448279,0.372046,0.582963,0.136532;30@0.632698,0.251473,0.491794,0.197736,0.738545,0.917034,0.522386,0.285366,0.840568,0.575269|0|1762487393
I20251108 00:02:58.870338 139717798590272 data_text_parser.cc:116] beg_pos: 11541,end_pos: 13756
I20251108 00:02:58.870351 139717798590272 data_text_parser.cc:59] line: 691|439|1720@1265233644:0.934562;1185@2840920732:0.580405;1587@1827363858:0.269588;1048@3134116611:0.540365;1413@4016004946:0.981803;1472@1726477078:0.707202;1861@964210868:0.563212;1430@668807746:0.429803;1384@1863120572:0.666063;1829@464268646:0.835403;1635@606291083:0.223494;1785@3381875177:0.051717;1712@894790964:0.060576;1116@1605657686:0.939953;1010@3466980238:0.624122;1371@3815376179:0.554688;1381@234875076:0.34864;1736@3180298835:0.543114;1206@177360798:0.641729;1202@4127615685:0.004028|67@0.686147,0.251973,0.152088,0.334554,0.366055,0.052011,0.968737,0.101382,0.086021,0.377296,0.802203;56@0.373837,0.443905,0.244434,0.924451,0.36097,0.895631,0.676249,0.60515,0.112879,0.755986,0.631782,0.352755;73@0.050357,0.084649;38@0.662281,0.755173,0.775013,0.626359,0.919883,0.225371,0.827621,0.395663,0.414833,0.322725;1@;14@0.010948,0.879072,0.812359,0.116253,0.373948,0.265935,0.19538,0.091514,0.558037;41@;32@0.688651,0.746047,0.908416,0.879071;70@0.875609,0.294953,0.281147,0.443254;43@0.598013,0.96388,0.402066,0.91069,0.315805,0.872106,0.699914,0.344781,0.848307,0.45092,0.924195;65@0.534763,0.525691,0.011342,0.643017;20@0.228932,0.506199,0.461345,0.429987;40@0.715685,0.39486,0.89078;100@0.733104;37@0.543866,0.468387,0.315004,0.472099,0.169104,0.392912,0.546709,0.690894,0.779212,0.553213,0.047534,0.959861,0.055961;27@0.696696,0.115969,0.938469,0.431115,0.470916,0.13167,0.956011;92@0.144056,0.035176,0.413366,0.457396,0.702485;10@0.514449,0.128566,0.166284,0.276467,0.726337,0.987855,0.934802,0.147042,0.773984,0.257047,0.963163,0.771008;75@0.362621,0.747702,0.191312,0.022617,0.665095,0.490226,0.55271,0.042239,0.810285,0.901062;84@0.983215,0.770162,0.24792,0.503742,0.538107,0.437025,0.875443,0.634809,0.231724,0.512077,0.331383;82@0.4102;47@0.207601,0.389528,0.13844,0.249019,0.455822,0.805102,0.881925,0.430712,0.974052,0.158312,0.440584;9@0.530794,0.034566,0.482775,0.534084,0.173263,0.816333,0.803687,0.198236,0.757815,0.714624,0.433512;39@0.792222,0.516692,0.506094,0.301608,0.873512,0.145526,0.077447,0.564661,0.780061;88@0.338929,0.617976,0.103887,0.829057,0.877889,0.119639,0.517533;30@0.115361,0.752593,0.239129,0.289787,0.726179,0.812163,0.967242,0.873362,0.247479,0.529007|1|1762487393
I20251108 00:02:58.870391 139717798590272 data_text_parser.cc:116] beg_pos: 13757,end_pos: 15971
I20251108 00:02:58.870404 139717798590272 data_text_parser.cc:59] line: 692|411|1720@1965448764:0.034521;1185@2556908430:0.896253;1587@891134568:0.472579;1048@3442613856:0.971764;1413@1748352120:0.339713;1472@435832943:0.989628;1861@193198702:0.515632;1430@2197120262:0.537888;1384@4181023177:0.054832;1829@3300209120:0.955135;1635@2927349006:0.326424;1785@3060462454:0.420436;1712@2367336487:0.061256;1116@2003078233:0.292384;1010@943255672:0.302144;1371@4233661784:0.158665;1381@588814272:0.272663;1736@1137867578:0.772299;1206@751510706:0.789892;1202@674400963:0.493662|67@0.697882,0.314287,0.353006,0.58926,0.048026,0.490812,0.612289,0.234104,0.787846,0.101488,0.456447;56@0.581739,0.905232,0.82726,0.108546,0.256591,0.602489,0.256869,0.342992,0.166847,0.186554,0.466638,0.648641;73@0.604547,0.314456;38@0.998435,0.729664,0.740186,0.924976,0.626218,0.053738,0.968254,0.147107,0.593392,0.799556;1@;14@0.059391,0.908806,0.063949,0.553151,0.535973,0.575611,0.837464,0.313087,0.666813;41@;32@0.904371,0.426888,0.823858,0.587258;70@0.155141,0.236141,0.815942,0.991352;43@0.639271,0.821444,0.076805,0.09786,0.072139,0.038785,0.291056,0.889722,0.915462,0.632598,0.830654;65@0.115941,0.313291,0.949801,0.065698;20@0.568441,0.725583,0.900486,0.90347;40@0.043358,0.468992,0.092448;100@0.150728;37@0.656082,0.341626,0.326728,0.703689,0.885345,0.014843,0.788321,0.141822,0.689845,0.658039,0.997699,0.129726,0.072645;27@0.970107,0.752763,0.522649,0.521424,0.927723,0.334559,0.962058;92@0.947576,0.779897,0.565389,0.410463,0.413847;10@0.059983,0.911392,0.853555,0.463814,0.964987,0.8804,0.95788,0.825799,0.356943,0.711995,0.56059,0.499988;75@0.133953,0.36491,0.701707,0.060359,0.223031,0.281284,0.614482,0.852911,0.528761,0.230919;84@0.900075,0.962326,0.531893,0.375941,0.364164,0.539477,0.074887,0.843524,0.666498,0.699846,0.226011;82@0.675558;47@0.333766,0.952641,0.094815,0.600377,0.109005,0.952029,0.27252,0.803769,0.622692,0.561024,0.952922;9@0.550534,0.816445,0.842361,0.244686,0.898016,0.750705,0.098447,0.707825,0.864791,0.0824,0.240386;39@0.981673,0.046572,0.130013,0.93395,0.83988,0.614374,0.692072,0.229322,0.079327;88@0.776613,0.649817,0.046051,0.06375,0.913776,0.283721,0.355067;30@0.883607,0.451559,0.857451,0.366383,0.511811,0.582508,0.960527,0.964986,0.83962,0.330045|1|1762487393
I20251108 00:02:58.870435 139717798590272 data_text_parser.cc:116] beg_pos: 15972,end_pos: 18188
I20251108 00:02:58.870448 139717798590272 data_text_parser.cc:59] line: 693|567|1720@1481063566:0.576182;1185@3627066913:0.619239;1587@3936502232:0.42419;1048@633449236:0.968934;1413@1468162071:0.018722;1472@1186565002:0.526617;1861@1316712292:0.240572;1430@229617862:0.378164;1384@1740258144:0.628294;1829@1559962102:0.846885;1635@928173820:0.685195;1785@2364066937:0.409504;1712@2757468601:0.526497;1116@4262565716:0.450221;1010@1836008557:0.467424;1371@765632468:0.549093;1381@1164109574:0.348764;1736@2178781780:0.554483;1206@2127133878:0.18981;1202@267430915:0.025203|67@0.37197,0.702542,0.424277,0.191514,0.802181,0.554952,0.861174,0.048158,0.46656,0.805238,0.599642;56@0.614236,0.001239,0.567641,0.161892,0.052014,0.507177,0.678907,0.658798,0.080237,0.474265,0.652549,0.14603;73@0.624621,0.362598;38@0.733275,0.134154,0.161634,0.249926,0.813404,0.725035,0.842729,0.550958,0.658249,0.683316;1@;14@0.410084,0.703343,0.224528,0.766157,0.373275,0.929435,0.604461,0.663847,0.060674;41@;32@0.1716,0.646491,0.940687,0.139569;70@0.222511,0.532472,0.683701,0.02679;43@0.920337,0.289685,0.282097,0.074471,0.106614,0.557327,0.628273,0.345525,0.718832,0.214477,0.632252;65@0.940392,0.181108,0.42553,0.258965;20@0.967368,0.762076,0.875694,0.029668;40@0.997006,0.230711,0.575375;100@0.660331;37@0.877246,0.243819,0.598307,0.339718,0.767416,0.038547,0.766723,0.411748,0.265231,0.041907,0.413503,0.122863,0.154913;27@0.773615,0.294132,0.654482,0.217059,0.684963,0.093623,0.707488;92@0.070332,0.127529,0.504543,0.836985,0.202457;10@0.958148,0.989006,0.229886,0.062245,0.815918,0.380529,0.877145,0.630459,0.25877,0.814969,0.734949,0.757887;75@0.248636,0.421834,0.334763,0.697464,0.690139,0.423065,0.746256,0.502073,0.049227,0.869763;84@0.699003,0.997471,0.488585,0.482248,0.849935,0.433719,0.91479,0.380109,0.477152,0.024863,0.132501;82@0.981442;47@0.240764,0.996154,0.464886,0.153012,0.187857,0.727178,0.529248,0.214264,0.37456,0.137732,0.062627;9@0.677473,0.538187,0.278465,0.351325,0.699331,0.16625,0.369338,0.576733,0.937175,0.889186,0.290866;39@0.118437,0.30112,0.857299,0.576808,0.09533,0.600256,0.803015,0.401219,0.347782;88@0.268629,0.497319,0.720739,0.628372,0.700782,0.540297,0.154002;30@0.450369,0.722874,0.703603,0.518884,0.53722,0.122008,0.442548,0.347084,0.081862,0.386478|0|1762487393
I20251108 00:02:58.870489 139717798590272 data_text_parser.cc:116] beg_pos: 18189,end_pos: 20392
I20251108 00:02:58.870502 139717798590272 data_text_parser.cc:59] line: 694|792|1720@423785485:0.957722;1185@2047090240:0.50996;1587@3066275764:0.17081;1048@2102976933:0.28806;1413@1987267463:0.746388;1472@1653648071:0.679227;1861@644613695:0.664948;1430@1226464274:0.198519;1384@534492573:0.583918;1829@918883628:0.142694;1635@3529083776:0.895416;1785@3765157546:0.8521;1712@151489820:0.905249;1116@2268062648:0.932507;1010@180910012:0.117239;1371@2060345293:0.507527;1381@2751465411:0.828729;1736@3348338274:0.443234;1206@854955787:0.071062;1202@380649756:0.516587|67@0.603857,0.943051,0.400687,0.442792,0.571703,0.871369,0.774434,0.77306,0.181017,0.853163,0.859045;56@0.110857,0.7744,0.653881,0.728388,0.083108,0.242968,0.79003,0.549686,0.886491,0.007194,0.364721,0.935336;73@0.287852,0.330601;38@0.260323,0.180216,0.261776,0.73912,0.900624,0.858419,0.607719,0.524526,0.731464,0.530718;1@;14@0.243961,0.025444,0.617634,0.59761,0.781315,0.25863,0.433737,0.037719,0.516196;41@;32@0.76993,0.147629,0.021335,0.586637;70@0.418372,0.72092,0.849163,0.222571;43@0.600537,0.31836,0.172455,0.122496,0.474386,0.238832,0.850369,0.312764,0.396483,0.770851,0.86805;65@0.134326,0.097381,0.045851,0.098247;20@0.965817,0.947155,0.724932,0.578367;40@0.673764,0.632107,0.15469;100@0.653783;37@0.457083,0.977786,0.21888,0.796094,0.818911,0.126501,0.637953,0.480036,0.077889,0.61758,0.996349,0.721673,0.994814;27@0.042082,0.380309,0.863389,0.216796,0.462165,0.813906,0.135886;92@0.672631,0.797243,0.71033,0.188758,0.594871;10@0.724061,0.790779,0.860637,0.616901,0.423725,0.146476,0.137824,0.528579,0.783549,0.67343,0.963545,0.323566;75@0.629619,0.171163,0.957169,0.586742,0.36417,0.920604,0.267535,0.905301,0.487156,0.806269;84@0.131714,0.892704,0.40672,0.052057,0.532982,0.370517,0.259599,0.93253,0.808177,0.596729,0.577733;82@0.837209;47@0.566565,0.024534,0.785908,0.614545,0.611794,0.760274,0.312068,0.447061,0.968274,0.797867,0.360783;9@0.083613,0.161409,0.077559,0.465366,0.37863,0.162221,0.817525,0.306846,0.500809,0.581139,0.465795;39@0.058168,0.378906,0.279437,0.489339,0.10584,0.188336,0.603752,0.007041,0.783091;88@0.038825,0.126265,0.163686,0.829321,0.702731,0.128409,0.263389;30@0.742544,0.342549,0.440487,0.620466,0.019861,0.178531,0.189617,0.868191,0.190822,0.415197|0|1762487393
I20251108 00:02:58.870529 139717798590272 data_text_parser.cc:116] beg_pos: 20393,end_pos: 20480
I20251108 00:02:58.870796 139717798590272 data_text_parser.cc:101] get chunk buffer, size: 20480
I20251108 00:02:58.870824 139717798590272 data_text_parser.cc:116] beg_pos: 0,end_pos: 2122
I20251108 00:02:58.870832 139717798590272 data_text_parser.cc:61] buffer line: 695|967|1720@278219183:0.136351;1185@1179584128:0.324947;1587@1807449625:0.289641;1048@3403233365:0.227791;1413@4070255235:0.44063;1472@1619044581:0.024929;1861@4236650813:0.853189;1430@4070255235:0.469159;1384@2207937337:0.604896;1829@3988012459:0.571323;1635@1823286622:0.879114;1785@4086749087:0.21956;1712@1295952612:0.387356;1116@2253179642:0.26668;1010@2388967739:0.766435;1371@876170248:0.233378;1381@2737675823:0.781512;1736@781376349:0.676307;1206@2566211855:0.597296;1202@3517432274:0.489204|67@0.935325,0.27108,0.053317,0.518738,0.236608,0.807134,0.840339,0.997037,0.314448,0.43507,0.709377;56@0.744892,0.986682,0.84483,0.455589,0.986204,0.662208,0.144048,0.179804,0.485919,0.149194,0.411971,0.753273;73@0.481828,0.528581;38@0.181574,0.319727,0.58179,0.29834,0.255193,0.63101,0.553864,0.342767,0.427983,0.556304;1@;14@0.006265,0.427604,0.497448,0.705145,0.791462,0.854812,0.903648,0.72609,0.717074;41@;32@0.967611,0.958666,0.124233,0.623567;70@0.312294,0.077113,0.773391,0.894343;43@0.83126,0.832408,0.900078,0.01476,0.056932,0.943149,0.902693,0.467193,0.005481,0.895855,0.595439;65@0.159466,0.495786,0.210823,0.858982;20@0.906181,0.104743,0.728426,0.509587;40@0.71481,0.695522,0.991935;100@0.710321;37@0.333194,0.711285,0.751517,0.725692,0.084748,0.307376,0.68745,0.195843,0.802092,0.303962,0.95151,0.022785,0.610123;27@0.943276,0.649245,0.159685,0.930623,0.871864,0.208352,0.982331;92@0.995985,0.697668,0.135715,0.439855,0.531338;10@0.42633,0.713574,0.248336,0.925222,0.75311,0.54329,0.554075,0.638402,0.592225,0.395067,0.707266,0.638021;75@0.802931,0.814346,0.818931,0.150172,0.245767,0.090569,0.39787,0.2674,0.731287,0.98896;84@0.644582,0.218475,0.865872,0.934391,0.070789,0.65986,0.307295,0.100635,0.828479,0.788408,0.394794;82@0.847586;47@0.090052,0.548318,0.906245,0.469645,0.760765,0.994192,0.295356,0.076167,0.353153,0.368725,0.191738;9@0.580759,0.47274,0.429802,0.695542,0.003471,0.021526,0.575771,0.507751,0.575766,0.889685,0.951428;39@0.851794,0.449788,0.436615,0.959968,0.454632,0.238197,0.688198,0.691076,0.24689;88@0.941106,0.037988,0.378297,0.763621,0.028182,0.274886,0.311746;30@0.037318,0.778485,0.333664,0.382511,0.511535,0.171495,0.458392,0.883612,0.378039,0.521559|0|1762487393
I20251108 00:02:58.870876 139717798590272 data_text_parser.cc:116] beg_pos: 2123,end_pos: 4332
I20251108 00:02:58.870889 139717798590272 data_text_parser.cc:59] line: 696|596|1720@2958592136:0.554333;1185@153972685:0.983582;1587@4067316514:0.914275;1048@4129133486:0.048158;1413@4090683452:0.892794;1472@4069865944:0.334847;1861@3119463221:0.652002;1430@1946153181:0.513144;1384@3685218401:0.652874;1829@3100628286:0.636721;1635@3935746716:0.469745;1785@2771401268:0.584999;1712@1694317507:0.581745;1116@1617059835:0.872063;1010@1031511448:0.948558;1371@302240353:0.894922;1381@1130214277:0.828804;1736@151725970:0.52468;1206@846743230:0.985233;1202@3501327764:0.520849|67@0.052004,0.399357,0.429644,0.739194,0.469183,0.989125,0.454793,0.619068,0.915266,0.648975,0.020968;56@0.916742,0.46334,0.633372,0.848099,0.883648,0.782337,0.25632,0.080191,0.342602,0.252791,0.128323,0.192763;73@0.009205,0.683104;38@0.843864,0.029797,0.385467,0.553266,0.317064,0.795039,0.384941,0.140863,0.28655,0.110221;1@;14@0.753576,0.502029,0.342372,0.790754,0.984889,0.330006,0.536142,0.444605,0.599096;41@;32@0.506629,0.116178,0.035199,0.643115;70@0.638462,0.622986,0.646677,0.71408;43@0.542662,0.737245,0.626108,0.65019,0.754896,0.013555,0.636132,0.650809,0.872989,0.659064,0.964472;65@0.477938,0.355756,0.126468,0.372848;20@0.345705,0.987699,0.050929,0.927966;40@0.500003,0.633585,0.310498;100@0.076632;37@0.435114,0.368751,0.40466,0.129969,0.539358,0.710956,0.829805,0.521566,0.785156,0.218592,0.1376,0.192093,0.73125;27@0.741215,0.212423,0.54419,0.606951,0.988284,0.747631,0.49913;92@0.98458,0.038602,0.852504,0.387149,0.983336;10@0.325915,0.378063,0.640681,0.102291,0.709362,0.022818,0.419881,0.954405,0.05508,0.448856,0.805129,0.877092;75@0.209205,0.756384,0.086434,0.298918,0.6375,0.453658,0.358435,0.05598,0.746765,0.195449;84@0.359074,0.727336,0.534958,0.62761,0.982914,0.811283,0.493159,0.632105,0.985582,0.787969,0.282118;82@0.391591;47@0.785543,0.150528,0.650917,0.355936,0.350984,0.502553,0.728114,0.986296,0.52204,0.715384,0.512242;9@0.59419,0.825377,0.43747,0.856531,0.245422,0.193867,0.49573,0.543728,0.0415,0.938061,0.647772;39@0.567785,0.188555,0.009288,0.534766,0.254549,0.362557,0.105823,0.450975,0.870252;88@0.846671,0.694525,0.492514,0.433367,0.960319,0.372528,0.731549;30@0.085659,0.917098,0.824734,0.755642,0.531686,0.809556,0.968902,0.552161,0.948151,0.519659|1|1762487393
I20251108 00:02:58.870930 139717798590272 data_text_parser.cc:116] beg_pos: 4333,end_pos: 6549
I20251108 00:02:58.870943 139717798590272 data_text_parser.cc:59] line: 697|502|1720@2850568070:0.282308;1185@1991102910:0.747048;1587@725352238:0.970246;1048@1497523500:0.823385;1413@3319949328:0.911118;1472@2489824579:0.22117;1861@2837315958:0.269818;1430@296375594:0.804015;1384@3279808979:0.855481;1829@646576759:0.601071;1635@2174339186:0.298703;1785@2759270963:0.52979;1712@3931295954:0.874291;1116@4219763724:0.285864;1010@3193441415:0.130347;1371@2949220323:0.027196;1381@1379257757:0.108018;1736@1815696125:0.127698;1206@2620285793:0.765327;1202@2825227259:0.898776|67@0.07803,0.735827,0.108952,0.994666,0.157824,0.717329,0.870538,0.893087,0.261628,0.979367,0.793756;56@0.170962,0.310873,0.085083,0.310557,0.087975,0.10548,0.793427,0.722709,0.185158,0.769525,0.856438,0.89518;73@0.010907,0.909741;38@0.628519,0.231096,0.176794,0.397359,0.879291,0.022925,0.744128,0.679907,0.426736,0.058256;1@;14@0.325177,0.67924,0.429258,0.586958,0.342099,0.606381,0.938099,0.137235,0.244572;41@;32@0.578987,0.706789,0.659538,0.109228;70@0.985934,0.76603,0.244288,0.32828;43@0.958101,0.321515,0.485232,0.730494,0.795729,0.449711,0.826583,0.698912,0.866014,0.036736,0.077823;65@0.915288,0.206727,0.437034,0.645623;20@0.935924,0.354878,0.834715,0.966597;40@0.872485,0.688983,0.421244;100@0.959525;37@0.549024,0.564724,0.937497,0.159944,0.043876,0.712869,0.064983,0.757541,0.044568,0.383841,0.873131,0.464887,0.673724;27@0.986297,0.167347,0.580615,0.168912,0.904813,0.644138,0.315187;92@0.339422,0.614678,0.478897,0.123923,0.627347;10@0.048745,0.239836,0.562073,0.968229,0.000776,0.310747,0.212557,0.969144,0.625869,0.993545,0.779778,0.055659;75@0.10727,0.628413,0.97098,0.271642,0.587387,0.912094,0.669589,0.865281,0.343774,0.679115;84@0.913403,0.809769,0.943149,0.386853,0.600586,0.138451,0.967728,0.155278,0.496331,0.776581,0.062824;82@0.661973;47@0.063583,0.862082,0.144915,0.269212,0.929266,0.86816,0.654401,0.13149,0.258438,0.084328,0.939126;9@0.681271,0.769227,0.147343,0.168856,0.745546,0.679341,0.697262,0.255677,0.139151,0.387047,0.605869;39@0.022601,0.931961,0.00517,0.117561,0.660533,0.805844,0.768899,0.087061,0.63179;88@0.012698,0.85907,0.855017,0.500037,0.986745,0.960302,0.60595;30@0.928443,0.161769,0.453083,0.66197,0.565327,0.779976,0.576375,0.827064,0.90468,0.601016|1|1762487393
I20251108 00:02:58.870974 139717798590272 data_text_parser.cc:116] beg_pos: 6550,end_pos: 8761
I20251108 00:02:58.870986 139717798590272 data_text_parser.cc:59] line: 698|974|1720@4146241769:0.298009;1185@1482122106:0.548146;1587@2210111299:0.881727;1048@307113807:0.075989;1413@3558375853:0.929569;1472@3097966878:0.087663;1861@1280002060:0.337005;1430@1138375486:0.73886;1384@1694252563:0.905714;1829@155901561:0.997318;1635@3706747908:0.340516;1785@912543191:0.39821;1712@2811815394:0.018064;1116@3139145404:0.390279;1010@1880634992:0.274725;1371@1003263132:0.723215;1381@4045963440:0.671513;1736@331491703:0.915756;1206@4286626493:0.199201;1202@1636598381:0.687833|67@0.14496,0.536832,0.226593,0.466594,0.396594,0.606882,0.076988,0.403164,0.565573,0.965795,0.955734;56@0.691937,0.717539,0.482795,0.038097,0.982192,0.256614,0.895637,0.019555,0.26531,0.468466,0.631291,0.313439;73@0.506728,0.235996;38@0.385518,0.268516,0.71174,0.365892,0.385279,0.371733,0.760379,0.370914,0.638679,0.715598;1@;14@0.782279,0.012077,0.558745,0.808528,0.055796,0.27331,0.665447,0.464927,0.811344;41@;32@0.615257,0.899533,0.26568,0.3595;70@0.761802,0.519333,0.345603,0.133194;43@0.166755,0.778808,0.667274,0.035132,0.677497,0.076158,0.349603,0.693136,0.693872,0.6641,0.803949;65@0.020328,0.020912,0.931431,0.854893;20@0.906647,0.258609,0.872435,0.265477;40@0.917135,0.787081,0.370016;100@0.529524;37@0.648652,0.035281,0.167729,0.980238,0.330759,0.75893,0.227648,0.946688,0.161138,0.409189,0.078826,0.891218,0.561926;27@0.388545,0.967503,0.767327,0.31298,0.189465,0.003371,0.314991;92@0.184653,0.510634,0.982774,0.510047,0.028874;10@0.746793,0.026223,0.06855,0.60942,0.52527,0.708214,0.059084,0.919902,0.606339,0.918501,0.613168,0.070128;75@0.286526,0.322527,0.384122,0.230282,0.562365,0.697417,0.146927,0.452298,0.142802,0.174614;84@0.713731,0.554021,0.210328,0.551512,0.099653,0.285596,0.139092,0.041992,0.852558,0.661634,0.950257;82@0.239061;47@0.89905,0.744541,0.058384,0.211651,0.451397,0.918232,0.172388,0.830836,0.137002,0.620431,0.435962;9@0.039551,0.137999,0.721468,0.877014,0.370238,0.228834,0.093825,0.621649,0.394735,0.726374,0.59354;39@0.447035,0.46282,0.089486,0.492106,0.069463,0.338746,0.665252,0.192333,0.372091;88@0.99268,0.449977,0.845627,0.187275,0.647352,0.669501,0.619113;30@0.84862,0.216905,0.563554,0.749686,0.778451,0.826769,0.897232,0.618792,0.767144,0.08151|0|1762487393
I20251108 00:02:58.871027 139717798590272 data_text_parser.cc:116] beg_pos: 8762,end_pos: 10971
I20251108 00:02:58.871039 139717798590272 data_text_parser.cc:59] line: 699|316|1720@1276380580:0.804149;1185@2199114069:0.676923;1587@4031508601:0.409488;1048@1315677185:0.233106;1413@2317187981:0.268012;1472@3659388775:0.253481;1861@1541237659:0.250008;1430@3529083776:0.041508;1384@1778489088:0.502246;1829@650666439:0.832211;1635@1843351518:0.313947;1785@3992529769:0.791335;1712@231069162:0.924907;1116@345260416:0.581648;1010@2510541476:0.63999;1371@1923895442:0.891738;1381@3603980203:0.069074;1736@1691878431:0.018527;1206@1183367794:0.094771;1202@1911181108:0.837748|67@0.142684,0.582457,0.054392,0.803938,0.421996,0.546903,0.769676,0.824005,0.284017,0.739827,0.0424;56@0.341639,0.803549,0.496435,0.89251,0.501493,0.347113,0.029666,0.535718,0.749002,0.636107,0.11323,0.18517;73@0.517597,0.206698;38@0.904322,0.27098,0.867592,0.842156,0.929533,0.738372,0.419919,0.332332,0.369709,0.723897;1@;14@0.975107,0.794554,0.706652,0.194618,0.632852,0.225806,0.992908,0.31906,0.967785;41@;32@0.67036,0.935901,0.182227,0.466711;70@0.549127,0.568648,0.962995,0.982464;43@0.136096,0.754548,0.504026,0.038979,0.597914,0.262524,0.683458,0.818732,0.918164,0.853031,0.055062;65@0.458462,0.660301,0.434236,0.834782;20@0.251555,0.045176,0.830068,0.825086;40@0.115288,0.589217,0.265271;100@0.316063;37@0.616812,0.798501,0.691608,0.459319,0.92258,0.676561,0.073419,0.620005,0.642214,0.73349,0.880588,0.936038,0.12766;27@0.241641,0.434831,0.15653,0.37125,0.565815,0.052566,0.090239;92@0.608463,0.965995,0.818679,0.255714,0.358566;10@0.142593,0.335162,0.30536,0.391754,0.900616,0.779627,0.962499,0.725225,0.318166,0.827476,0.662974,0.407712;75@0.729239,0.419091,0.87266,0.69601,0.059934,0.94107,0.452954,0.808121,0.118925,0.804738;84@0.914716,0.55175,0.335168,0.419776,0.660853,0.312437,0.658057,0.905249,0.397178,0.313337,0.514449;82@0.303768;47@0.75468,0.907971,0.78991,0.699985,0.770187,0.647116,0.512482,0.824952,0.111824,0.950184,0.430227;9@0.236394,0.954171,0.363096,0.512836,0.776984,0.047282,0.039265,0.804983,0.800403,0.994882,0.577264;39@0.738065,0.044763,0.37203,0.982266,0.162448,0.048512,0.13213,0.881322,0.128187;88@0.210104,0.550166,0.937562,0.050448,0.971241,0.521061,0.536544;30@0.179199,0.73714,0.292379,0.906745,0.921582,0.652967,0.961222,0.727599,0.301776,0.24188|0|1762487393
I20251108 00:02:58.871074 139717798590272 data_text_parser.cc:116] beg_pos: 10972,end_pos: 13170
I20251108 00:02:58.871087 139717798590272 data_text_parser.cc:59] line: 700|70|1720@751510706:0.825421;1185@3685380601:0.330941;1587@7677827:0.72429;1048@3034166418:0.198145;1413@2160243784:0.807287;1472@374866658:0.267186;1861@3993356856:0.434156;1430@1070352739:0.750365;1384@1472678664:0.772704;1829@287425686:0.92998;1635@679865738:0.154325;1785@3589272917:0.831553;1712@2023532833:0.213499;1116@2963467151:0.673548;1010@2790145676:0.12085;1371@3229675878:0.748177;1381@3807712298:0.853979;1736@434869665:0.1655;1206@4219763724:0.295412;1202@2973602334:0.027367|67@0.683754,0.939342,0.794652,0.963666,0.612555,0.696659,0.603352,0.230683,0.8049,0.681149,0.947938;56@0.4765,0.737288,0.098458,0.192878,0.659947,0.648241,0.535294,0.51159,0.285487,0.255521,0.230545,0.92456;73@0.115488,0.056098;38@0.027376,0.769472,0.415141,0.046306,0.983265,0.741798,0.13603,0.322953,0.585203,0.389726;1@;14@0.576969,0.338556,0.147938,0.022213,0.748309,0.095115,0.149721,0.924158,0.57196;41@;32@0.342031,0.122215,0.160719,0.251424;70@0.3488,0.363303,0.2943,0.742602;43@0.274551,0.710563,0.83589,0.11094,0.876152,0.434699,0.043376,0.707309,0.995607,0.544694,0.420339;65@0.60886,0.146487,0.288128,0.415157;20@0.792849,0.089946,0.483375,0.482773;40@0.367168,0.170302,0.522927;100@0.451629;37@0.101194,0.620709,0.030652,0.394134,0.893845,0.123129,0.106229,0.856985,0.537635,0.76202,0.844676,0.357649,0.488327;27@0.474144,0.554686,0.727594,0.750647,0.203023,0.155603,0.665428;92@0.711704,0.506289,0.372686,0.434574,0.736183;10@0.420047,0.669396,0.197136,0.758728,0.496419,0.308726,0.520101,0.550227,0.574144,0.587242,0.625892,0.985774;75@0.714874,0.432884,0.161434,0.927392,0.129261,0.393272,0.550388,0.737781,0.894355,0.678776;84@0.087426,0.054618,0.463618,0.502053,0.556174,0.142056,0.886381,0.985863,0.011834,0.59789,0.445487;82@0.321107;47@0.560897,0.689244,0.270607,0.58878,0.46783,0.793561,0.714983,0.202645,0.43401,0.220914,0.466723;9@0.95018,0.942307,0.715077,0.55763,0.91071,0.487444,0.160189,0.646799,0.752687,0.903191,0.743503;39@0.875077,0.366496,0.412313,0.567198,0.827036,0.358065,0.403248,0.737464,0.318786;88@0.598603,0.749062,0.595152,0.85753,0.058551,0.82091,0.589951;30@0.898991,0.150609,0.209317,0.475538,0.771522,0.107944,0.186257,0.780447,0.225569,0.093811|1|1762487393
I20251108 00:02:58.871124 139717798590272 data_text_parser.cc:116] beg_pos: 13171,end_pos: 15379
I20251108 00:02:58.871138 139717798590272 data_text_parser.cc:59] line: 701|99|1720@1620878581:0.183591;1185@2232677777:0.720293;1587@4082754486:0.11207;1048@1960250864:0.01552;1413@3960559778:0.286303;1472@290311618:0.437502;1861@929252675:0.092278;1430@2774967699:0.631608;1384@2323659289:0.558419;1829@3016019350:0.390237;1635@3948267283:0.001169;1785@437121437:0.549129;1712@1915529703:0.909515;1116@3218849565:0.958724;1010@2708190708:0.733805;1371@1689323979:0.828258;1381@1847523107:0.872533;1736@1481220696:0.565903;1206@914530346:0.840334;1202@170741448:0.971252|67@0.382906,0.880023,0.088645,0.432001,0.213065,0.435903,0.402588,0.494917,0.22296,0.890161,0.415034;56@0.930299,0.538458,0.934511,0.069714,0.162841,0.772621,0.327772,0.93644,0.629947,0.644272,0.736372,0.602879;73@0.196201,0.795057;38@0.485645,0.99216,0.283006,0.544917,0.346146,0.352496,0.477337,0.7507,0.760829,0.208496;1@;14@0.571747,0.872699,0.290114,0.346938,0.030643,0.45155,0.798003,0.487137,0.42679;41@;32@0.877045,0.149967,0.496853,0.188146;70@0.901425,0.698158,0.98017,0.013396;43@0.489376,0.395922,0.573844,0.768769,0.73942,0.420444,0.270666,0.931639,0.446439,0.637002,0.439641;65@0.212573,0.123292,0.37472,0.794824;20@0.242331,0.558749,0.822327,0.665392;40@0.121128,0.155121,0.309274;100@0.061258;37@0.577512,0.807018,0.009408,0.819094,0.75624,0.630796,0.100411,0.053414,0.098548,0.28733,0.615546,0.160015,0.615601;27@0.799238,0.582554,0.371765,0.160652,0.065136,0.959149,0.933163;92@0.026932,0.758797,0.435848,0.285861,0.11535;10@0.222985,0.573431,0.412347,0.846529,0.749904,0.451475,0.961537,0.749162,0.279004,0.771352,0.764443,0.506056;75@0.251446,0.978717,0.169815,0.674642,0.102792,0.712652,0.984557,0.966257,0.509528,0.238935;84@0.447011,0.963403,0.02309,0.880061,0.504873,0.201604,0.679108,0.378105,0.900648,0.420069,0.692576;82@0.592801;47@0.768218,0.63606,0.324243,0.900278,0.096477,0.974708,0.515422,0.675415,0.371404,0.121712,0.018084;9@0.211722,0.701867,0.630627,0.965741,0.907528,0.880602,0.230246,0.191727,0.293021,0.80354,0.552649;39@0.222323,0.502482,0.045197,0.391648,0.03194,0.698206,0.487238,0.608595,0.384776;88@0.748632,0.277987,0.538669,0.499891,0.00599,0.235337,0.37142;30@0.525756,0.540605,0.967297,0.14824,0.229482,0.141337,0.15935,0.294452,0.397509,0.615815|0|1762487393
I20251108 00:02:58.871173 139717798590272 data_text_parser.cc:116] beg_pos: 15380,end_pos: 17588
I20251108 00:02:58.871186 139717798590272 data_text_parser.cc:59] line: 702|308|1720@414947958:0.841213;1185@392311584:0.804358;1587@3786300421:0.667094;1048@3960204630:0.707656;1413@2000349868:0.217828;1472@3449665856:0.913905;1861@2423193188:0.603839;1430@3140744232:0.186516;1384@3662774946:0.833873;1829@13161248:0.686945;1635@1188182791:0.090564;1785@2696943595:0.86606;1712@1214709850:0.324722;1116@3649286411:0.485872;1010@587539144:0.243406;1371@1509189613:0.312471;1381@2189815166:0.243567;1736@479303760:0.280031;1206@3617204498:0.375277;1202@1080033557:0.887286|67@0.023615,0.440869,0.770092,0.46738,0.759609,0.880414,0.111971,0.071703,0.974028,0.222122,0.203771;56@0.547278,0.795379,0.456199,0.062193,0.374349,0.474681,0.789232,0.677152,0.578606,0.957564,0.927808,0.934404;73@0.14237,0.255088;38@0.255514,0.373796,0.938508,0.342683,0.780015,0.144319,0.056679,0.461683,0.651541,0.854467;1@;14@0.42664,0.59595,0.915351,0.279993,0.068107,0.887839,0.839355,0.947388,0.927402;41@;32@0.651676,0.418653,0.150601,0.444616;70@0.777951,0.278714,0.726959,0.284801;43@0.129742,0.81705,0.553439,0.770036,0.207882,0.613137,0.56906,0.966015,0.152702,0.858708,0.826683;65@0.107486,0.751227,0.278407,0.043163;20@0.529616,0.215236,0.89828,0.903189;40@0.893117,0.407428,0.723971;100@0.38443;37@0.669005,0.310875,0.376512,0.693632,0.964054,0.672087,0.759199,0.679657,0.434034,0.022461,0.639201,0.189469,0.170665;27@0.335512,0.203168,0.976063,0.298691,0.534132,0.501082,0.821965;92@0.522401,0.875937,0.852892,0.005608,0.109329;10@0.07582,0.193454,0.640022,0.366488,0.7128,0.689477,0.09238,0.927158,0.662248,0.371561,0.765512,0.372249;75@0.626006,0.677974,0.139765,0.040339,0.065772,0.433417,0.922479,0.160433,0.167008,0.617688;84@0.5658,0.323373,0.871729,0.480365,0.59,0.021555,0.514032,0.231763,0.716927,0.175472,0.571247;82@0.582259;47@0.751171,0.576863,0.535043,0.567243,0.535905,0.426669,0.19222,0.825689,0.244447,0.926253,0.696094;9@0.444835,0.671552,0.807162,0.890361,0.63872,0.345296,0.369955,0.219482,0.78869,0.480661,0.141457;39@0.982585,0.399353,0.615383,0.31123,0.701359,0.531807,0.290582,0.448135,0.370529;88@0.432507,0.740491,0.224281,0.892265,0.930666,0.849832,0.022978;30@0.704156,0.152739,0.882357,0.473144,0.339055,0.944971,0.772725,0.201233,0.359492,0.345351|0|1762487393
I20251108 00:02:58.871232 139717798590272 data_text_parser.cc:116] beg_pos: 17589,end_pos: 19797
I20251108 00:02:58.871252 139717798590272 data_text_parser.cc:59] line: 703|695|1720@898968212:0.533734;1185@1584954522:0.396123;1587@3107327362:0.363425;1048@1173196056:0.176856;1413@3914481264:0.496608;1472@27511256:0.242193;1861@3416835091:0.869507;1430@658491782:0.65531;1384@2158920389:0.562646;1829@132082103:0.922335;1635@216828705:0.262374;1785@297827059:0.043366;1712@4224279802:0.540491;1116@1271314818:0.434915;1010@422799610:0.801286;1371@2420004239:0.43758;1381@2982567932:0.621586;1736@2316962422:0.73513;1206@3192943413:0.172283;1202@1202928902:0.684297|67@0.522851,0.833805,0.567484,0.89995,0.175902,0.358661,0.208569,0.330073,0.93806,0.680388,0.984884;56@0.020794,0.179203,0.459982,0.806252,0.619897,0.243919,0.493278,0.238103,0.19883,0.65566,0.61247,0.66795;73@0.855353,0.82651;38@0.109646,0.395984,0.848626,0.890833,0.034544,0.633001,0.005738,0.206608,0.44258,0.175387;1@;14@0.630819,0.153814,0.403681,0.377685,0.385642,0.27999,0.799422,0.574523,0.268184;41@;32@0.452119,0.944024,0.673238,0.215689;70@0.683164,0.035188,0.226436,0.396683;43@0.942671,0.887457,0.029855,0.773721,0.348959,0.662709,0.713423,0.535569,0.043301,0.180548,0.682431;65@0.303074,0.735841,0.800114,0.288277;20@0.890448,0.101231,0.776027,0.67725;40@0.618534,0.740904,0.301156;100@0.880788;37@0.76017,0.674906,0.314197,0.216425,0.707072,0.325865,0.657578,0.399787,0.772866,0.70665,0.85684,0.293174,0.426076;27@0.679578,0.001408,0.922636,0.136753,0.872621,0.84632,0.909249;92@0.980167,0.13689,0.466136,0.126908,0.987967;10@0.846323,0.606941,0.858525,0.378401,0.962859,0.816536,0.198551,0.039273,0.592903,0.832967,0.573514,0.462082;75@0.946154,0.147596,0.992997,0.811398,0.752809,0.683347,0.29648,0.728272,0.365354,0.595931;84@0.068825,0.548406,0.634511,0.514677,0.941752,0.807566,0.136918,0.924778,0.921247,0.348042,0.406815;82@0.405745;47@0.919312,0.307587,0.237822,0.256429,0.944466,0.962027,0.210019,0.933116,0.697751,0.822943,0.673958;9@0.189108,0.528272,0.200158,0.374508,0.246102,0.393382,0.202633,0.651177,0.722129,0.925325,0.457752;39@0.568766,0.491136,0.861775,0.114063,0.689082,0.462595,0.941605,0.354008,0.890257;88@0.80363,0.50539,0.259333,0.332674,0.052049,0.322067,0.175626;30@0.749315,0.054168,0.274678,0.619384,0.807959,0.897485,0.625936,0.796952,0.048964,0.148139|0|1762487393
I20251108 00:02:58.871287 139717798590272 data_text_parser.cc:116] beg_pos: 19798,end_pos: 20480
I20251108 00:02:58.871538 139717798590272 data_text_parser.cc:101] get chunk buffer, size: 20480
I20251108 00:02:58.871563 139717798590272 data_text_parser.cc:116] beg_pos: 0,end_pos: 1530
I20251108 00:02:58.871570 139717798590272 data_text_parser.cc:61] buffer line: 704|55|1720@3519683458:0.194948;1185@1723561166:0.439135;1587@1958022302:0.014094;1048@3689867188:0.432923;1413@2305357409:0.90672;1472@1095561240:0.736042;1861@1927093330:0.835707;1430@1228200507:0.296256;1384@3468214715:0.445354;1829@1694890323:0.729428;1635@161192686:0.128827;1785@2037569052:0.162514;1712@1770877879:0.621961;1116@829431360:0.194419;1010@2409100648:0.373618;1371@3398853436:0.209907;1381@2048627904:0.269869;1736@3712646095:0.132252;1206@3475935685:0.800943;1202@2014637498:0.364955|67@0.570715,0.086459,0.838795,0.559568,0.309844,0.282538,0.361344,0.811467,0.712176,0.385201,0.438042;56@0.234684,0.59744,0.318904,0.007175,0.160093,0.821008,0.467912,0.430927,0.430505,0.390165,0.169944,0.689317;73@0.876272,0.538195;38@0.252754,0.01754,0.848034,0.327416,0.313903,0.548606,0.283382,0.582218,0.436465,0.569848;1@;14@0.18199,0.671937,0.696673,0.9883,0.291909,0.682101,0.012225,0.329075,0.962724;41@;32@0.163082,0.169728,0.596673,0.142192;70@0.366355,0.552154,0.80138,0.647431;43@0.272251,0.177722,0.414161,0.963406,0.386668,0.340762,0.924808,0.068738,0.415978,0.69095,0.838102;65@0.179452,0.170632,0.048539,0.110884;20@0.258353,0.989199,0.031575,0.101789;40@0.884575,0.45302,0.572438;100@0.881011;37@0.385524,0.980658,0.151672,0.215486,0.230964,0.14533,0.026491,0.804097,0.455322,0.941152,0.150559,0.674415,0.656002;27@0.681083,0.711521,0.380174,0.97243,0.793649,0.914352,0.552411;92@0.823193,0.659178,0.375734,0.370564,0.387704;10@0.93651,0.619586,0.867672,0.705149,0.35039,0.837631,0.572449,0.184261,0.708246,0.464217,0.049715,0.142437;75@0.154965,0.545414,0.656637,0.134198,0.708988,0.905076,0.719883,0.726226,0.985701,0.196608;84@0.328165,0.774189,0.699039,0.687829,0.20329,0.098432,0.71832,0.523075,0.571255,0.083459,0.319587;82@0.912371;47@0.829648,0.10298,0.277495,0.731654,0.053784,0.063416,0.86488,0.395761,0.228389,0.58584,0.436835;9@0.559714,0.414188,0.978803,0.754747,0.293189,0.965639,0.479561,0.950886,0.197769,0.732192,0.691801;39@0.41453,0.960422,0.208025,0.775871,0.683512,0.0046,0.421431,0.790639,0.842918;88@0.70389,0.418106,0.359273,0.491084,0.252083,0.404715,0.566089;30@0.728427,0.657671,0.726296,0.165587,0.589427,0.122673,0.811604,0.278994,0.752212,0.166837|1|1762487393
I20251108 00:02:58.871618 139717798590272 data_text_parser.cc:116] beg_pos: 1531,end_pos: 3735
I20251108 00:02:58.871635 139717798590272 data_text_parser.cc:59] line: 705|139|1720@436088129:0.716577;1185@1428503863:0.234297;1587@2457672203:0.97721;1048@416294179:0.162431;1413@2376651635:0.537973;1472@1147940780:0.515907;1861@3958367938:0.917925;1430@3727392914:0.618657;1384@735777156:0.796995;1829@3248712498:0.658078;1635@3869241486:0.427904;1785@2194225457:0.732482;1712@2822142200:0.423402;1116@1823286622:0.874234;1010@433390235:0.576673;1371@155558160:0.04939;1381@1919446758:0.503561;1736@299630548:0.68823;1206@3558559545:0.177286;1202@1586818809:0.580671|67@0.422294,0.652658,0.832766,0.84764,0.982936,0.796409,0.387021,0.564931,0.02821,0.781056,0.426458;56@0.331199,0.554832,0.223348,0.429068,0.756649,0.593977,0.80931,0.940204,0.3489,0.989785,0.685297,0.851689;73@0.258254,0.31398;38@0.607983,0.783105,0.543422,0.155138,0.881568,0.462968,0.392467,0.342945,0.060291,0.002995;1@;14@0.948387,0.64783,0.754702,0.090328,0.806611,0.008786,0.574898,0.790511,0.221136;41@;32@0.467439,0.683848,0.366344,0.86897;70@0.586221,0.721248,0.56562,0.171007;43@0.677587,0.062915,0.384152,0.87626,0.70032,0.833336,0.600247,0.949341,0.886009,0.063459,0.47705;65@0.000621,0.192982,0.9451,0.69481;20@0.606514,0.930379,0.532094,0.830878;40@0.547078,0.28529,0.183877;100@0.436693;37@0.955437,0.303997,0.86843,0.779636,0.415305,0.030982,0.748116,0.38177,0.049816,0.059592,0.584706,0.898811,0.646415;27@0.787579,0.022931,0.788741,0.511936,0.685437,0.815068,0.95786;92@0.662911,0.290476,0.737349,0.917159,0.523621;10@0.295969,0.238312,0.351595,0.42014,0.292766,0.47946,0.679746,0.052337,0.57534,0.215994,0.070563,0.311666;75@0.659259,0.733393,0.651081,0.438962,0.104218,0.291394,0.81707,0.889391,0.564514,0.91209;84@0.960764,0.818502,0.142363,0.262651,0.788311,0.456247,0.228765,0.765654,0.216821,0.577712,0.911245;82@0.742653;47@0.026862,0.113743,0.257161,0.513191,0.968935,0.511373,0.124507,0.004828,0.594911,0.915717,0.392081;9@0.007616,0.128132,0.610874,0.886703,0.883309,0.211736,0.584861,0.861103,0.254812,0.935449,0.556681;39@0.428964,0.674992,0.521643,0.420312,0.472934,0.253561,0.842288,0.618913,0.139553;88@0.354139,0.750119,0.137579,0.473534,0.473991,0.446056,0.574654;30@0.095232,0.315943,0.119961,0.873622,0.321097,0.064117,0.439431,0.685956,0.560963,0.601756|0|1762487393
I20251108 00:02:58.871678 139717798590272 data_text_parser.cc:116] beg_pos: 3736,end_pos: 5943
I20251108 00:02:58.871690 139717798590272 data_text_parser.cc:59] line: 706|999|1720@325354639:0.965529;1185@2351151640:0.732228;1587@3874580891:0.85279;1048@3765472237:0.45543;1413@3894885994:0.726727;1472@3979565753:0.416919;1861@3751201250:0.996386;1430@1282112822:0.852692;1384@299630548:0.508136;1829@893262702:0.118069;1635@1656293805:0.222776;1785@3083858223:0.020125;1712@3235253553:0.094725;1116@2676302760:0.033158;1010@3757240614:0.219628;1371@3202175139:0.31699;1381@1367864447:0.679253;1736@3043734120:0.751012;1206@60949531:0.768419;1202@323722718:0.811388|67@0.265314,0.951534,0.365608,0.810928,0.073759,0.381276,0.185031,0.775927,0.230373,0.730369,0.815938;56@0.644118,0.742986,0.733413,0.876807,0.33239,0.978541,0.862463,0.735719,0.155428,0.202656,0.42488,0.893591;73@0.433212,0.913956;38@0.497617,0.270194,0.616712,0.82357,0.593835,0.403921,0.49353,0.52552,0.702763,0.960249;1@;14@0.624665,0.78483,0.061662,0.460007,0.101789,0.539776,0.320769,0.628598,0.990422;41@;32@0.604923,0.034167,0.788362,0.320316;70@0.135722,0.024322,0.946966,0.15708;43@0.315568,0.507991,0.6197,0.662561,0.335866,0.705122,0.684907,0.251006,0.865937,0.360879,0.419651;65@0.70606,0.832971,0.358677,0.562161;20@0.204976,0.303841,0.024581,0.309501;40@0.763347,0.547117,0.43603;100@0.773009;37@0.060452,0.172426,0.114687,0.707143,0.134788,0.674214,0.406433,0.663753,0.053689,0.207017,0.668568,0.969581,0.192706;27@0.496283,0.038519,0.960736,0.745995,0.312116,0.184203,0.184225;92@0.084661,0.968611,0.956645,0.49731,0.440491;10@0.844734,0.811978,0.172659,0.359279,0.276165,0.989441,0.858993,0.116827,0.977325,0.792652,0.234497,0.326199;75@0.643827,0.846968,0.332584,0.862255,0.646354,0.757429,0.225209,0.886513,0.101404,0.301045;84@0.053746,0.088752,0.163899,0.9522,0.94356,0.559484,0.794231,0.524527,0.155008,0.795944,0.967027;82@0.310431;47@0.120754,0.009862,0.469614,0.54893,0.3309,0.994098,0.554041,0.233486,0.496904,0.243116,0.625919;9@0.892783,0.649301,0.352511,0.763973,0.207461,0.676151,0.439303,0.064588,0.127626,0.908701,0.287951;39@0.184312,0.362115,0.189245,0.76587,0.153108,0.150495,0.530246,0.232654,0.813145;88@0.681756,0.407512,0.349623,0.156213,0.291426,0.916476,0.972213;30@0.233576,0.728009,0.352969,0.030258,0.377377,0.800246,0.515316,0.11516,0.80245,0.652955|1|1762487393
I20251108 00:02:58.871726 139717798590272 data_text_parser.cc:116] beg_pos: 5944,end_pos: 8146
I20251108 00:02:58.871738 139717798590272 data_text_parser.cc:59] line: 707|629|1720@2463063113:0.772929;1185@994095409:0.269709;1587@778556545:0.487631;1048@185825666:0.097619;1413@3998874160:0.963814;1472@1075013024:0.232037;1861@961580187:0.119009;1430@3688589807:0.01646;1384@2556399012:0.621693;1829@1547279200:0.666916;1635@260996447:0.736111;1785@2856449565:0.925212;1712@3137466113:0.3877;1116@1677161903:0.677945;1010@2331721555:0.880197;1371@490793538:0.135301;1381@4235844142:0.33806;1736@2125208343:0.427734;1206@545227278:0.696711;1202@1503176793:0.102786|67@0.968121,0.332979,0.216504,0.745124,0.491481,0.376397,0.50331,0.169019,0.962574,0.963315,0.450014;56@0.467727,0.076613,0.807173,0.530463,0.688576,0.01891,0.945539,0.981153,0.638215,0.174632,0.622719,0.319153;73@0.85458,0.792301;38@0.502268,0.801382,0.869037,0.688501,0.447626,0.674064,0.186094,0.77797,0.783113,0.922687;1@;14@0.715542,0.210042,0.08408,0.111679,0.09986,0.142435,0.686679,0.292361,0.066252;41@;32@0.837825,0.208507,0.2786,0.645077;70@0.240878,0.45372,0.040955,0.934803;43@0.180469,0.846569,0.846302,0.55291,0.854377,0.299898,0.165535,0.546929,0.330699,0.322932,0.228717;65@0.103969,0.253995,0.953437,0.575541;20@0.017309,0.42231,0.228519,0.674683;40@0.115869,0.282481,0.546275;100@0.062177;37@0.114439,0.482932,0.408135,0.216884,0.1795,0.344547,0.773841,0.170296,0.527086,0.520998,0.087881,0.470765,0.652097;27@0.329113,0.670286,0.141198,0.918328,0.67415,0.783436,0.151485;92@0.672395,0.880896,0.661488,0.583464,0.426893;10@0.587334,0.120032,0.713148,0.639111,0.66062,0.210396,0.928108,0.969427,0.835504,0.004921,0.239192,0.81638;75@0.565902,0.145082,0.602254,0.627374,0.893546,0.805295,0.621022,0.196638,0.542341,0.08385;84@0.019985,0.330347,0.340901,0.261215,0.429313,0.803844,0.281383,0.588689,0.455627,0.425052,0.399429;82@0.945284;47@0.907744,0.640955,0.05363,0.149712,0.630996,0.43926,0.307286,0.914674,0.524399,0.602634,0.156626;9@0.338022,0.838227,0.4161,0.285129,0.002537,0.094523,0.020157,0.155323,0.67062,0.426019,0.152083;39@0.166629,0.263309,0.293679,0.136294,0.145061,0.051891,0.781753,0.028032,0.292495;88@0.081572,0.835546,0.265207,0.113382,0.391721,0.38785,0.601858;30@0.747346,0.498931,0.283638,0.469752,0.442503,0.001136,0.657092,0.221358,0.95379,0.276056|0|1762487393
I20251108 00:02:58.871775 139717798590272 data_text_parser.cc:116] beg_pos: 8147,end_pos: 10351
I20251108 00:02:58.871788 139717798590272 data_text_parser.cc:59] line: 708|393|1720@1638171857:0.729459;1185@3531885192:0.833253;1587@1150367151:0.61855;1048@1571501894:0.673086;1413@1009307399:0.832441;1472@3579225942:0.807407;1861@3402379159:0.925834;1430@1239118170:0.792342;1384@453659198:0.942293;1829@878985565:0.755557;1635@2589794873:0.697636;1785@1448385845:0.874066;1712@1694890323:0.331318;1116@3952059765:0.48514;1010@2197941819:0.327139;1371@319257210:0.987909;1381@1414209618:0.09473;1736@385542876:0.86339;1206@2202152426:0.220638;1202@1670874153:0.675257|67@0.05702,0.533499,0.630655,0.125148,0.7503,0.25894,0.577716,0.235146,0.951041,0.286993,0.614319;56@0.08131,0.241429,0.18525,0.397807,0.329473,0.240836,0.272554,0.902755,0.727771,0.132756,0.127417,0.135338;73@0.619161,0.566205;38@0.156651,0.97658,0.06275,0.04926,0.531323,0.264842,0.177166,0.016913,0.98605,0.060716;1@;14@0.764065,0.375085,0.521444,0.52598,0.26761,0.75102,0.071786,0.575006,0.45953;41@;32@0.896279,0.135945,0.91859,0.131657;70@0.904526,0.932569,0.022322,0.581424;43@0.879244,0.95614,0.994128,0.079306,0.922386,0.473814,0.633759,0.036237,0.341958,0.077382,0.438377;65@0.204704,0.540214,0.847416,0.511398;20@0.053298,0.366969,0.51771,0.933793;40@0.054929,0.51677,0.038264;100@0.376615;37@0.317722,0.987081,0.350001,0.815697,0.594538,0.250833,0.958233,0.926438,0.792208,0.361951,0.526364,0.672331,0.008145;27@0.573933,0.909284,0.943535,0.893997,0.12577,0.326665,0.773301;92@0.400971,0.633202,0.712036,0.248505,0.752823;10@0.094894,0.035162,0.34892,0.042751,0.827335,0.254116,0.066889,0.739214,0.191006,0.889684,0.846763,0.332572;75@0.021709,0.77406,0.993636,0.662431,0.910384,0.440298,0.443255,0.817165,0.633935,0.910888;84@0.629902,0.264699,0.242416,0.596846,0.640696,0.229803,0.087907,0.226181,0.403736,0.020551,0.869005;82@0.813327;47@0.653887,0.439809,0.929405,0.149015,0.344129,0.933964,0.946932,0.934153,0.747335,0.72336,0.287805;9@0.997363,0.345475,0.863159,0.37768,0.936742,0.162816,0.456718,0.532511,0.731249,0.900504,0.809322;39@0.711093,0.207429,0.618526,0.992619,0.235179,0.193465,0.990975,0.519579,0.084736;88@0.172596,0.438112,0.898372,0.138648,0.580429,0.011111,0.738348;30@0.79892,0.791576,0.369054,0.677177,0.049076,0.913525,0.734101,0.124867,0.49898,0.804147|0|1762487393
I20251108 00:02:58.871828 139717798590272 data_text_parser.cc:116] beg_pos: 10352,end_pos: 12573
I20251108 00:02:58.871841 139717798590272 data_text_parser.cc:59] line: 709|435|1720@1888597540:0.069467;1185@3161563700:0.503758;1587@2622024900:0.712312;1048@4272927450:0.681439;1413@3671269315:0.328983;1472@4258656998:0.285527;1861@1426301965:0.360929;1430@3957958353:0.027074;1384@2753766918:0.655554;1829@4244646477:0.797228;1635@3058337699:0.969195;1785@2038064093:0.886025;1712@2149706079:0.981485;1116@465171005:0.959621;1010@1377368329:0.946987;1371@2700665905:0.277374;1381@2008093870:0.437631;1736@3889354205:0.666642;1206@2797027129:0.45481;1202@3009185362:0.588351|67@0.234973,0.300285,0.966059,0.96553,0.875306,0.085526,0.078194,0.713953,0.990535,0.185712,0.171328;56@0.415239,0.314403,0.771622,0.487503,0.038605,0.031731,0.977083,0.922397,0.215831,0.419786,0.824551,0.166208;73@0.484361,0.603787;38@0.378211,0.595852,0.289525,0.632877,0.932483,0.030131,0.386119,0.205782,0.818877,0.908166;1@;14@0.304707,0.312589,0.722847,0.191875,0.143405,0.829745,0.168709,0.168541,0.923011;41@;32@0.195128,0.356594,0.110752,0.121683;70@0.283141,0.846276,0.420791,0.212388;43@0.765088,0.735421,0.538965,0.886579,0.532086,0.415691,0.55965,0.620282,0.121457,0.960238,0.924173;65@0.087888,0.684722,0.264142,0.141433;20@0.4445,0.850501,0.723827,0.476851;40@0.290828,0.658272,0.928457;100@0.089701;37@0.470635,0.722972,0.195084,0.567808,0.279266,0.883289,0.169199,0.738994,0.351179,0.093039,0.384461,0.79331,0.793361;27@0.822722,0.408389,0.991091,0.63311,0.610777,0.140261,0.948212;92@0.864684,0.68714,0.217488,0.091372,0.62686;10@0.865881,0.594624,0.046458,0.781698,0.376703,0.612672,0.208223,0.651188,0.842325,0.822997,0.609205,0.48941;75@0.465346,0.783901,0.722929,0.073442,0.598773,0.213455,0.717317,0.822997,0.409438,0.454252;84@0.399297,0.282324,0.525264,0.563309,0.500427,0.499108,0.497696,0.555832,0.67489,0.725125,0.650217;82@0.109133;47@0.209975,0.084277,0.376441,0.0309,0.628572,0.512877,0.765413,0.172318,0.715556,0.510581,0.329495;9@0.055541,0.491568,0.004908,0.87093,0.398509,0.781892,0.103096,0.174854,0.350393,0.462779,0.591387;39@0.202754,0.266768,0.544087,0.474436,0.196403,0.088941,0.167307,0.75699,0.018854;88@0.442203,0.968935,0.623609,0.745095,0.550258,0.713599,0.629834;30@0.794277,0.847588,0.136039,0.360599,0.082909,0.531035,0.375125,0.594769,0.742477,0.457205|1|1762487393

s:  <DataFlow.csrc.pybind_module.BatchRow object at 0x7f1288b26630>
s:  <DataFlow.csrc.pybind_module.BatchRow object at 0x7f1288b26c70>
s:  <DataFlow.csrc.pybind_module.BatchRow object at 0x7f1288cf6ef0>
s:  <DataFlow.csrc.pybind_module.BatchRow object at 0x7f1288b26c70>
s:  <DataFlow.csrc.pybind_module.BatchRow object at 0x7f1288cf6ef0>
s:  <DataFlow.csrc.pybind_module.BatchRow object at 0x7f1288b26c70>
s:  <DataFlow.csrc.pybind_module.BatchRow object at 0x7f1288cf6ef0>
s:  <DataFlow.csrc.pybind_module.BatchRow object at 0x7f1288b26c70>
s:  <DataFlow.csrc.pybind_module.BatchRow object at 0x7f1288cf6ef0>
s:  <DataFlow.csrc.pybind_module.BatchRow object at 0x7f1288b26c70>
s:  <DataFlow.csrc.pybind_module.BatchRow object at 0x7f1288cf6ef0>
s:  <DataFlow.csrc.pybind_module.BatchRow object at 0x7f1288b26c70>
s:  <DataFlow.csrc.pybind_module.BatchRow object at 0x7f1288cf6ef0>
s:  <DataFlow.csrc.pybind_module.BatchRow object at 0x7f1288b26c70>
s:  <DataFlow.csrc.pybind_module.BatchRow object at 0x7f1288cf6ef0>
s:  <DataFlow.csrc.pybind_module.BatchRow object at 0x7f1288b26c70>
s:  <DataFlow.csrc.pybind_module.BatchRow object at 0x7f1288cf6ef0>
s:  <DataFlow.csrc.pybind_module.BatchRow object at 0x7f1288b26c70>
s:  <DataFlow.csrc.pybind_module.BatchRow object at 0x7f1288cf6ef0>
s:  <DataFlow.csrc.pybind_module.BatchRow object at 0x7f1288b26c70>
s:  <DataFlow.csrc.pybind_module.BatchRow object at 0x7f1288cf6ef0>
s:  <DataFlow.csrc.pybind_module.BatchRow object at 0x7f1288b26c70>
s:  <DataFlow.csrc.pybind_module.BatchRow object at 0x7f1288cf6ef0>
s:  <DataFlow.csrc.pybind_module.BatchRow object at 0x7f1288b26c70>
s:  <DataFlow.csrc.pybind_module.BatchRow object at 0x7f1288cf6ef0>
s:  <DataFlow.csrc.pybind_module.BatchRow object at 0x7f1288b26c70>
s:  <DataFlow.csrc.pybind_module.BatchRow object at 0x7f1288cf6ef0>
s:  <DataFlow.csrc.pybind_module.BatchRow object at 0x7f1288b26c70>
s:  <DataFlow.csrc.pybind_module.BatchRow object at 0x7f1288cf6ef0>
s:  <DataFlow.csrc.pybind_module.BatchRow object at 0x7f1288b26c70>
s:  <DataFlow.csrc.pybind_module.BatchRow object at 0x7f1288cf6ef0>
s:  <DataFlow.csrc.pybind_module.BatchRow object at 0x7f1288b26c70>
s:  <DataFlow.csrc.pybind_module.BatchRow object at 0x7f1288cf6ef0>
s:  <DataFlow.csrc.pybind_module.BatchRow object at 0x7f1288b26c70>
s:  <DataFlow.csrc.pybind_module.BatchRow object at 0x7f1288cf6ef0>
s:  <DataFlow.csrc.pybind_module.BatchRow object at 0x7f1288b26c70>
s:  <DataFlow.csrc.pybind_module.BatchRow object at 0x7f1288cf6ef0>
s:  <DataFlow.csrc.pybind_module.BatchRow object at 0x7f1288b26c70>
s:  <DataFlow.csrc.pybind_module.BatchRow object at 0x7f1288cf6ef0>
s:  <DataFlow.csrc.pybind_module.BatchRow object at 0x7f1288b26c70>
s:  <DataFlow.csrc.pybind_module.BatchRow object at 0x7f1288cf6ef0>
s:  <DataFlow.csrc.pybind_module.BatchRow object at 0x7f1288b26c70>
s:  <DataFlow.csrc.pybind_module.BatchRow object at 0x7f1288cf6ef0>
s:  <DataFlow.csrc.pybind_module.BatchRow object at 0x7f1288b26c70>
s:  <DataFlow.csrc.pybind_module.BatchRow object at 0x7f1288cf6ef0>
s:  <DataFlow.csrc.pybind_module.BatchRow object at 0x7f1288b26c70>
s:  <DataFlow.csrc.pybind_module.BatchRow object at 0x7f1288cf6ef0>
s:  <DataFlow.csrc.pybind_module.BatchRow object at 0x7f1288b26c70>
s:  <DataFlow.csrc.pybind_module.BatchRow object at 0x7f1288cf6ef0>
s:  <DataFlow.csrc.pybind_module.BatchRow object at 0x7f1288b26c70>
s:  <DataFlow.csrc.pybind_module.BatchRow object at 0x7f1288cf6ef0>
s:  <DataFlow.csrc.pybind_module.BatchRow object at 0x7f1288b26c70>
s:  <DataFlow.csrc.pybind_module.BatchRow object at 0x7f1288cf6ef0>
s:  <DataFlow.csrc.pybind_module.BatchRow object at 0x7f1288b26c70>
s:  <DataFlow.csrc.pybind_module.BatchRow object at 0x7f1288cf6ef0>
s:  <DataFlow.csrc.pybind_module.BatchRow object at 0x7f1288b26c70>
s:  <DataFlow.csrc.pybind_module.BatchRow object at 0x7f1288cf6ef0>
s:  <DataFlow.csrc.pybind_module.BatchRow object at 0x7f1288b26c70>
s:  <DataFlow.csrc.pybind_module.BatchRow object at 0x7f1288cf6ef0>
s:  <DataFlow.csrc.pybind_module.BatchRow object at 0x7f1288b26c70>
s:  <DataFlow.csrc.pybind_module.BatchRow object at 0x7f1288cf6ef0>
s:  <DataFlow.csrc.pybind_module.BatchRow object at 0x7f1288b26c70>
s:  <DataFlow.csrc.pybind_module.BatchRow object at 0x7f1288cf6ef0>
s:  <DataFlow.csrc.pybind_module.BatchRow object at 0x7f1288b26c70>
s:  <DataFlow.csrc.pybind_module.BatchRow object at 0x7f1288cf6ef0>
s:  <DataFlow.csrc.pybind_module.BatchRow object at 0x7f1288b26c70>
s:  <DataFlow.csrc.pybind_module.BatchRow object at 0x7f1288cf6ef0>
s:  <DataFlow.csrc.pybind_module.BatchRow object at 0x7f1288b26c70>
s:  <DataFlow.csrc.pybind_module.BatchRow object at 0x7f1288cf6ef0>
s:  <DataFlow.csrc.pybind_module.BatchRow object at 0x7f1288b26c70>
s:  <DataFlow.csrc.pybind_module.BatchRow object at 0x7f1288cf6ef0>
s:  <DataFlow.csrc.pybind_module.BatchRow object at 0x7f1288b26c70>
s:  <DataFlow.csrc.pybind_module.BatchRow object at 0x7f1288cf6ef0>
s:  <DataFlow.csrc.pybind_module.BatchRow object at 0x7f1288b26c70>
s:  <DataFlow.csrc.pybind_module.BatchRow object at 0x7f1288cf6ef0>
s:  <DataFlow.csrc.pybind_module.BatchRow object at 0x7f1288b26c70>
s:  <DataFlow.csrc.pybind_module.BatchRow object at 0x7f1288cf6ef0>
s:  <DataFlow.csrc.pybind_module.BatchRow object at 0x7f1288b26c70>
s:  <DataFlow.csrc.pybind_module.BatchRow object at 0x7f1288cf6ef0>
s:  <DataFlow.csrc.pybind_module.BatchRow object at 0x7f1288b26c70>
s:  <DataFlow.csrc.pybind_module.BatchRow object at 0x7f1288cf6ef0>
s:  <DataFlow.csrc.pybind_module.BatchRow object at 0x7f1288b26c70>
s:  <DataFlow.csrc.pybind_module.BatchRow object at 0x7f1288cf6ef0>
s:  <DataFlow.csrc.pybind_module.BatchRow object at 0x7f1288b26c70>
s:  <DataFlow.csrc.pybind_module.BatchRow object at 0x7f1288cf6ef0>
s:  <DataFlow.csrc.pybind_module.BatchRow object at 0x7f1288b26c70>
s:  <DataFlow.csrc.pybind_module.BatchRow object at 0x7f1288cf6ef0>
s:  <DataFlow.csrc.pybind_module.BatchRow object at 0x7f1288b26c70>
s:  <DataFlow.csrc.pybind_module.BatchRow object at 0x7f1288cf6ef0>
s:  <DataFlow.csrc.pybind_module.BatchRow object at 0x7f1288b26c70>
s:  <DataFlow.csrc.pybind_module.BatchRow object at 0x7f1288cf6ef0>
s:  <DataFlow.csrc.pybind_module.BatchRow object at 0x7f1288b26c70>
s:  <DataFlow.csrc.pybind_module.BatchRow object at 0x7f1288cf6ef0>
s:  <DataFlow.csrc.pybind_module.BatchRow object at 0x7f1288b26c70>
s:  <DataFlow.csrc.pybind_module.BatchRow object at 0x7f1288cf6ef0>
s:  <DataFlow.csrc.pybind_module.BatchRow object at 0x7f1288b26c70>
s:  <DataFlow.csrc.pybind_module.BatchRow object at 0x7f1288cf6ef0>
s:  <DataFlow.csrc.pybind_module.BatchRow object at 0x7f1288b26c70>
s:  <DataFlow.csrc.pybind_module.BatchRow object at 0x7f1288cf6ef0>
s:  <DataFlow.csrc.pybind_module.BatchRow object at 0x7f1288b26c70>
s:  <DataFlow.csrc.pybind_module.BatchRow object at 0x7f1288cf6ef0>
s:  <DataFlow.csrc.pybind_module.BatchRow object at 0x7f1288b26c70>
s:  <DataFlow.csrc.pybind_module.BatchRow object at 0x7f1288cf6ef0>
s:  <DataFlow.csrc.pybind_module.BatchRow object at 0x7f1288b26c70>
s:  <DataFlow.csrc.pybind_module.BatchRow object at 0x7f1288cf6ef0>
s:  <DataFlow.csrc.pybind_module.BatchRow object at 0x7f1288b26c70>
s:  <DataFlow.csrc.pybind_module.BatchRow object at 0x7f1288cf6ef0>
s:  <DataFlow.csrc.pybind_module.BatchRow object at 0x7f1288b26c70>
s:  <DataFlow.csrc.pybind_module.BatchRow object at 0x7f1288cf6ef0>
s:  <DataFlow.csrc.pybind_module.BatchRow object at 0x7f1288b26c70>
s:  <DataFlow.csrc.pybind_module.BatchRow object at 0x7f1288cf6ef0>
s:  <DataFlow.csrc.pybind_module.BatchRow object at 0x7f1288b26c70>
s:  <DataFlow.csrc.pybind_module.BatchRow object at 0x7f1288cf6ef0>
s:  <DataFlow.csrc.pybind_module.BatchRow object at 0x7f1288b26c70>
s:  <DataFlow.csrc.pybind_module.BatchRow object at 0x7f1288cf6ef0>
s:  <DataFlow.csrc.pybind_module.BatchRow object at 0x7f1288b26c70>
s:  <DataFlow.csrc.pybind_module.BatchRow object at 0x7f1288cf6ef0>
s:  <DataFlow.csrc.pybind_module.BatchRow object at 0x7f1288b26c70>
s:  <DataFlow.csrc.pybind_module.BatchRow object at 0x7f1288cf6ef0>
s:  <DataFlow.csrc.pybind_module.BatchRow object at 0x7f1288b26c70>
s:  <DataFlow.csrc.pybind_module.BatchRow object at 0x7f1288cf6ef0>I20251108 00:02:58.871897 139717798590272 data_text_parser.cc:116] beg_pos: 12574,end_pos: 14782
I20251108 00:02:58.871908 139717798590272 data_text_parser.cc:59] line: 710|158|1720@3513716128:0.02523;1185@2845783935:0.095403;1587@3761328471:0.32729;1048@3921487230:0.888405;1413@305849147:0.885017;1472@299020005:0.163734;1861@916275987:0.094265;1430@399712489:0.993379;1384@1905979211:0.435417;1829@3189904839:0.302903;1635@3396351434:0.9526;1785@1003539629:0.871852;1712@4028169292:0.194162;1116@3929720443:0.040195;1010@1650930806:0.852938;1371@3369758125:0.421742;1381@3964250465:0.373222;1736@713055169:0.258141;1206@996765963:0.351521;1202@3754279838:0.574034|67@0.256529,0.630503,0.737794,0.16803,0.289635,0.099281,0.246553,0.360305,0.749612,0.287175,0.58305;56@0.91824,0.699629,0.793995,0.101838,0.213279,0.842471,0.994762,0.968488,0.07346,0.999695,0.931679,0.919093;73@0.567356,0.269597;38@0.579481,0.483199,0.999773,0.035772,0.841189,0.225669,0.652616,0.015132,0.661463,0.469703;1@;14@0.033658,0.077798,0.900285,0.33845,0.454416,0.030205,0.436938,0.479951,0.051825;41@;32@0.602275,0.275837,0.006966,0.629401;70@0.474333,0.693949,0.003027,0.641805;43@0.909912,0.134616,0.757376,0.477485,0.437609,0.588329,0.67289,0.932383,0.59232,0.301742,0.681975;65@0.463221,0.856634,0.228782,0.468149;20@0.657979,0.727904,0.928013,0.148686;40@0.760375,0.673691,0.636708;100@0.308797;37@0.450202,0.961917,0.741045,0.496461,0.171341,0.569072,0.445727,0.796216,0.514344,0.615665,0.962666,0.113952,0.188264;27@0.278707,0.206765,0.728206,0.636583,0.921212,0.81196,0.000548;92@0.524294,0.691023,0.900615,0.52457,0.065957;10@0.689982,0.937404,0.033409,0.22531,0.49357,0.97251,0.249607,0.377593,0.073745,0.219855,0.358797,0.357829;75@0.959563,0.284286,0.326685,0.892171,0.195778,0.712396,0.941195,0.682997,0.181941,0.980275;84@0.272479,0.901009,0.167629,0.272634,0.520603,0.651745,0.764428,0.976869,0.172899,0.51681,0.908696;82@0.428126;47@0.548446,0.623514,0.751792,0.924507,0.405648,0.021758,0.242653,0.643977,0.427033,0.837974,0.656478;9@0.674586,0.294301,0.31527,0.812388,0.571065,0.832591,0.273651,0.164311,0.196447,0.362717,0.9742;39@0.452761,0.308979,0.31284,0.356066,0.69954,0.455345,0.520064,0.679192,0.989934;88@0.662797,0.294935,0.284242,0.249989,0.451043,0.229137,0.386239;30@0.221232,0.120462,0.030722,0.083099,0.109482,0.487433,0.50086,0.084208,0.517423,0.948148|0|1762487393
I20251108 00:02:58.871949 139717798590272 data_text_parser.cc:116] beg_pos: 14783,end_pos: 16996
I20251108 00:02:58.871961 139717798590272 data_text_parser.cc:59] line: 711|416|1720@66869792:0.630903;1185@3522124929:0.147128;1587@2738624628:0.751694;1048@3139883919:0.031867;1413@1350012349:0.175873;1472@651411251:0.196188;1861@3678425632:0.038092;1430@2830987037:0.119501;1384@3064639185:0.437717;1829@3513375918:0.419759;1635@115329456:0.792193;1785@232924196:0.78387;1712@2725258612:0.926;1116@553624978:0.369224;1010@4181888793:0.762633;1371@4156330028:0.410077;1381@3125163945:0.148839;1736@3694123431:0.439131;1206@1608777393:0.907196;1202@308790793:0.023795|67@0.593024,0.792112,0.980358,0.733471,0.714459,0.895478,0.19707,0.687234,0.047524,0.63862,0.071606;56@0.41813,0.774229,0.304584,0.58918,0.301524,0.768211,0.353732,0.342439,0.559771,0.981636,0.023967,0.213602;73@0.527302,0.797885;38@0.740105,0.030335,0.276906,0.999787,0.778669,0.197729,0.316008,0.254292,0.197068,0.723779;1@;14@0.562643,0.549965,0.158359,0.537295,0.341301,0.830697,0.220263,0.280422,0.792131;41@;32@0.977989,0.501042,0.379371,0.084163;70@0.135267,0.707627,0.712912,0.792652;43@0.111457,0.811597,0.557949,0.990964,0.522976,0.721354,0.688216,0.49366,0.855233,0.483156,0.840359;65@0.049174,0.889743,0.616791,0.919719;20@0.354965,0.906004,0.105847,0.39342;40@0.074338,0.652926,0.16809;100@0.520358;37@0.268161,0.120536,0.316348,0.910282,0.666436,0.247002,0.158946,0.250152,0.943712,0.266321,0.695289,0.427276,0.980038;27@0.408449,0.378921,0.822857,0.114584,0.390485,0.682201,0.821507;92@0.100853,0.041812,0.812373,0.595612,0.59991;10@0.628001,0.743065,0.986473,0.571283,0.166365,0.049397,0.922709,0.992302,0.080843,0.010242,0.921273,0.191561;75@0.140371,0.028797,0.013331,0.375385,0.680977,0.129718,0.969817,0.944317,0.67524,0.445889;84@0.679666,0.157457,0.364844,0.948944,0.550361,0.276875,0.018951,0.073515,0.077702,0.187243,0.555292;82@0.365538;47@0.424692,0.043487,0.310707,0.390164,0.95194,0.410993,0.596886,0.552343,0.127239,0.165155,0.233758;9@0.310051,0.400139,0.29267,0.845627,0.094718,0.235061,0.072342,0.834788,0.171933,0.363848,0.100299;39@0.698394,0.785145,0.224549,0.908775,0.891895,0.205461,0.95751,0.684328,0.94776;88@0.505564,0.277294,0.057131,0.092317,0.426965,0.673534,0.824044;30@0.691543,0.985108,0.980384,0.343907,0.152674,0.987888,0.639335,0.578298,0.689622,0.133998|0|1762487393
I20251108 00:02:58.871997 139717798590272 data_text_parser.cc:116] beg_pos: 16997,end_pos: 19207
I20251108 00:02:58.872009 139717798590272 data_text_parser.cc:59] line: 712|785|1720@3747170461:0.409015;1185@2502152300:0.494998;1587@3662806307:0.856957;1048@2883266184:0.877239;1413@550782165:0.978665;1472@503148774:0.215384;1861@1519275299:0.186234;1430@1675405606:0.167455;1384@2512279024:0.943187;1829@1111213996:0.962556;1635@3901113226:0.859015;1785@3671269315:0.530466;1712@2156729404:0.965749;1116@553821920:0.95127;1010@1950315407:0.2731;1371@2716999141:0.003721;1381@2001137968:0.974213;1736@3047385873:0.439766;1206@1162704529:0.685707;1202@3756815204:0.665313|67@0.838013,0.347183,0.880563,0.289208,0.547684,0.66101,0.910299,0.98449,0.489054,0.583824,0.528918;56@0.170382,0.589013,0.878374,0.113532,0.31519,0.893204,0.274231,0.804523,0.832578,0.695593,0.28694,0.444619;73@0.587929,0.434923;38@0.880936,0.163209,0.058237,0.061657,0.413316,0.858159,0.325928,0.228489,0.315754,0.032898;1@;14@0.207475,0.506917,0.079849,0.233797,0.647916,0.220257,0.323636,0.670728,0.090885;41@;32@0.442703,0.821757,0.384639,0.014975;70@0.512326,0.350183,0.993189,0.379233;43@0.386858,0.832137,0.949062,0.928746,0.184001,0.837406,0.001514,0.959809,0.935216,0.239809,0.67529;65@0.834877,0.700329,0.994032,0.012244;20@0.949644,0.180335,0.614742,0.820905;40@0.768932,0.005145,0.053224;100@0.219044;37@0.15465,0.37014,0.219181,0.04396,0.293398,0.057792,0.161664,0.789713,0.260841,0.544924,0.459699,0.449738,0.736741;27@0.161759,0.626956,0.46631,0.037494,0.233197,0.973423,0.034173;92@0.818237,0.162451,0.043995,0.026162,0.266346;10@0.025392,0.292861,0.022815,0.269496,0.388744,0.92088,0.633511,0.840728,0.465218,0.856464,0.113957,0.893508;75@0.678121,0.654313,0.065889,0.618521,0.572427,0.987994,0.11653,0.427771,0.89447,0.601008;84@0.202261,0.91933,0.085802,0.55335,0.140551,0.138162,0.144653,0.726338,0.374646,0.372129,0.308861;82@0.102466;47@0.639465,0.638684,0.607181,0.643981,0.32011,0.221744,0.948781,0.863216,0.992001,0.369622,0.75529;9@0.844782,0.050191,0.114673,0.631294,0.584555,0.834464,0.509021,0.735223,0.576187,0.933168,0.363441;39@0.41919,0.697864,0.730876,0.069018,0.197463,0.584412,0.58978,0.987996,0.372948;88@0.183837,0.087229,0.475179,0.607125,0.31741,0.892652,0.616832;30@0.332251,0.680712,0.847815,0.437449,0.18471,0.799221,0.222706,0.47214,0.591763,0.791503|1|1762487393
I20251108 00:02:58.872040 139717798590272 data_text_parser.cc:116] beg_pos: 19208,end_pos: 20480
I20251108 00:02:58.872293 139717798590272 data_text_parser.cc:101] get chunk buffer, size: 20480
I20251108 00:02:58.872317 139717798590272 data_text_parser.cc:116] beg_pos: 0,end_pos: 947
I20251108 00:02:58.872328 139717798590272 data_text_parser.cc:61] buffer line: 713|548|1720@2695002806:0.801213;1185@3083910735:0.603701;1587@2147786802:0.55731;1048@1360217398:0.534521;1413@2556274467:0.142409;1472@4191987766:0.81847;1861@2990670517:0.993897;1430@2799761035:0.966971;1384@3064556946:0.983797;1829@1640884467:0.514952;1635@578679614:0.802878;1785@1983697798:0.639459;1712@638591225:0.69349;1116@670269425:0.662901;1010@1909115534:0.202074;1371@1714689574:0.235762;1381@1340637399:0.210007;1736@1031511448:0.815807;1206@3094305544:0.538383;1202@3806976387:0.390152|67@0.092343,0.453275,0.283511,0.598836,0.270405,0.597224,0.727779,0.277474,0.527002,0.697069,0.179472;56@0.35372,0.511488,0.097608,0.356394,0.19178,0.546148,0.149901,0.842148,0.389225,0.469377,0.246441,0.027864;73@0.076569,0.150148;38@0.78054,0.041793,0.337472,0.239311,0.396098,0.421833,0.017029,0.832085,0.312132,0.440076;1@;14@0.034836,0.445099,0.525685,0.907389,0.728768,0.048545,0.001153,0.934893,0.39834;41@;32@0.553223,0.812677,0.035962,0.451716;70@0.725767,0.157697,0.582753,0.880867;43@0.452877,0.659369,0.743363,0.379475,0.511262,0.538569,0.964899,0.777635,0.082478,0.391684,0.520574;65@0.414117,0.155466,0.936297,0.022368;20@0.341995,0.449817,0.898368,0.938499;40@0.367069,0.375481,0.031002;100@0.42054;37@0.562711,0.27821,0.506375,0.494781,0.573586,0.338698,0.072201,0.605279,0.192686,0.209571,0.256979,0.533941,0.107222;27@0.230865,0.115431,0.623595,0.549955,0.543237,0.463405,0.724054;92@0.823664,0.325409,0.543232,0.966541,0.860118;10@0.862484,0.243996,0.290317,0.272024,0.085936,0.136591,0.414858,0.789054,0.79543,0.818166,0.800856,0.295403;75@0.080001,0.652737,0.976514,0.086661,0.648071,0.396172,0.785324,0.25322,0.974063,0.502225;84@0.636643,0.767087,0.234419,0.449689,0.180954,0.315568,0.590243,0.311627,0.312674,0.95362,0.607853;82@0.429709;47@0.667362,0.563717,0.976859,0.113979,0.978525,0.120689,0.879994,0.62054,0.165944,0.365523,0.701911;9@0.965295,0.503283,0.165319,0.767785,0.812845,0.846514,0.222557,0.285799,0.345438,0.994101,0.749384;39@0.251541,0.8747,0.953882,0.316988,0.784055,0.882404,0.827642,0.984815,0.320575;88@0.765035,0.522724,0.263643,0.956343,0.315361,0.678347,0.683138;30@0.513215,0.481415,0.114141,0.174074,0.972684,0.601606,0.459539,0.855102,0.404052,0.142846|1|1762487393
I20251108 00:02:58.872380 139717798590272 data_text_parser.cc:116] beg_pos: 948,end_pos: 3162
I20251108 00:02:58.872395 139717798590272 data_text_parser.cc:59] line: 714|807|1720@1068987053:0.307129;1185@2264334885:0.848219;1587@3664552532:0.41695;1048@2182693523:0.455326;1413@3942192368:0.774459;1472@1550199113:0.103947;1861@3277438737:0.393434;1430@2305081859:0.655067;1384@370012756:0.903433;1829@1667282578:0.025343;1635@2764785871:0.148225;1785@1674283204:0.285239;1712@1290095833:0.60325;1116@877978567:0.554534;1010@1442815559:0.811468;1371@3138208659:0.244381;1381@1536046077:0.697162;1736@1010735406:0.491598;1206@1159662295:0.289586;1202@4192453684:0.434441|67@0.63628,0.32944,0.473608,0.023195,0.969777,0.496763,0.724909,0.037781,0.208849,0.432471,0.847884;56@0.908415,0.659748,0.890675,0.025807,0.404289,0.489889,0.723494,0.747881,0.943406,0.501301,0.690682,0.164437;73@0.091974,0.395886;38@0.155551,0.923441,0.138651,0.320353,0.846621,0.403297,0.796172,0.569328,0.664966,0.525843;1@;14@0.51563,0.442405,0.065597,0.070088,0.880939,0.000469,0.342566,0.999492,0.641433;41@;32@0.480411,0.635722,0.825904,0.054899;70@0.590718,0.58428,0.487525,0.579369;43@0.319277,0.110187,0.05236,0.820018,0.170171,0.051519,0.641657,0.137813,0.862668,0.682297,0.354345;65@0.765016,0.264872,0.435995,0.48809;20@0.564992,0.020099,0.061286,0.818794;40@0.109438,0.360526,0.037539;100@0.468753;37@0.237301,0.097788,0.393483,0.246436,0.671613,0.679101,0.535296,0.633439,0.214953,0.983241,0.213831,0.645851,0.836225;27@0.811851,0.72973,0.374122,0.292347,0.12845,0.281857,0.297685;92@0.79857,0.00648,0.264382,0.511702,0.478387;10@0.935365,0.089084,0.083814,0.178871,0.709996,0.39237,0.079429,0.838535,0.902414,0.827451,0.407346,0.821218;75@0.600688,0.482716,0.851303,0.239073,0.699648,0.047543,0.290904,0.544415,0.424841,0.46973;84@0.698635,0.514572,0.539685,0.556833,0.612189,0.386162,0.708567,0.429647,0.82989,0.752195,0.431785;82@0.888918;47@0.156404,0.025972,0.611029,0.78974,0.813528,0.111244,0.482042,0.255272,0.767303,0.125061,0.049501;9@0.006881,0.438336,0.212232,0.453668,0.483366,0.825886,0.578652,0.762603,0.266534,0.960884,0.116093;39@0.970325,0.655956,0.533941,0.88049,0.650607,0.612111,0.09672,0.119229,0.922933;88@0.6682,0.159007,0.316673,0.402122,0.943292,0.952631,0.088655;30@0.421485,0.432212,0.843314,0.810952,0.40624,0.010822,0.170924,0.699215,0.458248,0.272952|1|1762487393
I20251108 00:02:58.872426 139717798590272 data_text_parser.cc:116] beg_pos: 3163,end_pos: 5373
I20251108 00:02:58.872439 139717798590272 data_text_parser.cc:59] line: 715|64|1720@2945767690:0.222054;1185@3330585497:0.341193;1587@956114529:0.368446;1048@2336501475:0.378837;1413@1189688556:0.644948;1472@3931295954:0.471499;1861@1495701648:0.169695;1430@1866013547:0.010354;1384@3289288516:0.020052;1829@91446478:0.474926;1635@1521130277:0.451258;1785@969280247:0.554894;1712@1854822940:0.329806;1116@1859020669:0.28941;1010@938213956:0.503669;1371@4196819712:0.612433;1381@4079934176:0.75047;1736@1030102679:0.507044;1206@2252935401:0.160403;1202@4073625644:0.9774|67@0.792303,0.050342,0.320196,0.021541,0.681055,0.949792,0.987812,0.250648,0.680343,0.142731,0.128173;56@0.803204,0.400879,0.942566,0.841342,0.763272,0.114373,0.713661,0.363396,0.87143,0.809182,0.385862,0.50992;73@0.12576,0.952455;38@0.04841,0.939492,0.309934,0.8476,0.953729,0.886883,0.812906,0.836297,0.325492,0.530454;1@;14@0.146827,0.652392,0.167445,0.668733,0.363931,0.849917,0.041335,0.636306,0.140669;41@;32@0.455741,0.466421,0.932719,0.719141;70@0.095084,0.649405,0.055596,0.47975;43@0.962968,0.324181,0.995225,0.360505,0.793354,0.775807,0.806832,0.257735,0.475028,0.224244,0.687488;65@0.250582,0.812069,0.062957,0.218927;20@0.148447,0.760368,0.452356,0.371734;40@0.352692,0.156846,0.381155;100@0.724477;37@0.288371,0.216828,0.610785,0.952981,0.055025,0.230992,0.128347,0.143975,0.81702,0.905239,0.737145,0.534578,0.649363;27@0.418768,0.81876,0.503639,0.116045,0.201157,0.233135,0.340916;92@0.971433,0.783799,0.012734,0.791788,0.916624;10@0.808532,0.94013,0.365496,0.773109,0.611153,0.92492,0.119076,0.863751,0.571767,0.030694,0.567176,0.520527;75@0.621433,0.39189,0.310171,0.858182,0.703644,0.310415,0.879539,0.612373,0.295508,0.750343;84@0.289368,0.462948,0.636705,0.871615,0.788044,0.578287,0.795093,0.304239,0.720135,0.1793,0.120819;82@0.321695;47@0.453509,0.162322,0.695166,0.906956,0.766882,0.328166,0.660378,0.986912,0.363947,0.231024,0.254274;9@0.308681,0.278369,0.431979,0.803772,0.807692,0.215457,0.305478,0.380226,0.015121,0.04901,0.118146;39@0.699801,0.608576,0.171636,0.510228,0.937277,0.058349,0.353323,0.955241,0.821633;88@0.408647,0.106506,0.921117,0.043951,0.4853,0.945148,0.534482;30@0.482885,0.259001,0.919564,0.858852,0.779032,0.680266,0.600163,0.854035,0.097967,0.796478|0|1762487393
I20251108 00:02:58.872479 139717798590272 data_text_parser.cc:116] beg_pos: 5374,end_pos: 7583
I20251108 00:02:58.872492 139717798590272 data_text_parser.cc:59] line: 716|250|1720@950894909:0.715485;1185@2726776578:0.316057;1587@516051468:0.792755;1048@1671611623:0.883183;1413@2643231715:0.685552;1472@3208098034:0.987021;1861@883522878:0.275656;1430@1100711343:0.089977;1384@1650679860:0.406946;1829@2802041373:0.974446;1635@972556065:0.642065;1785@3426337410:0.134962;1712@777813184:0.999122;1116@319034633:0.699902;1010@4150203014:0.941058;1371@1694317507:0.67357;1381@3366262077:0.668712;1736@4091804526:0.813853;1206@667633363:0.005493;1202@3151097457:0.957107|67@0.483158,0.670597,0.270598,0.531824,0.16417,0.025906,0.693973,0.895935,0.138418,0.587188,0.15373;56@0.598477,0.664864,0.517035,0.064062,0.487794,0.974172,0.711458,0.968355,0.012968,0.837466,0.403006,0.046265;73@0.400273,0.745396;38@0.862929,0.160052,0.492531,0.102352,0.044678,0.45608,0.493992,0.525117,0.040545,0.802639;1@;14@0.05541,0.698384,0.05288,0.82762,0.541766,0.942897,0.515453,0.955647,0.283578;41@;32@0.738459,0.943976,0.379056,0.689145;70@0.459659,0.118393,0.737067,0.628586;43@0.38357,0.738173,0.063858,0.562409,0.942509,0.293771,0.550122,0.362217,0.67007,0.163237,0.089699;65@0.172603,0.423073,0.115815,0.040631;20@0.629084,0.372876,0.762281,0.564782;40@0.446279,0.499168,0.810346;100@0.705408;37@0.632256,0.193625,0.606762,0.637766,0.064916,0.044695,0.77823,0.484333,0.750922,0.929225,0.024301,0.753557,0.303202;27@0.396279,0.055096,0.74091,0.518089,0.955438,0.052926,0.158925;92@0.537907,0.452804,0.436062,0.243252,0.983344;10@0.515289,0.607412,0.72483,0.595324,0.072343,0.525995,0.405032,0.244877,0.147809,0.490523,0.205639,0.348814;75@0.004697,0.345161,0.804862,0.505557,0.094665,0.683378,0.156551,0.356267,0.086716,0.120515;84@0.6037,0.284577,0.665563,0.620151,0.277236,0.420974,0.181927,0.963304,0.261595,0.525946,0.349201;82@0.016349;47@0.918425,0.600107,0.615342,0.248393,0.712221,0.359853,0.339272,0.59656,0.322861,0.376915,0.900284;9@0.869576,0.205836,0.175087,0.67863,0.727918,0.704699,0.909069,0.036266,0.970569,0.907857,0.211884;39@0.368952,0.316814,0.980947,0.318127,0.706735,0.300172,0.303177,0.662482,0.863158;88@0.126726,0.94358,0.572745,0.038007,0.7337,0.452515,0.805292;30@0.854013,0.716331,0.883027,0.799836,0.779031,0.50333,0.649221,0.33248,0.204556,0.343738|1|1762487393
I20251108 00:02:58.872548 139717798590272 data_text_parser.cc:116] beg_pos: 7584,end_pos: 9802
I20251108 00:02:58.872564 139717798590272 data_text_parser.cc:59] line: 717|631|1720@3694071337:0.861196;1185@3964585413:0.996914;1587@1844332913:0.977914;1048@4027822449:0.627366;1413@4130963908:0.265944;1472@3602781632:0.568618;1861@2751942807:0.306419;1430@3497391803:0.148875;1384@2220705378:0.783656;1829@4189938414:0.316274;1635@3427648626:0.088628;1785@1074915481:0.432982;1712@1551045109:0.906063;1116@1140594847:0.664693;1010@1019700381:0.162305;1371@1649586141:0.925469;1381@563325074:0.353505;1736@2627292379:0.646335;1206@3994856916:0.374944;1202@396941449:0.370439|67@0.198988,0.306698,0.305682,0.424436,0.131677,0.518327,0.498574,0.884997,0.818672,0.748587,0.167017;56@0.612151,0.043622,0.597132,0.698031,0.936247,0.23014,0.908472,0.182966,0.947519,0.946045,0.284141,0.659039;73@0.920406,0.258782;38@0.202061,0.834436,0.81658,0.213261,0.823923,0.503261,0.878109,0.838081,0.453304,0.980658;1@;14@0.816355,0.427637,0.514486,0.067103,0.837815,0.345984,0.345168,0.090864,0.471014;41@;32@0.795991,0.59776,0.165889,0.366178;70@0.321371,0.662071,0.689474,0.861163;43@0.946195,0.71397,0.142571,0.562328,0.914418,0.294168,0.0245,0.763283,0.448603,0.926095,0.547353;65@0.144902,0.812861,0.088986,0.60473;20@0.798026,0.875632,0.237326,0.76383;40@0.137956,0.783159,0.423455;100@0.470153;37@0.788874,0.588401,0.962366,0.813544,0.87728,0.334025,0.332607,0.664667,0.366086,0.107069,0.389734,0.542585,0.298511;27@0.143122,0.05795,0.24189,0.481358,0.101195,0.002549,0.521921;92@0.21043,0.397487,0.90518,0.199484,0.070779;10@0.162787,0.861749,0.977558,0.386768,0.934863,0.559063,0.83686,0.441618,0.382327,0.525739,0.443086,0.81583;75@0.02839,0.938951,0.629193,0.656558,0.326327,0.269089,0.922833,0.873975,0.090779,0.007999;84@0.436013,0.264401,0.622229,0.197805,0.196631,0.629668,0.578541,0.319483,0.944031,0.063236,0.877931;82@0.541061;47@0.94849,0.986455,0.878726,0.681769,0.074131,0.136627,0.654368,0.803807,0.801136,0.036372,0.787309;9@0.236258,0.236708,0.469711,0.171523,0.846394,0.153078,0.764165,0.142756,0.229206,0.054301,0.820387;39@0.741469,0.473669,0.303287,0.864108,0.785077,0.767382,0.451895,0.682965,0.649076;88@0.175096,0.442492,0.207768,0.143195,0.418333,0.447013,0.672695;30@0.029511,0.508567,0.909591,0.543392,0.444115,0.724782,0.657113,0.177389,0.467613,0.189959|1|1762487393
I20251108 00:02:58.872604 139717798590272 data_text_parser.cc:116] beg_pos: 9803,end_pos: 12015
I20251108 00:02:58.872616 139717798590272 data_text_parser.cc:59] line: 718|630|1720@978404542:0.094528;1185@983904768:0.835068;1587@2248604969:0.139435;1048@1105331811:0.914822;1413@2463841206:0.065613;1472@4065669239:0.649051;1861@570005085:0.245553;1430@3500814852:0.360783;1384@3083497979:0.047638;1829@3800786027:0.860967;1635@286616487:0.364314;1785@1576680335:0.30973;1712@4288847125:0.056619;1116@3389879586:0.237581;1010@367798337:0.968258;1371@2976616331:0.154995;1381@361710658:0.619199;1736@4149051297:0.919608;1206@577663022:0.969181;1202@1430550475:0.901955|67@0.108941,0.557603,0.998648,0.992001,0.819253,0.844082,0.418985,0.686312,0.947588,0.716923,0.967113;56@0.999783,0.455962,0.237753,0.073752,0.248248,0.667072,0.905053,0.680327,0.365315,0.415365,0.675318,0.780158;73@0.636843,0.57142;38@0.745226,0.640209,0.613139,0.162484,0.217473,0.194382,0.704372,0.562567,0.859543,0.043907;1@;14@0.232825,0.342133,0.800428,0.842232,0.811216,0.460214,0.123302,0.859937,0.896083;41@;32@0.030772,0.092353,0.485704,0.085893;70@0.699658,0.923541,0.132162,0.614024;43@0.877642,0.584405,0.991686,0.994755,0.463036,0.38652,0.856927,0.722036,0.753605,0.356415,0.556635;65@0.45511,0.550078,0.297278,0.336356;20@0.825159,0.024128,0.430894,0.873334;40@0.608241,0.011551,0.117368;100@0.216821;37@0.729461,0.205052,0.917885,0.251008,0.296206,0.537897,0.420668,0.313253,0.342924,0.513246,0.549824,0.024968,0.632861;27@0.216714,0.567061,0.937375,0.792149,0.267832,0.156991,0.788552;92@0.701933,0.907213,0.387528,0.591231,0.082144;10@0.970515,0.436601,0.85901,0.086008,0.369287,0.269011,0.968614,0.160354,0.759567,0.783939,0.256543,0.930272;75@0.903115,0.17609,0.228064,0.094416,0.277963,0.40904,0.931424,0.517141,0.826323,0.32298;84@0.60732,0.860393,0.51721,0.828471,0.619896,0.93361,0.127972,0.8021,0.791768,0.822599,0.07749;82@0.567652;47@0.390019,0.913146,0.212642,0.440428,0.897633,0.121709,0.443622,0.725389,0.506124,0.879828,0.133866;9@0.97941,0.614588,0.567841,0.312807,0.901978,0.891198,0.22422,0.354262,0.715456,0.719001,0.830919;39@0.363307,0.170576,0.154467,0.018726,0.120179,0.172888,0.988151,0.210121,0.159304;88@0.213691,0.590502,0.040339,0.09945,0.071236,0.165521,0.566775;30@0.229603,0.027225,0.599677,0.248954,0.008568,0.04493,0.633866,0.864728,0.616653,0.383451|1|1762487393
I20251108 00:02:58.872652 139717798590272 data_text_parser.cc:116] beg_pos: 12016,end_pos: 14220
I20251108 00:02:58.872664 139717798590272 data_text_parser.cc:59] line: 719|370|1720@4124431260:0.025863;1185@1267980571:0.519682;1587@3671052056:0.150087;1048@585121701:0.856059;1413@1519275299:0.049174;1472@59682361:0.601876;1861@2677184932:0.848807;1430@1980261478:0.783478;1384@92668701:0.959123;1829@50434232:0.614229;1635@2991337727:0.089984;1785@276160157:0.078816;1712@4009613096:0.252143;1116@1264867265:0.143782;1010@584230402:0.916991;1371@1100074133:0.213617;1381@213256817:0.02856;1736@4210556132:0.775389;1206@1547618342:0.454769;1202@2441299804:0.355464|67@0.584014,0.868978,0.006766,0.712581,0.491457,0.297923,0.493352,0.10106,0.378384,0.010558,0.769682;56@0.636758,0.832917,0.711952,0.804462,0.286937,0.459119,0.787828,0.87517,0.200728,0.291888,0.98123,0.747751;73@0.880839,0.217747;38@0.172273,0.250057,0.819153,0.001085,0.607037,0.057994,0.956098,0.673432,0.36898,0.024554;1@;14@0.022903,0.709082,0.948819,0.802861,0.435467,0.883609,0.527379,0.025921,0.772531;41@;32@0.017202,0.603144,0.186326,0.207026;70@0.097219,0.690969,0.958604,0.25351;43@0.619431,0.037187,0.814051,0.151782,0.38596,0.272448,0.771411,0.322371,0.330747,0.595634,0.544846;65@0.533489,0.734946,0.678029,0.541982;20@0.413047,0.141008,0.101047,0.491392;40@0.43312,0.519502,0.90516;100@0.516;37@0.811973,0.686687,0.497058,0.904653,0.83241,0.353979,0.122814,0.511653,0.671621,0.68997,0.774796,0.276264,0.559887;27@0.421314,0.298529,0.89143,0.260692,0.309188,0.400816,0.05063;92@0.986285,0.135946,0.825838,0.198767,0.854781;10@0.511404,0.124628,0.259075,0.952747,0.191965,0.18619,0.613686,0.962864,0.242735,0.206339,0.294183,0.616191;75@0.636379,0.43839,0.540231,0.980263,0.155447,0.979773,0.921353,0.832408,0.743899,0.947065;84@0.379074,0.532425,0.876771,0.359203,0.531586,0.478073,0.101023,0.953982,0.541884,0.563136,0.774181;82@0.472295;47@0.860111,0.413991,0.285682,0.893755,0.201114,0.550367,0.280203,0.817299,0.453693,0.559073,0.308683;9@0.361109,0.992566,0.870635,0.193426,0.025265,0.521818,0.468776,0.364348,0.415619,0.944806,0.243257;39@0.747279,0.603368,0.458749,0.473547,0.60218,0.058747,0.804351,0.645195,0.327576;88@0.52404,0.268333,0.399209,0.299111,0.92108,0.245108,0.049044;30@0.9825,0.944095,0.144104,0.045033,0.928361,0.765923,0.923007,0.044572,0.597884,0.916328|0|1762487393
I20251108 00:02:58.872702 139717798590272 data_text_parser.cc:116] beg_pos: 14221,end_pos: 16432
I20251108 00:02:58.872715 139717798590272 data_text_parser.cc:59] line: 720|393|1720@2840912794:0.707427;1185@2535067336:0.183916;1587@3809170555:0.569025;1048@3763255416:0.163441;1413@2092910631:0.431611;1472@743849085:0.690609;1861@1014876743:0.403327;1430@2016839027:0.390692;1384@388841007:0.768143;1829@4001044736:0.625401;1635@2573096349:0.001016;1785@1883455191:0.982143;1712@1033049330:0.637579;1116@1577322803:0.959928;1010@3201848378:0.004648;1371@267994142:0.326909;1381@3358903479:0.506801;1736@28401576:0.728875;1206@3040906960:0.836593;1202@37383147:0.444331|67@0.883554,0.148841,0.271667,0.995932,0.699057,0.561333,0.151574,0.919142,0.17646,0.516766,0.254033;56@0.769454,0.2065,0.462641,0.683383,0.089359,0.785037,0.773234,0.136912,0.378517,0.001469,0.691344,0.933646;73@0.996411,0.602528;38@0.756093,0.040751,0.845795,0.095418,0.944258,0.533999,0.893809,0.829374,0.802043,0.292251;1@;14@0.927827,0.295463,0.045226,0.788758,0.75057,0.967068,0.978669,0.438982,0.784624;41@;32@0.963141,0.65143,0.129477,0.427625;70@0.476853,0.930283,0.015867,0.20686;43@0.438486,0.734811,0.369741,0.32186,0.130562,0.104291,0.002267,0.130554,0.37145,0.781931,0.309044;65@0.049753,0.97732,0.502726,0.683052;20@0.771617,0.01169,0.728645,0.823523;40@0.278034,0.853609,0.662027;100@0.441393;37@0.870425,0.531888,0.579233,0.80779,0.900163,0.580986,0.717412,0.66992,0.639919,0.423373,0.350548,0.321827,0.505416;27@0.107205,0.426383,0.343912,0.930725,0.67322,0.030442,0.337683;92@0.044543,0.726059,0.951543,0.65069,0.820203;10@0.592858,0.553401,0.133644,0.531236,0.338254,0.505984,0.786875,0.578194,0.394663,0.420128,0.593122,0.224249;75@0.711776,0.685103,0.002624,0.124962,0.276393,0.910788,0.873002,0.522624,0.893161,0.515595;84@0.94159,0.973529,0.846921,0.906584,0.116332,0.566726,0.152039,0.730582,0.973277,0.312768,0.694356;82@0.739678;47@0.670589,0.885192,0.634808,0.017369,0.553095,0.190512,0.97662,0.80418,0.922881,0.023387,0.078849;9@0.212356,0.619096,0.773183,0.015743,0.378951,0.665729,0.033062,0.530129,0.978145,0.458225,0.088066;39@0.467378,0.517358,0.369545,0.165658,0.153247,0.381237,0.301291,0.436796,0.309313;88@0.13034,0.036656,0.662195,0.589731,0.150226,0.714468,0.330252;30@0.622053,0.081247,0.134887,0.013578,0.86832,0.646173,0.253758,0.601313,0.931005,0.969222|0|1762487393
I20251108 00:02:58.872755 139717798590272 data_text_parser.cc:116] beg_pos: 16433,end_pos: 18640
I20251108 00:02:58.872767 139717798590272 data_text_parser.cc:59] line: 721|803|1720@2985237320:0.242572;1185@3256475484:0.586456;1587@1116577205:0.568397;1048@369678995:0.143318;1413@2086904208:0.239425;1472@2587833002:0.330754;1861@4086749087:0.637017;1430@610299331:0.521644;1384@3743971847:0.278148;1829@1031294326:0.728617;1635@2691986181:0.430459;1785@3009185362:0.305726;1712@2622738821:0.014266;1116@3618493902:0.790564;1010@951939935:0.969602;1371@444105211:0.618707;1381@1141010149:0.104146;1736@414947958:0.789098;1206@3302909151:0.912412;1202@1208038273:0.6116|67@0.023337,0.193292,0.985804,0.265451,0.284222,0.115104,0.68166,0.266199,0.074801,0.811584,0.470954;56@0.885744,0.123181,0.276471,0.206488,0.898288,0.917377,0.194071,0.115496,0.133694,0.856786,0.32372,0.540661;73@0.897605,0.744307;38@0.299451,0.327056,0.435774,0.215003,0.171179,0.572664,0.21884,0.173807,0.886028,0.255362;1@;14@0.702585,0.329902,0.548726,0.421288,0.705576,0.316736,0.472085,0.399652,0.05182;41@;32@0.794832,0.482153,0.053182,0.639153;70@0.978122,0.837654,0.034849,0.485703;43@0.378203,0.256937,0.351196,0.352893,0.242232,0.267834,0.128176,0.556952,0.019634,0.959045,0.215595;65@0.017655,0.205061,0.390834,0.455912;20@0.983264,0.845597,0.674212,0.5921;40@0.320201,0.771818,0.053469;100@0.376277;37@0.163928,0.552696,0.718283,0.429895,0.967304,0.486278,0.807677,0.237634,0.58025,0.288336,0.447235,0.852098,0.95781;27@0.303547,0.810447,0.711481,0.637763,0.716879,0.056495,0.981135;92@0.48677,0.951118,0.052663,0.149911,0.636996;10@0.802336,0.751091,0.018023,0.786827,0.220008,0.456169,0.799186,0.654259,0.405653,0.457806,0.384117,0.546394;75@0.606744,0.749807,0.510313,0.199155,0.310882,0.040228,0.619698,0.735837,0.801328,0.138377;84@0.607159,0.586786,0.76364,0.009273,0.197114,0.997645,0.525359,0.596773,0.491474,0.858603,0.683636;82@0.315752;47@0.550452,0.60577,0.291334,0.048648,0.137175,0.591402,0.269102,0.01574,0.273974,0.569096,0.13775;9@0.348535,0.229206,0.92775,0.11321,0.149699,0.062251,0.21309,0.527965,0.242534,0.851973,0.726751;39@0.5488,0.627936,0.499726,0.353415,0.279923,0.92699,0.561644,0.351776,0.120909;88@0.379503,0.238324,0.538143,0.083329,0.94783,0.379631,0.734785;30@0.79281,0.44493,0.368907,0.222038,0.886087,0.833754,0.44471,0.364099,0.383745,0.800749|1|1762487393
I20251108 00:02:58.872795 139717798590272 data_text_parser.cc:116] beg_pos: 18641,end_pos: 20480
I20251108 00:02:58.873048 139717798590272 data_text_parser.cc:101] get chunk buffer, size: 20480
I20251108 00:02:58.873062 139717798590272 data_text_parser.cc:116] beg_pos: 0,end_pos: 370
I20251108 00:02:58.873073 139717798590272 data_text_parser.cc:61] buffer line: 722|155|1720@3663308605:0.132327;1185@36744639:0.642607;1587@3714254317:0.182639;1048@2182400499:0.331377;1413@3342553440:0.554616;1472@3023982150:0.53846;1861@777813184:0.243735;1430@3668189933:0.127705;1384@2984190535:0.589288;1829@1544285103:0.289858;1635@1502248299:0.981562;1785@75871235:0.008477;1712@244970759:0.890048;1116@2106806397:0.753259;1010@94857964:0.389799;1371@3761540314:0.535327;1381@1109120909:0.861434;1736@3901917012:0.197317;1206@730200049:0.866438;1202@1194188578:0.835017|67@0.47134,0.402832,0.214088,0.27105,0.058896,0.803775,0.149899,0.568309,0.943746,0.21296,0.521248;56@0.239906,0.642039,0.480913,0.380219,0.276751,0.017372,0.273208,0.411417,0.989047,0.079895,0.227422,0.675011;73@0.835251,0.315382;38@0.589665,0.910058,0.576298,0.884198,0.096731,0.351995,0.127814,0.419583,0.882508,0.849139;1@;14@0.18178,0.210847,0.696174,0.693934,0.005311,0.519582,0.389976,0.46769,0.982758;41@;32@0.769621,0.916954,0.817439,0.683894;70@0.711149,0.172742,0.203921,0.234042;43@0.762714,0.577392,0.36908,0.37487,0.428087,0.788776,0.102921,0.548265,0.25667,0.389326,0.566214;65@0.61725,0.403928,0.821469,0.735563;20@0.382699,0.849151,0.281958,0.593963;40@0.431148,0.886327,0.027766;100@0.833843;37@0.991441,0.880215,0.780192,0.333088,0.124654,0.092455,0.299917,0.56397,0.068884,0.414667,0.196396,0.546088,0.562015;27@0.129418,0.522535,0.725392,0.803589,0.365602,0.744528,0.123599;92@0.221946,0.904342,0.144464,0.616436,0.45858;10@0.82668,0.828695,0.780979,0.853956,0.16756,0.415385,0.545061,0.566174,0.949405,0.336516,0.034208,0.873819;75@0.21655,0.600782,0.929334,0.04232,0.793307,0.838186,0.934423,0.134908,0.353503,0.382898;84@0.490065,0.497048,0.053086,0.152765,0.152232,0.321771,0.625393,0.90789,0.988058,0.160673,0.418233;82@0.13199;47@0.244931,0.334728,0.243982,0.915729,0.688746,0.489922,0.555263,0.127452,0.131304,0.031622,0.357529;9@0.412799,0.078931,0.177988,0.291122,0.987961,0.972744,0.311488,0.309224,0.569529,0.136761,0.177779;39@0.690488,0.031903,0.63101,0.714887,0.437445,0.745704,0.417317,0.648373,0.860996;88@0.511649,0.165186,0.782793,0.967362,0.153908,0.755008,0.622126;30@0.921139,0.496435,0.647321,0.803894,0.938163,0.388456,0.855906,0.249672,0.071414,0.388084|0|1762487393
I20251108 00:02:58.873111 139717798590272 data_text_parser.cc:116] beg_pos: 371,end_pos: 2581
I20251108 00:02:58.873124 139717798590272 data_text_parser.cc:59] line: 723|659|1720@317666141:0.560676;1185@1705341934:0.170499;1587@1973880266:0.561376;1048@3769720357:0.881087;1413@3789100443:0.266804;1472@1221023150:0.72693;1861@876170248:0.775989;1430@3272404660:0.95255;1384@2183158229:0.549775;1829@3556485341:0.883371;1635@3012809083:0.45294;1785@4017514331:0.291561;1712@2756237516:0.02919;1116@4043325763:0.309002;1010@1302579514:0.324968;1371@2043987259:0.568334;1381@3676731874:0.191751;1736@3649667410:0.639179;1206@4180922086:0.735351;1202@2020862487:0.675147|67@0.331716,0.836388,0.673729,0.811124,0.34246,0.885635,0.686826,0.899644,0.508105,0.469372,0.366876;56@0.012358,0.717029,0.65551,0.068478,0.410161,0.267278,0.683369,0.563483,0.258035,0.253786,0.116215,0.568238;73@0.867741,0.424794;38@0.989597,0.354441,0.258816,0.91702,0.426023,0.821323,0.467115,0.141641,0.691419,0.169508;1@;14@0.649544,0.762189,0.067611,0.925927,0.842669,0.855792,0.944387,0.255759,0.874747;41@;32@0.163742,0.401658,0.61929,0.602788;70@0.720425,0.467875,0.134623,0.471236;43@0.745942,0.696164,0.173021,0.317842,0.99069,0.924263,0.828816,0.039916,0.802115,0.600336,0.205864;65@0.99962,0.338015,0.316449,0.191836;20@0.409323,0.236553,0.842189,0.004212;40@0.833171,0.244089,0.57736;100@0.121853;37@0.989573,0.633748,0.148329,0.043675,0.574065,0.159925,0.493033,0.168935,0.502166,0.915056,0.075527,0.819877,0.215816;27@0.784239,0.5888,0.799493,0.458718,0.618571,0.110401,0.823756;92@0.367378,0.347441,0.679476,0.869988,0.50351;10@0.220732,0.869112,0.018158,0.194722,0.038715,0.29326,0.228504,0.468122,0.184215,0.508141,0.364053,0.82223;75@0.554979,0.712104,0.803048,0.095894,0.496762,0.141677,0.806366,0.058791,0.293518,0.271915;84@0.091673,0.229102,0.902858,0.537806,0.714283,0.778313,0.690349,0.058805,0.333104,0.223169,0.039369;82@0.257987;47@0.9589,0.25012,0.979321,0.324341,0.212798,0.542445,0.859887,0.899883,0.407402,0.707875,0.034463;9@0.041289,0.834651,0.330528,0.133721,0.636303,0.874078,0.210353,0.273779,0.11308,0.558482,0.805829;39@0.564999,0.5337,0.319833,0.25382,0.507449,0.386948,0.146111,0.309538,0.390146;88@0.02116,0.637787,0.385346,0.51491,0.414698,0.551474,0.340127;30@0.405951,0.145476,0.181922,0.834156,0.356227,0.068541,0.655144,0.056839,0.815206,0.616186|1|1762487393
I20251108 00:02:58.873159 139717798590272 data_text_parser.cc:116] beg_pos: 2582,end_pos: 4794
I20251108 00:02:58.873172 139717798590272 data_text_parser.cc:59] line: 724|215|1720@1981923247:0.633581;1185@3532198950:0.228365;1587@4142584373:0.807284;1048@2495564155:0.52108;1413@3085656233:0.456676;1472@4245814983:0.653562;1861@1223591295:0.953781;1430@2855851987:0.586358;1384@3808656157:0.665826;1829@1789559991:0.836429;1635@576569215:0.82702;1785@1801033723:0.763389;1712@2797719247:0.660293;1116@668881990:0.581846;1010@2530316739:0.959071;1371@3925598351:0.950986;1381@1874301183:0.513059;1736@2069587346:0.067394;1206@2694102171:0.79357;1202@88259906:0.508025|67@0.28302,0.282998,0.176789,0.833614,0.219081,0.184565,0.546429,0.720359,0.696053,0.269228,0.123773;56@0.921931,0.107222,0.42344,0.924306,0.893984,0.387504,0.310765,0.523236,0.455028,0.91229,0.236416,0.729273;73@0.747213,0.231341;38@0.750886,0.908318,0.67677,0.646014,0.43405,0.804906,0.78367,0.044843,0.886908,0.013846;1@;14@0.084763,0.164584,0.565613,0.812282,0.42726,0.188718,0.217193,0.802806,0.858568;41@;32@0.036779,0.243831,0.791326,0.237639;70@0.066019,0.810975,0.835122,0.455165;43@0.132638,0.832243,0.913265,0.665177,0.948831,0.342904,0.222627,0.461163,0.317328,0.886697,0.684191;65@0.563555,0.804508,0.981747,0.515683;20@0.218826,0.381283,0.753278,0.010573;40@0.279864,0.367866,0.211633;100@0.632406;37@0.896266,0.809322,0.699087,0.421008,0.301071,0.28862,0.225065,0.067798,0.693392,0.352134,0.252989,0.858631,0.606662;27@0.549139,0.653225,0.337432,0.292852,0.791352,0.210801,0.787486;92@0.163233,0.361754,0.047578,0.706725,0.986618;10@0.116263,0.593452,0.14473,0.546399,0.387147,0.92865,0.314366,0.176457,0.233834,0.338949,0.417036,0.643969;75@0.213833,0.898281,0.902985,0.426294,0.314487,0.188989,0.527808,0.757792,0.541914,0.849971;84@0.594373,0.512421,0.415198,0.058191,0.357079,0.819907,0.561099,0.947649,0.152383,0.694413,0.469461;82@0.062944;47@0.464475,0.731347,0.015346,0.304007,0.977575,0.853964,0.823509,0.867475,0.727284,0.5895,0.242986;9@0.808628,0.646018,0.523922,0.093102,0.247978,0.007925,0.051557,0.288877,0.803856,0.573951,0.487622;39@0.299079,0.602865,0.610365,0.403356,0.160698,0.312212,0.336928,0.39892,0.756881;88@0.40837,0.286619,0.820668,0.214356,0.563971,0.211871,0.369828;30@0.489103,0.7571,0.606872,0.391044,0.738674,0.367391,0.81153,0.918125,0.248922,0.70214|1|1762487393
I20251108 00:02:58.873210 139717798590272 data_text_parser.cc:116] beg_pos: 4795,end_pos: 7009
I20251108 00:02:58.873218 139717798590272 data_text_parser.cc:59] line: 725|307|1720@3544080511:0.705516;1185@3454631312:0.220109;1587@2068593767:0.745398;1048@1344013077:0.422823;1413@2271847601:0.472714;1472@1494251538:0.406536;1861@3342553440:0.814636;1430@2388967739:0.429806;1384@2356289734:0.984834;1829@4077144948:0.380801;1635@2524711731:0.028581;1785@2703331267:0.745252;1712@4106429744:0.623227;1116@2433714301:0.110632;1010@1652806481:0.34755;1371@2179958522:0.869831;1381@3757105051:0.49816;1736@1200467679:0.604568;1206@3625386333:0.906271;1202@3170821505:0.346864|67@0.301503,0.692646,0.012505,0.054323,0.918459,0.491879,0.826552,0.012201,0.618205,0.021272,0.534388;56@0.796707,0.748515,0.506384,0.27962,0.237858,0.745985,0.62077,0.014527,0.799905,0.750683,0.636709,0.946786;73@0.385086,0.080918;38@0.411344,0.030311,0.143109,0.43547,0.546689,0.357199,0.966768,0.474405,0.627731,0.541638;1@;14@0.932942,0.93172,0.368713,0.238638,0.961169,0.55697,0.538128,0.032673,0.548145;41@;32@0.256005,0.167359,0.85138,0.980621;70@0.200591,0.325438,0.289274,0.532849;43@0.359071,0.869807,0.478236,0.017707,0.305428,0.846377,0.207002,0.61496,0.238441,0.397399,0.750334;65@0.465423,0.936114,0.037663,0.098165;20@0.838309,0.532027,0.02756,0.472159;40@0.073028,0.678863,0.390884;100@0.897357;37@0.454902,0.986567,0.480951,0.4264,0.481881,0.463469,0.387488,0.76815,0.646085,0.743276,0.744401,0.886869,0.132296;27@0.83049,0.519917,0.864167,0.204284,0.513929,0.819157,0.642448;92@0.51457,0.153234,0.383917,0.647086,0.066449;10@0.057449,0.544631,0.123572,0.228127,0.86584,0.994208,0.685341,0.522864,0.801661,0.494322,0.057311,0.122665;75@0.050978,0.415865,0.257597,0.732955,0.414585,0.059717,0.476655,0.368701,0.585007,0.553132;84@0.169025,0.238721,0.037192,0.545253,0.984984,0.782777,0.932873,0.181982,0.002066,0.036242,0.419049;82@0.396641;47@0.622675,0.954781,0.578593,0.815194,0.829341,0.028972,0.888885,0.413643,0.788393,0.314641,0.86774;9@0.886889,0.592008,0.82046,0.591891,0.441091,0.25703,0.156281,0.96917,0.936328,0.14544,0.762194;39@0.978884,0.927134,0.904894,0.354609,0.130317,0.462296,0.204622,0.326544,0.949735;88@0.145021,0.98318,0.991456,0.903467,0.724376,0.59479,0.231068;30@0.436813,0.322618,0.664271,0.328194,0.285858,0.916124,0.144039,0.040324,0.606072,0.359714|1|1762487393
I20251108 00:02:58.873258 139717798590272 data_text_parser.cc:116] beg_pos: 7010,end_pos: 9225
I20251108 00:02:58.873270 139717798590272 data_text_parser.cc:59] line: 726|496|1720@2128544320:0.151294;1185@3622953972:0.444165;1587@1198575474:0.765343;1048@41633505:0.382098;1413@3291143350:0.455999;1472@3241328613:0.062021;1861@1636410175:0.667112;1430@996951034:0.636405;1384@1647012333:0.98775;1829@3669478087:0.047453;1635@3466980238:0.609348;1785@3963041614:0.193953;1712@2082495130:0.852972;1116@3708184972:0.013276;1010@3316256148:0.936566;1371@3998874160:0.681492;1381@1486628954:0.991293;1736@2381206007:0.226014;1206@2064094886:0.480512;1202@2349719498:0.039267|67@0.366283,0.822924,0.739842,0.934653,0.633373,0.970231,0.648677,0.772695,0.222564,0.258364,0.568532;56@0.510617,0.671314,0.413747,0.257697,0.371485,0.303748,0.117219,0.915219,0.346673,0.813556,0.078251,0.980867;73@0.036863,0.272868;38@0.598392,0.975537,0.141173,0.197315,0.2585,0.32892,0.055998,0.018278,0.681368,0.038435;1@;14@0.445385,0.600419,0.420804,0.192772,0.83672,0.54915,0.262127,0.088772,0.744493;41@;32@0.407696,0.004135,0.254044,0.093731;70@0.859982,0.249962,0.239474,0.924733;43@0.832754,0.832439,0.083747,0.945554,0.379924,0.063186,0.701335,0.745149,0.579562,0.524754,0.179109;65@0.034273,0.579057,0.241898,0.109146;20@0.60488,0.349857,0.283533,0.378865;40@0.060454,0.182724,0.33661;100@0.050424;37@0.471453,0.002761,0.324328,0.628125,0.474934,0.901187,0.963313,0.419338,0.887124,0.615862,0.184308,0.716606,0.669822;27@0.09946,0.141523,0.425371,0.021497,0.688777,0.986757,0.164699;92@0.518724,0.227072,0.557418,0.569029,0.812634;10@0.24757,0.716924,0.069868,0.903401,0.65545,0.593805,0.433557,0.885886,0.000122,0.808573,0.963169,0.683951;75@0.251882,0.547315,0.852365,0.016775,0.746488,0.412015,0.202278,0.44967,0.801244,0.767982;84@0.818425,0.263233,0.510584,0.265755,0.481388,0.996441,0.589267,0.108519,0.566381,0.563006,0.541622;82@0.668623;47@0.719224,0.335,0.700545,0.807734,0.436488,0.456007,0.861751,0.162,0.994782,0.752788,0.967241;9@0.526403,0.355022,0.805241,0.744803,0.656413,0.524644,0.627372,0.328047,0.168104,0.153684,0.758938;39@0.486588,0.28872,0.492007,0.526397,0.103769,0.414112,0.631417,0.916581,0.462503;88@0.559376,0.361965,0.828934,0.172561,0.408928,0.447725,0.119151;30@0.577564,0.603681,0.703833,0.467175,0.602101,0.460063,0.934257,0.461246,0.710936,0.302109|0|1762487393
I20251108 00:02:58.873302 139717798590272 data_text_parser.cc:116] beg_pos: 9226,end_pos: 11422
I20251108 00:02:58.873314 139717798590272 data_text_parser.cc:59] line: 727|829|1720@3040334124:0.461399;1185@2924122726:0.809743;1587@2030518780:0.217541;1048@101477692:0.719056;1413@1145046197:0.381504;1472@399712489:0.419072;1861@4221890637:0.075887;1430@1807781930:0.040556;1384@3988012459:0.161026;1829@4054080356:0.398267;1635@3352632741:0.599139;1785@3965683273:0.902534;1712@1354866294:0.801164;1116@2003974142:0.933621;1010@1909115534:0.612719;1371@2721838119:0.300384;1381@960807377:0.97536;1736@589789082:0.652961;1206@760290079:0.37203;1202@1592370378:0.65112|67@0.886606,0.222696,0.672545,0.242295,0.693042,0.852749,0.41368,0.203889,0.14224,0.386374,0.808479;56@0.3618,0.617715,0.758101,0.453931,0.806547,0.110717,0.397323,0.046826,0.828613,0.2379,0.173685,0.271399;73@0.304802,0.102878;38@0.782305,0.442544,0.126773,0.712136,0.287225,0.415068,0.58708,0.050021,0.975975,0.862144;1@;14@0.406168,0.108242,0.50692,0.620931,0.59601,0.49443,0.21125,0.491479,0.137361;41@;32@0.162625,0.606454,0.915663,0.109956;70@0.797779,0.360543,0.36046,0.790578;43@0.877629,0.450377,0.316325,0.126269,0.85892,0.42652,0.156468,0.597727,0.518013,0.127627,0.670261;65@0.317115,0.00136,0.435454,0.779358;20@0.344623,0.312344,0.418004,0.671098;40@0.994749,0.602491,0.769709;100@0.231739;37@0.809574,0.953287,0.15529,0.282609,0.159255,0.345493,0.495089,0.598125,0.139523,0.825148,0.707672,0.31912,0.456316;27@0.855238,0.348549,0.955238,0.028263,0.472129,0.776976,0.177809;92@0.540824,0.17795,0.512387,0.056576,0.1564;10@0.191173,0.9701,0.624933,0.844508,0.148789,0.125451,0.983288,0.11725,0.114643,0.07494,0.748499,0.923896;75@0.277071,0.606106,0.864578,0.826761,0.872151,0.124729,0.516271,0.634375,0.368514,0.673095;84@0.68153,0.597391,0.760739,0.891597,0.655703,0.37041,0.323692,0.743906,0.916209,0.179182,0.623267;82@0.525015;47@0.716349,0.534013,0.560956,0.485133,0.894411,0.806586,0.847822,0.088991,0.578138,0.277676,0.770031;9@0.278478,0.265531,0.252527,0.937657,0.205517,0.623555,0.399385,0.174444,0.90466,0.185113,0.373975;39@0.40893,0.086822,0.213454,0.585302,0.004494,0.20993,0.753072,0.880414,0.702982;88@0.225427,0.239517,0.773344,0.217447,0.850017,0.355112,0.905725;30@0.248183,0.4652,0.53817,0.527997,0.411549,0.515698,0.250867,0.463091,0.31118,0.060106|1|1762487393
I20251108 00:02:58.873358 139717798590272 data_text_parser.cc:116] beg_pos: 11423,end_pos: 13643
I20251108 00:02:58.873370 139717798590272 data_text_parser.cc:59] line: 728|802|1720@2053726079:0.11568;1185@3362952646:0.877361;1587@3260338711:0.540557;1048@2222706849:0.434562;1413@1074373667:0.229329;1472@3487424434:0.294535;1861@3411006928:0.195471;1430@769860280:0.491218;1384@2607373104:0.754485;1829@3186586789:0.079948;1635@1824918126:0.392248;1785@2284138423:0.263435;1712@2767357671:0.474703;1116@2819200720:0.288595;1010@48091323:0.285448;1371@1721399037:0.231904;1381@3075744883:0.054798;1736@2469015973:0.266803;1206@2390621756:0.006064;1202@290627039:0.78204|67@0.044677,0.817114,0.050359,0.252746,0.356189,0.889773,0.770896,0.597237,0.815432,0.259461,0.687553;56@0.364169,0.453456,0.981498,0.752093,0.627619,0.305558,0.903365,0.920523,0.078778,0.835884,0.9196,0.160478;73@0.341208,0.263569;38@0.284854,0.681615,0.632674,0.601213,0.62574,0.610893,0.306713,0.554153,0.090003,0.871313;1@;14@0.706406,0.276411,0.419772,0.573581,0.632602,0.170127,0.284499,0.402424,0.635799;41@;32@0.634233,0.745762,0.295986,0.349447;70@0.234043,0.516612,0.149311,0.168978;43@0.872422,0.981005,0.619979,0.116283,0.961657,0.218419,0.800908,0.832879,0.427413,0.736286,0.807915;65@0.680107,0.036896,0.654664,0.636845;20@0.455153,0.498571,0.141957,0.966004;40@0.25882,0.76156,0.753984;100@0.317589;37@0.99525,0.795292,0.759776,0.92621,0.424677,0.713106,0.674686,0.825197,0.316017,0.704385,0.967216,0.531591,0.368485;27@0.096581,0.083195,0.392948,0.277297,0.435408,0.77498,0.982547;92@0.826457,0.972462,0.164491,0.030078,0.217948;10@0.771138,0.01817,0.412452,0.277394,0.673185,0.989655,0.985333,0.055159,0.074268,0.147799,0.316143,0.514669;75@0.858801,0.879506,0.568404,0.971082,0.587981,0.971769,0.283176,0.589935,0.466769,0.68965;84@0.405537,0.694699,0.129072,0.37974,0.400849,0.309824,0.764883,0.094564,0.243136,0.952091,0.806387;82@0.718111;47@0.607981,0.049753,0.828091,0.608522,0.709728,0.063483,0.930712,0.579413,0.353656,0.161366,0.900978;9@0.703871,0.442518,0.662998,0.889724,0.540407,0.980343,0.005332,0.508131,0.137851,0.504163,0.682738;39@0.679272,0.628746,0.117503,0.290079,0.144738,0.851673,0.114199,0.692282,0.517892;88@0.020047,0.945502,0.523661,0.830929,0.003122,0.395049,0.189596;30@0.413592,0.321101,0.044231,0.749331,0.823979,0.598172,0.858125,0.655611,0.609506,0.654545|0|1762487393
I20251108 00:02:58.873406 139717798590272 data_text_parser.cc:116] beg_pos: 13644,end_pos: 15850
I20251108 00:02:58.873419 139717798590272 data_text_parser.cc:59] line: 729|959|1720@4014656697:0.096809;1185@571130682:0.043645;1587@343175831:0.158613;1048@2640726340:0.555783;1413@3959377255:0.242405;1472@3027840275:0.250826;1861@2002329917:0.334629;1430@1316375587:0.231022;1384@1880997759:0.91989;1829@716794159:0.958451;1635@621658839:0.457461;1785@399655125:0.187753;1712@3393860902:0.529326;1116@1610185940:0.809886;1010@3739241045:0.703944;1371@4081631062:0.972005;1381@1138375486:0.415541;1736@3598985405:0.824553;1206@1558589559:0.519852;1202@3122013495:0.753221|67@0.991209,0.231803,0.376723,0.996121,0.553617,0.423435,0.726595,0.254565,0.489258,0.824449,0.404773;56@0.157057,0.943496,0.036431,0.497275,0.810824,0.044543,0.939682,0.141164,0.16453,0.813002,0.489614,0.234931;73@0.627518,0.213692;38@0.5104,0.429905,0.710676,0.189982,0.485125,0.446126,0.989843,0.756908,0.043843,0.003111;1@;14@0.958678,0.386786,0.917963,0.06562,0.143336,0.947149,0.243941,0.632504,0.674281;41@;32@0.860676,0.107379,0.599949,0.582018;70@0.840151,0.487742,0.836487,0.659787;43@0.515581,0.331943,0.230712,0.316794,0.904819,0.467247,0.948904,0.410398,0.002569,0.085516,0.56792;65@0.800458,0.570293,0.703719,0.513;20@0.89574,0.199138,0.037083,0.001139;40@0.114133,0.170749,0.900691;100@0.022507;37@0.465791,0.980552,0.404961,0.958962,0.69729,0.789911,0.602489,0.054553,0.631743,0.195663,0.052924,0.326893,0.420809;27@0.013965,0.909359,0.532918,0.357583,0.403915,0.151948,0.879169;92@0.742131,0.535002,0.027331,0.946114,0.109207;10@0.240508,0.529687,0.017658,0.580905,0.409809,0.7118,0.64473,0.449758,0.183848,0.340084,0.178374,0.901201;75@0.984152,0.795229,0.182958,0.881703,0.328381,0.841379,0.379769,0.95178,0.400298,0.62381;84@0.311761,0.199993,0.336445,0.8426,0.45181,0.340969,0.05058,0.26499,0.753666,0.713138,0.793869;82@0.045121;47@0.947923,0.631561,0.664601,0.432664,0.389542,0.054106,0.769927,0.764013,0.306686,0.487532,0.58055;9@0.497135,0.667475,0.40762,0.937621,0.316872,0.074266,0.544562,0.192355,0.447333,0.611033,0.526207;39@0.062022,0.871287,0.321765,0.568593,0.998497,0.172983,0.585083,0.584559,0.419156;88@0.874742,0.155837,0.218815,0.676755,0.46257,0.834551,0.937253;30@0.071949,0.1529,0.790323,0.350984,0.373535,0.553703,0.460923,0.579384,0.176069,0.611291|0|1762487393
I20251108 00:02:58.873462 139717798590272 data_text_parser.cc:116] beg_pos: 15851,end_pos: 18069
I20251108 00:02:58.873475 139717798590272 data_text_parser.cc:59] line: 730|173|1720@3698245317:0.466673;1185@335801316:0.596922;1587@2954004003:0.859094;1048@2663702203:0.641894;1413@163158778:0.465416;1472@3548554144:0.131556;1861@3615461058:0.014868;1430@2234027591:0.112736;1384@1837120930:0.593786;1829@1551045109:0.152181;1635@3485924587:0.822847;1785@1086645949:0.733681;1712@3857696302:0.107692;1116@2325833431:0.302191;1010@1183384305:0.681502;1371@1900259804:0.970345;1381@249560702:0.358753;1736@2803947628:0.472044;1206@2463063113:0.064103;1202@3646723115:0.21916|67@0.901827,0.698028,0.88935,0.92625,0.348917,0.167597,0.554084,0.148553,0.680326,0.711637,0.304635;56@0.51537,0.16851,0.118655,0.454789,0.799484,0.216093,0.935297,0.128884,0.854694,0.267946,0.065304,0.974427;73@0.946285,0.047909;38@0.711287,0.463223,0.988945,0.832969,0.397215,0.192267,0.647498,0.701404,0.678784,0.54936;1@;14@0.601605,0.998799,0.048032,0.78906,0.388427,0.334383,0.426719,0.008515,0.714216;41@;32@0.251793,0.084758,0.864989,0.342104;70@0.747039,0.967078,0.23432,0.180332;43@0.226921,0.060587,0.65356,0.404831,0.487739,0.201753,0.186702,0.888609,0.313074,0.525073,0.118042;65@0.816488,0.239055,0.725849,0.815285;20@0.763394,0.832849,0.270925,0.823421;40@0.277291,0.417441,0.372975;100@0.552281;37@0.733703,0.084905,0.794645,0.159705,0.562752,0.003831,0.911817,0.482035,0.615,0.790504,0.118433,0.93954,0.516106;27@0.805102,0.193706,0.322105,0.340405,0.329913,0.793166,0.821873;92@0.995956,0.104646,0.71232,0.568265,0.776917;10@0.363764,0.900923,0.173757,0.083996,0.161084,0.000894,0.208417,0.92885,0.571821,0.616888,0.913985,0.56634;75@0.653998,0.649769,0.222292,0.501139,0.272058,0.172389,0.092444,0.912711,0.289998,0.232344;84@0.717311,0.506743,0.516783,0.355257,0.818911,0.575361,0.405742,0.043361,0.287804,0.736078,0.918363;82@0.572815;47@0.859295,0.076533,0.354713,0.094984,0.953121,0.381006,0.032182,0.067326,0.208267,0.221469,0.643137;9@0.275818,0.673131,0.586869,0.351589,0.553757,0.222656,0.887429,0.454961,0.619526,0.754072,0.533404;39@0.766318,0.803138,0.475353,0.662244,0.871093,0.228017,0.377766,0.649577,0.722124;88@0.262698,0.985829,0.325779,0.841769,0.344316,0.129842,0.627394;30@0.965056,0.291937,0.957472,0.650754,0.650465,0.236517,0.057272,0.896483,0.293048,0.608621|1|1762487393
I20251108 00:02:58.873510 139717798590272 data_text_parser.cc:116] beg_pos: 18070,end_pos: 20288
I20251108 00:02:58.873522 139717798590272 data_text_parser.cc:59] line: 731|486|1720@621658839:0.457696;1185@2057983274:0.924822;1587@2192822187:0.590836;1048@1683779324:0.384887;1413@929354104:0.363266;1472@1070352739:0.091981;1861@1674540399:0.496988;1430@3872430213:0.601364;1384@2174401493:0.965102;1829@2885907784:0.54864;1635@1993836759:0.298171;1785@3485924587:0.122192;1712@2585630810:0.801732;1116@157877232:0.944429;1010@72560465:0.751866;1371@577357121:0.498728;1381@662012262:0.750955;1736@2915192996:0.359471;1206@2942499607:0.119263;1202@3193215017:0.272367|67@0.721374,0.203615,0.327557,0.165978,0.55774,0.222837,0.761125,0.588035,0.659288,0.403641,0.007756;56@0.343668,0.081215,0.603678,0.134613,0.687036,0.032739,0.467289,0.719494,0.360577,0.776109,0.711038,0.959186;73@0.987842,0.01884;38@0.594148,0.221653,0.24034,0.949954,0.081853,0.655975,0.766696,0.201854,0.869999,0.270062;1@;14@0.064309,0.443343,0.088496,0.058553,0.368347,0.225502,0.996632,0.461488,0.871497;41@;32@0.923415,0.698571,0.279977,0.57431;70@0.619121,0.836669,0.862192,0.475654;43@0.716754,0.198664,0.552025,0.564654,0.232716,0.665362,0.735222,0.629972,0.683103,0.716796,0.681703;65@0.887859,0.933492,0.010222,0.833604;20@0.411228,0.239692,0.768347,0.926331;40@0.283852,0.919445,0.688206;100@0.323821;37@0.742848,0.653998,0.021329,0.390106,0.615609,0.509832,0.327285,0.038459,0.552959,0.387051,0.337447,0.254901,0.640778;27@0.383012,0.50955,0.984884,0.24381,0.323962,0.946109,0.207135;92@0.637208,0.166932,0.832274,0.478483,0.958748;10@0.788934,0.056407,0.771793,0.783008,0.395869,0.154665,0.889292,0.950251,0.013532,0.80575,0.544118,0.418823;75@0.392803,0.191961,0.794365,0.300727,0.130985,0.469314,0.589641,0.033249,0.024048,0.766469;84@0.692283,0.507724,0.346468,0.644262,0.882385,0.986573,0.493794,0.412768,0.667295,0.119751,0.401463;82@0.381981;47@0.49336,0.719344,0.795663,0.536122,0.001496,0.434335,0.933743,0.035396,0.117775,0.763309,0.155881;9@0.150493,0.065731,0.135102,0.487344,0.356217,0.306261,0.95885,0.551158,0.620781,0.994774,0.643405;39@0.236351,0.217424,0.563004,0.852952,0.408249,0.547042,0.583002,0.816405,0.659494;88@0.030143,0.022827,0.172011,0.70797,0.817341,0.890121,0.399621;30@0.323908,0.243122,0.018995,0.676247,0.921695,0.645968,0.88174,0.939816,0.523208,0.117718|0|1762487393
I20251108 00:02:58.873546 139717798590272 data_text_parser.cc:116] beg_pos: 20289,end_pos: 20480
I20251108 00:02:58.873789 139717798590272 data_text_parser.cc:101] get chunk buffer, size: 20480
I20251108 00:02:58.873815 139717798590272 data_text_parser.cc:116] beg_pos: 0,end_pos: 2019
I20251108 00:02:58.873822 139717798590272 data_text_parser.cc:61] buffer line: 732|309|1720@2092911776:0.869555;1185@114581106:0.330583;1587@2055300698:0.070556;1048@3860885138:0.12677;1413@2721954713:0.438479;1472@272060610:0.903806;1861@2380858820:0.583442;1430@1668431218:0.137428;1384@3758008525:0.997075;1829@1840757293:0.597772;1635@3988145284:0.426749;1785@1421829981:0.781855;1712@4146711098:0.96838;1116@1130718857:0.45914;1010@3737763084:0.064691;1371@3861723810:0.832346;1381@557740510:0.893704;1736@855151485:0.76953;1206@1877799378:0.782902;1202@927836846:0.775823|67@0.474777,0.619967,0.725638,0.623292,0.152729,0.990729,0.595672,0.757634,0.649501,0.632609,0.578639;56@0.535281,0.52006,0.173413,0.018765,0.756296,0.268339,0.169912,0.729019,0.559284,0.573259,0.116272,0.78934;73@0.471822,0.619295;38@0.384508,0.738202,0.291721,0.621764,0.372455,0.273726,0.536581,0.119164,0.66725,0.847739;1@;14@0.296383,0.730385,0.089309,0.75475,0.246481,0.648696,0.545598,0.040986,0.265978;41@;32@0.174431,0.611021,0.657237,0.026123;70@0.19949,0.178203,0.396448,0.314143;43@0.388642,0.625975,0.854585,0.591072,0.091831,0.629209,0.906313,0.403292,0.496039,0.985031,0.117921;65@0.270839,0.420599,0.090185,0.311642;20@0.762285,0.772931,0.89091,0.606224;40@0.133661,0.291924,0.789144;100@0.351149;37@0.130034,0.727207,0.152188,0.859244,0.544885,0.22729,0.12026,0.204598,0.870383,0.063853,0.463025,0.835326,0.122708;27@0.912103,0.901967,0.139835,0.057463,0.776552,0.342682,0.882985;92@0.873719,0.776539,0.685702,0.927976,0.184012;10@0.588941,0.740913,0.865782,0.792318,0.41368,0.671813,0.125273,0.62751,0.43973,0.050284,0.433261,0.540175;75@0.122122,0.788052,0.593598,0.801475,0.164851,0.045431,0.191245,0.468919,0.762475,0.398817;84@0.596103,0.034181,0.294828,0.511072,0.29946,0.924254,0.241382,0.017499,0.338993,0.428809,0.033413;82@0.81858;47@0.08821,0.300953,0.074116,0.275439,0.463701,0.456513,0.207783,0.687113,0.359982,0.008412,0.339359;9@0.850521,0.707722,0.921411,0.005561,0.73676,0.883382,0.7802,0.447384,0.342576,0.294836,0.905477;39@0.503482,0.208414,0.085755,0.965382,0.074871,0.03737,0.971782,0.053331,0.733915;88@0.169827,0.548871,0.227807,0.049089,0.258183,0.356146,0.214139;30@0.872264,0.229929,0.993344,0.786958,0.987386,0.789173,0.993124,0.447749,0.708454,0.928808|0|1762487393
I20251108 00:02:58.873864 139717798590272 data_text_parser.cc:116] beg_pos: 2020,end_pos: 4239
I20251108 00:02:58.873876 139717798590272 data_text_parser.cc:59] line: 733|35|1720@1815340570:0.504571;1185@3031596077:0.208327;1587@934930779:0.194842;1048@4048661768:0.626941;1413@857748984:0.825194;1472@2881189206:0.442295;1861@596752653:0.577939;1430@94370687:0.382396;1384@3494099590:0.907182;1829@920689904:0.408534;1635@617387153:0.412722;1785@1608854688:0.707652;1712@2409412415:0.043363;1116@1438266000:0.689923;1010@3160704143:0.619411;1371@1580257457:0.033531;1381@3287689090:0.22997;1736@1909934865:0.227028;1206@3864043606:0.146358;1202@2945417047:0.032795|67@0.090705,0.496984,0.158707,0.575789,0.273061,0.86937,0.65263,0.668371,0.78964,0.219143,0.334421;56@0.123076,0.458074,0.265845,0.681501,0.592689,0.341152,0.046532,0.815271,0.124232,0.218736,0.568327,0.621539;73@0.340988,0.148327;38@0.176542,0.246225,0.01233,0.195349,0.307994,0.011259,0.389405,0.042343,0.286045,0.963738;1@;14@0.537135,0.774369,0.143492,0.907408,0.196549,0.795168,0.779238,0.507966,0.988066;41@;32@0.79256,0.918801,0.414655,0.749708;70@0.703594,0.834116,0.689255,0.191528;43@0.842489,0.239775,0.614348,0.814606,0.698334,0.917752,0.526946,0.357499,0.758401,0.408863,0.540522;65@0.299034,0.901304,0.445381,0.868486;20@0.166251,0.24686,0.351682,0.150653;40@0.406313,0.762305,0.396321;100@0.932684;37@0.642465,0.535062,0.837267,0.330888,0.917334,0.521332,0.996645,0.994908,0.07339,0.015392,0.111471,0.003922,0.767296;27@0.447026,0.170836,0.437285,0.250085,0.312352,0.457956,0.766511;92@0.827241,0.156653,0.843604,0.944765,0.26755;10@0.989699,0.354276,0.800675,0.893214,0.38486,0.840312,0.738992,0.324324,0.515902,0.837223,0.130571,0.328585;75@0.686442,0.941104,0.420123,0.167507,0.555988,0.297501,0.079399,0.388923,0.299937,0.658517;84@0.963447,0.249233,0.154935,0.410316,0.996928,0.824643,0.928562,0.048814,0.013843,0.308517,0.534892;82@0.041044;47@0.028804,0.246008,0.208897,0.281166,0.825638,0.106645,0.706513,0.803517,0.199251,0.147112,0.825454;9@0.427588,0.022902,0.640019,0.351922,0.724991,0.562454,0.312044,0.860137,0.383398,0.908951,0.549933;39@0.859301,0.418234,0.886313,0.435247,0.058334,0.720575,0.288339,0.540911,0.837098;88@0.908129,0.489064,0.878967,0.025224,0.125323,0.091295,0.751825;30@0.433349,0.653283,0.223821,0.876372,0.954678,0.710068,0.280349,0.444113,0.750638,0.727055|1|1762487393
I20251108 00:02:58.873911 139717798590272 data_text_parser.cc:116] beg_pos: 4240,end_pos: 6448
I20251108 00:02:58.873924 139717798590272 data_text_parser.cc:59] line: 734|114|1720@1924049319:0.233969;1185@2032964084:0.633567;1587@1110806949:0.190368;1048@4259338806:0.670131;1413@891224844:0.853064;1472@3130653288:0.804723;1861@135407452:0.095615;1430@748417595:0.298133;1384@829297478:0.490648;1829@706866882:0.509287;1635@217080834:0.851929;1785@3366262077:0.802759;1712@126926414:0.404574;1116@4099110277:0.787833;1010@998869518:0.771975;1371@1418160697:0.628722;1381@3580236594:0.185629;1736@1520845141:0.788832;1206@2339153006:0.017958;1202@4075988555:0.546347|67@0.482298,0.401886,0.697255,0.678828,0.012867,0.437113,0.127628,0.514223,0.575456,0.32455,0.754015;56@0.287788,0.797824,0.486048,0.579271,0.309047,0.705862,0.441581,0.099104,0.363002,0.675974,0.289426,0.14504;73@0.448031,0.956797;38@0.078605,0.372455,0.521818,0.105276,0.432071,0.53766,0.401755,0.629575,0.692577,0.435657;1@;14@0.562233,0.701475,0.897613,0.604658,0.537826,0.136345,0.501651,0.233957,0.757307;41@;32@0.448565,0.119652,0.983146,0.316991;70@0.318443,0.721854,0.858464,0.537653;43@0.85251,0.66665,0.569889,0.719266,0.967406,0.302286,0.967203,0.862383,0.255116,0.698567,0.403476;65@0.646325,0.594674,0.099908,0.226068;20@0.205115,0.355797,0.262222,0.109554;40@0.180714,0.686419,0.717901;100@0.926407;37@0.305485,0.32079,0.093292,0.564434,0.869122,0.113953,0.468293,0.577112,0.893654,0.97687,0.102721,0.470588,0.28253;27@0.062658,0.688193,0.1596,0.793178,0.315566,0.377891,0.396317;92@0.501101,0.567977,0.70105,0.964711,0.699923;10@0.462627,0.352727,0.283414,0.771627,0.039665,0.767597,0.388333,0.78199,0.841649,0.506463,0.616129,0.3595;75@0.885686,0.519616,0.473501,0.404306,0.858108,0.03896,0.249547,0.160907,0.653564,0.875385;84@0.134164,0.495776,0.147002,0.671893,0.893767,0.114463,0.232022,0.687415,0.691949,0.599519,0.323778;82@0.394611;47@0.813274,0.332233,0.636338,0.349764,0.240114,0.292737,0.047551,0.187691,0.110249,0.083825,0.470342;9@0.713921,0.195372,0.836562,0.098026,0.037552,0.94418,0.855703,0.788196,0.842735,0.50841,0.250695;39@0.970358,0.599116,0.29915,0.974182,0.072031,0.748656,0.915663,0.128452,0.29597;88@0.61555,0.396618,0.275833,0.540135,0.107439,0.731924,0.76891;30@0.487019,0.038061,0.170816,0.537163,0.668488,0.678318,0.737897,0.469541,0.030086,0.505747|0|1762487393
I20251108 00:02:58.873962 139717798590272 data_text_parser.cc:116] beg_pos: 6449,end_pos: 8671
I20251108 00:02:58.873975 139717798590272 data_text_parser.cc:59] line: 735|83|1720@2778593409:0.41987;1185@2049931393:0.348786;1587@3049767718:0.079587;1048@1378291966:0.524226;1413@1049193272:0.522922;1472@1292127828:0.150661;1861@3089930725:0.247658;1430@191875987:0.10018;1384@1841457076:0.366918;1829@2639719757:0.730394;1635@4281452621:0.446467;1785@1193279011:0.384902;1712@2317567759:0.997762;1116@3686823650:0.298673;1010@1091146835:0.323085;1371@663617563:0.618018;1381@3993855760:0.197192;1736@2669189345:0.998406;1206@3981366835:0.359147;1202@1837754586:0.726549|67@0.281489,0.807679,0.653545,0.563972,0.737291,0.650648,0.370134,0.561978,0.705364,0.689165,0.652677;56@0.155004,0.777871,0.310535,0.026485,0.629329,0.557867,0.6202,0.320242,0.538615,0.39506,0.836851,0.176562;73@0.346318,0.049625;38@0.052831,0.747269,0.027524,0.885233,0.896391,0.63823,0.123587,0.098871,0.315138,0.499665;1@;14@0.740026,0.774344,0.059128,0.266994,0.998786,0.578412,0.290772,0.233414,0.691174;41@;32@0.047662,0.051444,0.582605,0.159084;70@0.306831,0.884904,0.345877,0.274109;43@0.677676,0.727561,0.982047,0.757097,0.124223,0.900469,0.468198,0.097456,0.994923,0.972843,0.68508;65@0.582819,0.447075,0.272504,0.344077;20@0.619495,0.816161,0.747085,0.754464;40@0.460979,0.606931,0.537925;100@0.315133;37@0.652986,0.68543,0.994618,0.13363,0.833776,0.338457,0.794456,0.790472,0.262699,0.429478,0.919978,0.935045,0.757209;27@0.275466,0.46203,0.508648,0.702136,0.983843,0.590263,0.225732;92@0.288451,0.873417,0.260401,0.436791,0.026951;10@0.153511,0.199096,0.778902,0.838551,0.227427,0.609637,0.193192,0.011136,0.408403,0.357657,0.397351,0.892184;75@0.20409,0.138499,0.847724,0.453198,0.37006,0.793263,0.396526,0.640603,0.262946,0.190162;84@0.455204,0.453275,0.221763,0.820124,0.496769,0.387255,0.836928,0.654634,0.555358,0.299813,0.576929;82@0.422428;47@0.571596,0.983045,0.979743,0.320565,0.570728,0.733826,0.687893,0.806733,0.284817,0.502993,0.584015;9@0.973962,0.689336,0.563563,0.872659,0.068589,0.530576,0.385621,0.250793,0.797757,0.163515,0.510161;39@0.510656,0.280924,0.285839,0.471648,0.512597,0.378334,0.285604,0.862443,0.440226;88@0.136921,0.555201,0.441906,0.403136,0.863045,0.280067,0.660143;30@0.659316,0.891373,0.427331,0.933892,0.828942,0.819698,0.789475,0.163561,0.027857,0.347832|1|1762487393
I20251108 00:02:58.874010 139717798590272 data_text_parser.cc:116] beg_pos: 8672,end_pos: 10878
I20251108 00:02:58.874022 139717798590272 data_text_parser.cc:59] line: 736|725|1720@980292871:0.52465;1185@399845672:0.811395;1587@2733375464:0.904344;1048@861150534:0.533955;1413@1376979488:0.026367;1472@4110932121:0.583741;1861@1834207099:0.825234;1430@2737979842:0.91306;1384@2831645024:0.585201;1829@2511260156:0.812254;1635@713271737:0.064658;1785@426828842:0.428428;1712@3334133613:0.989897;1116@394511890:0.519322;1010@734070305:0.049127;1371@299891667:0.637718;1381@4029107983:0.260736;1736@866271558:0.825492;1206@2554464226:0.496802;1202@1770877879:0.597213|67@0.094875,0.572218,0.327153,0.293721,0.310679,0.246487,0.703333,0.997981,0.782744,0.506525,0.404755;56@0.535558,0.669894,0.336257,0.521317,0.34351,0.385422,0.694422,0.014428,0.250524,0.875154,0.419216,0.797635;73@0.952439,0.434487;38@0.022856,0.52984,0.982375,0.224971,0.291854,0.109646,0.371767,0.504071,0.265425,0.284511;1@;14@0.593501,0.419043,0.870632,0.5188,0.237804,0.463315,0.718795,0.251601,0.169021;41@;32@0.301487,0.753996,0.078457,0.561083;70@0.847402,0.738577,0.491769,0.983108;43@0.52001,0.517826,0.690383,0.273093,0.018547,0.343711,0.801436,0.604669,0.337673,0.277915,0.060988;65@0.652731,0.617445,0.001112,0.770825;20@0.005033,0.565898,0.093336,0.155584;40@0.330017,0.156875,0.106196;100@0.970485;37@0.213219,0.219937,0.576225,0.879556,0.760868,0.28777,0.180039,0.064334,0.907055,0.291586,0.070804,0.118563,0.740077;27@0.558285,0.377826,0.658909,0.720175,0.674591,0.124302,0.886979;92@0.799441,0.034866,0.627564,0.23017,0.141444;10@0.122862,0.130168,0.862058,0.539623,0.00889,0.489064,0.513802,0.34897,0.312303,0.609611,0.07188,0.862223;75@0.30013,0.451094,0.65524,0.527661,0.118687,0.644776,0.253874,0.033066,0.377733,0.206384;84@0.013233,0.302112,0.037553,0.972125,0.118084,0.050931,0.158301,0.159922,0.534171,0.991713,0.638121;82@0.182015;47@0.060067,0.444481,0.908849,0.62835,0.166778,0.735278,0.001853,0.350312,0.660581,0.978011,0.739985;9@0.194549,0.391986,0.526244,0.334406,0.127008,0.692135,0.449156,0.660213,0.294682,0.425652,0.22676;39@0.05269,0.835727,0.148603,0.45176,0.604293,0.658075,0.684936,0.405253,0.048029;88@0.87818,0.8999,0.166998,0.395781,0.007067,0.731391,0.659419;30@0.948156,0.210067,0.186664,0.530854,0.317769,0.155939,0.107116,0.250107,0.56818,0.658927|0|1762487393
I20251108 00:02:58.874060 139717798590272 data_text_parser.cc:116] beg_pos: 10879,end_pos: 13097
I20251108 00:02:58.874073 139717798590272 data_text_parser.cc:59] line: 737|496|1720@3358082688:0.549476;1185@1559712661:0.434279;1587@4231804463:0.497137;1048@4210556132:0.028973;1413@4142584373:0.654627;1472@2792604677:0.480342;1861@1354091124:0.358374;1430@2773045050:0.012646;1384@2957704211:0.917614;1829@3187633066:0.075709;1635@4115657955:0.256914;1785@1903837426:0.668136;1712@3639947905:0.848429;1116@3175280446:0.459184;1010@14031287:0.323007;1371@2533301915:0.644981;1381@1028402490:0.689826;1736@1086645949:0.662136;1206@3618124588:0.045829;1202@358226388:0.954884|67@0.319453,0.80156,0.034743,0.068134,0.042112,0.292405,0.422918,0.698905,0.568701,0.877845,0.316805;56@0.810532,0.329616,0.858174,0.561075,0.631704,0.087472,0.056707,0.976895,0.254434,0.352577,0.91351,0.096927;73@0.584223,0.699743;38@0.191001,0.91583,0.042524,0.443878,0.122763,0.115841,0.679046,0.555133,0.863747,0.843681;1@;14@0.977612,0.851046,0.320239,0.132804,0.126367,0.133626,0.780596,0.697404,0.119935;41@;32@0.330812,0.918498,0.018205,0.008691;70@0.916536,0.160457,0.239137,0.302866;43@0.148349,0.3555,0.316187,0.045915,0.726894,0.303714,0.637597,0.25004,0.190998,0.937426,0.077587;65@0.502616,0.131739,0.145183,0.328885;20@0.572996,0.079977,0.480389,0.696131;40@0.499947,0.221468,0.125074;100@0.675807;37@0.071609,0.68032,0.321415,0.061537,0.066178,0.826114,0.763245,0.937714,0.17421,0.367266,0.537896,0.295673,0.212059;27@0.974125,0.587798,0.082603,0.107139,0.939337,0.841287,0.386716;92@0.261416,0.466055,0.806291,0.78996,0.469531;10@0.165106,0.045422,0.276537,0.414829,0.703711,0.429965,0.237063,0.370101,0.981255,0.658218,0.209238,0.251114;75@0.886227,0.231483,0.65352,0.341799,0.55062,0.779927,0.949969,0.543241,0.890041,0.482922;84@0.189321,0.781757,0.007017,0.818611,0.238897,0.815159,0.657652,0.914094,0.378712,0.016372,0.798975;82@0.303536;47@0.10097,0.767027,0.527716,0.74254,0.286978,0.276926,0.750856,0.069297,0.232385,0.199364,0.841429;9@0.222813,0.651828,0.729169,0.55151,0.104513,0.922485,0.160421,0.534591,0.083366,0.223907,0.157147;39@0.632929,0.263331,0.997905,0.026613,0.843291,0.51092,0.605224,0.366507,0.293497;88@0.309847,0.415385,0.560616,0.577505,0.99228,0.435678,0.364043;30@0.887306,0.912325,0.941193,0.349423,0.271406,0.287431,0.399039,0.570156,0.390694,0.026497|1|1762487393
I20251108 00:02:58.874113 139717798590272 data_text_parser.cc:116] beg_pos: 13098,end_pos: 15312
I20251108 00:02:58.874125 139717798590272 data_text_parser.cc:59] line: 738|62|1720@3950377690:0.887228;1185@1116261277:0.082742;1587@3945247310:0.335627;1048@779144579:0.637959;1413@4011628679:0.604846;1472@3051898153:0.141641;1861@2239797178:0.531362;1430@1390863978:0.164397;1384@1359960709:0.246404;1829@3919152192:0.038225;1635@2476932902:0.497466;1785@1668958910:0.7027;1712@1722120961:0.381325;1116@3435442029:0.168915;1010@2341328139:0.367071;1371@2643568419:0.096518;1381@4056313117:0.017309;1736@2170582604:0.384688;1206@681935357:0.267601;1202@3597495879:0.796875|67@0.280109,0.365717,0.459022,0.162947,0.417885,0.248516,0.99073,0.457131,0.058891,0.936867,0.728904;56@0.641502,0.651802,0.24986,0.662369,0.434488,0.509634,0.330005,0.213733,0.771634,0.952379,0.594673,0.133032;73@0.264049,0.144731;38@0.492418,0.542944,0.364391,0.378063,0.271291,0.578823,0.594388,0.149536,0.162436,0.055032;1@;14@0.354455,0.56252,0.720698,0.893072,0.123354,0.449706,0.836471,0.674611,0.704595;41@;32@0.810758,0.07612,0.304321,0.919256;70@0.03181,0.53757,0.535915,0.846917;43@0.249993,0.537604,0.393436,0.486088,0.772996,0.479563,0.651911,0.920466,0.114588,0.587892,0.945657;65@0.028825,0.179041,0.025447,0.938046;20@0.585448,0.475552,0.809735,0.245849;40@0.864738,0.428264,0.034106;100@0.24465;37@0.502503,0.799858,0.706343,0.935104,0.29193,0.10062,0.701626,0.333753,0.24315,0.625858,0.497214,0.960441,0.647285;27@0.917343,0.073463,0.225072,0.192108,0.950388,0.21038,0.695733;92@0.505023,0.111245,0.989982,0.417485,0.275654;10@0.026294,0.422043,0.267198,0.243044,0.535787,0.204591,0.686924,0.002017,0.817593,0.530259,0.128865,0.011533;75@0.750202,0.314638,0.229002,0.083988,0.573302,0.474108,0.964199,0.114837,0.137936,0.527346;84@0.780773,0.981456,0.828873,0.813828,0.715379,0.628818,0.040954,0.554442,0.443829,0.236697,0.884428;82@0.684598;47@0.238981,0.07504,0.025506,0.17471,0.701941,0.14992,0.693624,0.375459,0.685217,0.953791,0.530618;9@0.265231,0.006992,0.050359,0.401091,0.761655,0.057625,0.335185,0.805174,0.264407,0.617277,0.568463;39@0.995287,0.799629,0.392962,0.757863,0.715583,0.136176,0.06959,0.838685,0.257599;88@0.232266,0.400082,0.916595,0.682513,0.964293,0.627469,0.956263;30@0.48166,0.152765,0.966965,0.522938,0.662333,0.681603,0.1616,0.415081,0.091096,0.165964|1|1762487393
I20251108 00:02:58.874157 139717798590272 data_text_parser.cc:116] beg_pos: 15313,end_pos: 17526
I20251108 00:02:58.874169 139717798590272 data_text_parser.cc:59] line: 739|202|1720@3696509427:0.183966;1185@3766143603:0.716598;1587@1528376463:0.611759;1048@2529449431:0.908877;1413@100347393:0.265016;1472@778556545:0.068847;1861@2564203763:0.726434;1430@5671226:0.560959;1384@388520192:0.04884;1829@3400915899:0.091782;1635@322243739:0.034321;1785@1734257700:0.097097;1712@4158519977:0.462789;1116@2294869759:0.123122;1010@1449133129:0.4494;1371@393063726:0.347593;1381@3538913513:0.691668;1736@2899583235:0.150083;1206@1807717891:0.143182;1202@721457112:0.674834|67@0.089044,0.440164,0.995386,0.926879,0.99491,0.461486,0.582984,0.996707,0.226827,0.417635,0.499685;56@0.384105,0.124718,0.055737,0.687157,0.367858,0.420461,0.967137,0.508985,0.400393,0.515645,0.176614,0.707088;73@0.997996,0.240994;38@0.134789,0.754011,0.843319,0.934574,0.597819,0.324802,0.747987,0.053735,0.339274,0.499474;1@;14@0.18392,0.60436,0.414305,0.452067,0.364209,0.753318,0.848293,0.075169,0.942493;41@;32@0.334123,0.974808,0.342395,0.214079;70@0.408667,0.81097,0.536855,0.427265;43@0.773771,0.099256,0.839551,0.856563,0.24375,0.501519,0.278762,0.442046,0.168023,0.700473,0.424403;65@0.678181,0.901994,0.149676,0.63377;20@0.61366,0.630147,0.454159,0.292553;40@0.753169,0.689933,0.636113;100@0.965422;37@0.938389,0.466355,0.19745,0.265291,0.676264,0.32076,0.388705,0.891106,0.737524,0.998411,0.707165,0.937865,0.813094;27@0.579665,0.403304,0.003288,0.489707,0.529236,0.016001,0.873585;92@0.534832,0.615618,0.426558,0.754947,0.077735;10@0.15427,0.264665,0.317385,0.367496,0.949301,0.570004,0.645752,0.855304,0.812444,0.23652,0.287672,0.861894;75@0.861908,0.176196,0.744342,0.303216,0.218291,0.584875,0.730397,0.703501,0.697715,0.137691;84@0.818885,0.595499,0.745756,0.962818,0.510681,0.176849,0.459301,0.444102,0.038567,0.331793,0.679232;82@0.708156;47@0.644456,0.493766,0.278242,0.096443,0.739006,0.471942,0.469442,0.496829,0.238668,0.756032,0.643443;9@0.755179,0.935001,0.777013,0.481993,0.175227,0.916751,0.997405,0.077674,0.189967,0.907739,0.269114;39@0.699168,0.005735,0.359331,0.548595,0.401297,0.214469,0.393185,0.754002,0.198808;88@0.41166,0.568721,0.782875,0.399123,0.798211,0.850383,0.034085;30@0.767515,0.594781,0.307034,0.677638,0.646057,0.207411,0.443519,0.123457,0.293817,0.857606|1|1762487393
I20251108 00:02:58.874209 139717798590272 data_text_parser.cc:116] beg_pos: 17527,end_pos: 19734
I20251108 00:02:58.874223 139717798590272 data_text_parser.cc:59] line: 740|378|1720@3677466038:0.380275;1185@1261780095:0.819796;1587@3920125664:0.051845;1048@1959959843:0.287416;1413@1482684774:0.937939;1472@3435909337:0.414367;1861@4121188827:0.011936;1430@331785472:0.821333;1384@681232821:0.70449;1829@511444819:0.860063;1635@2106806397:0.502539;1785@1060076012:0.3549;1712@859646551:0.539133;1116@2178512692:0.524998;1010@3770503549:0.83329;1371@565026018:0.786219;1381@2376651635:0.546223;1736@2003078233:0.375915;1206@3225864655:0.524731;1202@1975551497:0.503037|67@0.944513,0.486276,0.86474,0.644382,0.566241,0.695409,0.257762,0.249345,0.436889,0.726048,0.139493;56@0.284157,0.821525,0.617207,0.358723,0.189898,0.237994,0.34528,0.197455,0.752507,0.504922,0.308814,0.790849;73@0.767309,0.972388;38@0.415766,0.700039,0.491665,0.398394,0.83231,0.129698,0.508895,0.934012,0.857196,0.241941;1@;14@0.477395,0.072143,0.833393,0.431834,0.27875,0.498857,0.434142,0.564018,0.093455;41@;32@0.879578,0.860349,0.854124,0.161691;70@0.21584,0.056175,0.726264,0.351906;43@0.652169,0.197731,0.981091,0.620213,0.701889,0.534724,0.542659,0.165021,0.879468,0.716153,0.747994;65@0.989021,0.009675,0.769548,0.100894;20@0.718491,0.686026,0.775771,0.435598;40@0.103947,0.183579,0.546324;100@0.974129;37@0.8978,0.797031,0.965043,0.236421,0.82954,0.464439,0.403686,0.472798,0.300982,0.923367,0.201819,0.579607,0.923757;27@0.02731,0.733865,0.242396,0.417988,0.925432,0.644319,0.926971;92@0.284824,0.207691,0.732925,0.519624,0.694744;10@0.66206,0.77945,0.909806,0.657059,0.546261,0.699428,0.238645,0.025038,0.819231,0.108599,0.799683,0.615511;75@0.478603,0.832208,0.562121,0.965022,0.067496,0.897397,0.491812,0.779433,0.564431,0.01444;84@0.378838,0.357278,0.92615,0.989092,0.83678,0.775058,0.69905,0.557585,0.126174,0.49387,0.384548;82@0.937323;47@0.189426,0.806475,0.531816,0.098265,0.467248,0.057385,0.657714,0.037339,0.833039,0.74067,0.440709;9@0.596651,0.709977,0.038972,0.469812,0.167328,0.205445,0.922866,0.092181,0.915144,0.591646,0.652063;39@0.719621,0.034264,0.096672,0.441251,0.465898,0.731214,0.285381,0.409083,0.168237;88@0.249547,0.652468,0.454911,0.557825,0.35129,0.360561,0.272797;30@0.254942,0.172695,0.159248,0.9076,0.118144,0.759564,0.37869,0.231782,0.386119,0.838234|1|1762487393
I20251108 00:02:58.874248 139717798590272 data_text_parser.cc:116] beg_pos: 19735,end_pos: 20480
I20251108 00:02:58.874492 139717798590272 data_text_parser.cc:101] get chunk buffer, size: 20480
I20251108 00:02:58.874514 139717798590272 data_text_parser.cc:116] beg_pos: 0,end_pos: 1459
I20251108 00:02:58.874522 139717798590272 data_text_parser.cc:61] buffer line: 741|705|1720@268314893:0.298423;1185@2218196935:0.778745;1587@2166676103:0.376911;1048@4175381891:0.830924;1413@57968243:0.782839;1472@742794527:0.26427;1861@144172754:0.895192;1430@3340529805:0.839417;1384@3836557074:0.897731;1829@1280763805:0.435184;1635@359875142:0.951874;1785@2127204759:0.176549;1712@2846353280:0.137194;1116@3992529769:0.598861;1010@2795465606:0.859303;1371@3757240614:0.28819;1381@1628605817:0.888759;1736@1530591542:0.785157;1206@1821230740:0.697183;1202@1600757849:0.680217|67@0.077806,0.112681,0.802736,0.500697,0.847718,0.878103,0.468031,0.876002,0.733975,0.694497,0.928645;56@0.187359,0.733482,0.597316,0.09947,0.03128,0.517458,0.682633,0.910231,0.565921,0.62911,0.340882,0.816087;73@0.658672,0.526298;38@0.632054,0.541341,0.458531,0.894623,0.127966,0.289441,0.846533,0.818831,0.811589,0.613322;1@;14@0.97257,0.170295,0.199646,0.124996,0.649017,0.616089,0.077125,0.127651,0.404497;41@;32@0.158905,0.042298,0.556687,0.530698;70@0.43015,0.545153,0.740362,0.16845;43@0.591531,0.891808,0.8167,0.335913,0.233925,0.532825,0.24266,0.451026,0.737339,0.868002,0.764341;65@0.804794,0.922122,0.37579,0.694173;20@0.704704,0.045125,0.900714,0.36144;40@0.901323,0.117561,0.323803;100@0.687341;37@0.833828,0.355743,0.100872,0.95238,0.554623,0.910864,0.143817,0.93669,0.732899,0.423507,0.638911,0.910392,0.096075;27@0.352438,0.702758,0.545674,0.660669,0.915031,0.740625,0.445652;92@0.12591,0.467395,0.673058,0.344142,0.337956;10@0.290342,0.934644,0.247502,0.50556,0.855822,0.382157,0.617684,0.725444,0.458354,0.454217,0.959398,0.082196;75@0.719456,0.627731,0.625883,0.679656,0.385794,0.211987,0.253878,0.829239,0.13555,0.14591;84@0.288415,0.248894,0.821205,0.995943,0.548119,0.024063,0.153675,0.293566,0.365134,0.374157,0.714133;82@0.992843;47@0.320566,0.607541,0.56287,0.168551,0.594176,0.681333,0.525068,0.810575,0.524391,0.265305,0.49841;9@0.74499,0.424265,0.631149,0.102948,0.356333,0.631796,0.760537,0.409719,0.890693,0.479216,0.94781;39@0.543259,0.800315,0.392685,0.677195,0.28048,0.592871,0.66019,0.173506,0.18359;88@0.790242,0.631865,0.743427,0.804621,0.346541,0.578636,0.50157;30@0.869418,0.870865,0.329422,0.597393,0.284019,0.744783,0.671212,0.683107,0.364264,0.151338|0|1762487393
I20251108 00:02:58.874561 139717798590272 data_text_parser.cc:116] beg_pos: 1460,end_pos: 3665
I20251108 00:02:58.874574 139717798590272 data_text_parser.cc:59] line: 742|317|1720@1368341382:0.767794;1185@444076755:0.127641;1587@189904589:0.10658;1048@1064451435:0.885727;1413@290627039:0.030758;1472@1398582696:0.173558;1861@494940016:0.791416;1430@2388967739:0.184145;1384@2508565892:0.34933;1829@737446022:0.132741;1635@1307080859:0.482125;1785@915166061:0.422035;1712@4058791783:0.149239;1116@1011708879:0.016855;1010@260996447:0.8404;1371@1432400862:0.647366;1381@416144572:0.821138;1736@1747904196:0.211567;1206@2337444929:0.209785;1202@3816215739:0.410567|67@0.343752,0.943488,0.797178,0.909572,0.699076,0.253787,0.986459,0.62661,0.757597,0.694087,0.596999;56@0.678877,0.130769,0.397671,0.586591,0.075402,0.7781,0.114854,0.162059,0.59373,0.249506,0.890261,0.212834;73@0.767917,0.051006;38@0.066716,0.384456,0.465137,0.773959,0.919225,0.159756,0.636042,0.018458,0.211863,0.98769;1@;14@0.141725,0.472713,0.787827,0.510746,0.157706,0.191651,0.918557,0.974373,0.181287;41@;32@0.617347,0.944018,0.184138,0.582729;70@0.9926,0.814678,0.819687,0.196734;43@0.341085,0.335495,0.733664,0.833486,0.944114,0.129909,0.193508,0.062095,0.240137,0.9175,0.341473;65@0.026585,0.036076,0.063671,0.453365;20@0.734385,0.549128,0.54148,0.932487;40@0.658932,0.541545,0.614787;100@0.793102;37@0.320308,0.520958,0.429898,0.462873,0.651934,0.53051,0.605401,0.452784,0.070022,0.307175,0.603124,0.620381,0.066422;27@0.145092,0.63639,0.253435,0.590985,0.10112,0.544048,0.660037;92@0.773421,0.042348,0.362794,0.498599,0.133208;10@0.951476,0.074184,0.535027,0.226422,0.377271,0.490566,0.300774,0.859572,0.364468,0.276508,0.354916,0.978513;75@0.70317,0.943891,0.701415,0.851552,0.348732,0.899262,0.794972,0.379127,0.267906,0.054415;84@0.190372,0.972168,0.619026,0.189545,0.722759,0.189004,0.497992,0.181052,0.95717,0.221943,0.854058;82@0.441086;47@0.312984,0.752703,0.092659,0.304899,0.730197,0.168094,0.364452,0.569032,0.864707,0.053356,0.923323;9@0.936804,0.063655,0.48701,0.01774,0.17623,0.843075,0.240481,0.483964,0.446555,0.247579,0.30541;39@0.515784,0.620695,0.115876,0.684362,0.975254,0.844767,0.725167,0.034536,0.700256;88@0.966016,0.597434,0.825608,0.56918,0.666175,0.894755,0.754666;30@0.222908,0.280053,0.488672,0.812042,0.659951,0.537347,0.578291,0.488198,0.961044,0.863681|1|1762487393
I20251108 00:02:58.874616 139717798590272 data_text_parser.cc:116] beg_pos: 3666,end_pos: 5878
I20251108 00:02:58.874628 139717798590272 data_text_parser.cc:59] line: 743|252|1720@776827793:0.363909;1185@3689463716:0.659154;1587@1265233644:0.383342;1048@1251305964:0.389146;1413@2088514868:0.981255;1472@1802173820:0.510595;1861@2614626076:0.382736;1430@920366502:0.530655;1384@3024404212:0.208298;1829@19188069:0.147024;1635@1625432244:0.265367;1785@147539935:0.285425;1712@3245021395:0.112679;1116@1802516407:0.498379;1010@1963809236:0.678328;1371@702464747:0.448303;1381@3310875680:0.851259;1736@1003263132:0.01493;1206@3238534700:0.986679;1202@3734168333:0.875055|67@0.39979,0.616447,0.660375,0.311556,0.337107,0.491964,0.661702,0.80526,0.081691,0.242711,0.441854;56@0.173755,0.709806,0.125316,0.713427,0.101821,0.856266,0.588526,0.410075,0.813142,0.348477,0.618806,0.103799;73@0.525755,0.417175;38@0.555435,0.521044,0.882013,0.747989,0.217131,0.021178,0.574996,0.947945,0.258956,0.158074;1@;14@0.043864,0.013802,0.212236,0.252927,0.929895,0.991653,0.141723,0.349126,0.732989;41@;32@0.877432,0.207856,0.759632,0.29224;70@0.629858,0.387712,0.257775,0.614684;43@0.594914,0.595362,0.308186,0.239566,0.959561,0.885131,0.658692,0.347417,0.167002,0.841334,0.68036;65@0.851791,0.482369,0.758925,0.989954;20@0.836707,0.716603,0.325863,0.007614;40@0.993322,0.807131,0.962407;100@0.98947;37@0.725842,0.101735,0.464993,0.638463,0.099794,0.955816,0.443867,0.274614,0.196324,0.891,0.058387,0.058268,0.085987;27@0.484836,0.225157,0.445428,0.933604,0.775479,0.265705,0.850569;92@0.200164,0.910755,0.874083,0.592046,0.298076;10@0.544818,0.668405,0.62173,0.194864,0.957956,0.69886,0.683786,0.362893,0.043855,0.420245,0.356507,0.694482;75@0.274322,0.306944,0.640307,0.277025,0.05318,0.698522,0.862619,0.11978,0.666619,0.509974;84@0.981247,0.675051,0.734918,0.563188,0.356027,0.850946,0.748129,0.53997,0.722167,0.926428,0.888735;82@0.893539;47@0.257421,0.348916,0.280222,0.348632,0.520429,0.063606,0.618403,0.505379,0.045034,0.425431,0.801768;9@0.34657,0.560921,0.515149,0.209727,0.080294,0.590693,0.029651,0.463342,0.375635,0.251928,0.842283;39@0.465879,0.512259,0.82035,0.786967,0.495591,0.397297,0.184244,0.121741,0.369535;88@0.42154,0.03986,0.982363,0.275207,0.972445,0.971967,0.397842;30@0.022056,0.575816,0.477738,0.250822,0.52695,0.959256,0.503248,0.157616,0.662975,0.698339|0|1762487393
I20251108 00:02:58.874660 139717798590272 data_text_parser.cc:116] beg_pos: 5879,end_pos: 8098
I20251108 00:02:58.874672 139717798590272 data_text_parser.cc:59] line: 744|511|1720@2160243784:0.708303;1185@3270843888:0.437303;1587@2856796453:0.693805;1048@547659719:0.775632;1413@1553611611:0.163303;1472@2703331267:0.071157;1861@1367864447:0.748411;1430@2618138640:0.401486;1384@408991260:0.095499;1829@4219322257:0.127091;1635@3804590653:0.970203;1785@3519395708:0.363523;1712@3682794316:0.925871;1116@3077170496:0.110593;1010@2832695586:0.939496;1371@738448402:0.314793;1381@479621636:0.321943;1736@2927962326:0.10096;1206@1963809236:0.838978;1202@3016019350:0.522656|67@0.101936,0.388274,0.700239,0.245903,0.756955,0.412936,0.699961,0.65546,0.044554,0.916479,0.109509;56@0.701342,0.611016,0.700283,0.694364,0.629889,0.493205,0.784383,0.087746,0.402219,0.930806,0.119755,0.682716;73@0.303891,0.597431;38@0.814455,0.394584,0.555158,0.429213,0.629849,0.45534,0.724849,0.150767,0.598242,0.705449;1@;14@0.600105,0.354177,0.940699,0.455442,0.490955,0.266224,0.281994,0.765392,0.743156;41@;32@0.461602,0.983808,0.053015,0.37582;70@0.386717,0.649292,0.083052,0.322605;43@0.179855,0.923402,0.189446,0.132238,0.729338,0.921943,0.569536,0.30286,0.639537,0.776185,0.752646;65@0.774599,0.699577,0.767276,0.332483;20@0.532572,0.088722,0.019548,0.703082;40@0.116479,0.127488,0.316057;100@0.689374;37@0.710886,0.396309,0.392092,0.482009,0.284701,0.879945,0.849036,0.626003,0.283642,0.181403,0.295916,0.855249,0.768319;27@0.275281,0.33656,0.649652,0.154502,0.553333,0.12631,0.408087;92@0.968064,0.2303,0.493885,0.902298,0.123267;10@0.109529,0.582998,0.541562,0.832086,0.946452,0.379956,0.312645,0.472276,0.431527,0.431658,0.53181,0.774189;75@0.991706,0.80727,0.679838,0.960454,0.557699,0.910156,0.786444,0.199026,0.202537,0.270648;84@0.695124,0.88004,0.063286,0.595628,0.153537,0.228949,0.903758,0.314716,0.37396,0.313573,0.331301;82@0.941159;47@0.693089,0.928228,0.164718,0.111339,0.469931,0.081103,0.895253,0.849907,0.769079,0.007544,0.502008;9@0.122192,0.161149,0.053332,0.696185,0.453488,0.337408,0.629833,0.013772,0.752428,0.661354,0.764069;39@0.589906,0.010784,0.506957,0.443735,0.619394,0.463996,0.530373,0.431265,0.958072;88@0.430996,0.526736,0.369518,0.002832,0.539754,0.953034,0.069104;30@0.74136,0.564578,0.941491,0.289676,0.589018,0.161295,0.756854,0.184781,0.038006,0.669494|1|1762487393
I20251108 00:02:58.874713 139717798590272 data_text_parser.cc:116] beg_pos: 8099,end_pos: 10310
I20251108 00:02:58.874725 139717798590272 data_text_parser.cc:59] line: 745|72|1720@422221822:0.551049;1185@2529992439:0.746769;1587@4090805682:0.634884;1048@565365676:0.402876;1413@1909286156:0.448686;1472@920039812:0.839873;1861@4288903016:0.21211;1430@193109863:0.628521;1384@411826938:0.894687;1829@2524260800:0.302123;1635@3112402808:0.679601;1785@1138179035:0.680356;1712@4264758735:0.069461;1116@1321049610:0.487607;1010@2554464226:0.482731;1371@3088691024:0.055004;1381@1216869720:0.039116;1736@3695180573:0.863868;1206@1202026979:0.508745;1202@2006615347:0.302865|67@0.776022,0.914611,0.067545,0.063036,0.604563,0.221006,0.860423,0.217029,0.462965,0.550159,0.945012;56@0.168716,0.196109,0.963028,0.186391,0.546876,0.710791,0.406415,0.027766,0.691539,0.4194,0.625794,0.567013;73@0.74696,0.126884;38@0.05724,0.493669,0.571283,0.112663,0.865034,0.603655,0.198231,0.411182,0.189638,0.782965;1@;14@0.839269,0.81694,0.992265,0.238726,0.213271,0.655919,0.256856,0.770358,0.370335;41@;32@0.681156,0.256901,0.89181,0.92382;70@0.314971,0.593962,0.452235,0.77224;43@0.982972,0.499878,0.087495,0.220715,0.486473,0.086176,0.96836,0.933163,0.169839,0.186671,0.561102;65@0.076507,0.527559,0.060613,0.722527;20@0.064783,0.766882,0.015806,0.429479;40@0.130472,0.714479,0.462906;100@0.218039;37@0.319149,0.867138,0.035243,0.139435,0.799387,0.606807,0.635754,0.004279,0.992609,0.767981,0.61668,0.326306,0.999084;27@0.125487,0.487719,0.421831,0.351588,0.244963,0.839897,0.291724;92@0.019778,0.370066,0.959501,0.292577,0.253872;10@0.990209,0.560245,0.932244,0.93149,0.812632,0.19219,0.378479,0.052257,0.459676,0.619414,0.668997,0.595066;75@0.624065,0.422499,0.689207,0.291647,0.407314,0.376275,0.307221,0.779703,0.386487,0.201173;84@0.081813,0.041655,0.040848,0.895737,0.252449,0.686318,0.534273,0.709346,0.521915,0.527914,0.798993;82@0.070331;47@0.706786,0.681018,0.784398,0.837681,0.825356,0.689661,0.427967,0.685787,0.488897,0.2723,0.241352;9@0.527023,0.698439,0.973359,0.133592,0.978658,0.06993,0.498746,0.584707,0.254048,0.262261,0.54064;39@0.516704,0.43904,0.804632,0.815277,0.979825,0.761104,0.634252,0.297705,0.242192;88@0.001431,0.34335,0.952724,0.15338,0.810296,0.553612,0.712155;30@0.539077,0.134918,0.870823,0.201457,0.666782,0.790669,0.575523,0.186302,0.156494,0.841695|0|1762487393
I20251108 00:02:58.874760 139717798590272 data_text_parser.cc:116] beg_pos: 10311,end_pos: 12522
I20251108 00:02:58.874773 139717798590272 data_text_parser.cc:59] line: 746|91|1720@1063176690:0.484086;1185@2207135415:0.775;1587@795476632:0.925223;1048@840769797:0.372799;1413@704763539:0.910532;1472@1641631611:0.431645;1861@713271737:0.23663;1430@891357723:0.408093;1384@1221377037:0.989616;1829@3908394365:0.966611;1635@2932151240:0.636976;1785@1833946566:0.909786;1712@4108754872:0.268558;1116@3873273226:0.617161;1010@3294230032:0.732292;1371@3137466113:0.648273;1381@86340175:0.136784;1736@1183033592:0.887687;1206@2211622483:0.295783;1202@1874702893:0.200103|67@0.341183,0.471559,0.794567,0.749048,0.073549,0.309072,0.227616,0.557387,0.500008,0.206785,0.454254;56@0.526134,0.107432,0.753909,0.360177,0.700424,0.805631,0.291115,0.236725,0.349226,0.735911,0.998288,0.442485;73@0.305834,0.187362;38@0.365081,0.719285,0.310586,0.718244,0.9119,0.363539,0.509176,0.40618,0.113102,0.55121;1@;14@0.538201,0.488736,0.322432,0.354201,0.946683,0.150344,0.75813,0.885177,0.774556;41@;32@0.525404,0.136961,0.394323,0.420369;70@0.848183,0.20978,0.952795,0.945775;43@0.757272,0.583818,0.677524,0.441706,0.396501,0.514736,0.125193,0.207094,0.528072,0.983071,0.226285;65@0.601183,0.291866,0.065157,0.955563;20@0.876009,0.70524,0.046105,0.193878;40@0.39172,0.512849,0.874363;100@0.921086;37@0.985165,0.743671,0.353881,0.924284,0.424372,0.059636,0.835414,0.483932,0.487023,0.377504,0.45028,0.027812,0.810403;27@0.122148,0.77544,0.817885,0.970163,0.627397,0.550239,0.201855;92@0.009674,0.280502,0.444192,0.880997,0.405967;10@0.43083,0.63223,0.989535,0.047294,0.999533,0.749401,0.066633,0.223784,0.013935,0.665433,0.461905,0.814284;75@0.574814,0.950958,0.178389,0.745122,0.681872,0.900518,0.625657,0.372302,0.400924,0.241254;84@0.275057,0.707693,0.721169,0.448038,0.132622,0.108914,0.722688,0.478497,0.013874,0.309176,0.228165;82@0.754233;47@0.643497,0.032955,0.486814,0.272687,0.332839,0.096727,0.032565,0.021438,0.202761,0.941079,0.391369;9@0.557894,0.597545,0.794448,0.816615,0.966657,0.144924,0.057453,0.003286,0.578731,0.611988,0.226637;39@0.210912,0.864249,0.568641,0.273337,0.525432,0.646855,0.227775,0.068199,0.626664;88@0.050333,0.567076,0.053673,0.010923,0.097061,0.19653,0.568705;30@0.977863,0.569957,0.15137,0.994608,0.804046,0.765426,0.117246,0.436605,0.619451,0.327814|1|1762487393
I20251108 00:02:58.874811 139717798590272 data_text_parser.cc:116] beg_pos: 12523,end_pos: 14734
I20251108 00:02:58.874824 139717798590272 data_text_parser.cc:59] line: 747|816|1720@3089215981:0.041159;1185@2183158229:0.271398;1587@422799610:0.397284;1048@4099482365:0.339886;1413@998869518:0.880185;1472@1741429220:0.393248;1861@2707338839:0.692297;1430@2601094377:0.325204;1384@3067869668:0.788863;1829@2032419418:0.460694;1635@3357705039:0.977613;1785@1764840628:0.601106;1712@12799739:0.129593;1116@1498730650:0.199354;1010@912212491:0.87413;1371@147644938:0.45757;1381@2017622348:0.883041;1736@2837842986:0.884818;1206@1867956427:0.631987;1202@1779783029:0.524152|67@0.001648,0.523836,0.493647,0.450369,0.164213,0.688276,0.468153,0.13961,0.244508,0.371179,0.493535;56@0.163097,0.003023,0.662645,0.493945,0.845613,0.099165,0.873855,0.061656,0.767667,0.741525,0.606662,0.729075;73@0.113395,0.968988;38@0.619234,0.433466,0.998219,0.114545,0.799145,0.460134,0.721743,0.963258,0.719795,0.924485;1@;14@0.059233,0.819176,0.885399,0.495182,0.193566,0.647389,0.798761,0.955873,0.206118;41@;32@0.308149,0.830672,0.718618,0.085245;70@0.486163,0.605951,0.89432,0.750155;43@0.854784,0.436961,0.802026,0.187891,0.227029,0.053454,0.546388,0.704477,0.902398,0.489315,0.951249;65@0.850144,0.84186,0.502885,0.132199;20@0.235825,0.358202,0.003875,0.625954;40@0.081312,0.598211,0.996947;100@0.481648;37@0.944332,0.500506,0.612038,0.839996,0.88265,0.971768,0.16534,0.670233,0.028299,0.630444,0.39946,0.91361,0.321037;27@0.439773,0.252444,0.190716,0.544251,0.555667,0.581185,0.354114;92@0.436268,0.498085,0.019614,0.42015,0.293426;10@0.737093,0.869931,0.991878,0.84359,0.463917,0.058962,0.342708,0.637891,0.715529,0.172578,0.849065,0.468847;75@0.122815,0.69632,0.67888,0.970696,0.164836,0.763244,0.396147,0.528366,0.411721,0.744413;84@0.319953,0.989526,0.205215,0.51905,0.555414,0.919848,0.577025,0.343536,0.602331,0.662523,0.43964;82@0.075863;47@0.765073,0.920013,0.364664,0.705534,0.906497,0.842851,0.232864,0.250888,0.637254,0.128149,0.215742;9@0.93629,0.554105,0.414251,0.561075,0.596204,0.106579,0.823657,0.520576,0.393591,0.958098,0.17953;39@0.508465,0.709745,0.329059,0.210961,0.546189,0.107385,0.959273,0.739332,0.920135;88@0.492684,0.292536,0.855564,0.76125,0.316782,0.829381,0.879559;30@0.379861,0.609475,0.821292,0.700302,0.582989,0.643577,0.506445,0.132257,0.665795,0.9154|0|1762487393
I20251108 00:02:58.874859 139717798590272 data_text_parser.cc:116] beg_pos: 14735,end_pos: 16942
I20251108 00:02:58.874871 139717798590272 data_text_parser.cc:59] line: 748|991|1720@3332442852:0.57893;1185@1377934992:0.627889;1587@1974495079:0.492283;1048@3032996304:0.237412;1413@329809574:0.318423;1472@2100840490:0.89028;1861@2973062752:0.880894;1430@4257262344:0.774515;1384@541386556:0.426351;1829@2103316314:0.686704;1635@3023432717:0.206744;1785@3873510913:0.034713;1712@1005965200:0.141516;1116@222561036:0.094457;1010@2436802365:0.212391;1371@941354362:0.182773;1381@887170462:0.606124;1736@2605718445:0.15596;1206@2543815053:0.424561;1202@1885717845:0.057084|67@0.883669,0.885724,0.011177,0.903231,0.290656,0.227889,0.003174,0.540903,0.939435,0.405732,0.053325;56@0.760904,0.452425,0.659142,0.055978,0.800031,0.536612,0.981168,0.127314,0.945174,0.324608,0.137378,0.291187;73@0.761825,0.281236;38@0.549804,0.116605,0.611812,0.71624,0.035671,0.022681,0.28026,0.185898,0.317562,0.19631;1@;14@0.870051,0.86666,0.475633,0.568891,0.123427,0.159372,0.398295,0.021601,0.237548;41@;32@0.91755,0.634609,0.803244,0.378498;70@0.573358,0.252742,0.828943,0.313541;43@0.974953,0.66052,0.132887,0.627123,0.7198,0.772916,0.127588,0.680204,0.781543,0.411288,0.085985;65@0.199062,0.148042,0.428259,0.147681;20@0.737692,0.810689,0.101045,0.875649;40@0.611643,0.279175,0.906786;100@0.905188;37@0.581287,0.793871,0.682866,0.154108,0.731462,0.933952,0.178152,0.623928,0.579114,0.42895,0.805267,0.196509,0.850437;27@0.944612,0.902379,0.072317,0.240256,0.564005,0.397446,0.892454;92@0.720008,0.909486,0.000668,0.070664,0.419554;10@0.235888,0.766523,0.925165,0.752043,0.226892,0.63356,0.519593,0.084903,0.084465,0.509743,0.169491,0.498803;75@0.492503,0.282467,0.037976,0.17843,0.082895,0.92242,0.398971,0.54193,0.124874,0.078059;84@0.911772,0.463663,0.01971,0.462307,0.643896,0.663782,0.459362,0.163603,0.952907,0.998991,0.339866;82@0.417672;47@0.380016,0.635818,0.388406,0.353803,0.687693,0.366714,0.190078,0.540504,0.341511,0.868736,0.415775;9@0.249207,0.338358,0.199523,0.72527,0.689869,0.292644,0.00536,0.97946,0.69016,0.448595,0.534186;39@0.532593,0.994709,0.345324,0.131555,0.571171,0.66226,0.334753,0.174347,0.836617;88@0.251042,0.189584,0.641069,0.071511,0.094582,0.672577,0.141497;30@0.67972,0.360482,0.404933,0.723941,0.024378,0.28698,0.335441,0.69566,0.184888,0.946296|1|1762487393
I20251108 00:02:58.874909 139717798590272 data_text_parser.cc:116] beg_pos: 16943,end_pos: 19155
I20251108 00:02:58.874922 139717798590272 data_text_parser.cc:59] line: 749|339|1720@386087596:0.490022;1185@37207175:0.337933;1587@3889702438:0.131458;1048@1196986647:0.254251;1413@2657202219:0.250599;1472@2407411230:0.23147;1861@4085263898:0.530885;1430@1974495079:0.472041;1384@2579403146:0.294105;1829@323248290:0.292805;1635@1746856339:0.077662;1785@3356498950:0.006635;1712@2646908685:0.799536;1116@2932118365:0.830403;1010@1070162933:0.610433;1371@4284442125:0.357554;1381@3898467722:0.896275;1736@2948204631:0.688406;1206@161552347:0.601697;1202@2131458195:0.013453|67@0.750523,0.501495,0.944769,0.499179,0.128708,0.485756,0.282873,0.271671,0.075128,0.929517,0.467172;56@0.421765,0.289361,0.970853,0.51098,0.36602,0.504201,0.303331,0.41577,0.884615,0.623375,0.812414,0.990186;73@0.576886,0.739742;38@0.808444,0.660666,0.426603,0.928629,0.331143,0.622614,0.168029,0.591523,0.09289,0.60333;1@;14@0.423051,0.768779,0.850812,0.282328,0.485533,0.892329,0.132171,0.79936,0.221289;41@;32@0.624855,0.679797,0.066628,0.242735;70@0.076908,0.796577,0.17605,0.06967;43@0.788555,0.603371,0.774239,0.584026,0.445155,0.831722,0.840955,0.00123,0.483339,0.749367,0.287774;65@0.571224,0.729391,0.06782,0.684251;20@0.005814,0.362813,0.824915,0.53221;40@0.016039,0.825782,0.02384;100@0.021881;37@0.141351,0.826908,0.147236,0.449973,0.144481,0.272979,0.769767,0.330712,0.049394,0.695807,0.765293,0.756047,0.455321;27@0.51411,0.238978,0.236889,0.930942,0.234695,0.116622,0.512392;92@0.273915,0.460958,0.283134,0.362195,0.659694;10@0.315028,0.621094,0.525514,0.232681,0.034613,0.978639,0.553564,0.316714,0.584504,0.71261,0.713288,0.801478;75@0.726486,0.723047,0.283918,0.896616,0.491573,0.898031,0.664518,0.714531,0.40985,0.886164;84@0.833643,0.859673,0.73698,0.332821,0.731254,0.934911,0.290849,0.484287,0.389881,0.727807,0.397976;82@0.372203;47@0.629831,0.882098,0.400374,0.783487,0.192171,0.202619,0.412253,0.563756,0.668221,0.189228,0.051133;9@0.645276,0.906349,0.183294,0.058088,0.637723,0.167649,0.753524,0.488304,0.147568,0.687366,0.53191;39@0.138286,0.624098,0.81706,0.793803,0.548121,0.150005,0.108404,0.186038,0.726852;88@0.751081,0.618116,0.643379,0.962127,0.252223,0.954775,0.309347;30@0.668931,0.51536,0.077983,0.317094,0.747957,0.593136,0.140696,0.279379,0.919335,0.832861|1|1762487393
I20251108 00:02:58.874957 139717798590272 data_text_parser.cc:116] beg_pos: 19156,end_pos: 20480
I20251108 00:02:58.875199 139717798590272 data_text_parser.cc:101] get chunk buffer, size: 20480
I20251108 00:02:58.875217 139717798590272 data_text_parser.cc:116] beg_pos: 0,end_pos: 894
I20251108 00:02:58.875224 139717798590272 data_text_parser.cc:61] buffer line: 750|420|1720@491433250:0.882255;1185@1080435506:0.006607;1587@2092900100:0.669503;1048@1069963008:0.651725;1413@3663377314:0.582993;1472@1115724265:0.523274;1861@3663927368:0.136912;1430@1741429220:0.225011;1384@2751942807:0.895293;1829@2796723332:0.638478;1635@1932429650:0.604639;1785@2525620547:0.217712;1712@3568791304:0.001537;1116@1388558315:0.311662;1010@2464948058:0.050794;1371@2027722072:0.34175;1381@1049193272:0.432756;1736@2248543669:0.709084;1206@645729189:0.707093;1202@3643492452:0.784786|67@0.875573,0.718606,0.082813,0.017404,0.796288,0.52091,0.312271,0.372743,0.548781,0.860942,0.076939;56@0.318412,0.514963,0.355593,0.470449,0.615556,0.328182,0.228463,0.236679,0.038242,0.613711,0.80443,0.903751;73@0.386193,0.629463;38@0.473595,0.841582,0.282808,0.330134,0.635693,0.779705,0.97057,0.370529,0.691857,0.925466;1@;14@0.348582,0.545557,0.59074,0.603867,0.530609,0.583564,0.277565,0.069679,0.394087;41@;32@0.100288,0.680558,0.294499,0.627951;70@0.452112,0.429564,0.851611,0.430635;43@0.399928,0.559503,0.769659,0.513057,0.334772,0.255189,0.708259,0.441141,0.944905,0.5258,0.658889;65@0.359387,0.939342,0.691369,0.432561;20@0.419785,0.989576,0.263814,0.032528;40@0.359278,0.726726,0.926359;100@0.363574;37@0.798449,0.942103,0.705462,0.445167,0.967371,0.282039,0.475921,0.261119,0.369667,0.280975,0.917219,0.336102,0.327764;27@0.525429,0.32424,0.895777,0.21759,0.169218,0.762791,0.799963;92@0.314261,0.824483,0.199135,0.463444,0.570023;10@0.054807,0.3157,0.395702,0.559061,0.329675,0.40326,0.577109,0.099547,0.031879,0.623713,0.950192,0.394673;75@0.925547,0.954962,0.655406,0.413103,0.263065,0.821765,0.377584,0.318664,0.290108,0.239617;84@0.730854,0.058067,0.033127,0.375451,0.078935,0.557213,0.346478,0.279238,0.81699,0.228286,0.697157;82@0.662679;47@0.272281,0.608042,0.18492,0.418318,0.924341,0.107778,0.144821,0.142089,0.538825,0.302706,0.506992;9@0.451396,0.199215,0.623689,0.751069,0.352225,0.387204,0.675246,0.159884,0.290119,0.590532,0.487674;39@0.152505,0.540213,0.581081,0.483341,0.881052,0.980422,0.506596,0.20061,0.808125;88@0.476794,0.321618,0.251804,0.266641,0.938386,0.711478,0.30064;30@0.907964,0.83529,0.765095,0.124748,0.080859,0.380895,0.505097,0.893336,0.541761,0.366691|1|1762487393
I20251108 00:02:58.875256 139717798590272 data_text_parser.cc:116] beg_pos: 895,end_pos: 3101
I20251108 00:02:58.875273 139717798590272 data_text_parser.cc:59] line: 751|934|1720@3094305544:0.385923;1185@946912719:0.389731;1587@545148246:0.051718;1048@3112402808:0.109397;1413@1446236212:0.877583;1472@1291467187:0.474398;1861@2998878010:0.885789;1430@2802041373:0.065464;1384@3152333546:0.465446;1829@3929762256:0.813948;1635@280828832:0.544978;1785@2602509000:0.873212;1712@2323659289:0.314864;1116@4161810612:0.629915;1010@3326230996:0.373241;1371@3540448757:0.433927;1381@2506406611:0.043044;1736@2811815394:0.655838;1206@435690990:0.221878;1202@547916634:0.671723|67@0.70268,0.540725,0.462087,0.39593,0.874602,0.012661,0.681139,0.871026,0.940887,0.26462,0.245531;56@0.035865,0.037077,0.785385,0.065957,0.251639,0.637502,0.401573,0.244119,0.109478,0.086337,0.339061,0.975342;73@0.126219,0.596382;38@0.930546,0.269371,0.852987,0.587191,0.61411,0.655322,0.349218,0.257477,0.178809,0.802854;1@;14@0.920564,0.006809,0.073949,0.787141,0.991545,0.826109,0.707595,0.149611,0.517423;41@;32@0.538376,0.98208,0.157193,0.651923;70@0.982182,0.438961,0.833403,0.185091;43@0.562585,0.650022,0.324949,0.76862,0.385911,0.36232,0.400971,0.434675,0.491547,0.41923,0.45777;65@0.25411,0.244227,0.182559,0.662255;20@0.14148,0.518966,0.1861,0.456391;40@0.92501,0.866917,0.627582;100@0.737424;37@0.037819,0.40059,0.498504,0.526676,0.69445,0.484355,0.958102,0.170804,0.627274,0.412036,0.440516,0.813991,0.928572;27@0.334874,0.208347,0.251996,0.912578,0.269014,0.984218,0.339687;92@0.665969,0.333882,0.883738,0.429473,0.386255;10@0.492449,0.432727,0.031064,0.921202,0.015909,0.621165,0.005567,0.932363,0.676688,0.804832,0.977649,0.828374;75@0.635078,0.050956,0.349804,0.776645,0.930526,0.930548,0.009532,0.633884,0.770804,0.611987;84@0.848179,0.376738,0.504427,0.479509,0.080425,0.360886,0.300876,0.196754,0.462161,0.534938,0.190169;82@0.40292;47@0.775961,0.429064,0.408061,0.938197,0.926773,0.164468,0.871226,0.88123,0.404314,0.667473,0.001345;9@0.426339,0.365071,0.882945,0.398412,0.622831,0.930667,0.18713,0.183754,0.339589,0.17074,0.53802;39@0.0738,0.370965,0.123038,0.279671,0.463187,0.02961,0.797356,0.522165,0.570365;88@0.791592,0.72648,0.643696,0.070781,0.987736,0.134413,0.148943;30@0.866163,0.23687,0.153185,0.637354,0.031588,0.559663,0.878962,0.199838,0.824538,0.853861|1|1762487393
I20251108 00:02:58.875310 139717798590272 data_text_parser.cc:116] beg_pos: 3102,end_pos: 5323
I20251108 00:02:58.875323 139717798590272 data_text_parser.cc:59] line: 752|661|1720@2097998275:0.418509;1185@710872985:0.834113;1587@2434698527:0.603912;1048@867559462:0.094362;1413@460328114:0.861479;1472@2260140129:0.817443;1861@1021902867:0.279557;1430@3017533542:0.918582;1384@1314858268:0.751916;1829@3962663657:0.963173;1635@964210868:0.348148;1785@572515570:0.163058;1712@1769507815:0.803149;1116@2173029357:0.054672;1010@2484283342:0.770361;1371@1972354550:0.07094;1381@1299218383:0.186736;1736@3544579205:0.445159;1206@2689724681:0.588004;1202@2949220323:0.029843|67@0.307723,0.956005,0.381713,0.218155,0.259586,0.143427,0.805458,0.165508,0.761382,0.203462,0.428182;56@0.238683,0.008533,0.603314,0.899889,0.688696,0.032631,0.218456,0.597551,0.363336,0.620894,0.309771,0.56262;73@0.864902,0.614404;38@0.508892,0.595424,0.939494,0.688838,0.506058,0.751345,0.762927,0.218604,0.133431,0.502529;1@;14@0.344974,0.520953,0.351381,0.440853,0.004993,0.865672,0.805313,0.098924,0.048223;41@;32@0.325634,0.934995,0.527966,0.647783;70@0.927446,0.695317,0.013562,0.862559;43@0.719895,0.355674,0.820416,0.387903,0.260409,0.832028,0.760997,0.081598,0.226362,0.925036,0.459703;65@0.653962,0.353138,0.979404,0.456191;20@0.715082,0.030497,0.605491,0.340395;40@0.567835,0.224166,0.165661;100@0.863825;37@0.108387,0.227744,0.705644,0.321866,0.581472,0.200218,0.337577,0.065793,0.292201,0.065644,0.033611,0.993676,0.069717;27@0.023593,0.28582,0.956145,0.462538,0.89382,0.311524,0.88849;92@0.78679,0.683047,0.634193,0.836596,0.288503;10@0.71671,0.034042,0.51133,0.735077,0.139168,0.452742,0.845065,0.615618,0.377384,0.984348,0.158866,0.75121;75@0.030103,0.135139,0.967808,0.596145,0.806614,0.135492,0.892047,0.202032,0.534074,0.263395;84@0.427213,0.950951,0.512788,0.824052,0.020029,0.547276,0.564352,0.17488,0.853522,0.872928,0.446401;82@0.406892;47@0.740106,0.025141,0.336036,0.560278,0.94973,0.039085,0.176646,0.347961,0.573332,0.860321,0.914089;9@0.404893,0.209779,0.165421,0.759902,0.761268,0.046433,0.775626,0.330423,0.285143,0.577556,0.052711;39@0.171565,0.862307,0.242583,0.381449,0.782283,0.839883,0.640756,0.991442,0.501458;88@0.307745,0.993759,0.035213,0.508444,0.154818,0.560404,0.695191;30@0.997954,0.722866,0.730866,0.421609,0.480751,0.848124,0.132273,0.761382,0.669791,0.005125|0|1762487393
I20251108 00:02:58.875358 139717798590272 data_text_parser.cc:116] beg_pos: 5324,end_pos: 7525
I20251108 00:02:58.875371 139717798590272 data_text_parser.cc:59] line: 753|831|1720@2465259140:0.202834;1185@1547279200:0.356851;1587@1342977610:0.58063;1048@2441672153:0.06979;1413@2263369079:0.827397;1472@733875497:0.553655;1861@3837527223:0.967368;1430@2900927016:0.940672;1384@1378586153:0.772714;1829@3623503348:0.38319;1635@22478384:0.989533;1785@2361835029:0.910884;1712@2107932175:0.659961;1116@1113653945:0.33582;1010@565207778:0.011494;1371@3914985359:0.464327;1381@573543391:0.629057;1736@1466375552:0.605582;1206@1694890323:0.021447;1202@456569471:0.551959|67@0.910396,0.963254,0.094512,0.649195,0.388105,0.33294,0.281014,0.373736,0.401292,0.720534,0.519898;56@0.24042,0.95788,0.108707,0.335793,0.162531,0.445954,0.860506,0.175407,0.398012,0.903423,0.566359,0.269475;73@0.245018,0.568735;38@0.941017,0.1137,0.473415,0.896332,0.467349,0.200474,0.201936,0.164303,0.882608,0.203225;1@;14@0.982541,0.408452,0.627369,0.325907,0.758382,0.736982,0.826708,0.462029,0.801378;41@;32@0.377047,0.251063,0.56693,0.787677;70@0.785538,0.427797,0.355888,0.001213;43@0.221488,0.629397,0.124543,0.796957,0.065052,0.921986,0.13555,0.66203,0.790826,0.759049,0.564055;65@0.922033,0.946373,0.118917,0.237571;20@0.417828,0.691153,0.80989,0.162025;40@0.493399,0.54357,0.481896;100@0.73;37@0.94509,0.503552,0.859863,0.332599,0.055735,0.595276,0.059945,0.152979,0.541803,0.559507,0.496143,0.707979,0.878649;27@0.342117,0.064338,0.415847,0.889076,0.365715,0.795472,0.878993;92@0.059586,0.177368,0.689819,0.796702,0.379721;10@0.043366,0.814789,0.044756,0.295724,0.699659,0.666644,0.122676,0.414812,0.26842,0.836472,0.224456,0.943641;75@0.221042,0.109575,0.365071,0.16895,0.605603,0.895191,0.994686,0.552219,0.198883,0.978087;84@0.045243,0.209464,0.395034,0.802779,0.607428,0.617953,0.017387,0.337039,0.829348,0.596696,0.609713;82@0.818876;47@0.02841,0.76098,0.105726,0.30408,0.022274,0.562676,0.624903,0.150118,0.248287,0.514631,0.852799;9@0.263692,0.873395,0.423666,0.661866,0.82186,0.450403,0.67082,0.180247,0.779575,0.634371,0.514131;39@0.153767,0.508938,0.86595,0.003976,0.946361,0.92731,0.603513,0.740574,0.495095;88@0.063194,0.106538,0.215699,0.205133,0.554672,0.771352,0.357248;30@0.208785,0.29936,0.187647,0.794058,0.92048,0.379231,0.908312,0.131036,0.907401,0.991974|0|1762487393
I20251108 00:02:58.875408 139717798590272 data_text_parser.cc:116] beg_pos: 7526,end_pos: 9740
I20251108 00:02:58.875421 139717798590272 data_text_parser.cc:59] line: 754|343|1720@2805110131:0.52586;1185@2204746937:0.923052;1587@4123516175:0.700092;1048@4164285102:0.136477;1413@1329158227:0.259213;1472@3031684869:0.379295;1861@2301189001:0.207863;1430@3998874160:0.486798;1384@3061110510:0.27863;1829@1248319377:0.845622;1635@3885438107:0.859218;1785@3070938483:0.905995;1712@1971319281:0.520828;1116@42118080:0.397739;1010@2275962267:0.856033;1371@384079646:0.502694;1381@1537535666:0.797417;1736@1541775958:0.197662;1206@3339167656:0.242758;1202@3259460389:0.192388|67@0.836612,0.888991,0.899435,0.088499,0.974263,0.412607,0.990997,0.140069,0.883625,0.004903,0.707728;56@0.780376,0.776502,0.082812,0.655253,0.604808,0.114738,0.066308,0.753647,0.530283,0.808222,0.038619,0.213817;73@0.234418,0.667954;38@0.543541,0.562436,0.455142,0.621264,0.351424,0.645023,0.169188,0.492023,0.62997,0.717276;1@;14@0.085925,0.784144,0.788125,0.972727,0.04825,0.992099,0.183059,0.012254,0.329344;41@;32@0.27928,0.457398,0.346683,0.543091;70@0.177818,0.773434,0.902769,0.919854;43@0.975729,0.58873,0.622155,0.19887,0.974517,0.785516,0.865055,0.319678,0.028387,0.84623,0.551836;65@0.4266,0.596552,0.225343,0.57317;20@0.388962,0.796879,0.404321,0.386064;40@0.941938,0.855827,0.246173;100@0.353844;37@0.673128,0.840452,0.755763,0.807247,0.343059,0.632517,0.018624,0.326393,0.909671,0.884887,0.827701,0.150223,0.062424;27@0.353043,0.445253,0.932384,0.787441,0.838024,0.482705,0.554219;92@0.793481,0.302398,0.265036,0.133303,0.256551;10@0.932262,0.549453,0.778698,0.605343,0.327549,0.398614,0.99574,0.568411,0.268475,0.436798,0.389281,0.854048;75@0.754479,0.438231,0.503185,0.547858,0.338782,0.766088,0.000343,0.160353,0.930318,0.918241;84@0.949171,0.450948,0.117158,0.136274,0.366417,0.754026,0.644157,0.610056,0.571213,0.170453,0.547297;82@0.961912;47@0.719809,0.479758,0.619456,0.867303,0.852196,0.03493,0.183337,0.421138,0.215081,0.714615,0.059308;9@0.035848,0.624113,0.5375,0.819245,0.031217,0.542054,0.643345,0.482978,0.99452,0.991233,0.396174;39@0.147784,0.281753,0.447675,0.382847,0.681668,0.62758,0.080528,0.879205,0.722178;88@0.934231,0.20918,0.945905,0.436414,0.492117,0.286911,0.788461;30@0.328285,0.017323,0.20882,0.266489,0.342974,0.072487,0.54447,0.985603,0.037112,0.308474|0|1762487393
I20251108 00:02:58.875462 139717798590272 data_text_parser.cc:116] beg_pos: 9741,end_pos: 11955
I20251108 00:02:58.875475 139717798590272 data_text_parser.cc:59] line: 755|490|1720@930025142:0.127816;1185@2084493681:0.565565;1587@2645591007:0.823886;1048@2779169111:0.833556;1413@1943864354:0.496098;1472@1315552594:0.997781;1861@1241796149:0.823669;1430@3737329985:0.644075;1384@717409185:0.808185;1829@3625386333:0.677711;1635@2414479467:0.548038;1785@1739525371:0.840776;1712@1214402662:0.353067;1116@1151602293:0.795594;1010@2452614734:0.119897;1371@3946681914:0.224056;1381@2666670508:0.254201;1736@2215068798:0.426518;1206@456569471:0.750236;1202@2644000497:0.064239|67@0.174055,0.899969,0.656626,0.706567,0.558827,0.642828,0.335427,0.928536,0.592434,0.786421,0.170943;56@0.780912,0.486326,0.80577,0.812703,0.428583,0.569935,0.52256,0.13612,0.680992,0.725476,0.394466,0.589678;73@0.256325,0.323521;38@0.705789,0.987828,0.251036,0.547283,0.669893,0.298693,0.813559,0.300164,0.614599,0.066087;1@;14@0.533432,0.717262,0.785234,0.409923,0.432992,0.205533,0.882773,0.897877,0.901276;41@;32@0.291607,0.30771,0.264668,0.162123;70@0.010885,0.359605,0.735718,0.015663;43@0.817405,0.463199,0.85217,0.07438,0.63073,0.537176,0.939851,0.527904,0.407884,0.748439,0.483992;65@0.659146,0.698309,0.141918,0.090754;20@0.079135,0.881181,0.609073,0.520896;40@0.084242,0.839679,0.896311;100@0.752328;37@0.231486,0.762988,0.860615,0.448709,0.377023,0.90062,0.85339,0.450809,0.735919,0.209207,0.810349,0.953294,0.316154;27@0.683454,0.328706,0.416431,0.428438,0.753935,0.485722,0.677543;92@0.739489,0.375029,0.7956,0.563704,0.561312;10@0.920378,0.18876,0.209283,0.961921,0.534301,0.819158,0.506749,0.304405,0.004148,0.859186,0.637632,0.969744;75@0.125221,0.125619,0.110073,0.073912,0.072672,0.496192,0.071895,0.991002,0.623747,0.026937;84@0.755556,0.532771,0.981544,0.058392,0.325171,0.777949,0.27366,0.957939,0.574805,0.604811,0.044805;82@0.816441;47@0.18546,0.801079,0.061376,0.189558,0.35438,0.490886,0.669272,0.870122,0.87866,0.687334,0.643421;9@0.441894,0.587784,0.214493,0.095597,0.011458,0.310109,0.757196,0.889116,0.712519,0.853679,0.627922;39@0.442492,0.445178,0.61474,0.869321,0.508817,0.294068,0.168784,0.067239,0.746026;88@0.258814,0.185969,0.747626,0.809264,0.946072,0.645348,0.954067;30@0.588126,0.83056,0.491303,0.700697,0.157939,0.797573,0.766084,0.033704,0.47414,0.16062|1|1762487393
I20251108 00:02:58.875506 139717798590272 data_text_parser.cc:116] beg_pos: 11956,end_pos: 14168
I20251108 00:02:58.875518 139717798590272 data_text_parser.cc:59] line: 756|414|1720@520674929:0.293791;1185@2730517200:0.669144;1587@2685392823:0.264349;1048@2386914005:0.801608;1413@2642466374:0.550123;1472@4206060555:0.182312;1861@2910248157:0.792863;1430@4058954164:0.118379;1384@1959959843:0.886356;1829@2321450761:0.235077;1635@2168068331:0.921283;1785@89007713:0.655298;1712@381562885:0.0962;1116@4009789964:0.549392;1010@2994651402:0.706329;1371@2032419418:0.614278;1381@1225165347:0.905702;1736@3134999191:0.00099;1206@3116603684:0.549254;1202@1451788921:0.018104|67@0.519585,0.067533,0.411562,0.838102,0.910636,0.739896,0.486971,0.147454,0.174978,0.737848,0.293488;56@0.265038,0.956833,0.800168,0.379288,0.633341,0.998517,0.968575,0.136242,0.888901,0.700618,0.077246,0.768768;73@0.120255,0.724656;38@0.258248,0.253799,0.755192,0.42223,0.365453,0.297229,0.782863,0.451726,0.506307,0.806494;1@;14@0.8139,0.733453,0.057544,0.660977,0.616664,0.917459,0.175742,0.564065,0.08838;41@;32@0.177412,0.820277,0.30062,0.6223;70@0.060191,0.845757,0.0604,0.813256;43@0.088909,0.199589,0.375414,0.00283,0.580733,0.316484,0.701178,0.308319,0.464319,0.676324,0.030134;65@0.309165,0.189953,0.194185,0.947319;20@0.370977,0.076367,0.789857,0.286991;40@0.551717,0.470349,0.892818;100@0.021846;37@0.339735,0.855142,0.851029,0.976753,0.543625,0.515169,0.230534,0.857473,0.619709,0.964698,0.72061,0.84838,0.936547;27@0.976691,0.282472,0.490078,0.211507,0.363889,0.321222,0.727552;92@0.808752,0.688639,0.651766,0.631305,0.097341;10@0.874636,0.95399,0.720819,0.569717,0.69843,0.507631,0.672985,0.858459,0.661889,0.342214,0.20121,0.017252;75@0.618101,0.435107,0.836579,0.951418,0.950909,0.037653,0.753142,0.780782,0.192066,0.494477;84@0.924447,0.741747,0.368037,0.422748,0.253373,0.686129,0.772076,0.168455,0.179507,0.473801,0.252682;82@0.863558;47@0.891141,0.504622,0.313403,0.67775,0.304006,0.935392,0.776397,0.010511,0.084422,0.608721,0.797635;9@0.31442,0.662308,0.079346,0.621019,0.155424,0.964798,0.355931,0.234703,0.968161,0.909669,0.895841;39@0.004693,0.621775,0.408323,0.836529,0.475832,0.144661,0.883228,0.389107,0.507851;88@0.292739,0.415099,0.189642,0.242779,0.339324,0.986551,0.635442;30@0.76931,0.441858,0.334097,0.600007,0.067934,0.493843,0.080456,0.779088,0.403138,0.686916|1|1762487393
I20251108 00:02:58.875559 139717798590272 data_text_parser.cc:116] beg_pos: 14169,end_pos: 16381
I20251108 00:02:58.875571 139717798590272 data_text_parser.cc:59] line: 757|147|1720@393655332:0.645628;1185@1636598381:0.654908;1587@3881059708:0.675943;1048@2257350856:0.41625;1413@367426207:0.478255;1472@1648387202:0.614032;1861@3968146597:0.149283;1430@1619987702:0.00586;1384@1685281678:0.893405;1829@2896486554:0.127061;1635@2740629825:0.920103;1785@1821887720:0.264831;1712@1107589223:0.362254;1116@3979985857:0.859101;1010@2142841509:0.492104;1371@433390235:0.955433;1381@2849232091:0.638356;1736@757631525:0.185334;1206@3470961955:0.497001;1202@3613350856:0.691513|67@0.52313,0.658376,0.524046,0.396534,0.657513,0.291404,0.435558,0.707061,0.384417,0.561549,0.048022;56@0.239283,0.112899,0.557405,0.550531,0.690633,0.635567,0.176615,0.043088,0.041758,0.320772,0.80628,0.509198;73@0.554197,0.758932;38@0.17745,0.458334,0.164973,0.866735,0.045164,0.913808,0.031791,0.384,0.451382,0.390014;1@;14@0.419043,0.163359,0.155866,0.311257,0.569104,0.09669,0.286561,0.867421,0.165392;41@;32@0.805935,0.619387,0.195488,0.534247;70@0.46813,0.724186,0.879079,0.990588;43@0.991571,0.974178,0.674817,0.290319,0.281588,0.238184,0.6482,0.348047,0.146001,0.071632,0.444753;65@0.648943,0.99748,0.131294,0.773027;20@0.286827,0.447276,0.790379,0.696368;40@0.826861,0.502139,0.476294;100@0.140317;37@0.541447,0.763844,0.516042,0.495456,0.11412,0.193649,0.560983,0.831224,0.842422,0.956669,0.735994,0.618592,0.076998;27@0.798406,0.913484,0.289288,0.638294,0.189821,0.001091,0.95937;92@0.716165,0.306397,0.899795,0.514679,0.905573;10@0.503443,0.879713,0.952192,0.735755,0.579006,0.800723,0.552335,0.656548,0.54198,0.710987,0.186651,0.015972;75@0.953534,0.176348,0.062228,0.049566,0.745094,0.853541,0.855712,0.832128,0.66796,0.868998;84@0.204072,0.284118,0.162043,0.708837,0.41713,0.896048,0.42935,0.421299,0.975599,0.876647,0.332313;82@0.869174;47@0.419893,0.893287,0.068191,0.129205,0.451521,0.521504,0.117966,0.408572,0.277974,0.165425,0.21961;9@0.785151,0.080408,0.126668,0.669319,0.52181,0.870944,0.418825,0.183781,0.333563,0.044284,0.029217;39@0.534617,0.284213,0.106942,0.054268,0.137641,0.619365,0.499479,0.703238,0.039882;88@0.114126,0.901743,0.894725,0.539352,0.203737,0.265232,0.865478;30@0.583747,0.831617,0.835449,0.353893,0.433257,0.104879,0.803796,0.433254,0.587599,0.176766|1|1762487393
I20251108 00:02:58.875606 139717798590272 data_text_parser.cc:116] beg_pos: 16382,end_pos: 18587
I20251108 00:02:58.875618 139717798590272 data_text_parser.cc:59] line: 758|404|1720@2524934623:0.290114;1185@671754101:0.021683;1587@2569348300:0.209849;1048@3730801408:0.410885;1413@459559368:0.88035;1472@1908372494:0.955539;1861@1527070320:0.405683;1430@859646551:0.296865;1384@3687595625:0.061992;1829@559854562:0.098316;1635@3253841020:0.202064;1785@1386868336:0.025121;1712@800152645:0.985323;1116@3804769003:0.331684;1010@2293158037:0.677236;1371@2460518418:0.211073;1381@2238236866:0.324283;1736@1209872332:0.062722;1206@1768884728:0.918526;1202@2356649405:0.74131|67@0.595007,0.564818,0.158556,0.897839,0.610732,0.319437,0.337565,0.784433,0.397498,0.322389,0.493558;56@0.775729,0.379545,0.061198,0.543377,0.125073,0.509337,0.319192,0.216016,0.423298,0.367438,0.11739,0.207217;73@0.59149,0.851302;38@0.488528,0.294938,0.693486,0.855717,0.524811,0.611988,0.73837,0.988323,0.601732,0.571508;1@;14@0.673192,0.040194,0.9024,0.943548,0.160368,0.68637,0.657612,0.238875,0.391827;41@;32@0.36423,0.996285,0.473209,0.596209;70@0.061522,0.331906,0.031705,0.31562;43@0.092445,0.888576,0.136256,0.028107,0.614364,0.524039,0.29424,0.631145,0.333043,0.632465,0.739537;65@0.075613,0.563954,0.412245,0.609741;20@0.536635,0.42542,0.565425,0.062806;40@0.828549,0.518566,0.745071;100@0.454372;37@0.857803,0.036031,0.377368,0.872495,0.528001,0.77759,0.553315,0.824844,0.903267,0.784256,0.142683,0.81066,0.90488;27@0.268502,0.50264,0.957589,0.367489,0.333446,0.015115,0.737125;92@0.260669,0.718828,0.586244,0.096818,0.303856;10@0.440412,0.5434,0.39897,0.198752,0.746919,0.086681,0.494002,0.357046,0.874897,0.615674,0.829419,0.466628;75@0.00305,0.588408,0.804492,0.185366,0.660753,0.734116,0.916126,0.878172,0.76467,0.086911;84@0.457888,0.895093,0.680501,0.052962,0.824095,0.202498,0.706853,0.300231,0.347618,0.998494,0.572851;82@0.362552;47@0.741745,0.921553,0.951693,0.476011,0.895389,0.399919,0.114053,0.880296,0.319929,0.512887,0.817891;9@0.30192,0.803094,0.587749,0.738976,0.125339,0.503795,0.15888,0.118298,0.191757,0.67266,0.035257;39@0.031184,0.78044,0.79248,0.710179,0.457112,0.764538,0.529883,0.762296,0.559198;88@0.478324,0.409139,0.699748,0.071752,0.359841,0.960455,0.767936;30@0.692318,0.086278,0.667173,0.062836,0.134994,0.133648,0.383967,0.942947,0.050239,0.83362|0|1762487393
I20251108 00:02:58.875653 139717798590272 data_text_parser.cc:116] beg_pos: 18588,end_pos: 20480
I20251108 00:02:58.875914 139717798590272 data_text_parser.cc:101] get chunk buffer, size: 20480
I20251108 00:02:58.875928 139717798590272 data_text_parser.cc:116] beg_pos: 0,end_pos: 320
I20251108 00:02:58.875935 139717798590272 data_text_parser.cc:61] buffer line: 759|142|1720@885751658:0.726222;1185@3725480337:0.489123;1587@4133553823:0.813709;1048@542979545:0.624153;1413@2877083507:0.340662;1472@3905738812:0.474825;1861@2740629825:0.807257;1430@1822072655:0.761157;1384@3125326995:0.157869;1829@4120219116:0.536277;1635@3913483117:0.201494;1785@2962640907:0.657218;1712@2915852509:0.897;1116@478810572:0.67151;1010@3890663869:0.040844;1371@2890058868:0.200941;1381@1153859132:0.243618;1736@2016839027:0.064135;1206@1395368486:0.149464;1202@54964598:0.531758|67@0.092226,0.787014,0.443879,0.974798,0.745344,0.393133,0.996947,0.341012,0.824662,0.131271,0.395339;56@0.514647,0.683904,0.047667,0.297238,0.360499,0.643361,0.019832,0.645203,0.955716,0.294748,0.390696,0.585118;73@0.387549,0.010557;38@0.312108,0.82254,0.001748,0.398781,0.581857,0.477561,0.974096,0.838032,0.709065,0.648955;1@;14@0.638656,0.536392,0.054347,0.533923,0.203925,0.231649,0.421807,0.236746,0.180401;41@;32@0.721664,0.602902,0.053967,0.74523;70@0.892872,0.068583,0.406854,0.332691;43@0.114792,0.050323,0.293781,0.186861,0.071846,0.955968,0.30648,0.77726,0.83211,0.142508,0.867172;65@0.565875,0.883427,0.927013,0.531487;20@0.241186,0.832303,0.331752,0.942581;40@0.148133,0.04286,0.20706;100@0.20553;37@0.623705,0.154572,0.990096,0.845512,0.142519,0.464754,0.866065,0.165535,0.497541,0.915514,0.579756,0.711548,0.898834;27@0.296929,0.990882,0.354518,0.325212,0.30145,0.718488,0.743502;92@0.418736,0.101315,0.679285,0.413079,0.303572;10@0.462402,0.941539,0.558521,0.733052,0.322911,0.032463,0.455866,0.05183,0.965061,0.368829,0.586169,0.333185;75@0.168327,0.612433,0.277344,0.593684,0.147423,0.965913,0.879702,0.292803,0.239719,0.735048;84@0.360133,0.086762,0.941535,0.985576,0.563017,0.675426,0.465602,0.784316,0.410236,0.000346,0.26016;82@0.223476;47@0.929578,0.348608,0.067438,0.844066,0.724219,0.88229,0.608821,0.287967,0.909796,0.71093,0.144585;9@0.219487,0.436062,0.930786,0.161652,0.936353,0.051629,0.021287,0.201393,0.759204,0.93187,0.548199;39@0.718483,0.65951,0.103356,0.35322,0.803416,0.697763,0.702832,0.709112,0.353418;88@0.185773,0.687926,0.133376,0.329875,0.751081,0.386269,0.816082;30@0.546947,0.072996,0.606351,0.635318,0.619369,0.258383,0.402264,0.858534,0.576189,0.910966|0|1762487393
I20251108 00:02:58.875971 139717798590272 data_text_parser.cc:116] beg_pos: 321,end_pos: 2533
I20251108 00:02:58.875984 139717798590272 data_text_parser.cc:59] line: 760|714|1720@1245344316:0.532438;1185@1309362515:0.858784;1587@654823002:0.587879;1048@3408261475:0.516055;1413@4187230246:0.966937;1472@2586016072:0.439283;1861@2675634649:0.934258;1430@2429386639:0.743191;1384@602066479:0.400223;1829@3940707945:0.898364;1635@894888319:0.503053;1785@1068987053:0.175963;1712@4123495759:0.150823;1116@2513591685:0.804355;1010@1505600909:0.731744;1371@2389071016:0.787536;1381@994682288:0.168042;1736@2493419899:0.60528;1206@4193173408:0.625805;1202@3100437708:0.438068|67@0.859771,0.822967,0.675115,0.117797,0.761388,0.436088,0.277553,0.038264,0.001177,0.259835,0.827565;56@0.151434,0.678966,0.773745,0.954344,0.23667,0.11544,0.126648,0.53391,0.000876,0.265666,0.42349,0.540906;73@0.114551,0.733467;38@0.737731,0.957147,0.32828,0.467358,0.792679,0.096468,0.802677,0.500811,0.368443,0.095491;1@;14@0.250619,0.189023,0.718474,0.617361,0.432345,0.807393,0.993324,0.569766,0.291668;41@;32@0.275482,0.979256,0.285488,0.416158;70@0.245006,0.177923,0.524471,0.174184;43@0.589289,0.195517,0.596712,0.615562,0.892654,0.477793,0.35214,0.600122,0.849279,0.343767,0.928555;65@0.836964,0.541214,0.280526,0.61944;20@0.726649,0.165862,0.914968,0.225726;40@0.491858,0.37376,0.156401;100@0.071855;37@0.871968,0.341858,0.798706,0.375376,0.220571,0.219727,0.568406,0.672021,0.104935,0.573017,0.107961,0.691561,0.353153;27@0.500075,0.019487,0.952008,0.220526,0.193351,0.568534,0.988651;92@0.703426,0.763981,0.017474,0.972669,0.047382;10@0.228732,0.480695,0.390794,0.424254,0.277114,0.005603,0.063015,0.242741,0.668136,0.706514,0.446176,0.315306;75@0.788839,0.00915,0.939069,0.635701,0.043769,0.584354,0.318005,0.15212,0.117899,0.027502;84@0.974016,0.193995,0.109196,0.404281,0.062138,0.413609,0.505744,0.60803,0.688941,0.62495,0.068099;82@0.853565;47@0.459342,0.21288,0.214197,0.794848,0.940222,0.595012,0.183651,0.239656,0.269593,0.485456,0.654464;9@0.531623,0.961294,0.032724,0.783535,0.081713,0.446185,0.970882,0.56292,0.81028,0.374466,0.487783;39@0.892016,0.897593,0.04215,0.641629,0.891781,0.550032,0.946337,0.224335,0.804226;88@0.267233,0.9382,0.511271,0.63881,0.784659,0.506092,0.860886;30@0.307712,0.386703,0.602869,0.750551,0.93531,0.632681,0.351991,0.332301,0.755238,0.140453|0|1762487393
I20251108 00:02:58.876024 139717798590272 data_text_parser.cc:116] beg_pos: 2534,end_pos: 4740
I20251108 00:02:58.876032 139717798590272 data_text_parser.cc:59] line: 761|967|1720@435252418:0.670081;1185@4046021739:0.651106;1587@615117633:0.850125;1048@1674283204:0.724428;1413@2083951532:0.478436;1472@4147470267:0.24127;1861@1367577453:0.950534;1430@4093895854:0.093335;1384@905944013:0.026709;1829@116861462:0.432489;1635@155901561:0.412255;1785@2316863635:0.925199;1712@37207175:0.444748;1116@336085958:0.43803;1010@2630656434:0.334504;1371@3917109865:0.137047;1381@1013616643:0.270423;1736@3135723646:0.048417;1206@3303186477:0.488355;1202@3655692436:0.069465|67@0.352651,0.134267,0.596127,0.404755,0.243561,0.177783,0.490966,0.680411,0.019554,0.259901,0.417507;56@0.147945,0.311804,0.783961,0.270813,0.063038,0.990476,0.17821,0.197231,0.383265,0.753908,0.462868,0.989397;73@0.642984,0.098001;38@0.010917,0.455537,0.407883,0.856796,0.495193,0.776378,0.612264,0.331772,0.104756,0.413682;1@;14@0.539185,0.274159,0.234839,0.222439,0.971382,0.22352,0.954944,0.601281,0.159898;41@;32@0.013835,0.131017,0.065007,0.627732;70@0.033191,0.863258,0.201656,0.069658;43@0.165283,0.351842,0.953855,0.932572,0.891215,0.119724,0.781243,0.912025,0.992414,0.14725,0.167677;65@0.345768,0.53819,0.896334,0.596975;20@0.126131,0.029109,0.981738,0.065815;40@0.576806,0.614188,0.085811;100@0.204557;37@0.103999,0.993199,0.221575,0.381625,0.678973,0.832321,0.090975,0.677111,0.801479,0.383346,0.697504,0.344769,0.176477;27@0.065902,0.91675,0.573769,0.192483,0.864164,0.850873,0.258426;92@0.551207,0.34641,0.561543,0.20284,0.982275;10@0.736893,0.636837,0.251731,0.450647,0.357032,0.320231,0.281203,0.834055,0.808781,0.699712,0.794325,0.536189;75@0.988626,0.149463,0.716326,0.621052,0.767138,0.236983,0.646577,0.878386,0.978914,0.734367;84@0.914069,0.679122,0.194411,0.517083,0.998382,0.811521,0.869611,0.613559,0.035238,0.724766,0.055838;82@0.718929;47@0.412037,0.748735,0.653404,0.527916,0.238038,0.75865,0.821816,0.947757,0.34663,0.401916,0.773458;9@0.659708,0.542818,0.282867,0.94305,0.053824,0.6001,0.77605,0.66693,0.020468,0.83926,0.719893;39@0.280316,0.42568,0.378293,0.288113,0.25086,0.149597,0.14894,0.034943,0.169851;88@0.414918,0.436183,0.415092,0.352231,0.390642,0.77935,0.134927;30@0.7572,0.762075,0.119953,0.924599,0.915127,0.675543,0.746974,0.573048,0.077492,0.942509|1|1762487393
I20251108 00:02:58.876071 139717798590272 data_text_parser.cc:116] beg_pos: 4741,end_pos: 6951
I20251108 00:02:58.876084 139717798590272 data_text_parser.cc:59] line: 762|911|1720@325201329:0.521734;1185@243528534:0.076481;1587@511197345:0.168622;1048@3950557964:0.577482;1413@2242520282:0.484261;1472@2379433274:0.867194;1861@527013259:0.321278;1430@3434481712:0.376616;1384@1370490965:0.297664;1829@3301526638:0.79906;1635@216828705:0.499145;1785@2989008420:0.638321;1712@2622476862:0.637362;1116@583141824:0.086617;1010@1682708649:0.576285;1371@2860344087:0.27411;1381@1671736451:0.124272;1736@2367716731:0.915324;1206@1049298942:0.753508;1202@2456557948:0.187786|67@0.683691,0.845301,0.389849,0.318394,0.47688,0.400923,0.412615,0.637693,0.986306,0.305872,0.643356;56@0.418175,0.351435,0.018344,0.685806,0.011723,0.973295,0.262962,0.783737,0.62703,0.632307,0.691958,0.325042;73@0.391071,0.949794;38@0.006627,0.661893,0.125283,0.817097,0.641419,0.923919,0.173965,0.216551,0.972515,0.399558;1@;14@0.61418,0.809712,0.194577,0.369264,0.39119,0.188235,0.678874,0.295995,0.395007;41@;32@0.534274,0.00367,0.249458,0.166727;70@0.985081,0.529115,0.039183,0.570972;43@0.856423,0.432594,0.448477,0.36667,0.422545,0.159407,0.311412,0.906592,0.313101,0.434404,0.232107;65@0.162721,0.404757,0.469882,0.181144;20@0.159655,0.502295,0.64689,0.585342;40@0.175683,0.522308,0.71665;100@0.97638;37@0.791939,0.020584,0.344965,0.078619,0.604552,0.990252,0.188113,0.434809,0.799597,0.148889,0.204806,0.047071,0.373193;27@0.108415,0.356556,0.397035,0.188859,0.29854,0.484736,0.933012;92@0.248626,0.26106,0.504916,0.152444,0.27124;10@0.855432,0.842595,0.034352,0.174032,0.723053,0.755874,0.218347,0.215204,0.884459,0.498721,0.230418,0.20278;75@0.171687,0.658426,0.636926,0.958977,0.842858,0.823792,0.527509,0.222953,0.013198,0.485458;84@0.162192,0.448488,0.096667,0.81298,0.843966,0.979181,0.256331,0.981369,0.213337,0.239027,0.323951;82@0.551835;47@0.51232,0.492688,0.701426,0.976811,0.456038,0.493177,0.855493,0.152146,0.609563,0.644435,0.622277;9@0.214685,0.515907,0.801489,0.301379,0.101726,0.760629,0.36425,0.29448,0.053262,0.392622,0.173103;39@0.087278,0.545362,0.45577,0.147631,0.955171,0.754287,0.792053,0.77118,0.867087;88@0.587261,0.378971,0.128281,0.856692,0.800842,0.674518,0.056868;30@0.487398,0.154806,0.500894,0.162065,0.338586,0.483346,0.422399,0.021731,0.598399,0.708301|0|1762487393
I20251108 00:02:58.876119 139717798590272 data_text_parser.cc:116] beg_pos: 6952,end_pos: 9163
I20251108 00:02:58.876131 139717798590272 data_text_parser.cc:59] line: 763|833|1720@542979545:0.215106;1185@2171902795:0.266207;1587@796393361:0.315744;1048@951953755:0.24811;1413@1982148595:0.386784;1472@488044968:0.565307;1861@73274732:0.895439;1430@273544319:0.963579;1384@4182933510:0.496944;1829@2516792184:0.995336;1635@2699771651:0.85522;1785@3479014985:0.620737;1712@2889251410:0.644666;1116@3405541820:0.251679;1010@4120672799:0.370768;1371@934413467:0.763787;1381@2465259140:0.838287;1736@4237362971:0.83356;1206@3674884354:0.844871;1202@1142400492:0.978876|67@0.430416,0.217654,0.908562,0.127965,0.632292,0.664151,0.252861,0.540926,0.167793,0.059946,0.78684;56@0.977583,0.569796,0.189657,0.283479,0.531772,0.219652,0.152085,0.748695,0.335546,0.119468,0.667238,0.297835;73@0.36775,0.427608;38@0.340861,0.446698,0.925857,0.619144,0.418842,0.36561,0.145519,0.650081,0.223035,0.864911;1@;14@0.345769,0.914438,0.846922,0.433031,0.655984,0.819526,0.10694,0.565284,0.285337;41@;32@0.632853,0.707718,0.001001,0.426938;70@0.657006,0.827387,0.991049,0.023195;43@0.377379,0.46272,0.843692,0.344139,0.376097,0.840302,0.98379,0.760353,0.132678,0.493574,0.544409;65@0.785773,0.900226,0.093345,0.056163;20@0.154586,0.552682,0.746804,0.921189;40@0.46479,0.517492,0.290163;100@0.535078;37@0.929148,0.706453,0.702831,0.478431,0.015047,0.790601,0.888302,0.776751,0.08979,0.572242,0.40866,0.161686,0.633916;27@0.015936,0.397707,0.289466,0.899829,0.211028,0.096914,0.654669;92@0.652129,0.922847,0.132256,0.809031,0.868478;10@0.394954,0.128905,0.594056,0.746305,0.988573,0.117437,0.334293,0.849204,0.882212,0.657198,0.065114,0.616211;75@0.185552,0.997392,0.356301,0.617394,0.557831,0.170021,0.302084,0.366154,0.014883,0.173229;84@0.942254,0.765552,0.285192,0.769811,0.875967,0.394094,0.791724,0.582138,0.153044,0.257229,0.10504;82@0.424963;47@0.457514,0.452473,0.506734,0.725062,0.413038,0.955052,0.025162,0.696147,0.492952,0.887551,0.294476;9@0.510185,0.475089,0.037998,0.26588,0.679369,0.092845,0.605839,0.4635,0.702344,0.866366,0.67926;39@0.261193,0.506659,0.666073,0.197712,0.94762,0.204577,0.645508,0.199349,0.217921;88@0.663584,0.669892,0.177993,0.655495,0.042043,0.756681,0.590564;30@0.150133,0.655928,0.616493,0.674701,0.609686,0.583251,0.587562,0.395853,0.202015,0.314786|1|1762487393
I20251108 00:02:58.876168 139717798590272 data_text_parser.cc:116] beg_pos: 9164,end_pos: 11389
I20251108 00:02:58.876181 139717798590272 data_text_parser.cc:59] line: 764|798|1720@2919281271:0.136025;1185@351242344:0.867284;1587@636412405:0.849041;1048@2185957289:0.519623;1413@3722417325:0.433062;1472@4064427732:0.733015;1861@1917878532:0.893867;1430@3882702309:0.058883;1384@3157812612:0.163621;1829@1648986113:0.329503;1635@2360251914:0.954514;1785@1621347381:0.794348;1712@2203255463:0.426576;1116@3805541200:0.256699;1010@135923725:0.536036;1371@1348502320:0.047592;1381@3335928670:0.484776;1736@3269852205:0.490604;1206@2007452592:0.831423;1202@1489936558:0.484722|67@0.855576,0.735595,0.82955,0.449037,0.973946,0.008193,0.261392,0.960777,0.238744,0.837984,0.544241;56@0.900981,0.539356,0.594328,0.073001,0.184607,0.02585,0.542326,0.320794,0.042826,0.844224,0.627765,0.951252;73@0.279268,0.821629;38@0.781877,0.929408,0.211065,0.051953,0.953804,0.847366,0.484579,0.709647,0.806054,0.980601;1@;14@0.376918,0.311208,0.605407,0.759307,0.434762,0.241541,0.578424,0.741913,0.087987;41@;32@0.571072,0.150081,0.600771,0.719251;70@0.937687,0.902086,0.372905,0.781814;43@0.416752,0.602944,0.05143,0.468957,0.30558,0.300925,0.112302,0.243681,0.733577,0.720894,0.78914;65@0.023429,0.350647,0.65304,0.958663;20@0.013297,0.001025,0.793621,0.530576;40@0.253165,0.435643,0.170122;100@0.362666;37@0.617511,0.213605,0.346606,0.609962,0.095551,0.312766,0.222629,0.118448,0.020484,0.768822,0.639444,0.634715,0.638867;27@0.599635,0.976026,0.360332,0.887469,0.618454,0.359139,0.866887;92@0.235334,0.598079,0.410538,0.338902,0.878254;10@0.159867,0.923847,0.980751,0.079282,0.187542,0.701415,0.763017,0.227972,0.385976,0.27451,0.344052,0.392402;75@0.626173,0.767115,0.42595,0.164686,0.511158,0.527125,0.659107,0.627973,0.270109,0.517286;84@0.041948,0.275679,0.396315,0.350478,0.868521,0.988846,0.072251,0.743957,0.673913,0.726645,0.61202;82@0.346227;47@0.380809,0.529765,0.683623,0.559836,0.005797,0.497546,0.014222,0.169418,0.428287,0.401394,0.709601;9@0.091796,0.390557,0.390493,0.343843,0.567103,0.690192,0.653161,0.029859,0.391507,0.037362,0.854502;39@0.237997,0.604453,0.682523,0.092426,0.211178,0.660652,0.815023,0.334958,0.401066;88@0.129511,0.534967,0.015574,0.451695,0.048716,0.547233,0.849534;30@0.712193,0.851685,0.887319,0.194973,0.672275,0.558333,0.203416,0.073976,0.240301,0.343163|0|1762487393
I20251108 00:02:58.876216 139717798590272 data_text_parser.cc:116] beg_pos: 11390,end_pos: 13613
I20251108 00:02:58.876225 139717798590272 data_text_parser.cc:59] line: 765|453|1720@3918557404:0.949182;1185@1885195784:0.354195;1587@3097966878:0.4839;1048@450054837:0.663842;1413@3857000152:0.601482;1472@439589787:0.464902;1861@3357441273:0.709915;1430@2192822187:0.355688;1384@2042077970:0.789755;1829@1316823113:0.898529;1635@2629856452:0.622069;1785@2723781175:0.819899;1712@3624178901:0.247372;1116@2733375464:0.836765;1010@1435286917:0.232262;1371@3537433468:0.78304;1381@2370711940:0.635435;1736@775574071:0.469341;1206@4036835232:0.225636;1202@4122389191:0.940458|67@0.834238,0.600836,0.904241,0.141469,0.636065,0.525626,0.489944,0.472682,0.654025,0.231288,0.396651;56@0.519701,0.257123,0.965908,0.61153,0.009295,0.889694,0.681281,0.492563,0.261208,0.058597,0.697814,0.039524;73@0.65164,0.862596;38@0.995002,0.886579,0.885448,0.152674,0.202082,0.203175,0.616126,0.224528,0.053799,0.414929;1@;14@0.506124,0.879179,0.987556,0.945022,0.111412,0.385683,0.246976,0.195905,0.126554;41@;32@0.911405,0.265147,0.872966,0.774208;70@0.28077,0.485256,0.418458,0.417694;43@0.698408,0.073485,0.650766,0.984497,0.472444,0.663268,0.830844,0.848575,0.631122,0.753809,0.283482;65@0.707293,0.978072,0.168935,0.522462;20@0.166146,0.320754,0.025492,0.62847;40@0.329331,0.613659,0.533602;100@0.031062;37@0.730162,0.292535,0.066292,0.734668,0.053395,0.562544,0.593247,0.053148,0.315137,0.246791,0.462845,0.006729,0.934589;27@0.736217,0.977735,0.028223,0.149455,0.952202,0.137255,0.102975;92@0.31738,0.564957,0.720428,0.439709,0.131706;10@0.692588,0.062781,0.673863,0.16808,0.774772,0.409925,0.034891,0.043242,0.396025,0.735391,0.654738,0.729979;75@0.371569,0.727876,0.320405,0.806381,0.479877,0.322555,0.122746,0.088934,0.866379,0.43571;84@0.568214,0.631416,0.729543,0.444304,0.743716,0.886318,0.747843,0.964815,0.694223,0.602337,0.084233;82@0.709008;47@0.026539,0.517457,0.917737,0.38798,0.244824,0.486921,0.986654,0.731896,0.999076,0.021302,0.874472;9@0.553486,0.517739,0.261124,0.566335,0.183977,0.734023,0.509234,0.727301,0.840326,0.981803,0.238387;39@0.197245,0.076574,0.429944,0.062538,0.501461,0.415652,0.817507,0.046263,0.819935;88@0.190115,0.701597,0.162174,0.509719,0.653362,0.831412,0.283796;30@0.679236,0.939573,0.777935,0.803979,0.483251,0.214914,0.170488,0.971599,0.066467,0.283118|1|1762487393
I20251108 00:02:58.876262 139717798590272 data_text_parser.cc:116] beg_pos: 13614,end_pos: 15831
I20251108 00:02:58.876274 139717798590272 data_text_parser.cc:59] line: 766|140|1720@1169709165:0.22502;1185@324608803:0.762506;1587@4229544333:0.344597;1048@3879354435:0.052771;1413@3380394777:0.888318;1472@447395508:0.812737;1861@2289760529:0.602256;1430@2502152300:0.214991;1384@1551933152:0.631154;1829@3850473290:0.009055;1635@1238764179:0.168699;1785@878666113:0.960169;1712@2012692460:0.64311;1116@3950643927:0.542632;1010@167596886:0.172602;1371@3594893539:0.782564;1381@214453908:0.280846;1736@1064600796:0.19924;1206@380287120:0.377171;1202@2831823675:0.567059|67@0.409548,0.154222,0.486559,0.007678,0.688812,0.28397,0.828388,0.145376,0.471386,0.48393,0.438654;56@0.4312,0.130338,0.446275,0.918643,0.118983,0.114894,0.025638,0.432157,0.867447,0.424162,0.237463,0.434158;73@0.425343,0.831394;38@0.787474,0.187253,0.783813,0.718357,0.100444,0.98433,0.953788,0.164447,0.358702,0.039525;1@;14@0.946807,0.799444,0.700854,0.017857,0.786307,0.838843,0.059695,0.099271,0.10379;41@;32@0.093497,0.884317,0.813135,0.107748;70@0.794999,0.683477,0.721039,0.715172;43@0.093714,0.844855,0.997818,0.112581,0.622517,0.717361,0.152155,0.125595,0.682024,0.256655,0.296347;65@0.210715,0.185686,0.657873,0.279749;20@0.727425,0.666808,0.205733,0.946659;40@0.328219,0.606086,0.970888;100@0.721332;37@0.878304,0.323597,0.504674,0.783865,0.484633,0.211547,0.586615,0.844835,0.051992,0.853039,0.320944,0.873024,0.865004;27@0.885759,0.598856,0.126436,0.297039,0.22077,0.783247,0.109887;92@0.241632,0.687523,0.495503,0.544468,0.980159;10@0.297273,0.519585,0.147795,0.141824,0.565845,0.692958,0.923963,0.543707,0.930378,0.092772,0.850794,0.878389;75@0.335966,0.719779,0.21948,0.173963,0.021192,0.360911,0.420712,0.524866,0.001974,0.907197;84@0.134878,0.631228,0.907083,0.106434,0.777182,0.772238,0.222384,0.350995,0.514403,0.463817,0.449843;82@0.845074;47@0.158476,0.486617,0.484985,0.697426,0.122861,0.13473,0.752933,0.906069,0.833226,0.78828,0.060008;9@0.678956,0.177193,0.350654,0.116239,0.335539,0.691573,0.693702,0.474249,0.316574,0.62285,0.697198;39@0.175255,0.382837,0.167296,0.572146,0.577524,0.064403,0.681295,0.094161,0.268217;88@0.408297,0.268581,0.801278,0.389392,0.156314,0.677486,0.784784;30@0.724924,0.501542,0.834446,0.655157,0.676282,0.273871,0.407563,0.172746,0.583674,0.710336|1|1762487393
I20251108 00:02:58.876315 139717798590272 data_text_parser.cc:116] beg_pos: 15832,end_pos: 18053
I20251108 00:02:58.876327 139717798590272 data_text_parser.cc:59] line: 767|851|1720@1720273094:0.298231;1185@2840670775:0.822836;1587@3425673676:0.895478;1048@3723528694:0.589997;1413@3303873615:0.152425;1472@1839849930:0.644653;1861@3576698400:0.22294;1430@1717164779:0.775376;1384@2364056303:0.743769;1829@4262005569:0.916498;1635@2935402533:0.202132;1785@2513670222:0.371208;1712@2157807753:0.345358;1116@4012208238:0.953798;1010@2928529635:0.391072;1371@1208224834:0.123079;1381@3932138126:0.768736;1736@1460282319:0.676845;1206@2564056470:0.772279;1202@3456453472:0.913061|67@0.489986,0.677613,0.907547,0.794978,0.807193,0.107662,0.410915,0.471332,0.927014,0.331082,0.448552;56@0.636131,0.86124,0.843493,0.275177,0.533753,0.119561,0.360213,0.032177,0.08688,0.207712,0.988284,0.763414;73@0.71731,0.987543;38@0.899041,0.431166,0.042356,0.406605,0.784089,0.442348,0.102664,0.685857,0.531371,0.146422;1@;14@0.190734,0.910251,0.694343,0.698286,0.151443,0.821045,0.85863,0.053643,0.287744;41@;32@0.256679,0.415432,0.092025,0.342215;70@0.420551,0.805505,0.915462,0.686166;43@0.913764,0.005825,0.395485,0.23411,0.917443,0.841946,0.815224,0.298698,0.778015,0.465734,0.969573;65@0.927688,0.817631,0.096228,0.576565;20@0.230739,0.770567,0.177704,0.267678;40@0.199676,0.646155,0.334176;100@0.659872;37@0.27428,0.356051,0.753645,0.312828,0.993861,0.365473,0.383876,0.33819,0.241824,0.145369,0.805131,0.468489,0.722049;27@0.288833,0.971151,0.20046,0.258377,0.143836,0.814869,0.740767;92@0.040113,0.574313,0.529232,0.331055,0.20139;10@0.483938,0.15238,0.072346,0.242534,0.872513,0.085679,0.906127,0.536814,0.395132,0.267789,0.152544,0.351849;75@0.902182,0.255612,0.344656,0.997845,0.606842,0.462621,0.106261,0.81294,0.02797,0.528015;84@0.153881,0.407536,0.625833,0.561637,0.275118,0.302069,0.285314,0.100669,0.145317,0.624844,0.141861;82@0.978534;47@0.184414,0.523322,0.427032,0.035747,0.927206,0.897109,0.622404,0.586139,0.05232,0.785089,0.660022;9@0.337068,0.696104,0.137486,0.878375,0.560245,0.313182,0.559857,0.427556,0.213498,0.159025,0.20237;39@0.878729,0.50063,0.901239,0.467581,0.114848,0.885145,0.735648,0.654581,0.063567;88@0.180757,0.915052,0.251551,0.651781,0.714722,0.883595,0.289455;30@0.781495,0.192491,0.129446,0.726398,0.827342,0.828569,0.209918,0.662777,0.417667,0.833392|1|1762487393
I20251108 00:02:58.876359 139717798590272 data_text_parser.cc:116] beg_pos: 18054,end_pos: 20262
I20251108 00:02:58.876371 139717798590272 data_text_parser.cc:59] line: 768|173|1720@671754101:0.653912;1185@4240501450:0.72559;1587@2043430287:0.11457;1048@3691053690:0.239039;1413@681232821:0.977958;1472@3403233365:0.895818;1861@1677730112:0.830887;1430@1600939934:0.057376;1384@1354866294:0.167329;1829@2792859299:0.022639;1635@941354362:0.068753;1785@858480537:0.807114;1712@2123342261:0.525111;1116@3887564545:0.860272;1010@1239787005:0.528576;1371@1418516945:0.474277;1381@387086090:0.735305;1736@825182297:0.052625;1206@4264758735:0.495144;1202@2395268221:0.45692|67@0.675692,0.048917,0.217464,0.853316,0.032217,0.991077,0.184167,0.131618,0.332642,0.793115,0.97473;56@0.004649,0.920478,0.608121,0.847982,0.773394,0.060578,0.530789,0.215221,0.858158,0.126393,0.925018,0.788244;73@0.089576,0.805945;38@0.806364,0.094224,0.863792,0.238381,0.662117,0.669316,0.20327,0.817754,0.070298,0.058338;1@;14@0.242467,0.007012,0.566653,0.479515,0.335456,0.73049,0.768239,0.455952,0.254739;41@;32@0.140674,0.009818,0.650407,0.953661;70@0.183364,0.972796,0.933323,0.05046;43@0.518347,0.13611,0.68181,0.630689,0.507005,0.031073,0.956641,0.376058,0.107972,0.390948,0.801484;65@0.210105,0.838321,0.941059,0.657121;20@0.693629,0.459532,0.09017,0.779458;40@0.890583,0.949706,0.407426;100@0.911986;37@0.693522,0.220632,0.831677,0.284263,0.250457,0.69822,0.83126,0.03297,0.422536,0.594341,0.243389,0.01511,0.556027;27@0.617232,0.29986,0.902106,0.058003,0.387303,0.107624,0.3738;92@0.532802,0.284387,0.302202,0.136256,0.774142;10@0.149783,0.752423,0.948355,0.073359,0.605801,0.644095,0.596495,0.538751,0.803812,0.880188,0.386371,0.564203;75@0.611457,0.809939,0.424668,0.030283,0.845977,0.05257,0.384128,0.152665,0.780091,0.705355;84@0.762582,0.017393,0.156989,0.831401,0.139131,0.437279,0.636147,0.971752,0.338779,0.46404,0.519606;82@0.398738;47@0.854328,0.954465,0.544852,0.909005,0.011207,0.878797,0.149967,0.323682,0.967817,0.393537,0.189126;9@0.179356,0.981535,0.935412,0.350799,0.125,0.017091,0.667647,0.868945,0.908312,0.664347,0.525246;39@0.216113,0.032272,0.874552,0.034176,0.825187,0.237927,0.500779,0.314406,0.394093;88@0.864025,0.773356,0.439594,0.078714,0.38346,0.870371,0.016341;30@0.525929,0.248333,0.359405,0.913565,0.356179,0.391866,0.756695,0.526463,0.273193,0.669403|0|1762487393
I20251108 00:02:58.876399 139717798590272 data_text_parser.cc:116] beg_pos: 20263,end_pos: 20480
I20251108 00:02:58.876666 139717798590272 data_text_parser.cc:101] get chunk buffer, size: 20480
I20251108 00:02:58.876695 139717798590272 data_text_parser.cc:116] beg_pos: 0,end_pos: 1987
I20251108 00:02:58.876703 139717798590272 data_text_parser.cc:61] buffer line: 769|112|1720@69491505:0.319697;1185@13161248:0.494913;1587@3010451602:0.684179;1048@2314023489:0.159219;1413@3702587278:0.761818;1472@3556292100:0.379396;1861@3955690849:0.720577;1430@2211622483:0.0356;1384@2999423099:0.086099;1829@3843235055:0.022691;1635@2988906405:0.136737;1785@1807449625:0.269549;1712@3524642722:0.383397;1116@941079203:0.548022;1010@1592370378:0.246927;1371@189970598:0.388598;1381@3617454386:0.230665;1736@894363300:0.246801;1206@1005965200:0.31692;1202@3932158870:0.719435|67@0.514496,0.776891,0.688156,0.895091,0.690498,0.48802,0.58812,0.204128,0.93896,0.520907,0.428438;56@0.938081,0.562793,0.297737,0.964836,0.069174,0.15817,0.081252,0.881407,0.493401,0.857492,0.217731,0.116671;73@0.314628,0.12801;38@0.532703,0.726081,0.741054,0.613274,0.546466,0.92369,0.857704,0.800376,0.141424,0.626953;1@;14@0.865635,0.34016,0.156699,0.257742,0.023993,0.08755,0.410742,0.11752,0.823669;41@;32@0.592528,0.677533,0.316961,0.331485;70@0.550816,0.718159,0.287239,0.415269;43@0.565052,0.858223,0.896573,0.824303,0.132613,0.096338,0.959599,0.184313,0.730484,0.593312,0.250257;65@0.922356,0.388689,0.24618,0.543676;20@0.674189,0.685257,0.519998,0.234731;40@0.359506,0.90957,0.404532;100@0.618016;37@0.251158,0.716222,0.325415,0.032291,0.993987,0.929049,0.603394,0.473769,0.611434,0.719776,0.875108,0.345925,0.023697;27@0.752195,0.933415,0.090657,0.483657,0.202468,0.15605,0.614706;92@0.297872,0.405948,0.530122,0.962641,0.710951;10@0.849886,0.325494,0.044742,0.193486,0.905131,0.187674,0.106533,0.538023,0.839916,0.364112,0.723561,0.360874;75@0.225859,0.501018,0.792073,0.565697,0.57901,0.4764,0.923256,0.282013,0.536774,0.94639;84@0.121445,0.322144,0.331601,0.028465,0.846135,0.032374,0.292387,0.24137,0.895487,0.508232,0.002879;82@0.56066;47@0.830814,0.808239,0.755846,0.182217,0.492474,0.955116,0.654771,0.862601,0.578332,0.921112,0.484231;9@0.614146,0.490777,0.533281,0.431558,0.996205,0.89543,0.848356,0.604075,0.356804,0.345175,0.11128;39@0.381544,0.764592,0.394111,0.696863,0.840785,0.938606,0.595001,0.315085,0.862926;88@0.416085,0.707419,0.274219,0.92924,0.595639,0.085236,0.833229;30@0.037131,0.027445,0.903798,0.275283,0.6436,0.702113,0.215056,0.683074,0.281008,0.396062|1|1762487393
I20251108 00:02:58.876743 139717798590272 data_text_parser.cc:116] beg_pos: 1988,end_pos: 4196
I20251108 00:02:58.876756 139717798590272 data_text_parser.cc:59] line: 770|598|1720@4106429744:0.091794;1185@1218508330:0.398568;1587@166155344:0.702743;1048@2927830357:0.383358;1413@1975778601:0.215201;1472@201235492:0.80182;1861@960872093:0.069922;1430@1251350676:0.457491;1384@1846060370:0.042463;1829@733644154:0.02037;1635@490793538:0.18576;1785@1379714181:0.135815;1712@2444448604:0.909945;1116@4236650813:0.109846;1010@1291146132:0.677682;1371@1489094429:0.314483;1381@1507366833:0.660138;1736@3140762842:0.725117;1206@1154411282:0.957165;1202@3537433468:0.103066|67@0.384431,0.279646,0.891019,0.834055,0.078993,0.630473,0.707981,0.295246,0.667982,0.751185,0.005922;56@0.533882,0.761753,0.670538,0.558705,0.530085,0.612165,0.440378,0.069361,0.226358,0.754615,0.131603,0.491636;73@0.697044,0.548789;38@0.496779,0.122427,0.270084,0.108093,0.305525,0.001674,0.503308,0.794947,0.351818,0.604464;1@;14@0.152612,0.48517,0.165532,0.696367,0.879322,0.535698,0.44401,0.661953,0.108854;41@;32@0.985025,0.243158,0.926187,0.316197;70@0.479325,0.128402,0.677275,0.724503;43@0.955288,0.531703,0.174762,0.218896,0.35248,0.955456,0.365899,0.793942,0.588064,0.421418,0.321197;65@0.134737,0.527302,0.404657,0.169249;20@0.646967,0.080998,0.326644,0.140616;40@0.568273,0.624577,0.683992;100@0.593846;37@0.219072,0.402989,0.205363,0.410558,0.74627,0.386885,0.833635,0.907447,0.189147,0.401414,0.876512,0.494165,0.666256;27@0.929213,0.772213,0.781622,0.18857,0.714264,0.95784,0.47437;92@0.675969,0.331723,0.94493,0.88351,0.504108;10@0.81259,0.568479,0.36788,0.694693,0.296437,0.862688,0.796906,0.819963,0.437363,0.103839,0.413576,0.70958;75@0.849799,0.625341,0.799769,0.736999,0.721178,0.669904,0.63649,0.581876,0.797503,0.216106;84@0.483731,0.199674,0.989647,0.333545,0.166705,0.980646,0.799158,0.32325,0.117347,0.101438,0.247945;82@0.353579;47@0.773601,0.413408,0.444215,0.827231,0.621791,0.845821,0.35539,0.829804,0.195807,0.250056,0.49416;9@0.893033,0.699673,0.078811,0.559198,0.977126,0.395912,0.966579,0.887794,0.00114,0.851088,0.662981;39@0.348048,0.26038,0.890244,0.611972,0.448298,0.786831,0.072136,0.59211,0.916458;88@0.206817,0.843367,0.684398,0.765381,0.073735,0.036379,0.97083;30@0.678951,0.979006,0.329673,0.267202,0.344725,0.051918,0.16451,0.323227,0.536766,0.371446|1|1762487393
I20251108 00:02:58.876795 139717798590272 data_text_parser.cc:116] beg_pos: 4197,end_pos: 6395
I20251108 00:02:58.876807 139717798590272 data_text_parser.cc:59] line: 771|540|1720@1183920787:0.652635;1185@2273488955:0.612573;1587@3763242351:0.786244;1048@670269425:0.524522;1413@3587116182:0.946256;1472@3414140191:0.894833;1861@3531025936:0.56291;1430@825182297:0.975388;1384@1620894879:0.009325;1829@2720313516:0.297239;1635@3191648882:0.927259;1785@3575621457:0.522581;1712@2058779560:0.238314;1116@650666439:0.763266;1010@828668469:0.529206;1371@625889867:0.078454;1381@2055300698:0.403901;1736@2886327952:0.326767;1206@2570968522:0.875537;1202@1405838792:0.52194|67@0.662512,0.88653,0.515941,0.643738,0.543099,0.035156,0.119053,0.269785,0.574202,0.55652,0.10131;56@0.56229,0.163674,0.461932,0.21754,0.218224,0.540799,0.287212,0.718358,0.866131,0.417228,0.986948,0.537077;73@0.328212,0.14889;38@0.248286,0.086344,0.798426,0.335433,0.89562,0.116147,0.626821,0.277053,0.968037,0.590505;1@;14@0.380258,0.824645,0.175354,0.260708,0.076715,0.947822,0.506455,0.303376,0.379061;41@;32@0.323294,0.389848,0.341063,0.511202;70@0.943019,0.373099,0.406394,0.025487;43@0.567236,0.131741,0.81203,0.812055,0.611585,0.881448,0.400499,0.245734,0.555582,0.48878,0.285572;65@0.25943,0.654176,0.811996,0.248841;20@0.271834,0.031775,0.950712,0.820512;40@0.540686,0.879456,0.51137;100@0.381272;37@0.6184,0.024947,0.423628,0.841973,0.560058,0.900484,0.549665,0.83721,0.76555,0.815797,0.966411,0.963615,0.270019;27@0.359731,0.784686,0.382287,0.35594,0.33711,0.480396,0.32883;92@0.136916,0.67984,0.844754,0.040134,0.93148;10@0.566819,0.276772,0.695887,0.006388,0.919646,0.045897,0.119392,0.266044,0.268418,0.840997,0.160155,0.73007;75@0.70848,0.564754,0.385551,0.220212,0.441015,0.27743,0.055287,0.845211,0.789029,0.020619;84@0.694653,0.096329,0.898612,0.109667,0.524952,0.040621,0.948889,0.012807,0.983789,0.681796,0.946779;82@0.66041;47@0.906295,0.764929,0.636091,0.846744,0.36346,0.840727,0.528313,0.658493,0.833688,0.916308,0.253608;9@0.317305,0.047551,0.868329,0.720174,0.47902,0.50254,0.003577,0.110336,0.395474,0.961237,0.832872;39@0.732762,0.974091,0.808184,0.388958,0.358971,0.212899,0.087598,0.160272,0.892553;88@0.687198,0.908991,0.687129,0.0233,0.316342,0.480307,0.178927;30@0.158286,0.843071,0.830714,0.583931,0.624887,0.969436,0.67398,0.701295,0.6153,0.725542|0|1762487393
I20251108 00:02:58.876842 139717798590272 data_text_parser.cc:116] beg_pos: 6396,end_pos: 8604
I20251108 00:02:58.876861 139717798590272 data_text_parser.cc:59] line: 772|919|1720@2272834626:0.842283;1185@666972945:0.192592;1587@1968470020:0.28304;1048@3942798131:0.887745;1413@2381748345:0.91385;1472@4006536301:0.336462;1861@3668333123:0.075545;1430@2810210051:0.40556;1384@833713423:0.470967;1829@1959959843:0.937057;1635@3627419827:0.959939;1785@4244646477:0.422635;1712@1389797622:0.54462;1116@2186907161:0.89151;1010@2046281918:0.584661;1371@2958221781:0.322224;1381@976208083:0.655415;1736@945649059:0.090391;1206@2339153006:0.742016;1202@3608278465:0.467707|67@0.673736,0.455934,0.349736,0.508565,0.169488,0.859734,0.658402,0.976941,0.37275,0.275137,0.041235;56@0.163442,0.724495,0.151174,0.483246,0.488875,0.327507,0.592662,0.865967,0.76283,0.332249,0.454179,0.761446;73@0.551435,0.856908;38@0.851057,0.102826,0.64067,0.39773,0.527935,0.946498,0.419427,0.30164,0.562598,0.760831;1@;14@0.576885,0.044088,0.750525,0.534688,0.674799,0.855237,0.684942,0.827213,0.088146;41@;32@0.28228,0.791257,0.51977,0.433616;70@0.107202,0.810701,0.516569,0.607452;43@0.214147,0.98073,0.179781,0.451065,0.797038,0.219511,0.896273,0.746018,0.861121,0.001543,0.614237;65@0.239127,0.014632,0.630491,0.628262;20@0.428479,0.76145,0.32218,0.020885;40@0.059047,0.340333,0.419428;100@0.913746;37@0.138181,0.976234,0.009102,0.990111,0.991032,0.610674,0.196502,0.008257,0.603135,0.353582,0.230751,0.702173,0.98391;27@0.323983,0.478327,0.405803,0.567986,0.247295,0.174488,0.850865;92@0.405886,0.893547,0.402069,0.211323,0.466359;10@0.597687,0.429681,0.229775,0.080616,0.607202,0.198985,0.803861,0.939692,0.927801,0.304182,0.742622,0.255867;75@0.019211,0.291815,0.415219,0.514834,0.820064,0.42922,0.392564,0.871121,0.819555,0.398371;84@0.318729,0.434325,0.143174,0.723909,0.003377,0.837809,0.552802,0.766071,0.12704,0.145583,0.803856;82@0.19143;47@0.193876,0.114782,0.482735,0.652516,0.500951,0.276067,0.481673,0.596002,0.461002,0.586881,0.192128;9@0.961256,0.057888,0.87345,0.346098,0.060967,0.27844,0.249648,0.557337,0.653107,0.650389,0.08335;39@0.569269,0.367461,0.013515,0.2528,0.827866,0.157928,0.967346,0.933902,0.588659;88@0.864784,0.699656,0.416244,0.674413,0.352029,0.906041,0.861662;30@0.617408,0.423601,0.900699,0.475589,0.810863,0.101887,0.331087,0.39642,0.560178,0.542406|1|1762487393
I20251108 00:02:58.876893 139717798590272 data_text_parser.cc:116] beg_pos: 8605,end_pos: 10815
I20251108 00:02:58.876905 139717798590272 data_text_parser.cc:59] line: 773|891|1720@4018592703:0.739055;1185@875108628:0.548119;1587@4278219968:0.271097;1048@1005458037:0.715717;1413@3847306698:0.939589;1472@118167679:0.875439;1861@3856254045:0.354317;1430@3585732712:0.284678;1384@2010342346:0.10787;1829@461187680:0.940457;1635@870204175:0.647597;1785@2182693523:0.279242;1712@87492840:0.532036;1116@2864259825:0.692183;1010@3765338636:0.710972;1371@1405721667:0.963882;1381@3428910635:0.631015;1736@911645741:0.830429;1206@2193117779:0.596755;1202@753264717:0.392835|67@0.892274,0.386471,0.843103,0.986814,0.966411,0.466796,0.569407,0.714029,0.847681,0.935354,0.27562;56@0.323903,0.353058,0.797339,0.851769,0.325124,0.893101,0.895409,0.24343,0.810213,0.430416,0.490703,0.506877;73@0.958444,0.304575;38@0.108584,0.073562,0.731868,0.576922,0.285965,0.759684,0.527118,0.456845,0.640487,0.940406;1@;14@0.744855,0.226511,0.05811,0.267226,0.754365,0.414088,0.09061,0.682052,0.650807;41@;32@0.343626,0.439795,0.890644,0.466664;70@0.642352,0.80837,0.886224,0.061629;43@0.265173,0.212469,0.313742,0.637145,0.426178,0.361047,0.355575,0.981369,0.220113,0.034894,0.19911;65@0.28085,0.406898,0.921013,0.885523;20@0.171109,0.44687,0.793874,0.999552;40@0.596624,0.528197,0.875362;100@0.881205;37@0.152575,0.010769,0.838515,0.1692,0.503475,0.860974,0.003215,0.298666,0.403496,0.001448,0.270354,0.640843,0.489203;27@0.361991,0.614701,0.635755,0.207589,0.902979,0.484554,0.969668;92@0.257821,0.855499,0.981554,0.969429,0.636297;10@0.587409,0.250641,0.475985,0.207837,0.789647,0.466475,0.522937,0.514659,0.484006,0.390131,0.765599,0.951023;75@0.434701,0.027232,0.843674,0.477347,0.54604,0.049047,0.857174,0.370406,0.683198,0.689927;84@0.52401,0.89656,0.748726,0.049843,0.870594,0.410158,0.456738,0.735016,0.745893,0.731995,0.088232;82@0.503919;47@0.638841,0.694153,0.404695,0.371847,9.9e-05,0.082921,0.34198,0.932365,0.248826,0.232707,0.235585;9@0.744701,0.729121,0.414884,0.368089,0.676268,0.598318,0.789711,0.271329,0.358614,0.988355,0.079134;39@0.926087,0.826094,0.892022,0.179859,0.379113,0.417653,0.022354,0.902321,0.345322;88@0.49206,0.057432,0.118735,0.083481,0.66913,0.80677,0.912132;30@0.741593,0.715551,0.971154,0.785049,0.881964,0.975013,0.848607,0.242661,0.672969,0.392732|1|1762487393
I20251108 00:02:58.876945 139717798590272 data_text_parser.cc:116] beg_pos: 10816,end_pos: 13026
I20251108 00:02:58.876957 139717798590272 data_text_parser.cc:59] line: 774|161|1720@1771267462:0.679455;1185@130251360:0.495387;1587@4219860573:0.630448;1048@89069215:0.16954;1413@3210018324:0.928737;1472@1917878532:0.745601;1861@1554545137:0.708018;1430@904916526:0.452306;1384@3069137780:0.468713;1829@2350240695:0.306343;1635@4039045278:0.552365;1785@3671845002:0.779741;1712@760290079:0.340209;1116@4239858689:0.067136;1010@582469909:0.343079;1371@3951172632:0.974886;1381@1537610209:0.437999;1736@1457665977:0.882422;1206@392237193:0.668154;1202@1668431218:0.417447|67@0.154097,0.538548,0.338702,0.996803,0.278445,0.598033,0.45398,0.878685,0.468902,0.451973,0.703585;56@0.00474,0.609394,0.331116,0.423538,0.270253,0.764956,0.740244,0.536251,0.91067,0.451448,0.978657,0.057611;73@0.405457,0.430664;38@0.212319,0.974889,0.177089,0.249408,0.480531,0.904936,0.569678,0.617915,0.993529,0.585039;1@;14@0.255884,0.571805,0.867742,0.204925,0.601668,0.473258,0.507694,0.62623,0.861114;41@;32@0.777921,0.531571,0.115852,0.705957;70@0.57654,0.63602,0.880576,0.485582;43@0.126035,0.759289,0.362659,0.330926,0.853842,0.387986,0.209225,0.713098,0.245737,0.729047,0.836186;65@0.86398,0.138679,0.925066,0.49652;20@0.012142,0.282783,0.062709,0.921341;40@0.089469,0.445636,0.698712;100@0.735985;37@0.13987,0.082829,0.804092,0.934809,0.626686,0.675678,0.479202,0.39987,0.184798,0.888866,0.368089,0.753377,0.529636;27@0.019943,0.66336,0.01098,0.348902,0.803799,0.19794,0.698952;92@0.979149,0.459953,0.766074,0.011352,0.670493;10@0.990001,0.566799,0.088438,0.465979,0.178852,0.435243,0.204169,0.247327,0.846822,0.583604,0.374013,0.556461;75@0.80276,0.102572,0.264297,0.585031,0.925419,0.21464,0.49448,0.751144,0.392362,0.402783;84@0.812419,0.530055,0.431823,0.632399,0.511813,0.398477,0.719716,0.839597,0.632401,0.699216,0.051712;82@0.129339;47@0.521041,0.133171,0.845022,0.106474,0.370667,0.897436,0.351429,0.626586,0.814937,0.128075,0.877681;9@0.483742,0.664973,0.840374,0.731626,0.262451,0.307027,0.98411,0.577398,0.999255,0.630695,0.462007;39@0.542058,0.685089,0.637032,0.397375,0.390208,0.109543,0.463912,0.510205,0.052717;88@0.027218,0.562165,0.357904,0.673422,0.198946,0.10043,0.98977;30@0.313728,0.173932,0.520407,0.363079,0.291976,0.714284,0.064207,0.059193,0.537741,0.795817|1|1762487393
I20251108 00:02:58.876992 139717798590272 data_text_parser.cc:116] beg_pos: 13027,end_pos: 15234
I20251108 00:02:58.877004 139717798590272 data_text_parser.cc:59] line: 775|653|1720@978267665:0.505818;1185@1973789081:0.303795;1587@567175374:0.732924;1048@2228185652:0.60229;1413@511322247:0.110191;1472@3873915534:0.420242;1861@4031300233:0.779426;1430@674358523:0.158708;1384@3965683273:0.212412;1829@2930862906:0.366873;1635@2092528221:0.138979;1785@2006615347:0.281635;1712@3276922026:0.354841;1116@923079359:0.988422;1010@4082132375:0.670917;1371@772210759:0.611222;1381@1683779324:0.170203;1736@2313039052:0.996397;1206@2218196935:0.081525;1202@1051543248:0.797568|67@0.865106,0.722365,0.395866,0.194162,0.593,0.169342,0.483159,0.041749,0.527451,0.996811,0.595937;56@0.512271,0.711652,0.964994,0.868611,0.875209,0.197822,0.964064,0.493626,0.69797,0.253786,0.518052,0.920847;73@0.341432,0.240235;38@0.919457,0.943633,0.013248,0.014672,0.764228,0.814788,0.336368,0.268353,0.968306,0.054083;1@;14@0.279122,0.85649,0.987315,0.736073,0.008713,0.69004,0.121824,0.304984,0.865043;41@;32@0.494923,0.951745,0.589831,0.206077;70@0.092199,0.107982,0.926038,0.126998;43@0.651623,0.375289,0.663983,0.275457,0.249493,0.302381,0.668851,0.438133,0.388384,0.674252,0.525274;65@0.82773,0.756081,0.387142,0.447021;20@0.882321,0.357719,0.997225,0.728222;40@0.925291,0.879842,0.635082;100@0.959219;37@0.717752,0.405669,0.065614,0.258929,0.434782,0.16269,0.164283,0.120082,0.402005,0.107367,0.248478,0.839529,0.250161;27@0.884274,0.642272,0.131911,0.114083,0.781823,0.826961,0.893308;92@0.772264,0.09884,0.398675,0.16963,0.964908;10@0.345675,0.063317,0.207539,0.904091,0.811729,0.072158,0.759457,0.575683,0.115871,0.107983,0.53741,0.525948;75@0.45037,0.298383,0.170939,0.784164,0.76904,0.295924,0.23709,0.64745,0.400201,0.677282;84@0.488482,0.769969,0.079741,0.822162,0.007987,0.532801,0.241359,0.323033,0.095949,0.322249,0.964726;82@0.805285;47@0.582027,0.721079,0.804826,0.975787,0.764364,0.820332,0.088117,0.35183,0.542815,0.867592,0.979338;9@0.963261,0.500715,0.121505,0.865503,0.958003,0.592255,0.517618,0.141568,0.487841,0.061856,0.443898;39@0.31878,0.899624,0.651545,0.615592,0.781936,0.327526,0.647457,0.535312,0.346814;88@0.776128,0.217528,0.57306,0.543252,0.850744,0.642149,0.785847;30@0.962443,0.27291,0.946519,0.447813,0.63389,0.02497,0.41144,0.503239,0.672373,0.90499|0|1762487393
I20251108 00:02:58.877042 139717798590272 data_text_parser.cc:116] beg_pos: 15235,end_pos: 17440
I20251108 00:02:58.877054 139717798590272 data_text_parser.cc:59] line: 776|195|1720@4037774907:0.587023;1185@1130214277:0.944913;1587@135407452:0.63964;1048@2565846207:0.927628;1413@1959437508:0.537017;1472@3378480669:0.112043;1861@3501333627:0.996212;1430@213147590:0.411835;1384@4067316514:0.691279;1829@3623503348:0.312714;1635@2026509237:0.387055;1785@254679509:0.885351;1712@79761041:0.604487;1116@2533286560:0.764437;1010@1546312431:0.704803;1371@1701379274:0.095118;1381@2055300698:0.304681;1736@1515870223:0.875412;1206@3129378325:0.049472;1202@742246423:0.644419|67@0.621267,0.076069,0.18532,0.806788,0.573198,0.744898,0.714386,0.44555,0.110545,0.586229,0.318009;56@0.38971,0.072764,0.87145,0.985428,0.061913,0.053166,0.913847,0.924363,0.757927,0.404123,0.608187,0.448983;73@0.341914,0.272982;38@0.937542,0.799945,0.447683,0.986485,0.053294,0.688247,0.738426,0.11684,0.300651,0.332345;1@;14@0.621983,0.649061,0.920701,0.725974,0.90651,0.46183,0.169209,0.196568,0.682425;41@;32@0.448814,0.687032,0.60227,0.417025;70@0.417608,0.880722,0.248317,0.370904;43@0.584657,0.22065,0.128268,0.639313,0.341594,0.213361,0.95213,0.349362,0.743549,0.151582,0.958546;65@0.900526,0.058717,0.20135,0.700765;20@0.908984,0.742361,0.676741,0.95498;40@0.649928,0.262499,0.004431;100@0.946563;37@0.035791,0.28649,0.61964,0.282598,0.903225,0.9503,0.231978,0.052345,0.998069,0.8151,0.215041,0.372858,0.514356;27@0.028068,0.906895,0.563045,0.261262,0.413055,0.909006,0.128162;92@0.562645,0.684944,0.540301,0.209333,0.165929;10@0.837533,0.637032,0.301255,0.462287,0.970738,0.18512,0.845916,0.653583,0.396277,0.570019,0.733606,0.788924;75@0.729099,0.214628,0.999918,0.991225,0.810367,0.033524,0.424948,0.32641,0.233558,0.349548;84@0.235819,0.193675,0.865979,0.433546,0.720813,0.55057,0.59237,0.059919,0.990134,0.754829,0.038723;82@0.729746;47@0.714909,0.944642,0.16969,0.051507,0.908662,0.034607,0.744779,0.518298,0.31646,0.425989,0.833912;9@0.511932,0.775401,0.106927,0.258547,0.223971,0.701194,0.311189,0.579791,0.635031,0.442474,0.813038;39@0.329428,0.911169,0.811109,0.280911,0.214914,0.561444,0.220467,0.441763,0.281575;88@0.516733,0.624177,0.851158,0.711871,0.996607,0.150804,0.539225;30@0.575668,0.246979,0.869641,0.475697,0.188168,0.084081,0.568399,0.55329,0.984386,0.668612|0|1762487393
I20251108 00:02:58.877090 139717798590272 data_text_parser.cc:116] beg_pos: 17441,end_pos: 19660
I20251108 00:02:58.877102 139717798590272 data_text_parser.cc:59] line: 777|413|1720@3369721699:0.897577;1185@2882729754:0.527579;1587@75278992:0.274221;1048@2366018614:0.409142;1413@3895225451:0.081126;1472@2397100602:0.992193;1861@3318752147:0.124266;1430@1805143234:0.525181;1384@2900636438:0.755451;1829@2576049863:0.753452;1635@973312201:0.297119;1785@3903431066:0.123821;1712@3165898708:0.658656;1116@4289078213:0.383943;1010@889630363:0.518987;1371@219310878:0.947486;1381@2097998275:0.376523;1736@3476623477:0.131561;1206@3125163945:0.612558;1202@2797719247:0.962847|67@0.329612,0.002713,0.315246,0.398648,0.821941,0.588749,0.055276,0.182343,0.109107,0.262732,0.690022;56@0.930791,0.935206,0.159879,0.504254,0.784812,0.929831,0.858354,0.63876,0.104557,0.761265,0.630159,0.841983;73@0.243466,0.629174;38@0.410543,0.558427,0.866046,0.352113,0.960746,0.736012,0.072086,0.493174,0.603444,0.736252;1@;14@0.118923,0.644731,0.831471,0.244693,0.859949,0.789823,0.199727,0.189873,0.641159;41@;32@0.037153,0.029492,0.904579,0.408576;70@0.709968,0.512459,0.706191,0.948242;43@0.924672,0.638922,0.193009,0.600194,0.261033,0.860159,0.151973,0.69467,0.512547,0.020468,0.550924;65@0.96748,0.190892,0.928381,0.661561;20@0.533843,0.245286,0.12337,0.084796;40@0.496716,0.376085,0.83383;100@0.674886;37@0.414217,0.793968,0.874447,0.522237,0.136436,0.443366,0.839412,0.239876,0.316521,0.086338,0.470767,0.375594,0.159194;27@0.253567,0.021101,0.188666,0.606192,0.988804,0.287223,0.480177;92@0.194616,0.166856,0.392102,0.463263,0.537311;10@0.745769,0.119423,0.951519,0.917338,0.559717,0.758152,0.032817,0.767434,0.897757,0.29464,0.822294,0.738103;75@0.077759,0.959937,0.810779,0.790772,0.014014,0.11712,0.70959,0.555756,0.250197,0.847513;84@0.250761,0.762504,0.190319,0.36643,0.084291,0.849257,0.767261,0.620888,0.112399,0.679876,0.783378;82@0.584635;47@0.773045,0.681087,0.398424,0.717782,0.744826,0.317911,0.673164,0.317618,0.18926,0.800599,0.087441;9@0.999254,0.980045,0.959296,0.565976,0.324549,0.269122,0.723657,0.115002,0.320323,0.78703,0.091785;39@0.021459,0.561682,0.324926,0.151796,0.648608,0.750157,0.644633,0.297295,0.806417;88@0.41831,0.837914,0.26504,0.575295,0.102661,0.241848,0.152334;30@0.768969,0.150244,0.481016,0.786626,0.291241,0.453647,0.069381,0.906061,0.031306,0.353581|0|1762487393
I20251108 00:02:58.877130 139717798590272 data_text_parser.cc:116] beg_pos: 19661,end_pos: 20480
I20251108 00:02:58.877373 139717798590272 data_text_parser.cc:101] get chunk buffer, size: 20480
I20251108 00:02:58.877395 139717798590272 data_text_parser.cc:116] beg_pos: 0,end_pos: 1390
I20251108 00:02:58.877403 139717798590272 data_text_parser.cc:61] buffer line: 778|883|1720@3696136565:0.655558;1185@1046118729:0.067946;1587@3304416616:0.656224;1048@301155462:0.156353;1413@3330585497:0.236381;1472@1608080021:0.46413;1861@3236624101:0.91154;1430@2208288689:0.706625;1384@844007896:0.318319;1829@1068871407:0.31611;1635@242706453:0.622504;1785@260713764:0.52011;1712@622858447:0.790613;1116@420471030:0.844395;1010@3674884354:0.363791;1371@758994893:0.424483;1381@3933735642:0.188785;1736@3023982150:0.884984;1206@461186801:0.911857;1202@1436337058:0.403341|67@0.56067,0.577824,0.795146,0.727927,0.031763,0.143344,0.001323,0.274845,0.231436,0.486754,0.071338;56@0.175728,0.855157,0.816798,0.806321,0.845856,0.924873,0.550722,0.370272,0.475768,0.923911,0.677211,0.018364;73@0.781932,0.220271;38@0.236489,0.172209,0.387245,0.370638,0.583434,0.450487,0.359267,0.847171,0.047308,0.769641;1@;14@0.225602,0.050339,0.653831,0.793191,0.657665,0.984176,0.921697,0.315118,0.278563;41@;32@0.229056,0.026775,0.84098,0.87308;70@0.363196,0.310296,0.586248,0.661965;43@0.755764,0.524757,0.152332,0.875414,0.421409,0.605746,0.392923,0.325749,0.785043,0.141331,0.57694;65@0.065917,0.506886,0.468724,0.888284;20@0.41031,0.879603,0.45017,0.628007;40@0.955604,0.108235,0.446763;100@0.599524;37@0.15048,0.837473,0.26207,0.186056,0.636359,0.679395,0.237467,0.074179,0.67992,0.214222,0.371879,0.84774,0.740025;27@0.690633,0.189671,0.484461,0.557221,0.686338,0.510572,0.995392;92@0.140007,0.746266,0.872285,0.964023,0.600891;10@0.361956,0.955608,0.813451,0.737148,0.212194,0.466376,0.653967,0.678841,0.660312,0.404093,0.855141,0.794438;75@0.542809,0.390473,0.801071,0.998712,0.017374,0.597901,0.574319,0.317347,0.241449,0.91679;84@0.756326,0.05159,0.26354,0.014753,0.617196,0.308056,0.929263,0.312177,0.832865,0.041619,0.80021;82@0.931193;47@0.742827,0.074279,0.930558,0.362816,0.150881,0.772104,0.331893,0.465314,0.830583,0.95814,0.372172;9@0.424373,0.110601,0.438872,0.378061,0.016043,0.120527,0.890534,0.821257,0.313899,0.879508,0.889102;39@0.286946,0.055951,0.142311,0.771211,0.184146,0.856419,0.90887,0.757767,0.953088;88@0.011138,0.614173,0.264459,0.441339,0.378175,0.825814,0.541715;30@0.192925,0.494805,0.729018,0.957212,0.385728,0.447212,0.392054,0.442603,0.364624,0.353167|0|1762487393
I20251108 00:02:58.877444 139717798590272 data_text_parser.cc:116] beg_pos: 1391,end_pos: 3598
I20251108 00:02:58.877457 139717798590272 data_text_parser.cc:59] line: 779|631|1720@1198965101:0.567903;1185@3381875177:0.59374;1587@3929601095:0.812429;1048@3834444208:0.813659;1413@260996447:0.037734;1472@3245186414:0.683577;1861@1626104880:0.304457;1430@1298125936:0.161224;1384@3170231594:0.444176;1829@224666234:0.410903;1635@1325408842:0.532833;1785@4093895854:0.086138;1712@2193026890:0.790689;1116@777813184:0.223891;1010@2758799888:0.311756;1371@3411006928:0.569625;1381@3873273226:0.924068;1736@4153879749:0.68723;1206@3988505151:0.370258;1202@214428751:0.317104|67@0.380013,0.713644,0.453402,0.301803,0.740332,0.586508,0.656641,0.942478,0.468056,0.146697,0.611163;56@0.145928,0.04853,0.227722,0.28176,0.592684,0.465858,0.172291,0.963094,0.900196,0.952866,0.194962,0.519796;73@0.67038,0.433204;38@0.750638,0.428776,0.678685,0.939162,0.987151,0.306479,0.11725,0.652434,0.638088,0.272678;1@;14@0.341202,0.482185,0.782818,0.255875,0.37115,0.203692,0.193027,0.834003,0.778371;41@;32@0.737593,0.785862,0.794693,0.519596;70@0.586113,0.19646,0.886984,0.81301;43@0.477958,0.721838,0.197408,0.633134,0.832971,0.35895,0.283004,0.391254,0.489882,0.144098,0.891627;65@0.199841,0.610969,0.500827,0.041903;20@0.709679,0.73232,0.930647,0.72944;40@0.663405,0.442464,0.259265;100@0.359641;37@0.090199,0.822943,0.056576,0.358338,0.435413,0.305397,0.239562,0.551044,0.729315,0.783102,0.797629,0.538854,0.752823;27@0.158697,0.331501,0.891546,0.687838,0.294336,0.863951,0.951912;92@0.547787,0.193527,0.647593,0.014885,0.754487;10@0.280933,0.07902,0.943663,0.702053,0.521224,0.946572,0.05664,0.025651,0.134371,0.023942,0.71578,0.739016;75@0.993729,0.640177,0.458054,0.449649,0.069195,0.097777,0.70207,0.665903,0.49804,0.400777;84@0.470749,0.428859,0.973291,0.123733,0.221054,0.622299,0.830515,0.398513,0.925014,0.999176,0.03463;82@0.206783;47@0.84784,0.726859,0.26863,0.97157,0.525181,0.453451,0.99971,0.950059,0.425771,0.895511,0.795839;9@0.500077,0.979025,0.371668,0.686353,0.932203,0.296639,0.144675,0.236923,0.284723,0.505116,0.074692;39@0.871193,0.979613,0.59981,0.937122,0.946359,0.719658,0.858091,0.493025,0.637544;88@0.624223,0.521024,0.385613,0.450762,0.91762,0.008607,0.383876;30@0.946509,0.310007,0.062871,0.420968,0.594466,0.285009,0.56682,0.051183,0.055292,0.04688|0|1762487393
I20251108 00:02:58.877488 139717798590272 data_text_parser.cc:116] beg_pos: 3599,end_pos: 5817
I20251108 00:02:58.877504 139717798590272 data_text_parser.cc:59] line: 780|960|1720@1172500732:0.570616;1185@3366400057:0.022019;1587@4177136485:0.983039;1048@166812177:0.482958;1413@2074214346:0.473208;1472@1705341934:0.47832;1861@3860898106:0.446141;1430@3680376107:0.937219;1384@1671179297:0.860341;1829@1357293285:0.897808;1635@1198575474:0.402107;1785@4050859371:0.897769;1712@1116261277:0.387307;1116@3036419285:0.786496;1010@1606285043:0.928813;1371@2675368648:0.274827;1381@2562862336:0.085185;1736@4168026933:0.175137;1206@1682299406:0.392236;1202@2078995343:0.074478|67@0.025416,0.051709,0.062046,0.987993,0.502233,0.000223,0.350224,0.582726,0.080568,0.257071,0.713324;56@0.237291,0.63938,0.748233,0.526678,0.053298,0.431949,0.861591,0.905701,0.329754,0.930065,0.703042,0.2301;73@0.210103,0.524468;38@0.315645,0.027918,0.739098,0.392347,0.407394,0.078976,0.575443,0.561696,0.530197,0.994255;1@;14@0.205328,0.95607,0.95001,0.806267,0.030616,0.45819,0.994776,0.678066,0.818092;41@;32@0.507712,0.650817,0.467385,0.41648;70@0.06031,0.241637,0.692347,0.536951;43@0.043747,0.603163,0.737912,0.626634,0.666988,0.132072,0.194994,0.835071,0.795685,0.410941,0.906489;65@0.354835,0.613206,0.939107,0.066268;20@0.47313,0.011881,0.593746,0.967314;40@0.487012,0.833037,0.520179;100@0.843064;37@0.469367,0.041978,0.216799,0.737129,0.971919,0.024173,0.898673,0.238807,0.359167,0.175011,0.587836,0.628114,0.182671;27@0.38635,0.923703,0.514148,0.119136,0.685384,0.657857,0.008101;92@0.95104,0.692226,0.308413,0.297941,0.268079;10@0.093588,0.522503,0.072173,0.549013,0.013518,0.191998,0.895266,0.47095,0.208489,0.546264,0.175958,0.513106;75@0.341934,0.538438,0.252085,0.369666,0.359702,0.996099,0.430337,0.920344,0.242153,0.935475;84@0.718643,0.348326,0.895067,0.697052,0.394333,0.73268,0.77493,0.548869,0.172027,0.670901,0.429211;82@0.09786;47@0.93912,0.595927,0.207475,0.074238,0.699681,0.201531,0.362384,0.702665,0.296558,0.429386,0.394581;9@0.819889,0.86857,0.920689,0.998711,0.659626,0.103383,0.579793,0.709624,0.059394,0.736084,0.156529;39@0.672177,0.720663,0.365115,0.823949,0.281504,0.152219,0.871243,0.113724,0.277787;88@0.876954,0.308102,0.104914,0.771671,0.770125,0.333107,0.066813;30@0.139045,0.154194,0.285709,0.465156,0.609281,0.434693,0.855134,0.774254,0.711592,0.216642|1|1762487393
I20251108 00:02:58.877573 139717798590272 data_text_parser.cc:116] beg_pos: 5818,end_pos: 8023
I20251108 00:02:58.877586 139717798590272 data_text_parser.cc:59] line: 781|315|1720@1556908893:0.088662;1185@1424729912:0.257945;1587@299630548:0.821604;1048@3369721699:0.710996;1413@4157041282:0.852695;1472@2255107207:0.135386;1861@1176975234:0.744585;1430@799365429:0.498075;1384@27511256:0.206797;1829@2347871280:0.502522;1635@4281452621:0.70432;1785@3288614747:0.503513;1712@580255035:0.674122;1116@3555501049:0.649702;1010@2164083377:0.171835;1371@1723439398:0.381699;1381@369678995:0.177457;1736@2014043273:0.63465;1206@75670166:0.935954;1202@2399586174:0.087352|67@0.800931,0.023941,0.786017,0.261468,0.011538,0.15635,0.705354,0.297705,0.11708,0.792982,0.897021;56@0.535661,0.128611,0.617292,0.324733,0.629076,0.50768,0.215613,0.381753,0.645319,0.10226,0.587475,0.309871;73@0.563455,0.017248;38@0.369828,0.90171,0.310723,0.230239,0.441799,0.600523,0.668774,0.216025,0.707864,0.102326;1@;14@0.412894,0.060088,0.6709,0.916194,0.864072,0.53651,0.189904,0.935043,0.480568;41@;32@0.965211,0.905237,0.61962,0.062167;70@0.794299,0.190942,0.479879,0.178706;43@0.731684,0.664588,0.807679,0.845437,0.949842,0.376467,0.213948,0.66201,0.665362,0.041291,0.450948;65@0.931705,0.180724,0.393205,0.812463;20@0.450679,0.549531,0.182267,0.694689;40@0.853973,0.510227,0.431854;100@0.432621;37@0.564582,0.722729,0.768334,0.305018,0.41396,0.056079,0.988723,0.79878,0.761445,0.303141,0.145706,0.448904,0.381796;27@0.507443,0.543887,0.291073,0.204138,0.624991,0.085482,0.933873;92@0.427718,0.736739,0.001976,0.557348,0.768712;10@0.465046,0.346065,0.96956,0.330224,0.109202,0.680931,0.317087,0.641298,0.327712,0.32873,0.982125,0.045557;75@0.926906,0.778457,0.644066,0.527605,0.62565,0.062857,0.601153,0.460175,0.262874,0.58011;84@0.981664,0.800423,0.923033,0.299849,0.251196,0.032995,0.21311,0.725921,0.36276,0.371643,0.562339;82@0.236575;47@0.201591,0.275745,0.471695,0.46757,0.213648,0.561574,0.510616,0.997009,0.080557,0.141878,0.963792;9@0.241701,0.048563,0.646064,0.721151,0.660905,0.442173,0.64423,0.784653,0.142125,0.45743,0.853779;39@0.146305,0.337752,0.775445,0.722717,0.346686,0.584138,0.170287,0.478305,0.193139;88@0.750148,0.489567,0.442434,0.134688,0.216541,0.811202,0.774432;30@0.167308,0.03971,0.118523,0.161811,0.167288,0.226038,0.158647,0.961154,0.991619,0.792663|0|1762487393
I20251108 00:02:58.877622 139717798590272 data_text_parser.cc:116] beg_pos: 8024,end_pos: 10233
I20251108 00:02:58.877634 139717798590272 data_text_parser.cc:59] line: 782|439|1720@2729276224:0.389343;1185@2767357671:0.656785;1587@702464747:0.104093;1048@4286415286:0.285049;1413@173251153:0.798613;1472@3045786381:0.351851;1861@363342922:0.44267;1430@495943634:0.96376;1384@2814370997:0.544074;1829@530794895:0.460733;1635@1900259804:0.97017;1785@155901561:0.920776;1712@2145584469:0.275549;1116@79761041:0.321704;1010@3004091200:0.787163;1371@1808506436:0.103208;1381@2524934623:0.535372;1736@3235253553:0.61825;1206@1778585541:0.398181;1202@796393361:0.596789|67@0.315199,0.638397,0.362568,0.883914,0.918181,0.717624,0.924729,0.569155,0.203694,0.599439,0.822179;56@0.528463,0.218679,0.373762,0.733237,0.458166,0.556961,0.525343,0.380018,0.857983,0.382589,0.208399,0.288667;73@0.296297,0.105417;38@0.84626,0.040752,0.387123,0.145723,0.334908,0.7109,0.017537,0.966884,0.489199,0.908962;1@;14@0.33599,0.643279,0.814521,0.065155,0.821096,0.161299,0.639512,0.509076,0.042793;41@;32@0.277565,0.313256,0.468397,0.989118;70@0.511416,0.978056,0.253455,0.967959;43@0.595194,0.447032,0.666219,0.339316,0.192824,0.10819,0.507554,0.042022,0.584506,0.790255,0.023452;65@0.865504,0.899182,0.636347,0.347043;20@0.038021,0.928257,0.652988,0.694336;40@0.529448,0.298693,0.174229;100@0.077115;37@0.014697,0.864329,0.411463,0.409763,0.119827,0.358455,0.325205,0.847508,0.730803,0.158002,0.277213,0.688965,0.643908;27@0.354051,0.114908,0.584171,0.199874,0.927146,0.785643,0.964732;92@0.309577,0.921678,0.845561,0.409612,0.899537;10@0.140811,0.316947,0.1531,0.874578,0.348321,0.252008,0.943136,0.927385,0.73923,0.638563,0.16702,0.654872;75@0.218786,0.127375,0.355653,0.869183,0.416089,0.104052,0.46618,0.813815,0.619547,0.70848;84@0.850206,0.905317,0.784504,0.147889,0.307655,0.977846,0.477743,0.959632,0.609643,0.663394,0.464872;82@0.859117;47@0.047175,0.635344,0.91122,0.090417,0.307192,0.384737,0.992597,0.360451,0.549042,0.759908,0.943004;9@0.127412,0.131037,0.320257,0.589105,0.451691,0.911632,0.509108,0.720758,0.770614,0.46105,0.414211;39@0.860401,0.717251,0.587842,0.168766,0.503903,0.509819,0.332266,0.650383,0.462274;88@0.523549,0.114096,0.722848,0.366296,0.408303,0.996211,0.425465;30@0.684006,0.732574,0.440059,0.105684,0.89307,0.708261,0.436175,0.652506,0.890488,0.53122|0|1762487393
I20251108 00:02:58.877672 139717798590272 data_text_parser.cc:116] beg_pos: 10234,end_pos: 12442
I20251108 00:02:58.877685 139717798590272 data_text_parser.cc:59] line: 783|991|1720@433390235:0.607235;1185@3178689303:0.590994;1587@298675368:0.2831;1048@2268213258:0.810318;1413@4131182727:0.586356;1472@1677443378:0.59446;1861@869787393:0.234839;1430@577357121:0.187163;1384@1899039149:0.059082;1829@2307747210:0.595595;1635@2450492849:0.571171;1785@238186542:0.216852;1712@954623761:0.648075;1116@3006333498:0.906897;1010@1183033592:0.315006;1371@1296626197:0.987221;1381@3228605938:0.253557;1736@55311661:0.993303;1206@1189688556:0.901676;1202@1227794049:0.356583|67@0.137434,0.478693,0.892161,0.40238,0.027293,0.710627,0.043618,0.269894,0.838114,0.191157,0.564325;56@0.851413,0.300427,0.611071,0.839977,0.905596,0.7055,0.526999,0.363116,0.990149,0.995815,0.537746,0.696782;73@0.0991,0.711831;38@0.047548,0.671223,0.769828,0.686764,0.383534,0.931739,0.201427,0.917262,0.159039,0.009039;1@;14@0.474781,0.578456,0.71796,0.368827,0.865282,0.289068,0.456883,0.168611,0.982195;41@;32@0.173504,0.012559,0.897451,0.783176;70@0.681333,0.840063,0.281474,0.07243;43@0.676968,0.85463,0.081504,0.582604,0.108008,0.239196,0.682507,0.548701,0.592766,0.928079,0.622683;65@0.055933,0.638074,0.49714,0.657741;20@0.594493,0.677032,0.521837,0.100534;40@0.27633,0.449605,0.771262;100@0.41342;37@0.203949,0.551175,0.501315,0.444155,0.480334,0.261217,0.004004,0.423686,0.647173,0.409059,0.993847,0.208014,0.729551;27@0.635446,0.113081,0.682334,0.183305,0.782804,0.710742,0.574074;92@0.179348,0.123532,0.009314,0.743467,0.719181;10@0.458631,0.862959,0.537953,0.651313,0.999534,0.792741,0.895344,0.083103,0.675924,0.09555,0.281164,0.414661;75@0.679279,0.916712,0.77457,0.545126,0.260924,0.531029,0.642584,0.035001,0.414182,0.849324;84@0.1477,0.154881,0.411377,0.887074,0.418607,0.186658,0.91295,0.403697,0.898671,0.205358,0.019163;82@0.463924;47@0.275505,0.465802,0.467762,0.598504,0.936666,0.890098,0.043022,0.676147,0.999728,0.544067,0.569166;9@0.290369,0.375972,0.585355,0.570908,0.514129,0.713202,0.185703,0.101842,0.261242,0.355739,0.534913;39@0.6375,0.859752,0.694501,0.846817,0.743413,0.118621,0.076024,0.448975,0.259761;88@0.061042,0.646506,0.695671,0.044247,0.790835,0.442176,0.712347;30@0.882706,0.603004,0.465016,0.633519,0.924959,0.748803,0.066348,0.863719,0.945291,0.268057|0|1762487393
I20251108 00:02:58.877729 139717798590272 data_text_parser.cc:116] beg_pos: 12443,end_pos: 14652
I20251108 00:02:58.877741 139717798590272 data_text_parser.cc:59] line: 784|857|1720@2715215906:0.580812;1185@480793911:0.349386;1587@2726792337:0.358502;1048@2960285292:0.930168;1413@4180922086:0.872276;1472@3554889036:0.342281;1861@3316034194:0.186901;1430@3005863669:0.471272;1384@1486628954:0.129694;1829@1049652805:0.857685;1635@3637756926:0.027583;1785@300406069:0.42559;1712@1816185989:0.928902;1116@3252145029:0.04438;1010@2327581573:0.838123;1371@763590942:0.74981;1381@2183824013:0.160502;1736@3415635592:0.485049;1206@765804203:0.805754;1202@756668216:0.248903|67@0.000513,0.497196,0.728757,0.995459,0.52243,0.470691,0.000266,0.943604,0.501826,0.438366,0.597828;56@0.280369,0.046824,0.929668,0.342032,0.01628,0.356844,0.021653,0.260118,0.263786,0.585851,0.367678,0.201169;73@0.843321,0.632217;38@0.775965,0.344133,0.984225,0.669924,0.361703,0.223398,0.430186,0.78964,0.742173,0.975388;1@;14@0.815126,0.036013,0.386813,0.885915,0.718805,0.413735,0.51766,0.159526,0.690213;41@;32@0.094198,0.780025,0.267211,0.819954;70@0.855724,0.416424,0.494569,0.336285;43@0.611686,0.659203,0.702466,0.317968,0.668338,0.44679,0.209497,0.230418,0.894807,0.801863,0.85301;65@0.80953,0.897939,0.676583,0.052408;20@0.583952,0.236563,0.553678,0.830983;40@0.429699,0.564601,0.840749;100@0.487395;37@0.99135,0.493236,0.755495,0.451281,0.745139,0.155812,0.286848,0.376824,0.215863,0.957306,0.797015,0.653376,0.556374;27@0.928699,0.75657,0.811582,0.965453,0.626812,0.415154,0.364737;92@0.868653,0.083681,0.677439,0.342448,0.034812;10@0.980075,0.916044,0.820576,0.682224,0.466495,0.06601,0.582778,0.223601,0.514663,0.205071,0.288883,0.330212;75@0.856028,0.28501,0.951907,0.859979,0.584763,0.725556,0.666059,0.946986,0.01785,0.519111;84@0.539439,0.143882,0.475546,0.77324,0.892252,0.394521,0.080863,0.436102,0.764492,0.593772,0.072925;82@0.812933;47@0.71474,0.943207,0.626006,0.752666,0.744293,0.444168,0.510008,0.377966,0.541427,0.14788,0.817323;9@0.864391,0.410599,0.80532,0.781989,0.721704,0.440164,0.471657,0.802999,0.343945,0.310116,0.959249;39@0.256795,0.19644,0.667293,0.507091,0.140003,0.314077,0.1277,0.828871,0.376616;88@0.450151,0.460241,0.265337,0.740054,0.895923,0.584001,0.074523;30@0.702496,0.788611,0.969638,0.986611,0.912994,0.45426,0.266301,0.184939,0.948058,0.161824|0|1762487393
I20251108 00:02:58.877772 139717798590272 data_text_parser.cc:116] beg_pos: 14653,end_pos: 16861
I20251108 00:02:58.877785 139717798590272 data_text_parser.cc:59] line: 785|849|1720@2297874091:0.609379;1185@2971532568:0.197111;1587@3253841020:0.824455;1048@1029201319:0.213131;1413@3964250465:0.152571;1472@2941063181:0.991906;1861@1175194681:0.030254;1430@4175381891:0.665155;1384@4224158244:0.241929;1829@1638802281:0.627945;1635@3010628104:0.782548;1785@1821887720:0.973746;1712@1713426831:0.718631;1116@2186835721:0.061418;1010@2569246998:0.780034;1371@235382062:0.495271;1381@2962892445:0.977489;1736@1313657641:0.445324;1206@3929120720:0.801462;1202@2574857927:0.675847|67@0.086692,0.504489,0.424226,0.024,0.471588,0.528947,0.75753,0.883774,0.942809,0.734227,0.624684;56@0.032902,0.597968,0.928647,0.603751,0.505316,0.6537,0.046184,0.588277,0.125904,0.282338,0.243739,0.934372;73@0.673863,0.076887;38@0.546119,0.886611,0.828256,0.52159,0.925516,0.050178,0.913633,0.420474,0.438518,0.338954;1@;14@0.248516,0.651302,0.210381,0.885495,0.264401,0.717407,0.988143,0.910696,0.028713;41@;32@0.891912,0.922008,0.24766,0.959908;70@0.764292,0.30382,0.054139,0.134558;43@0.940132,0.399283,0.66988,0.387459,0.224451,0.421741,0.172794,0.274988,0.256239,0.588863,0.379454;65@0.52623,0.111444,0.457557,0.09658;20@0.167267,0.895032,0.954852,0.614555;40@0.597782,0.650832,0.553001;100@0.14137;37@0.08596,0.393225,0.546947,0.029956,0.091697,0.719226,0.976447,0.689298,0.794522,0.227304,0.069285,0.02494,0.703496;27@0.087456,0.33729,0.504437,0.109214,0.395772,0.338656,0.950299;92@0.195773,0.222095,0.564384,0.480709,0.357456;10@0.190165,0.17677,0.948543,0.987984,0.031353,0.694689,0.246846,0.043337,0.455003,0.433287,0.54843,0.296137;75@0.017888,0.948358,0.603571,0.58249,0.889723,0.106426,0.849215,0.976747,0.120454,0.930466;84@0.934562,0.718951,0.187293,0.748921,0.245309,0.78648,0.065161,0.985365,0.263299,0.855161,0.91419;82@0.134849;47@0.91447,0.076017,0.827831,0.339768,0.020141,0.523302,0.170837,0.374427,0.463175,0.137615,0.08857;9@0.392527,0.399728,0.804243,0.07307,0.007435,0.155961,0.562753,0.036915,0.757116,0.569366,0.672158;39@0.090453,0.623341,0.667246,0.10541,0.416332,0.795676,0.598111,0.777118,0.29663;88@0.293344,0.916402,0.067393,0.596009,0.29082,0.27771,0.177133;30@0.250291,0.749556,0.775162,0.725596,0.583765,0.725467,0.703594,0.634235,0.581757,0.059885|1|1762487393
I20251108 00:02:58.877825 139717798590272 data_text_parser.cc:116] beg_pos: 16862,end_pos: 19079
I20251108 00:02:58.877837 139717798590272 data_text_parser.cc:59] line: 786|215|1720@1006976481:0.261133;1185@1810948867:0.357764;1587@3974855679:0.687484;1048@1280763805:0.686827;1413@1211163794:0.117214;1472@755237034:0.447855;1861@4001893358:0.174619;1430@2219478965:0.945103;1384@2072858431:0.812797;1829@697166963:0.697994;1635@2715215906:0.665895;1785@2486777872:0.722275;1712@514395811:0.973956;1116@1880634992:0.525528;1010@2916563303:0.954106;1371@2655606678:0.821517;1381@3727606429:0.700658;1736@1741429220:0.742635;1206@3238261049:0.223292;1202@1586818809:0.824016|67@0.28194,0.436787,0.483817,0.291739,0.491205,0.907987,0.814035,0.818137,0.225892,0.275449,0.403426;56@0.091759,0.088876,0.710493,0.016691,0.965459,0.689766,0.728461,0.716228,0.130184,0.946497,0.346094,0.588019;73@0.040882,0.282147;38@0.302015,0.969322,0.419467,0.852043,0.429661,0.234828,0.487914,0.639536,0.242905,0.160681;1@;14@0.480204,0.39322,0.468004,0.71575,0.11838,0.202555,0.107291,0.619902,0.300112;41@;32@0.624091,0.78786,0.360183,0.035085;70@0.815206,0.994714,0.326732,0.97947;43@0.70851,0.775488,0.759495,0.953628,0.423993,0.179492,0.089636,0.721213,0.845031,0.142205,0.051092;65@0.157246,0.427184,0.732312,0.656266;20@0.82176,0.654581,0.160522,0.150811;40@0.819399,0.197921,0.36534;100@0.039575;37@0.472712,0.310656,0.162936,0.174834,0.867933,0.971833,0.786723,0.729189,0.020769,0.1494,0.467946,0.022703,0.226568;27@0.390805,0.038827,0.463943,0.520654,0.705304,0.475446,0.056474;92@0.477716,0.631429,0.465836,0.875616,0.000861;10@0.779327,0.54967,0.840857,0.680455,0.512211,0.489443,0.086123,0.077298,0.673056,0.277411,0.038935,0.701199;75@0.435204,0.311471,0.576945,0.454084,0.139115,0.602855,0.033867,0.731505,0.821766,0.533519;84@0.591668,0.362539,0.582898,0.073156,0.142154,0.747147,0.605122,0.592845,0.024544,0.758069,0.133454;82@0.978563;47@0.635075,0.340019,0.373025,0.738172,0.271636,0.988556,0.617767,0.767572,0.662903,0.543966,0.441504;9@0.434284,0.476342,0.291684,0.997809,0.683588,0.053795,0.017236,0.991984,0.97154,0.923371,0.44985;39@0.401636,0.706677,0.191045,0.80739,0.598123,0.090671,0.373215,0.747963,0.487001;88@0.525069,0.369706,0.154551,0.34279,0.125766,0.43559,0.679343;30@0.233486,0.734563,0.573278,0.470068,0.825454,0.611984,0.623742,0.868282,0.499825,0.435006|1|1762487393
I20251108 00:02:58.877868 139717798590272 data_text_parser.cc:116] beg_pos: 19080,end_pos: 20480
I20251108 00:02:58.878131 139717798590272 data_text_parser.cc:101] get chunk buffer, size: 20480
I20251108 00:02:58.878149 139717798590272 data_text_parser.cc:116] beg_pos: 0,end_pos: 810
I20251108 00:02:58.878156 139717798590272 data_text_parser.cc:61] buffer line: 787|795|1720@3574906462:0.840377;1185@1103456645:0.818568;1587@2234027591:0.956891;1048@4144626478:0.497525;1413@3925617690:0.368582;1472@1045718492:0.114658;1861@1419934224:0.071249;1430@855321236:0.358146;1384@1146301013:0.178298;1829@1142400492:0.074967;1635@3565242254:0.05547;1785@1185247830:0.978712;1712@313497313:0.809294;1116@2650089808:0.421598;1010@317666141:0.916188;1371@3830264359:0.362884;1381@3922484112:0.59605;1736@1486671542:0.85625;1206@2077904573:0.381502;1202@2510741352:0.396576|67@0.281174,0.12375,0.79526,0.009642,0.140137,0.874919,0.375491,0.762747,0.652611,0.124911,0.738263;56@0.336951,0.155247,0.441147,0.356759,0.032829,0.466922,0.766827,0.247486,0.007784,0.32312,0.64092,0.931516;73@0.085879,0.176539;38@0.228062,0.43205,0.696708,0.388432,0.14364,0.329038,0.874316,0.958992,0.624376,0.390131;1@;14@0.748369,0.633589,0.427978,0.888127,0.269229,0.025818,0.336494,0.96158,0.012682;41@;32@0.470416,0.034096,0.39855,0.408699;70@0.134164,0.231947,0.105223,0.378413;43@0.33476,0.946426,0.713146,0.794348,0.796926,0.124821,0.02387,0.156519,0.293843,0.585055,0.052863;65@0.154236,0.389844,0.082651,0.645065;20@0.723065,0.494009,0.761567,0.169583;40@0.20144,0.04525,0.528099;100@0.978891;37@0.241676,0.371981,0.231891,0.245584,0.999525,0.967755,0.805385,0.10868,0.039551,0.455721,0.890663,0.31748,0.835001;27@0.130366,0.867992,0.491964,0.149413,0.410011,0.306318,0.421889;92@0.647505,0.739817,0.094038,0.283027,0.413587;10@0.789392,0.711931,0.551212,0.356191,0.247992,0.821578,0.791256,0.082089,0.965663,0.304753,0.873095,0.445507;75@0.16207,0.513905,0.002625,0.11888,0.02428,0.958388,0.885599,0.569217,0.547861,0.075412;84@0.914706,0.154567,0.721198,0.478779,0.272378,0.661482,0.634626,0.470199,0.80895,0.636453,0.265875;82@0.693968;47@0.814984,0.701662,0.354323,0.536696,0.576397,0.270503,0.741412,0.152981,0.999819,0.819395,0.691908;9@0.327891,0.336036,0.595833,0.306849,0.840284,0.758882,0.790834,0.196378,0.116573,0.640278,0.549717;39@0.483075,0.414738,0.88059,0.599483,0.579505,0.025924,0.529474,0.211063,0.216446;88@0.038666,0.023431,0.496961,0.355693,0.532997,0.956912,0.802031;30@0.975665,0.988974,0.704326,0.633283,0.668679,0.393991,0.529221,0.299485,0.38506,0.99609|0|1762487393
I20251108 00:02:58.878194 139717798590272 data_text_parser.cc:116] beg_pos: 811,end_pos: 3017
I20251108 00:02:58.878207 139717798590272 data_text_parser.cc:59] line: 788|356|1720@2675634649:0.629289;1185@2071065012:0.282326;1587@153467460:0.028213;1048@309255282:0.191106;1413@2272834626:0.068147;1472@3853216910:0.83961;1861@1650930806:0.044422;1430@4115388823:0.339072;1384@2607825172:0.535976;1829@610299331:0.953857;1635@2657168008:0.659431;1785@260553121:0.284906;1712@2395268221:0.961762;1116@3209612221:0.928055;1010@3929120720:0.199729;1371@2930862906:0.726985;1381@2461933443:0.234829;1736@2216671262:0.424588;1206@532731040:0.105954;1202@1987917003:0.429676|67@0.410221,0.96771,0.05744,0.056578,0.837298,0.424393,0.453066,0.289445,0.859096,0.444326,0.061558;56@0.190395,0.37559,0.874746,0.350373,0.472905,0.035224,0.501269,0.13793,0.516996,0.278601,0.584034,0.616756;73@0.557021,0.201876;38@0.991929,0.745527,0.500694,0.627187,0.65302,0.6775,0.306943,0.360075,0.639182,0.132176;1@;14@0.447068,0.436182,0.7471,0.228611,0.480209,0.800395,0.145502,0.710484,0.259514;41@;32@0.491445,0.145642,0.665926,0.396094;70@0.994867,0.904206,0.854981,0.036952;43@0.269811,0.911489,0.404665,0.895251,0.318939,0.189299,0.623871,0.37154,0.947504,0.950601,0.119209;65@0.603065,0.238502,0.314117,0.572254;20@0.216641,0.729191,0.586964,0.494435;40@0.297971,0.785051,0.772743;100@0.933554;37@0.764098,0.102656,0.763192,0.367683,0.840121,0.52371,0.975588,0.201828,0.642878,0.17087,0.582482,0.727874,0.50174;27@0.555386,0.799409,0.872014,0.130528,0.878255,0.43587,0.722002;92@0.095673,0.054942,0.200381,0.629419,0.951197;10@0.329789,0.060245,0.642817,0.184615,0.861099,0.851583,0.777004,0.182183,0.054504,0.288692,0.689656,0.041472;75@0.883182,0.986763,0.446541,0.790641,0.853459,0.3145,0.506541,0.300974,0.761192,0.871551;84@0.327921,0.857046,0.412249,0.952669,0.602476,0.748169,0.430171,0.749838,0.73142,0.063066,0.449324;82@0.260046;47@0.264971,0.802601,0.814305,0.508091,0.491366,0.805826,0.07731,0.548114,0.622235,0.954635,0.464023;9@0.332548,0.115478,0.368465,0.308112,0.680107,0.923371,0.251445,0.756309,0.573766,0.734229,0.733893;39@0.107505,0.271576,0.011931,0.520149,0.866615,0.949913,0.010223,0.77704,0.731875;88@0.430598,0.911576,0.818613,0.761464,0.55424,0.435336,0.070442;30@0.8146,0.823574,0.195514,0.923742,0.922058,0.47762,0.873493,0.72023,0.409811,0.51082|0|1762487393
I20251108 00:02:58.878243 139717798590272 data_text_parser.cc:116] beg_pos: 3018,end_pos: 5227
I20251108 00:02:58.878256 139717798590272 data_text_parser.cc:59] line: 789|496|1720@1761429488:0.203358;1185@3383258316:0.816635;1587@516051468:0.994305;1048@2130223182:0.383019;1413@1600446153:0.929019;1472@2402006986:0.35229;1861@3029706855:0.481576;1430@773885196:0.215224;1384@2644751741:0.232994;1829@477314283:0.780701;1635@1667165697:0.30438;1785@1131970560:0.289922;1712@2942509217:0.239812;1116@2889702882:0.579606;1010@3077176291:0.195696;1371@957167224:0.470483;1381@3668189933:0.660586;1736@1198575474:0.227363;1206@2925479933:0.13129;1202@3535889654:0.841886|67@0.620217,0.224645,0.215202,0.435272,0.720047,0.518445,0.669819,0.57298,0.849018,0.539137,0.345557;56@0.085771,0.241525,0.387386,0.851005,0.42862,0.335785,0.420167,0.611137,0.784725,0.881643,0.431046,0.401671;73@0.220254,0.30861;38@0.040486,0.411644,0.558246,0.752207,0.885074,0.124358,0.944141,0.528735,0.505016,0.124253;1@;14@0.546767,0.357298,0.882797,0.148039,0.27009,0.94374,0.539848,0.064677,0.742281;41@;32@0.878945,0.208149,0.147268,0.327532;70@0.488812,0.646176,0.826594,0.406372;43@0.992031,0.418322,0.111552,0.694569,0.423801,0.621385,0.376343,0.419775,0.103201,0.642731,0.847936;65@0.30846,0.309248,0.941172,0.885429;20@0.860534,0.513815,0.874119,0.227146;40@0.776826,0.231109,0.904762;100@0.102824;37@0.925431,0.64394,0.705513,0.162997,0.647785,0.749532,0.264825,0.831327,0.790196,0.780577,0.889017,0.652785,0.113471;27@0.143326,0.536627,0.805301,0.388386,0.157209,0.500515,0.183329;92@0.348995,0.312401,0.985348,0.526847,0.412383;10@0.630941,0.470083,0.505521,0.771334,0.38362,0.001584,0.618996,0.921213,0.907778,0.067073,0.471641,0.955826;75@0.749634,0.84518,0.345048,0.318334,0.601887,0.196102,0.280488,0.11569,0.040079,0.143644;84@0.889637,0.720246,0.271226,0.935421,0.606266,0.11617,0.426094,0.459141,0.34323,0.653994,0.267735;82@0.674513;47@0.975353,0.861531,0.788051,0.910043,0.9259,0.062566,0.41087,0.660016,0.733064,0.60849,0.166746;9@0.998285,0.96055,0.202622,0.35811,0.484149,0.721514,0.829289,0.874072,0.905971,0.113227,0.88305;39@0.385934,0.326142,0.348561,0.106272,0.393601,0.077792,0.473187,0.820311,0.961441;88@0.373569,0.700658,0.862396,0.89992,0.239912,0.256282,0.012356;30@0.694766,0.162503,0.570961,0.666754,0.87645,0.426278,0.716463,0.110459,0.897236,0.458329|1|1762487393
I20251108 00:02:58.878293 139717798590272 data_text_parser.cc:116] beg_pos: 5228,end_pos: 7437
I20251108 00:02:58.878306 139717798590272 data_text_parser.cc:59] line: 790|591|1720@378910847:0.40594;1185@3077122952:0.972925;1587@928273721:0.082658;1048@1765915700:0.88583;1413@3272123169:0.848919;1472@1375369357:0.458639;1861@3685200176:0.122624;1430@4223364401:0.004007;1384@3069347255:0.837597;1829@4052304145:0.504729;1635@2605897480:0.810216;1785@3804452109:0.28671;1712@3664552532:0.120734;1116@3556485341:0.635811;1010@3488952816:0.489003;1371@3989460489:0.037804;1381@2850966608:0.769691;1736@529082174:0.63319;1206@3637756926:0.459256;1202@1928413283:0.927594|67@0.328037,0.244506,0.970243,0.756744,0.288653,0.11381,0.893528,0.419604,0.967499,0.049132,0.748908;56@0.48081,0.306501,0.203812,0.915428,0.640662,0.626858,0.103075,0.027821,0.636388,0.027673,0.133443,0.221749;73@0.78086,0.819552;38@0.966207,0.124249,0.640447,0.272444,0.587616,0.45248,0.37801,0.340227,0.216906,0.437793;1@;14@0.474245,0.802862,0.657548,0.898175,0.802072,0.255468,0.991692,0.858056,0.609162;41@;32@0.036879,0.040867,0.711252,0.29267;70@0.708289,0.316697,0.167777,0.442846;43@0.724679,0.925457,0.937916,0.863604,0.298959,0.046634,0.973189,0.978444,0.682768,0.662999,0.664084;65@0.409901,0.805825,0.190053,0.7841;20@0.694458,0.632463,0.818817,0.256574;40@0.17632,0.676038,0.614864;100@0.629471;37@0.486072,0.885122,0.225031,0.80001,0.174014,0.123925,0.921324,0.131172,0.13339,0.765077,0.125068,0.676174,0.136134;27@0.580273,0.644934,0.899349,0.936333,0.775935,0.242886,0.137261;92@0.564257,0.80986,0.724159,0.207219,0.459376;10@0.532513,0.435862,0.72314,0.979821,0.771291,0.783851,0.803076,0.926598,0.238255,0.199462,0.318864,0.091043;75@0.294092,0.23939,0.351419,0.536297,0.715057,0.721024,0.335532,0.423016,0.61266,0.368126;84@0.383905,0.423765,0.93525,0.308093,0.342006,0.758658,0.899551,0.844941,0.500955,0.265959,0.947154;82@0.232435;47@0.135385,0.420913,0.948099,0.659245,0.140059,0.720568,0.277685,0.039425,0.667179,0.870316,0.594714;9@0.933319,0.12417,0.648866,0.194476,0.729199,0.857761,0.248073,0.128226,0.609969,0.032926,0.306417;39@0.197042,0.110788,0.44524,0.585033,0.933731,0.562511,0.124802,0.12561,0.605545;88@0.902329,0.130359,0.653976,0.738548,0.732961,0.833847,0.737552;30@0.882786,0.85868,0.841788,0.987929,0.150893,0.314428,0.858985,0.485622,0.53021,0.250165|0|1762487393
I20251108 00:02:58.878346 139717798590272 data_text_parser.cc:116] beg_pos: 7438,end_pos: 9641
I20251108 00:02:58.878359 139717798590272 data_text_parser.cc:59] line: 791|869|1720@1369046339:0.199817;1185@1714646052:0.511656;1587@972217123:0.445638;1048@4280723572:0.913182;1413@2338444905:0.151095;1472@3009112644:0.907877;1861@2218196935:0.932538;1430@3332442852:0.882576;1384@2297607307:0.21483;1829@1917491636:0.022894;1635@68732587:0.305319;1785@758994893:0.190047;1712@4181571915:0.389766;1116@4185300244:0.01999;1010@1418516945:0.51224;1371@1320357398:0.64581;1381@17206801:0.037337;1736@1608661638:0.291717;1206@672521935:0.942983;1202@1856467974:0.287568|67@0.777042,0.315077,0.134777,0.579911,0.058258,0.705135,0.813021,0.170722,0.491119,0.752932,0.31059;56@0.639665,0.939686,0.402363,0.51792,0.232073,0.750864,0.950387,0.103363,0.601766,0.235943,0.972735,0.72683;73@0.923273,0.560196;38@0.803229,0.390758,0.935567,0.102012,0.256022,0.207022,0.082471,0.898741,0.623886,0.570603;1@;14@0.040095,0.637038,0.116348,0.664252,0.553121,0.806416,0.810934,0.218518,0.625377;41@;32@0.225988,0.202093,0.392655,0.871702;70@0.627866,0.777248,0.368654,0.142415;43@0.822197,0.185971,0.977892,0.135264,0.051787,0.702317,0.956283,0.957503,0.859254,0.858299,0.201574;65@0.751903,0.068554,0.324182,0.101177;20@0.556958,0.489281,0.696924,0.067464;40@0.966045,0.13098,0.811843;100@0.709253;37@0.427023,0.349433,0.159794,0.597666,0.23876,0.332377,0.810297,0.350448,0.055015,0.274378,0.160389,0.203716,0.74993;27@0.413209,0.155938,0.606602,0.45904,0.829451,0.748105,0.972556;92@0.466741,0.740058,0.918213,0.801226,0.993069;10@0.775896,0.965286,0.004989,0.132561,0.80034,0.0232,0.86394,0.523386,0.388278,0.140312,0.027215,0.797903;75@0.7515,0.678176,0.76983,0.533489,0.223268,0.581445,0.286545,0.868065,0.819925,0.594855;84@0.552862,0.152478,0.713608,0.692843,0.311494,0.55864,0.480241,0.048386,0.5341,0.932096,0.403683;82@0.296505;47@0.295607,0.488603,0.899665,0.674165,0.755058,0.312185,0.019117,0.660312,0.964306,0.145605,0.65964;9@0.847996,0.84347,0.457031,0.057468,0.197055,0.348306,0.915817,0.411862,0.121412,0.325473,0.703667;39@0.301197,0.012508,0.775219,0.329014,0.66282,0.292663,0.465038,0.24214,0.981702;88@0.157137,0.218736,0.596204,0.993681,0.25562,0.910317,0.011335;30@0.798633,0.986124,0.971438,0.732018,0.463425,0.741122,0.470403,0.530271,0.943181,0.48782|0|1762487393
I20251108 00:02:58.878394 139717798590272 data_text_parser.cc:116] beg_pos: 9642,end_pos: 11849
I20251108 00:02:58.878407 139717798590272 data_text_parser.cc:59] line: 792|908|1720@4242874336:0.360733;1185@3317096434:0.838554;1587@3579276330:0.69862;1048@3418380390:0.265041;1413@4087477144:0.496721;1472@309759358:0.604126;1861@3071695572:0.716461;1430@56896310:0.09175;1384@3325708222:0.659665;1829@593626515:0.786616;1635@127605533:0.915487;1785@4166655004:0.913518;1712@1033049330:0.244536;1116@636116231:0.105762;1010@1195436533:0.264439;1371@811550440:0.91007;1381@3425528041:0.09213;1736@698307476:0.264902;1206@1744493816:0.96948;1202@1959959843:0.558895|67@0.934963,0.969395,0.952945,0.864413,0.189771,0.070757,0.289982,0.386455,0.915703,0.496234,0.502689;56@0.742637,0.026401,0.828845,0.659818,0.017369,0.757586,0.184747,0.871637,0.818664,0.313512,0.742716,0.161398;73@0.067515,0.208182;38@0.320104,0.450092,0.637103,0.418708,0.259555,0.622932,0.965794,0.906498,0.701775,0.850536;1@;14@0.352865,0.361559,0.107641,0.808356,0.233361,0.932154,0.398753,0.070796,0.767565;41@;32@0.174495,0.567257,0.772456,0.033039;70@0.401037,0.648587,0.581046,0.695805;43@0.452187,0.076556,0.612076,0.25757,0.529871,0.686507,0.088578,0.404599,0.990404,0.619957,0.294971;65@0.888419,0.074285,0.531164,0.789725;20@0.68021,0.47554,0.772684,0.88508;40@0.344136,0.920548,0.894885;100@0.953753;37@0.880795,0.55478,0.43183,0.017702,0.973203,0.639629,0.942231,0.131404,0.082683,0.133098,0.712708,0.443183,0.461463;27@0.852507,0.893372,0.826609,0.937716,0.936893,0.093455,0.892281;92@0.204936,0.239042,0.350042,0.977234,0.830209;10@0.574705,0.638065,0.999028,0.704488,0.822687,0.575008,0.004893,0.554559,0.659252,0.955335,0.8027,0.4998;75@0.05197,0.064129,0.289137,0.019455,0.995931,0.821225,0.864454,0.342781,0.413536,0.518188;84@0.437081,0.996596,0.785723,0.392098,0.820194,0.430819,0.277571,0.953152,0.655512,0.945808,0.05627;82@0.725134;47@0.033879,0.832983,0.83829,0.251053,0.597684,0.641764,0.623415,0.369227,0.253519,0.756807,0.252303;9@0.487744,0.772821,0.880737,0.181659,0.380811,0.983363,0.743404,0.521973,0.913364,0.151764,0.302794;39@0.185973,0.644189,0.35176,0.660295,0.881614,0.638842,0.337889,0.778,0.390507;88@0.904882,0.640055,0.340598,0.369647,0.742068,0.915796,0.690647;30@0.241771,0.621056,0.072365,0.435982,0.630788,0.013034,0.682068,0.265199,0.100527,0.960452|0|1762487393
I20251108 00:02:58.878444 139717798590272 data_text_parser.cc:116] beg_pos: 11850,end_pos: 14061
I20251108 00:02:58.878457 139717798590272 data_text_parser.cc:59] line: 793|289|1720@2635385744:0.246036;1185@671795823:0.872446;1587@903625689:0.609145;1048@554313755:0.399525;1413@976206512:0.526581;1472@2955984301:0.127106;1861@4177820875:0.004279;1430@854172050:0.575949;1384@3431494868:0.335404;1829@1115724265:0.613948;1635@1927258748:0.906239;1785@3968182501:0.908541;1712@2187507821:0.174423;1116@4229809510:0.015307;1010@3468523744:0.00648;1371@704763539:0.395849;1381@435690990:0.958744;1736@993529788:0.647701;1206@2331227930:0.792613;1202@759935706:0.150078|67@0.347171,0.723195,0.35952,0.600098,0.103791,0.577415,0.707926,0.854671,0.050795,0.225847,0.627023;56@0.551425,0.609738,0.95129,0.134276,0.817817,0.209827,0.503087,0.539348,0.298381,0.684135,0.086116,0.182361;73@0.938372,0.932022;38@0.630635,0.496274,0.043772,0.440773,0.775229,0.391431,0.112065,0.333935,0.763936,0.139468;1@;14@0.688559,0.384002,0.158127,0.707789,0.371161,0.118611,0.702223,0.853797,0.557191;41@;32@0.311267,0.126801,0.939053,0.266708;70@0.298289,0.225047,0.010042,0.762718;43@0.954959,0.95816,0.542765,0.066165,0.76448,0.076077,0.127076,0.662096,0.693038,0.482298,0.297264;65@0.788308,0.12679,0.667381,0.400243;20@0.364262,0.270083,0.614898,0.365534;40@0.449616,0.182365,0.607523;100@0.830699;37@0.567776,0.210197,0.239165,0.608185,0.04606,0.614825,0.247655,0.658226,0.343519,0.650524,0.229,0.142293,0.556883;27@0.702652,0.119439,0.601886,0.663476,0.471306,0.571452,0.285089;92@0.342604,0.873949,0.706764,0.038237,0.287932;10@0.603756,0.973979,0.068241,0.209465,0.645616,0.568635,0.444658,0.499404,0.16449,0.707759,0.046032,0.431686;75@0.91213,0.166855,0.078192,0.455388,0.643962,0.598329,0.755859,0.044723,0.940313,0.303177;84@0.32139,0.621413,0.793566,0.475847,0.211637,0.994744,0.579704,0.380413,0.410492,0.226183,0.931424;82@0.120699;47@0.119012,0.499934,0.772192,0.171862,0.080002,0.430991,0.303454,0.66493,0.523123,0.898878,0.077185;9@0.151446,0.674341,0.006189,0.884934,0.166289,0.538185,0.646262,0.315636,0.539241,0.575698,0.950849;39@0.887203,0.95435,0.438026,0.150476,0.781987,0.39154,0.910405,0.311962,0.42743;88@0.702994,0.484273,0.338205,0.914052,0.650534,0.178328,0.507761;30@0.353432,0.160618,0.417799,0.374619,0.245822,0.038101,0.154093,0.012825,0.127176,0.588407|1|1762487393
I20251108 00:02:58.878496 139717798590272 data_text_parser.cc:116] beg_pos: 14062,end_pos: 16284
I20251108 00:02:58.878509 139717798590272 data_text_parser.cc:59] line: 794|452|1720@1210080533:0.218923;1185@2228777606:0.816898;1587@3966280571:0.069896;1048@2389413261:0.822467;1413@366281857:0.431477;1472@1896086210:0.953177;1861@2759270963:0.611473;1430@3349168529:0.591468;1384@1111213996:0.652758;1829@1181437099:0.66059;1635@3060426826:0.33094;1785@3484555265:0.234414;1712@643838911:0.098303;1116@2385769973:0.650968;1010@3415588062:0.477433;1371@422813309:0.937118;1381@2567378820:0.699114;1736@3765157546:0.953897;1206@3925388176:0.684881;1202@2138272165:0.035735|67@0.342907,0.075755,0.420787,0.283781,0.208095,0.782501,0.430062,0.505607,0.191127,0.361771,0.114291;56@0.683352,0.664367,0.90467,0.739961,0.055765,0.496663,0.977284,0.705545,0.860775,0.088657,0.901446,0.674624;73@0.665867,0.960159;38@0.21639,0.782472,0.772763,0.368236,0.841799,0.305024,0.051413,0.657143,0.239783,0.021947;1@;14@0.858876,0.282803,0.464224,0.015644,0.928569,0.785971,0.894303,0.788885,0.556049;41@;32@0.194092,0.841654,0.684568,0.705564;70@0.971504,0.28332,0.662442,0.826243;43@0.326216,0.705935,0.518642,0.298042,0.948402,0.230547,0.643172,0.919244,0.834586,0.082948,0.647578;65@0.964602,0.942149,0.810438,0.275857;20@0.246647,0.618717,0.970415,0.043086;40@0.19575,0.46823,0.59937;100@0.049963;37@0.493238,0.080909,0.581581,0.383717,0.860381,0.954256,0.547708,0.801832,0.942266,0.513566,0.247241,0.364314,0.294804;27@0.251043,0.287444,0.497827,0.718451,0.897421,0.039582,0.895806;92@0.573609,0.19644,0.918956,0.175251,0.529331;10@0.008461,0.082486,0.682477,0.484753,0.964256,0.080108,0.643004,0.250788,0.755357,0.782079,0.212134,0.894349;75@0.674632,0.689632,0.635401,0.056844,0.20454,0.599625,0.897234,0.606668,0.773546,0.102282;84@0.818301,0.170965,0.013955,0.356783,0.206008,0.010557,0.884851,0.235687,0.500473,0.606867,0.087939;82@0.53367;47@0.210235,0.566304,0.422908,0.076927,0.19024,0.239859,0.464041,0.864183,0.139552,0.713597,0.241037;9@0.164872,0.741271,0.955727,0.909544,0.101388,0.271515,0.131543,0.308899,0.812778,0.396684,0.838181;39@0.059823,0.177328,0.650668,0.672321,0.841499,0.293902,0.997632,0.449063,0.981439;88@0.081679,0.199733,0.799606,0.891141,0.621203,0.021174,0.729522;30@0.597078,0.201124,0.639935,0.134543,0.737987,0.295617,0.955563,0.025782,0.689057,0.194513|0|1762487393
I20251108 00:02:58.878546 139717798590272 data_text_parser.cc:116] beg_pos: 16285,end_pos: 18493
I20251108 00:02:58.878559 139717798590272 data_text_parser.cc:59] line: 795|771|1720@756248270:0.121598;1185@103427188:0.860592;1587@1768246720:0.981336;1048@3480540247:0.364975;1413@1337071890:0.883261;1472@1134619033:0.08424;1861@3357246432:0.294951;1430@2697381468:0.386019;1384@3077170496:0.05289;1829@2951964490:0.034416;1635@4093747531:0.527523;1785@3136831755:0.819284;1712@2309583284:0.692416;1116@3405541820:0.638929;1010@3879073781:0.92459;1371@4115261292:0.465841;1381@1327441321:0.399017;1736@383344535:0.000841;1206@1860191995:0.258344;1202@2156658019:0.870552|67@0.827569,0.811909,0.149333,0.677598,0.456446,0.368248,0.067016,0.85939,0.650486,0.696044,0.854114;56@0.479179,0.23686,0.552765,0.333454,0.132325,0.033612,0.308682,0.063402,0.001504,0.142696,0.317097,0.464309;73@0.02662,0.929353;38@0.262087,0.765574,0.899837,0.774445,0.31165,0.362639,0.67953,0.558602,0.410123,0.148218;1@;14@0.020745,0.36344,0.043225,0.15024,0.741737,0.826292,0.113254,0.949772,0.861568;41@;32@0.805876,0.157026,0.29962,0.381063;70@0.372121,0.482535,0.362497,0.198553;43@0.86125,0.279976,0.535977,0.249578,0.723483,0.230782,0.352784,0.655475,0.672335,0.486892,0.006551;65@0.128495,0.229305,0.778764,0.208974;20@0.883746,0.742671,0.980888,0.028404;40@0.173911,0.1657,0.921636;100@0.162367;37@0.600835,0.469068,0.646197,0.750474,0.4769,0.618504,0.425728,0.109964,0.897249,0.536355,0.857316,0.357868,0.163584;27@0.229628,0.92401,0.076148,0.518611,0.163535,0.285837,0.00232;92@0.040353,0.923904,0.497922,0.414297,0.101051;10@0.235217,0.28182,0.466905,0.839255,0.571436,0.765727,0.639301,0.694941,0.319107,0.951488,0.41946,0.328193;75@0.183299,0.362097,0.744316,0.822936,0.842158,0.413299,0.017717,0.417013,0.392834,0.302993;84@0.161179,0.760104,0.755971,0.676435,0.652931,0.037324,0.420958,0.061789,0.284347,0.000583,0.674232;82@0.688307;47@0.878183,0.647834,0.862091,0.799344,0.694397,0.740975,0.400156,0.519808,0.016592,0.056015,0.096488;9@0.066298,0.100552,0.198182,0.660156,0.587775,0.381325,0.761658,0.109766,0.065581,0.908458,0.9063;39@0.769319,0.840541,0.440252,0.414469,0.932733,0.878612,0.421815,0.139921,0.959076;88@0.934594,0.823136,0.495102,0.370914,0.810778,0.610825,0.86632;30@0.962998,0.79358,0.972322,0.426148,0.482848,0.763742,0.1267,0.418706,0.626422,0.933355|0|1762487393
I20251108 00:02:58.878598 139717798590272 data_text_parser.cc:116] beg_pos: 18494,end_pos: 20480
I20251108 00:02:58.878846 139717798590272 data_text_parser.cc:101] get chunk buffer, size: 20480
I20251108 00:02:58.878859 139717798590272 data_text_parser.cc:116] beg_pos: 0,end_pos: 224
I20251108 00:02:58.878866 139717798590272 data_text_parser.cc:61] buffer line: 796|439|1720@34165169:0.939322;1185@1254284750:0.115917;1587@2879318771:0.479965;1048@3522989101:0.73024;1413@2267228939:0.612901;1472@854955787:0.576365;1861@1539412547:0.754399;1430@3430736076:0.442986;1384@2933984894:0.519258;1829@3696136565:0.512107;1635@487043826:0.106402;1785@2063956429:0.753931;1712@1511402318:0.054685;1116@1558589559:0.931964;1010@331679642:0.938204;1371@2354824081:0.967624;1381@936769573:0.266472;1736@194751316:0.785322;1206@430986228:0.975118;1202@3106847759:0.398316|67@0.220803,0.144283,0.541326,0.483337,0.641924,0.584508,0.529682,0.848125,0.452171,0.09646,0.708442;56@0.886637,0.584124,0.587607,0.938324,0.33322,0.217091,0.365924,0.603693,0.495317,0.250573,0.886994,0.841954;73@0.292833,0.833891;38@0.075368,0.865134,0.713348,0.350743,0.604344,0.699108,0.840903,0.290788,0.464402,0.799495;1@;14@0.396504,0.514372,0.094379,0.76396,0.002579,0.082288,0.543902,0.699943,0.670679;41@;32@0.185621,0.209057,0.601756,0.470683;70@0.726379,0.665022,0.202543,0.529285;43@0.987245,0.38555,0.464436,0.726531,0.940367,0.453094,0.78687,0.076897,0.549902,0.414291,0.536135;65@0.520303,0.842094,0.812804,0.470544;20@0.078038,0.680779,0.798145,0.146855;40@0.874552,0.589318,0.659319;100@0.340151;37@0.339988,0.463743,0.516842,0.535581,0.200793,0.239267,0.634356,0.272716,0.547569,0.981421,0.103197,0.362651,0.91494;27@0.247534,0.914401,0.000767,0.720988,0.975836,0.514025,0.844016;92@0.803838,0.621661,0.529572,0.495994,0.080864;10@0.936566,0.643698,0.94116,0.671695,0.654655,0.718571,0.310713,0.774744,0.428844,0.943256,0.631515,0.83937;75@0.115826,0.599829,0.696509,0.942164,0.79725,0.324584,0.297044,0.020064,0.593951,0.356176;84@0.445757,0.925804,0.16106,0.399837,0.884051,0.467655,0.776278,0.660103,0.989309,0.929382,0.106275;82@0.16259;47@0.143033,0.643169,0.812054,0.45736,0.623455,0.752543,0.611067,0.573009,0.070322,0.938982,0.294201;9@0.75226,0.954415,0.141967,0.037302,0.236881,0.038559,0.516987,0.879633,0.623967,0.139289,0.809557;39@0.204715,0.064555,0.921976,0.287369,0.690146,0.945156,0.407577,0.079277,0.116996;88@0.22245,0.72657,0.024971,0.992123,0.678042,0.704529,0.816208;30@0.297868,0.437787,0.417855,0.352462,0.01803,0.153479,0.637198,0.0357,0.039744,0.609894|1|1762487393
I20251108 00:02:58.878897 139717798590272 data_text_parser.cc:116] beg_pos: 225,end_pos: 2444
I20251108 00:02:58.878910 139717798590272 data_text_parser.cc:59] line: 797|38|1720@156174251:0.200703;1185@1942237856:0.519362;1587@3112119376:0.835171;1048@608184127:0.917764;1413@3061156679:0.004471;1472@964556601:0.763177;1861@1951305812:0.040219;1430@3152519764:0.911479;1384@1327441321:0.959357;1829@2309583284:0.896941;1635@3082500547:0.754685;1785@2122283352:0.923262;1712@3833737840:0.160163;1116@3391556771:0.37636;1010@1714211127:0.795684;1371@4127615685:0.188187;1381@1515870223:0.690858;1736@4242143327:0.344655;1206@1305069319:0.875814;1202@1359854952:0.977135|67@0.468384,0.039456,0.569947,0.225246,0.48027,0.92374,0.581793,0.05774,0.989848,0.15193,0.298109;56@0.850619,0.085987,0.933392,0.569196,0.742427,0.492365,0.226453,0.228289,0.149537,0.106066,0.132308,0.912267;73@0.312874,0.783343;38@0.467504,0.945821,0.234436,0.167189,0.967206,0.624539,0.14969,0.344829,0.542493,0.806497;1@;14@0.038123,0.490737,0.478327,0.962212,0.258697,0.096066,0.665645,0.521049,0.424138;41@;32@0.800572,0.253043,0.749133,0.820251;70@0.027777,0.240248,0.227638,0.217113;43@0.607697,0.672234,0.592631,0.618164,0.317249,0.096639,0.135631,0.640704,0.480361,0.565773,0.274757;65@0.978191,0.109464,0.801674,0.008561;20@0.308985,0.984996,0.801296,0.905481;40@0.122048,0.409004,0.387644;100@0.310534;37@0.818002,0.761872,0.132027,0.997369,0.172617,0.612901,0.264811,0.498297,0.396104,0.901267,0.442838,0.323706,0.373244;27@0.769525,0.140669,0.440023,0.399698,0.309454,0.761172,0.128999;92@0.025664,0.465081,0.715795,0.027142,0.33997;10@0.325059,0.199963,0.390886,0.855276,0.006043,0.781836,0.067206,0.624532,0.919633,0.149747,0.364895,0.118509;75@0.652521,0.183877,0.688143,0.945609,0.123003,0.226394,0.517303,0.805184,0.44353,0.599866;84@0.689752,0.785804,0.741878,0.799355,0.544027,0.321567,0.962437,0.471077,0.58505,0.903271,0.409101;82@0.987233;47@0.061051,0.362809,0.76477,0.982901,0.7295,0.602819,0.743136,0.100693,0.460268,0.481753,0.680016;9@0.283537,0.317805,0.982521,0.619698,0.909002,0.943458,0.168822,0.911973,0.665528,0.514764,0.431254;39@0.812734,0.153437,0.529551,0.263094,0.759717,0.502167,0.091054,0.092334,0.440213;88@0.992303,0.747695,0.211359,0.660248,0.136866,0.626465,0.171822;30@0.934678,0.359837,0.795805,0.740702,0.412781,0.883882,0.714743,0.11601,0.45615,0.473145|0|1762487393
I20251108 00:02:58.878951 139717798590272 data_text_parser.cc:116] beg_pos: 2445,end_pos: 4659
I20251108 00:02:58.878963 139717798590272 data_text_parser.cc:59] line: 798|744|1720@231834904:0.717098;1185@429281894:0.998838;1587@4206060555:0.675878;1048@3935086145:0.871163;1413@2236772131:0.905041;1472@147968099:0.411983;1861@2290902311:0.73415;1430@3514552028:0.94419;1384@2322442758:0.042695;1829@3938037330:0.035691;1635@2556581099:0.955668;1785@1439012318:0.336876;1712@2609698006:0.677604;1116@3121250817:0.8135;1010@3158450162:0.52584;1371@2565846207:0.593136;1381@2013859913:0.611574;1736@918884818:0.618608;1206@3441112965:0.61118;1202@1537335113:0.790063|67@0.465919,0.535236,0.522569,0.606097,0.477766,0.023014,0.377261,0.909916,0.798341,0.142554,0.021607;56@0.897468,0.057175,0.316988,0.913413,0.784835,0.189755,0.323117,0.667847,0.019297,0.913103,0.468744,0.969649;73@0.899475,0.961749;38@0.093644,0.661649,0.375032,0.17309,0.238915,0.859197,0.847306,0.818372,0.935348,0.078573;1@;14@0.198187,0.22758,0.029499,0.247418,0.240234,0.899752,0.195205,0.530343,0.75349;41@;32@0.305876,0.712275,0.986497,0.175765;70@0.536763,0.881914,0.522682,0.727668;43@0.364946,0.685328,0.306109,0.35708,0.589775,0.223988,0.923145,0.132146,0.294911,0.036148,0.945675;65@0.950552,0.61212,0.005822,0.95157;20@0.233814,0.948816,0.234307,0.457629;40@0.966879,0.785922,0.27698;100@0.801893;37@0.316674,0.148506,0.755423,0.462628,0.78741,0.306227,0.653857,0.263412,0.619325,0.464346,0.586642,0.203177,0.66547;27@0.089955,0.400561,0.876036,0.748138,0.216608,0.351906,0.730395;92@0.1694,0.122445,0.614271,0.878881,0.956565;10@0.311159,0.144266,0.108731,0.176584,0.288456,0.921552,0.623916,0.614709,0.921422,0.776858,0.733765,0.836914;75@0.773143,0.079902,0.573237,0.291802,0.879923,0.604517,0.200995,0.103744,0.666712,0.822444;84@0.503642,0.589587,0.853161,0.824243,0.917698,0.434676,0.107923,0.53918,0.02091,0.605294,0.820996;82@0.861738;47@0.667576,0.007403,0.339341,0.865876,0.081161,0.907189,0.380866,0.917047,0.415341,0.486898,0.227196;9@0.273395,0.988689,0.494315,0.630766,0.638431,0.106856,0.532629,0.729851,0.086379,0.653677,0.433979;39@0.594129,0.771696,0.673078,0.766902,0.760185,0.213233,0.120944,0.059512,0.292235;88@0.082447,0.001842,0.822456,0.638499,0.041146,0.962932,0.922199;30@0.768291,0.940147,0.164852,0.804977,0.588569,0.467271,0.713931,0.313341,0.123008,0.833191|1|1762487393
I20251108 00:02:58.878998 139717798590272 data_text_parser.cc:116] beg_pos: 4660,end_pos: 6868
I20251108 00:02:58.879011 139717798590272 data_text_parser.cc:59] line: 799|156|1720@2785741259:0.121246;1185@1267767641:0.126521;1587@2170017154:0.612298;1048@1673268635:0.634232;1413@232643970:0.538273;1472@3764608851:0.64604;1861@4061846564:0.344361;1430@3245186414:0.349234;1384@376563979:0.770946;1829@550368293:0.622548;1635@248716407:0.867192;1785@1406399804:0.604604;1712@2767357671:0.553167;1116@3511630774:0.004635;1010@588945255:0.736076;1371@1648778639:0.903102;1381@1706228020:0.515184;1736@4090805682:0.0103;1206@3109045653:0.126078;1202@596727092:0.76259|67@0.916735,0.46542,0.302251,0.837933,0.219042,0.543086,0.687877,0.921726,0.922347,0.751858,0.854295;56@0.861684,0.200776,0.881033,0.145976,0.766745,0.288381,0.050732,0.655051,0.865985,0.78869,0.331046,0.196944;73@0.30987,0.458801;38@0.517155,0.949121,0.241094,0.127286,0.246386,0.438088,0.995606,0.053042,0.730012,0.514592;1@;14@0.017008,0.05452,0.378534,0.300984,0.167014,0.773597,0.114885,0.907126,0.918037;41@;32@0.342777,0.945662,0.373563,0.163996;70@0.341706,0.125083,0.980162,0.886601;43@0.961671,0.557495,0.32553,0.879605,0.031512,0.806343,0.99797,0.799392,0.888709,0.514653,0.255816;65@0.371787,0.464333,0.30401,0.833191;20@0.504244,0.416818,0.29443,0.523964;40@0.504786,0.231554,0.097329;100@0.689221;37@0.316261,0.160815,0.705599,0.19727,0.174199,0.976178,0.705172,0.612352,0.47459,0.16248,0.935522,0.147592,0.495742;27@0.632148,0.165645,0.229846,0.732702,0.106617,0.880365,0.981369;92@0.533227,0.993237,0.079919,0.566224,0.127975;10@0.752221,0.509633,0.813149,0.942753,0.87939,0.992693,0.215526,0.267561,0.117126,0.956535,0.239619,0.250675;75@0.19738,0.51053,0.457249,0.664402,0.237782,0.553494,0.947972,0.026547,0.124469,0.293461;84@0.70597,0.330726,0.965056,0.59591,0.690926,0.186309,0.091709,0.035103,0.95185,0.133354,0.357606;82@0.489422;47@0.152937,0.599066,0.324729,0.474136,0.577839,0.822265,0.680797,0.030039,0.810463,0.578841,0.256584;9@0.094593,0.008522,0.759322,0.378228,0.410027,0.351403,0.741099,0.808154,0.106149,0.703814,0.699792;39@0.610114,0.181796,0.003117,0.177938,0.993209,0.989686,0.243022,0.969956,0.983207;88@0.416958,0.56967,0.498952,0.002246,0.921598,0.040103,0.140562;30@0.70156,0.000792,0.876629,0.974684,0.939197,0.217599,0.862667,0.981448,0.396858,0.523261|1|1762487393
I20251108 00:02:58.879049 139717798590272 data_text_parser.cc:116] beg_pos: 6869,end_pos: 9081
I20251108 00:02:58.879062 139717798590272 data_text_parser.cc:59] line: 800|747|1720@1873815901:0.368488;1185@2476405605:0.122111;1587@437121437:0.519759;1048@2916563303:0.936317;1413@2068277087:0.395908;1472@2816814693:0.929347;1861@1452956309:0.09616;1430@3523138041:0.991179;1384@3268872998:0.250964;1829@4100160408:0.103862;1635@3125326995:0.884044;1785@4113543033:0.412747;1712@1105229336:0.513308;1116@2152962173:0.179355;1010@3076671042:0.72158;1371@1694890323:0.548468;1381@2234027591:0.61576;1736@3021825018:0.201274;1206@2807155135:0.575287;1202@3638952646:0.255545|67@0.76209,0.842876,0.025925,0.231138,0.811679,0.014524,0.345341,0.208523,0.483858,0.86595,0.440865;56@0.106463,0.067647,0.584494,0.939675,0.395952,0.049391,0.493684,0.308627,0.832695,0.055143,0.295135,0.281754;73@0.354128,0.971427;38@0.293828,0.8478,0.513127,0.439543,0.409785,0.415437,0.437723,0.721413,0.621993,0.420598;1@;14@0.984773,0.028377,0.388172,0.217769,0.256632,0.122454,0.372181,0.990894,0.547496;41@;32@0.521245,0.189382,0.405748,0.579334;70@0.524521,0.746461,0.564171,0.8944;43@0.694171,0.72346,0.90577,0.715683,0.848415,0.506739,0.10714,0.383332,0.019687,0.480413,0.653972;65@0.474929,0.31268,0.164729,0.960353;20@0.748935,0.256995,0.629176,0.726436;40@0.425618,0.927246,0.111537;100@0.784049;37@0.886781,0.240878,0.301687,0.55535,0.275237,0.38018,0.827363,0.817854,0.837809,0.812358,0.214267,0.228296,0.688661;27@0.553389,0.497265,0.435971,0.850476,0.905137,0.791594,0.499099;92@0.14115,0.224102,0.235786,0.576013,0.911858;10@0.711364,0.36581,0.921403,0.594897,0.069882,0.814455,0.290411,0.922429,0.88592,0.963073,0.719076,0.69247;75@0.643106,0.366762,0.915554,0.303829,0.561263,0.149063,0.265902,0.434903,0.54064,0.387711;84@0.788783,0.897679,0.457206,0.277883,0.168763,0.921662,0.512963,0.16147,0.681568,0.578489,0.232258;82@0.207726;47@0.933771,0.144637,0.057857,0.369822,0.249887,0.459956,0.490133,0.250887,0.304927,0.572168,0.95529;9@0.719275,0.045309,0.123742,0.249129,0.974346,0.827971,0.192655,0.216924,0.183352,0.913339,0.037696;39@0.197337,0.534234,0.349271,0.570834,0.083722,0.00246,0.459559,0.005888,0.486384;88@0.163303,0.496661,0.078996,0.431919,0.143882,0.259606,0.344217;30@0.902091,0.234948,0.275392,0.879748,0.19466,0.579109,0.937249,0.668913,0.796867,0.194471|0|1762487393
I20251108 00:02:58.879097 139717798590272 data_text_parser.cc:116] beg_pos: 9082,end_pos: 11291
I20251108 00:02:58.879116 139717798590272 data_text_parser.cc:59] line: 801|314|1720@1221023150:0.548123;1185@2263369079:0.419649;1587@1765308373:0.163045;1048@2448722811:0.597988;1413@2792565270:0.208974;1472@2083475928:0.881142;1861@3994856916:0.662859;1430@3618101672:0.460129;1384@2962640907:0.451339;1829@369078461:0.42583;1635@3519411699:0.572849;1785@3825468838:0.16693;1712@753522857:0.102884;1116@3456148047:0.217241;1010@3494879833:0.899091;1371@2449073900:0.004895;1381@4154934532:0.015596;1736@1332827490:0.217183;1206@148288949:0.144293;1202@1021500811:0.373127|67@0.421149,0.134232,0.227497,0.212692,0.428413,0.76743,0.860761,0.477277,0.82733,0.908862,0.362311;56@0.369517,0.169776,0.546076,0.135094,0.887159,0.298477,0.964306,0.091485,0.573208,0.651193,0.732394,0.399888;73@0.562643,0.155579;38@0.186987,0.964542,0.135902,0.843602,0.917373,0.859811,0.761236,0.437853,0.921862,0.495554;1@;14@0.4025,0.876085,0.730912,0.842803,0.82083,0.597613,0.72045,0.420043,0.385531;41@;32@0.292702,0.138836,0.755542,0.944681;70@0.946986,0.061521,0.139038,0.75583;43@0.369924,0.923828,0.066596,0.589352,0.29375,0.305419,0.087498,0.144257,0.630898,0.556867,0.834355;65@0.043342,0.825974,0.757028,0.651918;20@0.262608,0.447025,0.26289,0.651967;40@0.746399,0.961256,0.539906;100@0.167449;37@0.296534,0.051271,0.687781,0.405874,0.681995,0.782123,0.872128,0.556192,0.832462,0.736724,0.789923,0.665781,0.870999;27@0.652157,0.037101,0.59696,0.7073,0.578484,0.755771,0.15298;92@0.938268,0.850749,0.557166,0.068727,0.62632;10@0.285696,0.609161,0.635892,0.474444,0.058128,0.834224,0.758436,0.853165,0.828068,0.214908,0.690717,0.025252;75@0.384426,0.690882,0.679324,0.126699,0.566205,0.24105,0.406273,0.868755,0.233571,0.963696;84@0.001538,0.23247,0.735232,0.894425,0.625161,0.758708,0.216053,0.47724,0.051501,0.833453,0.522905;82@0.990878;47@0.943756,0.627627,0.310147,0.136357,0.229441,0.816743,0.931377,0.208627,0.897253,0.637641,0.827668;9@0.182378,0.481039,0.946347,0.328308,0.813259,0.984448,0.72873,0.838891,0.167244,0.798714,0.251474;39@0.016846,0.776315,0.266149,0.334658,0.083323,0.153606,0.83554,0.793806,0.030038;88@0.491198,0.512607,0.348069,0.35909,0.887557,0.63242,0.849664;30@0.980888,0.60411,0.194726,0.48317,0.844705,0.459761,0.094964,0.778828,0.627909,0.815815|0|1762487393
I20251108 00:02:58.879148 139717798590272 data_text_parser.cc:116] beg_pos: 11292,end_pos: 13489
I20251108 00:02:58.879160 139717798590272 data_text_parser.cc:59] line: 802|564|1720@2122283352:0.514985;1185@3763242351:0.140639;1587@3757239804:0.442446;1048@235382062:0.91133;1413@3207437325:0.420893;1472@3441112965:0.664891;1861@2354824081:0.868708;1430@74990235:0.302235;1384@4098472884:0.815502;1829@260789066:0.252671;1635@3338574796:0.546707;1785@2609226717:0.112249;1712@3694917145:0.538877;1116@19188069:0.432895;1010@724072264:0.970152;1371@2111969221:0.281641;1381@3849359053:0.28289;1736@893675136:0.87117;1206@3884074330:0.665105;1202@581550850:0.902866|67@0.198926,0.158486,0.951311,0.826947,0.442446,0.003473,0.644656,0.213106,0.124309,0.461773,0.726264;56@0.4444,0.762655,0.089035,0.375948,0.421292,0.804507,0.606603,0.933926,0.408708,0.078419,0.502564,0.401515;73@0.055948,0.103993;38@0.101146,0.929024,0.847195,0.405216,0.966493,0.480961,0.032585,0.500334,0.749805,0.992785;1@;14@0.98911,0.422512,0.364202,0.687465,0.217503,0.66808,0.61417,0.868401,0.239412;41@;32@0.870806,0.109548,0.42794,0.98339;70@0.906208,0.670041,0.713034,0.124661;43@0.696796,0.534559,0.5246,0.181185,0.728899,0.945535,0.931883,0.108634,0.506343,0.658577,0.074989;65@0.403592,0.903004,0.979378,0.496995;20@0.482862,0.339685,0.07104,0.228802;40@0.610067,0.087374,0.117591;100@0.496167;37@0.740061,0.499477,0.905313,0.819533,0.43964,0.699047,0.77028,0.523652,0.802206,0.832496,0.543124,0.692882,0.26159;27@0.167356,0.225049,0.31715,0.665918,0.90568,0.906867,0.929279;92@0.208246,0.180459,0.948497,0.958483,0.983105;10@0.208925,0.131107,0.072814,0.591373,0.126896,0.045671,0.81248,0.94198,0.762292,0.073739,0.657511,0.091066;75@0.273662,0.453381,0.581402,0.223364,0.451042,0.987885,0.224131,0.408745,0.718177,0.539558;84@0.030794,0.715076,0.427617,0.630641,0.1655,0.19589,0.36862,0.201629,0.30432,0.043336,0.119012;82@0.337046;47@0.514002,0.61226,0.93616,0.638159,0.110228,0.823868,0.434894,0.991748,0.813582,0.791555,0.995375;9@0.939744,0.234385,0.439097,0.349008,0.211162,0.973332,0.169109,0.359119,0.943469,0.115378,0.053608;39@0.735087,0.772276,0.13897,0.097372,0.590308,0.306616,0.46803,0.71749,0.477226;88@0.332365,0.899106,0.207955,0.924872,0.055172,0.466195,0.137337;30@0.769977,0.922075,0.823317,0.393609,0.09175,0.895515,0.552103,0.978874,0.861465,0.406579|1|1762487393
I20251108 00:02:58.879201 139717798590272 data_text_parser.cc:116] beg_pos: 13490,end_pos: 15700
I20251108 00:02:58.879214 139717798590272 data_text_parser.cc:59] line: 803|505|1720@1450270850:0.828374;1185@1691878431:0.531857;1587@1643503648:0.103085;1048@244817399:0.8594;1413@2371809883:0.430787;1472@2010342346:0.33303;1861@183426218:0.729488;1430@782137821:0.194794;1384@2598928760:0.236875;1829@1764199323:0.730468;1635@1055766592:0.812727;1785@324493630:0.165856;1712@1428547537:0.699675;1116@487052695:0.313431;1010@3968146597:0.179723;1371@1642117835:0.639891;1381@2333904804:0.308709;1736@212191187:0.966153;1206@1646353559:0.444136;1202@1328968741:0.01326|67@0.020321,0.414453,0.29143,0.30111,0.723558,0.824264,0.123364,0.004904,0.372811,0.595753,0.740763;56@0.947915,0.768881,0.249834,0.436972,0.581389,0.764311,0.343224,0.888536,0.012064,0.618442,0.399365,0.215754;73@0.382313,0.622414;38@0.065831,0.797005,0.409688,0.244787,0.870279,0.028309,0.683237,0.478399,0.793681,0.123324;1@;14@0.986872,0.493108,0.96587,0.713867,0.927004,0.608515,0.849739,0.347815,0.976521;41@;32@0.909959,0.820231,0.825606,0.695733;70@0.115908,0.146874,0.850678,0.303655;43@0.344544,0.591403,0.463704,0.297175,0.244661,0.413762,0.526129,0.814607,0.786872,0.965675,0.888176;65@0.468776,0.316968,0.057849,0.982576;20@0.819273,0.035023,0.241935,0.557708;40@0.91374,0.681467,0.658458;100@0.030337;37@0.629252,0.115914,0.709179,0.421974,0.281814,0.626831,0.69397,0.288404,0.966301,0.572367,0.954034,0.640086,0.637843;27@0.291962,0.156161,0.035767,0.519606,0.735517,0.511681,0.351097;92@0.678532,0.065355,0.595711,0.919642,0.373282;10@0.061792,0.190457,0.400986,0.592991,0.902129,0.860047,0.201326,0.102551,0.599383,0.107271,0.350545,0.57795;75@0.871195,0.572315,0.278413,0.610255,0.627967,0.903823,0.86307,0.862167,0.951177,0.356368;84@0.95456,0.695506,0.636398,0.078733,0.892237,0.053564,0.380975,0.028141,0.871827,0.594978,0.82802;82@0.746755;47@0.770262,0.562869,0.99363,0.309199,0.76451,0.52004,0.826761,0.027232,0.188952,0.021522,0.154632;9@0.466509,0.215697,0.17035,0.742901,0.920091,0.426814,0.391048,0.294693,0.31512,0.034898,0.67995;39@0.280662,0.0876,0.004487,0.837074,0.848973,0.180304,0.746881,0.633817,0.712198;88@0.777897,0.330369,0.763247,0.548576,0.238192,0.999345,0.274228;30@0.031423,0.450617,0.565593,0.931007,0.110765,0.571068,0.096411,0.581598,0.001486,0.158854|1|1762487393
I20251108 00:02:58.879250 139717798590272 data_text_parser.cc:116] beg_pos: 15701,end_pos: 17905
I20251108 00:02:58.879262 139717798590272 data_text_parser.cc:59] line: 804|986|1720@367705524:0.174272;1185@1359960709:0.222187;1587@1720524405:0.056407;1048@330850979:0.625399;1413@759880554:0.867648;1472@978267665:0.10324;1861@1227236498:0.84163;1430@776547392:0.232123;1384@3744510067:0.819006;1829@3948267283:0.960925;1635@957757760:0.46977;1785@213256817:0.585531;1712@1900372311:0.681525;1116@2528429304:0.533471;1010@444076755:0.162214;1371@3789534041:0.64361;1381@434412426:0.226457;1736@1292139940:0.73187;1206@1987928140:0.141463;1202@3946681914:0.339872|67@0.480685,0.123198,0.001192,0.287844,0.067008,0.271665,0.919201,0.766492,0.937665,0.353247,0.240704;56@0.655527,0.706685,0.409851,0.303134,0.898799,0.668599,0.862478,0.362275,0.99104,0.73763,0.337337,0.857563;73@0.271023,0.236395;38@0.713734,0.388646,0.570297,0.160655,0.238269,0.352998,0.52376,0.401716,0.827442,0.125347;1@;14@0.328815,0.732426,0.876579,0.818733,0.026366,0.120115,0.363885,0.999328,0.636386;41@;32@0.872416,0.668901,0.848969,0.847105;70@0.065436,0.853203,0.889779,0.456143;43@0.126716,0.025954,0.184036,0.149249,0.686606,0.15923,0.535444,0.478527,0.182448,0.368327,0.12383;65@0.782683,0.03065,0.014148,0.739668;20@0.381466,0.336465,0.129325,0.829148;40@0.948224,0.998289,0.364853;100@0.60692;37@0.069677,0.107881,0.163114,0.297486,0.961481,0.776009,0.64804,0.700232,0.22811,0.390165,0.108583,0.524524,0.019922;27@0.483877,0.495542,0.025789,0.145754,0.297443,0.832812,0.000751;92@0.282582,0.177877,0.790941,0.880583,0.082536;10@0.648658,0.170887,0.573696,0.920006,0.431697,0.002176,0.790717,0.944506,0.715188,0.211868,0.007336,0.443104;75@0.189421,0.077931,0.891397,0.854463,0.299932,0.226077,0.343845,0.132112,0.588226,0.112903;84@0.73271,0.751072,0.502459,0.037081,0.336597,0.93551,0.728877,0.789905,0.864032,0.64346,0.539811;82@0.071193;47@0.860691,0.286775,0.440439,0.494025,0.167248,0.112573,0.774406,0.078333,0.344968,0.578027,0.243254;9@0.71637,0.278091,0.030354,0.092546,0.490877,0.198997,0.937303,0.927474,0.889971,0.587459,0.497049;39@0.503702,0.681242,0.989537,0.818933,0.042077,0.28281,0.335843,0.725577,0.742104;88@0.87272,0.868921,0.91172,0.595521,0.82433,0.626019,0.537263;30@0.76774,0.609416,0.209169,0.654932,0.468124,0.70507,0.595508,0.488872,0.529762,0.121113|1|1762487393
I20251108 00:02:58.879300 139717798590272 data_text_parser.cc:116] beg_pos: 17906,end_pos: 20120
I20251108 00:02:58.879313 139717798590272 data_text_parser.cc:59] line: 805|627|1720@1815696125:0.458406;1185@957167224:0.539314;1587@2256891586:0.669727;1048@2448722811:0.450163;1413@3921210183:0.586032;1472@3785935562:0.807316;1861@1000712655:0.892831;1430@1714256495:0.714142;1384@3488952816:0.735621;1829@3378480669:0.03826;1635@1428503863:0.031219;1785@2363601542:0.452838;1712@547791995:0.355929;1116@4034877624:0.525849;1010@3536221780:0.286347;1371@3573465928:0.169401;1381@3989100219:0.913312;1736@238332336:0.61223;1206@1374361100:0.713683;1202@1653796167:0.94174|67@0.782786,0.010579,0.380363,0.021704,0.14878,0.480074,0.940498,0.301656,0.539083,0.781295,0.210574;56@0.975667,0.443252,0.784737,0.78668,0.935823,0.36217,0.969503,0.159104,0.587087,0.458476,0.617243,0.371567;73@0.693714,0.514349;38@0.560752,0.732293,0.045907,0.47153,0.283223,0.980132,0.467566,0.175223,0.689643,0.542424;1@;14@0.165175,0.528804,0.767332,0.404971,0.675523,0.632528,0.424496,0.094064,0.424336;41@;32@0.375473,0.566217,0.302943,0.95076;70@0.085776,0.078072,0.388779,0.790952;43@0.175427,0.593363,0.674071,0.138017,0.764567,0.470693,0.743057,0.974089,0.807649,0.905318,0.227742;65@0.198445,0.23183,0.682964,0.564423;20@0.205692,0.244853,0.508928,0.251815;40@0.098863,0.567352,0.679055;100@0.639765;37@0.050709,0.062389,0.585769,0.754088,0.900242,0.837749,0.842377,0.307961,0.995117,0.146579,0.38588,0.057233,0.109471;27@0.187034,0.83406,0.546907,0.198789,0.143713,0.02902,0.054072;92@0.213518,0.167765,0.732618,0.700836,0.85863;10@0.775846,0.313656,0.053179,0.674922,0.631804,0.410117,0.748427,0.664221,0.676829,0.981062,0.596529,0.417324;75@0.483416,0.306537,0.406531,0.580285,0.020771,0.985629,0.20793,0.038746,0.852495,0.921345;84@0.365187,0.572565,0.78434,0.584062,0.576435,0.311008,0.419414,0.462182,0.676129,0.706757,0.657575;82@0.319144;47@0.727389,0.212746,0.519881,0.632456,0.404001,0.390985,0.497388,0.998162,0.821927,0.563012,0.997823;9@0.783853,0.12419,0.958861,0.531244,0.063959,0.664351,0.913395,0.709353,0.420035,0.232401,0.81265;39@0.576057,0.354958,0.196872,0.2589,0.777304,0.402957,0.811417,0.212463,0.912641;88@0.907108,0.54153,0.738174,0.544043,0.030105,0.150629,0.223131;30@0.125948,0.269476,0.163415,0.434791,0.413725,0.722939,0.386493,0.659608,0.389304,0.805575|0|1762487393
I20251108 00:02:58.879336 139717798590272 data_text_parser.cc:116] beg_pos: 20121,end_pos: 20480
I20251108 00:02:58.879581 139717798590272 data_text_parser.cc:101] get chunk buffer, size: 20480
I20251108 00:02:58.879606 139717798590272 data_text_parser.cc:116] beg_pos: 0,end_pos: 1847
I20251108 00:02:58.879613 139717798590272 data_text_parser.cc:61] buffer line: 806|482|1720@2037569052:0.945416;1185@684343948:0.311975;1587@2471132679:0.260715;1048@2050313165:0.935079;1413@179682573:0.522819;1472@873793405:0.953517;1861@3579276330:0.151704;1430@915166061:0.549299;1384@976208083:0.68883;1829@4289975782:0.797293;1635@325201329:0.483389;1785@1515843333:0.872253;1712@2480082591:0.549955;1116@684016546:0.381997;1010@2077020387:0.973048;1371@2863359553:0.415571;1381@301260009:0.359774;1736@1068174126:0.761727;1206@624643693:0.254323;1202@3800786027:0.779264|67@0.999496,0.1799,0.358318,0.083986,0.675259,0.322524,0.767457,0.361076,0.666051,0.057952,0.076594;56@0.273476,0.602147,0.140945,0.163082,0.660096,0.740281,0.368335,0.146472,0.451698,0.866462,0.711686,0.931731;73@0.753562,0.984682;38@0.803266,0.782219,0.869797,0.974599,0.081739,0.710704,0.354624,0.127437,0.778505,0.149968;1@;14@0.017349,0.281595,0.77294,0.880322,0.240539,0.811026,0.555676,0.46284,0.098827;41@;32@0.059261,0.432854,0.355721,0.837011;70@0.924644,0.35118,0.348448,0.815166;43@0.628319,0.970839,0.412591,0.534178,0.933383,0.998495,0.871069,0.678928,0.216413,0.784797,0.096531;65@0.886536,0.002954,0.331807,0.848805;20@0.104787,0.353005,0.34826,0.942393;40@0.014788,0.127525,0.937233;100@0.062421;37@0.228659,0.176776,0.405216,0.682442,0.279445,0.03841,0.550343,0.370449,0.172345,0.94468,0.666498,0.354322,0.109426;27@0.377249,0.285204,0.128448,0.671738,0.968154,0.2525,0.910553;92@0.13567,0.013795,0.032981,0.273194,0.324907;10@0.548597,0.066286,0.284819,0.28298,0.71855,0.593745,0.0424,0.055407,0.00424,0.811462,0.142951,0.483416;75@0.862716,0.757448,0.628615,0.315732,0.323098,0.458977,0.578753,0.237208,0.250792,0.967258;84@0.997858,0.083262,0.403158,0.305509,0.17245,0.830885,0.740607,0.279805,0.989533,0.095398,0.669409;82@0.379958;47@0.972507,0.447101,0.284996,0.445879,0.192955,0.123293,0.455732,0.757647,0.629511,0.447763,0.560071;9@0.358805,0.766654,0.627213,0.068951,0.201006,0.030941,0.6749,0.127745,0.344923,0.498229,0.075371;39@0.862725,0.917544,0.969254,0.842857,0.478209,0.828654,0.442193,0.732164,0.638688;88@0.108425,0.789937,0.607581,0.247256,0.023758,0.017813,0.127879;30@0.152638,0.649719,0.71281,0.287709,0.449613,0.023963,0.671635,0.233034,0.85042,0.707727|1|1762487393
I20251108 00:02:58.879653 139717798590272 data_text_parser.cc:116] beg_pos: 1848,end_pos: 4056
I20251108 00:02:58.879666 139717798590272 data_text_parser.cc:59] line: 807|936|1720@56313779:0.338178;1185@1595692958:0.121303;1587@2148542577:0.283324;1048@1248041632:0.40372;1413@3010628104:0.91501;1472@3685380601:0.803351;1861@3631492724:0.551196;1430@3903431066:0.17555;1384@3587116182:0.264908;1829@1951305812:0.366119;1635@127605533:0.325515;1785@1521384732:0.431204;1712@527343025:0.321652;1116@4081631062:0.698914;1010@3554889036:0.888971;1371@3523361825:0.532975;1381@2454679622:0.826595;1736@3756858040:0.938293;1206@3275066095:0.325668;1202@2333553471:0.08098|67@0.498009,0.01235,0.71195,0.998747,0.068507,0.102836,0.113323,0.523977,0.719831,0.324883,0.391079;56@0.1937,0.426269,0.890437,0.165235,0.050485,0.486498,0.022692,0.908644,0.755999,0.214016,0.092859,0.696662;73@0.615088,0.620224;38@0.205442,0.153079,0.210433,0.917162,0.565812,0.816133,0.047361,0.285218,0.213502,0.093043;1@;14@0.956312,0.367857,0.032179,0.508393,0.92921,0.658031,0.637594,0.771498,0.431423;41@;32@0.898086,0.895031,0.927654,0.357094;70@0.174921,0.138867,0.701881,0.836857;43@0.906497,0.750711,0.118355,0.566432,0.972964,0.875073,0.469613,0.711368,0.511073,0.207672,0.029043;65@0.088642,0.31507,0.464333,0.918811;20@0.190984,0.932976,0.592378,0.524469;40@0.518864,0.083712,0.785136;100@0.395162;37@0.948007,0.527009,0.645982,0.701008,0.46562,0.267504,0.474979,0.491238,0.636519,0.119551,0.619198,0.551676,0.374151;27@0.063727,0.102084,0.256214,0.076219,0.883023,0.299339,0.912768;92@0.358598,0.726325,0.191454,0.013658,0.29592;10@0.764815,0.024371,0.125921,0.50314,0.644415,0.116177,0.491984,0.31734,0.819108,0.909532,0.675458,0.82595;75@0.063785,0.980634,0.64311,0.243017,0.438334,0.396609,0.807532,0.919475,0.528292,0.791738;84@0.573915,0.936764,0.321197,0.111694,0.990864,0.761407,0.253522,0.977923,0.265627,0.043483,0.887327;82@0.171167;47@0.757056,0.902472,0.138432,0.868256,0.956453,0.838875,0.255005,0.051629,0.407309,0.02188,0.450778;9@0.00778,0.4102,0.540113,0.725478,0.655083,0.531601,0.743923,0.608682,0.827289,0.230749,0.213483;39@0.383159,0.504778,0.795127,0.489343,0.786299,0.356,0.673179,0.911895,0.271143;88@0.380348,0.189083,0.642216,0.997146,0.379862,0.395843,0.361537;30@0.64479,0.608487,0.553523,0.360562,0.511656,0.746466,0.237084,0.18288,0.766825,0.052273|1|1762487393
I20251108 00:02:58.879706 139717798590272 data_text_parser.cc:116] beg_pos: 4057,end_pos: 6260
I20251108 00:02:58.879719 139717798590272 data_text_parser.cc:59] line: 808|506|1720@4169890647:0.119169;1185@4059691867:0.737169;1587@2059609076:0.171051;1048@326409680:0.820165;1413@300060325:0.028692;1472@142397450:0.477356;1861@3200414428:0.734133;1430@2589580883:0.598917;1384@560811573:0.625029;1829@3305018216:0.383042;1635@2089577492:0.995981;1785@2384582642:0.834051;1712@3716786141:0.634384;1116@4283573374:0.800049;1010@29559944:0.75887;1371@259914828:0.571302;1381@1317508110:0.159162;1736@229718914:0.202623;1206@40386755:0.966234;1202@650666439:0.039682|67@0.249597,0.67015,0.044341,0.22012,0.369667,0.135629,0.444579,0.916655,0.386752,0.355052,0.55794;56@0.975509,0.292364,0.846664,0.535614,0.855263,0.904463,0.841366,0.993806,0.787294,0.202903,0.193102,0.88853;73@0.355397,0.55701;38@0.421183,0.345153,0.965904,0.638909,0.043055,0.149407,0.043281,0.157208,0.302921,0.751755;1@;14@0.493859,0.885285,0.196181,0.061727,0.518528,0.851283,0.316999,0.149939,0.509513;41@;32@0.905465,0.915271,0.622336,0.984732;70@0.626006,0.00381,0.324002,0.200274;43@0.253687,0.154183,0.52994,0.996372,0.597285,0.697875,0.980902,0.962759,0.630066,0.681955,0.315658;65@0.243208,0.243528,0.303335,0.665255;20@0.318038,0.968325,0.93153,0.905048;40@0.691002,0.056904,0.615524;100@0.097179;37@0.540699,0.680199,0.440082,0.821906,0.907394,0.153942,0.800654,0.301404,0.185648,0.008476,0.816229,0.965385,0.925385;27@0.428136,0.243151,0.576686,0.302855,0.018347,0.313269,0.998585;92@0.387875,0.716396,0.92837,0.603201,0.821161;10@0.43758,0.128991,0.089468,0.776203,0.510267,0.670529,0.323859,0.336951,0.32827,0.376914,0.597762,0.434826;75@0.479733,0.479451,0.691339,0.161843,0.051111,0.944995,0.012916,0.221164,0.261144,0.787352;84@0.369103,0.40283,0.594627,0.215189,0.34271,0.559097,0.057211,0.063626,0.07772,0.658491,0.210688;82@0.893024;47@0.726011,0.606331,0.976977,0.630087,0.753292,0.707281,0.855209,0.923935,0.826256,0.442106,0.679336;9@0.099186,0.343413,0.137182,0.089503,0.64026,0.142935,0.814091,0.136338,0.101924,0.80309,0.591471;39@0.24435,0.218094,0.313413,0.968615,0.876092,0.521676,0.38504,0.150877,0.415206;88@0.544495,0.53017,0.971821,0.191009,0.404377,0.61789,0.34556;30@0.273855,0.639187,0.27831,0.913537,0.420152,0.550239,0.443089,0.166172,0.187074,0.546732|0|1762487393
I20251108 00:02:58.879750 139717798590272 data_text_parser.cc:116] beg_pos: 6261,end_pos: 8461
I20251108 00:02:58.879763 139717798590272 data_text_parser.cc:59] line: 809|822|1720@1347500382:0.275097;1185@2215068798:0.827869;1587@2712430533:0.097031;1048@4092279163:0.665694;1413@664372699:0.234311;1472@3280424918:0.648779;1861@1099328560:0.424711;1430@3231781956:0.400103;1384@2237013582:0.672994;1829@1493596667:0.311215;1635@50434232:0.197044;1785@3627299604:0.854149;1712@515191597:0.02209;1116@2476932902:0.261123;1010@1950129434:0.01558;1371@2211544165:0.6798;1381@263524728:0.637936;1736@535412706:0.325799;1206@2982567932:0.881116;1202@3770503549:0.968933|67@0.23367,0.667416,0.741852,0.099209,0.725792,0.700226,0.673982,0.00645,0.019363,0.597511,0.543683;56@0.89689,0.544596,0.797974,0.487708,0.792888,0.416323,0.079341,0.698457,0.339997,0.609043,0.03866,0.618684;73@0.570858,0.198445;38@0.770372,0.184094,0.110204,0.295206,0.211445,0.697206,0.835199,0.737802,0.214393,0.041195;1@;14@0.643003,0.587804,0.10755,0.456237,0.477198,0.638759,0.952267,0.252489,0.26423;41@;32@0.774656,0.362979,0.505134,0.66269;70@0.300384,0.20904,0.966292,0.010591;43@0.940116,0.767805,0.810247,0.189795,0.23168,0.186129,0.591891,0.959479,0.612599,0.191736,0.824907;65@0.632066,0.854427,0.51157,0.753555;20@0.099531,0.43794,0.721581,0.157037;40@0.236919,0.396092,0.789616;100@0.558834;37@0.99035,0.686415,0.85012,0.367602,0.222061,0.577532,0.757448,0.862478,0.758764,0.197415,0.173594,0.205946,0.704041;27@0.634184,0.947758,0.135791,0.537809,0.940029,0.614744,0.463241;92@0.415765,0.56461,0.973708,0.375745,0.89666;10@0.918718,0.059851,0.326711,0.826629,0.003849,0.743945,0.076746,0.09461,0.877006,0.724054,0.743913,0.88421;75@0.596428,0.369529,0.587784,0.158871,0.513509,0.05738,0.307029,0.319906,0.07363,0.792472;84@0.467521,0.527626,0.250364,0.860226,0.241881,0.894694,0.668998,0.146859,0.376273,0.050485,0.525144;82@0.996387;47@0.103563,0.631499,0.538583,0.921949,0.693324,0.658956,0.01454,0.723774,0.639174,0.667046,0.64552;9@0.134907,0.494357,0.310257,0.747858,0.865928,0.98543,0.176267,0.79893,0.697872,0.011439,0.375632;39@0.908521,0.302319,0.74373,0.472824,0.000407,0.22929,0.0877,0.458132,0.469989;88@0.815902,0.847703,0.491941,0.873666,0.145752,0.150131,0.847072;30@0.209029,0.959396,0.615715,0.224509,0.034261,0.904048,0.471529,0.309147,0.262252,0.718895|1|1762487393
I20251108 00:02:58.879804 139717798590272 data_text_parser.cc:116] beg_pos: 8462,end_pos: 10682
I20251108 00:02:58.879816 139717798590272 data_text_parser.cc:59] line: 810|860|1720@301260009:0.757293;1185@2359726017:0.633399;1587@2700864028:0.739863;1048@383344535:0.179119;1413@3653949800:0.620457;1472@545669842:0.758224;1861@3762237280:0.225276;1430@1153519264:0.191173;1384@716794159:0.952952;1829@1606631624:0.890734;1635@2751767900:0.831574;1785@2224141631:0.029842;1712@4021110919:0.943929;1116@2667331094:0.394923;1010@1503176793:0.489664;1371@1344605883:0.167566;1381@2930706259:0.287244;1736@1340637399:0.754133;1206@1084041447:0.013717;1202@1273416208:0.899449|67@0.019435,0.981771,0.331697,0.970953,0.703134,0.280546,0.413167,0.753888,0.822708,0.184724,0.743308;56@0.827332,0.914971,0.676501,0.802727,0.96742,0.133558,0.872325,0.659351,0.805384,0.20382,0.941003,0.368061;73@0.234222,0.641826;38@0.661047,0.732382,0.04356,0.389622,0.9815,0.388421,0.57353,0.354131,0.597557,0.883228;1@;14@0.993272,0.849545,0.318674,0.266408,0.623741,0.314677,0.182269,0.489321,0.351881;41@;32@0.441068,0.020375,0.230469,0.780022;70@0.270458,0.474734,0.333575,0.153054;43@0.804608,0.483544,0.626417,0.477374,0.189964,0.792864,0.260757,0.757667,0.355332,0.925756,0.175138;65@0.68096,0.986762,0.830764,0.946743;20@0.163884,0.268315,0.01895,0.542909;40@0.184944,0.239098,0.009784;100@0.846501;37@0.638167,0.014681,0.490449,0.504954,0.717224,0.33898,0.132881,0.989312,0.507507,0.581707,0.331559,0.039912,0.516706;27@0.232702,0.009895,0.783147,0.954879,0.293528,0.618265,0.788439;92@0.665763,0.866712,0.986775,0.928786,0.869612;10@0.725056,0.573142,0.733083,0.965628,0.290232,0.349628,0.268121,0.42292,0.853888,0.531705,0.431819,0.150736;75@0.054345,0.470079,0.070465,0.670852,0.925017,0.300296,0.795514,0.619993,0.081576,0.143229;84@0.253854,0.646278,0.823392,0.876163,0.210608,0.572246,0.538335,0.633633,0.898142,0.79357,0.782315;82@0.896427;47@0.719643,0.683733,0.882474,0.569989,0.623005,0.511576,0.515387,0.523611,0.736362,0.563102,0.427275;9@0.671623,0.622227,0.566796,0.77642,0.571424,0.206048,0.343165,0.739735,0.225959,0.663766,0.372625;39@0.776078,0.180302,0.24806,0.865798,0.383471,0.049362,0.112137,0.011516,0.731683;88@0.773517,0.173701,0.876376,0.347231,0.939185,0.830217,0.429928;30@0.937687,0.309262,0.619739,0.008097,0.373681,0.556333,0.997047,0.271183,0.754822,0.446931|1|1762487393
I20251108 00:02:58.879852 139717798590272 data_text_parser.cc:116] beg_pos: 10683,end_pos: 12891
I20251108 00:02:58.879865 139717798590272 data_text_parser.cc:59] line: 811|125|1720@2199893220:0.471509;1185@3582389173:0.827622;1587@798329074:0.82412;1048@3366062964:0.880113;1413@954623761:0.194118;1472@1734257700:0.163125;1861@851467165:0.931901;1430@237784065:0.41583;1384@3767970278:0.328796;1829@996511209:0.66469;1635@960807377:0.271885;1785@1997907531:0.491322;1712@3525597332:0.626566;1116@3358903479:0.834078;1010@1975551497:0.786595;1371@3476623477:0.221494;1381@578780084:0.878932;1736@2908239012:0.182559;1206@41616829:0.103038;1202@2117940130:0.848422|67@0.595742,0.105206,0.194191,0.352805,0.659201,0.779597,0.564137,0.062579,0.391611,0.056142,0.773314;56@0.189765,0.273513,0.264056,0.145828,0.932416,0.021049,0.575408,0.269308,0.256789,0.599734,0.384146,0.834242;73@0.436746,0.560127;38@0.635484,0.862947,0.396163,0.80911,0.918518,0.749002,0.127202,0.394367,0.130707,0.577574;1@;14@0.081458,0.707464,0.466259,0.471954,0.66608,0.263474,0.036195,0.042106,0.144149;41@;32@0.563366,0.006724,0.414428,0.738409;70@0.486081,0.834453,0.309078,0.290567;43@0.736349,0.584799,0.323264,0.337957,0.068852,0.099105,0.76903,0.87049,0.182745,0.622713,0.832728;65@0.760098,0.671299,0.749806,0.109803;20@0.041076,0.408539,0.215641,0.060583;40@0.55195,0.366418,0.282226;100@0.39309;37@0.982964,0.344857,0.690717,0.34948,0.863631,0.663469,0.575085,0.706424,0.038816,0.062889,0.64625,0.118236,0.873478;27@0.944272,0.258925,0.181815,0.620155,0.85664,0.743642,0.087842;92@0.32211,0.014439,0.088662,0.277373,0.155716;10@0.970022,0.376826,0.269619,0.782093,0.186834,0.143281,0.586082,0.185354,0.62964,0.293543,0.206339,0.319559;75@0.409801,0.086379,0.503624,0.316092,0.771556,0.987346,0.567346,0.390249,0.482996,0.476535;84@0.251805,0.413323,0.423204,0.859302,0.502833,0.942173,0.348597,0.187585,0.727591,0.905734,0.265265;82@0.072495;47@0.55147,0.116396,0.788009,0.826943,0.883058,0.927249,0.947974,0.734603,0.553096,0.45187,0.388576;9@0.867343,0.956973,0.295361,0.725965,0.108605,0.298987,0.356068,0.854583,0.418429,0.168711,0.940366;39@0.997567,0.972725,0.070098,0.909633,0.810393,0.505636,0.415008,0.868699,0.159807;88@0.501305,0.015094,0.328,0.344442,0.590599,0.57656,0.287501;30@0.159846,0.785345,0.928765,0.799813,0.123987,0.636873,0.108169,0.399456,0.537417,0.385649|0|1762487393
I20251108 00:02:58.879902 139717798590272 data_text_parser.cc:116] beg_pos: 12892,end_pos: 15102
I20251108 00:02:58.879914 139717798590272 data_text_parser.cc:59] line: 812|824|1720@368259861:0.086622;1185@3139748962:0.003916;1587@1317126102:0.942381;1048@2290599281:0.191197;1413@3291262665:0.963078;1472@555156971:0.470858;1861@590049815:0.493515;1430@1994787187:0.953406;1384@3919565849:0.010467;1829@493440794:0.843577;1635@1620230513:0.724036;1785@3678425632:0.151092;1712@1940042837:0.678691;1116@3200171008:0.823539;1010@795727562:0.702692;1371@2627292379:0.31967;1381@134009987:0.622805;1736@3442613856:0.045344;1206@2938010378:0.133241;1202@363342922:0.195257|67@0.982522,0.265839,0.801062,0.039014,0.08452,0.119345,0.354208,0.52474,0.952676,0.847003,0.796804;56@0.588137,0.284771,0.055534,0.574183,0.660384,0.487206,0.968077,0.900101,0.90811,0.306702,0.555354,0.648923;73@0.624721,0.573514;38@0.881407,0.673685,0.368604,0.783499,0.918123,0.054081,0.145796,0.110559,0.517728,0.001859;1@;14@0.984806,0.16582,0.379937,0.074314,0.60279,0.674089,0.282857,0.517262,0.716096;41@;32@0.953174,0.102349,0.460722,0.882395;70@0.31303,0.807717,0.321441,0.959512;43@0.495141,0.812965,0.620018,0.012636,0.788978,0.217723,0.283019,0.152687,0.957487,0.816778,0.942972;65@0.880057,0.988936,0.543312,0.249397;20@0.573784,0.961498,0.403609,0.976853;40@0.22054,0.643565,0.557275;100@0.160305;37@0.402076,0.609587,0.791441,0.572473,0.286543,0.746686,0.00111,0.35796,0.692427,0.342242,0.282322,0.532577,0.179608;27@0.16774,0.436146,0.205084,0.827023,0.779168,0.601811,0.329018;92@0.937098,0.866242,0.464262,0.889861,0.837499;10@0.731648,0.533047,0.828105,0.378816,0.004055,0.274218,0.880706,0.126483,0.581943,0.792798,0.215461,0.68872;75@0.951458,0.614878,0.255297,0.054514,0.250307,0.571541,0.629229,0.09591,0.559403,0.89627;84@0.946367,0.279356,0.197862,0.819967,0.58031,0.007067,0.517238,0.154511,0.871581,0.143547,0.390896;82@0.425456;47@0.672779,0.906066,0.975481,0.462605,0.513706,0.761931,0.155235,0.448362,0.176857,0.499988,0.53161;9@0.601716,0.420274,0.067621,0.993888,0.071616,0.24641,0.261975,0.585774,0.768161,0.672613,0.879184;39@0.631942,0.104363,0.940377,0.135201,0.967339,0.484086,0.317934,0.925076,0.128596;88@0.779261,0.410377,0.272237,0.133867,0.597778,0.501917,0.727773;30@0.704541,0.791403,0.29355,0.673478,0.65802,0.052754,0.649129,0.768712,0.13464,0.220168|1|1762487393
I20251108 00:02:58.879950 139717798590272 data_text_parser.cc:116] beg_pos: 15103,end_pos: 17305
I20251108 00:02:58.879969 139717798590272 data_text_parser.cc:59] line: 813|33|1720@1145046197:0.665638;1185@1823721054:0.601355;1587@890904573:0.225523;1048@1226550563:0.726484;1413@1734091497:0.392691;1472@1421320463:0.795616;1861@2116316874:0.047916;1430@4008775685:0.222571;1384@494300350:0.991476;1829@998869518:0.907506;1635@333547026:0.130189;1785@2585630810:0.978883;1712@130794710:0.011562;1116@646576759:0.75016;1010@4085408523:0.753756;1371@392041706:0.222288;1381@1488490474:0.100129;1736@3391228595:0.701624;1206@2944192318:0.59837;1202@2390674494:0.713779|67@0.223518,0.021007,0.76067,0.80034,0.040202,0.127169,0.299615,0.033796,0.361462,0.645123,0.561588;56@0.016721,0.202664,0.37998,0.802685,0.489177,0.491943,0.481243,0.432392,0.380543,0.558444,0.474147,0.749896;73@0.997525,0.15113;38@0.251601,0.912785,0.321246,0.706737,0.502642,0.645672,0.685283,0.530835,0.602583,0.874426;1@;14@0.650015,0.905969,0.958743,0.503146,0.292587,0.748297,0.395345,0.334257,0.637618;41@;32@0.124254,0.396995,0.264504,0.763021;70@0.492429,0.845371,0.756044,0.329639;43@0.678036,0.512933,0.505488,0.414991,0.618304,0.892693,0.624792,0.136455,0.77188,0.261892,0.962637;65@0.78412,0.877063,0.626951,0.438636;20@0.425034,0.99224,0.498654,0.759454;40@0.703977,0.334571,0.017129;100@0.084591;37@0.687608,0.543003,0.079588,0.180211,0.081209,0.466742,0.914317,0.023468,0.90943,0.413295,0.324496,0.886124,0.222553;27@0.632158,0.30055,0.108476,0.491388,0.5532,0.210087,0.498666;92@0.016926,0.927105,0.24192,0.983983,0.175718;10@0.74423,0.569663,0.51296,0.935584,0.554382,0.902179,0.68728,0.402098,0.234761,0.977136,0.832881,0.304523;75@0.52998,0.113333,0.510327,0.617892,0.759068,0.141496,0.255591,0.965894,0.980999,0.097764;84@0.193488,0.929662,0.048268,0.754152,0.47134,0.555094,0.25905,0.991927,0.188176,0.699387,0.087815;82@0.619941;47@0.542324,0.014818,0.552469,0.572047,0.098604,0.642644,0.624964,0.204611,0.933757,0.411586,0.803726;9@0.440873,0.315699,0.878274,0.089739,0.027303,0.847594,0.204529,0.022202,0.446976,0.908446,0.78462;39@0.570613,0.714335,0.09971,0.476188,0.331749,0.102604,0.517867,0.9374,0.359554;88@0.363154,0.06238,0.943837,0.65826,0.577527,0.100959,0.247463;30@0.407175,0.400877,0.432294,0.950669,0.776692,0.619854,0.14349,0.443593,0.803369,0.059584|1|1762487393
I20251108 00:02:58.880000 139717798590272 data_text_parser.cc:116] beg_pos: 17306,end_pos: 19518
I20251108 00:02:58.880012 139717798590272 data_text_parser.cc:59] line: 814|592|1720@4075977064:0.747687;1185@279138089:0.291476;1587@199899788:0.190707;1048@1707772417:0.530114;1413@3582747784:0.801387;1472@2439646583:0.077657;1861@3899489345:0.728482;1430@1270807989:0.710945;1384@1909115534:0.151937;1829@675864145:0.361193;1635@1868410324:0.716263;1785@3322797446:0.652262;1712@3756893552:0.26098;1116@805270804:0.603709;1010@354255629:0.668772;1371@3757240614:0.427391;1381@1707772417:0.593072;1736@2299722561:0.971335;1206@2856987687:0.990189;1202@477314283:0.53041|67@0.355996,0.880208,0.481364,0.23977,0.033036,0.679661,0.157726,0.234602,0.572157,0.721801,0.691233;56@0.823076,0.651961,0.483591,0.964323,0.412525,0.538593,0.797801,0.255402,0.311637,0.622067,0.303635,0.313802;73@0.611949,0.947538;38@0.932952,0.133968,0.815515,0.468155,0.429492,0.258764,0.305112,0.666075,0.264237,0.604665;1@;14@0.476825,0.54351,0.150351,0.359212,0.03257,0.47207,0.993179,0.125638,0.030099;41@;32@0.022711,0.058183,0.64178,0.778978;70@0.54458,0.314572,0.389498,0.518657;43@0.394161,0.025697,0.501774,0.930873,0.741656,0.763885,0.913105,0.613478,0.620798,0.243136,0.550516;65@0.970933,0.002845,0.404941,0.035919;20@0.590247,0.360732,0.804858,0.706239;40@0.348954,0.481878,0.548473;100@0.05382;37@0.764131,0.474675,0.251362,0.896413,0.351104,0.888584,0.18289,0.293354,0.865709,0.080461,0.334138,0.031666,0.292952;27@0.757755,0.213146,0.493491,0.711328,0.676306,0.886904,0.904713;92@0.273947,0.079464,0.71788,0.857128,0.746677;10@0.143157,0.73685,0.807151,0.459588,0.88315,0.779281,0.236058,0.010418,0.066384,0.617275,0.725324,0.871205;75@0.541055,0.914622,0.447729,0.612636,0.398166,0.639271,0.32507,0.996695,0.101516,0.448348;84@0.062968,0.603451,0.860637,0.584164,0.331507,0.366703,0.452308,0.502996,0.601845,0.079623,0.966256;82@0.791543;47@0.991322,0.52623,0.025803,0.138215,0.764337,0.66048,0.061607,0.76288,0.669044,0.02726,0.09911;9@0.206887,0.397373,0.524212,0.310019,0.035366,0.761338,0.960509,0.991341,0.189457,0.865129,0.815108;39@0.083308,0.161805,0.591685,0.393696,0.173726,0.760432,0.812547,0.554169,0.012878;88@0.730017,0.463688,0.004342,0.380964,0.690755,0.920463,0.579726;30@0.675606,0.073011,0.163399,0.031366,0.668601,0.408059,0.186699,0.867918,0.115317,0.611431|0|1762487393
I20251108 00:02:58.880044 139717798590272 data_text_parser.cc:116] beg_pos: 19519,end_pos: 20480
I20251108 00:02:58.880317 139717798590272 data_text_parser.cc:101] get chunk buffer, size: 20480
I20251108 00:02:58.880341 139717798590272 data_text_parser.cc:116] beg_pos: 0,end_pos: 1247
I20251108 00:02:58.880349 139717798590272 data_text_parser.cc:61] buffer line: 815|204|1720@520419938:0.290555;1185@2900184811:0.771928;1587@2185157619:0.000912;1048@62759765:0.17427;1413@354255629:0.151663;1472@2098649154:0.420206;1861@397407721:0.051439;1430@3994503766:0.735134;1384@2783975356:0.961852;1829@2266140518:0.493366;1635@1994787187:0.581013;1785@3075782343:0.585665;1712@4237006980:0.441493;1116@373105343:0.772912;1010@3675538007:0.052185;1371@2416472536:0.030401;1381@3608278465:0.641977;1736@3906533850:0.855217;1206@4015873151:0.654577;1202@3427648626:0.749561|67@0.559771,0.117733,0.222357,0.410847,0.49511,0.98222,0.840551,0.149592,0.838549,0.646422,0.275953;56@0.973495,0.43557,0.240236,0.812351,0.832355,0.820202,0.819712,0.315364,0.171625,0.363045,0.334147,0.500981;73@0.65711,0.449158;38@0.214754,0.561999,0.101795,0.113794,0.009955,0.339892,0.865842,0.224717,0.135508,0.294046;1@;14@0.203488,0.32857,0.146001,0.605213,0.393896,0.103637,0.731271,0.844099,0.534041;41@;32@0.548782,0.659541,0.870963,0.871798;70@0.862566,0.895223,0.228259,0.306196;43@0.647225,0.093925,0.397109,0.618507,0.868944,0.38486,0.394017,0.934725,0.073551,0.079765,0.063443;65@0.57388,0.53132,0.607153,0.4776;20@0.771133,0.328743,0.999665,0.584542;40@0.308193,0.142782,0.093381;100@0.233636;37@0.232311,0.729789,0.998963,0.950053,0.399555,0.937905,0.449214,0.280159,0.63766,0.220854,0.318379,0.101877,0.735255;27@0.07523,0.992275,0.521353,0.023393,0.223466,0.832666,0.847572;92@0.661316,0.017284,0.239763,0.149987,0.216448;10@0.065771,0.257475,0.419188,0.856644,0.331467,0.740797,0.625807,0.652955,0.917225,0.470142,0.720377,0.416847;75@0.662279,0.121281,0.732088,0.4221,0.328137,0.566692,0.265306,0.423532,0.009681,0.227162;84@0.362346,0.869359,0.280269,0.611376,0.369413,0.058886,0.686567,0.189281,0.876463,0.474625,0.404491;82@0.789114;47@0.396802,0.365125,0.17219,0.588002,0.393651,0.156349,0.461262,0.589711,0.414632,0.696865,0.243213;9@0.469172,0.565226,0.479981,0.253018,0.200747,0.703751,0.785648,0.130484,0.814649,0.90812,0.79688;39@0.912714,0.654117,0.924086,0.329424,0.218331,0.258873,0.109654,0.207536,0.094051;88@0.015759,0.682493,0.891555,0.747653,0.035545,0.066072,0.452965;30@0.056717,0.178642,0.0959,0.627131,0.65326,0.9852,0.328037,0.672804,0.043183,0.208836|1|1762487393
I20251108 00:02:58.880390 139717798590272 data_text_parser.cc:116] beg_pos: 1248,end_pos: 3456
I20251108 00:02:58.880403 139717798590272 data_text_parser.cc:59] line: 816|86|1720@1369515345:0.188425;1185@4139344546:0.821158;1587@1249083067:0.340425;1048@610789712:0.432614;1413@673277178:0.893555;1472@1427212399:0.49426;1861@1624009053:0.312062;1430@2501294777:0.694047;1384@4069768055:0.265146;1829@4167835561:0.009818;1635@3210018324:0.354654;1785@2222706849:0.394336;1712@671305384:0.540523;1116@1251768018:0.043343;1010@1915636997:0.196979;1371@2148542577:0.448745;1381@2016839027:0.796951;1736@2361402931:0.725363;1206@1719448150:0.772968;1202@3141901629:0.208445|67@0.538862,0.577939,0.39731,0.53848,0.019052,0.639662,0.6898,0.279554,0.354088,0.539112,0.075542;56@0.932286,0.800698,0.753356,0.375084,0.198919,0.788356,0.536811,0.957185,0.372684,0.152881,0.315658,0.468517;73@0.945051,0.353673;38@0.618838,0.287558,0.43014,0.72742,0.05106,0.240164,0.609187,0.635329,0.954715,0.998051;1@;14@0.233156,0.899202,0.226317,0.069085,0.046907,0.244899,0.029572,0.078661,0.836706;41@;32@0.198785,0.143311,0.648419,0.112661;70@0.467499,0.012769,0.407381,0.125753;43@0.339423,0.4475,0.559596,0.870094,0.956201,0.243941,0.516712,0.056916,0.588308,0.460875,0.437594;65@0.140101,0.20762,0.392675,0.671958;20@0.409933,0.733279,0.657932,0.587725;40@0.90564,0.137086,0.580706;100@0.594063;37@0.321542,0.236268,0.111334,0.283868,0.68155,0.808444,0.500976,0.804387,0.940868,0.598579,0.716494,0.399378,0.917206;27@0.823309,0.366654,0.57779,0.03064,0.573608,0.269004,0.736153;92@0.022535,0.668862,0.976876,0.028894,0.252935;10@0.588247,0.424343,0.457229,0.20588,0.634933,0.734873,0.374745,0.280399,0.375694,0.655166,0.527805,0.60522;75@0.478765,0.145455,0.299834,0.801409,0.533597,0.27885,0.719684,0.884617,0.246664,0.70271;84@0.768184,0.918489,0.777116,0.737238,0.515978,0.094058,0.129448,0.858662,0.435425,0.936169,0.476792;82@0.412855;47@0.04852,0.158992,0.426579,0.916059,0.23945,0.132673,0.109669,0.981846,0.339056,0.659879,0.597023;9@0.695719,0.152541,0.392443,0.253287,0.764812,0.27216,0.59663,0.350097,0.080663,0.762766,0.331941;39@0.739576,0.427214,0.808845,0.956506,0.844685,0.877391,0.76446,0.000151,0.116154;88@0.670501,0.006696,0.375775,0.732969,0.965333,0.350973,0.243449;30@0.942748,0.85514,0.237843,0.443415,0.415684,0.262402,0.436599,0.639768,0.281744,0.780205|1|1762487393
I20251108 00:02:58.880442 139717798590272 data_text_parser.cc:116] beg_pos: 3457,end_pos: 5678
I20251108 00:02:58.880454 139717798590272 data_text_parser.cc:59] line: 817|616|1720@201403854:0.280702;1185@1904255997:0.377853;1587@2528429304:0.13323;1048@2313738262:0.467578;1413@359875142:0.062594;1472@1321576776:0.019176;1861@4257576997:0.474003;1430@1639601681:0.494205;1384@625844470:0.610006;1829@423785485:0.335874;1635@2863359553:0.663891;1785@1991102910:0.940174;1712@2552617614:0.090601;1116@2524260800:0.355588;1010@2218196935:0.801792;1371@3418914267:0.745875;1381@3283225882:0.150453;1736@2550238751:0.537812;1206@909434073:0.817592;1202@1442936784:0.364316|67@0.398408,0.321513,0.716355,0.001423,0.577011,0.570329,0.687865,0.912984,0.954372,0.153746,0.04151;56@0.657868,0.821118,0.278921,0.957532,0.357194,0.524231,0.159523,0.280722,0.282431,0.091901,0.650017,0.310002;73@0.090756,0.253477;38@0.367939,0.040208,0.979125,0.594598,0.470374,0.546976,0.025633,0.232634,0.377253,0.033912;1@;14@0.516625,0.913182,0.954003,0.814203,0.798155,0.683141,0.451397,0.382584,0.802002;41@;32@0.487614,0.515874,0.549398,0.163985;70@0.318204,0.238702,0.305929,0.856856;43@0.849141,0.005775,0.619586,0.121406,0.007412,0.411928,0.021563,0.515165,0.067994,0.970725,0.471559;65@0.738637,0.493533,0.013228,0.135038;20@0.618829,0.435225,0.167422,0.921286;40@0.257424,0.042289,0.142287;100@0.614707;37@0.313243,0.970858,0.664991,0.167819,0.897466,0.196503,0.49609,0.561103,0.870722,0.102216,0.570564,0.761669,0.312736;27@0.137891,0.90166,0.429604,0.188227,0.162911,0.635853,0.809267;92@0.893903,0.626334,0.216801,0.684014,0.36936;10@0.072996,0.153528,0.155263,0.646404,0.327923,0.17129,0.475012,0.647196,0.371489,0.515815,0.343561,0.012792;75@0.248089,0.387852,0.745161,0.781475,0.273873,0.703923,0.54165,0.186144,0.082326,0.062699;84@0.760248,0.926123,0.292054,0.323777,0.319485,0.312017,0.341271,0.111712,0.846978,0.139677,0.278843;82@0.572759;47@0.909356,0.315113,0.002557,0.929369,0.722307,0.318535,0.337079,0.665308,0.536114,0.031629,0.959609;9@0.396576,0.633558,0.680116,0.600922,0.944081,0.532752,0.668929,0.745466,0.671054,0.631633,0.295741;39@0.412981,0.251423,0.183675,0.255251,0.329379,0.702097,0.29598,0.72825,0.215239;88@0.457863,0.422472,0.093002,0.177774,0.397564,0.365004,0.531656;30@0.924963,0.63798,0.213483,0.282553,0.02816,0.217202,0.885995,0.523904,0.755943,0.569785|0|1762487393
I20251108 00:02:58.880490 139717798590272 data_text_parser.cc:116] beg_pos: 5679,end_pos: 7899
I20251108 00:02:58.880514 139717798590272 data_text_parser.cc:59] line: 818|966|1720@3454775141:0.765785;1185@3004091200:0.735954;1587@2308340458:0.5579;1048@3298328778:0.620618;1413@2168199671:0.649253;1472@1073847293:0.420615;1861@1737232494:0.913346;1430@187762432:0.471898;1384@145863308:0.540008;1829@2006706617:0.903866;1635@203210986:0.013956;1785@2601605063:0.906475;1712@1058554225:0.818463;1116@1050409069:0.870643;1010@4189938414:0.045861;1371@3782732394:0.346902;1381@873793405:0.896444;1736@3597049284:0.400477;1206@3757060674:0.124795;1202@3946760336:0.113914|67@0.472095,0.669437,0.698037,0.080537,0.899827,0.596389,0.835057,0.986935,0.307106,0.814123,0.009763;56@0.873092,0.724524,0.461862,0.648511,0.793137,0.385922,0.916987,0.989779,0.908557,0.339402,0.33416,0.489227;73@0.571317,0.837985;38@0.833466,0.298932,0.298252,0.661571,0.277346,0.465133,0.584861,0.82483,0.591605,0.327107;1@;14@0.877052,0.441494,0.131108,0.487897,0.931255,0.391728,0.302591,0.41576,0.005477;41@;32@0.446446,0.90608,0.681968,0.464594;70@0.517499,0.530502,0.443635,0.151951;43@0.133492,0.484227,0.563133,0.988637,0.280579,0.463606,0.044684,0.196285,0.865348,0.250629,0.078473;65@0.661009,0.691124,0.694454,0.863335;20@0.701161,0.852104,0.370629,0.002412;40@0.138523,0.992119,0.292783;100@0.940252;37@0.256981,0.830926,0.457561,0.065881,0.179038,0.235386,0.007781,0.311636,0.482248,0.883965,0.469739,0.111343,0.885808;27@0.655223,0.480946,0.914972,0.391754,0.243962,0.094665,0.013756;92@0.274756,0.050071,0.682179,0.863117,0.571806;10@0.425014,0.56375,0.241555,0.665311,0.761406,0.727697,0.858621,0.619067,0.236365,0.947852,0.23197,0.743825;75@0.583961,0.35388,0.524062,0.324405,0.900092,0.820554,0.496489,0.212472,0.604997,0.718257;84@0.014921,0.571446,0.588799,0.644931,0.094545,0.939274,0.271597,0.960455,0.130513,0.70217,0.476093;82@0.475681;47@0.173421,0.330143,0.606906,0.843817,0.669004,0.643116,0.742581,0.678255,0.676796,0.727385,0.794267;9@0.240548,0.61913,0.577625,0.984386,0.644282,0.194585,0.083374,0.755075,0.146383,0.161775,0.221828;39@0.140206,0.716335,0.927299,0.854422,0.865034,0.906488,0.500198,0.330598,0.294145;88@0.318623,0.529911,0.916951,0.918594,0.268225,0.720694,0.159166;30@0.229263,0.66566,0.540855,0.143598,0.244549,0.686982,0.292045,0.690063,0.409944,0.00806|1|1762487393
I20251108 00:02:58.880555 139717798590272 data_text_parser.cc:116] beg_pos: 7900,end_pos: 10112
I20251108 00:02:58.880569 139717798590272 data_text_parser.cc:59] line: 819|49|1720@120166187:0.26717;1185@3532937832:0.357596;1587@3025910430:0.01021;1048@4119242439:0.579218;1413@931371238:0.685615;1472@2881189206:0.630313;1861@119318979:0.729325;1430@3542003989:0.087497;1384@2092910631:0.1752;1829@2197941819:0.658616;1635@3452647197:0.939276;1785@2642466374:0.540479;1712@455813843:0.162589;1116@3696529101:0.828704;1010@1448249561:0.123279;1371@1598267763:0.383845;1381@2363959621:0.782885;1736@3942895435:0.237788;1206@2063956429:0.612706;1202@3415635592:0.906877|67@0.944864,0.553502,0.562395,0.719591,0.34425,0.102946,0.751819,0.768516,0.079612,0.004208,0.359629;56@0.432599,0.785958,0.572003,0.62599,0.489611,0.973473,0.763219,0.839895,0.627398,0.916306,0.510394,0.869663;73@0.084952,0.165821;38@0.602664,0.95684,0.12272,0.186617,0.891526,0.386838,0.036868,0.748859,0.932394,0.462543;1@;14@0.686308,0.937257,0.151262,0.577353,0.577853,0.968959,0.669819,0.229842,0.059349;41@;32@0.726215,0.388882,0.978074,0.940243;70@0.30632,0.211627,0.535148,0.251407;43@0.306957,0.685445,0.817622,0.921276,0.833146,0.19969,0.007499,0.921162,0.910609,0.281824,0.204733;65@0.663167,0.744272,0.383362,0.091111;20@0.387378,0.413945,0.806268,0.967344;40@0.948331,0.141246,0.24587;100@0.635542;37@0.153679,0.897866,0.584822,0.1272,0.063748,0.922305,0.889604,0.112473,0.886224,0.230638,0.410382,0.634066,0.151287;27@0.759353,0.167755,0.224364,0.10826,0.847054,0.914238,0.266899;92@0.670082,0.096374,0.44313,0.543607,0.044554;10@0.969551,0.268203,0.838937,0.600009,0.464521,0.648297,0.816569,0.574223,0.324758,0.52706,0.113595,0.886155;75@0.283296,0.748443,0.8614,0.919329,0.313621,0.446938,0.999027,0.117677,0.722472,0.001858;84@0.814142,0.863639,0.486587,0.353644,0.257811,0.946859,0.645615,0.459788,0.80049,0.399463,0.948644;82@0.280645;47@0.802446,0.673411,0.805836,0.284519,0.955319,0.131015,0.146881,0.891297,0.151283,0.937669,0.241386;9@0.680103,0.904351,0.860814,0.503936,0.030782,0.019952,0.679963,0.530405,0.038133,0.503601,0.130779;39@0.153801,0.085454,0.044603,0.581607,0.533744,0.504503,0.659348,0.655176,0.519938;88@0.184701,0.301536,0.803551,0.072833,0.706739,0.550348,0.665506;30@0.796521,0.276581,0.477436,0.823842,0.415944,0.436347,0.994199,0.770479,0.080569,0.61373|1|1762487393
I20251108 00:02:58.880610 139717798590272 data_text_parser.cc:116] beg_pos: 10113,end_pos: 12327
I20251108 00:02:58.880623 139717798590272 data_text_parser.cc:59] line: 820|608|1720@749782635:0.750325;1185@3885438107:0.782205;1587@1304831208:0.944717;1048@1453661652:0.710962;1413@2426558407:0.537156;1472@3545526605:0.930013;1861@365614222:0.387479;1430@93288364:0.512408;1384@2355948384:0.634526;1829@1011642731:0.016482;1635@2097500523:0.842941;1785@1489936558:0.626125;1712@1619862815:0.49587;1116@2638495928:0.771032;1010@2277786272:0.005758;1371@2828662277:0.09079;1381@362475872:0.40205;1736@3380624910:0.358672;1206@3779792056:0.61494;1202@1019887245:0.547736|67@0.626221,0.350349,0.224188,0.758161,0.765871,0.334133,0.330502,0.107087,0.520661,0.206064,0.777335;56@0.324339,0.10364,0.5705,0.364597,0.905736,0.79281,0.416573,0.149882,0.207214,0.170963,0.727908,0.379604;73@0.510188,0.402113;38@0.401181,0.272028,0.24359,0.866042,0.290231,0.164107,0.391984,0.648637,0.199113,0.162562;1@;14@0.3174,0.330451,0.342052,0.927694,0.495351,0.272236,0.600482,0.083426,0.628681;41@;32@0.545496,0.486779,0.501234,0.391526;70@0.190604,0.899485,0.259267,0.939139;43@0.014907,0.799908,0.673227,0.171851,0.115205,0.668715,0.09699,0.127206,0.498273,0.586571,0.463809;65@0.957995,0.388086,0.676705,0.238208;20@0.806591,0.359237,0.980534,0.301867;40@0.196182,0.433012,0.669988;100@0.575074;37@0.471189,0.910313,0.197116,0.70227,0.266819,0.038537,0.830655,0.704251,0.062951,0.993854,0.106547,0.766961,0.166821;27@0.044958,0.526289,0.478562,0.395638,0.553065,0.338532,0.832839;92@0.076912,0.848058,0.415844,0.438671,0.902349;10@0.268954,0.883646,0.407552,0.478167,0.081604,0.697686,0.933207,0.368305,0.123115,0.742279,0.241642,0.297368;75@0.694089,0.582332,0.32493,0.269219,0.167169,0.715106,0.349461,0.577823,0.836477,0.81301;84@0.864259,0.718902,0.092328,0.205259,0.583064,0.386741,0.288951,0.470031,0.852587,0.751533,0.758999;82@0.915641;47@0.282189,0.624057,0.205309,0.184317,0.522846,0.447541,0.427253,0.589449,0.629385,0.802021,0.622322;9@0.653807,0.16296,0.691328,0.303004,0.573982,0.647493,0.733765,0.146467,0.555148,0.509406,0.583431;39@0.071226,0.199059,0.819287,0.840834,0.506622,0.648142,0.135249,0.229445,0.835551;88@0.69709,0.695127,0.729021,0.178976,0.087041,0.877453,0.982197;30@0.899123,0.266292,0.653668,0.759241,0.275903,0.44933,0.551869,0.892972,0.606187,0.449868|0|1762487393
I20251108 00:02:58.880654 139717798590272 data_text_parser.cc:116] beg_pos: 12328,end_pos: 14516
I20251108 00:02:58.880670 139717798590272 data_text_parser.cc:59] line: 821|124|1720@3095432747:0.299753;1185@392311584:0.484882;1587@3437032082:0.050011;1048@2236772131:0.369595;1413@1776355588:0.048737;1472@993220958:0.875628;1861@2621952473:0.486781;1430@3564209763:0.071201;1384@145735808:0.712024;1829@2620939206:0.845458;1635@1219066350:0.941529;1785@1425665161:0.961757;1712@375927339:0.633353;1116@3584698208:0.166868;1010@4022481644:0.67666;1371@1377960606:0.520847;1381@112656796:0.193934;1736@1443126560:0.223377;1206@918084095:0.285521;1202@3229459049:0.42137|67@0.457,0.92771,0.756491,0.35366,0.853669,0.282039,0.434682,0.71477,0.58864,0.897866,0.675255;56@0.237729,0.884225,0.508362,0.932346,0.747502,0.378415,0.943882,0.540763,0.924275,0.260384,0.24921,0.417136;73@0.586886,0.845943;38@0.744117,0.396213,0.43937,0.858788,0.021478,0.963097,0.08613,0.852139,0.29352,0.008949;1@;14@0.368961,0.636988,0.431926,0.137218,0.893787,0.00456,0.920746,0.54878,0.939678;41@;32@0.464151,0.6153,0.801524,0.996209;70@0.649599,0.125063,0.681637,0.254606;43@0.271548,0.146067,0.172321,0.443282,0.365397,0.056,0.343682,0.364442,0.39039,0.690921,0.070917;65@0.98976,0.913059,0.830229,0.103396;20@0.837397,0.43702,0.918339,0.476266;40@0.314976,0.73276,0.728508;100@0.674002;37@0.003893,0.43536,0.289366,0.796498,0.599552,0.039689,0.250281,0.339672,0.822525,0.488549,0.664601,0.405352,0.092742;27@0.352024,0.4449,0.991439,0.275495,0.612324,0.110198,0.8623;92@0.769237,0.313544,0.059412,0.758571,0.027802;10@0.585709,0.619209,0.208934,0.547315,0.118785,0.540611,0.205034,0.853838,0.693962,0.649174,0.541037,0.054331;75@0.294025,0.254663,0.35719,0.228314,0.783456,0.459207,0.155604,0.06394,0.782626,0.418052;84@0.521302,0.080726,0.118452,0.388223,0.635908,0.160844,0.580755,0.533333,0.962172,0.114152,0.514804;82@0.549369;47@0.351797,0.762909,0.431251,0.559925,0.984429,0.067187,0.998153,0.860463,0.078692,0.881758,0.227061;9@0.276436,0.694904,0.397316,0.452474,0.510139,0.157222,0.938655,0.264176,0.52559,0.481252,0.569481;39@0.78477,0.722137,0.61803,0.060108,0.269946,0.6157,0.19159,0.640596,0.419556;88@0.576408,0.204666,0.538842,0.262015,0.572351,0.94,0.664129;30@0.99352,0.550714,0.935711,0.266879,0.199099,0.103094,0.08542,0.596783,0.427191,0.818804|0|1762487393
I20251108 00:02:58.880707 139717798590272 data_text_parser.cc:116] beg_pos: 14517,end_pos: 16728
I20251108 00:02:58.880720 139717798590272 data_text_parser.cc:59] line: 822|243|1720@1682073232:0.592126;1185@2542664447:0.607239;1587@134217086:0.058851;1048@229617862:0.16703;1413@3988505151:0.684562;1472@2372009817:0.704443;1861@1299231955:0.185814;1430@796752603:0.222434;1384@4085263898:0.727625;1829@3082969817:0.727566;1635@791242046:0.760524;1785@2648382923:0.150453;1712@3073017617:0.311632;1116@1954009903:0.974653;1010@3843235055:0.189339;1371@773885196:0.095223;1381@2570286236:0.589636;1736@625844470:0.762035;1206@1908076930:0.174019;1202@4281452621:0.930172|67@0.531134,0.161865,0.503917,0.354341,0.356105,0.807266,0.315471,0.98877,0.769793,0.263943,0.040713;56@0.247042,0.572722,0.372372,0.463554,0.862531,0.061019,0.786599,0.214849,0.238885,0.61485,0.994213,0.584762;73@0.056764,0.062202;38@0.93458,0.951631,0.118246,0.230576,0.809503,0.951709,0.765626,0.235588,0.018291,0.926117;1@;14@0.40618,0.167098,0.141064,0.443774,0.972117,0.719693,0.510043,0.972301,0.127188;41@;32@0.576719,0.381344,0.962945,0.644385;70@0.174032,0.554933,0.010023,0.663413;43@0.355439,0.239422,0.826683,0.924256,0.693747,0.104609,0.012434,0.147535,0.940769,0.644277,0.789453;65@0.755137,0.650709,0.892079,0.804769;20@0.750652,0.721525,0.083535,0.676401;40@0.165729,0.310703,0.348596;100@0.460339;37@0.615943,0.121568,0.297603,0.894988,0.050672,0.805868,0.844807,0.611158,0.23384,0.451039,0.028556,0.66894,0.674721;27@0.213638,0.329348,0.174543,0.798887,0.403197,0.327842,0.157573;92@0.379777,0.652647,0.924928,0.887507,0.292441;10@0.768571,0.327176,0.98552,0.29967,0.935969,0.659664,0.684352,0.176667,0.625548,0.35002,0.132678,0.217319;75@0.856215,0.134882,0.812665,0.674218,0.267843,0.262595,0.837144,0.994693,0.689907,0.247402;84@0.136702,0.714751,0.907988,0.875267,0.095942,0.391226,0.980965,0.20264,0.314866,0.771108,0.608624;82@0.255878;47@0.311566,0.621519,0.421293,0.959245,0.151766,0.582631,0.672365,0.689152,0.058494,0.246517,0.492285;9@0.197899,0.266983,0.943282,0.606633,0.729485,0.267578,0.330188,0.714445,0.708468,0.917373,0.783197;39@0.036343,0.309911,0.979167,0.067535,0.73837,0.319456,0.552753,0.095109,0.873328;88@0.205027,0.179838,0.810706,0.26761,0.71536,0.54325,0.535802;30@0.339,0.984728,0.600035,0.319073,0.674075,0.860609,0.520533,0.74934,0.701665,0.39138|1|1762487393
I20251108 00:02:58.880755 139717798590272 data_text_parser.cc:116] beg_pos: 16729,end_pos: 18933
I20251108 00:02:58.880767 139717798590272 data_text_parser.cc:59] line: 823|521|1720@3013968117:0.286953;1185@3502059717:0.76342;1587@1035416586:0.400395;1048@3620479216:0.91866;1413@2421871798:0.127924;1472@2273150916:0.671056;1861@2552329071:0.18643;1430@3767745888:0.149915;1384@742246423:0.064324;1829@610299331:0.990244;1635@3597049284:0.383892;1785@2252935401:0.736204;1712@4134451299:0.651067;1116@2879892254:0.676372;1010@56934665:0.01501;1371@2152801322:0.733886;1381@2190393310:0.326643;1736@3242466675:0.5311;1206@1880997759:0.916607;1202@768148391:0.457716|67@0.23964,0.260373,0.473654,0.61764,0.980753,0.706019,0.041743,0.629447,0.027953,0.582298,0.174782;56@0.803549,0.714014,0.509195,0.755765,0.174872,0.101357,0.839722,0.18707,0.270296,0.190543,0.298661,0.707385;73@0.212437,0.72615;38@0.558948,0.346501,0.006359,0.939528,0.242224,0.18018,0.967474,0.900186,0.58703,0.717363;1@;14@0.051787,0.704181,0.730155,0.522628,0.659783,0.218756,0.250964,0.397283,0.360939;41@;32@0.302014,0.684071,0.057216,0.762091;70@0.489296,0.708385,0.001031,0.09433;43@0.719772,0.960031,0.282734,0.653347,0.689776,0.264794,0.896166,0.192069,0.941209,0.032341,0.084241;65@0.588057,0.598149,0.313306,0.887604;20@0.453889,0.962264,0.682796,0.884526;40@0.914895,0.686925,0.628581;100@0.126382;37@0.292758,0.623609,0.571642,0.641828,0.106973,0.912607,0.49563,0.713489,0.477195,0.894336,0.875772,0.980474,0.416306;27@0.338474,0.912813,0.099833,0.076978,0.365224,0.252181,0.173995;92@0.348045,0.54255,0.782415,0.832169,0.146285;10@0.507378,0.880119,0.008869,0.151622,0.869429,0.274081,0.305566,0.164584,0.150448,0.130693,0.24736,0.747327;75@0.448049,0.900277,0.332397,0.468459,0.564439,0.287396,0.066417,0.389074,0.56459,0.275029;84@0.77424,0.742537,0.816367,0.668275,0.198054,0.199623,0.526484,0.815654,0.2664,0.38079,0.984848;82@0.115929;47@0.732321,0.91582,0.261836,0.880016,0.42687,0.260012,0.410744,0.34224,0.281996,0.446408,0.669098;9@0.712628,0.734086,0.590353,0.725247,0.281298,0.131294,0.09278,0.398923,0.489004,0.416076,0.906229;39@0.411244,0.411284,0.031138,0.14456,0.602254,0.098471,0.955385,0.453954,0.632701;88@0.106358,0.601979,0.763639,0.24734,0.611045,0.015083,0.534499;30@0.518472,0.844799,0.607394,0.705186,0.042124,0.15631,0.288988,0.799295,0.940328,0.558678|0|1762487393
I20251108 00:02:58.880800 139717798590272 data_text_parser.cc:116] beg_pos: 18934,end_pos: 20480
I20251108 00:02:58.881044 139717798590272 data_text_parser.cc:101] get chunk buffer, size: 20480
I20251108 00:02:58.881060 139717798590272 data_text_parser.cc:116] beg_pos: 0,end_pos: 666
I20251108 00:02:58.881067 139717798590272 data_text_parser.cc:61] buffer line: 824|357|1720@2778593409:0.426557;1185@2733375464:0.90178;1587@3597495879:0.406462;1048@651411251:0.447509;1413@2143089509:0.667193;1472@1414048772:0.248497;1861@4157037839:0.265023;1430@4089110850:0.737398;1384@3095882905:0.675171;1829@3395367132:0.115314;1635@1994802109:0.884223;1785@1039127057:0.093458;1712@1764848680:0.969603;1116@1064451435:0.438284;1010@104359806:0.999129;1371@2542465700:0.042497;1381@190423980:0.486445;1736@2202387269:0.472461;1206@2533326207:0.377687;1202@3890977543:0.848156|67@0.847204,0.081089,0.987865,0.291925,0.412527,0.315819,0.301335,0.921838,0.988017,0.464517,0.356852;56@0.37451,0.393914,0.103043,0.240992,0.527748,0.786522,0.950168,0.488664,0.691764,0.21296,0.718499,0.406431;73@0.757809,0.335068;38@0.08001,0.723688,0.323363,0.220554,0.92078,0.870452,0.544106,0.843033,0.697924,0.964277;1@;14@0.990664,0.563401,0.781431,0.069991,0.625877,0.401301,0.786277,0.043768,0.575382;41@;32@0.726654,0.83351,0.97379,0.654802;70@0.456604,0.914384,0.247497,0.866239;43@0.229235,0.527204,0.705821,0.215646,0.677845,0.430677,0.063761,0.427596,0.292196,0.531467,0.19449;65@0.732008,0.15551,0.626789,0.368682;20@0.288471,0.992557,0.085356,0.220088;40@0.051309,0.83329,0.877653;100@0.333352;37@0.08041,0.276272,0.745175,0.089282,0.740486,0.297766,0.218819,0.39236,0.60905,0.664346,0.756428,0.204092,0.772003;27@0.018974,0.513759,0.974523,0.821681,0.172389,0.967724,0.259004;92@0.238289,0.950249,0.421785,0.590657,0.976164;10@0.258046,0.714404,0.752795,0.068649,0.036801,0.939744,0.3138,0.349332,0.763225,0.999336,0.658835,0.040227;75@0.809404,0.096112,0.778713,0.172538,0.196719,0.839977,0.619445,0.067457,0.409941,0.987195;84@0.469871,0.409278,0.348067,0.286771,0.74675,0.861009,0.824237,0.799761,0.085782,0.129758,0.131878;82@0.591794;47@0.614982,0.460531,0.325899,0.295402,0.562868,0.144823,0.145548,0.676563,0.27662,0.410594,0.742862;9@0.06419,0.531968,0.52395,0.635328,0.450194,0.914717,0.467821,0.226405,0.624804,0.210957,0.781196;39@0.39186,0.20822,0.221255,0.163702,0.210302,0.718329,0.257002,0.442423,0.881713;88@0.111181,0.290418,0.323818,0.283649,0.807289,0.623202,0.858496;30@0.797663,0.777858,0.420456,0.591788,0.919937,0.04742,0.058816,0.230201,0.899129,0.732103|1|1762487393
I20251108 00:02:58.881108 139717798590272 data_text_parser.cc:116] beg_pos: 667,end_pos: 2868
I20251108 00:02:58.881121 139717798590272 data_text_parser.cc:59] line: 825|813|1720@1571090216:0.898076;1185@2714399475:0.363368;1587@318250579:0.438027;1048@847348872:0.091109;1413@3799317258:0.34183;1472@265420446:0.942247;1861@1530317115:0.767623;1430@4240501450:0.688382;1384@1033049330:0.260117;1829@4124238415:0.609532;1635@403884134:0.68891;1785@3611386577:0.301064;1712@2159953358:0.940085;1116@529722571:0.92712;1010@2255023404:0.080163;1371@4272571220:0.880361;1381@2989076961:0.289607;1736@2294869759:0.651756;1206@2704732941:0.86408;1202@2215466353:0.739855|67@0.236218,0.13844,0.845754,0.24507,0.049245,0.183579,0.014753,0.074808,0.178485,0.147358,0.943749;56@0.045292,0.473192,0.607353,0.88441,0.51377,0.921583,0.044285,0.525016,0.302529,0.643302,0.586801,0.772794;73@0.228302,0.937778;38@0.269408,0.006016,0.872714,0.701699,0.707333,0.958711,0.621069,0.918655,0.468671,0.399348;1@;14@0.725035,0.914501,0.656006,0.843157,0.365499,0.74367,0.430794,0.763583,0.260662;41@;32@0.266834,0.853227,0.653034,0.191434;70@0.10591,0.41554,0.458516,0.575168;43@0.039225,0.406313,0.081599,0.564273,0.818365,0.262879,0.858278,0.364611,0.944487,0.359759,0.784187;65@0.145817,0.721823,0.274669,0.926937;20@0.095142,0.290217,0.971954,0.600628;40@0.487617,0.103756,0.274223;100@0.065762;37@0.660212,0.016527,0.654741,0.482405,0.632851,0.976759,0.005799,0.063507,0.517708,0.546198,0.302868,0.853581,0.124446;27@0.050064,0.028242,0.84211,0.745197,0.764735,0.492042,0.627232;92@0.58074,0.974424,0.563878,0.293993,0.667328;10@0.598801,0.522538,0.130452,0.319692,0.47314,0.619195,0.35113,0.426881,0.404891,0.176438,0.067393,0.342772;75@0.86552,0.102139,0.388288,0.702943,0.921225,0.9354,0.14663,0.07627,0.792498,0.661132;84@0.996115,0.879731,0.43359,0.536029,0.74649,0.89267,0.805141,0.461103,0.452804,0.635096,0.413429;82@0.840177;47@0.353959,0.378489,0.725902,0.526239,0.443934,0.987149,0.184672,0.430154,0.955929,0.514447,0.263208;9@0.507318,0.555859,0.7712,0.021082,0.387209,0.399224,0.602912,0.499271,0.15988,0.093935,0.476533;39@0.391004,0.317356,0.085725,0.921038,0.429197,0.076696,0.653256,0.476541,0.578847;88@0.16248,0.736151,0.04239,0.444219,0.785722,0.952284,0.798016;30@0.224918,0.461245,0.925121,0.27634,0.057618,0.03833,0.882463,0.587026,0.75975,0.732313|1|1762487393
I20251108 00:02:58.881152 139717798590272 data_text_parser.cc:116] beg_pos: 2869,end_pos: 5079
I20251108 00:02:58.881164 139717798590272 data_text_parser.cc:59] line: 826|809|1720@1067044266:0.919372;1185@2176197367:0.060663;1587@1145758144:0.129635;1048@104987565:0.925209;1413@3964394281:0.066416;1472@1022231927:0.037667;1861@615372746:0.676152;1430@1612409415:0.634243;1384@2776092462:0.840927;1829@3983736151:0.011004;1635@752160270:0.922644;1785@2530002644:0.59963;1712@23926290:0.631613;1116@2154765942:0.706229;1010@615372746:0.903307;1371@2846275728:0.287255;1381@3919201719:0.342145;1736@1291146132:0.364098;1206@2351151640:0.470045;1202@711409547:0.016142|67@0.000642,0.197892,0.466575,0.311918,0.991687,0.18796,0.001244,0.56722,0.017226,0.853379,0.159478;56@0.651108,0.957285,0.24603,0.395018,0.528181,0.114903,0.415662,0.736298,0.308224,0.608397,0.551566,0.919002;73@0.377049,0.828503;38@0.597797,0.473321,0.720622,0.856833,0.968707,0.028445,0.331108,0.385146,0.154832,0.313589;1@;14@0.518786,0.396997,0.048172,0.794846,0.209074,0.823911,0.410195,0.677661,0.491731;41@;32@0.696182,0.497485,0.330477,0.767971;70@0.727264,0.945318,0.134246,0.119609;43@0.551012,0.597893,0.350636,0.287596,0.210623,0.042689,0.753579,0.040219,0.288403,0.853325,0.275992;65@0.497976,0.426626,0.457849,0.578262;20@0.985759,0.033207,0.330564,0.164456;40@0.811422,0.440308,0.559437;100@0.818575;37@0.656546,0.670846,0.565307,0.809817,0.99986,0.479455,0.654416,0.007894,0.274885,0.987419,0.281397,0.879997,0.401876;27@0.909329,0.464428,0.716353,0.945661,0.76975,0.726934,0.213931;92@0.6501,0.624751,0.526147,0.417352,0.524621;10@0.686132,0.031766,0.991232,0.899536,0.0455,0.838684,0.749703,0.293012,0.359316,0.879296,0.73824,0.60263;75@0.955147,0.622627,0.167198,0.878963,0.626201,0.931492,0.512238,0.38216,0.418444,0.956058;84@0.84791,0.843603,0.20729,0.630998,0.291594,0.19043,0.320195,0.217314,0.050324,0.996184,0.034311;82@0.762174;47@0.691554,0.712556,0.189144,0.19896,0.047195,0.005243,0.721864,0.720484,0.691133,0.492206,0.430819;9@0.618219,0.520345,0.958451,0.88821,0.042081,0.449294,0.742811,0.807282,0.581933,0.015091,0.583677;39@0.235132,0.226213,0.132404,0.682759,0.695733,0.920976,0.936107,0.111809,0.125269;88@0.845851,0.291621,0.263124,0.523819,0.79272,0.923145,0.60875;30@0.652448,0.664901,0.967556,0.750148,0.466836,0.176707,0.576466,0.583615,0.629409,0.403941|0|1762487393
I20251108 00:02:58.881207 139717798590272 data_text_parser.cc:116] beg_pos: 5080,end_pos: 7297
I20251108 00:02:58.881220 139717798590272 data_text_parser.cc:59] line: 827|318|1720@3783199586:0.768709;1185@1127557543:0.067276;1587@1806003760:0.480639;1048@2248543669:0.633156;1413@1975379685:0.50047;1472@3309011953:0.178277;1861@2104639966:0.018041;1430@2041686772:0.412959;1384@2971311055:0.931589;1829@3082768831:0.944384;1635@3485924587:0.396429;1785@1489936558:0.867829;1712@602066479:0.780289;1116@1108519488:0.489977;1010@2784672423:0.915834;1371@3139340385:0.910112;1381@2485558304:0.704784;1736@2293908484:0.209021;1206@17206801:0.03821;1202@3547466263:0.216064|67@0.498411,0.734541,0.367042,0.426624,0.004062,0.147042,0.493543,0.031343,0.104387,0.164629,0.921309;56@0.185739,0.711995,0.053379,0.848581,0.648968,0.169843,0.517857,0.255459,0.659525,0.071537,0.704656,0.005728;73@0.463315,0.100668;38@0.95877,0.433886,0.432271,0.262856,0.089581,0.381264,0.183616,0.608117,0.390103,0.526759;1@;14@0.564396,0.186368,0.707735,0.858374,0.29347,0.872577,0.452711,0.296717,0.675558;41@;32@0.923038,0.067312,0.770004,0.395874;70@0.373794,0.737022,0.941248,0.974971;43@0.599482,0.767655,0.995464,0.610648,0.154631,0.715317,0.71626,0.814033,0.506372,0.425452,0.883004;65@0.867802,0.038218,0.314055,0.432755;20@0.416605,0.894208,0.112547,0.154158;40@0.267776,0.370945,0.696174;100@0.702038;37@0.15949,0.940748,0.784016,0.515527,0.108422,0.979912,0.343945,0.147625,0.252174,0.831794,0.408752,0.755371,0.161471;27@0.991948,0.634652,0.835877,0.156372,0.352922,0.845004,0.892166;92@0.850115,0.719061,0.230282,0.524088,0.166213;10@0.946651,0.73555,0.607397,0.975379,0.555418,0.720821,0.938337,0.241213,0.965083,0.830747,0.125899,0.577115;75@0.619502,0.405106,0.009857,0.851195,0.347932,0.217154,0.750216,0.574882,0.341113,0.434783;84@0.598992,0.61291,0.660579,0.411311,0.196513,0.015113,0.602143,0.429859,0.482243,0.011204,0.984014;82@0.202347;47@0.097106,0.60371,0.267535,0.069075,0.077697,0.195656,0.265207,0.235758,0.464364,0.611894,0.58443;9@0.871151,0.017211,0.996609,0.500953,0.183635,0.972649,0.004196,0.852255,0.698844,0.745508,0.975823;39@0.383358,0.878375,0.89015,0.0649,0.063223,0.98622,0.869643,0.19839,0.172879;88@0.69056,0.35024,0.832512,0.743241,0.554733,0.510433,0.341669;30@0.771881,0.649661,0.081055,0.684911,0.189094,0.204598,0.318382,0.412871,0.300172,0.345848|0|1762487393
I20251108 00:02:58.881255 139717798590272 data_text_parser.cc:116] beg_pos: 7298,end_pos: 9504
I20251108 00:02:58.881268 139717798590272 data_text_parser.cc:59] line: 828|39|1720@4192691631:0.788959;1185@552421456:0.295455;1587@2983946067:0.904619;1048@4060081336:0.566396;1413@2639867213:0.282441;1472@120858392:0.068146;1861@3644489704:0.391858;1430@1470718452:0.353933;1384@994682288:0.20324;1829@73274732:0.752235;1635@4007794354:0.647038;1785@3699497786:0.626756;1712@1807449625:0.6873;1116@208401540:0.36956;1010@516426293:0.816396;1371@4078000092:0.654375;1381@2338444905:0.348985;1736@254679509:0.879735;1206@1600446153:0.155479;1202@2741843440:0.447352|67@0.181611,0.160127,0.293391,0.10462,0.392382,0.38131,0.038985,0.383953,0.940948,0.843306,0.079567;56@0.163323,0.423093,0.776582,0.861302,0.291674,0.444593,0.497126,0.26091,0.61473,0.475456,0.528671,0.472925;73@0.156586,0.241106;38@0.162313,0.832796,0.485328,0.562943,0.982126,0.728137,0.98734,0.525626,0.831288,0.03147;1@;14@0.684343,0.504019,0.622062,0.559149,0.896018,0.977195,0.16341,0.157863,0.570545;41@;32@0.183084,0.873409,0.55251,0.802218;70@0.593545,0.245536,0.901606,0.67658;43@0.765865,0.694863,0.865864,0.868334,0.348006,0.871794,0.740457,0.541779,0.212277,0.034783,0.800545;65@0.504629,0.466373,0.587901,0.886402;20@0.444373,0.946516,0.881284,0.908617;40@0.9911,0.098819,0.108497;100@0.001164;37@0.183662,0.108827,0.450667,0.314915,0.707589,0.245106,0.585465,0.675247,0.140712,0.134622,0.366825,0.778936,0.436868;27@0.190385,0.060842,0.133716,0.481085,0.764728,0.192085,0.453349;92@0.951782,0.373386,0.354309,0.510468,0.541447;10@0.338382,0.496719,0.20478,0.302853,0.911204,0.267576,0.366205,0.976292,0.88633,0.341574,0.017675,0.145647;75@0.989712,0.984092,0.637421,0.923469,0.497428,0.974778,0.213362,0.230353,0.136745,0.780463;84@0.869172,0.122482,0.048594,0.038702,0.898685,0.189607,0.061254,0.348727,0.483619,0.8265,0.507061;82@0.810255;47@0.571869,0.538752,0.716115,0.64523,0.567469,0.400114,0.493933,0.294157,0.777117,0.019667,0.395448;9@0.812976,0.414787,0.848721,0.944688,0.451779,0.410557,0.73534,0.858333,0.808429,0.115518,0.908902;39@0.436304,0.088373,0.090715,0.221767,0.272366,0.767608,0.969925,0.145569,0.43371;88@0.082194,0.096942,0.350505,0.366629,0.628807,0.903949,0.064087;30@0.870595,0.848982,0.280079,0.387676,0.989288,0.084739,0.219964,0.517359,0.363984,0.276694|0|1762487393
I20251108 00:02:58.881305 139717798590272 data_text_parser.cc:116] beg_pos: 9505,end_pos: 11715
I20251108 00:02:58.881318 139717798590272 data_text_parser.cc:59] line: 829|595|1720@1737725006:0.419972;1185@2643568419:0.414862;1587@496054620:0.539686;1048@905944013:0.665288;1413@622649366:0.354345;1472@1714646052:0.587244;1861@2556491067:0.50672;1430@2188373201:0.993327;1384@3749860256:0.571481;1829@2131824695:0.854628;1635@2310141432:0.147783;1785@2917804913:0.065257;1712@1997756892:0.040881;1116@1970483788:0.615792;1010@2095291241:0.764197;1371@3668189933:0.336049;1381@2951621669:0.402518;1736@3290333173:0.925455;1206@1375828502:0.605114;1202@1077288996:0.766547|67@0.46803,0.640039,0.514289,0.15038,0.458221,0.496353,0.390831,0.496448,0.534923,0.141511,0.890384;56@0.993786,0.547453,0.438035,0.732855,0.417277,0.542278,0.978367,0.143133,0.745027,0.384837,0.641338,0.263458;73@0.616585,0.486388;38@0.512267,0.76184,0.019452,0.112003,0.873143,0.623248,0.677435,0.036329,0.964837,0.348773;1@;14@0.32097,0.035989,0.653447,0.232941,0.366721,0.425856,0.837651,0.767162,0.965964;41@;32@0.041472,0.28448,0.461939,0.553855;70@0.644398,0.439694,0.108497,0.230105;43@0.885521,0.261629,0.650891,0.534696,0.168631,0.563333,0.5577,0.791319,0.033099,0.633175,0.829991;65@0.544317,0.07331,0.881644,0.132319;20@0.380939,0.515307,0.54491,0.764361;40@0.042351,0.34635,0.837959;100@0.448918;37@0.366612,0.549045,0.186211,0.995369,0.797058,0.522557,0.462483,0.269805,0.873053,0.953703,0.197047,0.893463,0.071811;27@0.313882,0.574099,0.564869,0.125852,0.352246,0.78347,0.009567;92@0.679968,0.792363,0.49194,0.864272,0.905441;10@0.941354,0.08042,0.773653,0.649505,0.84363,0.831253,0.117101,0.408216,0.559176,0.995148,0.550316,0.950162;75@0.168713,0.20847,0.781151,0.927194,0.729005,0.803601,0.059621,0.906022,0.009823,0.407897;84@0.299741,0.370707,0.143313,0.72296,0.808153,0.516194,0.582966,0.976511,0.236364,0.541155,0.285536;82@0.711958;47@0.889451,0.114032,0.922682,0.176086,0.128765,0.185146,0.91649,0.864688,0.712654,0.517817,0.732005;9@0.70009,0.254913,0.938589,0.662444,0.291518,0.046275,0.46688,0.512436,0.069798,0.083153,0.362608;39@0.806124,0.229297,0.112918,0.34155,0.241131,0.710085,0.91984,0.675516,0.433132;88@0.438874,0.466912,0.066692,0.096055,0.615681,0.850835,0.276591;30@0.494149,0.211684,0.074646,0.614305,0.839859,0.181831,0.050624,0.913762,0.720748,0.6259|0|1762487393
I20251108 00:02:58.881353 139717798590272 data_text_parser.cc:116] beg_pos: 11716,end_pos: 13928
I20251108 00:02:58.881365 139717798590272 data_text_parser.cc:59] line: 830|895|1720@3967577476:0.655892;1185@3935086145:0.125266;1587@2519089917:0.437509;1048@754679560:0.017615;1413@3064663477:0.177129;1472@1614609403:0.928577;1861@1367033223:0.997065;1430@753522857:0.416877;1384@2915852509:0.003622;1829@968257382:0.056635;1635@4172569279:0.832593;1785@3860898106:0.493843;1712@3548148151:0.530235;1116@4065900145:0.408432;1010@1750089866:0.472;1371@3184618720:0.54932;1381@3633058344:0.426078;1736@857748984:0.575073;1206@2008460704:0.874588;1202@3268655002:0.831631|67@0.701937,0.949972,0.216541,0.443131,0.22537,0.674044,0.006116,0.415383,0.019759,0.566631,0.499552;56@0.093889,0.470603,0.967419,0.504937,0.377757,0.20955,0.33469,0.651296,0.808865,0.196513,0.254311,0.242946;73@0.211364,0.336184;38@0.255155,0.513907,0.741331,0.54209,0.700375,0.461582,0.149062,0.027315,0.958549,0.809444;1@;14@0.69209,0.032236,0.416885,0.844809,0.967638,0.239801,0.831502,0.156237,0.308863;41@;32@0.428282,0.683115,0.926966,0.389525;70@0.251681,0.208,0.372531,0.129612;43@0.468436,0.399727,0.316655,0.122345,0.459054,0.832327,0.370416,0.151508,0.259127,0.402544,0.953443;65@0.464478,0.90633,0.033055,0.460531;20@0.170316,0.922509,0.764858,0.700846;40@0.123219,0.753726,0.023745;100@0.536681;37@0.075946,0.202773,0.633532,0.582171,0.780965,0.675418,0.732964,0.503735,0.854333,0.784102,0.199801,0.739145,0.044108;27@0.953822,0.138185,0.594256,0.560881,0.115773,0.867673,0.445779;92@0.92778,0.766734,0.256452,0.541445,0.944504;10@0.39296,0.685386,0.261683,0.692164,0.376527,0.709425,0.843302,0.707755,0.307213,0.828614,0.339441,0.662913;75@0.913229,0.953122,0.054089,0.049902,0.416974,0.395453,0.080346,0.927872,0.305277,0.231278;84@0.178322,0.903904,0.144652,0.678758,0.636563,0.787929,0.666403,0.523399,0.944631,0.971603,0.609886;82@0.273295;47@0.528953,0.482854,0.47581,0.525051,0.550056,0.609417,0.038683,0.795341,0.082934,0.023617,0.820453;9@0.015627,0.597195,0.970321,0.40048,0.327452,0.962803,0.31466,0.455197,0.700915,0.052358,0.121379;39@0.471901,0.318303,0.284899,0.404664,0.578566,0.858164,0.028079,0.958964,0.433005;88@0.602528,0.072339,0.491208,0.0051,0.126736,0.118436,0.099482;30@0.68665,0.763894,0.637053,0.096026,0.320833,0.541374,0.190778,0.155407,0.786647,0.957196|0|1762487393

s:  <DataFlow.csrc.pybind_module.BatchRow object at 0x7f1288b26c70>
s:  <DataFlow.csrc.pybind_module.BatchRow object at 0x7f1288b26630>
s:  <DataFlow.csrc.pybind_module.BatchRow object at 0x7f1288cf6ef0>
s:  <DataFlow.csrc.pybind_module.BatchRow object at 0x7f1288b26630>
s:  <DataFlow.csrc.pybind_module.BatchRow object at 0x7f1288cf6ef0>
s:  <DataFlow.csrc.pybind_module.BatchRow object at 0x7f1288b26630>
s:  <DataFlow.csrc.pybind_module.BatchRow object at 0x7f1288cf6ef0>
s:  <DataFlow.csrc.pybind_module.BatchRow object at 0x7f1288b26630>
s:  <DataFlow.csrc.pybind_module.BatchRow object at 0x7f1288cf6ef0>
s:  <DataFlow.csrc.pybind_module.BatchRow object at 0x7f1288b26630>
s:  <DataFlow.csrc.pybind_module.BatchRow object at 0x7f1288cf6ef0>
s:  <DataFlow.csrc.pybind_module.BatchRow object at 0x7f1288b26630>
s:  <DataFlow.csrc.pybind_module.BatchRow object at 0x7f1288cf6ef0>
s:  <DataFlow.csrc.pybind_module.BatchRow object at 0x7f1288b26630>
s:  <DataFlow.csrc.pybind_module.BatchRow object at 0x7f1288cf6ef0>
s:  <DataFlow.csrc.pybind_module.BatchRow object at 0x7f1288b26630>
s:  <DataFlow.csrc.pybind_module.BatchRow object at 0x7f1288cf6ef0>
s:  <DataFlow.csrc.pybind_module.BatchRow object at 0x7f1288b26630>
s:  <DataFlow.csrc.pybind_module.BatchRow object at 0x7f1288cf6ef0>
s:  <DataFlow.csrc.pybind_module.BatchRow object at 0x7f1288b26630>
s:  <DataFlow.csrc.pybind_module.BatchRow object at 0x7f1288cf6ef0>
s:  <DataFlow.csrc.pybind_module.BatchRow object at 0x7f1288b26630>
s:  <DataFlow.csrc.pybind_module.BatchRow object at 0x7f1288cf6ef0>
s:  <DataFlow.csrc.pybind_module.BatchRow object at 0x7f1288b26630>
s:  <DataFlow.csrc.pybind_module.BatchRow object at 0x7f1288cf6ef0>
s:  <DataFlow.csrc.pybind_module.BatchRow object at 0x7f1288b26630>
s:  <DataFlow.csrc.pybind_module.BatchRow object at 0x7f1288cf6ef0>
s:  <DataFlow.csrc.pybind_module.BatchRow object at 0x7f1288b26630>
s:  <DataFlow.csrc.pybind_module.BatchRow object at 0x7f1288cf6ef0>
s:  <DataFlow.csrc.pybind_module.BatchRow object at 0x7f1288b26630>
s:  <DataFlow.csrc.pybind_module.BatchRow object at 0x7f1288cf6ef0>
s:  <DataFlow.csrc.pybind_module.BatchRow object at 0x7f1288b26630>
s:  <DataFlow.csrc.pybind_module.BatchRow object at 0x7f1288cf6ef0>
s:  <DataFlow.csrc.pybind_module.BatchRow object at 0x7f1288b26630>
s:  <DataFlow.csrc.pybind_module.BatchRow object at 0x7f1288cf6ef0>
s:  <DataFlow.csrc.pybind_module.BatchRow object at 0x7f1288b26630>
s:  <DataFlow.csrc.pybind_module.BatchRow object at 0x7f1288cf6ef0>
s:  <DataFlow.csrc.pybind_module.BatchRow object at 0x7f1288b26630>
s:  <DataFlow.csrc.pybind_module.BatchRow object at 0x7f1288cf6ef0>
s:  <DataFlow.csrc.pybind_module.BatchRow object at 0x7f1288b26630>
s:  <DataFlow.csrc.pybind_module.BatchRow object at 0x7f1288cf6ef0>
s:  <DataFlow.csrc.pybind_module.BatchRow object at 0x7f1288b26630>
s:  <DataFlow.csrc.pybind_module.BatchRow object at 0x7f1288cf6ef0>
s:  <DataFlow.csrc.pybind_module.BatchRow object at 0x7f1288b26630>
s:  <DataFlow.csrc.pybind_module.BatchRow object at 0x7f1288cf6ef0>
s:  <DataFlow.csrc.pybind_module.BatchRow object at 0x7f1288b26630>
s:  <DataFlow.csrc.pybind_module.BatchRow object at 0x7f1288cf6ef0>
s:  <DataFlow.csrc.pybind_module.BatchRow object at 0x7f1288b26630>
s:  <DataFlow.csrc.pybind_module.BatchRow object at 0x7f1288cf6ef0>
s:  <DataFlow.csrc.pybind_module.BatchRow object at 0x7f1288b26630>
s:  <DataFlow.csrc.pybind_module.BatchRow object at 0x7f1288cf6ef0>
s:  <DataFlow.csrc.pybind_module.BatchRow object at 0x7f1288b26630>
s:  <DataFlow.csrc.pybind_module.BatchRow object at 0x7f1288cf6ef0>
s:  <DataFlow.csrc.pybind_module.BatchRow object at 0x7f1288b26630>
s:  <DataFlow.csrc.pybind_module.BatchRow object at 0x7f1288cf6ef0>
s:  <DataFlow.csrc.pybind_module.BatchRow object at 0x7f1288b26630>
s:  <DataFlow.csrc.pybind_module.BatchRow object at 0x7f1288cf6ef0>
s:  <DataFlow.csrc.pybind_module.BatchRow object at 0x7f1288b26630>
s:  <DataFlow.csrc.pybind_module.BatchRow object at 0x7f1288cf6ef0>
s:  <DataFlow.csrc.pybind_module.BatchRow object at 0x7f1288b26630>
s:  <DataFlow.csrc.pybind_module.BatchRow object at 0x7f1288cf6ef0>
s:  <DataFlow.csrc.pybind_module.BatchRow object at 0x7f1288b26630>
s:  <DataFlow.csrc.pybind_module.BatchRow object at 0x7f1288cf6ef0>
s:  <DataFlow.csrc.pybind_module.BatchRow object at 0x7f1288b26630>
s:  <DataFlow.csrc.pybind_module.BatchRow object at 0x7f1288cf6ef0>
s:  <DataFlow.csrc.pybind_module.BatchRow object at 0x7f1288b26630>
s:  <DataFlow.csrc.pybind_module.BatchRow object at 0x7f1288cf6ef0>
s:  <DataFlow.csrc.pybind_module.BatchRow object at 0x7f1288b26630>
s:  <DataFlow.csrc.pybind_module.BatchRow object at 0x7f1288cf6ef0>
s:  <DataFlow.csrc.pybind_module.BatchRow object at 0x7f1288b26630>
s:  <DataFlow.csrc.pybind_module.BatchRow object at 0x7f1288cf6ef0>
s:  <DataFlow.csrc.pybind_module.BatchRow object at 0x7f1288b26630>
s:  <DataFlow.csrc.pybind_module.BatchRow object at 0x7f1288cf6ef0>
s:  <DataFlow.csrc.pybind_module.BatchRow object at 0x7f1288b26630>
s:  <DataFlow.csrc.pybind_module.BatchRow object at 0x7f1288cf6ef0>
s:  <DataFlow.csrc.pybind_module.BatchRow object at 0x7f1288b26630>
s:  <DataFlow.csrc.pybind_module.BatchRow object at 0x7f1288cf6ef0>
s:  <DataFlow.csrc.pybind_module.BatchRow object at 0x7f1288b26630>
s:  <DataFlow.csrc.pybind_module.BatchRow object at 0x7f1288cf6ef0>
s:  <DataFlow.csrc.pybind_module.BatchRow object at 0x7f1288b26630>
s:  <DataFlow.csrc.pybind_module.BatchRow object at 0x7f1288cf6ef0>
s:  <DataFlow.csrc.pybind_module.BatchRow object at 0x7f1288b26630>
s:  <DataFlow.csrc.pybind_module.BatchRow object at 0x7f1288cf6ef0>
s:  <DataFlow.csrc.pybind_module.BatchRow object at 0x7f1288b26630>
s:  <DataFlow.csrc.pybind_module.BatchRow object at 0x7f1288cf6ef0>
s:  <DataFlow.csrc.pybind_module.BatchRow object at 0x7f1288b26630>
s:  <DataFlow.csrc.pybind_module.BatchRow object at 0x7f1288cf6ef0>
s:  <DataFlow.csrc.pybind_module.BatchRow object at 0x7f1288b26630>
s:  <DataFlow.csrc.pybind_module.BatchRow object at 0x7f1288cf6ef0>
s:  <DataFlow.csrc.pybind_module.BatchRow object at 0x7f1288b26630>
s:  <DataFlow.csrc.pybind_module.BatchRow object at 0x7f1288cf6ef0>
s:  <DataFlow.csrc.pybind_module.BatchRow object at 0x7f1288b26630>
s:  <DataFlow.csrc.pybind_module.BatchRow object at 0x7f1288cf6ef0>
s:  <DataFlow.csrc.pybind_module.BatchRow object at 0x7f1288b26630>
s:  <DataFlow.csrc.pybind_module.BatchRow object at 0x7f1288cf6ef0>
s:  <DataFlow.csrc.pybind_module.BatchRow object at 0x7f1288b26630>
s:  <DataFlow.csrc.pybind_module.BatchRow object at 0x7f1288cf6ef0>
s:  <DataFlow.csrc.pybind_module.BatchRow object at 0x7f1288b26630>
s:  <DataFlow.csrc.pybind_module.BatchRow object at 0x7f1288cf6ef0>
s:  <DataFlow.csrc.pybind_module.BatchRow object at 0x7f1288b26630>
s:  <DataFlow.csrc.pybind_module.BatchRow object at 0x7f1288cf6ef0>
s:  <DataFlow.csrc.pybind_module.BatchRow object at 0x7f1288b26630>
s:  <DataFlow.csrc.pybind_module.BatchRow object at 0x7f1288cf6ef0>
s:  <DataFlow.csrc.pybind_module.BatchRow object at 0x7f1288b26630>
s:  <DataFlow.csrc.pybind_module.BatchRow object at 0x7f1288cf6ef0>
s:  <DataFlow.csrc.pybind_module.BatchRow object at 0x7f1288b26630>
s:  <DataFlow.csrc.pybind_module.BatchRow object at 0x7f1288cf6ef0>
s:  <DataFlow.csrc.pybind_module.BatchRow object at 0x7f1288b26630>
s:  <DataFlow.csrc.pybind_module.BatchRow object at 0x7f1288cf6ef0>
s:  <DataFlow.csrc.pybind_module.BatchRow object at 0x7f1288b26630>
s:  <DataFlow.csrc.pybind_module.BatchRow object at 0x7f1288cf6ef0>
s:  <DataFlow.csrc.pybind_module.BatchRow object at 0x7f1288b26630>
s:  <DataFlow.csrc.pybind_module.BatchRow object at 0x7f1288cf6ef0>
s:  <DataFlow.csrc.pybind_module.BatchRow object at 0x7f1288b26630>
s:  <DataFlow.csrc.pybind_module.BatchRow object at 0x7f1288cf6ef0>
s:  <DataFlow.csrc.pybind_module.BatchRow object at 0x7f1288b26630>
s:  <DataFlow.csrc.pybind_module.BatchRow object at 0x7f1288cf6ef0>
s:  <DataFlow.csrc.pybind_module.BatchRow object at 0x7f1288b26630>
s:  <DataFlow.csrc.pybind_module.BatchRow object at 0x7f1288cf6ef0>
s:  <DataFlow.csrc.pybind_module.BatchRow object at 0x7f1288b26630>
s:  <DataFlow.csrc.pybind_module.BatchRow object at 0x7f1288cf6ef0>I20251108 00:02:58.881429 139717798590272 data_text_parser.cc:116] beg_pos: 13929,end_pos: 16141
I20251108 00:02:58.881438 139717798590272 data_text_parser.cc:59] line: 831|4|1720@680595492:0.11846;1185@2520141076:0.028284;1587@4289078213:0.416445;1048@3821643355:0.464991;1413@1240580368:0.625284;1472@302594277:0.742493;1861@4095893138:0.586839;1430@4164349733:0.256534;1384@1325408842:0.985943;1829@3256410415:0.144119;1635@1317736339:0.12425;1785@1927093330:0.31643;1712@1263676437:0.641344;1116@1346321636:0.329992;1010@4010989558:0.100645;1371@3779860523:0.1792;1381@3524293740:0.088798;1736@2183844235:0.765044;1206@837086226:0.419673;1202@3540448757:0.796543|67@0.890792,0.590932,0.70756,0.091735,0.868186,0.515186,0.796711,0.070766,0.174551,0.131432,0.794295;56@0.030785,0.400024,0.02857,0.291991,0.291426,0.037613,0.344664,0.245714,0.615048,0.803158,0.032717,0.205964;73@0.769576,0.044343;38@0.692641,0.723378,0.400629,0.892006,0.635971,0.448083,0.512678,0.765794,0.725048,0.21099;1@;14@0.675359,0.782526,0.433548,0.101961,0.03692,0.83535,0.413373,0.546321,0.478024;41@;32@0.035114,0.916112,0.040291,0.919295;70@0.947673,0.877875,0.292891,0.690529;43@0.222344,0.483641,0.877952,0.531409,0.186381,0.053137,0.995156,0.126314,0.12062,0.66458,0.248698;65@0.173537,0.455398,0.914851,0.81912;20@0.028453,0.337776,0.50208,0.045501;40@0.315005,0.283774,0.081473;100@0.625763;37@0.972078,0.016359,0.266515,0.660401,0.871322,0.585334,0.752891,0.940127,0.253424,0.572189,0.389404,0.405349,0.719311;27@0.732633,0.089979,0.322711,0.741084,0.434747,0.673285,0.830469;92@0.132725,0.369813,0.58841,0.504499,0.053155;10@0.629297,0.239577,0.430408,0.579096,0.788136,0.497406,0.483814,0.131069,0.703116,0.419131,0.221787,0.082704;75@0.546022,0.130803,0.893589,0.326151,0.667931,0.357487,0.94974,0.935616,0.884143,0.054701;84@0.370401,0.523637,0.313129,0.965897,0.759368,0.135532,0.646731,0.879452,0.53403,0.835179,0.813848;82@0.766789;47@0.27938,0.831923,0.38214,0.866834,0.409486,0.977653,0.612274,0.818511,0.335564,0.195886,0.222173;9@0.378069,0.365984,0.341996,0.083072,0.027257,0.978124,0.849763,0.420752,0.446983,0.359517,0.593034;39@0.211841,0.141571,0.156464,0.868617,0.122068,0.138289,0.053551,0.869355,0.451126;88@0.481181,0.524013,0.130413,0.045647,0.953017,0.114651,0.170305;30@0.44259,0.077413,0.662107,0.841907,0.895369,0.565359,0.851699,0.193572,0.597681,0.009606|1|1762487393
I20251108 00:02:58.881478 139717798590272 data_text_parser.cc:116] beg_pos: 16142,end_pos: 18360
I20251108 00:02:58.881490 139717798590272 data_text_parser.cc:59] line: 832|244|1720@3260338711:0.055059;1185@571779949:0.481478;1587@1390866690:0.581041;1048@1556964541:0.960489;1413@1154448446:0.188004;1472@4291112687:0.580699;1861@920366502:0.9574;1430@1279883614:0.948691;1384@4094894341:0.260353;1829@2492583268:0.992335;1635@641749679:0.52869;1785@1617618127:0.906089;1712@1586753034:0.215756;1116@3897680323:0.885293;1010@3649286411:0.521449;1371@4147470267:0.856542;1381@2190393310:0.792712;1736@2190971169:0.887433;1206@3335928670:0.849347;1202@1431796256:0.974191|67@0.344458,0.665742,0.213773,0.032442,0.338681,0.941756,0.152021,0.166425,0.211027,0.095641,0.931286;56@0.514655,0.324725,0.471259,0.170259,0.255314,0.325756,0.962362,0.48115,0.328639,0.738234,0.564836,0.957167;73@0.139495,0.701828;38@0.413186,0.546025,0.374704,0.197786,0.782783,0.039571,0.163124,0.339423,0.564138,0.070968;1@;14@0.990586,0.728867,0.790133,0.095404,0.773534,0.371764,0.030048,0.87023,0.342751;41@;32@0.285504,0.198538,0.583339,0.752502;70@0.291963,0.49349,0.462828,0.153505;43@0.432705,0.565489,0.587848,0.403699,0.368074,0.909768,0.854574,0.792701,0.293826,0.210981,0.04815;65@0.036469,0.205422,0.135943,0.451515;20@0.308959,0.644327,0.023396,0.545971;40@0.395803,0.794179,0.311225;100@0.287478;37@0.021227,0.198703,0.802682,0.057874,0.563822,0.12761,0.584666,0.842073,0.034762,0.442718,0.719186,0.189482,0.220583;27@0.608271,0.857313,0.027635,0.647912,0.734747,0.901018,0.507702;92@0.09354,0.344429,0.440506,0.197974,0.746984;10@0.379426,0.001207,0.262556,0.471252,0.599946,0.329276,0.347534,0.127277,0.606012,0.511797,0.149985,0.764444;75@0.435198,0.84765,0.216209,0.460149,0.736849,0.916398,0.708047,0.733205,0.811236,0.326212;84@0.510758,0.520273,0.74244,0.819844,0.140466,0.30602,0.984181,0.410308,0.358643,0.17324,0.488707;82@0.300381;47@0.990173,0.502221,0.207771,0.847834,0.753599,0.264148,0.097601,0.472669,0.173119,0.620431,0.218077;9@0.013688,0.409011,0.121431,0.926653,0.912112,0.738105,0.695932,0.806072,0.863948,0.892084,0.067728;39@0.438092,0.459191,0.546827,0.860245,0.680713,0.451869,0.11187,0.631156,0.081602;88@0.773453,0.79748,0.303896,0.00827,0.436826,0.582099,0.897219;30@0.737128,0.146353,0.303295,0.017447,0.622808,0.065193,0.514349,0.138836,0.794301,0.458795|1|1762487393
I20251108 00:02:58.881525 139717798590272 data_text_parser.cc:116] beg_pos: 18361,end_pos: 20480
I20251108 00:02:58.881787 139717798590272 data_text_parser.cc:101] get chunk buffer, size: 20480
I20251108 00:02:58.881802 139717798590272 data_text_parser.cc:116] beg_pos: 0,end_pos: 93
I20251108 00:02:58.881810 139717798590272 data_text_parser.cc:61] buffer line: 833|358|1720@3533594779:0.405583;1185@2651168531:0.291981;1587@4017370539:0.47768;1048@2334947251:0.836561;1413@1731208565:0.687497;1472@2803213865:0.186507;1861@3811741105:0.378581;1430@2007452592:0.220371;1384@1080435506:0.527928;1829@3649286411:0.066568;1635@2751767900:0.51636;1785@2779169111:0.367987;1712@327230742:0.17663;1116@3963439204:0.109285;1010@1765687185:0.652078;1371@309255282:0.751818;1381@327074034:0.026528;1736@3746104099:0.162057;1206@4067306734:0.832127;1202@4054559245:0.841193|67@0.580155,0.534,0.308438,0.952987,0.775928,0.535927,0.374969,0.041116,0.207657,0.96226,0.472162;56@0.638156,0.10747,0.027861,0.035577,0.636368,0.332644,0.255371,0.574826,0.298215,0.171649,0.946671,0.398586;73@0.508489,0.008507;38@0.944587,0.278498,0.949533,0.043122,0.202078,0.065251,0.630142,0.980014,0.905471,0.347744;1@;14@0.930913,0.027571,0.818536,0.044697,0.61104,0.123696,0.192975,0.637602,0.701111;41@;32@0.115328,0.48422,0.621161,0.122849;70@0.190495,0.247529,0.372614,0.204526;43@0.885381,0.411666,0.579955,0.428718,0.577877,0.729731,0.900702,0.271723,0.204313,0.242521,0.782699;65@0.739633,0.797776,0.613093,0.519957;20@0.214905,0.969725,0.371234,0.759582;40@0.084509,0.102754,0.6547;100@0.462265;37@0.605453,0.567466,0.864428,0.370078,0.475923,0.328559,0.92675,0.200653,0.120333,0.652358,0.522352,0.645594,0.936341;27@0.975618,0.256473,0.329443,0.688717,0.200829,0.520172,0.21025;92@0.72506,0.225655,0.661908,0.984836,0.047029;10@0.805708,0.232512,0.992996,0.975079,0.660099,0.174285,0.421039,0.081248,0.594462,0.147891,0.881996,0.485466;75@0.830793,0.333306,0.035074,0.713688,0.667679,0.0087,0.09526,0.049421,0.925274,0.04221;84@0.879378,0.327132,0.691933,0.396416,0.538701,0.694916,0.968003,0.223027,0.403946,0.956591,0.423663;82@0.256653;47@0.468673,0.046178,0.407492,0.505152,0.052525,0.063007,0.507369,0.581229,0.303318,0.475681,0.046915;9@0.669918,0.778692,0.44142,0.556157,0.902593,0.328887,0.379653,0.405063,0.956468,0.867718,0.951076;39@0.136919,0.099706,0.736243,0.441723,0.921937,0.963184,0.562411,0.382532,0.507004;88@0.655349,0.202175,0.00806,0.682205,0.313137,0.629289,0.152637;30@0.588873,0.358909,0.087904,0.405263,0.548884,0.306236,0.58842,0.105527,0.458154,0.447421|1|1762487393
I20251108 00:02:58.881855 139717798590272 data_text_parser.cc:116] beg_pos: 94,end_pos: 2297
I20251108 00:02:58.881868 139717798590272 data_text_parser.cc:59] line: 834|821|1720@3158315302:0.265377;1185@3416694576:0.823671;1587@3683737591:0.261619;1048@2289776240:0.182101;1413@3764465665:0.613847;1472@4113217689:0.908318;1861@2179958522:0.932063;1430@2337722532:0.5637;1384@187762432:0.09259;1829@199899788:0.973829;1635@261141014:0.42268;1785@1268227382:0.621518;1712@2102976933:0.975995;1116@2429936139:0.262179;1010@311162095:0.282031;1371@4064551238:0.803;1381@2444448604:0.372893;1736@392311584:0.353939;1206@3276469750:0.888685;1202@2147437583:0.245048|67@0.406836,0.007599,0.34681,0.922568,0.605673,0.777592,0.841335,0.539032,0.964161,0.341646,0.965578;56@0.39072,0.586961,0.923559,0.776942,0.834424,0.188046,0.492403,0.776911,0.95628,0.666234,0.530647,0.42784;73@0.003962,0.851626;38@0.801031,0.853153,0.767151,0.203063,0.250438,0.206504,0.607304,0.381512,0.905093,0.162665;1@;14@0.196406,0.805484,0.126012,0.885402,0.555513,0.762074,0.842318,0.9639,0.061627;41@;32@0.511763,0.673419,0.649442,0.361493;70@0.638176,0.097166,0.998349,0.013325;43@0.396177,0.734086,0.601687,0.964738,0.117164,0.827061,0.889039,0.254019,0.074465,0.276275,0.570291;65@0.547255,0.799484,0.643161,0.510777;20@0.763081,0.820789,0.625233,0.006661;40@0.732824,0.219856,0.534521;100@0.376625;37@0.769031,0.077462,0.79475,0.572808,0.091153,0.057018,0.531836,0.621044,0.146665,0.587864,0.578306,0.124801,0.13055;27@0.707984,0.990009,0.410311,0.403557,0.411725,0.464125,0.065366;92@0.226166,0.142764,0.310864,0.789227,0.781863;10@0.337961,0.341469,0.13011,0.475572,0.058493,0.57135,0.909096,0.282835,0.391788,0.526538,0.292422,0.795624;75@0.873148,0.595512,0.613776,0.115989,0.641245,0.411184,0.317058,0.882825,0.815122,0.69075;84@0.134479,0.653148,0.499881,0.905238,0.459502,0.601071,0.45316,0.32347,0.431339,0.619095,0.235339;82@0.742478;47@0.934235,0.207994,0.41898,0.298816,0.618279,0.924558,0.691976,0.521363,0.87418,0.827036,0.656128;9@0.84492,0.061045,0.967475,0.744541,0.356343,0.22814,0.479856,0.150592,0.700172,0.440315,0.77359;39@0.898489,0.286667,0.253661,0.142211,0.694801,0.116553,0.676735,0.880925,0.479004;88@0.597931,0.50818,0.799879,0.964763,0.876067,0.024676,0.925978;30@0.67769,0.820009,0.400098,0.80078,0.115654,0.366616,0.47578,0.404923,0.852506,0.285509|1|1762487393
I20251108 00:02:58.881904 139717798590272 data_text_parser.cc:116] beg_pos: 2298,end_pos: 4515
I20251108 00:02:58.881916 139717798590272 data_text_parser.cc:59] line: 835|529|1720@4202171164:0.698823;1185@3119041193:0.379791;1587@1647012333:0.908104;1048@3333959872:0.983038;1413@746459905:0.528388;1472@3233106410:0.141103;1861@322550771:0.834759;1430@2352216981:0.231225;1384@3001831902:0.864728;1829@1424902429:0.141184;1635@2629856452:0.918956;1785@4168364882:0.571633;1712@1879420684:0.332253;1116@3749963489:0.1588;1010@916086136:0.67833;1371@1969681692:0.992954;1381@2708190708:0.41111;1736@1192610733:0.360554;1206@1968424588:0.257804;1202@1390863978:0.077936|67@0.911389,0.86611,0.141416,0.703907,0.250513,0.931738,0.72209,0.004844,0.541593,0.069268,0.594506;56@0.292102,0.840752,0.620062,0.012552,0.676292,0.030038,0.209113,0.467461,0.761759,0.796038,0.511886,0.250055;73@0.361289,0.098429;38@0.943455,0.412857,0.619034,0.632822,0.126972,0.634298,0.921608,0.755207,0.234538,0.44223;1@;14@0.994839,0.472961,0.485986,0.380217,0.000295,0.552092,0.311253,0.107303,0.553969;41@;32@0.93644,0.970069,0.574693,0.195673;70@0.199712,0.455198,0.663613,0.628133;43@0.644232,0.013396,0.422414,0.463868,0.050702,0.318429,0.168807,0.22878,0.806932,0.787248,0.558701;65@0.263592,0.744147,0.495338,0.309275;20@0.987959,0.992781,0.268372,0.217907;40@0.983953,0.224827,0.403545;100@0.930037;37@0.739101,0.486422,0.105885,0.510532,0.343994,0.666789,0.743315,0.962947,0.889325,0.067711,0.344396,0.278757,0.437192;27@0.088427,0.205803,0.895982,0.687685,0.125815,0.936371,0.952275;92@0.505027,0.940576,0.083098,0.412698,0.218139;10@0.754242,0.631379,0.998056,0.022141,0.831403,0.736395,0.567084,0.030706,0.29387,0.319105,0.365882,0.886105;75@0.611187,0.101826,0.59337,0.365735,0.877763,0.217327,0.891854,0.314861,0.703833,0.377869;84@0.993536,0.227491,0.02721,0.897606,0.567294,0.318399,0.925875,0.197774,0.68451,0.655306,0.438965;82@0.954452;47@0.27343,0.930712,0.793873,0.514241,0.908955,0.607984,0.338477,0.780078,0.499738,0.901948,0.118389;9@0.394455,0.116024,0.698552,0.260957,0.388381,0.411567,0.751694,0.491207,0.427566,0.524142,0.62818;39@0.681471,0.977103,0.26781,0.652445,0.354534,0.361052,0.797659,0.208729,0.007027;88@0.171362,0.910377,0.722087,0.463758,0.540885,0.155782,0.399181;30@0.651527,0.454228,0.727455,0.982401,0.392211,0.765725,0.776821,0.36005,0.420494,0.927396|0|1762487393
I20251108 00:02:58.881957 139717798590272 data_text_parser.cc:116] beg_pos: 4516,end_pos: 6733
I20251108 00:02:58.881970 139717798590272 data_text_parser.cc:59] line: 836|194|1720@1711982038:0.914119;1185@964556601:0.594164;1587@1422086813:0.319524;1048@1602023134:0.743238;1413@3808656157:0.60295;1472@1735242956:0.621304;1861@1536046077:0.725613;1430@3761540314:0.58874;1384@3972783621:0.539308;1829@4180231957:0.645299;1635@2171681753:0.934727;1785@1033538374:0.323462;1712@1108804745:0.084963;1116@3475326205:0.361968;1010@260713764:0.037697;1371@916086136:0.728425;1381@4212452205:0.343453;1736@1619517808:0.389724;1206@3467220405:0.753217;1202@1943864354:0.322267|67@0.381744,0.376654,0.684497,0.49789,0.911092,0.025159,0.889468,0.852097,0.529205,0.704712,0.460678;56@0.276578,0.553564,0.189983,0.090065,0.917273,0.222199,0.382214,0.909427,0.072543,0.625233,0.575595,0.048201;73@0.400779,0.399757;38@0.592355,0.19351,0.240318,0.868772,0.179455,0.659998,0.319955,0.252149,0.42932,0.166064;1@;14@0.119196,0.307358,0.950185,0.691381,0.286902,0.872971,0.981719,0.702643,0.882315;41@;32@0.399856,0.014548,0.401772,0.000471;70@0.748059,0.890781,0.904102,0.354431;43@0.249149,0.547839,0.967453,0.525378,0.415769,0.389077,0.022111,0.476873,0.101382,0.06341,0.80341;65@0.305808,0.641061,0.708705,0.730447;20@0.577028,0.313963,0.738621,0.077209;40@0.967318,0.446585,0.29642;100@0.286036;37@0.962457,0.69445,0.532061,0.691904,0.366968,0.929595,0.915789,0.737253,0.490307,0.479205,0.873327,0.994522,0.073082;27@0.045852,0.363221,0.717884,0.272042,0.735999,0.122403,0.543414;92@0.60914,0.254611,0.341027,0.854341,0.877466;10@0.824455,0.638322,0.392442,0.328318,0.218085,0.998069,0.754337,0.249541,0.457916,0.837101,0.659112,0.586934;75@0.839736,0.259809,0.564814,0.860271,0.004754,0.323835,0.324644,0.9702,0.039466,0.953011;84@0.160216,0.653812,0.390302,0.909593,0.059115,0.551254,0.644621,0.789846,0.147531,0.509762,0.877266;82@0.707591;47@0.673739,0.339193,0.031105,0.149666,0.490384,0.339634,0.94031,0.955377,0.294149,0.105026,0.542244;9@0.074984,0.748092,0.390367,0.657483,0.117034,0.519977,0.193932,0.503634,0.794483,0.36768,0.819267;39@0.028035,0.818366,0.648574,0.146617,0.473971,0.561117,0.312268,0.078284,0.083112;88@0.11249,0.487193,0.019542,0.514186,0.606351,0.162762,0.21328;30@0.652582,0.889728,0.311924,0.691219,0.30343,0.418065,0.835235,0.772599,0.509818,0.819801|1|1762487393
I20251108 00:02:58.882005 139717798590272 data_text_parser.cc:116] beg_pos: 6734,end_pos: 8949
I20251108 00:02:58.882018 139717798590272 data_text_parser.cc:59] line: 837|627|1720@3426337410:0.802404;1185@3348593035:0.756811;1587@1018989604:0.75148;1048@829431360:0.354088;1413@1419934224:0.120602;1472@3756642271:0.038212;1861@950114807:0.848149;1430@2675368648:0.592193;1384@3966114805:0.800029;1829@205447159:0.610826;1635@2019591773:0.2665;1785@3823880411:0.020049;1712@2730526753:0.303001;1116@1438091999:0.843126;1010@3604550527:0.421158;1371@3045786381:0.889282;1381@28401576:0.182252;1736@434647175:0.039785;1206@1840389822:0.527156;1202@1216944280:0.631635|67@0.665063,0.954688,0.169079,0.901528,0.544839,0.600239,0.587882,0.452935,0.179512,0.211219,0.459356;56@0.285184,0.200087,0.575753,0.530077,0.932334,0.748335,0.391833,0.019536,0.11499,0.629085,0.779448,0.656131;73@0.817015,0.142905;38@0.482999,0.113716,0.41268,0.220291,0.667027,0.217674,0.542395,0.132629,0.983235,0.769306;1@;14@0.351742,0.520432,0.617709,0.438786,0.228702,0.569799,0.769868,0.486992,0.449712;41@;32@0.311055,0.171767,0.520001,0.931611;70@0.496303,0.50902,0.746148,0.488104;43@0.31369,0.349489,0.906199,0.300767,0.912607,0.967175,0.982918,0.786197,0.122551,0.465254,0.987857;65@0.781918,0.722401,0.972596,0.816152;20@0.106051,0.138478,0.269518,0.919373;40@0.203332,0.981663,0.876489;100@0.592627;37@0.712152,0.282038,0.020034,0.688159,0.328769,0.428124,0.992714,0.740668,0.631543,0.844107,0.796603,0.114381,0.668766;27@0.925988,0.134875,0.78301,0.563959,0.629153,0.534011,0.541908;92@0.893831,0.141798,0.345531,0.099585,0.1827;10@0.562957,0.976741,0.687084,0.56415,0.317917,0.821846,0.367215,0.330828,0.994935,0.345297,0.659718,0.748933;75@0.768398,0.128794,0.579687,0.797924,0.177149,0.581126,0.677591,0.919866,0.424431,0.61254;84@0.972597,0.251761,0.051502,0.444866,0.882574,0.182234,0.60773,0.974206,0.829119,0.841856,0.238547;82@0.440663;47@0.551345,0.632296,0.289765,0.491701,0.322176,0.9494,0.735367,0.094771,0.892345,0.916076,0.983363;9@0.397421,0.80949,0.439216,0.495522,0.510779,0.781975,0.767718,0.689142,0.052012,0.113018,0.160302;39@0.010523,0.626172,0.436239,0.783285,0.190686,0.715667,0.408824,0.930099,0.853454;88@0.098461,0.673514,0.168618,0.676401,0.405401,0.672956,0.489775;30@0.567722,0.288777,0.280712,0.213133,0.386489,0.715528,0.723699,0.159322,0.208149,0.530984|1|1762487393
I20251108 00:02:58.882055 139717798590272 data_text_parser.cc:116] beg_pos: 8950,end_pos: 11157
I20251108 00:02:58.882068 139717798590272 data_text_parser.cc:59] line: 838|681|1720@2290379366:0.929341;1185@3949533721:0.767539;1587@802080932:0.172017;1048@1329441790:0.251949;1413@53332085:0.702076;1472@3386807361:0.419468;1861@1322692779:0.218702;1430@4106606711:0.688155;1384@1907792748:0.830392;1829@220234686:0.112555;1635@2918203494:0.983109;1785@102416968:0.886241;1712@3914985359:0.516216;1116@2211544165:0.41009;1010@1392069106:0.786167;1371@3893642597:0.142198;1381@780590539:0.45971;1736@2154872338:0.033919;1206@1359854952:0.051206;1202@133999643:0.063866|67@0.01351,0.565169,0.502439,0.595801,0.337566,0.344517,0.370794,0.574882,0.743882,0.80857,0.294401;56@0.37841,0.96138,0.202438,0.621506,0.476093,0.033727,0.169668,0.753096,0.911907,0.00041,0.582816,0.942646;73@0.955821,0.868038;38@0.549585,0.557182,0.347482,0.328038,0.352576,0.619603,0.10058,0.753467,0.256858,0.558901;1@;14@0.710917,0.551335,0.800527,0.845447,0.061563,0.23652,0.589916,0.986922,0.016579;41@;32@0.782005,0.263697,0.10051,0.403528;70@0.250577,0.010864,0.227352,0.095964;43@0.452035,0.438219,0.77973,0.708054,0.010941,0.403112,0.315853,0.027686,0.109542,0.484059,0.800401;65@0.660859,0.411936,0.777539,0.004692;20@0.294424,0.579614,0.555222,0.185233;40@0.328247,0.499169,0.349173;100@0.146116;37@0.648051,0.080141,0.700953,0.537869,0.16689,0.084143,0.718892,0.145511,0.840463,0.045007,0.00773,0.602244,0.260089;27@0.764596,0.265577,0.017786,0.402661,0.908715,0.427892,0.1691;92@0.503433,0.157347,0.122848,0.352295,0.582527;10@0.267274,0.575498,0.957259,0.613943,0.597027,0.933538,0.254811,0.788381,0.597129,0.437348,0.999613,0.667915;75@0.83325,0.006418,0.407085,0.171529,0.47253,0.739724,0.29319,0.164373,0.978841,0.793844;84@0.646891,0.600956,0.206452,0.453792,0.108406,0.987556,0.997348,0.104534,0.027447,0.13908,0.49944;82@0.004053;47@0.039035,0.751833,0.397695,0.500776,0.327043,0.305374,0.190538,0.364779,0.532548,0.484782,0.418937;9@0.568667,0.697811,0.009445,0.582514,0.916815,0.017438,0.035649,0.911217,0.661062,0.725926,0.780394;39@0.269553,0.272553,0.925765,0.161866,0.34064,0.051232,0.127834,0.57921,0.885404;88@0.104638,0.278799,0.010675,0.171852,0.136584,0.117406,0.886378;30@0.109965,0.97282,0.663101,0.888603,0.253917,0.615876,0.064584,0.600217,0.875209,0.833486|0|1762487393
I20251108 00:02:58.882104 139717798590272 data_text_parser.cc:116] beg_pos: 11158,end_pos: 13371
I20251108 00:02:58.882116 139717798590272 data_text_parser.cc:59] line: 839|881|1720@1892189920:0.600607;1185@1522113304:0.270661;1587@2416698963:0.404157;1048@2318147583:0.454085;1413@4121368076:0.171484;1472@1453167040:0.333662;1861@231069162:0.1667;1430@3295193772:0.035053;1384@3288571907:0.669831;1829@3434263607:0.847749;1635@583420778:0.914608;1785@158426952:0.076204;1712@2757809368:0.434182;1116@2455980582:0.255307;1010@1867902669:0.395163;1371@1768011219:0.889128;1381@1790038034:0.228679;1736@3056029737:0.855322;1206@920039812:0.212581;1202@1638782713:0.344997|67@0.158218,0.136007,0.165944,0.125175,0.307501,0.89603,0.500925,0.494488,0.027528,0.178916,0.925174;56@0.71245,0.997771,0.447138,0.372441,0.937703,0.259124,0.876247,0.965866,0.999479,0.514326,0.732299,0.266915;73@0.090395,0.156057;38@0.268216,0.289418,0.240902,0.87609,0.744416,0.350719,0.187772,0.662051,0.374974,0.650914;1@;14@0.712054,0.523598,0.738429,0.470454,0.12302,0.129407,0.541077,0.147086,0.473805;41@;32@0.810256,0.514285,0.307951,0.511811;70@0.863724,0.341665,0.46711,0.545753;43@0.252148,0.023262,0.608654,0.692736,0.467791,0.892741,0.468348,0.223251,0.841819,0.726984,0.241157;65@0.392811,0.398851,0.942967,0.858828;20@0.468119,0.800182,0.395622,0.103078;40@0.605813,0.720354,0.969609;100@0.963139;37@0.139407,0.587791,0.017089,0.205066,0.273563,0.563364,0.905368,0.18599,0.449876,0.916689,0.672002,0.794981,0.6141;27@0.205736,0.444262,0.579527,0.339396,0.596377,0.695691,0.064086;92@0.381719,0.439877,0.92392,0.09711,0.718169;10@0.224346,0.381302,0.654456,0.275639,0.963353,0.775292,0.031761,0.651844,0.50295,0.08211,0.877023,0.361236;75@0.905856,0.150276,0.55208,0.241583,0.713114,0.217733,0.398654,0.132485,0.462627,0.080372;84@0.658382,0.81858,0.364017,0.836127,0.559149,0.948717,0.786567,0.710559,0.588358,0.920554,0.714057;82@0.444636;47@0.168546,0.98241,0.87494,0.221043,0.447274,0.329242,0.590586,0.339397,0.153871,0.175391,0.708422;9@0.489773,0.695092,0.223527,0.776151,0.944169,0.001077,0.660631,0.244445,0.594722,0.427677,0.680521;39@0.525207,0.105383,0.047933,0.725501,0.62314,0.532452,0.801425,0.855836,0.495731;88@0.138075,0.796081,0.855016,0.322285,0.776911,0.468899,0.08514;30@0.567209,0.523853,0.150895,0.931681,0.698158,0.362627,0.725348,0.869378,0.463435,0.935363|1|1762487393
I20251108 00:02:58.882156 139717798590272 data_text_parser.cc:116] beg_pos: 13372,end_pos: 15583
I20251108 00:02:58.882169 139717798590272 data_text_parser.cc:59] line: 840|121|1720@2731010032:0.422339;1185@1135079110:0.602049;1587@272060610:0.403412;1048@3320759029:0.502267;1413@2319279772:0.969881;1472@2290902311:0.516171;1861@888961146:0.681617;1430@3735476981:0.881065;1384@1340458115:0.74586;1829@785977461:0.529024;1635@3569927646:0.19746;1785@1568760112:0.507709;1712@2436197483:0.929639;1116@1630143059:0.838064;1010@385224304:0.446902;1371@3425528041:0.177574;1381@1297010504:0.044835;1736@260759728:0.485204;1206@1890818997:0.806572;1202@1086645949:0.513958|67@0.139253,0.813227,0.649114,0.957673,0.387405,0.065298,0.061268,0.115757,0.739576,0.851709,0.986441;56@0.747682,0.197385,0.999833,0.04815,0.203952,0.787461,0.87324,0.593203,0.92052,0.770769,0.12098,0.085473;73@0.280218,0.565701;38@0.480026,0.020176,0.243331,0.275554,0.898833,0.709694,0.669015,0.475523,0.883373,0.747324;1@;14@0.603298,0.19996,0.949468,0.250351,0.308405,0.627152,0.33354,0.205817,0.482841;41@;32@0.739886,0.181158,0.539013,0.908742;70@0.88446,0.637084,0.561897,0.564712;43@0.425446,0.423685,0.411355,0.648229,0.549468,0.344315,0.786728,0.751448,0.284222,0.451043,0.870663;65@0.27333,0.248691,0.514432,0.479003;20@0.146852,0.569153,0.196766,0.178516;40@0.84547,0.757472,0.843207;100@0.295041;37@0.450167,0.712012,0.212841,0.421643,0.829528,0.423481,0.087164,0.358125,0.23434,0.160509,0.658669,0.976012,0.330221;27@0.49609,0.053141,0.32199,0.887341,0.321032,0.637277,0.535066;92@0.816033,0.881854,0.904678,0.934416,0.673917;10@0.511367,0.037858,0.952718,0.244521,0.697176,0.921682,0.272031,0.720968,0.997765,0.123014,0.546884,0.644294;75@0.939623,0.864176,0.740773,0.831564,0.253942,0.129436,0.84871,0.083147,0.332287,0.823481;84@0.162534,0.003432,0.39745,0.331792,0.581416,0.870227,0.025247,0.38528,0.388652,0.765967,0.692207;82@0.67272;47@0.086448,0.955452,0.31476,0.102505,0.211604,0.217926,0.322952,0.800857,0.655001,0.697756,0.512569;9@0.717174,0.358675,0.479658,0.701778,0.294697,0.768887,0.656956,0.145896,0.557856,0.883069,0.606177;39@0.823168,0.392519,0.925766,0.862089,0.813321,0.037384,0.467073,0.423436,0.57079;88@0.78814,0.418641,0.119745,0.473139,0.980347,0.184185,0.189043;30@0.297404,0.876728,0.088112,0.965798,0.030037,0.492518,0.575125,0.413743,0.173919,0.614641|1|1762487393
I20251108 00:02:58.882206 139717798590272 data_text_parser.cc:116] beg_pos: 15584,end_pos: 17799
I20251108 00:02:58.882219 139717798590272 data_text_parser.cc:59] line: 841|921|1720@2340817420:0.710417;1185@835665518:0.693313;1587@2812713767:0.588592;1048@581550850:0.621793;1413@2881189206:0.202385;1472@1626038279:0.409451;1861@477625323:0.528804;1430@2363660016:0.789505;1384@2113513802:0.159507;1829@4159109498:0.051772;1635@1245557323:0.568964;1785@3157478751:0.543276;1712@2922799598:0.710817;1116@3118377114:0.528237;1010@1157689950:0.620724;1371@2185353070:0.697702;1381@3929427996:0.94645;1736@1920406062:0.845062;1206@1848390629:0.215517;1202@1045202195:0.628845|67@0.665327,0.439406,0.057368,0.167871,0.959864,0.57434,0.570541,0.338724,0.101872,0.782944,0.055334;56@0.897573,0.683184,0.511504,0.006864,0.573057,0.415221,0.971029,0.32107,0.754838,0.187473,0.908226,0.914609;73@0.714173,0.239607;38@0.67263,0.443482,0.10657,0.765049,0.979221,0.713029,0.429439,0.334401,0.360037,0.054161;1@;14@0.606959,0.876363,0.367742,0.196105,0.038536,0.209267,0.145855,0.536015,0.644864;41@;32@0.486862,0.487279,0.903091,0.097222;70@0.233379,0.397806,0.686191,0.578627;43@0.639264,0.558353,0.627536,0.709518,0.999307,0.175032,0.231835,0.534638,0.194141,0.540465,0.864123;65@0.123473,0.474887,0.448444,0.804551;20@0.251631,0.618677,0.076668,0.263959;40@0.24608,0.86575,0.853245;100@0.42783;37@0.624609,0.477601,0.894763,0.07616,0.621384,0.511226,0.311768,0.760877,0.643239,0.650944,0.964266,0.744568,0.357111;27@0.630888,0.026251,0.060601,0.833249,0.459187,0.707713,0.429734;92@0.341049,0.491437,0.03735,0.860795,0.753997;10@0.463521,0.139498,0.390162,0.814477,0.735132,0.686194,0.255233,0.889921,0.995855,0.975348,0.523134,0.639301;75@0.018645,0.313427,0.092123,0.944752,0.088173,0.596962,0.015048,0.982916,0.424948,0.509332;84@0.117949,0.241386,0.109997,0.320162,0.626773,0.642791,0.830945,0.80747,0.536228,0.600163,0.666884;82@0.430498;47@0.173167,0.976801,0.206309,0.536631,0.669561,0.563843,0.985357,0.630438,0.109966,0.788688,0.342291;9@0.639545,0.73022,0.698282,0.69399,0.382901,0.09233,0.294659,0.12029,0.453091,0.275549,0.2059;39@0.35854,0.967597,0.468109,0.504046,0.968329,0.474042,0.93353,0.062516,0.815626;88@0.466354,0.197264,0.074119,0.165859,0.885475,0.008579,0.979123;30@0.684548,0.163188,0.943682,0.696805,0.623015,0.105822,0.368793,0.297123,0.216707,0.864917|1|1762487393
I20251108 00:02:58.882254 139717798590272 data_text_parser.cc:116] beg_pos: 17800,end_pos: 20010
I20251108 00:02:58.882267 139717798590272 data_text_parser.cc:59] line: 842|469|1720@844070853:0.831475;1185@2983268873:0.404164;1587@2581066524:0.49095;1048@2833865659:0.404531;1413@662012262:0.630329;1472@2557801713:0.213196;1861@1254726365:0.117405;1430@3724272066:0.292288;1384@434472911:0.320303;1829@3504015309:0.940906;1635@3371431386:0.109645;1785@2641585069:0.786907;1712@1229271783:0.751331;1116@976733102:0.927449;1010@3921487230:0.798493;1371@2845783935:0.238786;1381@2652189748:0.009152;1736@2374033477:0.727874;1206@2402491356:0.857536;1202@681909008:0.604704|67@0.400625,0.176264,0.05102,0.762273,0.648711,0.992278,0.483379,0.354344,0.329448,0.269878,0.891307;56@0.390274,0.151449,0.959292,0.99547,0.007758,0.349569,0.208405,0.453464,0.65236,0.264883,0.263658,0.245532;73@0.280149,0.110406;38@0.034236,0.016669,0.72206,0.95505,0.985627,0.348206,0.345041,0.978638,0.87274,0.879713;1@;14@0.050602,0.579367,0.457593,0.570014,0.363136,0.40226,0.264591,0.968729,0.236708;41@;32@0.950333,0.236134,0.155124,0.428542;70@0.337587,0.977229,0.882026,0.247439;43@0.602859,0.900719,0.149957,0.323907,0.400888,0.600756,0.419732,0.282411,0.696868,0.307505,0.146604;65@0.128205,0.519622,0.171328,0.984044;20@0.382323,0.599702,0.023746,0.175848;40@0.459857,0.903111,0.673676;100@0.298523;37@0.730373,0.339279,0.660228,0.668132,0.333605,0.181967,0.39676,0.28085,0.770541,0.087263,0.90626,0.273633,0.514925;27@0.378144,0.983502,0.017385,0.748474,0.713863,0.912197,0.041973;92@0.872222,0.80753,0.101821,0.558196,0.141081;10@0.705304,0.087213,0.973541,0.541679,0.494472,0.765628,0.579675,0.834804,0.396429,0.100307,0.052674,0.555168;75@0.700148,0.630881,0.435865,0.157086,0.526704,0.337675,0.569972,0.192675,0.708587,0.36896;84@0.951859,0.575512,0.131543,0.998653,0.115366,0.734512,0.056805,0.877416,0.82871,0.21563,0.311056;82@0.565748;47@0.272637,0.759058,0.667032,0.948887,0.075577,0.75614,0.245802,0.159942,0.099531,0.848727,0.074428;9@0.411117,0.565103,0.17436,0.382827,0.767163,0.223985,0.458034,0.014295,0.376374,0.399198,0.050293;39@0.429567,0.7797,0.369018,0.733638,0.445359,0.58018,0.618162,0.311781,0.798525;88@0.470413,0.253529,0.70861,0.077444,0.889107,0.410969,0.215436;30@0.486262,0.651295,0.894231,0.420131,0.257708,0.740523,0.299684,0.047904,0.95501,0.755819|0|1762487393
I20251108 00:02:58.882292 139717798590272 data_text_parser.cc:116] beg_pos: 20011,end_pos: 20480
I20251108 00:02:58.882534 139717798590272 data_text_parser.cc:101] get chunk buffer, size: 20480
I20251108 00:02:58.882558 139717798590272 data_text_parser.cc:116] beg_pos: 0,end_pos: 1748
I20251108 00:02:58.882565 139717798590272 data_text_parser.cc:61] buffer line: 843|771|1720@3593700852:0.714755;1185@178021253:0.11936;1587@2510302135:0.620466;1048@3324225163:0.754107;1413@2646232513:0.003604;1472@1255533718:0.80999;1861@4045588694:0.727762;1430@165260684:0.976034;1384@319034633:0.489922;1829@827133060:0.889465;1635@2628661377:0.808505;1785@3076819238:0.652003;1712@3909878250:0.864778;1116@2730526753:0.494434;1010@1103918508:0.978753;1371@2202997065:0.720091;1381@2142841509:0.481901;1736@1023195527:0.832388;1206@3241328613:0.509691;1202@1848390629:0.813159|67@0.885772,0.199123,0.659558,0.749588,0.003459,0.509668,0.071427,0.085661,0.377415,0.478683,0.262525;56@0.795362,0.794745,0.995008,0.710842,0.694852,0.208566,0.157597,0.060713,0.382735,0.249466,0.24199,0.003498;73@0.433137,0.414605;38@0.162957,0.793213,0.623434,0.27202,0.990419,0.887125,0.910351,0.062632,0.093147,0.371859;1@;14@0.633826,0.280177,0.501441,0.505374,0.205046,0.617294,0.349223,0.750683,0.182018;41@;32@0.247055,0.748713,0.374756,0.854898;70@0.773204,0.006408,0.117693,0.016773;43@0.709836,0.579158,0.962266,0.984832,0.776144,0.287362,0.066413,0.253274,0.65247,0.88405,0.776485;65@0.567096,0.035908,0.677602,0.748966;20@0.096643,0.915046,0.011758,0.543167;40@0.175775,0.170276,0.453904;100@0.450172;37@0.483685,0.197567,0.465401,0.611719,0.11246,0.802006,0.283218,0.997752,0.567936,0.681005,0.284869,0.389461,0.913777;27@0.604071,0.195051,0.293054,0.11516,0.269903,0.083076,0.508622;92@0.407161,0.405026,0.495784,0.004331,0.933589;10@0.204237,0.183538,0.981291,0.96229,0.136948,0.28014,0.236396,0.026105,0.570003,0.538238,0.60675,0.04615;75@0.838558,0.796806,0.830489,0.149918,0.324378,0.267116,0.767366,0.621251,0.175792,0.242334;84@0.891432,0.084111,0.162316,0.533694,0.348589,0.629719,0.737278,0.230177,0.837327,0.368365,0.971848;82@0.999875;47@0.583038,0.508791,0.154265,0.752857,0.867195,0.391275,0.464399,0.860342,0.969373,0.064983,0.41748;9@0.784393,0.45858,0.773067,0.707557,0.398252,0.550083,0.215519,0.031854,0.305943,0.349826,0.187939;39@0.209944,0.333216,0.854161,0.546195,0.495453,0.406762,0.346933,0.640817,0.037735;88@0.652543,0.631435,0.301861,0.614685,0.78771,0.884708,0.233144;30@0.023699,0.783424,0.789544,0.70775,0.547085,0.530514,0.154297,0.745476,0.988178,0.010964|1|1762487393
I20251108 00:02:58.882603 139717798590272 data_text_parser.cc:116] beg_pos: 1749,end_pos: 3958
I20251108 00:02:58.882618 139717798590272 data_text_parser.cc:59] line: 844|483|1720@1473271997:0.918861;1185@1370947061:0.168184;1587@3743971847:0.715075;1048@4224158244:0.295232;1413@3779413207:0.714279;1472@926215115:0.99884;1861@3308781730:0.376263;1430@1562180612:0.215143;1384@743849085:0.639129;1829@392041706:0.388295;1635@89596828:0.650102;1785@1824679692:0.17289;1712@2780323253:0.265751;1116@3178770381:0.863819;1010@2452420870:0.748457;1371@2865869589:0.910461;1381@194751316:0.553406;1736@3627918615:0.958021;1206@3884554469:0.354312;1202@1312869044:0.568162|67@0.363677,0.795105,0.328845,0.377383,0.168091,0.935272,0.129175,0.011867,0.865912,0.946583,0.326585;56@0.693483,0.484175,0.927705,0.517682,0.030592,0.41378,0.591882,0.455961,0.837191,0.267704,0.616477,0.405746;73@0.961937,0.171741;38@0.187001,0.786371,0.71405,0.053868,0.590415,0.961104,0.452821,0.424373,0.210064,0.84927;1@;14@0.707074,0.770729,0.873786,0.761485,0.996159,0.076173,0.412132,0.56818,0.637048;41@;32@0.947481,0.329341,0.047213,0.088908;70@0.748137,0.22895,0.462703,0.483877;43@0.329065,0.219343,0.790765,0.558529,0.23671,0.456771,0.244165,0.398844,0.526628,0.677196,0.670882;65@0.520936,0.909754,0.354023,0.323273;20@0.284929,0.112138,0.52898,0.150111;40@0.513359,0.636466,0.433375;100@0.504253;37@0.19408,0.154879,0.127636,0.917722,0.241228,0.283982,0.316647,0.174311,0.117656,0.699936,0.335088,0.445823,0.733708;27@0.880168,0.554818,0.884171,0.518039,0.46893,0.381915,0.157829;92@0.026753,0.592651,0.358708,0.791264,0.180283;10@0.202781,0.997394,0.914744,0.02581,0.438727,0.964106,0.762916,0.473725,0.473357,0.718988,0.300707,0.980357;75@0.740228,0.645598,0.952649,0.718569,0.464868,0.610237,0.38009,0.449685,0.472358,0.259834;84@0.808968,0.110714,0.20212,0.514402,0.279495,0.878149,0.840661,0.225271,0.85887,0.045176,0.348079;82@0.598411;47@0.666978,0.136687,0.607859,0.60091,0.225187,0.703621,0.386235,0.729496,0.890653,0.48149,0.409622;9@0.281579,0.60411,0.055684,0.628678,0.653325,0.444235,0.816114,0.421478,0.844611,0.232,0.013026;39@0.022467,0.042559,0.662017,0.547375,0.908645,0.282355,0.670803,0.727905,0.731482;88@0.384736,0.465749,0.822745,0.448843,0.160665,0.201372,0.341144;30@0.272926,0.642878,0.634533,0.15786,0.193555,0.898271,0.793826,0.415639,0.857872,0.676884|1|1762487393
I20251108 00:02:58.882658 139717798590272 data_text_parser.cc:116] beg_pos: 3959,end_pos: 6164
I20251108 00:02:58.882670 139717798590272 data_text_parser.cc:59] line: 845|127|1720@3304281804:0.923075;1185@75278992:0.177088;1587@3909765097:0.151135;1048@2293158037:0.546964;1413@231301110:0.696219;1472@1228301294:0.831962;1861@1701379274:0.539768;1430@2663819635:0.910518;1384@977025865:0.47729;1829@3374909157:0.902971;1635@608357551:0.918476;1785@2050360666:0.991157;1712@185803107:0.589954;1116@78809295:0.714755;1010@1005458037:0.511805;1371@3964250465:0.734717;1381@976208083:0.897236;1736@2863851336:0.872959;1206@1767541672:0.835289;1202@319838689:0.481053|67@0.754053,0.965249,0.108259,0.299007,0.609161,0.509643,0.500606,0.307716,0.553623,0.87335,0.753406;56@0.469213,0.92014,0.01339,0.361082,0.040285,0.395432,0.174632,0.24828,0.508428,0.354323,0.894975,0.052411;73@0.136122,0.961506;38@0.579883,0.384795,0.575852,0.12968,0.070214,0.066038,0.615781,0.861415,0.750059,0.368295;1@;14@0.742812,0.117653,0.29381,0.501593,0.06799,0.876712,0.652379,0.802959,0.268708;41@;32@0.34171,0.590529,0.510135,0.464039;70@0.304899,0.450693,0.256172,0.49809;43@0.442931,0.465409,0.314835,0.128453,0.212906,0.624093,0.940261,0.692225,0.00409,0.219294,0.832027;65@0.53518,0.188125,0.861555,0.823655;20@0.488729,0.840721,0.942823,0.633922;40@0.829215,0.600997,0.433507;100@0.506165;37@0.515947,0.509595,0.617414,0.08945,0.426771,0.29283,0.870679,0.858414,0.771787,0.872833,0.96251,0.992715,0.754315;27@0.920696,0.440248,0.711148,0.814405,0.235279,0.472625,0.641904;92@0.825481,0.660764,0.401352,0.164162,0.754114;10@0.242716,0.369352,0.156875,0.129357,0.185669,0.464466,0.662378,0.901391,0.927401,0.789429,0.074633,0.771173;75@0.409634,0.537558,0.458383,0.659847,0.777677,0.458126,0.285275,0.273155,0.346919,0.816266;84@0.229029,0.628445,0.319637,0.68568,0.684563,0.531169,0.729487,0.767793,0.448401,0.158865,0.985533;82@0.120465;47@0.168941,0.096887,0.406375,0.50339,0.525138,0.931823,0.322577,0.456685,0.238511,0.288225,0.094506;9@0.820099,0.570955,0.044675,0.685043,0.962923,0.336627,0.303937,0.644335,0.213623,0.378944,0.589757;39@0.096525,0.905112,0.483429,0.161439,0.479642,0.570168,0.786524,0.389398,0.460835;88@0.10145,0.238237,0.131257,0.15702,0.679985,0.026697,0.11461;30@0.051108,0.583891,0.7004,0.820219,0.258057,0.157843,0.178872,0.618853,0.456309,0.268598|0|1762487393
I20251108 00:02:58.882708 139717798590272 data_text_parser.cc:116] beg_pos: 6165,end_pos: 8380
I20251108 00:02:58.882720 139717798590272 data_text_parser.cc:59] line: 846|899|1720@2958592136:0.81729;1185@1163845241:0.460119;1587@936791122:0.672206;1048@739241226:0.711683;1413@1712752339:0.965285;1472@2294087452:0.113855;1861@2238275874:0.078535;1430@413876767:0.232243;1384@4194330983:0.591126;1829@2364066937:0.832597;1635@3056029737:0.557787;1785@1354975487:0.02355;1712@3680604937:0.525743;1116@3067869668:0.874383;1010@1352238765:0.02117;1371@526259557:0.570724;1381@2574648857:0.938518;1736@1717164779:0.705617;1206@2400399280:0.824313;1202@366273843:0.329518|67@0.412049,0.967505,0.166582,0.814536,0.931929,0.365521,0.320402,0.376886,0.392347,0.796579,0.118097;56@0.090098,0.303817,0.750745,0.268581,0.171479,0.554278,0.971394,0.464636,0.170505,0.179206,0.376287,0.531866;73@0.058608,0.030405;38@0.330557,0.924221,0.897005,0.153958,0.452678,0.919727,0.930888,0.071124,0.136755,0.974144;1@;14@0.786994,0.092408,0.457223,0.052459,0.488922,0.975659,0.82747,0.684183,0.034258;41@;32@0.006469,0.543923,0.50277,0.163537;70@0.953226,0.99146,0.737944,0.110004;43@0.500934,0.033298,0.287524,0.499551,0.683867,0.820444,0.951174,0.561544,0.531943,0.47233,0.210941;65@0.663237,0.930674,0.521348,0.161067;20@0.510897,0.135885,0.458973,0.380183;40@0.691547,0.438484,0.009331;100@0.841784;37@0.054086,0.070618,0.560172,0.097094,0.831788,0.178137,0.075369,0.933367,0.831292,0.213586,0.563093,0.047766,0.721451;27@0.659283,0.711386,0.830571,0.04442,0.513858,0.945467,0.256832;92@0.252834,0.551786,0.929337,0.509163,0.406831;10@0.060789,0.552163,0.816256,0.892686,0.416632,0.803267,0.787892,0.386502,0.549557,0.32144,0.060087,0.032581;75@0.716543,0.063763,0.566041,0.77126,0.632466,0.36326,0.716725,0.114195,0.211102,0.372879;84@0.158646,0.454947,0.319945,0.768339,0.345268,0.004634,0.307822,0.128161,0.24387,0.308778,0.447479;82@0.975147;47@0.335611,0.045056,0.500184,0.577704,0.495716,0.670326,0.583449,0.442571,0.416533,0.022325,0.400773;9@0.751676,0.922242,0.229323,0.092237,0.07582,0.977707,0.654894,0.25584,0.616554,0.446539,0.352808;39@0.591274,0.743853,0.076988,0.967633,0.806132,0.678776,0.499829,0.249843,0.219686;88@0.281586,0.005259,0.203287,0.861308,0.315571,0.388742,0.049593;30@0.327377,0.704049,0.631986,0.951103,0.47298,0.616583,0.546309,0.819745,0.686386,0.4865|0|1762487393
I20251108 00:02:58.882755 139717798590272 data_text_parser.cc:116] beg_pos: 8381,end_pos: 10584
I20251108 00:02:58.882768 139717798590272 data_text_parser.cc:59] line: 847|417|1720@1505836332:0.333969;1185@3006333498:0.095212;1587@1705341934:0.926577;1048@2029012995:0.961957;1413@1317736339:0.388856;1472@2019242582:0.54615;1861@373476793:0.617661;1430@1525117958:0.147449;1384@3573040520:0.593172;1829@99093703:0.821696;1635@358452033:0.112815;1785@4074806939:0.421173;1712@2310141432:0.573567;1116@997289349:0.422577;1010@3413377064:0.598726;1371@868776089:0.52491;1381@1922199666:0.718224;1736@2943904721:0.232943;1206@2857393181:0.875713;1202@530413225:0.579988|67@0.133238,0.763977,0.075902,0.001029,0.676789,0.467391,0.960197,0.709651,0.891236,0.11074,0.011271;56@0.389173,0.485179,0.791329,0.193151,0.907954,0.778356,0.138218,0.084371,0.458005,0.335261,0.093629,0.148327;73@0.335017,0.458502;38@0.57688,0.748768,0.177225,0.257592,0.569984,0.70806,0.10968,0.065272,0.972725,0.405595;1@;14@0.464478,0.873185,0.089028,0.192934,0.699022,0.874735,0.001642,0.534945,0.873108;41@;32@0.917719,0.722507,0.73457,0.448597;70@0.895421,0.073683,0.156898,0.706466;43@0.920581,0.730902,0.689875,0.193527,0.164286,0.277274,0.74864,0.042178,0.745876,0.329121,0.420267;65@0.184873,0.502698,0.514138,0.507334;20@0.026347,0.280466,0.792718,0.306095;40@0.20038,0.37378,0.42789;100@0.872819;37@0.442752,0.365136,0.25682,0.990838,0.165359,0.743447,0.891207,0.50187,0.006234,0.121123,0.954505,0.649455,0.776952;27@0.948592,0.412824,0.310597,0.770875,0.18854,0.221928,0.910043;92@0.402539,0.204774,0.645531,0.658837,0.825643;10@0.353147,0.567264,0.767938,0.991256,0.126852,0.222046,0.257517,0.47844,0.243262,0.707642,0.855059,0.76497;75@0.250746,0.110121,0.400929,0.946421,0.257748,0.757229,0.919876,0.720933,0.738627,0.901594;84@0.95225,0.249041,0.060746,0.199789,0.976441,0.981723,0.629514,0.327796,0.947018,0.60559,0.364686;82@0.541265;47@0.21788,0.52886,0.989959,0.082836,0.315559,0.505821,0.707713,0.59564,0.517506,0.792037,0.150269;9@0.189224,0.52558,0.196312,0.474561,0.27345,0.079463,0.609627,0.122448,0.619369,0.791099,0.226866;39@0.281349,0.715401,0.930711,0.487858,0.024555,0.353222,0.244838,0.68685,0.474374;88@0.974019,0.976372,0.653374,0.623053,0.489495,0.65009,0.994078;30@0.199715,0.017644,0.982517,0.304812,0.175738,0.941515,0.062878,0.63172,0.818137,0.63846|1|1762487393
I20251108 00:02:58.882805 139717798590272 data_text_parser.cc:116] beg_pos: 10585,end_pos: 12791
I20251108 00:02:58.882817 139717798590272 data_text_parser.cc:59] line: 848|887|1720@1580257457:0.822852;1185@1960306768:0.122479;1587@68732587:0.810521;1048@2030518780:0.667949;1413@1414209618:0.943722;1472@2989076961:0.318259;1861@510378767:0.127202;1430@3779192377:0.111705;1384@1900259804:0.227708;1829@4284442125:0.174359;1635@1553692144:0.467198;1785@1423418002:0.050286;1712@260553121:0.512876;1116@4120219116:0.3496;1010@3375516735:0.945552;1371@3019979384:0.141775;1381@1517370225:0.226262;1736@1057265357:0.477467;1206@1995534919:0.41897;1202@325354639:0.444757|67@0.280705,0.050079,0.084965,0.5285,0.607465,0.888099,0.945683,0.920402,0.293575,0.123586,0.832482;56@0.24532,0.417393,0.189023,0.280146,0.84644,0.150237,0.252822,0.245919,0.742619,0.362662,0.566521,0.734851;73@0.18501,0.993707;38@0.957928,0.945466,0.606407,0.929032,0.308242,0.262272,0.413659,0.609541,0.466755,0.851466;1@;14@0.843785,0.809131,0.016019,0.12398,0.333153,0.249128,0.273943,0.676472,0.935891;41@;32@0.694561,0.065166,0.479529,0.846715;70@0.435924,0.185232,0.514991,0.483782;43@0.681525,0.617257,0.733971,0.294818,0.25757,0.333873,0.460656,0.368392,0.394543,0.378452,0.5717;65@0.668344,0.841534,0.171173,0.264435;20@0.018863,0.059722,0.145177,0.191938;40@0.607993,0.27726,0.34019;100@0.575247;37@0.933297,0.920105,0.872664,0.226622,0.512267,0.642551,0.384732,0.157943,0.444143,0.996742,0.533556,0.153955,0.624386;27@0.606142,0.903595,0.160164,0.536832,0.101733,0.453461,0.233812;92@0.227267,0.247629,0.915642,0.642676,0.862774;10@0.53057,0.369294,0.045817,0.463801,0.755922,0.576665,0.226554,0.573171,0.994162,0.137141,0.367188,0.181914;75@0.987659,0.907915,0.952631,0.293858,0.177964,0.853487,0.865934,0.342642,0.210457,0.639758;84@0.256556,0.713163,0.545685,0.056465,0.970131,0.348863,0.511614,0.024584,0.689311,0.549822,0.920299;82@0.205457;47@0.145636,0.437926,0.20093,0.637089,0.814151,0.140378,0.74713,0.88772,0.884724,0.82127,0.246082;9@0.320275,0.131596,0.150144,0.61624,0.606147,0.719814,0.145406,0.055899,0.893045,0.818126,0.817497;39@0.335273,0.94222,0.111947,0.047042,0.312861,0.739,0.654375,0.465641,0.897183;88@0.219311,0.127017,0.500801,0.279856,0.612627,0.270352,0.226667;30@0.803366,0.895532,0.930289,0.86907,0.971209,0.442724,0.616582,0.181791,0.717097,0.32476|1|1762487393
I20251108 00:02:58.882852 139717798590272 data_text_parser.cc:116] beg_pos: 12792,end_pos: 15007
I20251108 00:02:58.882865 139717798590272 data_text_parser.cc:59] line: 849|721|1720@3772207140:0.703204;1185@975419315:0.402987;1587@1517579936:0.287758;1048@3280494417:0.569304;1413@3391228595:0.644861;1472@926215115:0.110314;1861@1650111595:0.83393;1430@735256031:0.117813;1384@3924401040:0.98122;1829@112656796:0.376742;1635@2391963379:0.601755;1785@3639947905:0.546253;1712@1173098715:0.591312;1116@2269441858:0.003806;1010@911976550:0.989827;1371@557740510:0.361944;1381@433513831:0.942851;1736@3523200957:0.083676;1206@3119522116:0.540593;1202@2617262799:0.260626|67@0.823082,0.56529,0.349243,0.288315,0.127405,0.024788,0.555407,0.247747,0.740399,0.369582,0.860956;56@0.736699,0.221142,0.017072,0.751248,0.152296,0.10246,0.579828,0.475943,0.993802,0.459868,0.211742,0.435283;73@0.038281,0.210978;38@0.421773,0.263742,0.608848,0.629898,0.727509,0.08214,0.235873,0.870516,0.174848,0.819843;1@;14@0.526892,0.487654,0.730073,0.689572,0.795286,0.631193,0.833583,0.711509,0.332251;41@;32@0.260768,0.083199,0.805873,0.694861;70@0.832215,0.029628,0.552757,0.185657;43@0.747564,0.148481,0.569865,0.858176,0.909935,0.656308,0.995339,0.583341,0.237962,0.93371,0.497922;65@0.057477,0.685404,0.521377,0.888709;20@0.732347,0.700665,0.270982,0.291944;40@0.004004,0.606765,0.101915;100@0.19396;37@0.20049,0.811411,0.242283,0.549218,0.15907,0.234927,0.724643,0.392177,0.276975,0.676777,0.630143,0.715838,0.187751;27@0.312381,0.372787,0.930794,0.864833,0.975168,0.646635,0.974929;92@0.006859,0.162428,0.475391,0.795651,0.008436;10@0.16991,0.633651,0.66098,0.190195,0.817823,0.25412,0.183566,0.673249,0.28617,0.168905,0.421253,0.237032;75@0.003304,0.685748,0.027475,0.931901,0.179977,0.347968,0.258061,0.099371,0.185285,0.391481;84@0.691447,0.811149,0.744193,0.432455,0.722787,0.828522,0.725356,0.420941,0.782243,0.258683,0.525594;82@0.630352;47@0.183089,0.936286,0.361232,0.411398,0.285882,0.768748,0.140437,0.689835,0.921522,0.727022,0.854412;9@0.902609,0.452923,0.032895,0.502028,0.358027,0.556566,0.360256,0.597632,0.613658,0.439788,0.693483;39@0.861552,0.700775,0.715442,0.960756,0.505522,0.092474,0.009907,0.29086,0.416125;88@0.402846,0.915194,0.365352,0.988332,0.18946,0.142168,0.385875;30@0.957658,0.092714,0.471545,0.502575,0.568511,0.316127,0.953586,0.219192,0.428437,0.914026|1|1762487393
I20251108 00:02:58.882903 139717798590272 data_text_parser.cc:116] beg_pos: 15008,end_pos: 17220
I20251108 00:02:58.882920 139717798590272 data_text_parser.cc:59] line: 850|380|1720@3987050933:0.585556;1185@3513716128:0.334161;1587@947282475:0.173917;1048@716794159:0.348476;1413@2610082238:0.129707;1472@3236662065:0.424403;1861@2160243784:0.742315;1430@2108407044:0.946816;1384@4221844663:0.908087;1829@1495403344:0.791013;1635@3199606311:0.210045;1785@477625323:0.93851;1712@1324443726:0.425523;1116@3468523744:0.623903;1010@2093464328:0.554524;1371@3557882940:0.287361;1381@300219166:0.894304;1736@1770673893:0.191905;1206@3577936654:0.233366;1202@1197045782:0.077739|67@0.391132,0.892992,0.784543,0.2999,0.744812,0.598641,0.366069,0.603755,0.082213,0.856755,0.869686;56@0.073315,0.24965,0.805534,0.999894,0.694921,0.04863,0.935076,0.413602,0.924865,0.968327,0.766505,0.117528;73@0.401143,0.302364;38@0.240318,0.438216,0.216444,0.412225,0.638473,0.491315,0.08487,0.779589,0.585539,0.885046;1@;14@0.864641,0.631617,0.50971,0.843288,0.105096,0.749347,0.957663,0.606641,0.279537;41@;32@0.666553,0.761465,0.840024,0.186006;70@0.232261,0.273536,0.466309,0.104932;43@0.0493,0.819174,0.179498,0.796143,0.242886,0.582012,0.142128,0.757595,0.810956,0.277263,0.665659;65@0.655389,0.714971,0.565819,0.134983;20@0.139355,0.796852,0.894817,0.667113;40@0.052235,0.132717,0.882063;100@0.630376;37@0.308504,0.517048,0.60971,0.275085,0.293531,0.401533,0.065477,0.908333,0.915209,0.262999,0.457304,0.791446,0.578877;27@0.172607,0.278263,0.66289,0.487569,0.154595,0.958628,0.516415;92@0.180225,0.067035,0.898454,0.395463,0.104829;10@0.383132,0.643937,0.941049,0.527739,0.168937,0.019704,0.175899,0.107468,0.93249,0.292354,0.325235,0.960556;75@0.561222,0.070307,0.297445,0.593569,0.420905,0.727497,0.234901,0.015162,0.484575,0.146732;84@0.074435,0.272922,0.035507,0.656296,0.606682,0.287251,0.666408,0.79868,0.135277,0.77224,0.609983;82@0.92144;47@0.029418,0.983128,0.236194,0.924265,0.873006,0.413626,0.285645,0.408069,0.321228,0.481344,0.324226;9@0.272134,0.177036,0.886107,0.801619,0.268829,0.164588,0.097597,0.107097,0.762571,0.313522,0.019757;39@0.214211,0.366006,0.991642,0.242838,0.117309,0.837627,0.947753,0.658,0.471252;88@0.264955,0.846856,0.672413,0.507509,0.616743,0.642417,0.993878;30@0.455155,0.445054,0.59793,0.339012,0.055426,0.352549,0.21329,0.042478,0.16032,0.037212|1|1762487393
I20251108 00:02:58.882952 139717798590272 data_text_parser.cc:116] beg_pos: 17221,end_pos: 19428
I20251108 00:02:58.882964 139717798590272 data_text_parser.cc:59] line: 851|297|1720@1826487332:0.136848;1185@2650233984:0.081941;1587@63024413:0.666837;1048@3957192933:0.626317;1413@926700171:0.813524;1472@3799317258:0.459965;1861@4039792494:0.522312;1430@1620878581:0.181657;1384@1258478712:0.881989;1829@1376476421:0.012121;1635@1085340211:0.499163;1785@3463580375:0.937552;1712@1600446153:0.192019;1116@662012262:0.842016;1010@3602937380:0.92171;1371@319090530:0.708793;1381@2958221781:0.418027;1736@2732610767:0.701548;1206@115713624:0.749144;1202@917729851:0.999057|67@0.808801,0.66386,0.683364,0.984025,0.63336,0.52711,0.150512,0.731502,0.922885,0.919599,0.881279;56@0.827102,0.705054,0.648994,0.166347,0.099338,0.672998,0.015887,0.653486,0.984686,0.066886,0.095668,0.820307;73@0.04377,0.93314;38@0.705366,0.189298,0.975583,0.851049,0.482899,0.897224,0.099889,0.300648,0.169625,0.47063;1@;14@0.422361,0.027711,0.375018,0.437315,0.226147,0.806206,0.978077,0.683993,0.563716;41@;32@0.392089,0.381993,0.783037,0.916122;70@0.216449,0.414934,0.680319,0.956949;43@0.487975,0.90377,0.318504,0.142507,0.083743,0.003585,0.27814,0.11231,0.279773,0.057688,0.124887;65@0.424671,0.41933,0.687865,0.714467;20@0.974995,0.515314,0.622376,0.454362;40@0.799247,0.956317,0.062383;100@0.43438;37@0.638122,0.908177,0.019182,0.776193,0.938475,0.181394,0.365564,0.609173,0.177192,0.71179,0.169477,0.167517,0.285495;27@0.428288,0.599761,0.287487,0.978147,0.591607,0.599941,0.691871;92@0.243024,0.481471,0.43648,0.963403,0.491606;10@0.791747,0.644404,0.939465,0.532714,0.876222,0.689296,0.523489,0.33403,0.058566,0.358921,0.922852,0.784314;75@0.978488,0.263096,0.55051,0.261486,0.769447,0.415417,0.16581,0.802042,0.582924,0.587988;84@0.490533,0.843305,0.267304,0.567477,0.333213,0.133838,0.29173,0.878302,0.00519,0.907378,0.78586;82@0.504382;47@0.303196,0.156186,0.407602,0.33317,0.407688,0.934592,0.703861,0.592282,0.401487,0.149693,0.895305;9@0.765139,0.24675,0.202649,0.668967,0.866858,0.974264,0.753185,0.006415,0.590822,0.581758,0.283918;39@0.119951,0.559274,0.023741,0.224224,0.567298,0.053499,0.348135,0.585854,0.547968;88@0.260444,0.331036,0.259731,0.762382,0.285541,0.269702,0.585319;30@0.99155,0.269439,0.895368,0.409917,0.353665,0.182471,0.903594,0.581207,0.028089,0.991174|1|1762487393
I20251108 00:02:58.882997 139717798590272 data_text_parser.cc:116] beg_pos: 19429,end_pos: 20480
I20251108 00:02:58.883248 139717798590272 data_text_parser.cc:101] get chunk buffer, size: 20480
I20251108 00:02:58.883268 139717798590272 data_text_parser.cc:116] beg_pos: 0,end_pos: 1164
I20251108 00:02:58.883275 139717798590272 data_text_parser.cc:61] buffer line: 852|676|1720@1330320178:0.188123;1185@43959811:0.745013;1587@260343835:0.081847;1048@1867550195:0.83268;1413@2360094319:0.166129;1472@1733887455:0.885366;1861@3383910984:0.546163;1430@785977461:0.877219;1384@996766079:0.591918;1829@2973142829:0.435702;1635@1039127057:0.300062;1785@4100034261:0.846029;1712@3027270417:0.7202;1116@2981598190:0.427473;1010@805047898:0.059472;1371@280828832:0.825481;1381@2792604677:0.723456;1736@2537650743:0.489369;1206@3664785180:0.897127;1202@3441112965:0.32201|67@0.828783,0.075768,0.023451,0.588016,0.084355,0.360274,0.086038,0.915365,0.596021,0.244283,0.610236;56@0.815548,0.076748,0.373778,0.027874,0.457301,0.268517,0.350371,0.823454,0.121339,0.760906,0.745011,0.649117;73@0.672899,0.540328;38@0.6473,0.658062,0.094123,0.944263,0.821972,0.604193,0.828388,0.305875,0.172463,0.254139;1@;14@0.767098,0.551884,0.260445,0.996726,0.519772,0.511148,0.108511,0.52891,0.761415;41@;32@0.122729,0.172634,0.381724,0.713789;70@0.383231,0.221166,0.018544,0.92718;43@0.688547,0.061816,0.81079,0.768838,0.164453,0.120381,0.052111,0.183719,0.23213,0.402358,0.836525;65@0.799329,0.185381,0.151538,0.215744;20@0.33426,0.024192,0.576332,0.252699;40@0.167716,0.448188,0.747088;100@0.027261;37@0.559213,0.651552,0.914536,0.669404,0.779734,0.095614,0.291556,0.824172,0.693768,0.491257,0.028429,0.650687,0.887643;27@0.124257,0.106326,0.419269,0.317856,0.336805,0.081326,0.969291;92@0.366228,0.412919,0.233766,0.50181,0.813536;10@0.740941,0.090274,0.983859,0.944926,0.096513,0.331063,0.882724,0.474655,0.623239,0.330816,0.500478,0.177612;75@0.815421,0.951631,0.818245,0.226487,0.902266,0.055884,0.243235,0.343574,0.093215,0.130134;84@0.88972,0.712341,0.429385,0.191879,0.731125,0.144832,0.536984,0.361295,0.149275,0.564563,0.462244;82@0.002702;47@0.303656,0.53334,0.420012,0.973747,0.301645,0.392353,0.965096,0.314494,0.998931,0.459185,0.408948;9@0.201719,0.853915,0.649248,0.605441,0.938103,0.599159,0.148242,0.673264,0.647153,0.714867,0.355421;39@0.481898,0.773894,0.83246,0.252737,0.884928,0.999893,0.475713,0.989951,0.675992;88@0.701374,0.210349,0.043611,0.948858,0.063976,0.712373,0.026426;30@0.343889,0.006052,0.231643,0.256008,0.033763,0.446892,0.701383,0.278512,0.896155,0.882033|1|1762487393
I20251108 00:02:58.883313 139717798590272 data_text_parser.cc:116] beg_pos: 1165,end_pos: 3386
I20251108 00:02:58.883326 139717798590272 data_text_parser.cc:59] line: 853|837|1720@3298453578:0.656725;1185@3451129464:0.743225;1587@1255203584:0.038374;1048@3018160254:0.616088;1413@3876856643:0.056992;1472@46610589:0.149006;1861@27511256:0.173187;1430@1504570473:0.658691;1384@494446469:0.274198;1829@3958873292:0.898749;1635@2277247460:0.618581;1785@4023927607:0.91129;1712@3638459648:0.370239;1116@3357441273:0.382072;1010@1962053045:0.951515;1371@1378291966:0.532745;1381@2301352976:0.410108;1736@4094894341:0.300965;1206@859195761:0.390951;1202@2677184932:0.922265|67@0.73782,0.641455,0.860521,0.119742,0.450995,0.327536,0.562299,0.622186,0.065028,0.461627,0.10319;56@0.764535,0.336788,0.321186,0.626541,0.401481,0.914815,0.346149,0.182736,0.263358,0.989886,0.066747,0.853293;73@0.658394,0.445138;38@0.378387,0.121409,0.902996,0.982069,0.429529,0.372399,0.437096,0.085679,0.626282,0.676309;1@;14@0.271352,0.166469,0.493821,0.726404,0.318473,0.086063,0.013977,0.755413,0.273048;41@;32@0.174322,0.658978,0.264459,0.916804;70@0.464911,0.512314,0.567751,0.231873;43@0.408866,0.167319,0.784881,0.220794,0.787028,0.121749,0.796802,0.170508,0.927904,0.738096,0.072948;65@0.835398,0.522864,0.931485,0.993219;20@0.842857,0.059651,0.085576,0.376004;40@0.050277,0.124799,0.673375;100@0.548204;37@0.714701,0.789048,0.954489,0.286981,0.835865,0.233681,0.557141,0.409094,0.614554,0.898034,0.177876,0.876469,0.813242;27@0.582751,0.966367,0.155983,0.30653,0.771238,0.753706,0.715652;92@0.094355,0.054755,0.282201,0.608922,0.432868;10@0.799532,0.359661,0.399971,0.298413,0.047239,0.368285,0.191362,0.957712,0.144039,0.846258,0.100493,0.847946;75@0.992915,0.328412,0.883265,0.372577,0.945447,0.861426,0.956567,0.578056,0.83767,0.96234;84@0.477008,0.136197,0.993273,0.366772,0.427645,0.509758,0.591348,0.957349,0.810415,0.251407,0.332089;82@0.397941;47@0.799704,0.940627,0.036803,0.390089,0.282476,0.20479,0.124127,0.936651,0.657022,0.498152,0.263743;9@0.597892,0.873713,0.600931,0.726891,0.573893,0.495155,0.039836,0.482869,0.96955,0.262753,0.927139;39@0.591263,0.823135,0.20575,0.789841,0.42734,0.003914,0.001868,0.691137,0.995414;88@0.528653,0.259135,0.187347,0.513523,0.231157,0.505447,0.875013;30@0.329811,0.984333,0.952533,0.597024,0.647899,0.155732,0.702139,0.596648,0.698852,0.541314|0|1762487393
I20251108 00:02:58.883361 139717798590272 data_text_parser.cc:116] beg_pos: 3387,end_pos: 5599
I20251108 00:02:58.883374 139717798590272 data_text_parser.cc:59] line: 854|180|1720@3949667100:0.372798;1185@1359960709:0.216954;1587@2988906405:0.711715;1048@3356590367:0.765111;1413@2406498459:0.626724;1472@610299331:0.257728;1861@3331999629:0.884287;1430@2183824013:0.994272;1384@4106606711:0.085882;1829@212191187:0.656838;1635@433390235:0.493674;1785@196364462:0.234929;1712@666972945:0.3335;1116@2203255463:0.39343;1010@1431700024:0.652665;1371@2694681830:0.13308;1381@365235962:0.011693;1736@532737912:0.515183;1206@2099503101:0.613541;1202@190873622:0.475848|67@0.286431,0.289152,0.812935,0.606457,0.808853,0.388044,0.488323,0.371359,0.617095,0.480051,0.007447;56@0.181994,0.131842,0.033647,0.772759,0.740763,0.923257,0.025033,0.097972,0.983667,0.876469,0.702585,0.564632;73@0.227369,0.850742;38@0.331762,0.87527,0.394801,0.495094,0.298191,0.292337,0.54424,0.617394,0.084299,0.426445;1@;14@0.466955,0.822181,0.934652,0.771433,0.452491,0.383423,0.836018,0.536721,0.699519;41@;32@0.136785,0.351304,0.501461,0.455518;70@0.245057,0.48062,0.651484,0.092057;43@0.673266,0.517761,0.350185,0.401104,0.603167,0.979127,0.848765,0.155405,0.490972,0.841385,0.722284;65@0.996042,0.547971,0.13384,0.365888;20@0.122237,0.718524,0.335403,0.672793;40@0.998749,0.503681,0.270262;100@0.945688;37@0.017743,0.392488,0.280281,0.605143,0.252299,0.823274,0.364864,0.620504,0.96243,0.113896,0.689775,0.465018,0.330814;27@0.617251,0.870457,0.727971,0.029729,0.387405,0.384392,0.073883;92@0.096888,0.098998,0.675919,0.807396,0.634128;10@0.345234,0.999322,0.471031,0.362085,0.685395,0.269828,0.711615,0.810362,0.868279,0.365208,0.094375,0.986378;75@0.561933,0.277705,0.888745,0.143387,0.594849,0.868559,0.01003,0.246285,0.443773,0.301991;84@0.421866,0.386127,0.304159,0.139355,0.734445,0.637645,0.61961,0.070685,0.492208,0.942779,0.862143;82@0.322143;47@0.611619,0.482062,0.905973,0.012458,0.426847,0.769778,0.944757,0.336296,0.249749,0.423758,0.20251;9@0.956625,0.059165,0.431916,0.443502,0.534472,0.247717,0.491959,0.808443,0.81801,0.619078,0.447275;39@0.265644,0.956899,0.913606,0.821836,0.9024,0.45072,0.463398,0.545107,0.888722;88@0.976695,0.370571,0.801608,0.560668,0.425098,0.524092,0.652251;30@0.809737,0.308011,0.836722,0.80832,0.306494,0.718561,0.380351,0.360859,0.402921,0.831833|0|1762487393
I20251108 00:02:58.883411 139717798590272 data_text_parser.cc:116] beg_pos: 5600,end_pos: 7815
I20251108 00:02:58.883424 139717798590272 data_text_parser.cc:59] line: 855|236|1720@3729918206:0.714737;1185@2484283342:0.85215;1587@3879073781:0.578556;1048@2202728794:0.328032;1413@3409285853:0.892026;1472@3756595120:0.099466;1861@698183582:0.438153;1430@2436802365:0.890121;1384@926894475:0.746028;1829@2683654551:0.155549;1635@3415407218:0.943895;1785@2664562505:0.565139;1712@3348543419:0.593565;1116@3547466263:0.722422;1010@568892657:0.770381;1371@2111969221:0.601133;1381@993220958:0.785674;1736@3398327103:0.199011;1206@680595492:0.672101;1202@2720644007:0.416605|67@0.851425,0.609575,0.305706,0.140579,0.489708,0.977274,0.914435,0.483926,0.640466,0.251286,0.186987;56@0.658239,0.620302,0.747219,0.088297,0.08678,0.765111,0.278549,0.529383,0.31693,0.651036,0.042864,0.705642;73@0.747976,0.349496;38@0.046656,0.269027,0.028077,0.278219,0.085997,0.318033,0.302837,0.432961,0.208503,0.429783;1@;14@0.375183,0.146792,0.455143,0.668248,0.295214,0.683348,0.402677,0.279447,0.693014;41@;32@0.803866,0.475411,0.069427,0.561571;70@0.780105,0.069037,0.139802,0.21683;43@0.40871,0.496241,0.507783,0.097717,0.832242,0.642392,0.92279,0.786181,0.876571,0.271492,0.897198;65@0.562746,0.656442,0.909815,0.084998;20@0.470548,0.433585,0.841055,0.380649;40@0.453409,0.605338,0.76753;100@0.28256;37@0.959494,0.580169,0.71735,0.43104,0.723632,0.534994,0.152198,0.294062,0.382566,0.517248,0.729998,0.582454,0.229657;27@0.507947,0.777618,0.626154,0.965055,0.140617,0.173916,0.144662;92@0.354166,0.294323,0.635676,0.079702,0.832585;10@0.073173,0.730166,0.421765,0.811736,0.997001,0.723834,0.853386,0.480189,0.705215,0.299366,0.976223,0.992449;75@0.976984,0.592665,0.857257,0.368773,0.444049,0.523429,0.191926,0.569117,0.875383,0.771838;84@0.349023,0.867687,0.590243,0.207888,0.031517,0.087094,0.593114,0.972229,0.463542,0.995248,0.535833;82@0.780237;47@0.287526,0.365289,0.424616,0.820772,0.592981,0.820814,0.299753,0.320859,0.670124,0.880406,0.53431;9@0.556567,0.834648,0.48082,0.306637,0.800104,0.909906,0.030758,0.105109,0.141688,0.716913,0.772446;39@0.47944,0.82605,0.949676,0.827737,0.6875,0.775525,0.539115,0.927222,0.417698;88@0.371077,0.13207,0.771373,0.046651,0.498582,0.543169,0.117075;30@0.294813,0.572195,0.314611,0.699915,0.612233,0.077722,0.903174,0.814933,0.631742,0.406561|1|1762487393
I20251108 00:02:58.883459 139717798590272 data_text_parser.cc:116] beg_pos: 7816,end_pos: 10024
I20251108 00:02:58.883471 139717798590272 data_text_parser.cc:59] line: 856|535|1720@433513831:0.295719;1185@375645101:0.606659;1587@1736640959:0.028572;1048@2343514060:0.578099;1413@2343992474:0.654989;1472@1418160697:0.279269;1861@1895768999:0.543481;1430@622657836:0.375187;1384@769019741:0.063202;1829@1481273672:0.592442;1635@3698805262:0.478477;1785@3717747650:0.252056;1712@214449334:0.775633;1116@2557625875:0.139903;1010@852148063:0.840015;1371@1413927612:0.532355;1381@416294179:0.555601;1736@3266891516:0.227793;1206@241980366:0.281574;1202@290220632:0.045101|67@0.321073,0.569961,0.873101,0.781715,0.861765,0.686819,0.443102,0.98704,0.150768,0.383264,0.728208;56@0.692632,0.540532,0.674686,0.056525,0.023225,0.493786,0.954719,0.941927,0.639433,0.035533,0.229618,0.133192;73@0.09811,0.094587;38@0.18114,0.955207,0.603197,0.044493,0.139765,0.758922,0.587862,0.056732,0.975118,0.583376;1@;14@0.479651,0.818339,0.312262,0.116294,0.323314,0.817717,0.832535,0.362639,0.745917;41@;32@0.318611,0.578346,0.084179,0.494346;70@0.828717,0.136095,0.96704,0.60997;43@0.474285,0.571639,0.414363,0.185973,0.885258,0.751423,0.171907,0.466037,0.094343,0.745934,0.995668;65@0.996062,0.006231,0.002003,0.770455;20@0.512183,0.075499,0.009126,0.618415;40@0.500791,0.187329,0.252673;100@0.815396;37@0.893549,0.701892,0.273482,0.022617,0.056554,0.28276,0.48541,0.420016,0.690423,0.97168,0.212752,0.28367,0.479933;27@0.078127,0.246472,0.305862,0.192626,0.615848,0.019836,0.677851;92@0.232385,0.919278,0.159994,0.229115,0.148077;10@0.413171,0.037704,0.518735,0.88119,0.637985,0.708298,0.877374,0.977807,0.514041,0.070756,0.907913,0.210382;75@0.601152,0.794,0.904668,0.370158,0.600969,0.110214,0.546478,0.455366,0.242965,0.824487;84@0.800763,0.410078,0.324895,0.126197,0.916474,0.612165,0.572456,0.1668,0.139677,0.279907,0.585281;82@0.37919;47@0.661291,0.121774,0.115995,0.298666,0.973429,0.51781,0.207156,0.362497,0.702413,0.977335,0.913048;9@0.025052,0.069803,0.160307,0.768102,0.662416,0.389085,0.887248,0.694906,0.223809,0.588568,0.881617;39@0.608286,0.858028,0.409735,0.79492,0.36843,0.588835,0.834799,0.617284,0.97836;88@0.484287,0.402377,0.836443,0.768713,0.292116,0.153581,0.794659;30@0.160927,0.352734,0.768365,0.339121,0.387594,0.174531,0.432392,0.324511,0.922758,0.983164|0|1762487393
I20251108 00:02:58.883513 139717798590272 data_text_parser.cc:116] beg_pos: 10025,end_pos: 12229
I20251108 00:02:58.883525 139717798590272 data_text_parser.cc:59] line: 857|340|1720@1801033723:0.656233;1185@2340817420:0.061917;1587@2506491265:0.034488;1048@3873915534:0.608033;1413@1405721667:0.52673;1472@1619044581:0.89616;1861@3505232156:0.224628;1430@3261606362:0.755989;1384@2133179998:0.05117;1829@3334708844:0.836951;1635@2454679622:0.802789;1785@2737675823:0.960377;1712@654461107:0.437849;1116@3531885192:0.51184;1010@2491758963:0.483141;1371@2352726892:0.58544;1381@1609811373:0.820303;1736@4192691631:0.733064;1206@177743087:0.45003;1202@3272623181:0.951365|67@0.739089,0.487606,0.75696,0.118061,0.714312,0.588308,0.873687,0.057601,0.043,0.318268,0.99342;56@0.546038,0.742226,0.425513,0.139349,0.740328,0.435354,0.707988,0.149696,0.870116,0.819507,0.037764,0.924328;73@0.65914,0.720286;38@0.512845,0.020546,0.539221,0.18072,0.361803,0.317494,0.896044,0.145915,0.713072,0.66733;1@;14@0.97496,0.9049,0.352923,0.190629,0.744674,0.756448,0.905549,0.860907,0.387;41@;32@0.454726,0.040631,0.997029,0.613156;70@0.238184,0.464705,0.597235,0.440205;43@0.062554,0.349929,0.849,0.610319,0.05506,0.150211,0.174443,0.257634,0.150377,0.434806,0.500206;65@0.947677,0.115846,0.646074,0.710388;20@0.166618,0.089709,0.279056,0.878821;40@0.386517,0.670278,0.691762;100@0.741346;37@0.038344,0.908808,0.832688,0.496956,0.876735,0.916887,0.083944,0.589742,0.759653,0.529706,0.248965,0.323984,0.71346;27@0.957794,0.989592,0.561877,0.891742,0.727179,0.846457,0.431186;92@0.841738,0.537493,0.862376,0.449229,0.10394;10@0.444035,0.319106,0.342688,0.471049,0.118391,0.172366,0.049822,0.300229,0.837046,0.576916,0.977134,0.360703;75@0.643796,0.839257,0.975698,0.297246,0.719734,0.293198,0.654615,0.49846,0.762605,0.692018;84@0.945375,0.329717,0.220922,0.965362,0.317936,0.63593,0.941479,0.726779,0.821845,0.380521,0.151869;82@0.859489;47@0.248341,0.905134,0.295838,0.00165,0.237117,0.159211,0.290201,0.675634,0.349994,0.664531,0.192174;9@0.035031,0.914575,0.104548,0.353281,0.288613,0.254936,0.067438,0.633333,0.454945,0.207284,0.765239;39@0.263808,0.187397,0.785423,0.025218,0.269834,0.690578,0.773991,0.514475,0.358845;88@0.790309,0.464434,0.93901,0.654817,0.682428,0.175679,0.223842;30@0.69415,0.817569,0.555076,0.737094,0.704356,0.012017,0.846519,0.463773,0.943311,0.268492|1|1762487393
I20251108 00:02:58.883563 139717798590272 data_text_parser.cc:116] beg_pos: 12230,end_pos: 14439
I20251108 00:02:58.883575 139717798590272 data_text_parser.cc:59] line: 858|786|1720@3887564545:0.836713;1185@611862174:0.343309;1587@624618267:0.172951;1048@791242046:0.474315;1413@3965683273:0.03322;1472@296375594:0.467704;1861@2263369079:0.699738;1430@736812003:0.443671;1384@1460682604:0.673737;1829@2726396985:0.65001;1635@2403281461:0.544987;1785@3553572596:0.919435;1712@791300822:0.531609;1116@2311317088:0.327377;1010@2367989578:0.161309;1371@1328322132:0.939216;1381@3040248829:0.257997;1736@277972584:0.83173;1206@999410842:0.913559;1202@2631060031:0.079632|67@0.265319,0.504514,0.575301,0.891459,0.652974,0.708213,0.585151,0.325422,0.931274,0.852008,0.580591;56@0.893743,0.930217,0.632476,0.108284,0.175363,0.84311,0.284414,0.002476,0.239226,0.812885,0.440591,0.59268;73@0.12471,0.145188;38@0.966026,0.403638,0.724972,0.23696,0.193276,0.407088,0.489209,0.893904,0.352446,0.314615;1@;14@0.619899,0.561893,0.5139,0.463979,0.066669,0.781575,0.315553,0.645848,0.550504;41@;32@0.207165,0.807113,0.884957,0.429527;70@0.325035,0.439887,0.314906,0.702653;43@0.979919,0.057003,0.039273,0.700958,0.983269,0.250834,0.772855,0.392854,0.538462,0.541059,0.736662;65@0.448093,0.290322,0.17413,0.140791;20@0.831323,0.025833,0.621548,0.699571;40@0.984234,0.978186,0.547533;100@0.979856;37@0.430645,0.518037,0.113677,0.185296,0.20248,0.908894,0.835167,0.417406,0.433481,0.949521,0.395676,0.187994,0.553056;27@0.964971,0.235946,0.054451,0.289679,0.442084,0.446049,0.784365;92@0.449414,0.260115,0.01235,0.116652,0.053468;10@0.426827,0.953583,0.564813,0.125983,0.09467,0.792193,0.411449,0.090377,0.386755,0.192054,0.934502,0.274339;75@0.864781,0.61824,0.658518,0.28927,0.156844,0.259961,0.371274,0.518824,0.936831,0.504993;84@0.799603,0.983966,0.70452,0.971115,0.824748,0.703862,0.920959,0.334911,0.71563,0.114592,0.922299;82@0.321318;47@0.285431,0.949449,0.203107,0.031547,0.117824,0.455892,0.884756,0.945455,0.602459,0.763075,0.090955;9@0.998319,0.18132,0.487918,0.742172,0.256742,0.22915,0.757527,0.092152,0.248231,0.149068,0.430693;39@0.924446,0.665911,0.557993,0.999385,0.326495,0.721937,0.848385,0.923013,0.677005;88@0.74194,0.941333,0.342719,0.184334,0.113165,0.279604,0.519511;30@0.655664,0.578713,0.848638,0.666248,0.414259,0.154713,0.291187,0.254415,0.258151,0.580908|0|1762487393
I20251108 00:02:58.883613 139717798590272 data_text_parser.cc:116] beg_pos: 14440,end_pos: 16650
I20251108 00:02:58.883625 139717798590272 data_text_parser.cc:59] line: 859|44|1720@2232708298:0.718743;1185@2183016287:0.57645;1587@1582937250:0.184987;1048@1795122943:0.235986;1413@1504570473:0.306676;1472@3544579205:0.726205;1861@674400963:0.874595;1430@79357329:0.041901;1384@2831823675:0.583197;1829@1245859142:0.670913;1635@753481352:0.917971;1785@2492583268:0.449656;1712@3964250465:0.762895;1116@2002579029:0.554847;1010@3723423135:0.904662;1371@2957095251:0.843131;1381@1383631443:0.316959;1736@621658839:0.674879;1206@948870856:0.791543;1202@1394216089:0.181386|67@0.447036,0.952122,0.901068,0.652025,0.665431,0.179076,0.388242,0.802394,0.571495,0.115892,0.465766;56@0.198716,0.921494,0.833829,0.873239,0.799061,0.853852,0.642782,0.723661,0.092598,0.158167,0.914106,0.137134;73@0.382459,0.797426;38@0.305065,0.688937,0.003119,0.281469,0.448597,0.389961,0.193577,0.674094,0.688563,0.546937;1@;14@0.965152,0.18468,0.727244,0.157766,0.477799,0.458135,0.995779,0.121973,0.85188;41@;32@0.251092,0.149941,0.400795,0.454607;70@0.516884,0.915343,0.098869,0.155337;43@0.960109,0.751273,0.727828,0.677929,0.766051,0.149283,0.35845,0.23731,0.437062,0.877655,0.235106;65@0.740733,0.716687,0.173625,0.926225;20@0.759959,0.560943,0.200416,0.333397;40@0.5656,0.147711,0.475407;100@0.222483;37@0.325164,0.966699,0.351367,0.419974,0.780981,0.759305,0.946041,0.621251,0.423174,0.611258,0.410751,0.562179,0.117966;27@0.065596,0.564539,0.864626,0.948849,0.515751,0.349915,0.068961;92@0.15573,0.170962,0.84199,0.450735,0.586538;10@0.394193,0.918625,0.006158,0.291601,0.821633,0.204277,0.369811,0.946141,0.11916,0.208314,0.10954,0.711547;75@0.133533,0.12296,0.355875,0.855367,0.379968,0.211529,0.513531,0.900772,0.41868,0.880001;84@0.491868,0.921318,0.78088,0.518629,0.643459,0.433463,0.871526,0.92901,0.053706,0.331927,0.503108;82@0.195815;47@0.858371,0.224517,0.936975,0.604959,0.154397,0.912055,0.351595,0.376918,0.048908,0.383654,0.67075;9@0.068699,0.180814,0.261295,0.114767,0.441258,0.032566,0.736459,0.803855,0.274796,0.944312,0.588843;39@0.120557,0.862282,0.009466,0.601487,0.905019,0.920318,0.689507,0.338025,0.242229;88@0.40435,0.46138,0.457502,0.506666,0.745148,0.172753,0.255127;30@0.012022,0.525418,0.001751,0.92674,0.216918,0.499833,0.50223,0.495363,0.470123,0.085641|1|1762487393
I20251108 00:02:58.883662 139717798590272 data_text_parser.cc:116] beg_pos: 16651,end_pos: 18859
I20251108 00:02:58.883675 139717798590272 data_text_parser.cc:59] line: 860|586|1720@574654644:0.801264;1185@3743855383:0.070912;1587@441551277:0.115075;1048@752471169:0.243106;1413@2174395130:0.526622;1472@4016974801:0.99721;1861@3485924587:0.921632;1430@2482025848:0.247188;1384@1517066207:0.884498;1829@3911023552:0.736326;1635@68732587:0.04806;1785@1051078875:0.820674;1712@513774627:0.25115;1116@3116673366:0.838214;1010@4015082937:0.687674;1371@3021254777:0.629768;1381@3044895629:0.176308;1736@4224158244:0.638876;1206@3384746701:0.167893;1202@3984737003:0.547028|67@0.290932,0.908745,0.826017,0.624426,0.260352,0.841658,0.512228,0.674682,0.268103,0.536214,0.308593;56@0.31056,0.930309,0.701419,0.508175,0.854569,0.272763,0.594265,0.449177,0.696282,0.034919,0.649487,0.854836;73@0.102133,0.016333;38@0.23405,0.530714,0.582464,0.50052,0.308837,0.363208,0.992574,0.546031,0.149337,0.918289;1@;14@0.360331,0.979455,0.966159,0.443386,0.893368,0.755223,0.012404,0.185388,0.456689;41@;32@0.078979,0.139181,0.489081,0.750964;70@0.324108,0.364179,0.732462,0.048434;43@0.516831,0.216007,0.258884,0.260187,0.35126,0.529775,0.427042,0.993244,0.08163,0.558383,0.252817;65@0.423339,0.499163,0.279232,0.640829;20@0.138687,0.006049,0.64109,0.786795;40@0.947494,0.508975,0.669925;100@0.635402;37@0.718696,0.590275,0.977778,0.585786,0.531275,0.41354,0.900016,0.342872,0.461554,0.849377,0.468207,0.829133,0.6037;27@0.994114,0.250706,0.271291,0.433881,0.703238,0.31603,0.859018;92@0.006329,0.669301,0.155583,0.711864,0.081636;10@0.219982,0.347429,0.936796,0.996858,0.749086,0.523083,0.608571,0.099078,0.176856,0.433883,0.853202,0.522577;75@0.803771,0.679746,0.685739,0.726992,0.298333,0.99323,0.793315,0.094021,0.082988,0.96203;84@0.06948,0.510278,0.51726,0.231965,0.981678,0.6111,0.481096,0.856512,0.265023,0.662316,0.559514;82@0.575989;47@0.698623,0.012082,0.711572,0.920538,0.823505,0.422913,0.246077,0.453208,0.714225,0.755191,0.734311;9@0.385699,0.833601,0.425717,0.671456,0.841737,0.473667,0.785133,0.700758,0.631906,0.602201,0.599429;39@0.782765,0.679039,0.493683,0.114452,0.813705,0.762026,0.202908,0.135379,0.326376;88@0.816551,0.503133,0.780098,0.723375,0.293865,0.251101,0.6408;30@0.234995,0.223556,0.005945,0.940071,0.806107,0.641642,0.052132,0.5201,0.937362,0.278273|0|1762487393
I20251108 00:02:58.883706 139717798590272 data_text_parser.cc:116] beg_pos: 18860,end_pos: 20480
I20251108 00:02:58.883958 139717798590272 data_text_parser.cc:101] get chunk buffer, size: 20480
I20251108 00:02:58.883974 139717798590272 data_text_parser.cc:116] beg_pos: 0,end_pos: 587
I20251108 00:02:58.883981 139717798590272 data_text_parser.cc:61] buffer line: 861|849|1720@187762432:0.419218;1185@504185182:0.641321;1587@2085013212:0.183519;1048@2221799903:0.910952;1413@1151602293:0.616529;1472@906661827:0.00953;1861@3955690849:0.358942;1430@2071339571:0.52402;1384@1455176366:0.623932;1829@3602781632:0.436731;1635@4278292342:0.912242;1785@4171237616:0.476401;1712@233201399:0.879694;1116@130938700:0.0911;1010@2608810981:0.416228;1371@3621947060:0.690489;1381@4130963908:0.434104;1736@3786461514:0.099887;1206@2157030992:0.321529;1202@2275962267:0.15349|67@0.192148,0.429475,0.828686,0.736968,0.243501,0.71108,0.195073,0.29204,0.577905,0.120895,0.09618;56@0.977149,0.212195,0.381638,0.130854,0.838859,0.532882,0.222606,0.651347,0.281084,0.825617,0.818148,0.817828;73@0.36763,0.685606;38@0.994813,0.083639,0.245323,0.57176,0.168152,0.182167,0.937186,0.586962,0.959716,0.761764;1@;14@0.750478,0.920138,0.318027,0.704506,0.335518,0.249131,0.045842,0.703761,0.687911;41@;32@0.590211,0.042056,0.187414,0.14195;70@0.83993,0.144439,0.178486,0.430023;43@0.102724,0.621378,0.895632,0.027814,0.470484,0.538057,0.263476,0.971353,0.854445,0.284449,0.207629;65@0.139194,0.886262,0.71549,0.304531;20@0.384762,0.516232,0.06276,0.741325;40@0.488927,0.311462,0.090924;100@0.625038;37@0.906037,0.433311,0.94818,0.348087,0.611878,0.144102,0.818355,0.441705,0.927353,0.03487,0.318308,0.638732,0.755734;27@0.617298,0.897283,0.412553,0.011335,0.118141,0.456784,0.165247;92@0.404245,0.690927,0.001068,0.953414,0.908613;10@0.348623,0.478816,0.704009,0.907432,0.040468,0.386224,0.80177,0.534123,0.581083,0.492291,0.724198,0.598354;75@0.020728,0.910799,0.284568,0.47119,0.185739,0.451568,0.00752,0.924735,0.942973,0.53076;84@0.56803,0.903518,0.984472,0.376163,0.751282,0.288186,0.271946,0.034926,0.447627,0.250545,0.241122;82@0.167593;47@0.344125,0.73767,0.172074,0.123137,0.664235,0.06797,0.122507,0.846284,0.383987,0.856072,0.665092;9@0.375974,0.795483,0.252659,0.402877,0.052875,0.172312,0.308165,0.797826,0.608367,0.386849,0.526941;39@0.780188,0.399635,0.312691,0.565351,0.227008,0.392506,0.525141,0.720602,0.344022;88@0.909658,0.279579,0.754076,0.624074,0.805909,0.225235,0.916722;30@0.866774,0.660355,0.6886,0.390149,0.292296,0.470701,0.000294,0.546076,0.797269,0.507404|0|1762487393
I20251108 00:02:58.884021 139717798590272 data_text_parser.cc:116] beg_pos: 588,end_pos: 2795
I20251108 00:02:58.884034 139717798590272 data_text_parser.cc:59] line: 862|770|1720@416164271:0.260541;1185@667666768:0.97945;1587@2822142200:0.093792;1048@1452956309:0.175215;1413@1162863239:0.926887;1472@2663819635:0.801851;1861@3239973655:0.497339;1430@1772611130:0.117636;1384@564515527:0.088204;1829@3588518354:0.280344;1635@2865869589:0.349387;1785@3223958988:0.059002;1712@1895918746:0.566708;1116@3580236594:0.352007;1010@3134713009:0.028367;1371@4055035950:0.373146;1381@2799963035:0.248303;1736@453659198:0.310917;1206@740029592:0.824641;1202@238332336:0.327733|67@0.535486,0.323644,0.336823,0.97239,0.054613,0.769631,0.298936,0.343529,0.819759,0.01992,0.238775;56@0.484961,0.817929,0.121925,0.176536,0.248998,0.140761,0.398326,0.031526,0.506672,0.506158,0.278546,0.456027;73@0.522243,0.984883;38@0.978955,0.530277,0.490794,0.985587,0.990889,0.089802,0.088147,0.981145,0.605735,0.557664;1@;14@0.571512,0.770379,0.735392,0.205679,0.144638,0.539146,0.690941,0.562648,0.310086;41@;32@0.912256,0.796749,0.896082,0.566527;70@0.325474,0.654998,0.553141,0.338185;43@0.134095,0.5793,0.632675,0.823842,0.602164,0.087266,0.177977,0.009691,0.617827,0.214083,0.86929;65@0.176008,0.483238,0.099554,0.23797;20@0.245815,0.051455,0.179018,0.785543;40@0.158512,0.130412,0.719629;100@0.609306;37@0.122953,0.605053,0.930462,0.459497,0.844479,0.475955,0.9165,0.288845,9e-06,0.39296,0.163584,0.750861,0.48756;27@0.357301,0.756275,0.850161,0.485094,0.709944,0.211175,0.378344;92@0.482947,0.464372,0.957286,0.190243,0.645536;10@0.944227,0.81574,0.229065,0.85813,0.928468,0.311484,0.809681,0.61925,0.374686,0.045427,0.499223,0.592806;75@0.593968,0.697177,0.494155,0.198408,0.839498,0.537192,0.121439,0.826935,0.713977,0.618015;84@0.151974,0.04335,0.193949,0.876378,0.725581,0.15503,0.625115,0.614524,0.947526,0.926548,0.363146;82@0.871269;47@0.402368,0.330214,0.834445,0.866423,0.52655,0.282127,0.824739,0.604748,0.069884,0.085178,0.919458;9@0.616982,0.066275,0.495623,0.891032,0.437899,0.76662,0.880152,0.857861,0.875689,0.372997,0.635332;39@0.852586,0.911999,0.132317,0.146793,0.907014,0.512786,0.166498,0.921512,0.795471;88@0.328593,0.54795,0.672158,0.496529,0.867759,0.574879,0.02033;30@0.029146,0.201492,0.758357,0.916235,0.819234,0.054819,0.688094,0.612301,0.01225,0.939883|1|1762487393
I20251108 00:02:58.884066 139717798590272 data_text_parser.cc:116] beg_pos: 2796,end_pos: 5006
I20251108 00:02:58.884084 139717798590272 data_text_parser.cc:59] line: 863|918|1720@1502248299:0.628047;1185@1490446056:0.357651;1587@3278179369:0.234513;1048@2825783584:0.666666;1413@2448722811:0.281678;1472@3287748281:0.116605;1861@3102673235:0.009124;1430@1031294326:0.358235;1384@147968099:0.095062;1829@1566962198:0.344728;1635@673277178:0.997871;1785@3354750726:0.980643;1712@4240812562:0.254151;1116@490313608:0.32664;1010@184417689:0.734412;1371@3791375649:0.572962;1381@1003263132:0.220186;1736@2306321385:0.863466;1206@4076860981:0.601019;1202@1100481293:0.856373|67@0.644383,0.788081,0.761315,0.575624,0.231232,0.178061,0.65999,0.27597,0.863698,0.826564,0.93073;56@0.062913,0.260001,0.039219,0.772352,0.97808,0.07927,0.78313,0.996154,0.926576,0.853278,0.124623,0.915741;73@0.751091,0.796193;38@0.045508,0.664614,0.828176,0.47839,0.194528,0.462292,0.014793,0.481026,0.500433,0.752297;1@;14@0.245959,0.383286,0.114931,0.824773,0.104792,0.269132,0.579613,0.965525,0.527436;41@;32@0.850764,0.863253,0.424433,0.858577;70@0.104412,0.403769,0.941135,0.848775;43@0.491489,0.909498,0.544977,0.698883,0.627237,0.351411,0.103975,0.162323,0.229025,0.979752,0.573628;65@0.120273,0.014944,0.057682,0.032545;20@0.340923,0.220491,0.118268,0.893351;40@0.340813,0.532383,0.742643;100@0.452951;37@0.112117,0.271099,0.551578,0.403357,0.157238,0.678532,0.461519,0.697486,0.754008,0.953065,0.157071,0.332149,0.158642;27@0.208537,0.898752,0.081235,0.56964,0.738167,0.118751,0.79313;92@0.249729,0.07067,0.637724,0.913967,0.901946;10@0.769817,0.951558,0.638853,0.74333,0.831963,0.472078,0.243166,0.441382,0.841516,0.120709,0.311416,0.358635;75@0.878092,0.319213,0.228615,0.3126,0.477443,0.433326,0.495501,0.895918,0.447386,0.638307;84@0.666944,0.123798,0.669043,0.041884,0.9325,0.576833,0.074316,0.714676,0.195301,0.94182,0.841208;82@0.464745;47@0.777777,0.215287,0.044253,0.887509,0.754692,0.102919,0.795587,0.288466,0.619005,0.73808,0.687214;9@0.79077,0.49003,0.800669,0.886057,0.601135,0.955797,0.233787,0.720876,0.155622,0.200044,0.727528;39@0.941159,0.078147,0.060158,0.035681,0.292589,0.931659,0.434046,0.532316,0.671952;88@0.765814,0.661278,0.405702,0.781668,0.382032,0.505506,0.400403;30@0.96575,0.862669,0.90286,0.152036,0.799524,0.75283,0.215181,0.128342,0.801256,0.016495|1|1762487393
I20251108 00:02:58.884119 139717798590272 data_text_parser.cc:116] beg_pos: 5007,end_pos: 7217
I20251108 00:02:58.884132 139717798590272 data_text_parser.cc:59] line: 864|397|1720@500554265:0.253612;1185@3863580785:0.438662;1587@1460197856:0.549746;1048@3021825018:0.517103;1413@782573787:0.512202;1472@1325408842:0.170225;1861@1059756508:0.621155;1430@4088283260:0.176673;1384@487547280:0.054628;1829@1087597367:0.753585;1635@2231076558:0.346186;1785@1458106868:0.962627;1712@1971522102:0.603341;1116@2108258229:0.250407;1010@1801564365:0.496572;1371@531511634:0.621502;1381@233201399:0.600677;1736@2807419796:0.728236;1206@328295899:0.731585;1202@177360798:0.956929|67@0.63184,0.920987,0.090679,0.360596,0.607852,0.611862,0.662403,0.459429,0.784601,0.419302,0.756555;56@0.727965,0.263107,0.889939,0.643477,0.79319,0.109191,0.198348,0.515832,0.104966,0.342148,0.600598,0.658078;73@0.405364,0.510146;38@0.912634,0.238186,0.49345,0.975456,0.252414,0.992635,0.074232,0.382854,0.883523,0.484096;1@;14@0.797938,0.340639,0.462951,0.082298,0.474362,0.528767,0.971613,0.265069,0.319334;41@;32@0.077191,0.08825,0.081211,0.592643;70@0.787089,0.764793,0.87299,0.294031;43@0.55573,0.804829,0.903511,0.607419,0.934487,0.589871,0.295026,0.235537,0.603858,0.058925,0.692865;65@0.217655,0.945715,0.587981,0.414577;20@0.553094,0.089608,0.079377,0.309115;40@0.468834,0.265432,0.011408;100@0.183323;37@0.924978,0.673274,0.055532,0.570989,0.023879,0.13797,0.898611,0.466943,0.782981,0.368353,0.003968,0.047696,0.780825;27@0.05526,0.081169,0.854906,0.439434,0.304661,0.828435,0.134654;92@0.782769,0.629127,0.094236,0.081468,0.554819;10@0.906404,0.335021,0.355238,0.879746,0.749569,0.729894,0.963524,0.771912,0.332421,0.516809,0.553521,0.180785;75@0.854009,0.686438,0.00222,0.920985,0.917858,0.594517,0.28053,0.391734,0.402192,0.856447;84@0.935083,0.382834,0.039412,0.396153,0.43989,0.02966,0.732342,0.24492,0.137518,0.639944,0.418785;82@0.23909;47@0.367811,0.574308,0.578907,0.46862,0.202925,0.686817,0.273499,0.547301,0.978217,0.956994,0.625648;9@0.218581,0.558769,0.386008,0.951119,0.537334,0.3373,0.95443,0.324374,0.413895,0.718392,0.970721;39@0.763701,0.146221,0.515324,0.722511,0.610108,0.343259,0.621882,0.543652,0.535729;88@0.969279,0.490759,0.760725,0.302172,0.725049,0.209269,0.891169;30@0.204855,0.072462,0.73204,0.813223,0.555649,0.21402,0.942723,0.812673,0.367534,0.978453|1|1762487393
I20251108 00:02:58.884170 139717798590272 data_text_parser.cc:116] beg_pos: 7218,end_pos: 9428
I20251108 00:02:58.884182 139717798590272 data_text_parser.cc:59] line: 865|29|1720@3883113628:0.667436;1185@3703882253:0.214731;1587@3038084671:0.254615;1048@2440181845:0.606214;1413@344480055:0.222898;1472@2215466353:0.980401;1861@1690536279:0.777366;1430@2863387077:0.99871;1384@3943238002:0.26943;1829@2676302760:0.591796;1635@2890203754:0.210484;1785@1414048772:0.946426;1712@4169894103:0.821066;1116@2606474846:0.46351;1010@4098741892:0.648371;1371@3328866787:0.184891;1381@3892960472:0.276476;1736@3281287959:0.622603;1206@3587442582:0.598412;1202@2840994480:0.645239|67@0.994615,0.682592,0.404603,0.133071,0.596494,0.245978,0.845728,0.638453,0.26779,0.285873,0.488163;56@0.709185,0.2773,0.205882,0.20477,0.857657,0.967104,0.007254,0.850841,0.603575,0.808197,0.584415,0.122149;73@0.771278,0.376128;38@0.759174,0.668753,0.339917,0.746868,0.740583,0.912812,0.350906,0.568836,0.646287,0.617134;1@;14@0.317462,0.677519,0.482854,0.342117,0.754427,0.66173,0.091488,0.147724,0.224378;41@;32@0.651126,0.136156,0.440386,0.29991;70@0.936375,0.88,0.067919,0.815952;43@0.440084,0.666887,0.440645,0.064505,0.136592,0.346898,0.164117,0.015117,0.495041,0.695542,0.608918;65@0.099878,0.556107,0.699883,0.284212;20@0.783269,0.667403,0.640093,0.172786;40@0.436422,0.65983,0.866403;100@0.571684;37@0.047527,0.759593,0.045326,0.691392,0.505698,0.809049,0.497403,0.861787,0.417848,0.072019,0.199473,0.129508,0.952702;27@0.233252,0.580211,0.182141,0.069524,0.761717,0.940537,0.061726;92@0.914831,0.960609,0.192531,0.937312,0.830203;10@0.717808,0.437661,0.312341,0.878381,0.176904,0.138848,0.628716,0.746283,0.542575,0.151546,0.852916,0.42073;75@0.096874,0.44065,0.918236,0.975808,0.778923,0.421848,0.35571,0.709792,0.691215,0.064099;84@0.927072,0.303841,0.517248,0.601001,0.174744,0.243911,0.784301,0.078768,0.346294,0.889404,0.653034;82@0.182436;47@0.41306,0.721791,0.65644,0.02576,0.776463,0.65965,0.39919,0.897145,0.206454,0.793232,0.674614;9@0.975918,0.337423,0.512363,0.130495,0.598623,0.586362,0.15527,0.239926,0.913447,0.770989,0.319068;39@0.060588,0.636333,0.356909,0.252629,0.440859,0.380655,0.548017,0.788997,0.05997;88@0.690048,0.508561,0.15721,0.294706,0.177177,0.608454,0.877136;30@0.490544,0.706218,0.140851,0.795904,0.272297,0.383055,0.639678,0.046453,0.978758,0.974859|1|1762487393
I20251108 00:02:58.884217 139717798590272 data_text_parser.cc:116] beg_pos: 9429,end_pos: 11644
I20251108 00:02:58.884226 139717798590272 data_text_parser.cc:59] line: 866|968|1720@2526650140:0.497475;1185@1692649047:0.579914;1587@3779192377:0.161029;1048@1329158227:0.898277;1413@799365429:0.916387;1472@4243013314:0.028796;1861@2666670508:0.948305;1430@2641585069:0.926449;1384@1028402490:0.629042;1829@2183158229:0.546634;1635@1605168875:0.797965;1785@3748694536:0.537159;1712@3803882734:0.025415;1116@3837101077:0.728993;1010@602479028:0.769457;1371@1867902669:0.806836;1381@2069587346:0.335711;1736@677823208:0.861669;1206@4214320470:0.753037;1202@2525620547:0.2347|67@0.306406,0.503136,0.903714,0.329277,0.380405,0.016682,0.18752,0.579768,0.582808,0.068838,0.697983;56@0.432964,0.367844,0.419793,0.030397,0.612011,0.085661,0.821551,0.406087,0.643857,0.105286,0.493541,0.442611;73@0.150317,0.658334;38@0.430366,0.17014,0.720363,0.988319,0.276494,0.27257,0.881477,0.31167,0.416694,0.98704;1@;14@0.543397,0.205034,0.238811,0.362245,0.035272,0.6534,0.018535,0.79287,0.919381;41@;32@0.032749,0.367422,0.049869,0.634069;70@0.635039,0.540914,0.993245,0.47728;43@0.91739,0.345493,0.716049,0.344808,0.918311,0.104306,0.338756,0.540092,0.316771,0.30453,0.782106;65@0.522953,0.433826,0.227063,0.073257;20@0.489985,0.463987,0.874004,0.453913;40@0.659197,0.844883,0.709575;100@0.817089;37@0.306051,0.325574,0.975175,0.634161,0.201043,0.183804,0.127523,0.283093,0.443269,0.361945,0.218318,0.949479,0.331716;27@0.229478,0.177957,0.652162,0.99857,0.226597,0.589835,0.434916;92@0.99139,0.148406,0.401314,0.481825,0.499314;10@0.400173,0.021789,0.169377,0.928363,0.530654,0.781436,0.302007,0.266762,0.721111,0.636551,0.532239,0.036898;75@0.441348,0.940408,0.661481,0.602505,0.769052,0.398945,0.784629,0.855134,0.535751,0.036224;84@0.444454,0.168713,0.519077,0.264232,0.27764,0.451125,0.317737,0.625556,0.949511,0.166951,0.341196;82@0.456074;47@0.32344,0.733939,0.606776,0.902965,0.454372,0.903641,0.696482,0.465639,0.378106,0.412475,0.080721;9@0.349305,0.511352,0.673141,0.108813,0.769068,0.197947,0.305919,0.064069,0.243299,0.735804,0.596699;39@0.065224,0.90189,0.556555,0.407418,0.939922,0.198848,0.58251,0.826443,0.226881;88@0.792042,0.166928,0.325329,0.193534,0.809122,0.538268,0.264092;30@0.479633,0.666048,0.968383,0.136246,0.524988,0.074122,0.437466,0.633575,0.329569,0.242717|0|1762487393
I20251108 00:02:58.884262 139717798590272 data_text_parser.cc:116] beg_pos: 11645,end_pos: 13852
I20251108 00:02:58.884275 139717798590272 data_text_parser.cc:59] line: 867|257|1720@1314858268:0.930484;1185@2867785934:0.170446;1587@3800352156:0.94073;1048@441173360:0.655404;1413@2469638338:0.187931;1472@4051975907:0.097846;1861@1650111595:0.106754;1430@654301202:0.518481;1384@1290055087:0.920663;1829@62728046:0.865083;1635@3271707454:0.692817;1785@2194007573:0.432069;1712@2513149630:0.381575;1116@658341625:0.631818;1010@4266568471:0.97184;1371@260343835:0.309285;1381@2273150916:0.725457;1736@141313518:0.476903;1206@237438402:0.020723;1202@3462323792:0.081381|67@0.239321,0.302304,0.899669,0.613803,0.512926,0.416373,0.703203,0.254934,0.978037,0.862414,0.112168;56@0.603702,0.195314,0.16196,0.643043,0.221171,0.572527,0.862497,0.887248,0.264255,0.016079,0.46175,0.99795;73@0.459688,0.947128;38@0.291859,0.890843,0.607513,0.602112,0.535684,0.948625,0.788505,0.445257,0.580377,0.404671;1@;14@0.844381,0.050851,0.749125,0.229704,0.993347,0.04589,0.082396,0.05547,0.700562;41@;32@0.284497,0.967636,0.044833,0.82389;70@0.62176,0.227103,0.538972,0.832223;43@0.291022,0.887804,0.808922,0.949566,0.393722,0.018407,0.029175,0.083706,0.901537,0.725683,0.328754;65@0.685104,0.235661,0.615883,0.309242;20@0.186961,0.713968,0.826838,0.037225;40@0.545512,0.21126,0.492298;100@0.91127;37@0.303223,0.182536,0.444943,0.019371,0.614204,0.787597,0.872558,0.167787,0.376874,0.178094,0.213554,0.832185,0.070626;27@0.874421,0.208626,0.856399,0.88403,0.74158,0.246509,0.251067;92@0.017788,0.087715,0.737727,0.830033,0.35461;10@0.108823,0.818871,0.319245,0.577438,0.163184,0.694984,0.570615,0.306164,0.465415,0.87197,0.160688,0.152413;75@0.798542,0.361816,0.143396,0.655406,0.020474,0.997946,0.823028,0.228734,0.365199,0.430589;84@0.292934,0.841341,0.125717,0.955969,0.619501,0.14069,0.801136,0.077024,0.91283,0.614985,0.584517;82@0.704345;47@0.564733,0.266085,0.22554,0.932108,0.968248,0.768756,0.244148,0.914878,0.656477,0.958844,0.01014;9@0.810678,0.125914,0.996901,0.191391,0.095032,0.996372,0.897342,0.328294,0.095293,0.058284,0.454985;39@0.389509,0.831008,0.891555,0.166977,0.719574,0.299467,0.837931,0.207592,0.466802;88@0.45328,0.264586,0.517688,0.203985,0.940547,0.262128,0.710343;30@0.490819,0.528616,0.161841,0.724435,0.954653,0.779064,0.747548,0.58388,0.92081,0.318795|0|1762487393
I20251108 00:02:58.884310 139717798590272 data_text_parser.cc:116] beg_pos: 13853,end_pos: 16064
I20251108 00:02:58.884323 139717798590272 data_text_parser.cc:59] line: 868|398|1720@3354366225:0.600817;1185@1687374853:0.258429;1587@1726139266:0.854811;1048@3321481276:0.042685;1413@3124420394:0.386946;1472@1262628694:0.232653;1861@666972945:0.748833;1430@799369272:0.769776;1384@1840584900:0.827388;1829@3211309403:0.528703;1635@3937398965:0.540825;1785@2982442936:0.475638;1712@493440794:0.392536;1116@3141451706:0.648194;1010@1872899517:0.781826;1371@3777370429:0.60207;1381@879977051:0.597401;1736@179682573:0.296064;1206@179682573:0.804642;1202@2750789478:0.362348|67@0.535994,0.049151,0.903819,0.037511,0.327167,0.405866,0.053105,0.911774,0.27713,0.929836,0.289309;56@0.338941,0.6892,0.171871,0.058137,0.75518,0.169574,0.535466,0.839017,0.094232,0.237706,0.449366,0.069033;73@0.923824,0.097835;38@0.608661,0.725497,0.767278,0.210452,0.979736,0.866923,0.185792,0.554518,0.811706,0.005192;1@;14@0.761849,0.957322,0.647385,0.002084,0.518853,0.977274,0.919683,0.966137,0.331208;41@;32@0.282051,0.777396,0.638069,0.697835;70@0.473341,0.721901,0.14346,0.519081;43@0.335319,0.664827,0.208624,0.979146,0.522009,0.16376,0.264496,0.124132,0.235572,0.673321,0.451988;65@0.134232,0.660268,0.993035,0.76932;20@0.682937,0.396596,0.878171,0.610107;40@0.828936,0.740017,0.584888;100@0.971011;37@0.74247,0.133617,0.379061,0.719447,0.770222,0.476077,0.599408,0.21782,0.162509,0.430103,0.205251,0.437775,0.773953;27@0.995931,0.822408,0.48922,0.732385,0.590211,0.018507,0.376909;92@0.673428,0.886008,0.34956,0.559567,0.821541;10@0.223414,0.688319,0.717417,0.431369,0.315771,0.825072,0.600706,0.021417,0.804593,0.156541,0.378179,0.114737;75@0.629333,0.829876,0.729223,0.836157,0.09476,0.400839,0.768424,0.124337,0.735114,0.92827;84@0.420944,0.792977,0.874891,0.844369,0.444034,0.239953,0.063551,0.480279,0.42261,0.468878,0.512608;82@0.250007;47@0.227786,0.970938,0.365979,0.487915,0.134027,0.113517,0.061528,0.706986,0.026483,0.97514,0.570177;9@0.316208,0.032235,0.982542,0.731361,0.901784,0.429008,0.269338,0.413447,0.377377,0.827989,0.44532;39@0.739885,0.753824,0.027523,0.281345,0.651553,0.042103,0.474522,0.338112,0.179672;88@0.25162,0.974998,0.409689,0.568689,0.167236,0.372481,0.49809;30@0.636112,0.148087,0.963424,0.339093,0.876952,0.917714,0.596908,0.036162,0.544307,0.73845|1|1762487393
I20251108 00:02:58.884364 139717798590272 data_text_parser.cc:116] beg_pos: 16065,end_pos: 18280
I20251108 00:02:58.884376 139717798590272 data_text_parser.cc:59] line: 869|280|1720@2208034751:0.337665;1185@1422086813:0.967235;1587@2400433834:0.338419;1048@3701474340:0.158606;1413@1675147190:0.984025;1472@3627066913:0.283388;1861@1821230740:0.420342;1430@1731244253:0.438824;1384@1845574325:0.487008;1829@315370496:0.680876;1635@3109521194:0.105178;1785@1889458540:0.363665;1712@319090530:0.410238;1116@3299062035:0.849843;1010@1767065336:0.600132;1371@2923190454:0.939719;1381@1298125936:0.051409;1736@174643835:0.641942;1206@1741888165:0.454221;1202@1895707479:0.694709|67@0.644976,0.546908,0.413287,0.059548,0.897197,0.380305,0.522478,0.320084,0.049528,0.59195,0.937516;56@0.752463,0.544547,0.834217,0.766672,0.883762,0.500313,0.230109,0.322981,0.759187,0.429516,0.827195,0.894958;73@0.313323,0.600299;38@0.776162,0.373313,0.868033,0.183416,0.23699,0.996748,0.876415,0.33349,0.23806,0.608336;1@;14@0.23734,0.006978,0.791364,0.42977,0.055802,0.826739,0.362542,0.564938,0.645995;41@;32@0.534248,0.473521,0.931057,0.397749;70@0.806738,0.282357,0.011102,0.075444;43@0.179217,0.340247,0.841555,0.007734,0.396511,0.537761,0.848985,0.11604,0.586093,0.144196,0.835964;65@0.579896,0.853221,0.617376,0.928188;20@0.753094,0.362581,0.748125,0.137186;40@0.0166,0.649803,0.28596;100@0.59212;37@0.34353,0.324497,0.912895,0.620452,0.048971,0.004033,0.572548,0.868585,0.095844,0.393662,0.024137,0.275124,0.900278;27@0.404861,0.095694,0.599345,0.289875,0.380091,0.347257,0.13301;92@0.324058,0.479456,0.764769,0.733509,0.433184;10@0.831605,0.670548,0.497766,0.097337,0.653598,0.073368,0.038688,0.539181,0.532054,0.573362,0.890333,0.042094;75@0.200704,0.600019,0.183826,0.539867,0.61762,0.083111,0.17859,0.842875,0.706717,0.063331;84@0.317199,0.165861,0.20309,0.344554,0.011898,0.881162,0.399427,0.970871,0.683986,0.507602,0.850539;82@0.081304;47@0.321143,0.014035,0.443502,0.741658,0.146248,0.942537,0.081448,0.038745,0.056783,0.796058,0.045439;9@0.155427,0.94775,0.055189,0.371174,0.936851,0.343515,0.181513,0.995962,0.55901,0.418284,0.01892;39@0.401469,0.163391,0.745897,0.917953,0.815341,0.972041,0.910331,0.336103,0.801911;88@0.623392,0.232298,0.358866,0.106829,0.194549,0.997955,0.674663;30@0.127992,0.439868,0.611184,0.869858,0.628836,0.046502,0.429199,0.779118,0.081495,0.543552|1|1762487393
I20251108 00:02:58.884414 139717798590272 data_text_parser.cc:116] beg_pos: 18281,end_pos: 20480
I20251108 00:02:58.884683 139717798590272 data_text_parser.cc:101] get chunk buffer, size: 20480
I20251108 00:02:58.884700 139717798590272 data_text_parser.cc:116] beg_pos: 0,end_pos: 11
I20251108 00:02:58.884707 139717798590272 data_text_parser.cc:61] buffer line: 870|971|1720@3598222538:0.959571;1185@2063649427:0.400884;1587@521699928:0.06688;1048@1306667470:0.950701;1413@3810217548:0.956656;1472@1411007331:0.712432;1861@111943411:0.175883;1430@1168323474:0.623832;1384@3728830192:0.29954;1829@3519395708:0.566657;1635@3974855679:0.704693;1785@1952279895:0.215733;1712@1965162178:0.60191;1116@2280874039:0.799499;1010@1967037445:0.755696;1371@4270997923:0.421766;1381@3399089548:0.235796;1736@1309173959:0.099021;1206@1998952096:0.620298;1202@2755215364:0.706286|67@0.159601,0.826842,0.361802,0.32204,0.036821,0.192425,0.824632,0.147296,0.987187,0.881241,0.937032;56@0.258895,0.848804,0.279417,0.850571,0.669392,0.828877,0.585091,0.946515,0.706425,0.438304,0.428224,0.407239;73@0.395351,0.998258;38@0.494665,0.21271,0.402258,0.219354,0.040942,0.089272,0.209479,0.514762,0.483244,0.008492;1@;14@0.430135,0.67113,0.161916,0.794858,0.456615,0.480626,0.501185,0.658325,0.252602;41@;32@0.295014,0.91709,0.563028,0.12939;70@0.155752,0.917003,0.717926,0.027062;43@0.023244,0.42518,0.455486,0.466437,0.150535,0.807318,0.679796,0.58069,0.580106,0.672717,0.76507;65@0.673844,0.888998,0.914777,0.983893;20@0.67751,0.886844,0.930299,0.296468;40@0.02679,0.435223,0.893804;100@0.576912;37@0.506464,0.308251,0.868497,0.913376,0.358427,0.040073,0.599776,0.608513,0.332085,0.209832,0.641981,0.729882,0.986681;27@0.810379,0.678634,0.572122,0.576726,0.734186,0.40694,0.844816;92@0.101171,0.275262,0.769523,0.664161,0.271513;10@0.846645,0.528277,0.100008,0.860926,0.049159,0.367632,0.713078,0.318098,0.852847,0.601005,0.888954,0.633629;75@0.26426,0.194113,0.852391,0.15069,0.504565,0.516747,0.227897,0.574297,0.345252,0.037559;84@0.11787,0.488965,0.77237,0.885317,0.46213,0.093702,0.521268,0.066189,0.65013,0.365355,0.880369;82@0.442817;47@0.517808,0.522513,0.312702,0.61836,0.405696,0.579169,0.332547,0.751365,0.511517,0.647451,0.188633;9@0.338249,0.058953,0.762818,0.69194,0.553176,0.875329,0.133257,0.417041,0.990552,0.287768,0.132986;39@0.844754,0.52651,0.049111,0.827902,0.731593,0.549693,0.282092,0.547124,0.759123;88@0.609025,0.604653,0.597737,0.175609,0.027847,0.107284,0.174007;30@0.005807,0.797712,0.942768,0.625161,0.94931,0.602919,0.927157,0.655984,0.77742,0.755745|1|1762487393
I20251108 00:02:58.884750 139717798590272 data_text_parser.cc:116] beg_pos: 12,end_pos: 2215
I20251108 00:02:58.884762 139717798590272 data_text_parser.cc:59] line: 871|168|1720@2222954782:0.246365;1185@782412493:0.003777;1587@3756815204:0.127647;1048@37631349:0.381022;1413@2023984734:0.916676;1472@178994367:0.650743;1861@1919791158:0.648692;1430@3624178901:0.303761;1384@358452033:0.061938;1829@3640279411:0.861444;1635@422221822:0.282209;1785@2025155094:0.005453;1712@550368293:0.029143;1116@1517370225:0.10442;1010@4251180289:0.613794;1371@3719696065:0.399053;1381@1266140914:0.766137;1736@577835168:0.647146;1206@1523021809:0.418153;1202@2131954466:0.437823|67@0.903094,0.076387,0.453984,0.711171,0.103931,0.510657,0.479896,0.404466,0.396308,0.577915,0.601204;56@0.511856,0.683067,0.775132,0.54351,0.54033,0.998363,0.486267,0.47951,0.09342,0.995004,0.37026,0.30854;73@0.46869,0.603322;38@0.661681,0.123426,0.323637,0.680397,0.226379,0.88689,0.772007,0.089605,0.826048,0.935481;1@;14@0.90117,0.501919,0.66859,0.034775,0.231928,0.151085,0.893891,0.238837,0.825414;41@;32@0.983249,0.012068,0.093936,0.745972;70@0.467881,0.973302,0.967924,0.283157;43@0.68818,0.782045,0.150167,0.927717,0.422629,0.218669,0.918303,0.956094,0.000518,0.607756,0.81246;65@0.599763,0.392408,0.425294,0.238987;20@0.393569,0.469116,0.364328,0.532675;40@0.814385,0.068705,0.991313;100@0.812558;37@0.71222,0.937542,0.689524,0.009999,0.904844,0.12812,0.615483,0.779012,0.894872,0.558296,0.354264,0.417567,0.269961;27@0.927237,0.28173,0.944983,0.787797,0.295235,0.200878,0.654866;92@0.077011,0.646273,0.414163,0.394712,0.403018;10@0.562788,0.597452,0.38104,0.340944,0.31944,0.525473,0.869609,0.619826,0.638408,0.667336,0.419232,0.546745;75@0.462552,0.522657,0.859012,0.461039,0.622175,0.349396,0.82973,0.167242,0.904238,0.525392;84@0.243558,0.052854,0.724797,0.825393,0.724144,0.910398,0.595293,0.555029,0.213219,0.834945,0.103734;82@0.083744;47@0.18293,0.001475,0.138743,0.897329,0.768005,0.498572,0.962589,0.112773,0.054959,0.509763,0.430918;9@0.828314,0.666947,0.235521,0.874055,0.479134,0.211365,0.516252,0.519471,0.142885,0.80866,0.807884;39@0.699061,0.450397,0.232776,0.732078,0.512793,0.084143,0.889116,0.622796,0.2438;88@0.947298,0.929125,0.255954,0.733756,0.562823,0.467201,0.15777;30@0.170387,0.598931,0.76052,0.774518,0.857416,0.872513,0.364326,0.525847,0.06164,0.964999|1|1762487393
I20251108 00:02:58.884802 139717798590272 data_text_parser.cc:116] beg_pos: 2216,end_pos: 4424
I20251108 00:02:58.884814 139717798590272 data_text_parser.cc:59] line: 872|527|1720@3735839220:0.76726;1185@76353554:0.942045;1587@357295370:0.91476;1048@2076407490:0.550444;1413@1932503612:0.727781;1472@1874218697:0.11661;1861@1936221992:0.726563;1430@1329441790:0.259264;1384@1629552957:0.287509;1829@373105343:0.45291;1635@3290333173:0.603753;1785@2771050627:0.311345;1712@3979433710:0.845085;1116@278871575:0.507152;1010@3890663869:0.887057;1371@4187230246:0.530821;1381@1744493816:0.558778;1736@43418508:0.213668;1206@4147470267:0.822081;1202@962558072:0.192319|67@0.358962,0.487412,0.378939,0.233097,0.275833,0.714308,0.806209,0.089888,0.935793,0.497744,0.646879;56@0.106888,0.999591,0.249912,0.787372,0.428831,0.743257,0.97191,0.649973,0.517662,0.013997,0.371344,0.465454;73@0.235545,0.526539;38@0.071964,0.19616,0.904638,0.092195,0.708665,0.293828,0.026242,0.780331,0.155061,0.042323;1@;14@0.166179,0.78658,0.427856,0.51686,0.224387,0.113411,0.882047,0.950006,0.608449;41@;32@0.323868,0.693504,0.669344,0.232334;70@0.815713,0.051684,0.415619,0.710975;43@0.121905,0.599674,0.447177,0.652527,0.684529,0.197868,0.22173,0.396336,0.258153,0.556527,0.093776;65@0.017494,0.899228,0.597691,0.138796;20@0.457956,0.663604,0.22395,0.275707;40@0.588264,0.960058,0.441424;100@0.305862;37@0.24274,0.562917,0.923249,0.860877,0.620793,0.889293,0.922858,0.144586,0.303582,0.544267,0.528992,0.549329,0.772503;27@0.979694,0.74681,0.273991,0.186509,0.570727,0.685319,0.920999;92@0.153367,0.935021,0.282988,0.442808,0.332331;10@0.745811,0.307009,0.755863,0.883347,0.542134,0.573936,0.829135,0.306391,0.778346,0.509378,0.204779,0.950794;75@0.153122,0.642165,0.806073,0.151343,0.162813,0.204443,0.999837,0.12009,0.403867,0.275566;84@0.475933,0.318588,0.917204,0.010177,0.797953,0.399294,0.09774,0.259178,0.480748,0.792034,0.219964;82@0.068285;47@0.843749,0.913764,0.672235,0.749382,0.297016,0.796789,0.89607,0.185309,0.03633,0.018304,0.510735;9@0.152209,0.853022,0.821255,0.897924,0.684246,0.680216,0.407892,0.053912,0.692086,0.173451,0.751582;39@0.864593,0.720582,0.98278,0.95432,0.263662,0.587708,0.258695,0.441177,0.54387;88@0.602835,0.548988,0.413575,0.831329,0.904152,0.815567,0.593648;30@0.630575,0.715281,0.0389,0.505142,0.409813,0.995369,0.106281,0.867994,0.611858,0.641962|0|1762487393
I20251108 00:02:58.884849 139717798590272 data_text_parser.cc:116] beg_pos: 4425,end_pos: 6630
I20251108 00:02:58.884862 139717798590272 data_text_parser.cc:59] line: 873|791|1720@3830264359:0.708109;1185@839620824:0.276613;1587@741076129:0.71877;1048@421860369:0.582811;1413@2377962435:0.306359;1472@4090805682:0.677778;1861@2779662805:0.176568;1430@632199503:0.009377;1384@3644489704:0.364269;1829@891134568:0.034906;1635@3721848540:0.015139;1785@1939101982:0.961049;1712@4012208238:0.675967;1116@2731010032:0.615793;1010@1700491259:0.149738;1371@461494474:0.313545;1381@63338498:0.621595;1736@4245158330:0.651589;1206@4251180289:0.023778;1202@829335755:0.15929|67@0.767215,0.720644,0.145506,0.14315,0.146857,0.431575,0.520642,0.461081,0.786155,0.544583,0.093658;56@0.686786,0.559361,0.279167,0.029997,0.424709,0.87562,0.861726,0.484292,0.352521,0.715196,0.132793,0.432358;73@0.267604,0.361675;38@0.485707,0.771111,0.351633,0.980968,0.500526,0.242556,0.207206,0.737949,0.38112,0.887126;1@;14@0.160237,0.842216,0.792029,0.756792,0.047611,0.353108,0.675126,0.641752,0.212349;41@;32@0.74147,0.131694,0.590199,0.868998;70@0.513182,0.972693,0.21389,0.657975;43@0.39574,0.58189,0.449578,0.603927,0.633607,0.190757,0.469483,0.070704,0.94377,0.184798,0.838741;65@0.694632,0.777651,0.131289,0.350714;20@0.701119,0.041456,0.340427,0.368689;40@0.422794,0.58837,0.307003;100@0.162415;37@0.165404,0.172996,0.319371,0.012026,0.345321,0.696529,0.838399,0.558375,0.568172,0.66193,0.414377,0.097954,0.743326;27@0.85393,0.155111,0.009718,0.825914,0.064493,0.745199,0.856768;92@0.14251,0.500772,0.393426,0.682526,0.176588;10@0.610405,0.150639,0.788464,0.21749,0.491249,0.479024,0.384585,0.643638,0.180077,0.958429,0.509716,0.729265;75@0.283001,0.981149,0.888217,0.132806,0.833391,0.62487,0.784556,0.530164,0.341538,0.465479;84@0.422014,0.643745,0.216896,0.363095,0.204175,0.812164,0.249541,0.056715,0.433354,0.327334,0.101136;82@0.592469;47@0.892636,0.788586,0.054528,0.018037,0.426018,0.877093,0.284914,0.213453,0.25422,0.78636,0.590477;9@0.87421,0.60041,0.966112,0.776342,0.523158,0.786959,0.843546,0.642522,0.086773,0.602962,0.423161;39@0.48058,0.412444,0.423864,0.110343,0.224037,0.580279,0.846236,0.294242,0.36548;88@0.851803,0.791052,0.681245,0.621842,0.441572,0.44726,0.064373;30@0.426409,0.542456,0.954359,0.423052,0.249195,0.107814,0.450589,0.150785,0.266354,0.343601|0|1762487393
I20251108 00:02:58.884902 139717798590272 data_text_parser.cc:116] beg_pos: 6631,end_pos: 8838
I20251108 00:02:58.884915 139717798590272 data_text_parser.cc:59] line: 874|616|1720@517867517:0.614064;1185@3743774310:0.466863;1587@362568356:0.846805;1048@3291262665:0.344583;1413@347698460:0.262726;1472@2837633239:0.793213;1861@103676658:0.968985;1430@2178781780:0.559365;1384@787620401:0.72077;1829@2551999929:0.539944;1635@3098338681:0.530411;1785@1425167685:0.811174;1712@3221155904:0.269461;1116@494300350:0.600238;1010@675864145:0.931678;1371@3765157546:0.979869;1381@1661716736:0.715394;1736@2327581573:0.711861;1206@2591306810:0.240465;1202@4222742707:0.363948|67@0.981315,0.555349,0.326864,0.791473,0.247257,0.577457,0.169483,0.416201,0.993659,0.496622,0.002029;56@0.762275,0.087884,0.020561,0.741314,0.223073,0.93157,0.378374,0.113839,0.296909,0.620286,0.213421,0.76723;73@0.062234,0.447316;38@0.856975,0.738953,0.448957,0.682875,0.532664,0.640092,0.619743,0.445291,0.730511,0.402437;1@;14@0.713389,0.454033,0.604675,0.259872,0.56594,0.827491,0.831902,0.193483,0.76163;41@;32@0.216148,0.958284,0.629075,0.174277;70@0.926721,0.706771,0.869247,0.717822;43@0.49695,0.598273,0.587868,0.022968,0.256318,0.373919,0.781821,0.806767,0.972528,0.541483,0.651428;65@0.376854,0.46805,0.433549,0.213648;20@0.108466,0.621287,0.114113,0.146528;40@0.987499,0.108732,0.257231;100@0.888088;37@0.652505,0.861903,0.210416,0.383651,0.758354,0.495971,0.854412,0.314194,0.854833,0.748912,0.694299,0.781139,0.505027;27@0.655743,0.14794,0.816104,0.830084,0.023343,0.523936,0.959941;92@0.631417,0.967347,0.765789,0.693557,0.045207;10@0.611603,0.434984,0.015664,0.908872,0.704864,0.175512,0.908228,0.565785,0.58139,0.315279,0.316416,0.808019;75@0.127854,0.852054,0.747106,0.861622,0.751139,0.718665,0.377058,0.489486,0.316825,0.103869;84@0.220305,0.060895,0.91086,0.760909,0.850265,0.226159,0.240594,0.706262,0.127838,0.941795,0.341665;82@0.408095;47@0.49729,0.676825,0.42139,0.616887,0.31342,0.146991,0.742468,0.013072,0.170378,0.500091,0.655168;9@0.141623,0.99815,0.609272,0.68297,0.097534,0.752049,0.147526,0.540054,0.49864,0.066007,0.209085;39@0.300261,0.465863,0.461082,0.73089,0.640092,0.752666,0.601899,0.20553,0.889593;88@0.11518,0.986982,0.27475,0.247323,0.47053,0.650077,0.081662;30@0.63196,0.251772,0.382436,0.966148,0.501583,0.688243,0.710128,0.00857,0.532987,0.470665|1|1762487393
I20251108 00:02:58.884953 139717798590272 data_text_parser.cc:116] beg_pos: 8839,end_pos: 11061
I20251108 00:02:58.884966 139717798590272 data_text_parser.cc:59] line: 875|827|1720@716699147:0.255204;1185@1640884467:0.144057;1587@3878516975:0.322673;1048@3555020984:0.450858;1413@2092032673:0.42393;1472@2584148222:0.587168;1861@936534765:0.193159;1430@4121188827:0.51239;1384@2673037213:0.124682;1829@930957542:0.208876;1635@101477692:0.438746;1785@4251180289:0.500363;1712@1021555617:0.036731;1116@1006572694:0.998413;1010@3068453175:0.824197;1371@1255533718:0.282333;1381@1951305812:0.031935;1736@1395824969:0.361164;1206@2053841527:0.666589;1202@4191028541:0.070223|67@0.927857,0.836032,0.108582,0.538658,0.990939,0.741297,0.31722,0.532904,0.453696,0.655891,0.224577;56@0.192709,0.952041,0.967011,0.547591,0.629294,0.079683,0.198324,0.193877,0.265308,0.779517,0.333764,0.924107;73@0.422187,0.313067;38@0.139769,0.137325,0.920936,0.912014,0.034576,0.294371,0.200982,0.418205,0.639307,0.249198;1@;14@0.750666,0.517755,0.295446,0.005867,0.017209,0.416748,0.296775,0.985077,0.015716;41@;32@0.691942,0.321598,0.176449,0.133148;70@0.505006,0.198524,0.681932,0.650879;43@0.630858,0.006689,0.576483,0.204601,0.030836,0.67218,0.090796,0.889932,0.472499,0.334981,0.16723;65@0.126192,0.318541,0.172587,0.424974;20@0.174499,0.861822,0.965023,0.07166;40@0.479662,0.176526,0.798086;100@0.158611;37@0.698465,0.480789,0.115167,0.050342,0.348037,0.050489,0.334248,0.531917,0.504146,0.510223,0.579631,0.615929,0.995232;27@0.058102,0.102061,0.383632,0.48905,0.005848,0.256056,0.459486;92@0.449796,0.386025,0.113978,0.884974,0.875617;10@0.899599,0.548166,0.441306,0.442486,0.201517,0.552135,0.061775,0.465693,0.301082,0.010761,0.471752,0.63394;75@0.217229,0.846385,0.424576,0.647333,0.904862,0.932785,0.763195,0.037878,0.816682,0.878489;84@0.032763,0.001596,0.142383,0.442078,0.181231,0.684294,0.142668,0.41718,0.711229,0.02862,0.564605;82@0.960371;47@0.241278,0.452723,0.638166,0.77369,0.736428,0.388069,0.696306,0.232939,0.190227,0.235967,0.950001;9@0.791914,0.766944,0.280138,0.208686,0.201791,0.966283,0.317467,0.421222,0.523276,0.486023,0.766519;39@0.125967,0.651933,0.986176,0.648911,0.846826,0.175942,0.476808,0.373825,0.156931;88@0.263848,0.349111,0.483629,0.740006,0.167056,0.851389,0.889406;30@0.437901,0.925271,0.431097,0.839609,0.716693,0.651988,0.282217,0.073184,0.765926,0.644767|1|1762487393
I20251108 00:02:58.885001 139717798590272 data_text_parser.cc:116] beg_pos: 11062,end_pos: 13267
I20251108 00:02:58.885014 139717798590272 data_text_parser.cc:59] line: 876|93|1720@3571970528:0.992408;1185@3132911683:0.739638;1587@408991260:0.475807;1048@1731208565:0.592393;1413@3560819882:0.72399;1472@2194225457:0.041332;1861@2751609262:0.908937;1430@1515197632:0.82244;1384@1121701521:0.204256;1829@3373704199:0.709432;1635@4100034261:0.551768;1785@3574715693:0.212146;1712@749187991:0.871123;1116@48685382:0.073259;1010@2891192570:0.022918;1371@4034173398:0.195558;1381@1456519561:0.531271;1736@3638952646:0.147987;1206@495509902:0.13624;1202@2151206599:0.228839|67@0.856023,0.09871,0.580563,0.990312,0.877224,0.888161,0.621796,0.740999,0.60368,0.992932,0.535711;56@0.435818,0.994513,0.024088,0.279391,0.617221,0.010262,0.656191,0.217259,0.641896,0.819539,0.284231,0.626395;73@0.848879,0.824482;38@0.901277,0.692227,0.76621,0.580101,0.995966,0.135046,0.163426,0.650286,0.090281,0.438959;1@;14@0.979854,0.502097,0.375826,0.789884,0.441202,0.997434,0.876131,0.232993,0.677233;41@;32@0.504185,0.271969,0.471559,0.175094;70@0.893533,0.590472,0.716205,0.26251;43@0.617976,0.352813,0.564949,0.927825,0.703839,0.72394,0.621399,0.25091,0.676596,0.980553,0.360743;65@0.322579,0.560836,0.949551,0.72893;20@0.109214,0.417786,0.176366,0.41063;40@0.366647,0.415088,0.796047;100@0.280447;37@0.936578,0.460236,0.730118,0.895256,0.906514,0.532194,0.423354,0.273835,0.450827,0.945034,0.719665,0.968568,0.1231;27@0.205147,0.856729,0.711541,0.32001,0.741821,0.875103,0.035398;92@0.455045,0.232084,0.709203,0.434386,0.616071;10@0.339555,0.759643,0.835379,0.205733,0.10951,0.808638,0.811449,0.342077,0.954647,0.922383,0.176387,0.307732;75@0.61033,0.613788,0.785752,0.244495,0.638787,0.020492,0.617411,0.272786,0.036494,0.508903;84@0.440777,0.015896,0.857101,0.819579,0.103819,0.593952,0.318051,0.685284,0.559414,0.304641,0.767017;82@0.472605;47@0.059142,0.946833,0.560835,0.865766,0.545967,0.862423,0.11572,0.579958,0.11587,0.448738,0.124217;9@0.333294,0.896819,0.447006,0.231508,0.435678,0.8179,0.354597,0.853049,0.300496,0.473315,0.675297;39@0.425436,0.28411,0.437699,0.47394,0.015102,0.799689,0.301196,0.717276,0.722136;88@0.6529,0.731884,0.786124,0.058547,0.858355,0.939179,0.773814;30@0.334719,0.08699,0.93968,0.010815,0.250163,0.812333,0.719503,0.073219,0.952571,0.366563|1|1762487393
I20251108 00:02:58.885051 139717798590272 data_text_parser.cc:116] beg_pos: 13268,end_pos: 15479
I20251108 00:02:58.885063 139717798590272 data_text_parser.cc:59] line: 877|812|1720@460328114:0.917732;1185@3922484112:0.86459;1587@2434691172:0.778022;1048@1938608308:0.824062;1413@1519483539:0.8518;1472@433390235:0.977329;1861@4057166179:0.302146;1430@1286711283:0.989052;1384@1639524682:0.957491;1829@3527346936:0.392666;1635@1291467187:0.413344;1785@4257808571:0.164242;1712@3399089548:0.345137;1116@780285926:0.370225;1010@2015701620:0.607014;1371@654115836:0.741811;1381@2681129478:0.879709;1736@2495077052:0.288501;1206@2193026890:0.668635;1202@611232306:0.400997|67@0.727524,0.606081,0.657731,0.350224,0.29285,0.996948,0.153732,0.169924,0.844077,0.846692,0.875138;56@0.026918,0.570678,0.048388,0.895002,0.386966,0.507655,0.084605,0.223127,0.675289,0.20998,0.048581,0.254192;73@0.731445,0.974306;38@0.112641,0.690917,0.200513,0.396886,0.706635,0.946364,0.413376,0.760995,0.434828,0.801021;1@;14@0.20681,0.459031,0.464462,0.991848,0.474444,0.192149,0.963058,0.58391,0.89471;41@;32@0.626711,0.178585,0.50523,0.950088;70@0.749636,0.091952,0.482721,0.150952;43@0.930712,0.401124,0.782481,0.755842,0.716379,0.674119,0.238276,0.602615,0.04889,0.053472,0.05622;65@0.408622,0.079128,0.278302,0.489083;20@0.636349,0.179775,0.700704,0.227706;40@0.90163,0.026452,0.054665;100@0.541656;37@0.295297,0.862631,0.53744,0.219184,0.337033,0.549662,0.53612,0.870888,0.824055,0.99692,0.993115,0.574095,0.146508;27@0.337921,0.228401,0.763603,0.828804,0.767679,0.422266,0.413237;92@0.069102,0.647982,0.357828,0.672977,0.879502;10@0.474005,0.573069,0.005276,0.425524,0.876722,0.368624,0.174849,0.184445,0.217705,0.809112,0.72905,0.447764;75@0.346977,0.598745,0.711437,0.057094,0.254854,0.44365,0.518545,0.150908,0.648323,0.475257;84@0.840934,0.883358,0.621471,0.281634,0.740277,0.264407,0.328921,0.369823,0.628528,0.463576,0.528787;82@0.366862;47@0.32427,0.476896,0.707946,0.533424,0.841612,0.840969,0.739325,0.65363,0.776295,0.893609,0.971935;9@0.228121,0.267355,0.910023,0.862438,0.998379,0.450737,0.377109,0.19686,0.891662,0.237831,0.776131;39@0.237148,0.845656,0.924369,0.412836,0.798069,0.502012,0.546744,0.031303,0.109694;88@0.472615,0.964484,0.280502,0.263348,0.727133,0.050499,0.186474;30@0.63164,0.140114,0.300542,0.673894,0.548595,0.614796,0.983003,0.438706,0.602347,0.849107|0|1762487393
I20251108 00:02:58.885098 139717798590272 data_text_parser.cc:116] beg_pos: 15480,end_pos: 17696
I20251108 00:02:58.885111 139717798590272 data_text_parser.cc:59] line: 878|707|1720@2204746937:0.631023;1185@3607108014:0.108145;1587@3291143350:0.722712;1048@2813667522:0.023833;1413@3316034194:0.609206;1472@2734649060:0.44608;1861@73274732:0.974943;1430@2213700324:0.142994;1384@3853216910:0.217953;1829@3992361065:0.077915;1635@2163786426:0.331209;1785@666204987:0.038229;1712@3530940211:0.04213;1116@3992529769:0.515772;1010@2135516762:0.479216;1371@4086575869:0.790165;1381@2827504776:0.388744;1736@3217213449:0.158009;1206@2615955489:0.72728;1202@2245073124:0.694965|67@0.424947,0.689774,0.238573,0.031658,0.821671,0.867424,0.918642,0.838248,0.291903,0.283019,0.390541;56@0.981044,0.718829,0.997953,0.086789,0.696905,0.138709,0.130779,0.02756,0.218195,0.701745,0.336656,0.892335;73@0.92019,0.885375;38@0.657063,0.711147,0.028991,0.787097,0.997587,0.119671,0.837686,0.740708,0.940752,0.122991;1@;14@0.427864,0.574639,0.221454,0.01945,0.282004,0.341661,0.497499,0.859206,0.38343;41@;32@0.36481,0.346733,0.798108,0.716729;70@0.133774,0.039732,0.626113,0.920331;43@0.949442,0.649713,0.224471,0.109939,0.066311,0.527299,0.457975,0.725135,0.701286,0.849629,0.663757;65@0.104799,0.504573,0.46163,0.721989;20@0.628829,0.017553,0.90508,0.852029;40@0.544642,0.896713,0.621265;100@0.817614;37@0.417224,0.051757,0.489244,0.402891,0.329414,0.779688,0.314176,0.547602,0.059337,0.837455,0.690663,0.842112,0.089113;27@0.601332,0.883301,0.576447,0.840343,0.666368,0.88264,0.842267;92@0.265863,0.48874,0.469537,0.677943,0.580955;10@0.816094,0.731507,0.032306,0.891719,0.067269,0.182109,0.439383,0.355489,0.85414,0.853248,0.081362,0.17658;75@0.898332,0.842556,0.114837,0.363739,0.812609,0.956266,0.876218,0.563515,0.631141,0.266917;84@0.803396,0.907402,0.724225,0.782236,0.364164,0.293636,0.422538,0.871835,0.992716,0.242375,0.81683;82@0.828366;47@0.16355,0.73074,0.491034,0.349131,0.934075,0.237388,0.107091,0.542362,0.762766,0.973761,0.263561;9@0.234826,0.090814,0.248771,0.054616,0.371816,0.168282,0.313775,0.973731,0.979719,0.755683,0.981362;39@0.280799,0.103567,0.858663,0.180481,0.794008,0.263061,0.831458,0.893421,0.990767;88@0.724276,0.130819,0.802594,0.321823,0.735518,0.438732,0.543627;30@0.775552,0.749749,0.247783,0.050941,0.135732,0.324031,0.48801,0.949623,0.013488,0.135069|0|1762487393
I20251108 00:02:58.885148 139717798590272 data_text_parser.cc:116] beg_pos: 17697,end_pos: 19905
I20251108 00:02:58.885164 139717798590272 data_text_parser.cc:59] line: 879|543|1720@1154448446:0.233539;1185@3023982150:0.738406;1587@3192899604:0.234271;1048@3586796966:0.192125;1413@557443919:0.278735;1472@1123941889:0.246904;1861@4085258491:0.724757;1430@1857761444:0.423449;1384@1939280371:0.388248;1829@1612144011:0.035048;1635@399712489:0.327206;1785@1177982886:0.424167;1712@4207076280:0.113207;1116@3372193811:0.017396;1010@679053410:0.366011;1371@1503468431:0.864456;1381@1115724265:0.301949;1736@2370711940:0.641994;1206@2734408359:0.681125;1202@3300209120:0.904031|67@0.461274,0.535863,0.358114,0.913966,0.449326,0.37516,0.268116,0.947054,0.475543,0.737167,0.304543;56@0.005975,0.714535,0.638808,0.25691,0.753071,0.9361,0.363366,0.360001,0.645207,0.753362,0.088222,0.200896;73@0.413736,0.21554;38@0.787485,0.899505,0.249865,0.10034,0.417571,0.516062,0.728127,0.308788,0.977663,0.115902;1@;14@0.684278,0.16674,0.431859,0.633924,0.708292,0.481135,0.73071,0.485852,0.906812;41@;32@0.510096,0.13466,0.611282,0.856111;70@0.737938,0.801489,0.577227,0.532571;43@0.304173,0.276792,0.009111,0.258102,0.97103,0.653365,0.31601,0.290566,0.585381,0.125907,0.383145;65@0.299792,0.478737,0.152339,0.260548;20@0.363476,0.92436,0.903964,0.671486;40@0.362889,0.131161,0.80554;100@0.731368;37@0.97558,0.298231,0.924901,0.055286,0.16174,0.49845,0.365454,0.263129,0.444445,0.484362,0.48979,0.334831,0.363247;27@0.261047,0.664748,0.345263,0.410648,0.137391,0.61574,0.96071;92@0.593639,0.977317,0.233358,0.257666,0.262679;10@0.877091,0.924726,0.04074,0.491481,0.87389,0.418541,0.971451,0.838885,0.660999,0.074708,0.988236,0.393147;75@0.42649,0.345866,0.008273,0.99854,0.038514,0.199056,0.870448,0.257753,0.127886,0.070885;84@0.116772,0.074455,0.424431,0.414272,0.272869,0.946784,0.747915,0.324183,0.647697,0.687277,0.586497;82@0.628039;47@0.781946,0.50491,0.273286,0.025394,0.141094,0.443841,0.359398,0.030061,0.156751,0.711059,0.423701;9@0.966583,0.524351,0.241531,0.968085,0.431128,0.243887,0.912562,0.164399,0.655807,0.180524,0.503828;39@0.176842,0.255409,0.148907,0.660685,0.551348,0.065978,0.704285,0.105806,0.368515;88@0.54239,0.916552,0.561825,0.776912,0.032398,0.642784,0.838816;30@0.316628,0.908848,0.409404,0.899523,0.932218,0.473173,0.20465,0.103411,0.222936,0.670055|1|1762487393
I20251108 00:02:58.885185 139717798590272 data_text_parser.cc:116] beg_pos: 19906,end_pos: 20480
I20251108 00:02:58.885444 139717798590272 data_text_parser.cc:101] get chunk buffer, size: 20480
I20251108 00:02:58.885466 139717798590272 data_text_parser.cc:116] beg_pos: 0,end_pos: 1637
I20251108 00:02:58.885474 139717798590272 data_text_parser.cc:61] buffer line: 880|740|1720@3963672847:0.005285;1185@2279857657:0.43559;1587@323901054:0.418056;1048@1329158227:0.74801;1413@672003395:0.638798;1472@3786053689:0.695149;1861@3666430320:0.96816;1430@3475935685:0.574577;1384@1338099323:0.833201;1829@3247528515:0.674204;1635@3280344703:0.5543;1785@341541287:0.224748;1712@1594509883:0.196055;1116@1024199638:0.322602;1010@3796240265:0.361949;1371@3132971174:0.763298;1381@551994726:0.007753;1736@4245158330:0.886318;1206@559535575:0.443253;1202@4249849332:0.494951|67@0.392542,0.767471,0.315313,0.507807,0.456056,0.675113,0.107193,0.817894,0.585558,0.651486,0.262762;56@0.040154,0.863245,0.22884,0.157406,0.941837,0.258003,0.936806,0.690457,0.241191,0.275015,0.359094,0.856501;73@0.161868,0.636934;38@0.460898,0.00145,0.859098,0.923541,0.201358,0.681145,0.971742,0.107637,0.546841,0.965646;1@;14@0.458019,0.14758,0.454638,0.277862,0.078378,0.974755,0.832129,0.758886,0.763957;41@;32@0.815421,0.697341,0.351002,0.838015;70@0.224859,0.025603,0.378899,0.63577;43@0.68223,0.708069,0.292628,0.958967,0.010476,0.550717,0.543723,0.38624,0.303049,0.1216,0.097949;65@0.597758,0.390378,0.886008,0.167403;20@0.727643,0.061364,0.323749,0.73335;40@0.287804,0.637746,0.901773;100@0.010315;37@0.944386,0.753707,0.786983,0.977724,0.969563,0.555474,0.818045,0.417176,0.45459,0.053818,0.499114,0.183512,0.058102;27@0.310566,0.132696,0.379941,0.090052,0.54858,0.756159,0.832152;92@0.368508,0.920366,0.174495,0.081163,0.259228;10@0.273237,0.453301,0.927599,0.956917,0.196666,0.83809,0.081269,0.428483,0.892116,0.947556,0.937736,0.948422;75@0.203531,0.902634,0.507076,0.967315,0.568285,0.534972,0.56356,0.639114,0.999116,0.344676;84@0.376164,0.36617,0.256693,0.269614,0.254277,0.331876,0.509753,0.454884,0.626443,0.310357,0.639571;82@0.160273;47@0.4073,0.021082,0.349538,0.408246,0.080619,0.975139,0.389965,0.291019,0.247254,0.291302,0.801876;9@0.363875,0.185942,0.822737,0.960207,0.022779,0.584263,0.415221,0.624482,0.189756,0.620476,0.750685;39@0.846613,0.557578,0.420775,0.501527,0.947406,0.968739,0.444597,0.302599,0.547921;88@0.805082,0.168058,0.790256,0.573862,0.959211,0.494732,0.644885;30@0.963331,0.474735,0.080497,0.033049,0.987598,0.724407,0.328212,0.156953,0.485398,0.221078|0|1762487393
I20251108 00:02:58.885516 139717798590272 data_text_parser.cc:116] beg_pos: 1638,end_pos: 3853
I20251108 00:02:58.885528 139717798590272 data_text_parser.cc:59] line: 881|529|1720@3283421371:0.001216;1185@1091052130:0.989928;1587@3418876364:0.092889;1048@2609342452:0.394642;1413@799936947:0.867554;1472@1917161777:0.453459;1861@590561702:0.130482;1430@484285148:0.442132;1384@1510106149:0.434426;1829@123394252:0.047278;1635@1121701521:0.179945;1785@1845292919:0.757729;1712@2006706617:0.154683;1116@394803801:0.354047;1010@1746658804:0.790616;1371@3523361825:0.980404;1381@1280234533:0.530489;1736@2856796453:0.707553;1206@3241142158:0.774075;1202@3655692436:0.871553|67@0.623384,0.503526,0.294552,0.28536,0.852505,0.445526,0.942752,0.006937,0.805517,0.416722,0.003028;56@0.718768,0.864554,0.045925,0.857244,0.461076,0.458583,0.018788,0.848147,0.645422,0.290436,0.842186,0.420787;73@0.548071,0.184294;38@0.942388,0.93087,0.368156,0.341975,0.608905,0.775281,0.213813,0.271272,0.320328,0.20125;1@;14@0.400118,0.597128,0.914863,0.846979,0.571704,0.179233,0.699287,0.623141,0.287937;41@;32@0.899911,0.814378,0.031184,0.142111;70@0.572026,0.748278,0.223737,0.448652;43@0.051077,0.245604,0.106472,0.869853,0.880813,0.308967,0.193894,0.674102,0.42139,0.398389,0.268593;65@0.69007,0.075463,0.748766,0.246595;20@0.85255,0.56773,0.63265,0.584189;40@0.056502,0.666754,0.154823;100@0.922296;37@0.629133,0.789472,0.843798,0.348353,0.98718,0.960649,0.884291,0.828254,0.88522,0.153756,0.43689,0.516242,0.289595;27@0.243701,0.72215,0.206568,0.971886,0.320829,0.172536,0.189105;92@0.929444,0.125265,0.570923,0.55077,0.680611;10@0.13714,0.799466,0.624749,0.132797,0.377696,0.627262,0.600099,0.806773,0.531261,0.053844,0.935957,0.978647;75@0.607281,0.581098,0.899164,0.13326,0.925498,0.373492,0.779238,0.294365,0.473158,0.850815;84@0.696509,0.084698,0.606288,0.568576,0.748204,0.289178,0.421349,0.990638,0.843312,0.866941,0.295167;82@0.473588;47@0.766048,0.676102,0.233138,0.424623,0.897801,0.33134,0.292731,0.941078,0.149068,0.389525,0.077843;9@0.278841,0.288969,0.210249,0.234042,0.233458,0.195361,0.326168,0.060506,0.290941,0.311939,0.947012;39@0.63052,0.254372,0.938001,0.670376,0.942954,0.348755,0.415653,0.492579,0.446477;88@0.200102,0.481506,0.329057,0.020883,0.809466,0.662452,0.068464;30@0.576102,0.102478,0.698202,0.332031,0.741692,0.057038,0.732643,0.352593,0.137776,0.094187|1|1762487393
I20251108 00:02:58.885567 139717798590272 data_text_parser.cc:116] beg_pos: 3854,end_pos: 6062
I20251108 00:02:58.885580 139717798590272 data_text_parser.cc:59] line: 882|371|1720@1014896905:0.846756;1185@471773130:0.170957;1587@1539412547:0.68851;1048@2567378820:0.831569;1413@3290045958:0.73903;1472@235644863:0.221102;1861@1151404440:0.809006;1430@394803801:0.141384;1384@3707216013:0.115656;1829@3928733503:0.123065;1635@3942920167:0.109422;1785@3266024672:0.731789;1712@800152645:0.646897;1116@2366018614:0.259596;1010@27550991:0.25069;1371@3077122952:0.829256;1381@309453711:0.737211;1736@4267755220:0.778669;1206@2340779104:0.295455;1202@139712026:0.392921|67@0.790372,0.397332,0.119974,0.597845,0.047501,0.767651,0.323343,0.791525,0.268958,0.112252,0.703854;56@0.113206,0.970908,0.514534,0.999998,0.976858,0.871636,0.560151,0.965914,0.315849,0.891879,0.664365,0.569976;73@0.405059,0.956415;38@0.071241,0.171795,0.06724,0.651738,0.089057,0.753004,0.521831,0.870416,0.628863,0.014593;1@;14@0.0641,0.551656,0.586335,0.143481,0.486563,0.234361,0.799717,0.117817,0.738863;41@;32@0.596386,0.811559,0.536778,0.209316;70@0.979153,0.918345,0.86383,0.92156;43@0.959384,0.084646,0.135591,0.117459,0.143218,0.776011,0.79091,0.675352,0.623375,0.998186,0.053433;65@0.608734,0.778037,0.54669,0.21383;20@0.10929,0.365204,0.002802,0.874659;40@0.546683,0.289076,0.517515;100@0.57775;37@0.900954,0.884406,0.505965,0.555498,0.054307,0.278487,0.913297,0.678409,0.276484,0.673246,0.164813,0.784783,0.365542;27@0.864919,0.603711,0.93839,0.873723,0.276753,0.889405,0.261411;92@0.874355,0.685627,0.799084,0.166292,0.774352;10@0.449841,0.725459,0.781366,0.977047,0.774477,0.812002,0.537531,0.729987,0.281007,0.8096,0.348913,0.361053;75@0.587232,0.082978,0.696131,0.702577,0.818029,0.920113,0.131257,0.327185,0.957745,0.807636;84@0.907414,0.652729,0.899881,0.643591,0.409443,0.682894,0.893537,0.639711,0.785984,0.675387,0.695595;82@0.857944;47@0.148858,0.012916,0.391039,0.724182,0.513065,0.09953,0.243092,0.495239,0.826968,0.638968,0.313674;9@0.509976,0.230131,0.916553,0.882541,0.546115,0.697201,0.292458,0.049515,0.55605,0.199824,0.769287;39@0.583281,0.987322,0.32614,0.535339,0.052423,0.428117,0.943227,0.523685,0.198658;88@0.319688,0.411961,0.775136,0.507838,0.083583,0.821586,0.492534;30@0.248486,0.986441,0.308878,0.627098,0.929932,0.580769,0.652526,0.73747,0.252871,0.11592|0|1762487393
I20251108 00:02:58.885615 139717798590272 data_text_parser.cc:116] beg_pos: 6063,end_pos: 8280
I20251108 00:02:58.885628 139717798590272 data_text_parser.cc:59] line: 883|952|1720@346674777:0.44453;1185@475093918:0.936533;1587@2152801322:0.670984;1048@3179497161:0.170957;1413@1472243111:0.865032;1472@3495859661:0.01841;1861@3134116611:0.717558;1430@1011327988:0.566241;1384@4142584373:0.861709;1829@2840912794:0.413182;1635@3493159682:0.73829;1785@3817384226:0.299249;1712@310344712:0.336359;1116@1108519488:0.582682;1010@1049160326:0.537792;1371@4103719429:0.27936;1381@1680569641:0.256587;1736@1287380391:0.20683;1206@1827954938:0.471387;1202@2937775397:0.906883|67@0.138587,0.628287,0.79391,0.462583,0.211468,0.017005,0.857118,0.772063,0.08273,0.458531,0.254687;56@0.95777,0.259815,0.321785,0.961418,0.831078,0.129378,0.842653,0.29832,0.116798,0.962432,0.454907,0.339951;73@0.634024,0.711153;38@0.990626,0.167406,0.414104,0.144392,0.150632,0.346079,0.935658,0.256326,0.324762,0.877163;1@;14@0.524894,0.14415,0.296244,0.383679,0.962254,0.723463,0.177116,0.769358,0.31472;41@;32@0.092057,0.434252,0.317669,0.181341;70@0.937066,0.943916,0.187599,0.275448;43@0.099302,0.719508,0.200162,0.223371,0.277224,0.556604,0.466956,0.261657,0.882338,0.608906,0.177955;65@0.963167,0.740961,0.470831,0.765895;20@0.617054,0.581009,0.927774,0.197803;40@0.707062,0.529215,0.055187;100@0.582336;37@0.634911,0.592948,0.848639,0.175249,0.079587,0.018842,0.619767,0.322478,0.300792,0.880922,0.703899,0.409106,0.970128;27@0.032504,0.564439,0.779001,0.407275,0.594234,0.369492,0.157973;92@0.230054,0.230717,0.432005,0.550007,0.883104;10@0.673165,0.689944,0.752401,0.729397,0.791113,0.754228,0.724744,0.844474,0.669476,0.164568,0.867554,0.90036;75@0.772677,0.071616,0.102794,0.319949,0.735132,0.816526,0.647746,0.711992,0.503577,0.295089;84@0.970357,0.977388,0.326891,0.584794,0.744355,0.722397,0.275517,0.496599,0.567776,0.841623,0.568679;82@0.828398;47@0.992833,0.387825,0.642499,0.767329,0.158883,0.755084,0.444251,0.858226,0.222827,0.14265,0.662941;9@0.336616,0.451421,0.062639,0.905908,0.77409,0.562483,0.649932,0.292004,0.298193,0.665337,0.830389;39@0.15129,0.941677,0.652538,0.684068,0.073183,0.68447,0.274856,0.923352,0.540593;88@0.467113,0.898624,0.788912,0.309929,0.265996,0.557557,0.736056;30@0.375859,0.37134,0.020615,0.361906,0.811332,0.452415,0.791745,0.627594,0.800268,0.728985|1|1762487393
I20251108 00:02:58.885665 139717798590272 data_text_parser.cc:116] beg_pos: 8281,end_pos: 10490
I20251108 00:02:58.885677 139717798590272 data_text_parser.cc:59] line: 884|444|1720@2267159255:0.840975;1185@617387153:0.716677;1587@1768884728:0.462691;1048@2403028260:0.293953;1413@934956081:0.584038;1472@2255085744:0.384709;1861@3383910984:0.948262;1430@2649792299:0.545166;1384@161120385:0.194421;1829@214453908:0.15845;1635@3877290507:0.840967;1785@2317367571:0.151108;1712@3044580123:0.615718;1116@3727071680:0.218474;1010@2399586174:0.149123;1371@2586735728:0.292024;1381@3684172086:0.840301;1736@2872666668:0.932902;1206@3232253349:0.561964;1202@3200996867:0.149396|67@0.361925,0.175635,0.343256,0.869153,0.429823,0.39939,0.57713,0.835394,0.437586,0.963899,0.259614;56@0.654437,0.07993,0.8716,0.497088,0.065247,0.188225,0.441714,0.205371,0.692941,0.881168,0.084035,0.370348;73@0.405946,0.009562;38@0.673908,0.74842,0.879607,0.333848,0.809292,0.320781,0.820393,0.029111,0.222992,0.021104;1@;14@0.075722,0.543734,0.988931,0.719895,0.873612,0.57867,0.295566,0.197035,0.926469;41@;32@0.160743,0.870009,0.990028,0.160756;70@0.681592,0.373434,0.078049,0.275807;43@0.879984,0.963627,0.496327,0.116418,0.983344,0.312157,0.044741,0.68441,0.958956,0.053058,0.778852;65@0.632916,0.465956,0.503269,0.499954;20@0.424282,0.726124,0.836938,0.823558;40@0.224716,0.721368,0.077777;100@0.991731;37@0.55877,0.954715,0.166563,0.762091,0.928697,0.545372,0.763173,0.595992,0.616741,0.716174,0.180328,0.811966,0.153075;27@0.831054,0.025422,0.533737,0.745719,0.27664,0.506964,0.777317;92@0.482924,0.200563,0.7166,0.311797,0.095864;10@0.459271,0.766058,0.670395,0.815813,0.806878,0.432445,0.484088,0.577151,0.96972,0.330714,0.999004,0.85329;75@0.249536,0.492397,0.740211,0.674398,0.442982,0.039376,0.691176,0.911073,0.346759,0.393604;84@0.544396,0.350244,0.987449,0.834319,0.343535,0.361564,0.677997,0.79459,0.568174,0.42116,0.60882;82@0.812779;47@0.588297,0.109928,0.861245,0.11054,0.442201,0.9136,0.806216,0.697913,0.930621,0.343441,0.011833;9@0.106065,0.136466,0.726903,0.062382,0.641946,0.385244,0.312874,0.490603,0.171278,0.084006,0.939783;39@0.341532,0.18907,0.567687,0.534834,0.910755,0.399922,0.315726,0.447678,0.761323;88@0.101838,0.254316,0.179972,0.236078,0.11959,0.100407,0.68892;30@0.905134,0.568555,0.505469,0.848328,0.724162,0.328422,0.606033,0.931996,0.095816,0.233314|1|1762487393
I20251108 00:02:58.885713 139717798590272 data_text_parser.cc:116] beg_pos: 10491,end_pos: 12696
I20251108 00:02:58.885725 139717798590272 data_text_parser.cc:59] line: 885|189|1720@3241328613:0.023356;1185@3056718520:0.826941;1587@1883341548:0.155251;1048@22478384:0.172664;1413@2938195956:0.620699;1472@615209050:0.178613;1861@3946681914:0.811713;1430@206392221:0.879137;1384@522236285:0.625662;1829@3024404212:0.48242;1635@350953287:0.015422;1785@469822640:0.097902;1712@2015811147:0.786606;1116@4105431645:0.279733;1010@244609034:0.803754;1371@2944192318:0.369287;1381@1564260504:0.561296;1736@1863368771:0.195631;1206@1480196019:0.243248;1202@2123846866:0.319657|67@0.44089,0.376797,0.47662,0.535368,1e-05,0.639381,0.153356,0.631395,0.728345,0.527501,0.653026;56@0.255514,0.056226,0.675171,0.379715,0.93979,0.902361,0.726795,0.382434,0.633897,0.987116,0.736916,0.103118;73@0.487094,0.259356;38@0.44652,0.885373,0.97101,0.691854,0.522567,0.805709,0.27744,0.254735,0.836198,0.535469;1@;14@0.626147,0.572185,0.407079,0.669405,0.521394,0.878886,0.618163,0.985919,0.241199;41@;32@0.197655,0.956323,0.721488,0.256283;70@0.453573,0.155295,0.055774,0.805239;43@0.035427,0.572091,0.656323,0.31714,0.760562,0.776743,0.347909,0.092331,0.736215,0.256282,0.463445;65@0.476169,0.149013,0.082978,0.812295;20@0.44781,0.000333,0.379933,0.715245;40@0.701767,0.751401,0.735797;100@0.843338;37@0.134845,0.007298,0.40771,0.843938,0.198125,0.901826,0.412649,0.308954,0.921914,0.262207,0.966798,0.469933,0.118634;27@0.882955,0.416059,0.577579,0.050852,0.496734,0.872509,0.515177;92@0.146182,0.721353,0.04408,0.099384,0.342592;10@0.645329,0.105106,0.977819,0.867838,0.11786,0.94877,0.341245,0.606779,0.553807,0.430203,0.495835,0.823314;75@0.559476,0.505035,0.106231,0.186821,0.911843,0.941278,0.854429,0.658861,0.487635,0.972754;84@0.150915,0.00651,0.957376,0.331705,0.558434,0.445983,0.518668,0.62179,0.572997,0.401861,0.169315;82@0.81634;47@0.949814,0.711298,0.133325,0.233551,0.734437,0.171749,0.434815,0.853368,0.09028,0.229852,0.491583;9@0.638742,0.017656,0.621756,0.945064,0.849172,0.766119,0.970241,0.950205,0.374808,0.798591,0.937147;39@0.43545,0.133734,0.900871,0.895701,0.336198,0.316424,0.173898,0.4414,0.468043;88@0.813016,0.977516,0.41857,0.707954,0.113501,0.644711,0.907945;30@0.834266,0.308948,0.529029,0.229266,0.369604,0.009617,0.210308,0.610415,0.870887,0.975708|1|1762487393
I20251108 00:02:58.885765 139717798590272 data_text_parser.cc:116] beg_pos: 12697,end_pos: 14901
I20251108 00:02:58.885778 139717798590272 data_text_parser.cc:59] line: 886|449|1720@3232253349:0.5599;1185@3276207945:0.125193;1587@3834606189:0.267317;1048@3723250807:0.167674;1413@2169099730:0.267308;1472@3090582945:0.033057;1861@697166963:0.777132;1430@82939899:0.222371;1384@654823002:0.923603;1829@579313081:0.968722;1635@4023927607:0.823462;1785@1514819551:0.181044;1712@1344913893:0.506001;1116@2334947251:0.27981;1010@424966900:0.016892;1371@179695458:0.875469;1381@2678393923:0.547695;1736@4140331801:0.882455;1206@1292127828:0.629954;1202@2557625875:0.909043|67@0.758296,0.566595,0.309737,0.601679,0.692881,0.422216,0.904364,0.054699,0.392586,0.785633,0.961699;56@0.931879,0.510573,0.11275,0.457688,0.967556,0.386104,0.18278,0.97596,0.057218,0.014115,0.235935,0.707637;73@0.503391,0.167295;38@0.72094,0.341989,0.466143,0.991654,0.904815,0.363829,0.593095,0.279999,0.873821,0.33413;1@;14@0.4557,0.252289,0.990419,0.417276,0.204711,0.238829,0.482631,0.714567,0.002661;41@;32@0.000758,0.688258,0.70584,0.581178;70@0.356746,0.487819,0.941244,0.366649;43@0.044365,0.228208,0.276848,0.0991,0.253309,0.957004,0.951648,0.077793,0.778871,0.31478,0.678407;65@0.03277,0.951532,0.257804,0.965761;20@0.990946,0.739259,0.750043,0.588745;40@0.708752,0.096638,0.926106;100@0.888115;37@0.623026,0.536484,0.232489,0.287863,0.30807,0.03893,0.223923,0.443325,0.511922,0.501883,0.164564,0.401651,0.031403;27@0.599413,0.510708,0.181742,0.745339,0.21768,0.46806,0.279354;92@0.372286,0.538307,0.716397,0.630982,0.800755;10@0.619538,0.270858,0.025881,0.088906,0.088191,0.13863,0.062384,0.484201,0.351082,0.601287,0.015029,0.189603;75@0.646486,0.284423,0.524303,0.760249,0.022884,0.625578,0.319975,0.547833,0.136534,0.548266;84@0.626024,0.810476,0.229435,0.639238,0.823606,0.685916,0.966392,0.047994,0.371025,0.595495,0.083184;82@0.613321;47@0.917151,0.33504,0.699386,0.952113,0.789555,0.314887,0.930546,0.88975,0.155294,0.457519,0.952632;9@0.657641,0.081455,0.432078,0.201952,0.091216,0.639094,0.295291,0.38835,0.354213,0.202451,0.714357;39@0.887136,0.288332,0.107868,0.137316,0.058383,0.648287,0.850502,0.788032,0.350437;88@0.555219,0.713078,0.33599,0.191478,0.110693,0.950732,0.667694;30@0.038609,0.974547,0.45633,0.236323,0.345783,0.326871,0.588225,0.94544,0.158657,0.543144|0|1762487393
I20251108 00:02:58.885815 139717798590272 data_text_parser.cc:116] beg_pos: 14902,end_pos: 17111
I20251108 00:02:58.885828 139717798590272 data_text_parser.cc:59] line: 887|912|1720@1402930928:0.426201;1185@2301189001:0.353144;1587@117776126:0.597772;1048@1981923247:0.257072;1413@244970759:0.09939;1472@2174831769:0.836716;1861@1640482660:0.502288;1430@4106201555:0.895425;1384@833713423:0.079778;1829@2591008440:0.743745;1635@851128007:0.004962;1785@3869241486:0.435509;1712@222561036:0.433439;1116@3614492162:0.973646;1010@3822750722:0.929159;1371@3604266825:0.864793;1381@3053740991:0.077704;1736@4086575869:0.690011;1206@2971978730:0.175697;1202@2364066937:0.870056|67@0.460007,0.06307,0.197191,0.454415,0.639348,0.66552,0.847528,0.796945,0.653885,0.656093,0.688431;56@0.749737,0.989701,0.843258,0.538505,0.304353,0.233217,0.679515,0.362657,0.286173,0.909894,0.478088,0.782772;73@0.913262,0.53807;38@0.409392,0.270098,0.507655,0.068743,0.340509,0.692301,0.436863,0.704745,0.818494,0.308717;1@;14@0.400474,0.60144,0.657346,0.423842,0.229025,0.830211,0.440592,0.311219,0.984721;41@;32@0.637062,0.887983,0.232018,0.566923;70@0.350663,0.144763,0.166538,0.364653;43@0.076444,0.524291,0.13824,0.353583,0.775611,0.352123,0.16105,0.36407,0.757345,0.741029,0.515969;65@0.873687,0.088719,0.019766,0.832389;20@0.304112,0.936875,0.200998,0.037283;40@0.136475,0.936171,0.026212;100@0.974359;37@0.210848,0.208935,0.327831,0.549815,0.536775,0.119049,0.113797,0.855562,0.694191,0.28132,0.04369,0.536789,0.235534;27@0.588288,0.048986,0.127124,0.582044,0.357433,0.280876,0.67064;92@0.347795,0.506173,0.940917,0.862664,0.093321;10@0.429622,0.225981,0.185252,0.017935,0.549886,0.560365,0.78011,0.584604,0.061328,0.859095,0.7394,0.666223;75@0.131182,0.566782,0.086114,0.891818,0.958388,0.254454,0.58034,0.495185,0.647243,0.241285;84@0.392703,0.299714,0.922397,0.337756,0.246145,0.135718,0.817771,0.672767,0.26133,0.098341,0.530079;82@0.708465;47@0.915948,0.288048,0.064787,0.742938,0.723456,0.371366,0.834805,0.616508,0.595028,0.595451,0.597489;9@0.119146,0.580948,0.496617,0.08294,0.984874,0.269344,0.239667,0.17756,0.387608,0.271074,0.639787;39@0.178626,0.211583,0.381,0.987969,0.347454,0.029922,0.265214,0.498164,0.80486;88@0.857064,0.090309,0.945058,0.590426,0.519307,0.944599,0.691288;30@0.395801,0.515197,0.410847,0.178205,0.73707,0.157166,0.301102,0.043476,0.765168,0.802191|1|1762487393
I20251108 00:02:58.885864 139717798590272 data_text_parser.cc:116] beg_pos: 17112,end_pos: 19320
I20251108 00:02:58.885876 139717798590272 data_text_parser.cc:59] line: 888|391|1720@1747904196:0.293808;1185@530747068:0.083671;1587@2086491925:0.632379;1048@2520141076:0.759089;1413@2041686772:0.953347;1472@3703975696:0.207543;1861@589789082:0.882156;1430@1163845241:0.410252;1384@1628467969:0.936698;1829@1417582553:0.595405;1635@2512210909:0.895054;1785@2675086765:0.051919;1712@972461146:0.316621;1116@2152658807:0.494188;1010@155412287:0.543954;1371@2949220323:0.37997;1381@27811366:0.370721;1736@879574562:0.45163;1206@1919813297:0.220277;1202@1021597985:0.157762|67@0.087662,0.536422,0.93348,0.164024,0.830553,0.869316,0.346008,0.673729,0.501311,0.197653,0.307389;56@0.938627,0.168758,0.390896,0.968987,0.682066,0.799864,0.976096,0.063072,0.677019,0.738906,0.397171,0.199691;73@0.750766,0.807741;38@0.092527,0.833957,0.40936,0.17773,0.90044,0.156819,0.823461,0.619799,0.511989,0.227317;1@;14@0.326071,0.265097,0.27964,0.991915,0.75231,0.934713,0.492427,0.819084,0.311645;41@;32@0.805765,0.574398,0.915442,0.114289;70@0.424532,0.556274,0.287668,0.842306;43@0.752953,0.660443,0.988794,0.293312,0.744671,0.276671,0.257331,0.805974,0.699726,0.209877,0.663969;65@0.639312,0.99213,0.534839,0.020235;20@0.856942,0.075826,0.490392,0.925756;40@0.533594,0.793557,0.17349;100@0.217548;37@0.413994,0.055657,0.584156,0.261231,0.212975,0.200453,0.829225,0.144354,0.767404,0.82797,0.723957,0.727679,0.273496;27@0.793165,0.21812,0.676619,0.80707,0.338004,0.568109,0.349238;92@0.476107,0.542509,0.920871,0.824478,0.3528;10@0.735282,0.717113,0.333776,0.851314,0.909079,0.925978,0.768739,0.411471,0.016007,0.615648,0.671345,0.834817;75@0.74494,0.814754,0.431839,0.263784,0.973165,0.49554,0.696521,0.891312,0.158165,0.835972;84@0.852031,0.849724,0.029868,0.188384,0.361042,0.117552,0.288746,0.974177,0.532073,0.678108,0.562405;82@0.688847;47@0.554168,0.85547,0.914973,0.787273,0.683185,0.901686,0.514514,0.871357,0.803236,0.947895,0.087911;9@0.535827,0.902224,0.624832,0.881368,0.452658,0.632372,0.609298,0.525995,0.23049,0.757369,0.405529;39@0.974063,0.835756,0.830853,0.821854,0.008168,0.469249,0.270083,0.923678,0.83777;88@0.455903,0.328055,0.866295,0.398665,0.579904,0.897314,0.958807;30@0.965739,0.080387,0.846718,0.590277,0.548442,0.26704,0.032866,0.571229,0.78626,0.983135|0|1762487393
I20251108 00:02:58.885928 139717798590272 data_text_parser.cc:116] beg_pos: 19321,end_pos: 20480
I20251108 00:02:58.886176 139717798590272 data_text_parser.cc:101] get chunk buffer, size: 20480
I20251108 00:02:58.886194 139717798590272 data_text_parser.cc:116] beg_pos: 0,end_pos: 1056
I20251108 00:02:58.886202 139717798590272 data_text_parser.cc:61] buffer line: 889|547|1720@2122283352:0.048439;1185@1841457076:0.378705;1587@61467699:0.663422;1048@1453167040:0.073768;1413@3606978067:0.08306;1472@924129458:0.380345;1861@864151121:0.06002;1430@473819161:0.18652;1384@329388575:0.322914;1829@267994142:0.324221;1635@2945767690:0.368236;1785@339959330:0.378993;1712@2711258580:0.859191;1116@2856987687:0.534386;1010@1361674310:0.819079;1371@2333553471:0.25778;1381@2176587067:0.219044;1736@1632636278:0.675692;1206@4235844142:0.828101;1202@3060285846:0.844259|67@0.789803,0.985081,0.738755,0.404089,0.792559,0.127703,0.146009,0.510619,0.734223,0.026594,0.125162;56@0.186657,0.439009,0.239625,0.334439,0.647342,0.179468,0.626033,0.210116,0.464975,0.839057,0.99648,0.580033;73@0.563082,0.106101;38@0.253454,0.52112,0.667109,0.309574,0.023814,0.433386,0.500387,0.30183,0.978411,0.386633;1@;14@0.037493,0.250336,0.627098,0.722872,0.496302,0.437711,0.868883,0.915018,0.974114;41@;32@0.474363,0.683767,0.630973,0.205877;70@0.261158,0.078401,0.984357,0.959765;43@0.959632,0.469888,0.16543,0.62044,0.635521,0.400562,0.792618,0.418606,0.939343,0.011565,0.682419;65@0.616414,0.253703,0.565703,0.268696;20@0.193911,0.842579,0.373349,0.799693;40@0.863611,0.923612,0.726892;100@0.248311;37@0.686702,0.929682,0.962453,0.736026,0.3663,0.080811,0.306462,0.410357,0.076983,0.60851,0.215876,0.303352,0.979564;27@0.038703,0.050292,0.42901,0.337315,0.384095,0.030779,0.040813;92@0.584082,0.468488,0.536571,0.013531,0.740877;10@0.424161,0.952399,0.119843,0.776834,0.054259,0.178921,0.074901,0.384063,0.116073,0.902524,0.612828,0.589317;75@0.524976,0.788294,0.353322,0.074287,0.778626,0.463699,0.063976,0.711927,0.414224,0.089206;84@0.123744,0.806292,0.088316,0.959868,0.052947,0.541281,0.790011,0.881858,0.296058,0.758758,0.302517;82@0.491074;47@0.204571,0.477474,0.705458,0.854052,0.657678,0.932577,0.287991,0.556816,0.675322,0.402151,0.264311;9@0.195492,0.111575,0.715099,0.692344,0.333563,0.188235,0.124639,0.464332,0.391358,0.617791,0.495627;39@0.540462,0.556719,0.881334,0.275613,0.604183,0.531503,0.261013,0.033175,0.68351;88@0.861638,0.607065,0.373896,0.983436,0.375397,0.805419,0.328049;30@0.177645,0.174326,0.523685,0.564744,0.525598,0.682769,0.729592,0.835891,0.239528,0.025875|1|1762487393
I20251108 00:02:58.886241 139717798590272 data_text_parser.cc:116] beg_pos: 1057,end_pos: 3270
I20251108 00:02:58.886255 139717798590272 data_text_parser.cc:59] line: 890|505|1720@1244243561:0.031365;1185@3618852864:0.066082;1587@712411037:0.216936;1048@965978279:0.197599;1413@3933735642:0.593318;1472@1452960652:0.844309;1861@2502520264:0.614092;1430@4291661838:0.182422;1384@3244719904:0.766762;1829@267193086:0.806949;1635@3993984502:0.147892;1785@3877290507:0.655894;1712@3271062762:0.376008;1116@2707803598:0.0579;1010@3098189245:0.361873;1371@1510422456:0.039431;1381@2557801713:0.744179;1736@2984973671:0.719802;1206@1768884728:0.885863;1202@3992361065:0.128581|67@0.830877,0.938244,0.352165,0.036515,0.348976,0.516755,0.802381,0.08246,0.608369,0.431895,0.353935;56@0.086971,0.258791,0.247695,0.797769,0.500073,0.44496,0.028437,0.251261,0.765685,0.338482,0.845596,0.766859;73@0.314838,0.47383;38@0.807722,0.205398,0.168334,0.953359,0.404893,0.591589,0.182111,0.486929,0.199072,0.068533;1@;14@0.861569,0.210419,0.719999,0.070467,0.562548,0.418927,0.666282,0.411933,0.734215;41@;32@0.328132,0.850924,0.878001,0.821834;70@0.243527,0.951362,0.973024,0.695235;43@0.526912,0.257666,0.130612,0.679576,0.327396,0.280462,0.968726,0.726908,0.137041,0.816429,0.691869;65@0.551477,0.517084,0.112224,0.394765;20@0.51993,0.825634,0.099827,0.683165;40@0.146802,0.634545,0.757615;100@0.137031;37@0.744519,0.138356,0.633122,0.151784,0.917658,0.013871,0.418193,0.628404,0.924946,0.270234,0.555454,0.215767,0.017947;27@0.357784,0.691111,0.843093,0.398442,0.601315,0.242542,0.811126;92@0.320285,0.379408,0.468671,0.690107,0.911609;10@0.026036,0.598059,0.26983,0.137018,0.457453,0.216288,0.265336,0.097307,0.357223,0.34545,0.824675,0.756814;75@0.773024,0.659473,0.324208,0.895009,0.43359,0.203097,0.766751,0.932918,0.089789,0.869386;84@0.043952,0.157491,0.06852,0.232345,0.30516,0.183071,0.46008,0.297705,0.472422,0.757549,0.18097;82@0.960807;47@0.346383,0.51809,0.01043,0.354166,0.668641,0.251519,0.519107,0.162017,0.326079,0.367551,0.569113;9@0.228263,0.640938,0.213853,0.696459,0.50609,0.055735,0.018478,0.760138,0.825479,0.715547,0.782352;39@0.285702,0.4185,0.415095,0.763167,0.892231,0.16254,0.315568,0.924922,0.779174;88@0.825377,0.498157,0.283292,0.81714,0.416934,0.180964,0.278776;30@0.765766,0.764975,0.062372,0.442714,0.085555,0.884403,0.36402,0.925353,0.633071,0.267778|1|1762487393
I20251108 00:02:58.886296 139717798590272 data_text_parser.cc:116] beg_pos: 3271,end_pos: 5486
I20251108 00:02:58.886308 139717798590272 data_text_parser.cc:59] line: 891|682|1720@2361835029:0.252112;1185@1051543248:0.421025;1587@1983230928:0.258912;1048@4222742707:0.795973;1413@3731249604:0.100669;1472@2576814018:0.679732;1861@1808040064:0.345792;1430@1088104818:0.516098;1384@2166676103:0.727828;1829@605927574:0.812018;1635@3674658604:0.410967;1785@2645591007:0.398809;1712@1013723322:0.268404;1116@3121517033:0.003883;1010@855151485:0.914259;1371@3842692492:0.461161;1381@805047898:0.827861;1736@1532064346:0.374895;1206@1544561731:0.002375;1202@19299557:0.768315|67@0.783457,0.685232,0.919573,0.199595,0.237648,0.457572,0.771083,0.781163,0.176143,0.580783,0.876986;56@0.630002,0.956446,0.913598,0.005976,0.473538,0.317084,0.814566,0.391301,0.351228,0.370102,0.288698,0.438036;73@0.362025,0.925174;38@0.594359,0.518934,0.337927,0.701865,0.323314,0.225703,0.34368,0.34105,0.142248,0.44668;1@;14@0.997331,0.443519,0.417228,0.495511,0.15939,0.797796,0.47425,0.542261,0.537974;41@;32@0.711327,0.370213,0.594629,0.075473;70@0.539454,0.404028,0.479544,0.756148;43@0.342028,0.236583,0.251392,0.951514,0.174351,0.165029,0.491299,0.255595,0.182202,0.590091,0.593058;65@0.606151,0.053604,0.008833,0.684084;20@0.648374,0.902267,0.334067,0.475773;40@0.196778,0.202248,0.553811;100@0.36546;37@0.735655,0.737874,0.193572,0.438268,0.483829,0.758833,0.120199,0.33608,0.220075,0.42374,0.311562,0.785706,0.373124;27@0.695117,0.21583,0.67252,0.144444,0.023756,0.948813,0.326629;92@0.295429,0.764156,0.683734,0.907738,0.804325;10@0.64494,0.592719,0.514089,0.576932,0.909696,0.556045,0.562605,0.921139,0.988669,0.756737,0.764487,0.444615;75@0.023432,0.13134,0.606859,0.103813,0.203476,0.144736,0.511123,0.595418,0.996035,0.420101;84@0.04888,0.551666,0.667357,0.419186,0.338163,0.460803,0.972899,0.594139,0.279694,0.350058,0.415326;82@0.276244;47@0.946411,0.062155,0.149709,0.08977,0.005716,0.178351,0.334151,0.875982,0.362871,0.860412,0.668861;9@0.670702,0.929363,0.196279,0.220458,0.006631,0.744782,0.099037,0.031388,0.656521,0.496869,0.93761;39@0.89444,0.739389,0.964398,0.664048,0.521408,0.945891,0.737605,0.032929,0.195407;88@0.006067,0.837913,0.659641,0.969369,0.993749,0.162347,0.039551;30@0.937095,0.443123,0.579615,0.962652,0.051214,0.462933,0.059815,0.532459,0.120567,0.52319|0|1762487393
I20251108 00:02:58.886339 139717798590272 data_text_parser.cc:116] beg_pos: 5487,end_pos: 7687
I20251108 00:02:58.886360 139717798590272 data_text_parser.cc:59] line: 892|690|1720@1436337058:0.364163;1185@17798671:0.780234;1587@3178689303:0.961779;1048@858012511:0.222542;1413@2647079672:0.421809;1472@2290018657:0.558755;1861@602066479:0.981361;1430@313104374:0.379489;1384@4273933823:0.551998;1829@1831664943:0.012701;1635@385574094:0.23475;1785@2823145360:0.521223;1712@3961237500:0.368417;1116@3970995890:0.630372;1010@366281857:0.122592;1371@3585732712:0.213746;1381@1262285727:0.614998;1736@3883113628:0.913815;1206@2657539394:0.223516;1202@399655125:0.169655|67@0.511305,0.775718,0.153373,0.178523,0.79073,0.091847,0.943767,0.351595,0.539929,0.224094,0.173291;56@0.528699,0.722077,0.177286,0.448323,0.935996,0.572233,0.953945,0.826649,0.708489,0.142774,0.023315,0.96824;73@0.637728,0.465374;38@0.558025,0.422994,0.7536,0.931402,0.587468,0.785171,0.049105,0.364672,0.611999,0.445048;1@;14@0.281177,0.933093,0.056124,0.083977,0.516238,0.519191,0.857993,0.844752,0.115434;41@;32@0.12027,0.752462,0.893689,0.207936;70@0.683247,0.202424,0.8334,0.044317;43@0.037616,0.206876,0.868334,0.907001,0.39618,0.842813,0.4262,0.011579,0.986956,0.788347,0.995682;65@0.500016,0.580524,0.416501,0.20694;20@0.272778,0.442464,0.079855,0.227895;40@0.909514,0.657331,0.008993;100@0.008158;37@0.803175,0.620655,0.665074,0.653169,0.407964,0.562322,0.651321,0.425305,0.151709,0.287239,0.83078,0.830594,0.995181;27@0.190491,0.656161,0.511093,0.006454,0.583291,0.861042,0.97229;92@0.376959,0.930803,0.951623,0.755881,0.716465;10@0.949095,0.855986,0.292185,0.184965,0.011024,0.77549,0.177962,0.804245,0.481769,0.064158,0.143449,0.79341;75@0.370885,0.447684,0.940698,0.474151,0.895868,0.818437,0.36989,0.525311,0.742259,0.307556;84@0.177218,0.213749,0.25721,0.98196,0.682467,0.266077,0.993585,0.85789,0.433525,0.548495,0.439896;82@0.494044;47@0.873256,0.474578,0.365902,0.25767,0.422081,0.041827,0.05443,0.108436,0.252092,0.62053,0.487222;9@0.070268,0.896411,0.47097,0.456118,0.785507,0.19442,0.440608,0.567367,0.972264,0.416707,0.995486;39@0.772733,0.458298,0.810519,0.109219,0.765003,0.784935,0.613468,0.218657,0.940589;88@0.751232,0.827081,0.347406,0.77231,0.421714,0.76748,0.317575;30@0.36667,0.917097,0.515311,0.244394,0.754613,0.11609,0.977056,0.346026,0.803008,0.261887|0|1762487393
I20251108 00:02:58.886395 139717798590272 data_text_parser.cc:116] beg_pos: 7688,end_pos: 9892
I20251108 00:02:58.886408 139717798590272 data_text_parser.cc:59] line: 893|578|1720@1296626197:0.096943;1185@2620939206:0.713441;1587@3926420576:0.444311;1048@998570014:0.535923;1413@3034166418:0.836347;1472@1801564365:0.601799;1861@2199893220:0.45392;1430@3612888877:0.536974;1384@4088283260:0.136903;1829@3286553823:0.351791;1635@1312277650:0.138852;1785@3097645140:0.626412;1712@3134433583:0.858834;1116@3129994289:0.921466;1010@1779783029:0.963609;1371@1638782713:0.43613;1381@3959192267:0.551143;1736@743849085:0.597188;1206@2097870213:0.982995;1202@22565576:0.629027|67@0.302978,0.477041,0.144642,0.029158,0.762051,0.562818,0.72611,0.949433,0.12003,0.965105,0.812043;56@0.740952,0.941403,0.723368,0.595313,0.916429,0.450271,0.695825,0.543986,0.215042,0.998533,0.249031,0.8035;73@0.546222,0.256433;38@0.280928,0.256879,0.302642,0.700858,0.854967,0.932568,0.013494,0.129679,0.531939,0.214321;1@;14@0.557684,0.965943,0.319859,0.912314,0.028589,0.005274,0.905447,0.302561,0.13188;41@;32@0.117593,0.894576,0.295983,0.777727;70@0.713434,0.777159,0.089036,0.590131;43@0.348424,0.552432,0.02831,0.68421,0.171222,0.538945,0.481865,0.221637,0.099115,0.235339,0.620278;65@0.977913,0.086205,0.442773,0.53053;20@0.591658,0.855468,0.626551,0.867682;40@0.151543,0.177924,0.93432;100@0.340966;37@0.815541,0.034296,0.042727,0.66926,0.903682,0.628605,0.482065,0.897988,0.390039,0.355919,0.575549,0.857684,0.4368;27@0.351925,0.029329,0.492377,0.925096,0.623751,0.488618,0.691824;92@0.539284,0.835259,0.58004,0.446505,0.35874;10@0.584188,0.930465,0.476621,0.280168,0.611693,0.980102,0.250801,0.155936,0.459091,0.604961,0.606558,0.89836;75@0.930005,0.718424,0.411578,0.293225,0.784791,0.158527,0.873488,0.430766,0.152994,0.741494;84@0.04978,0.730052,0.928047,0.714034,0.311253,0.637295,0.346082,0.808521,0.416717,0.775054,0.746704;82@0.964398;47@0.88189,0.082668,0.550219,0.370171,0.22825,0.606193,0.453803,0.293933,0.227473,0.800475,0.669952;9@0.863718,0.776183,0.980837,0.562511,0.276477,0.393656,0.001675,0.699433,0.07298,0.50373,0.679734;39@0.447965,0.655863,0.48235,0.959649,0.497405,0.18524,0.80476,0.044673,0.67585;88@0.65034,0.673806,0.605495,0.019091,0.914367,0.962122,0.090567;30@0.204448,0.74156,0.885332,0.288036,0.483031,0.488072,0.717688,0.81556,0.361195,0.962248|0|1762487393
I20251108 00:02:58.886445 139717798590272 data_text_parser.cc:116] beg_pos: 9893,end_pos: 12105
I20251108 00:02:58.886458 139717798590272 data_text_parser.cc:59] line: 894|776|1720@1711357047:0.383953;1185@373105343:0.299954;1587@2291501799:0.706481;1048@3056718520:0.871901;1413@2281227683:0.360239;1472@1900259804:0.64582;1861@3486674292:0.431755;1430@3544579205:0.272833;1384@4288847125:0.471396;1829@1109120909:0.936562;1635@1619987702:0.60528;1785@1494251538:0.336842;1712@837086226:0.096366;1116@1396111926:0.785166;1010@1040123238:0.991102;1371@4063766604:0.696481;1381@1694831072:0.225855;1736@3476598819:0.230713;1206@444076755:0.684531;1202@2577049846:0.879884|67@0.417905,0.42516,0.323511,0.201862,0.261615,0.375248,0.040482,0.846446,0.676838,0.074869,0.704922;56@0.659501,0.293236,0.660935,0.737886,0.725226,0.815482,0.778705,0.660245,0.550545,0.63437,0.221747,0.716814;73@0.702573,0.932111;38@0.267683,0.992948,0.033006,0.015597,0.690132,0.728974,0.583572,0.327266,0.795362,0.890902;1@;14@0.863219,0.632662,0.931532,0.929668,0.463682,0.971811,0.872626,0.808136,0.291938;41@;32@0.974823,0.143537,0.608063,0.734838;70@0.698753,0.499697,0.779306,0.718528;43@0.41966,0.356539,0.623187,0.49725,0.1682,0.748348,0.644953,0.879919,0.686871,0.269354,0.789582;65@0.369977,0.028836,0.30784,0.076424;20@0.156839,0.18102,0.055736,0.314141;40@0.179016,0.318883,0.861095;100@0.5891;37@0.667617,0.162319,0.134456,0.156122,0.417101,0.983445,0.261051,0.541623,0.385796,0.725381,0.452726,0.002049,0.063623;27@0.593933,0.928487,0.861793,0.147859,0.145283,0.799116,0.501816;92@0.609098,0.22492,0.667868,0.361572,0.353746;10@0.376737,0.344635,0.445802,0.559328,0.544044,0.146752,0.663723,0.212484,0.727865,0.240971,0.065069,0.342212;75@0.808421,0.623968,0.16338,0.532607,0.58706,0.884959,0.070438,0.163055,0.878184,0.295414;84@0.620136,0.205918,0.589259,0.837045,0.499633,0.977529,0.409137,0.188573,0.64701,0.9456,0.998838;82@0.085461;47@0.180942,0.324138,0.844152,0.833543,0.832765,0.051999,0.399378,0.74456,0.489696,0.313288,0.38987;9@0.574375,0.990249,0.082329,0.904915,0.343585,0.120087,0.914058,0.93327,0.864276,0.525969,0.852415;39@0.700191,0.472146,0.533778,0.377244,0.705727,0.830831,0.292773,0.670757,0.005734;88@0.510104,0.902617,0.110521,0.504835,0.435319,0.886173,0.836168;30@0.148702,0.707887,0.600047,0.48822,0.999353,0.572346,0.559793,0.755477,0.664187,0.950714|1|1762487393
I20251108 00:02:58.886494 139717798590272 data_text_parser.cc:116] beg_pos: 12106,end_pos: 14314
I20251108 00:02:58.886507 139717798590272 data_text_parser.cc:59] line: 895|370|1720@3069347255:0.644887;1185@1359520313:0.489199;1587@1060076012:0.849759;1048@3768700854:0.263462;1413@3348543419:0.785206;1472@3425673676:0.599573;1861@3992361065:0.737583;1430@3980100354:0.366999;1384@1823924373:0.852554;1829@863146451:0.18811;1635@926215115:0.37348;1785@2607821026:0.057451;1712@2958592136:0.753402;1116@2493419899:0.414647;1010@2038064093:0.60079;1371@2797027129:0.316173;1381@1391084663:0.979945;1736@1217758010:0.188908;1206@3010052228:0.805748;1202@2509468600:0.90851|67@0.527507,0.373311,0.463819,0.972222,0.631487,0.492194,0.210602,0.120254,0.465944,0.347448,0.339646;56@0.832862,0.059101,0.872532,0.114035,0.669906,0.593502,0.458543,0.20399,0.036371,0.237674,0.211956,0.36553;73@0.784409,0.682912;38@0.373095,0.840196,0.601044,0.999669,0.588484,0.537422,0.930762,0.935477,0.377593,0.133997;1@;14@0.425369,0.06413,0.51975,0.02898,0.766717,0.678302,0.301458,0.43993,0.429407;41@;32@0.78935,0.43206,0.220797,0.140163;70@0.309124,0.841747,0.638331,0.021752;43@0.30032,0.62803,0.321054,0.064505,0.031321,0.467625,0.00785,0.339839,0.364905,0.217553,0.034055;65@0.854749,0.080632,0.626815,0.497749;20@0.521136,0.591291,0.216097,0.152021;40@0.592139,0.431298,0.530391;100@0.369343;37@0.631889,0.436457,0.370415,0.225791,0.951164,0.475443,0.541363,0.50617,0.680654,0.067085,0.815668,0.918525,0.273402;27@0.007559,0.589589,0.497441,0.10511,0.647097,0.945866,0.35662;92@0.857797,0.844653,0.47997,0.425866,0.888727;10@0.854286,0.003609,0.809898,0.618705,0.135455,0.84755,0.596209,0.384755,0.819826,0.095869,0.002384,0.647912;75@0.632105,0.927581,0.481615,0.153963,0.983391,0.641237,0.706755,0.447514,0.087922,0.129874;84@0.938546,0.243495,0.958317,0.214249,0.101982,0.773715,0.677305,4.1e-05,0.71973,0.933858,0.498034;82@0.494299;47@0.328898,0.524048,0.822669,0.36953,0.876413,0.684143,0.456954,0.377802,0.753358,0.651436,0.602004;9@0.374807,0.559655,0.528872,0.562135,0.811007,0.159627,0.582433,0.847284,0.208547,0.487402,0.619301;39@0.41104,0.468693,0.750918,0.305924,0.115144,0.129295,0.1971,0.034285,0.288656;88@0.518658,0.342104,0.139075,0.248161,0.181759,0.096082,0.032213;30@0.009355,0.880663,0.487089,0.458921,0.44962,0.302417,0.550117,0.809044,0.004724,0.866267|0|1762487393
I20251108 00:02:58.886544 139717798590272 data_text_parser.cc:116] beg_pos: 14315,end_pos: 16524
I20251108 00:02:58.886556 139717798590272 data_text_parser.cc:59] line: 896|390|1720@783445654:0.752932;1185@563325074:0.013693;1587@3426250393:0.750515;1048@4246995094:0.167206;1413@3147994861:0.025987;1472@4214507971:0.324825;1861@583141824:0.983805;1430@2872928720:0.692929;1384@2138265828:0.723953;1829@392349010:0.030965;1635@778556545:0.868769;1785@2984190535:0.44888;1712@4051975907:0.633512;1116@3618101672:0.123705;1010@40312268:0.240515;1371@50368353:0.581582;1381@1239923987:0.044243;1736@3469281455:0.416445;1206@1587857065:0.041018;1202@4135737212:0.234723|67@0.857723,0.363207,0.441809,0.109567,0.726225,0.055646,0.498402,0.573937,0.530996,0.51991,0.656964;56@0.665818,0.457228,0.972649,0.200618,0.464982,0.290113,0.863063,0.477335,0.315998,0.793602,0.672325,0.785233;73@0.301869,0.303321;38@0.814038,0.237686,0.19829,0.638211,0.652993,0.207682,0.197128,0.436589,0.534364,0.268152;1@;14@0.829208,0.552391,0.594107,0.372999,0.548888,0.412467,0.760534,0.76121,0.799011;41@;32@0.80903,0.475432,0.85827,0.919676;70@0.246071,0.424874,0.88242,0.009264;43@0.208241,0.112352,0.067919,0.887533,0.77871,0.769355,0.838731,0.431342,0.732524,0.832751,0.618743;65@0.149039,0.551055,0.703557,0.742198;20@0.071647,0.421049,0.360344,0.668318;40@0.811579,0.613241,0.966122;100@0.689292;37@0.61113,0.719526,0.161244,0.86141,0.059178,0.571622,0.896546,0.608545,0.990699,0.173789,0.568743,0.343314,0.790582;27@0.644621,0.439855,0.469763,0.720436,0.263029,0.010441,0.125286;92@0.903942,0.154194,0.448064,0.255499,0.00527;10@0.130671,0.734685,0.547521,0.127792,0.245973,0.167011,0.324371,0.620821,0.988049,0.67186,0.42704,0.714465;75@0.035039,0.905878,0.25601,0.804502,0.690172,0.337466,0.910588,0.165459,0.714674,0.198834;84@0.409121,0.687227,0.090433,0.349577,0.491513,0.129181,0.294858,0.414966,0.032524,0.477658,0.56364;82@0.81271;47@0.436245,0.151871,0.463232,0.113178,0.233365,0.773915,0.528209,0.918673,0.331782,0.868833,0.654844;9@0.083443,0.806426,0.59806,0.700749,0.606748,0.970043,0.993525,0.540867,0.79214,0.579045,0.692196;39@0.30719,0.619063,0.724066,0.311379,0.312976,0.420358,0.758455,0.783373,0.914229;88@0.246275,0.645902,0.097111,0.640787,0.145673,0.134766,0.852773;30@0.195792,0.390875,0.472213,0.215174,0.015778,0.453418,0.656789,0.677641,0.832546,0.545203|0|1762487393
I20251108 00:02:58.886591 139717798590272 data_text_parser.cc:116] beg_pos: 16525,end_pos: 18731
I20251108 00:02:58.886604 139717798590272 data_text_parser.cc:59] line: 897|345|1720@55311661:0.91266;1185@3932690928:0.7109;1587@1648949890:0.219382;1048@1372904406:0.495648;1413@1189688556:0.556341;1472@3601716449:0.887836;1861@3308781730:0.461389;1430@3338889561:0.437549;1384@3112610810:0.470126;1829@2471132679:0.589714;1635@1046397545:0.694706;1785@1606631624:0.25683;1712@3321779455:0.160963;1116@916086136:0.863359;1010@584230402:0.366434;1371@934956081:0.406121;1381@2630619547:0.279618;1736@3969961530:0.619871;1206@466749203:0.603672;1202@1059216219:0.826544|67@0.878297,0.360973,0.601612,0.734759,0.933689,0.845651,0.85366,0.446288,0.543419,0.714238,0.221451;56@0.269652,0.265009,0.474152,0.302542,0.971284,0.31956,0.92568,0.205091,0.672346,0.614843,0.498247,0.916057;73@0.152644,0.682722;38@0.187917,0.335472,0.607529,0.304689,0.437688,0.041014,0.627585,0.065003,0.674478,0.946048;1@;14@0.081345,0.602888,0.628508,0.269268,0.330165,0.830842,0.556058,0.483608,0.225339;41@;32@0.993272,0.702934,0.61875,0.17069;70@0.654282,0.65189,0.000111,0.661735;43@0.698379,0.394713,0.822048,0.921038,0.808164,0.69853,0.788476,0.030809,0.002986,0.516638,0.573622;65@0.33711,0.046807,0.591782,0.101143;20@0.914257,0.745699,0.14708,0.494925;40@0.873756,0.171677,0.405626;100@0.575281;37@0.827102,0.018073,0.743236,0.82847,0.382532,0.207656,0.143641,0.449272,0.389466,0.461849,0.097347,0.673158,0.053052;27@0.15518,0.763831,0.715129,0.941123,0.437377,0.366399,0.783902;92@0.711937,0.007436,0.101913,0.846394,0.894894;10@0.90148,0.548586,0.844283,0.538958,0.745566,0.047068,0.923852,0.003968,0.464193,0.478925,0.68783,0.49062;75@0.545273,0.628044,0.5726,0.995288,0.704258,0.581109,0.230985,0.543778,0.226984,0.079831;84@0.229873,0.951156,0.623687,0.501106,0.416514,0.884807,0.281792,0.976495,0.009637,0.316082,0.222285;82@0.263608;47@0.611605,0.431053,0.380684,0.204666,0.717524,0.539246,0.33213,0.500235,0.143178,0.481924,0.697889;9@0.057289,0.621539,0.940855,0.399085,0.057718,0.814399,0.041983,0.772501,0.735365,0.392399,0.534139;39@0.349686,0.07723,0.378331,0.242664,0.419748,0.085233,0.888816,0.150161,0.026581;88@0.298493,0.523287,0.745791,0.72219,0.878414,0.441181,0.557032;30@0.227097,0.36653,0.863796,0.797717,0.699562,0.75367,0.488588,0.466813,0.032752,0.640699|0|1762487393
I20251108 00:02:58.886641 139717798590272 data_text_parser.cc:116] beg_pos: 18732,end_pos: 20480
I20251108 00:02:58.886884 139717798590272 data_text_parser.cc:101] get chunk buffer, size: 20480
I20251108 00:02:58.886899 139717798590272 data_text_parser.cc:116] beg_pos: 0,end_pos: 460
I20251108 00:02:58.886906 139717798590272 data_text_parser.cc:61] buffer line: 898|749|1720@354255629:0.462086;1185@651015068:0.368499;1587@3583713432:0.670013;1048@585304759:0.239725;1413@1624351355:0.976127;1472@147029566:0.081185;1861@3383258316:0.121197;1430@2277051903:0.289325;1384@594262026:0.288606;1829@287425686:0.13521;1635@2700665905:0.442343;1785@351080756:0.32122;1712@1950834577:0.945398;1116@2498848245:0.809229;1010@3784720478:0.8232;1371@3371096034:0.57376;1381@3098050059:0.491888;1736@1057265357:0.677869;1206@2803213865:0.929176;1202@3405541820:0.132964|67@0.071148,0.727431,0.23709,0.833495,0.916654,0.220994,0.683654,0.812229,0.871505,0.630402,0.694249;56@0.026709,0.97277,0.371605,0.078403,0.094391,0.322887,0.666412,0.946204,0.398612,0.899518,0.866428,0.993962;73@0.973532,0.006438;38@0.101359,0.679185,0.861027,0.838346,0.252967,0.087923,0.515605,0.074757,0.085099,0.388556;1@;14@0.919246,0.369723,0.263944,0.480524,0.014099,0.778489,0.254655,0.850884,0.308881;41@;32@0.518185,0.3301,0.653492,0.030709;70@0.825682,0.348484,0.37167,0.256228;43@0.087778,0.941355,0.350418,0.654855,0.683466,0.754735,0.033273,0.563739,0.513354,0.50063,0.627073;65@0.9114,0.751776,0.561653,0.104436;20@0.766768,0.641486,0.888758,0.698268;40@0.761611,0.012582,0.371961;100@0.870228;37@0.197875,0.82958,0.7515,0.172786,0.613269,0.543949,0.164543,0.703106,0.511908,0.878488,0.337215,0.061124,0.381882;27@0.272962,0.937672,0.956501,0.126881,0.014398,0.128813,0.646006;92@0.369674,0.000758,0.273378,0.459948,0.477225;10@0.375141,0.566212,0.467844,0.559942,0.467121,0.098624,0.283498,0.470185,0.849429,0.781957,0.079823,0.967477;75@0.416709,0.254688,0.274564,0.407788,0.104484,0.804915,0.231492,0.545175,0.930202,0.285677;84@0.093744,0.478056,0.462481,0.858168,0.966504,0.628044,0.192401,0.1944,0.755738,0.451477,0.346625;82@0.849494;47@0.937757,0.129284,0.162192,0.447104,0.448904,0.559824,0.167205,0.307883,0.094578,0.008143,0.817387;9@0.6786,0.490452,0.599673,0.693657,0.091836,0.976595,0.463292,0.397937,0.658593,0.614813,0.669956;39@0.673315,0.584752,0.807327,0.081906,0.637302,0.657936,0.491836,0.320167,0.774979;88@0.255186,0.277104,0.930183,0.420177,0.360357,0.293426,0.688017;30@0.550565,0.732145,0.361593,0.97249,0.114369,0.885647,0.003476,0.25057,0.248872,0.866538|1|1762487393
I20251108 00:02:58.886944 139717798590272 data_text_parser.cc:116] beg_pos: 461,end_pos: 2669
I20251108 00:02:58.886957 139717798590272 data_text_parser.cc:59] line: 899|860|1720@385542876:0.287397;1185@430035667:0.278204;1587@2708190708:0.626773;1048@367798337:0.632785;1413@2650833795:0.771203;1472@2444289149:0.945189;1861@3492239244:0.218097;1430@452562901:0.34926;1384@1481273672:0.790893;1829@2594456004:0.252096;1635@4056841396:0.597043;1785@3580236594:0.300681;1712@524248150:0.051359;1116@3876856643:0.474565;1010@2630660166:0.854618;1371@830034594:0.745627;1381@2327515147:0.733749;1736@984075703:0.514006;1206@1280234533:0.731204;1202@3178770381:0.728428|67@0.752309,0.177911,0.014313,0.228691,0.935482,0.39466,0.083347,0.796232,0.869939,0.077339,0.464186;56@0.603556,0.495987,0.786902,0.083409,0.92416,0.600397,0.121856,0.08769,0.256784,0.726611,0.373672,0.477833;73@0.554854,0.526119;38@0.6768,0.604184,0.491363,0.500737,0.649254,0.06739,0.535611,0.814287,0.987476,0.699406;1@;14@0.070512,0.75015,0.773942,0.012285,0.37858,0.262103,0.091726,0.038724,0.151635;41@;32@0.550256,0.256959,0.87588,0.743891;70@0.88116,0.993387,0.932684,0.199375;43@0.244535,0.707257,0.628762,0.857956,0.037024,0.65325,0.332676,0.030701,0.207069,0.96608,0.607844;65@0.699858,0.921922,0.088503,0.107774;20@0.443245,0.063002,0.181142,0.18745;40@0.149672,0.630619,0.541982;100@0.619814;37@0.499615,0.180136,0.697103,0.559475,0.047229,0.409006,0.73938,0.887111,0.51185,0.720023,0.250084,0.235315,0.296944;27@0.677331,0.66355,0.599009,0.480259,0.246769,0.947999,0.689112;92@0.644628,0.928777,0.981812,0.834266,0.003186;10@0.817976,0.392287,0.056366,0.848364,0.547628,0.797677,0.231617,0.267434,0.271562,0.732264,0.364108,0.085721;75@0.926613,0.932346,0.259558,0.655418,0.161156,0.554895,0.365133,0.631709,0.279478,0.557265;84@0.841497,0.242189,0.162122,0.234982,0.366565,0.462373,0.286139,0.074536,0.010894,0.488567,0.039418;82@0.569737;47@0.137118,0.825943,0.157458,0.402736,0.482103,0.928136,0.481772,0.85342,0.557359,0.421381,0.253016;9@0.462579,0.010584,0.427042,0.709402,0.287818,0.105944,0.029879,0.226439,0.645311,0.415164,0.568461;39@0.487057,0.581058,0.58293,0.781884,0.715319,0.814894,0.089528,0.463559,0.718895;88@0.751268,0.177036,0.210481,0.650858,0.22766,0.640217,0.746508;30@0.588549,0.628965,0.764345,0.616733,0.258849,0.375828,0.713628,0.863777,0.45122,0.98529|1|1762487393
I20251108 00:02:58.886992 139717798590272 data_text_parser.cc:116] beg_pos: 2670,end_pos: 4872
I20251108 00:02:58.887004 139717798590272 data_text_parser.cc:59] line: 900|201|1720@3178770381:0.659102;1185@2267919494:0.046988;1587@4077144948:0.012557;1048@89030327:0.71503;1413@1347500382:0.92915;1472@3080652180:0.819834;1861@2973062752:0.16151;1430@174122215:0.677922;1384@2869015237:0.776938;1829@487180208:0.904274;1635@2757378712:0.234791;1785@3594009974:0.595882;1712@1847506852:0.408595;1116@390906492:0.583722;1010@306152466:0.193044;1371@3069347255:0.734188;1381@839862586:0.102553;1736@110550306:0.254384;1206@3666108798:0.985571;1202@3485030685:0.663944|67@0.719784,0.347953,0.421254,0.174755,0.376692,0.408282,0.934758,0.103313,0.313997,0.184043,0.848043;56@0.70836,0.652631,0.6027,0.795433,0.423359,0.595404,0.194232,0.668802,0.948398,0.62872,0.792587,0.511415;73@0.479252,0.421252;38@0.394451,0.953073,0.445736,0.352095,0.713053,0.467018,0.492758,0.067902,0.478339,0.207783;1@;14@0.365103,0.257014,0.90237,0.738209,0.081019,0.334656,0.827243,0.619805,0.876723;41@;32@0.493374,0.532847,0.966269,0.916991;70@0.533334,0.866172,0.238471,0.032311;43@0.109135,0.126639,0.13196,0.757947,0.596852,0.118371,0.250944,0.701876,0.458147,0.85764,0.949226;65@0.757128,0.505617,0.55157,0.082425;20@0.959396,0.933618,0.96415,0.680435;40@0.116073,0.660278,0.74238;100@0.019227;37@0.053595,0.36583,0.646533,0.00102,0.265193,0.719599,0.287964,0.394528,0.191694,0.869781,0.317311,0.960918,0.877134;27@0.888446,0.144111,0.818206,0.212103,0.473875,0.99344,0.296126;92@0.417306,0.08115,0.390751,0.76701,0.551727;10@0.056905,0.621236,0.235674,0.457313,0.847421,0.555946,0.522049,0.465711,0.253635,0.739403,0.677574,0.996764;75@0.419312,0.224849,0.271448,0.217029,0.779752,0.450942,0.827006,0.706152,0.241356,0.967394;84@0.302736,0.696999,0.653213,0.153569,0.559492,0.646643,0.075941,0.37622,0.42461,0.092416,0.915018;82@0.798955;47@0.762464,0.672135,0.91417,0.555151,0.026427,0.820197,0.718752,0.428042,0.179104,0.741377,0.260835;9@0.777013,0.343924,0.022868,0.244858,0.100463,0.903116,0.211689,0.752105,0.357353,0.1326,0.11338;39@0.350684,0.225084,0.583518,0.079213,0.600102,0.076123,0.199101,0.552336,0.46792;88@0.347619,0.54517,0.859207,0.878896,0.358471,0.819581,0.131323;30@0.971908,0.249265,0.693241,0.520823,0.837806,0.255455,0.444081,0.82073,0.754758,0.167994|0|1762487393
I20251108 00:02:58.887042 139717798590272 data_text_parser.cc:116] beg_pos: 4873,end_pos: 7074
I20251108 00:02:58.887054 139717798590272 data_text_parser.cc:59] line: 901|812|1720@1406399804:0.868834;1185@532737912:0.475327;1587@280828832:0.403785;1048@500554265:0.175085;1413@40269460:0.120123;1472@3639947905:0.96859;1861@1045419940:0.545258;1430@1465236623:0.976597;1384@1290055087:0.716434;1829@956932375:0.884531;1635@1580258924:0.60299;1785@353386604:0.48839;1712@2929591098:0.968168;1116@407505689:0.997964;1010@104280169:0.456545;1371@1415302404:0.58619;1381@3454208001:0.240098;1736@3088691024:0.179652;1206@2209258244:0.646594;1202@1449120919:0.39203|67@0.783665,0.776197,0.049685,0.938634,0.387844,0.835708,0.044741,0.403464,0.580151,0.27266,0.979166;56@0.898374,0.587121,0.056611,0.130721,0.086086,0.313276,0.351267,0.58569,0.912067,0.041013,0.140032,0.603403;73@0.667234,0.294142;38@0.311249,0.24592,0.171006,0.629257,0.423187,0.272964,0.301548,0.59171,0.198629,0.849791;1@;14@0.037662,0.396434,0.015298,0.120731,0.437357,0.436113,0.539803,0.957847,0.624118;41@;32@0.664574,0.257259,0.991039,0.340292;70@0.540914,0.99677,0.808386,0.690165;43@0.034832,0.992444,0.155172,0.761392,0.217905,0.587029,0.271117,0.714528,0.668261,0.87497,0.174317;65@0.099473,0.219855,0.09758,0.05087;20@0.686292,0.960606,0.100234,0.228734;40@0.192416,0.383862,0.557712;100@0.773263;37@0.041684,0.775763,0.560582,0.956224,0.912886,0.046028,0.295033,0.51119,0.385239,0.457887,0.111451,0.16223,0.644742;27@0.099171,0.614019,0.427006,0.41909,0.664517,0.315462,0.79085;92@0.346265,0.982198,0.164763,0.645944,0.420853;10@0.491194,0.69827,0.93467,0.710914,0.295226,0.335093,0.895098,0.921354,0.048218,0.810662,0.364085,0.559193;75@0.462295,0.444084,0.155939,0.7977,0.749283,0.664941,0.490059,0.309864,0.474385,0.432106;84@0.245902,0.365928,0.705642,0.995039,0.111543,0.80553,0.155333,0.134582,0.592808,0.258368,0.638052;82@0.052315;47@0.551136,0.709139,0.342082,0.062371,0.789561,0.744563,0.772614,0.511328,0.548113,0.809948,0.53947;9@0.205073,0.774537,0.551957,0.937415,0.956764,0.774733,0.663325,0.237075,0.338966,0.166922,0.781186;39@0.452377,0.92454,0.518949,0.201312,0.104989,0.091696,0.716284,0.569305,0.89254;88@0.920036,0.003736,0.732558,0.742741,0.750911,0.077974,0.633015;30@0.993707,0.73365,0.237067,0.25746,0.103335,0.389036,0.696727,0.103086,0.076502,0.407608|1|1762487393
I20251108 00:02:58.887089 139717798590272 data_text_parser.cc:116] beg_pos: 7075,end_pos: 9284
I20251108 00:02:58.887102 139717798590272 data_text_parser.cc:59] line: 902|250|1720@927822855:0.082333;1185@2642466374:0.033877;1587@2290902311:0.748038;1048@934413467:0.975784;1413@1079983651:0.440649;1472@976206512:0.777315;1861@2108258229:0.860348;1430@1544561731:0.204134;1384@1780091353:0.424557;1829@1650930806:0.666171;1635@1338099323:0.354398;1785@2618571280:0.370218;1712@3840407086:0.651337;1116@2246186805:0.730228;1010@4200892721:0.737363;1371@465171005:0.780384;1381@121482445:0.07725;1736@2287074586:0.486603;1206@1997907531:0.794125;1202@1768246720:0.086778|67@0.416746,0.516147,0.687331,0.27743,0.038248,0.977556,0.272846,0.31602,0.416778,0.099728,0.847127;56@0.331429,0.378057,0.604342,0.31386,0.9923,0.202396,0.755163,0.531585,0.103773,0.084833,0.10832,0.893289;73@0.817937,0.691447;38@0.488667,0.142743,0.918081,0.235849,0.066079,0.312317,0.192633,0.582014,0.424666,0.607842;1@;14@0.803734,0.234334,0.483891,0.948936,0.847827,0.410847,0.094774,0.360509,0.428142;41@;32@0.867732,0.448861,0.881996,0.092985;70@0.665374,0.407575,0.620136,0.381479;43@0.975903,0.937471,0.106949,0.010183,0.184552,0.685061,0.544941,0.778134,0.876191,0.384733,0.600065;65@0.776256,0.100597,0.07162,0.5587;20@0.858839,0.744292,0.265855,0.064935;40@0.129179,0.684622,0.800725;100@0.838165;37@0.111794,0.048645,0.836795,0.519387,0.371556,0.507179,0.42811,0.783682,0.631073,0.513366,0.551663,0.09159,0.507;27@0.858215,0.59552,0.621189,0.952701,0.653377,0.458646,0.63963;92@0.697981,0.060643,0.987232,0.973123,0.308506;10@0.461287,0.575339,0.80633,0.327853,0.54643,0.626699,0.801013,0.365337,0.746606,0.759716,0.097639,0.12733;75@0.889711,0.251467,0.221548,0.838611,0.112836,0.228379,0.948801,0.326762,0.352772,0.569877;84@0.756305,0.910551,0.764458,0.162971,0.281589,0.091287,0.025351,0.046137,0.284248,0.791475,0.739813;82@0.901576;47@0.002072,0.375418,0.211991,0.902391,0.180712,0.594021,0.570166,0.161268,0.962284,0.885888,0.284922;9@0.735829,0.529374,0.653526,0.955798,0.097991,0.122253,0.793251,0.919322,0.431469,0.020722,0.261534;39@0.241039,0.065917,0.83992,0.801531,0.083483,0.298394,0.771645,0.988602,0.127461;88@0.191331,0.472308,0.72461,0.72713,0.107429,0.080664,0.064071;30@0.261634,0.260706,0.715962,0.095371,0.291513,0.018164,0.706909,0.790965,0.899838,0.406368|1|1762487393
I20251108 00:02:58.887142 139717798590272 data_text_parser.cc:116] beg_pos: 9285,end_pos: 11503
I20251108 00:02:58.887155 139717798590272 data_text_parser.cc:59] line: 903|879|1720@2374897053:0.538915;1185@2152191127:0.064936;1587@786630530:0.983904;1048@3849502719:0.968625;1413@1648778639:0.48961;1472@3627299604:0.851576;1861@2186835721:0.705222;1430@3502059717:0.350141;1384@3509659284:0.941845;1829@2204746937:0.258416;1635@2366192657:0.961181;1785@3490678812:0.949;1712@3483082364:0.666487;1116@3728202254:0.434929;1010@583633775:0.624602;1371@3810217548:0.772175;1381@3774720535:0.487634;1736@2351773736:0.816738;1206@1033581825:0.358472;1202@1718096020:0.066036|67@0.058413,0.094159,0.089936,0.781347,0.866263,0.87484,0.983637,0.713833,0.115024,0.623309,0.946693;56@0.674558,0.51749,0.782459,0.984174,0.148147,0.242234,0.143918,0.144479,0.064302,0.549426,0.05853,0.260427;73@0.944681,0.799779;38@0.476323,0.866646,0.029279,0.46188,0.511985,0.658681,0.651564,0.601475,0.753946,0.55554;1@;14@0.074729,0.968045,0.944979,0.995553,0.647894,0.475682,0.506453,0.91269,0.774003;41@;32@0.177691,0.523759,0.964312,0.870059;70@0.863026,0.21168,0.832055,0.557565;43@0.367819,0.902111,0.660658,0.195822,0.850324,0.310529,0.301315,0.214333,0.897328,0.429658,0.963859;65@0.071492,0.861716,0.840678,0.718525;20@0.152563,0.986269,0.671026,0.122068;40@0.734192,0.299966,0.980674;100@0.123325;37@0.559138,0.567097,0.785068,0.271699,0.679966,0.156163,0.170838,0.986536,0.056271,0.347726,0.248886,0.31084,0.781576;27@0.644893,0.379502,0.70213,0.140312,0.01253,0.974867,0.245615;92@0.431052,0.091509,0.773439,0.517969,0.396341;10@0.396136,0.815329,0.891884,0.208566,0.308126,0.017697,0.827166,0.616886,0.722067,0.560108,0.886003,0.560779;75@0.793985,0.083688,0.160801,0.412823,0.534097,0.330316,0.23728,0.485452,0.004351,0.708063;84@0.099624,0.676227,0.571024,0.407189,0.420978,0.879519,0.493577,0.305256,0.314991,0.148294,0.251632;82@0.799404;47@0.223787,0.394115,0.320382,0.109392,0.630684,0.323351,0.272118,0.675078,0.50056,0.527088,0.974036;9@0.661594,0.129597,0.708767,0.454956,0.357883,0.92446,0.120038,0.132103,0.968451,0.264015,0.792274;39@0.776164,0.730329,0.336953,0.318027,0.404187,0.415262,0.078932,0.577084,0.280529;88@0.364279,0.670503,0.658433,0.305508,0.442485,0.722381,0.099369;30@0.880798,0.335972,0.709666,0.883361,0.804982,0.188547,0.270668,0.545156,0.858928,0.427823|1|1762487393
I20251108 00:02:58.887186 139717798590272 data_text_parser.cc:116] beg_pos: 11504,end_pos: 13714
I20251108 00:02:58.887205 139717798590272 data_text_parser.cc:59] line: 904|110|1720@1353094770:0.945988;1185@2231329067:0.900776;1587@4199596935:0.717901;1048@350953287:0.989636;1413@1364336234:0.96084;1472@2823145360:0.564881;1861@531561743:0.031153;1430@2640049247:0.37182;1384@825488264:0.558092;1829@540103418:0.181667;1635@3219593434:0.131855;1785@2086571496:0.393196;1712@1123941889:0.430333;1116@1995537412:0.153764;1010@2605897480:0.332978;1371@327074034:0.620387;1381@3109045653:0.87432;1736@2156839340:0.589833;1206@1032009722:0.688895;1202@3202175139:0.982794|67@0.820554,0.70113,0.473118,0.258182,0.129887,0.456542,0.258944,0.005416,0.514236,0.560067,0.176372;56@0.106357,0.191484,0.165491,0.559997,0.357529,0.572653,0.466144,0.310962,0.206133,0.757992,0.824268,0.778552;73@0.413139,0.680816;38@0.438744,0.642115,0.696874,0.026165,0.808048,0.06847,0.813149,0.800768,0.313449,0.133796;1@;14@0.481939,0.861929,0.647089,0.839836,0.70021,0.046298,0.396496,0.826623,0.527336;41@;32@0.452892,0.385871,0.633873,0.841776;70@0.772305,0.46312,0.940771,0.935771;43@0.065876,0.765766,0.689872,0.663362,0.297215,0.987666,0.881854,0.257323,0.132932,0.178998,0.796921;65@0.291772,0.272954,0.653743,0.940538;20@0.419718,0.340368,0.266215,0.272142;40@0.90881,0.426386,0.225431;100@0.41596;37@0.724322,0.238867,0.279338,0.860449,0.812805,0.25391,0.628764,0.530805,0.795047,0.476543,0.509425,0.478987,0.837222;27@0.216982,0.143418,0.301933,0.336856,0.111061,0.743746,0.808876;92@0.131104,0.371246,0.247403,0.716853,0.700404;10@0.969778,0.219511,0.073763,0.023929,0.741254,0.688508,0.050619,0.53362,0.060748,0.130881,0.851816,0.756385;75@0.713318,0.029909,0.42645,0.480659,0.776312,0.371264,0.442438,0.334966,0.791284,0.763242;84@0.301526,0.19988,0.755963,0.711213,0.958954,0.090498,0.736517,0.114772,0.891706,0.993128,0.88969;82@0.193299;47@0.753681,0.590728,0.37747,0.911954,0.7804,0.364726,0.009757,0.851261,0.828685,0.451576,0.954612;9@0.424246,0.130311,0.132094,0.74634,0.495092,0.318693,0.764843,0.901474,0.904593,0.446979,0.536336;39@0.22285,0.080988,0.04378,0.429677,0.105548,0.950394,0.678995,0.707279,0.325617;88@0.207101,0.802129,0.258713,0.411598,0.360589,0.789975,0.90365;30@0.664033,0.491696,0.472137,0.667581,0.85107,0.812164,0.838378,0.195001,0.497937,0.715372|1|1762487393
I20251108 00:02:58.887240 139717798590272 data_text_parser.cc:116] beg_pos: 13715,end_pos: 15926
I20251108 00:02:58.887252 139717798590272 data_text_parser.cc:59] line: 905|605|1720@2460303948:0.436282;1185@3631918790:0.885121;1587@2087326504:0.993768;1048@4137824200:0.402104;1413@4158519977:0.165282;1472@634734591:0.67006;1861@2013859913:0.913027;1430@3594009974:0.348207;1384@1472335849:0.035651;1829@3945266479:0.625433;1635@3601748996:0.97642;1785@4120219116:0.575693;1712@260713764:0.675874;1116@2475294788:0.409482;1010@4050165631:0.381659;1371@3818476593:0.158915;1381@3702331821:0.628176;1736@377752027:0.968961;1206@3309205211:0.278901;1202@1746856339:0.956371|67@0.318779,0.073306,0.245059,0.56639,0.503117,0.039851,0.012731,0.971614,0.12131,0.965687,0.803694;56@0.539039,0.996266,0.482198,0.480921,0.978572,0.179523,0.335547,0.024665,0.988921,0.633845,0.696445,0.356574;73@0.264027,0.122445;38@0.40303,0.336981,0.647336,0.77734,0.914316,0.238709,0.89816,0.035256,0.16791,0.210287;1@;14@0.812297,0.997447,0.426277,0.89003,0.369211,0.309251,0.212259,0.346525,0.152025;41@;32@0.425825,0.475694,0.412394,0.278723;70@0.592503,0.349028,0.249237,0.479685;43@0.193798,0.601857,0.617375,0.43471,0.81749,0.368064,0.452006,0.061982,0.50977,0.906635,0.349148;65@0.865543,0.745985,0.604779,0.19044;20@0.58248,0.666683,0.230195,0.042552;40@0.671902,0.488701,0.608576;100@0.750595;37@0.737362,0.564384,0.161678,0.254144,0.936477,0.081143,0.834574,0.326976,0.561754,0.928452,0.686085,0.776485,0.773794;27@0.090646,0.275656,0.503454,0.86626,0.074766,0.130186,0.978586;92@0.379858,0.479061,0.39001,0.761423,0.43002;10@0.166747,0.454431,0.963662,0.765896,0.238275,0.051836,0.684389,0.670349,0.283686,0.940347,0.383244,0.717444;75@0.287333,0.803699,0.719163,0.127395,0.303487,0.020306,0.645214,0.071626,0.766456,0.388812;84@0.180701,0.838672,0.523387,0.441085,0.903367,0.127349,0.412969,0.195031,0.586126,0.644793,0.312998;82@0.968933;47@0.232258,0.884261,0.187463,0.67727,0.899104,0.982947,0.425968,0.819412,0.384538,0.595641,0.209381;9@0.385087,0.675458,0.404473,0.544242,0.36233,0.813355,0.394852,0.879829,0.733783,0.154795,0.08881;39@0.744988,0.297006,0.667068,0.488938,0.295236,0.723995,0.405358,0.926226,0.70852;88@0.626795,0.21326,0.992748,0.753161,0.306504,0.973639,0.121646;30@0.48316,0.722632,0.499377,0.858186,0.801804,0.166639,0.396469,0.719174,0.963611,0.359299|1|1762487393
I20251108 00:02:58.887290 139717798590272 data_text_parser.cc:116] beg_pos: 15927,end_pos: 18132
I20251108 00:02:58.887303 139717798590272 data_text_parser.cc:59] line: 906|893|1720@1351611446:0.895349;1185@2760882824:0.249861;1587@3893349523:0.065053;1048@1266651984:0.535594;1413@3739241045:0.553695;1472@1880471963:0.948972;1861@1153519264:0.293395;1430@3155586340:0.583443;1384@3418914267:0.046053;1829@3088861166:0.692475;1635@2955217252:0.153559;1785@169982058:0.687526;1712@1991102910:0.843406;1116@2908239012:0.579541;1010@2498848245:0.028627;1371@930957542:0.239656;1381@2789101048:0.782629;1736@2660682865:0.330316;1206@3909765097:0.761467;1202@1246716932:0.94798|67@0.411054,0.945892,0.916163,0.316418,0.135081,0.565812,0.22806,0.269133,0.957685,0.017725,0.025324;56@0.141253,0.63929,0.589667,0.893727,0.717433,0.823885,0.600544,0.33196,0.636914,0.79874,0.963739,0.063651;73@0.333473,0.233402;38@0.917848,0.20005,0.224941,0.652752,0.979935,0.725382,0.505826,0.828641,0.922284,0.037915;1@;14@0.610714,0.130081,0.561955,0.494171,0.210196,0.148875,0.715423,0.040217,0.868018;41@;32@0.577711,0.410191,0.5271,0.595525;70@0.278247,0.067232,0.301406,0.348412;43@0.512409,0.554392,0.268144,0.90907,0.962513,0.162785,0.870832,0.013322,0.380095,0.616164,0.615608;65@0.277583,0.529463,0.653037,0.69119;20@0.662066,0.631705,0.970886,0.79608;40@0.846141,0.595897,0.162472;100@0.618785;37@0.016494,0.68774,0.738998,0.550253,0.371866,0.317867,0.418206,0.071196,0.750002,0.6292,0.960943,0.23411,0.641078;27@0.30757,0.83262,0.070551,0.950005,0.893571,0.324511,0.169876;92@0.829509,0.849144,0.946548,0.885954,0.777558;10@0.120078,0.914174,0.844114,0.345113,0.485042,0.807568,0.76449,0.253747,0.511265,0.419085,0.623502,0.459249;75@0.37929,0.0405,0.971704,0.575296,0.23201,0.982474,0.184914,0.871914,0.31344,0.591235;84@0.139107,0.957179,0.031812,0.587898,0.338393,0.43224,0.178167,0.480644,0.860219,0.976881,0.413384;82@0.095057;47@0.074206,0.55183,0.390068,0.040749,0.118713,0.665596,0.497483,0.284861,0.789643,0.108838,0.077129;9@0.007418,0.697967,0.778954,0.51856,0.356778,0.969175,0.263399,0.194161,0.188355,0.22081,0.761131;39@0.011041,0.752939,0.520436,0.896532,0.973238,0.645395,0.223141,0.841494,0.384425;88@0.335549,0.479399,0.568492,0.20412,0.053374,0.159812,0.577938;30@0.822087,0.145039,0.776798,0.37521,0.767038,0.390286,0.570671,0.26696,0.659951,0.533014|0|1762487393
I20251108 00:02:58.887338 139717798590272 data_text_parser.cc:116] beg_pos: 18133,end_pos: 20348
I20251108 00:02:58.887350 139717798590272 data_text_parser.cc:59] line: 907|347|1720@2699432726:0.210201;1185@155901561:0.160393;1587@3059510038:0.315321;1048@3684172086:0.742983;1413@1311488886:0.849241;1472@1518684581:0.772619;1861@4054080356:0.40958;1430@3900966566:0.565769;1384@403884134:0.960344;1829@2927349006:0.605003;1635@2339153006:0.998001;1785@2056484476:0.832477;1712@272737751:0.130933;1116@1687374853:0.193408;1010@3726233545:0.677238;1371@2324373950:0.515463;1381@2656478616:0.442359;1736@2605117035:0.806613;1206@4042394290:0.881086;1202@3734257896:0.828706|67@0.625252,0.785169,0.315023,0.096487,0.020465,0.141454,0.501653,0.56428,0.67673,0.266788,0.912209;56@0.383674,0.663327,0.310103,0.758389,0.665297,0.494561,0.556145,0.004265,0.093006,0.739053,0.518027,0.094766;73@0.998318,0.981085;38@0.894491,0.157279,0.723836,0.120121,0.020075,0.894779,0.473672,0.110991,0.274745,0.00226;1@;14@0.144782,0.723931,0.293823,0.94979,0.022072,0.381525,0.096008,0.33646,0.723708;41@;32@0.744253,0.228088,0.536384,0.849933;70@0.144758,0.972263,0.984462,0.723675;43@0.585716,0.397316,0.42542,0.942685,0.959441,0.226376,0.552578,0.418211,0.756091,0.401118,0.807259;65@0.544053,0.167455,0.860407,0.382285;20@0.501239,0.47329,0.220053,0.554406;40@0.747256,0.712947,0.838765;100@0.891849;37@0.726128,0.879362,0.181008,0.172594,0.919,0.819037,0.612564,0.379342,0.412395,0.051591,0.196484,0.516744,0.25896;27@0.369229,0.809849,0.514678,0.340461,0.24263,0.037116,0.476334;92@0.705129,0.581539,0.016205,0.920243,0.984974;10@0.122219,0.555285,0.180658,0.760902,0.755419,0.572734,0.348465,0.083684,0.173707,0.97424,0.930979,0.323389;75@0.968163,0.240966,0.773357,0.210004,0.704797,0.843743,0.181766,0.980063,0.84905,0.952429;84@0.381144,0.082384,0.514129,0.526296,0.117467,0.074343,0.377792,0.127816,0.402952,0.260302,0.791325;82@0.450634;47@0.939087,0.636591,0.199481,0.921681,0.595882,0.469642,0.487642,0.50396,0.015665,0.469326,0.320633;9@0.989166,0.552742,0.331431,0.765399,0.640983,0.939441,0.232529,0.19531,0.537731,0.918994,0.972855;39@0.870944,0.25834,0.932198,0.897246,0.267467,0.010421,0.381651,0.810208,0.424966;88@0.020681,0.186304,0.615687,0.051143,0.309063,0.881683,0.104171;30@0.602045,0.108583,0.43864,0.618147,0.955986,0.130838,0.227256,0.537458,0.755508,0.818845|1|1762487393
I20251108 00:02:58.887375 139717798590272 data_text_parser.cc:116] beg_pos: 20349,end_pos: 20480
I20251108 00:02:58.887621 139717798590272 data_text_parser.cc:101] get chunk buffer, size: 20480
I20251108 00:02:58.887652 139717798590272 data_text_parser.cc:116] beg_pos: 0,end_pos: 2081
I20251108 00:02:58.887659 139717798590272 data_text_parser.cc:61] buffer line: 908|341|1720@1045718492:0.224692;1185@2640049247:0.730941;1587@2508454285:0.122756;1048@1150010533:0.344394;1413@3106663907:0.070191;1472@2644751741:0.430726;1861@1498660683:0.325886;1430@1832931528:0.745657;1384@1255840104:0.647743;1829@4169894103:0.2211;1635@4124238415:0.539705;1785@510452802:0.636271;1712@3098978591:0.135039;1116@1709521899:0.759529;1010@3560157685:0.585426;1371@2423081872:0.991015;1381@114581106:0.365281;1736@3919826264:0.461003;1206@3929358981:0.155265;1202@103676658:0.884115|67@0.62148,0.570033,0.090024,0.62812,0.494596,0.911434,0.585685,0.0466,0.31862,0.253416,0.853359;56@0.724977,0.386601,0.263921,0.320954,0.383447,0.287936,0.369584,0.15347,0.692433,0.644087,0.136592,0.193409;73@0.481757,0.767626;38@0.676755,0.698696,0.58745,0.416856,0.262466,0.022065,0.097411,0.59477,0.246769,0.806794;1@;14@0.787418,0.210416,0.443368,0.242146,0.762342,0.343057,0.585478,0.736607,0.718804;41@;32@0.385994,0.994889,0.162504,0.316377;70@0.328638,0.352244,0.417925,0.554438;43@0.779873,0.095657,0.679261,0.871209,0.122876,0.621221,0.686432,0.844548,0.238459,0.603622,0.192002;65@0.034274,0.392472,0.994899,0.22766;20@0.60325,0.659186,0.535545,0.571839;40@0.664696,0.664317,0.997551;100@0.001076;37@0.874438,0.278748,0.057936,0.765865,0.393144,0.777548,0.781865,0.954914,0.783149,0.67773,0.460114,0.546988,0.401605;27@0.478686,0.285836,0.731682,0.906979,0.915351,0.36892,0.02468;92@0.376409,0.974436,0.763432,0.476083,0.844909;10@0.376099,0.682258,0.760568,0.26264,0.044132,0.892726,0.587674,0.262678,0.515942,0.884088,0.180092,0.54615;75@0.579953,0.804601,0.805396,0.638034,0.313698,0.315842,0.317995,0.246782,0.079234,0.112021;84@0.541655,0.656563,0.510206,0.256771,0.29466,0.176227,0.162778,0.199409,0.202496,0.631789,0.859481;82@0.587036;47@0.929653,0.746545,0.235802,0.785673,0.786776,0.826185,0.557121,0.311947,0.89292,0.504442,0.917426;9@0.83202,0.176588,0.192861,0.718764,0.761948,0.394269,0.288761,0.107403,0.811965,0.113589,0.286502;39@0.624291,0.352568,0.012905,0.162287,0.266081,0.653155,0.713337,0.546554,0.428173;88@0.755763,0.187092,0.742758,0.53488,0.243643,0.892333,0.127101;30@0.851657,0.149401,0.684462,0.502774,0.428683,0.348741,0.081899,0.874555,0.692632,0.14782|0|1762487393
I20251108 00:02:58.887691 139717798590272 data_text_parser.cc:116] beg_pos: 2082,end_pos: 4281
I20251108 00:02:58.887702 139717798590272 data_text_parser.cc:59] line: 909|564|1720@1343328038:0.103615;1185@3783857703:0.531514;1587@1624009053:0.376843;1048@4045640175:0.297708;1413@2255559313:0.534505;1472@2570968522:0.933655;1861@2260140129:0.032974;1430@690783603:0.546396;1384@3469281455:0.576761;1829@1203371873:0.944417;1635@206392221:0.331647;1785@2506406611:0.863193;1712@1139022425:0.40206;1116@1074373667:0.757251;1010@1200876490:0.583637;1371@622649366:0.201778;1381@4147470267:0.583283;1736@2353390073:0.89315;1206@1230723139:0.979256;1202@2290379366:0.691753|67@0.444939,0.975466,0.270001,0.781535,0.836397,0.394214,0.905456,0.934768,0.71437,0.307846,0.103639;56@0.58198,0.536733,0.432221,0.818419,0.513337,0.2324,0.485822,0.474808,0.3592,0.985188,0.594508,0.375826;73@0.337911,0.580892;38@0.586365,0.257996,0.211393,0.928942,0.683139,0.521014,0.076268,0.022401,0.092,0.323635;1@;14@0.165121,0.360388,0.143385,0.10748,0.974441,0.217547,0.999847,0.809226,0.097448;41@;32@0.686467,0.319218,0.149656,0.036113;70@0.369355,0.809018,0.78272,0.79184;43@0.584801,0.160964,0.507814,0.213794,0.990913,0.210965,0.956496,0.31804,0.292283,0.826305,0.57898;65@0.612701,0.975056,0.426486,0.327461;20@0.49764,0.656377,0.084927,0.938851;40@0.199553,0.281099,0.551788;100@0.110841;37@0.413838,0.754427,0.758234,0.156934,0.474976,0.359859,0.631592,0.434605,0.238479,0.281245,0.33399,0.175927,0.79416;27@0.051697,0.083456,0.655148,0.849307,0.409222,0.323109,0.271733;92@0.276155,0.469889,0.325907,0.790106,0.720245;10@0.205605,0.298744,0.39397,0.653238,0.427824,0.020329,0.27414,0.892301,0.902243,0.329319,0.05479,0.864774;75@0.328938,0.56626,0.462027,0.663212,0.20936,0.874819,0.688601,0.548957,0.610509,0.068108;84@0.923646,0.434577,0.107166,0.972976,0.349983,0.192599,0.974252,0.297599,0.953553,0.465294,0.443634;82@0.351191;47@0.434579,0.472662,0.091012,0.597456,0.343012,0.50521,0.33455,0.068422,0.600464,0.125085,0.160947;9@0.313476,0.5669,0.291225,0.480755,0.757937,0.462437,0.346849,0.451263,0.799962,0.170555,0.950363;39@0.873828,0.542934,0.3272,0.910858,0.466103,0.536407,0.089156,0.771581,0.152374;88@0.853057,0.477892,0.469291,1.0,0.122065,0.356055,0.520064;30@0.677083,0.503547,0.050386,0.990872,0.868278,0.152112,0.857098,0.592006,0.020246,0.115444|0|1762487393
I20251108 00:02:58.887742 139717798590272 data_text_parser.cc:116] beg_pos: 4282,end_pos: 6483
I20251108 00:02:58.887755 139717798590272 data_text_parser.cc:59] line: 910|435|1720@567175374:0.847823;1185@3369721699:0.914011;1587@1278007371:0.854115;1048@59682361:0.574062;1413@520419938:0.118847;1472@1914468174:0.693267;1861@3973230272:0.850883;1430@1336914759:0.31793;1384@3308781730:0.923763;1829@3763255416:0.90769;1635@3100628286:0.426045;1785@3146050133:0.720377;1712@2072832662:0.376903;1116@3565242254:0.592269;1010@676357830:0.092324;1371@2041811643:0.811159;1381@120801255:0.873137;1736@3662684976:0.540127;1206@91529680:0.309506;1202@2561362242:0.690269|67@0.193577,0.213572,0.647947,0.331387,0.202725,0.944649,0.394512,0.806373,0.172798,0.249376,0.837713;56@0.511107,0.381968,0.332104,0.600835,0.08173,0.469432,0.980204,0.667252,0.022123,0.098086,0.566267,0.427124;73@0.906018,0.30433;38@0.958369,0.958678,0.906279,0.127038,0.719603,0.734342,0.93155,0.326974,0.939229,0.819769;1@;14@0.332748,0.468435,0.465443,0.121535,0.260464,0.595164,0.406596,0.333831,0.579376;41@;32@0.717931,0.394451,0.765279,0.721644;70@0.675789,0.1631,0.625077,0.963362;43@0.526501,0.918068,0.88383,0.898872,0.602892,0.039089,0.93852,0.673934,0.206108,0.600073,0.336786;65@0.481397,0.325539,0.330966,0.85594;20@0.132793,0.521687,0.969455,0.0511;40@0.116858,0.646042,0.981047;100@0.465985;37@0.35253,0.404579,0.807018,0.106028,0.491943,0.014581,0.569212,0.046911,0.29569,0.354732,0.705109,0.480051,0.226681;27@0.031403,0.824306,0.708261,0.676733,0.760478,0.631964,0.799964;92@0.029142,0.220777,0.784939,0.840136,0.196692;10@0.539284,0.667435,0.182,0.486688,0.587063,0.563546,0.452174,0.986576,0.487299,0.214296,0.05363,0.954104;75@0.917782,0.644604,0.053847,0.101405,0.128888,0.730616,0.09089,0.993918,0.92907,0.592259;84@0.194548,0.583384,0.406508,0.565182,0.816531,0.921941,0.122194,0.298499,0.488023,0.736584,0.882183;82@0.951415;47@0.913468,0.616808,0.123049,0.752659,0.794633,0.030996,0.021485,0.155454,0.515426,0.48194,0.965152;9@0.948564,0.18371,0.802328,0.295871,0.001737,0.891225,0.479013,0.777899,0.341892,0.602834,0.55235;39@0.963343,0.619169,0.986092,0.620154,0.734393,0.13536,0.567758,0.16084,0.37294;88@0.74541,0.725462,0.049843,0.532444,0.892457,0.88526,0.289897;30@0.185541,0.466279,0.858291,0.948253,0.207571,0.742811,0.351641,0.191856,0.876857,0.229703|0|1762487393
I20251108 00:02:58.887792 139717798590272 data_text_parser.cc:116] beg_pos: 6484,end_pos: 8688
I20251108 00:02:58.887805 139717798590272 data_text_parser.cc:59] line: 911|691|1720@654807676:0.199344;1185@765804203:0.575705;1587@1448249561:0.723333;1048@3790233357:0.304891;1413@1496112294:0.606377;1472@2387944360:0.715839;1861@3006429162:0.683109;1430@1163097282:0.776399;1384@1559712661:0.05378;1829@1601585854:0.64265;1635@3028757709:0.090615;1785@461186801:0.75807;1712@2980497668:0.285744;1116@2059609076:0.69746;1010@3807812213:0.95682;1371@2896186673:0.540352;1381@93288364:0.92039;1736@1713426831:0.015835;1206@1309173959:0.672008;1202@3277698123:0.438769|67@0.167076,0.853072,0.42149,0.905384,0.756142,0.86425,0.486219,0.486161,0.345469,0.317495,0.896682;56@0.639043,0.769405,0.394495,0.891333,0.483631,0.175847,0.020803,0.205813,0.95552,0.636214,0.112451,0.072496;73@0.720734,0.234199;38@0.297758,0.457819,0.0743,0.049746,0.905297,0.956769,0.06095,0.154098,0.306005,0.267883;1@;14@0.443365,0.996546,0.33486,0.7048,0.165774,0.404428,0.826229,0.164709,0.163895;41@;32@0.116878,0.72364,0.973813,0.22638;70@0.030682,0.880325,0.047634,0.15094;43@0.364164,0.153384,0.153638,0.616247,0.321963,0.420968,0.124228,0.461241,0.33367,0.493373,0.713721;65@0.541097,0.267157,0.723764,0.760416;20@0.833728,0.93103,0.426944,0.315941;40@0.538407,0.440189,0.302111;100@0.141894;37@0.371447,0.785404,0.462298,0.972015,0.157249,0.082535,0.781525,0.426205,0.957342,0.555203,0.490336,0.438965,0.946393;27@0.77752,0.774943,0.260111,0.869168,0.053915,0.628339,0.525865;92@0.535427,0.942066,0.058773,0.172528,0.746375;10@0.795086,0.086144,0.678527,0.13207,0.584539,0.699122,0.973776,0.887812,0.087056,0.674083,0.236087,0.735682;75@0.848486,0.108052,0.868149,0.084051,0.226855,0.711211,0.77031,0.522175,0.465524,0.835935;84@0.626665,0.760683,0.273728,0.784436,0.664146,0.812197,0.33223,0.382232,0.475666,0.05486,0.957087;82@0.297482;47@0.248384,0.361566,0.515848,0.640441,0.797806,0.106883,0.746721,0.696358,0.51996,0.500447,0.884842;9@0.327642,0.218058,0.060558,0.571958,0.741234,0.855949,0.32309,0.570518,0.538703,0.283695,0.240709;39@0.877113,0.216781,0.744352,0.726584,0.454537,0.319255,0.787214,0.220804,0.898224;88@0.083627,0.445301,0.916125,0.774554,0.202357,0.190652,0.859707;30@0.132911,0.065414,0.93228,0.969187,0.065412,0.977959,0.487076,0.823618,0.804995,0.075995|1|1762487393
I20251108 00:02:58.887840 139717798590272 data_text_parser.cc:116] beg_pos: 8689,end_pos: 10898
I20251108 00:02:58.887852 139717798590272 data_text_parser.cc:59] line: 912|804|1720@2403215775:0.022781;1185@3708015449:0.066738;1587@2093314252:0.812186;1048@3211309403:0.425195;1413@3380478002:0.841384;1472@3399089548:0.147394;1861@3951493071:0.605826;1430@2493157724:0.687504;1384@2898625981:0.112445;1829@3997196514:0.622158;1635@3655692436:0.810863;1785@1074305428:0.490506;1712@1501960481:0.74492;1116@1860708492:0.7684;1010@89007713:0.340264;1371@1272261200:0.576815;1381@4100034261:0.260287;1736@2234747218:0.653313;1206@1987402500:0.285018;1202@1270807989:0.392988|67@0.135546,0.870128,0.036449,0.319699,0.962352,0.644913,0.042324,0.296999,0.434727,0.108015,0.256489;56@0.116552,0.150231,0.204558,0.95454,0.268157,0.742293,0.344481,0.823172,0.865997,0.02091,0.938484,0.504927;73@0.734943,0.431649;38@0.497762,0.435413,0.740395,0.698315,0.522078,0.775074,0.81175,0.10649,0.260763,0.180452;1@;14@0.496992,0.24137,0.964281,0.092264,0.64336,0.668808,0.570279,0.40155,0.74101;41@;32@0.503867,0.123546,0.462538,0.782098;70@0.145913,0.874177,0.724633,0.371514;43@0.794856,0.827986,0.97739,0.900513,0.337084,0.268399,0.591046,0.542545,0.47018,0.961809,0.205728;65@0.607113,0.258219,0.760684,0.384613;20@0.328185,0.685898,0.401403,0.039095;40@0.219411,0.458404,0.986607;100@0.937989;37@0.034055,0.434642,0.544623,0.849674,0.600239,0.368572,0.739021,0.246343,0.068832,0.63133,0.318946,0.651742,0.29939;27@0.202674,0.441238,0.538192,0.32072,0.25749,0.694975,0.897779;92@0.264298,0.101923,0.092938,0.164394,0.212575;10@0.149986,0.40623,0.998235,0.436415,0.801095,0.158957,0.351261,0.614665,0.93043,0.022812,0.06468,0.949974;75@0.402738,0.890593,0.768237,0.289426,0.521672,0.68198,0.704528,0.069201,0.619821,0.93399;84@0.177846,0.799599,0.55638,0.023359,0.0828,0.900608,0.509502,0.708371,0.759814,0.218782,0.642634;82@0.410938;47@0.542279,0.431911,0.716588,0.926669,0.258774,0.251745,0.851803,0.432129,0.857055,0.521932,0.337475;9@0.460788,0.237156,0.909039,0.184596,0.028405,0.577289,0.131044,0.207546,0.519607,0.67655,0.192165;39@0.015108,0.050734,0.632662,0.591446,0.308319,0.461799,0.306158,0.011296,0.025017;88@0.694951,0.045431,0.332684,0.755869,0.400294,0.552992,0.681962;30@0.798657,0.017513,0.633841,0.263029,0.590141,0.359541,0.438739,0.047808,0.384614,0.144269|1|1762487393
I20251108 00:02:58.887890 139717798590272 data_text_parser.cc:116] beg_pos: 10899,end_pos: 13102
I20251108 00:02:58.887902 139717798590272 data_text_parser.cc:59] line: 913|770|1720@2551738253:0.417014;1185@1300348889:0.362532;1587@3895373517:0.525684;1048@3448379200:0.35297;1413@1675311078:0.110446;1472@1677730112:0.477167;1861@156174251:0.797965;1430@3727606429:0.451438;1384@9271009:0.902253;1829@1614609403:0.936676;1635@1459663309:0.074711;1785@842273823:0.956226;1712@1211163794:0.08606;1116@165602003:0.740164;1010@4074819954:0.963289;1371@1731105968:0.091788;1381@1350012349:0.247257;1736@3723277926:0.574744;1206@448649387:0.073287;1202@1202026979:0.712492|67@0.646261,0.50794,0.9365,0.643775,0.684835,0.762041,0.60009,0.646726,0.762247,0.828899,0.150139;56@0.478367,0.470065,0.362089,0.633627,0.258191,0.169348,0.863267,0.068164,0.29426,0.80352,0.348897,0.933504;73@0.474147,0.77301;38@0.657301,0.193292,0.493649,0.941868,0.914101,0.828612,0.489113,0.62426,0.859242,0.627933;1@;14@0.068415,0.299596,0.813386,0.050188,0.008653,0.961826,0.151367,0.118043,0.368271;41@;32@0.734727,0.853787,0.153156,0.891468;70@0.008159,0.574721,0.036458,0.17263;43@0.912488,0.767711,0.380258,0.068453,0.834912,0.807076,0.831907,0.175998,0.679211,0.404422,0.411142;65@0.77596,0.779593,0.955252,0.324467;20@0.859825,0.572376,0.443871,0.183543;40@0.688589,0.037156,0.79146;100@0.93193;37@0.925859,0.367309,0.0235,0.81062,0.661249,0.461309,0.590266,0.590902,0.842152,0.201646,0.885999,0.288976,0.867221;27@0.464415,0.388356,0.99769,0.728081,0.863996,0.639853,0.257841;92@0.885564,0.384437,0.233672,0.599308,0.932393;10@0.6114,0.476424,0.486205,0.698848,0.078966,0.993337,0.060024,0.001705,0.293426,0.287308,0.003221,0.859182;75@0.683039,0.717113,0.542937,0.702845,0.28817,0.612395,0.848523,0.392766,0.115273,0.146876;84@0.353378,0.761409,0.281637,0.349168,0.616812,0.640113,0.523125,0.210369,0.987814,0.060767,0.764252;82@0.049474;47@0.796363,0.184409,0.914108,0.083636,0.364909,0.230452,0.031701,0.734905,0.327284,0.192198,0.460331;9@0.730598,0.883505,0.238609,0.97935,0.26643,0.332625,0.761849,0.880696,0.369909,0.830345,0.893224;39@0.223427,0.440354,0.767415,0.851341,0.880572,0.329843,0.02467,0.688595,0.002446;88@0.664737,0.854031,0.884381,0.143904,0.710911,0.22407,0.485381;30@0.210092,0.579533,0.973574,0.870751,0.701579,0.093516,0.27178,0.420154,0.159869,0.51365|1|1762487393
I20251108 00:02:58.887937 139717798590272 data_text_parser.cc:116] beg_pos: 13103,end_pos: 15315
I20251108 00:02:58.887950 139717798590272 data_text_parser.cc:59] line: 914|323|1720@2163786426:0.128132;1185@904916526:0.232365;1587@2007452592:0.826537;1048@299020005:0.063428;1413@3725933899:0.418547;1472@3554889036:0.861438;1861@3083452023:0.943811;1430@4035800102:0.724349;1384@236294592:0.246479;1829@4050721437:0.074066;1635@836531995:0.563158;1785@608491961:0.761473;1712@2286883513:0.27809;1116@4016733619:0.271363;1010@1785462195:0.317241;1371@1326930630:0.734229;1381@691503487:0.80132;1736@1525538255:0.614458;1206@3711421582:0.890282;1202@104219174:0.308994|67@0.07734,0.496337,0.479715,0.417952,0.547473,0.208158,0.388539,0.401051,0.308441,0.561076,0.013193;56@0.869745,0.591381,0.194341,0.788368,0.998942,0.868067,0.290658,0.862986,0.043869,0.626568,0.220761,0.985796;73@0.438542,0.92083;38@0.345134,0.333979,0.163169,0.239293,0.644589,0.633308,0.282204,0.515112,0.489048,0.672881;1@;14@0.081428,0.489012,0.17375,0.258554,0.006061,0.144231,0.886411,0.867905,0.51954;41@;32@0.961427,0.853335,0.468695,0.493042;70@0.960878,0.28329,0.818848,0.446306;43@0.278465,0.908233,0.626143,0.802468,0.866641,0.497357,0.967038,0.039574,0.922749,0.037035,0.872644;65@0.210997,0.601143,0.195067,0.201857;20@0.635455,0.493516,0.947524,0.238778;40@0.124554,0.751494,0.975653;100@0.338855;37@0.160704,0.703844,0.169305,0.635093,0.276798,0.371664,0.252848,0.41041,0.841893,0.417072,0.493004,0.55318,0.108886;27@0.917027,0.084145,0.531804,0.52105,0.043807,0.834128,0.855217;92@0.576234,0.382513,0.429322,0.66755,0.244535;10@0.292751,0.197887,0.96706,0.073592,0.016112,0.065481,0.852626,0.236312,0.444517,0.576602,0.351597,0.811084;75@0.668451,0.549749,0.657088,0.415312,0.957363,0.647995,0.544207,0.821114,0.339231,0.785122;84@0.460739,0.00748,0.975987,0.604742,0.290447,0.586135,0.94167,0.757501,0.249642,0.178228,0.597061;82@0.474721;47@0.369815,0.973986,0.951994,0.341747,0.658216,0.556763,0.878932,0.477203,0.604577,0.115051,0.690657;9@0.947353,0.115013,0.475758,0.1356,0.194816,0.946926,0.938223,0.995986,0.557068,0.182988,0.289435;39@0.007779,0.965226,0.998856,0.039686,0.92977,0.877803,0.191439,0.945323,0.016542;88@0.254018,0.773726,0.688267,0.303285,0.380099,0.233962,0.290502;30@0.899348,0.935602,0.735217,0.448189,0.095844,0.474009,0.830174,0.034338,0.53495,0.065953|1|1762487393
I20251108 00:02:58.887990 139717798590272 data_text_parser.cc:116] beg_pos: 15316,end_pos: 17524
I20251108 00:02:58.888003 139717798590272 data_text_parser.cc:59] line: 915|332|1720@4028151497:0.170567;1185@558813727:0.155243;1587@3017533542:0.627888;1048@1872771679:0.152689;1413@3316633230:0.721085;1472@2499069939:0.916112;1861@2162633185:0.982662;1430@613732446:0.47739;1384@2642397168:0.180625;1829@1489111446:0.504947;1635@3183638872:0.15235;1785@360790217:0.490435;1712@4201087322:0.146332;1116@1052455558:0.155733;1010@319687999:0.311758;1371@1675147190:0.076611;1381@1169368718:0.750029;1736@553624978:0.796528;1206@2744528982:0.396867;1202@1113653945:0.810877|67@0.449138,0.56102,0.384731,0.257125,0.302898,0.791662,0.935487,0.825948,0.261938,0.300822,0.899068;56@0.40456,0.279952,0.131116,0.385199,0.322149,0.341521,0.967323,0.383698,0.941177,0.230547,0.370998,0.375114;73@0.088049,0.843691;38@0.387479,0.6562,0.721423,0.422579,0.967407,0.556392,0.22926,0.563357,0.471789,0.962081;1@;14@0.772594,0.754724,0.424568,0.880758,0.796858,0.767669,0.612701,0.412243,0.501647;41@;32@0.98846,0.456268,0.703739,0.2519;70@0.330819,0.142432,0.345699,0.464618;43@0.905827,0.677606,0.951549,0.528829,0.395333,0.696266,0.598203,0.179655,0.290226,0.020895,0.804123;65@0.361496,0.769547,0.987503,0.519778;20@0.792651,0.142124,0.837258,0.150315;40@0.994617,0.438517,0.65271;100@0.359793;37@0.887668,0.482832,0.410987,0.504369,0.335376,0.277461,0.69918,0.13615,0.584822,0.416764,0.459632,0.819264,0.235665;27@0.585953,0.023839,0.140959,0.099762,0.667379,0.567309,0.041494;92@0.820693,0.148354,0.98638,0.456738,0.128716;10@0.045167,0.514229,0.636852,0.620045,0.097448,0.200576,0.271258,0.43305,0.282959,0.566078,0.282676,0.285562;75@0.931948,0.229657,0.310766,0.081884,0.995758,0.418731,0.43302,0.376435,0.373659,0.649353;84@0.9512,0.120609,0.324423,0.702529,0.071021,0.869954,0.092707,0.302654,0.000856,0.383344,0.460367;82@0.18726;47@0.229942,0.208733,0.880822,0.865426,0.49323,0.077455,0.422229,0.816149,0.615751,0.287428,0.86673;9@0.428471,0.360594,0.278862,0.45468,0.002484,0.222845,0.875822,0.044859,0.130608,0.055762,0.825497;39@0.791591,0.957157,0.080531,0.399358,0.689874,0.210767,0.12821,0.342695,0.79002;88@0.154242,0.091476,0.917465,0.132238,0.085287,0.070213,0.740089;30@0.663514,0.602051,0.694344,0.692569,0.779745,0.889301,0.505821,0.917934,0.736235,0.092948|1|1762487393
I20251108 00:02:58.888040 139717798590272 data_text_parser.cc:116] beg_pos: 17525,end_pos: 19730
I20251108 00:02:58.888053 139717798590272 data_text_parser.cc:59] line: 916|198|1720@2117120863:0.496157;1185@711409547:0.262194;1587@1691714962:0.96941;1048@1312009098:0.276908;1413@446976393:0.061135;1472@1425665161:0.723277;1861@3511719912:0.736608;1430@1549321066:0.27379;1384@2614854935:0.986334;1829@3321404519:0.977158;1635@938213956:0.252255;1785@3270843888:0.004368;1712@2943904721:0.845482;1116@2361402931:0.474724;1010@4200892721:0.29341;1371@3441112965:0.338165;1381@1394642339:0.841488;1736@1395368486:0.197994;1206@4054197306:0.886864;1202@987920606:0.875971|67@0.910379,0.146442,0.766998,0.983431,0.454315,0.042716,0.436118,0.354338,0.588868,0.002135,0.688234;56@0.271419,0.454069,0.191203,0.846929,0.050926,0.77978,0.596326,0.773201,0.540863,0.295471,0.321019,0.446938;73@0.590461,0.84049;38@0.102194,0.460119,0.53913,0.771083,0.616747,0.809392,0.890188,0.115281,0.476528,0.897548;1@;14@0.272938,0.167638,0.107827,0.262555,0.139159,0.404459,0.58383,0.951193,0.597893;41@;32@0.542913,0.29462,0.412931,0.768109;70@0.178457,0.941978,0.414459,0.735319;43@0.510139,0.072852,0.078595,0.391284,0.240503,0.115446,0.203803,0.812199,0.026487,0.23828,0.132289;65@0.662641,0.818771,0.345527,0.613747;20@0.764458,0.028761,0.793583,0.474278;40@0.19059,0.390124,0.273456;100@0.487446;37@0.26419,0.371441,0.201314,0.266205,0.466129,0.486099,0.565646,0.064105,0.114727,0.241145,0.22061,0.445875,0.603245;27@0.440429,0.073951,0.277978,0.349257,0.166419,0.395401,0.498409;92@0.968163,0.79721,0.71909,0.95471,0.795375;10@0.180177,0.19344,0.593999,0.37334,0.050558,0.418098,0.375128,0.936232,0.961978,0.128785,0.958364,0.713697;75@0.340959,0.270098,0.414563,0.969506,0.25508,0.98024,0.216712,0.924396,0.083459,0.755988;84@0.459327,0.728001,0.14345,0.592084,0.8722,0.560895,0.2086,0.180205,0.612591,0.023274,0.879471;82@0.294591;47@0.356304,0.147779,0.811506,0.889192,0.078746,0.492596,0.448248,0.54711,0.625781,0.642384,0.697278;9@0.650237,0.152883,0.417288,0.569522,0.063151,0.378902,0.576028,0.683425,0.512636,0.769991,0.238063;39@0.759177,0.538881,0.334883,0.067089,0.790827,0.374028,0.84856,0.286619,0.719639;88@0.375458,0.26362,0.573174,0.069778,0.903159,0.065541,0.25166;30@0.987914,0.191057,0.088284,0.344991,0.231091,0.744732,0.051947,0.026583,0.695254,0.870674|0|1762487393
I20251108 00:02:58.888078 139717798590272 data_text_parser.cc:116] beg_pos: 19731,end_pos: 20480
I20251108 00:02:58.888328 139717798590272 data_text_parser.cc:101] get chunk buffer, size: 20480
I20251108 00:02:58.888350 139717798590272 data_text_parser.cc:116] beg_pos: 0,end_pos: 1459
I20251108 00:02:58.888357 139717798590272 data_text_parser.cc:61] buffer line: 917|469|1720@2975150450:0.711232;1185@559854562:0.271367;1587@996766079:0.506394;1048@2345965075:0.270505;1413@2050360666:0.018395;1472@3727606429:0.828474;1861@1178373232:0.942697;1430@1428547537:0.143338;1384@1015332907:0.609884;1829@1227476973:0.504836;1635@748417595:0.047736;1785@2958834614:0.085678;1712@1062701749:0.612465;1116@2456557948:0.36558;1010@1155380353:0.700083;1371@281464446:0.654241;1381@1095561240:0.192052;1736@1382796636:0.01272;1206@2287941601:0.417328;1202@570005085:0.153129|67@0.227397,0.082073,0.561384,0.682447,0.891113,0.503898,0.964342,0.377976,0.532478,0.827177,0.371612;56@0.211872,0.026932,0.189548,0.679192,0.056589,0.276255,0.401426,0.164341,0.324793,0.155215,0.732705,0.406998;73@0.209977,0.529689;38@0.286979,0.752159,0.19275,0.041584,0.989867,0.299712,0.284187,0.141654,0.707445,0.12616;1@;14@0.272802,0.24445,0.288779,0.677723,0.257558,0.216356,0.768676,0.563183,0.363376;41@;32@0.885291,0.139301,0.327466,0.085695;70@0.75467,0.920324,0.598476,0.448808;43@0.646525,0.774272,0.491381,0.506455,0.01833,0.916016,0.170198,0.246413,0.978912,0.878844,0.495933;65@0.112989,0.491228,0.434316,0.727415;20@0.792056,0.745318,0.127379,0.422076;40@0.274685,0.87212,0.043096;100@0.509513;37@0.567831,0.939498,0.181298,0.151648,0.269399,0.595259,0.005156,0.313847,0.990593,0.108953,0.336204,0.411,0.09999;27@0.15609,0.072797,0.269521,0.63009,0.084438,0.291891,0.998897;92@0.286876,0.528478,0.874168,0.542498,0.339265;10@0.455055,0.687051,0.660674,0.158888,0.81615,0.802506,0.099142,0.882055,0.83494,0.350452,0.38824,0.825375;75@0.213842,0.207467,0.633064,0.644883,0.027946,0.243886,0.292265,0.296245,0.989139,0.747427;84@0.494841,0.854708,0.342305,0.621606,0.42301,0.039552,0.166967,0.384475,0.351248,0.405809,0.619875;82@0.486552;47@0.78775,0.78097,0.143703,0.543171,0.670805,0.121009,0.693528,0.933158,0.722441,0.687786,0.22273;9@0.613891,0.271095,0.158138,0.141748,0.447352,0.637614,0.117609,0.683889,0.309377,0.313157,0.089338;39@0.344583,0.553272,0.991386,0.888258,0.972543,0.288686,0.092541,0.538468,0.489504;88@0.00914,0.680834,0.370091,0.600416,0.892991,0.863432,0.681588;30@0.377555,0.66567,0.238858,0.67566,0.158243,0.403413,0.514103,0.451241,0.871555,0.267379|1|1762487393
I20251108 00:02:58.888396 139717798590272 data_text_parser.cc:116] beg_pos: 1460,end_pos: 3671
I20251108 00:02:58.888411 139717798590272 data_text_parser.cc:59] line: 918|140|1720@2803947628:0.022211;1185@261141014:0.910462;1587@1398618172:0.615459;1048@1329253115:0.982512;1413@2878036977:0.987974;1472@1147940780:0.617991;1861@2680135131:0.817271;1430@2763449711:0.401202;1384@1807081293:0.902589;1829@2529478635:0.109479;1635@2601094377:0.832254;1785@1896601057:0.254402;1712@1893043818:0.679993;1116@3321481276:0.19113;1010@3221155904:0.682458;1371@563325074:0.461361;1381@1816657881:0.124095;1736@1767065336:0.653187;1206@1919813297:0.838431;1202@3655288819:0.406635|67@0.60453,0.555264,0.574582,0.151954,0.605458,0.257961,0.279167,0.301748,0.920545,0.206028,0.623119;56@0.422752,0.415961,0.649214,0.921637,0.123853,0.921935,0.581251,0.763643,0.443886,0.93744,0.845041,0.192254;73@0.196665,0.703817;38@0.616493,0.188108,0.876678,0.349246,0.52022,0.564581,0.383243,0.760107,0.509374,0.576127;1@;14@0.180621,0.86672,0.329508,0.286639,0.559238,0.55226,0.795944,0.43222,0.211496;41@;32@0.193218,0.213859,0.090702,0.653797;70@0.667799,0.84923,0.72623,0.193972;43@0.004158,0.369616,0.751348,0.689286,0.35146,0.754283,0.968323,0.566022,0.915017,0.470329,0.197499;65@0.721047,0.147474,0.708785,0.853678;20@0.738271,0.207252,0.93677,0.081299;40@0.827704,0.906923,0.767593;100@0.241868;37@0.037725,0.515233,0.629474,0.561187,0.520803,0.288695,0.476416,0.085033,0.453379,0.275321,0.190499,0.056067,0.174655;27@0.364513,0.316004,0.833689,0.569226,0.351527,0.451312,0.586406;92@0.937318,0.289922,0.656724,0.705105,0.519669;10@0.756672,0.856393,0.052305,0.283851,0.04383,0.894228,0.018381,0.820991,0.064294,0.555243,0.874183,0.577549;75@0.204275,0.57635,0.013933,0.179235,0.709782,0.689839,0.761289,0.859978,0.565995,0.800824;84@0.519013,0.645051,0.720243,0.799401,0.981812,0.025582,0.834206,0.861936,0.888988,0.75133,0.253657;82@0.75679;47@0.403283,0.651586,0.543513,0.833799,0.331591,0.427886,0.911639,0.533479,0.631488,0.999095,0.126065;9@0.768832,0.35015,0.977219,0.65784,0.439333,0.411127,0.397104,0.385213,0.088285,0.17609,0.44575;39@0.48833,0.302498,0.852738,0.803192,0.313673,0.355295,0.942529,0.132959,0.426217;88@0.969822,0.193418,0.36694,0.046502,0.78293,0.414413,0.313983;30@0.14767,0.636646,0.408773,0.66022,0.524213,0.168193,0.627585,0.186632,0.791513,0.373656|1|1762487393
I20251108 00:02:58.888446 139717798590272 data_text_parser.cc:116] beg_pos: 3672,end_pos: 5884
I20251108 00:02:58.888459 139717798590272 data_text_parser.cc:59] line: 919|435|1720@2795643900:0.905387;1185@1134619033:0.335925;1587@191806497:0.679327;1048@3486072997:0.373005;1413@420592583:0.043522;1472@1575038604:0.869195;1861@1343148665:0.768391;1430@1495693973:0.48706;1384@837280271:0.685355;1829@3253286946:0.266435;1635@3666709966:0.594126;1785@424966900:0.097292;1712@3702587278:0.718687;1116@2048968515:0.280481;1010@3672509614:0.144665;1371@1595319339:0.180696;1381@1975698829:0.54499;1736@353386604:0.209907;1206@3170821505:0.121926;1202@1850260981:0.223259|67@0.773396,0.060558,0.909676,0.401942,0.010779,0.604131,0.862277,0.158365,0.139532,0.889818,0.774455;56@0.10174,0.889732,0.560743,0.124754,0.674701,0.449808,0.705063,0.020101,0.247558,0.001967,0.067023,0.390734;73@0.935366,0.598806;38@0.536425,0.0349,0.366714,0.7001,0.541249,0.954391,0.551857,0.957682,0.653929,0.32605;1@;14@0.215127,0.34585,0.084475,0.787689,0.52238,0.241074,0.899974,0.240852,0.397687;41@;32@0.188881,0.637429,0.617761,0.603897;70@0.956403,0.806806,0.549185,0.837943;43@0.685435,0.417937,0.250025,0.736803,0.399392,0.552374,0.054246,0.583522,0.018838,0.616879,0.125009;65@0.488861,0.90172,0.316071,0.943091;20@0.060089,0.563478,0.46739,0.413671;40@0.129352,0.717646,0.263435;100@0.028017;37@0.930129,0.42716,0.022015,0.156347,0.59329,0.78431,0.791254,0.220616,0.132195,0.771596,0.418827,0.174449,0.758997;27@0.628042,0.037588,0.786291,0.518368,0.640626,0.474227,0.942882;92@0.131926,0.851855,0.837404,0.046377,0.608692;10@0.884289,0.995543,0.880421,0.963398,0.877683,0.002404,0.398347,0.127475,0.467522,0.023839,0.62714,0.040494;75@0.046958,0.691021,0.743452,0.167436,0.283545,0.282357,0.683622,0.298984,0.644059,0.347348;84@0.324441,0.255652,0.671308,0.924279,0.215619,0.300101,0.273437,0.28661,0.000982,0.414572,0.041338;82@0.536147;47@0.199631,0.495533,0.154421,0.85324,0.064118,0.111419,0.626175,0.593222,0.987662,0.68547,0.599539;9@0.021985,0.541184,0.818724,0.085645,0.233145,0.776083,0.555521,0.827165,0.478769,0.193663,0.740202;39@0.636967,0.475486,0.118233,0.192748,0.209395,0.310531,0.895086,0.078213,0.920027;88@0.937598,0.245352,0.984912,0.501418,0.801693,0.276251,0.173866;30@0.298008,0.791377,0.386271,0.372874,0.681961,0.20973,0.516246,0.016398,0.932027,0.496926|0|1762487393
I20251108 00:02:58.888500 139717798590272 data_text_parser.cc:116] beg_pos: 5885,end_pos: 8083
I20251108 00:02:58.888536 139717798590272 data_text_parser.cc:59] line: 920|78|1720@3334708844:0.380955;1185@1596615208:0.349084;1587@1264144987:0.523868;1048@742794527:0.24879;1413@856828996:0.364853;1472@502207518:0.939926;1861@4009789964:0.733339;1430@1108519488:0.466748;1384@1271116111:0.970316;1829@66166920:0.511875;1635@1280234533:0.94461;1785@2640259242:0.690145;1712@2680153046:0.837295;1116@3728830192:0.531952;1010@1134748735:0.225616;1371@2230724859:0.132567;1381@1364336234:0.2441;1736@2227039463:0.899515;1206@857165004:0.588084;1202@1694317507:0.703841|67@0.385871,0.520461,0.83468,0.261916,0.455972,0.807637,0.256722,0.31356,0.97963,0.125044,0.932375;56@0.471741,0.267852,0.971581,0.653242,0.71981,0.480757,0.98573,0.707341,0.038665,0.987082,0.587942,0.568929;73@0.153047,0.555746;38@0.161412,0.278851,0.762997,0.67194,0.474496,0.656678,0.580232,0.895564,0.109416,0.516928;1@;14@0.672217,0.115024,0.059611,0.192761,0.770791,0.086423,0.51796,0.563135,0.32561;41@;32@0.199301,0.977576,0.474313,0.651667;70@0.64345,0.850137,0.789505,0.98012;43@0.456931,0.628327,0.899159,0.015048,0.473963,0.411258,0.875544,0.764092,0.936642,0.346193,0.590352;65@0.808383,0.75982,0.370599,0.110058;20@0.209839,0.545506,0.437144,0.752679;40@0.684674,0.447283,0.57192;100@0.313669;37@0.454541,0.155196,0.23467,0.12068,0.714557,0.90061,0.675494,0.909338,0.094205,0.987399,0.905277,0.333945,0.995916;27@0.602348,0.085956,0.878708,0.673997,0.150261,0.763798,0.300888;92@0.842667,0.558746,0.438122,0.760014,0.313705;10@0.838506,0.232957,0.187367,0.647562,0.822408,0.030711,0.949644,0.063808,0.23245,0.090382,0.81481,0.612062;75@0.676248,0.839468,0.11137,0.593105,0.529069,0.649187,0.901956,0.313177,0.831147,0.991918;84@0.45876,0.322947,0.767954,0.251552,0.822634,0.467338,0.907744,0.12328,0.650599,0.453962,0.323328;82@0.148428;47@0.2467,0.133012,0.814045,0.888781,0.646522,0.502125,0.24004,0.319282,0.081145,0.739245,0.693778;9@0.66803,0.694738,0.881403,0.029668,0.98199,0.007839,0.886372,0.078605,0.334721,0.053123,0.103968;39@0.108388,0.61506,0.167072,0.875072,0.841629,0.35239,0.319952,0.222358,0.744324;88@0.500716,0.369074,0.223709,0.974011,0.463676,0.968107,0.032458;30@0.315891,0.769317,0.085136,0.122832,0.872023,0.740699,0.528635,0.205687,0.48199,0.522673|0|1762487393
I20251108 00:02:58.888573 139717798590272 data_text_parser.cc:116] beg_pos: 8084,end_pos: 10284
I20251108 00:02:58.888585 139717798590272 data_text_parser.cc:59] line: 921|224|1720@1968217766:0.011947;1185@3242466675:0.094108;1587@2267228939:0.055317;1048@2181421409:0.619902;1413@1738551565:0.634705;1472@22565576:0.619802;1861@3373176799:0.003065;1430@489161884:0.158412;1384@651015068:0.26026;1829@4095893138:0.646879;1635@1488490474:0.193704;1785@1765687185:0.625343;1712@2529992439:0.227592;1116@854955787:0.587602;1010@4010989558:0.126631;1371@3266187023:0.232679;1381@2113936617:0.419894;1736@1989384878:0.011203;1206@377742774:0.504616;1202@1659234657:0.338429|67@0.791627,0.383313,0.226091,0.759573,0.227144,0.043353,0.287326,0.227238,0.334627,0.255554,0.677287;56@0.460195,0.025086,0.57957,0.359533,0.563009,0.036236,0.297123,0.173851,0.434147,0.753506,0.193385,0.681013;73@0.548024,0.115874;38@0.110237,0.573149,0.004214,0.332623,0.811114,0.26312,0.28548,0.441855,0.832061,0.577929;1@;14@0.143116,0.263873,0.956732,0.840083,0.639477,0.36983,0.520666,0.827948,0.936914;41@;32@0.757569,0.827946,0.720445,0.169079;70@0.647028,0.545683,0.166677,0.633018;43@0.599333,0.729721,0.175417,0.533042,0.3609,0.632082,0.63358,0.580346,0.439934,0.504759,0.798565;65@0.585208,0.580178,0.778426,0.00773;20@0.122978,0.484689,0.434904,0.830094;40@0.57649,0.362973,0.282849;100@0.31776;37@0.856614,0.732229,0.374934,0.180942,0.392251,0.63115,0.781074,0.154311,0.203228,0.551444,0.214453,0.018158,0.282086;27@0.950596,0.826952,0.549497,0.709486,0.156409,0.877719,0.205645;92@0.751706,0.406721,0.297322,0.474147,0.759803;10@0.025271,0.434395,0.2716,0.038026,0.993393,0.938669,0.156343,0.4531,0.250017,0.161965,0.036096,0.711137;75@0.81815,0.399268,0.029979,0.79903,0.112869,0.33341,0.961048,0.81845,0.986122,0.3123;84@0.531265,0.37017,0.514743,0.621428,0.126092,0.097454,0.347361,0.923246,0.283254,0.054036,0.06539;82@0.945694;47@0.722222,0.437871,0.908979,0.194283,0.548581,0.643982,0.060429,0.413985,0.69375,0.974767,0.319927;9@0.828351,0.500925,0.781231,0.508154,0.99889,0.09266,0.984971,0.430853,0.752043,0.744649,0.682868;39@0.189852,0.826442,0.200254,0.246123,0.27031,0.226686,0.803441,0.13082,0.911679;88@0.037419,0.581849,0.15987,0.569636,0.127174,0.715705,0.335002;30@0.049717,0.943959,0.009039,0.005456,0.247149,0.633923,0.175609,0.05897,0.787404,0.734093|0|1762487393
I20251108 00:02:58.888627 139717798590272 data_text_parser.cc:116] beg_pos: 10285,end_pos: 12489
I20251108 00:02:58.888640 139717798590272 data_text_parser.cc:59] line: 922|476|1720@376637839:0.626466;1185@1199008882:0.584643;1587@1162835739:0.193073;1048@47759665:0.375406;1413@1839849930:0.988758;1472@3084015238:0.083679;1861@2787656589:0.114684;1430@2687623422:0.265314;1384@2667780048:0.383719;1829@3777803744:0.465298;1635@2025155094:0.545822;1785@1357833414:0.488153;1712@1198575474:0.95759;1116@2447801855:0.867402;1010@3940707945:0.045937;1371@3266688391:0.025399;1381@3988505151:0.057377;1736@3355689294:0.915521;1206@2673567161:0.114884;1202@4262565716:0.76401|67@0.139581,0.463531,0.168233,0.502165,0.013762,0.810653,0.883922,0.112697,0.216614,0.711018,0.442428;56@0.001995,0.495616,0.548933,0.649668,0.377864,0.05872,0.21606,0.190613,0.61754,0.752473,0.382972,0.870629;73@0.567867,0.230191;38@0.049601,0.951644,0.702441,0.332398,0.570658,0.818458,0.546537,0.03748,0.826513,0.170853;1@;14@0.226653,0.072053,0.276924,0.963394,0.609373,0.061495,0.78175,0.25938,0.221155;41@;32@0.856079,0.747094,0.043098,0.155442;70@0.932981,0.912078,0.477721,0.234673;43@0.070071,0.908192,0.91356,0.26988,0.700177,0.583305,0.920363,0.684349,0.466221,0.82031,0.350758;65@0.522969,0.0082,0.920506,0.969315;20@0.403803,0.863724,0.140615,0.849921;40@0.933865,0.54841,0.719858;100@0.184993;37@0.438584,0.195144,0.411717,0.455896,0.131437,0.001529,0.126696,0.780573,0.734396,0.818948,0.875544,0.89852,0.415388;27@0.502951,0.154921,0.416286,0.574025,0.279868,0.533838,0.650873;92@0.977712,0.527336,0.966912,0.73759,0.58469;10@0.370706,0.679649,0.216416,0.772211,0.361337,0.008746,0.501768,0.771172,0.753323,0.7453,0.912002,0.435136;75@0.06739,0.373383,0.28905,0.650393,0.181193,0.592957,0.49181,0.151886,0.125462,0.353511;84@0.042998,0.066841,0.999669,0.181365,0.965871,0.0646,0.646577,0.678785,0.051903,0.034201,0.179441;82@0.922692;47@0.893596,0.113132,0.970343,0.415447,0.656983,0.142109,0.051936,0.204053,0.404677,0.548101,0.790328;9@0.038756,0.321048,0.916006,0.98013,0.132291,0.627356,0.141359,0.258959,0.834354,0.602064,0.177961;39@0.330806,0.527091,0.227112,0.14149,0.398698,0.3204,0.042041,0.885947,0.965723;88@0.35994,0.910099,0.256902,0.204835,0.743546,0.699756,0.60022;30@0.811133,0.411615,0.912098,0.907205,0.162915,0.608539,0.672886,0.480215,0.859224,0.963271|1|1762487393
I20251108 00:02:58.888678 139717798590272 data_text_parser.cc:116] beg_pos: 12490,end_pos: 14702
I20251108 00:02:58.888690 139717798590272 data_text_parser.cc:59] line: 923|214|1720@1505825534:0.971973;1185@1737946202:0.423986;1587@3334708844:0.861431;1048@4077806495:0.206931;1413@1306545946:0.316418;1472@644037756:0.492892;1861@2578115613:0.062813;1430@1080435506:0.863182;1384@638583372:0.401854;1829@1511314340:0.429659;1635@2661819874:0.857788;1785@3325708222:0.850106;1712@3427311575:0.878564;1116@1340011774:0.609447;1010@1683767367:0.75665;1371@2186930079:0.581424;1381@1937095967:0.489775;1736@3254963123:0.502851;1206@339028417:0.237553;1202@1895918746:0.537571|67@0.901055,0.349995,0.720099,0.055995,0.679317,0.819745,0.190962,0.114496,0.130777,0.421102,0.787377;56@0.860068,0.109284,0.705832,0.736466,0.66478,0.676486,0.450877,0.835759,0.899999,0.750134,0.59551,0.325239;73@0.592733,0.713483;38@0.860212,0.443583,0.002912,0.162147,0.2621,0.772895,0.843967,0.538845,0.305762,0.886263;1@;14@0.835841,0.746283,0.860745,0.160586,0.92443,0.015785,0.971433,0.691655,0.909301;41@;32@0.813233,0.323585,0.52082,0.750965;70@0.608955,0.21431,0.708059,0.082958;43@0.904475,0.203084,0.343164,0.511232,0.821306,0.458471,0.777081,0.267214,0.729417,0.560567,0.749154;65@0.811927,0.171395,0.076802,0.106374;20@0.403261,0.310965,0.915527,0.733616;40@0.237199,0.605016,0.669903;100@0.464743;37@0.343242,0.821043,0.033307,0.655167,0.301235,0.918467,0.620944,0.593185,0.060204,0.577526,0.819222,0.84843,0.727601;27@0.051798,0.703175,0.520855,0.884756,0.901083,0.246116,0.84922;92@0.453812,0.94993,0.025384,0.541779,0.68875;10@0.958653,0.742559,0.250662,0.372189,0.313502,0.497081,0.998073,0.083981,0.828577,0.987749,0.392147,0.673458;75@0.446063,0.925453,0.416799,0.201386,0.785373,0.234149,0.167327,0.560507,0.110625,0.851967;84@0.051806,0.830899,0.944972,0.61587,0.731194,0.083134,0.30915,0.709933,0.823255,0.051927,0.076489;82@0.094952;47@0.83975,0.550394,0.964223,0.515624,0.804621,0.503632,0.579553,0.992819,0.8885,0.194635,0.477364;9@0.208959,0.565865,0.331934,0.855319,0.724989,0.057254,0.647266,0.906644,0.068662,0.305373,0.9238;39@0.726825,0.4868,0.974223,0.685421,0.317957,0.666473,0.605227,0.955094,0.550406;88@0.297282,0.21314,0.546807,0.598671,0.731331,0.182958,0.503959;30@0.798754,0.927021,0.279407,0.409993,0.693123,0.383977,0.381333,0.542283,0.553405,0.439656|1|1762487393
I20251108 00:02:58.888726 139717798590272 data_text_parser.cc:116] beg_pos: 14703,end_pos: 16909
I20251108 00:02:58.888738 139717798590272 data_text_parser.cc:59] line: 924|313|1720@3515837277:0.723371;1185@1458106868:0.0119;1587@4049694563:0.98323;1048@403299463:0.508021;1413@3357246432:0.076783;1472@2301556045:0.137005;1861@1508195842:0.855379;1430@3077021507:0.747604;1384@3687595625:0.628454;1829@1128689021:0.965675;1635@313575708:0.513793;1785@3438447978:0.752225;1712@176466766:0.730699;1116@4199596935:0.692867;1010@837280271:0.83676;1371@758457978:0.569866;1381@1772780419:0.357645;1736@756667914:0.706454;1206@869787393:0.741394;1202@2758032173:0.079026|67@0.349451,0.316889,0.953389,0.526149,0.828071,0.011569,0.501136,0.524544,0.83513,0.62912,0.131515;56@0.724059,0.75506,0.492309,0.066477,0.135868,0.281259,0.045696,0.683235,0.347192,0.821773,0.713212,0.001738;73@0.231187,0.582045;38@0.017467,0.729984,0.622564,0.509894,0.316759,0.98009,0.083664,0.062863,0.162538,0.119594;1@;14@0.595017,0.11611,0.782581,0.31836,0.009513,0.079929,0.346865,0.707322,0.75887;41@;32@0.119023,0.468446,0.175771,0.695369;70@0.115904,0.640657,0.798223,0.460953;43@0.596856,0.329136,0.495933,0.014801,0.696645,0.670342,0.419278,0.12771,0.420141,0.57301,0.09869;65@0.078931,0.673853,0.980894,0.360628;20@0.723902,0.074738,0.36575,0.062612;40@0.578223,0.274292,0.506958;100@0.163628;37@0.821599,0.278263,0.063995,0.493834,0.9075,0.471317,0.307617,0.246193,0.47016,0.827751,0.671782,0.175709,0.721421;27@0.447166,0.771369,0.850566,0.957739,0.626871,0.382387,0.367048;92@0.064481,0.299283,0.440389,0.798084,0.155205;10@0.921909,0.748679,0.119151,0.026312,0.850708,0.248154,0.432035,0.130597,0.028602,0.788806,0.460728,0.030408;75@0.549836,0.669749,0.607739,0.934907,0.14772,0.366719,0.555587,0.607947,0.347212,0.660267;84@0.6178,0.835459,0.396362,0.753948,0.050859,0.930639,0.689138,0.948063,0.341797,0.949754,0.414144;82@0.225475;47@0.296584,0.378814,0.666726,0.480709,0.169319,0.683212,0.032087,0.497038,0.494447,0.536352,0.18894;9@0.485679,0.463796,0.644908,0.574254,0.984224,0.627815,0.975123,0.039894,0.843432,0.414945,0.308106;39@0.699592,0.311941,0.409814,0.714001,0.731382,0.049972,0.11966,0.649745,0.767942;88@0.398739,0.234528,0.175138,0.269972,0.374654,0.957731,0.249832;30@0.419679,0.98809,0.843425,0.217924,0.679432,0.074869,0.017168,0.146753,0.540073,0.687571|1|1762487393
I20251108 00:02:58.888777 139717798590272 data_text_parser.cc:116] beg_pos: 16910,end_pos: 19118
I20251108 00:02:58.888790 139717798590272 data_text_parser.cc:59] line: 925|920|1720@1517729345:0.169287;1185@1925489013:0.475905;1587@2029012995:0.563093;1048@3307904238:0.131845;1413@2450898163:0.382117;1472@3943460709:0.862991;1861@3914481264:0.064773;1430@1737946202:0.764129;1384@2681619282:0.75981;1829@2528281997:0.107511;1635@375927339:0.279414;1785@1442053751:0.342589;1712@1673268635:0.097877;1116@2473071713:0.278176;1010@1972535142:0.225147;1371@620070242:0.992989;1381@3629025655:0.489934;1736@2883270129:0.549888;1206@1262484546:0.695501;1202@1807852393:0.438499|67@0.498202,0.589108,0.603406,0.504681,0.931814,0.27686,0.88329,0.372152,0.598622,0.77281,0.772776;56@0.626868,0.326266,0.07281,0.144545,0.266817,0.066692,0.277074,0.195681,0.774235,0.73431,0.887986,0.76084;73@0.910473,0.613297;38@0.055291,0.2122,0.260775,0.698004,0.870677,0.994544,0.499285,0.46785,0.403626,0.759628;1@;14@0.114338,0.094131,0.956886,0.359397,0.688675,0.460629,0.67259,0.71683,0.248583;41@;32@0.813728,0.486721,0.192146,0.046691;70@0.967578,0.103872,0.572391,0.483733;43@0.376081,0.153461,0.384577,0.722676,0.07972,0.426599,0.326006,0.351762,0.374229,0.124312,0.561946;65@0.239933,0.159071,0.856698,0.04871;20@0.948682,0.294299,0.887692,0.152271;40@0.156231,0.96579,0.324644;100@0.483738;37@0.293958,0.884595,0.675177,0.345086,0.261098,0.143964,0.168644,0.562175,0.255801,0.726497,0.907994,0.304734,0.069833;27@0.692813,0.02243,0.392754,0.334164,0.978074,0.53125,0.445298;92@0.08421,0.400616,0.220682,0.078267,0.50736;10@0.304112,0.029772,0.413435,0.709471,0.724733,0.955274,0.281421,0.061472,0.951045,0.236416,0.733153,0.032861;75@0.808957,0.573336,0.080212,0.48126,0.624248,0.825827,0.055777,0.832296,0.887227,0.539494;84@0.496631,0.127294,0.200621,0.773226,0.427816,0.189866,0.926814,0.618952,0.186194,0.950779,0.347299;82@0.627714;47@0.259872,0.56384,0.775858,0.361105,0.815917,0.491464,0.93075,0.548473,0.578394,0.176337,0.272177;9@0.159732,0.157537,0.971018,0.981792,0.036974,0.400344,0.099765,0.594317,0.588123,0.194738,0.128325;39@0.577203,0.390197,0.390919,0.330287,0.858442,0.342159,0.571307,0.074106,0.540961;88@0.335789,0.024248,0.93669,0.547778,0.884644,0.49499,0.645076;30@0.994949,0.555818,0.092676,0.09627,0.342958,0.43229,0.63835,0.451315,0.094839,0.944778|0|1762487393
I20251108 00:02:58.888823 139717798590272 data_text_parser.cc:116] beg_pos: 19119,end_pos: 20480
I20251108 00:02:58.889070 139717798590272 data_text_parser.cc:101] get chunk buffer, size: 20480
I20251108 00:02:58.889087 139717798590272 data_text_parser.cc:116] beg_pos: 0,end_pos: 850
I20251108 00:02:58.889094 139717798590272 data_text_parser.cc:61] buffer line: 926|749|1720@1556908893:0.5346;1185@2211812975:0.52483;1587@474876978:0.030796;1048@2581763891:0.209741;1413@2837045368:0.157277;1472@826364035:0.381913;1861@3193215017:0.242746;1430@1354975487:0.02618;1384@2799402025:0.37718;1829@1921606447:0.889187;1635@201390799:0.542782;1785@324608803:0.350035;1712@2319888103:0.874651;1116@4028151497:0.890681;1010@58294569:0.607964;1371@1865622554:0.285084;1381@698985996:0.087513;1736@349918280:0.189855;1206@1406575322:0.155038;1202@3571853866:0.303341|67@0.002949,0.845265,0.720668,0.311792,0.202231,0.907376,0.38023,0.540657,0.089234,0.929856,0.158572;56@0.241267,0.546187,0.486906,0.565336,0.61274,0.512272,0.74943,0.332885,0.010601,0.184591,0.167279,0.574862;73@0.074019,0.691402;38@0.111475,0.43941,0.742877,0.347335,0.476729,0.486775,0.378658,0.22775,0.761171,0.670899;1@;14@0.464787,0.412945,0.380815,0.384161,0.654879,0.209132,0.956282,0.820685,0.436945;41@;32@0.052909,0.584587,0.014802,0.131643;70@0.288169,0.004951,0.938769,0.303404;43@0.241114,0.229158,0.341647,0.737447,0.319809,0.597627,0.938268,0.356117,0.84433,0.779603,0.347919;65@0.018367,0.286543,0.209748,0.450339;20@0.993031,0.514935,0.018141,0.469808;40@0.948806,0.966624,0.589156;100@0.308752;37@0.524475,0.77607,0.199885,0.838052,0.950718,0.142152,0.716085,0.864154,0.883198,0.269315,0.641439,0.557815,0.891087;27@0.747161,0.942756,0.241251,0.576046,0.496567,0.555452,0.977919;92@0.406354,0.654479,0.794808,0.964521,0.270315;10@0.428869,0.210322,0.133391,0.537658,0.085536,0.168723,0.039492,0.979332,0.0089,0.423059,0.538838,0.123914;75@0.526852,0.657306,0.971572,0.050839,0.394538,0.964247,0.633358,0.839286,0.172172,0.072783;84@0.72177,0.52017,0.494701,0.149628,0.372888,0.913057,0.814889,0.643507,0.851435,0.45451,0.49228;82@0.303974;47@0.520787,0.659876,0.325628,0.254074,0.016203,0.148416,0.589571,0.927171,0.063704,0.573808,0.669004;9@0.791473,0.545882,0.156842,0.302106,0.896264,0.867833,0.242718,0.425774,0.616032,0.180823,0.928033;39@0.734416,0.314905,0.111522,0.342503,0.561859,0.345547,0.649179,0.465362,0.961115;88@0.386467,0.216225,0.067718,0.630133,0.860591,0.412057,0.151331;30@0.241583,0.971976,0.013962,0.301601,0.552352,0.813601,0.883703,0.731362,0.666605,0.364633|0|1762487393
I20251108 00:02:58.889136 139717798590272 data_text_parser.cc:116] beg_pos: 851,end_pos: 3068
I20251108 00:02:58.889149 139717798590272 data_text_parser.cc:59] line: 927|424|1720@3592553649:0.426316;1185@1285230045:0.856742;1587@1937692420:0.524902;1048@1923895442:0.066612;1413@3860688621:0.537181;1472@3968199838:0.239077;1861@2055300698:0.739367;1430@635440421:0.112551;1384@1477837553:0.078154;1829@2003292392:0.033759;1635@4112626071:0.390906;1785@1361674310:0.211749;1712@4250617443:0.204811;1116@3702331821:0.169762;1010@4269304455:0.916971;1371@4021110919:0.693087;1381@590049815:0.696493;1736@268314893:0.175092;1206@3056029737:0.870104;1202@3075428884:0.313319|67@0.529835,0.597887,0.307465,0.243251,0.555883,0.925093,0.458519,0.052624,0.388334,0.728081,0.332203;56@0.77465,0.797561,0.479398,0.586718,0.094427,0.024758,0.817924,0.673219,0.636049,0.264983,0.569202,0.291611;73@0.058016,0.036965;38@0.861521,0.165015,0.79524,0.224404,0.210514,0.437844,0.973949,0.962328,0.012124,0.386523;1@;14@0.962607,0.321006,0.762541,0.839465,0.254667,0.88522,0.381098,0.845666,0.390279;41@;32@0.344244,0.717419,0.165682,0.172845;70@0.240154,0.178975,0.720318,0.787639;43@0.052126,0.285669,0.835631,0.820357,0.75349,0.710296,0.343681,0.453904,0.041172,0.540458,0.713465;65@0.184046,0.064985,0.872484,0.351281;20@0.747492,0.814275,0.957861,0.738527;40@0.897728,0.13494,0.558313;100@0.341638;37@0.81006,0.542288,0.292835,0.72619,0.23625,0.56521,0.887849,0.043298,0.400406,0.319993,0.667156,0.891862,0.589474;27@0.304521,0.341595,0.257124,0.375669,0.305113,0.603294,0.237436;92@0.520172,0.813069,0.174019,0.989996,0.811692;10@0.974576,0.132765,0.663634,0.977755,0.626352,0.5836,0.363246,0.569032,0.144686,0.71668,0.672094,0.785781;75@0.427989,0.738294,0.768124,0.050885,0.926119,0.553738,0.824251,0.086118,0.258352,0.571313;84@0.431617,0.481952,0.779005,0.500224,0.908532,0.588093,0.089359,0.160637,0.331019,0.132667,0.872956;82@0.626801;47@0.819472,0.351596,0.803527,0.600864,0.824719,0.848968,0.076703,0.228684,0.616178,0.658257,0.905203;9@0.392905,0.104383,0.397914,0.445162,0.21964,0.03661,0.232947,0.184677,0.718725,0.248488,0.812395;39@0.197153,0.688696,0.685169,0.041808,0.146088,0.482312,0.518335,0.397341,0.093763;88@0.027045,0.536398,0.529836,0.66754,0.99985,0.216718,0.458493;30@0.030813,0.199652,0.724558,0.33072,0.294678,0.228784,0.422633,0.236906,0.988339,0.516242|1|1762487393
I20251108 00:02:58.889187 139717798590272 data_text_parser.cc:116] beg_pos: 3069,end_pos: 5287
I20251108 00:02:58.889199 139717798590272 data_text_parser.cc:59] line: 928|539|1720@826364035:0.453921;1185@2214576390:0.883318;1587@1421415302:0.953765;1048@1105331811:0.573476;1413@3674658604:0.006019;1472@1021500811:0.975987;1861@2158920389:0.360742;1430@3200996867:0.366042;1384@3499233250:0.684692;1829@1691878431:0.712729;1635@904916526:0.814336;1785@3254679798:0.130716;1712@397612667:0.526143;1116@799369272:0.256424;1010@568518617:0.118433;1371@1127557543:0.621304;1381@1769245370:0.702869;1736@205271391:0.594552;1206@296841333:0.466362;1202@1155380353:0.87262|67@0.022067,0.918669,0.128356,0.036228,0.657543,0.038285,0.684477,0.392213,0.170096,0.294033,0.701956;56@0.512963,0.799934,0.531936,0.750896,0.559813,0.667085,0.823968,0.374864,0.091567,0.168539,0.072438,0.48643;73@0.551327,0.420604;38@0.980654,0.767474,0.105473,0.962887,0.62449,0.175991,0.612925,0.804371,0.877557,0.715108;1@;14@0.107904,0.68074,0.100835,0.170221,0.705077,0.779626,0.741732,0.436326,0.151223;41@;32@0.749369,0.052954,0.713182,0.426177;70@0.030156,0.700704,0.743821,0.176229;43@0.356352,0.078743,0.640328,0.668394,0.35121,0.753048,0.053612,0.188029,0.584485,0.136706,0.522633;65@0.652587,0.766381,0.967446,0.041977;20@0.668267,0.619186,0.318461,0.864757;40@0.880756,0.035365,0.841018;100@0.398775;37@0.486271,0.923358,0.162548,0.441595,0.845848,0.808461,0.159213,0.613696,0.673414,0.273905,0.720823,0.04685,0.570826;27@0.312693,0.542126,0.103217,0.432599,0.008241,0.941424,0.075146;92@0.261139,0.960938,0.933292,0.158913,0.652427;10@0.226442,0.387152,0.138335,0.861229,0.173726,0.007063,0.298135,0.679628,0.780209,0.047216,0.653046,0.501437;75@0.149533,0.222045,0.563199,0.163879,0.387186,0.969172,0.106187,0.739122,0.001403,0.542567;84@0.781993,0.052855,0.069851,0.735011,0.650486,0.065548,0.144235,0.956023,0.981439,0.563511,0.362427;82@0.222269;47@0.003333,0.764698,0.239541,0.039837,0.477557,0.629923,0.646414,0.567002,0.337614,0.256006,0.754499;9@0.025869,0.162932,0.03963,0.987254,0.16492,0.148021,0.681181,0.478002,0.037932,0.359534,0.072437;39@0.733258,0.505616,0.230893,0.20269,0.987022,0.690928,0.279402,0.777533,0.921628;88@0.17122,0.653926,0.639199,0.991575,0.838989,0.261361,0.227462;30@0.30738,0.395853,0.404525,0.547189,0.141703,0.013752,0.033089,0.532668,0.28771,0.025371|1|1762487393
I20251108 00:02:58.889235 139717798590272 data_text_parser.cc:116] beg_pos: 5288,end_pos: 7483
I20251108 00:02:58.889248 139717798590272 data_text_parser.cc:59] line: 929|656|1720@1851268766:0.709558;1185@207921365:0.273679;1587@3391556771:0.446806;1048@562016997:0.424576;1413@3987050933:0.012509;1472@2202997065:0.622958;1861@3266024672:0.156611;1430@612770422:0.20696;1384@3787978476:0.250529;1829@1098458371:0.448873;1635@2757468601:0.901916;1785@1693593313:0.749133;1712@1989384878:0.028818;1116@2231329067:0.049513;1010@3999533181:0.157357;1371@4247199080:0.976312;1381@526135500:0.442464;1736@653794075:0.700083;1206@2079451260:0.288396;1202@3232253349:0.870212|67@0.0268,0.757804,0.948401,0.632604,0.587875,0.668923,0.679325,0.479756,0.338722,0.231589,0.879057;56@0.71852,0.870851,0.672036,0.0787,0.854754,0.117977,0.104698,0.94581,0.381817,0.215898,0.449515,0.353573;73@0.018658,0.97471;38@0.133096,0.280646,0.580206,0.321868,0.13173,0.29635,0.804381,0.570435,0.040124,0.764415;1@;14@0.012367,0.574406,0.883965,0.95299,0.590413,0.676482,0.33349,0.55398,0.848476;41@;32@0.932112,0.983446,0.525546,0.798827;70@0.224342,0.471743,0.678521,0.924001;43@0.499563,0.264338,0.85667,0.293852,0.913168,0.902796,0.998236,0.686541,0.766321,0.757173,0.66384;65@0.974153,0.528894,0.634575,0.45141;20@0.653163,0.801673,0.082128,0.767387;40@0.87129,0.58737,0.32874;100@0.556433;37@0.457042,0.035519,0.960514,0.874462,0.475695,0.299032,0.208738,0.469651,0.699201,0.174549,0.156443,0.06626,0.69901;27@0.096526,0.829651,0.15922,0.894495,0.927841,0.079565,0.605404;92@0.18831,0.716623,0.209833,0.221668,0.507132;10@0.98621,0.978987,0.397311,0.497973,0.216842,0.196671,0.338771,0.260585,0.533289,0.720277,0.229811,0.46528;75@0.469254,0.95277,0.575017,0.523609,0.741334,0.069284,0.3497,0.694285,0.443665,0.400554;84@0.44393,0.774622,0.639202,0.996909,0.142482,0.810559,0.065607,0.622123,0.424625,0.348957,0.074759;82@0.728345;47@0.982354,0.675561,0.551017,0.991752,0.96627,0.724724,0.61988,0.011846,0.3289,0.022972,0.011884;9@0.551841,0.520636,0.850264,0.889298,0.128472,0.620659,0.976487,0.333612,0.634074,0.385246,0.624433;39@0.669719,0.021515,0.521865,0.0998,0.859955,0.926923,0.427545,0.848471,0.861204;88@0.778589,0.635255,0.376661,0.609071,0.808717,0.15106,0.489344;30@0.175483,0.292755,0.745925,0.701506,0.18406,0.105077,0.155689,0.147158,0.578413,0.110653|0|1762487393
I20251108 00:02:58.889286 139717798590272 data_text_parser.cc:116] beg_pos: 7484,end_pos: 9694
I20251108 00:02:58.889298 139717798590272 data_text_parser.cc:59] line: 930|864|1720@2889337606:0.433046;1185@101477692:0.502739;1587@468436422:0.776775;1048@1761655651:0.194463;1413@2402588511:0.881813;1472@3871432195:0.36517;1861@3442613856:0.043176;1430@735256031:0.892127;1384@3516269453:0.685443;1829@1237142147:0.356554;1635@1225491185:0.946868;1785@904556938:0.845606;1712@3880894008:0.558846;1116@465904685:0.905141;1010@2584148222:0.814386;1371@3044895629:0.147637;1381@1417297267:0.613784;1736@2063649427:0.226372;1206@859646551:0.79878;1202@3568791304:0.621206|67@0.63959,0.421476,0.279204,0.182043,0.900888,0.964172,0.844965,0.511169,0.215557,0.540866,0.387448;56@0.147997,0.120815,0.026457,0.079111,0.592213,0.794275,0.746364,0.3081,0.171897,0.144795,0.702407,0.62968;73@0.072901,0.643103;38@0.221537,0.060614,0.754067,0.838809,0.835524,0.883725,0.765834,0.855435,0.703852,0.741325;1@;14@0.388303,0.956675,0.652272,0.709157,0.135667,0.375355,0.044918,0.040488,0.700589;41@;32@0.364819,0.211101,0.777467,0.202622;70@0.515705,0.442456,0.755985,0.81514;43@0.777782,0.877888,0.78919,0.142346,0.32978,0.256314,0.373773,0.27242,0.179745,0.288838,0.22646;65@0.396186,0.702201,0.48486,0.737005;20@0.905569,0.811186,0.081377,0.820104;40@0.930829,0.435768,0.825737;100@0.090371;37@0.235981,0.663959,0.35923,0.438925,0.130985,0.769258,0.763712,0.406212,0.332268,0.549293,0.768377,0.602119,0.61959;27@0.795966,0.469776,0.503125,0.106155,0.557079,0.495271,0.078322;92@0.564591,0.183376,0.832403,0.370512,0.863808;10@0.503688,0.118602,0.883129,0.956854,0.196511,0.577619,0.602541,0.630949,0.0302,0.141186,0.253924,0.774421;75@0.730942,0.135173,0.500179,0.925342,0.578675,0.012961,0.353591,0.728572,0.114619,0.47652;84@0.207328,0.548631,0.241594,0.270481,0.152821,0.462318,0.056321,0.926056,0.367251,0.322887,0.734083;82@0.045332;47@0.529563,0.621461,0.430988,0.199944,0.920435,0.068097,0.410098,0.783416,0.59775,0.362826,0.154948;9@0.846145,0.618159,0.694894,0.663763,0.649633,0.64805,0.236261,0.30953,0.85624,0.560457,0.937694;39@0.595618,0.048683,0.243463,0.677806,0.171131,0.144595,0.463558,0.412132,0.163791;88@0.555904,0.005472,0.096201,0.959203,0.982121,0.119841,0.649436;30@0.092648,0.717755,0.414475,0.761633,0.430131,0.803725,0.534522,0.657201,0.994971,0.733596|0|1762487393
I20251108 00:02:58.889334 139717798590272 data_text_parser.cc:116] beg_pos: 9695,end_pos: 11904
I20251108 00:02:58.889347 139717798590272 data_text_parser.cc:59] line: 931|855|1720@2491758963:0.767093;1185@392349010:0.071667;1587@837401599:0.466352;1048@663617563:0.668294;1413@2293014465:0.825679;1472@1982230049:0.616805;1861@3083452023:0.855447;1430@3106416132:0.759052;1384@2047881806:0.764578;1829@879347338:0.193105;1635@945137614:0.48824;1785@521503941:0.30775;1712@2428966007:0.127475;1116@2616784791:0.702695;1010@2996624663:0.574736;1371@1276380580:0.035209;1381@1264144987:0.474379;1736@3193441415:0.904795;1206@2359002833:0.099854;1202@2078174482:0.280557|67@0.47547,0.728378,0.159312,0.138159,0.929771,0.369644,0.066765,0.904602,0.1526,0.664355,0.475463;56@0.903265,0.741352,0.676154,0.044615,0.213396,0.313758,0.64006,0.5935,0.803163,0.551317,0.097096,0.512031;73@0.040223,0.090607;38@0.944657,0.109275,0.038766,0.210447,0.102244,0.990754,0.283792,0.331546,0.830113,0.533096;1@;14@0.188035,0.016625,0.667047,0.885819,0.383576,0.717946,0.706022,0.347063,0.606572;41@;32@0.002925,0.784402,0.391622,0.191846;70@0.76125,0.960341,0.67703,0.158898;43@0.818083,0.451544,0.566466,0.331466,0.539798,0.496087,0.661855,0.864044,0.272794,0.491229,0.112835;65@0.420124,0.499277,0.905465,0.691941;20@0.907237,0.112486,0.499974,0.333723;40@0.667065,0.673847,0.982918;100@0.647915;37@0.989775,0.743503,0.88804,0.404533,0.794168,0.240281,0.558457,0.581877,0.785927,0.024497,0.04641,0.003067,0.348277;27@0.86498,0.019337,0.147331,0.439027,0.788628,0.719267,0.274133;92@0.366139,0.162143,0.690283,0.626452,0.779568;10@0.449446,0.615224,0.595233,0.367999,0.038218,0.222881,0.245651,0.718787,0.855289,0.824234,0.884752,0.076735;75@0.489232,0.670623,0.601791,0.771646,0.011196,0.509108,0.544968,0.064724,0.619146,0.73354;84@0.82897,0.095082,0.947642,0.371728,0.297092,0.986345,0.072756,0.864188,0.42194,0.877655,0.513814;82@0.284561;47@0.334136,0.541204,0.658715,0.467105,0.55074,0.822767,0.636009,0.297088,0.942458,0.731065,0.201016;9@0.63299,0.219723,0.928871,0.586855,0.379464,0.610193,0.261374,0.559883,0.361871,0.704322,0.932445;39@0.928624,0.950474,0.639694,0.056686,0.985026,0.576459,0.975382,0.392114,0.887481;88@0.294233,0.944215,0.800631,0.76844,0.666391,0.06997,0.874911;30@0.223198,0.927083,0.812524,0.198457,0.4665,0.112513,0.658021,0.649352,0.003414,0.314556|0|1762487393
I20251108 00:02:58.889387 139717798590272 data_text_parser.cc:116] beg_pos: 11905,end_pos: 14118
I20251108 00:02:58.889400 139717798590272 data_text_parser.cc:59] line: 932|541|1720@649652481:0.443559;1185@2764341245:0.87828;1587@3266187023:0.338427;1048@3931295954:0.511884;1413@3466980238:0.306671;1472@336085958:0.521384;1861@2506747770:0.358606;1430@1134916792:0.663357;1384@3219514854:0.80812;1829@582469909:0.234846;1635@964045399:0.118083;1785@2797493968:0.333463;1712@1027130474:0.366696;1116@222561036:0.052489;1010@764439869:0.330006;1371@1110806949:0.441524;1381@2681596852:0.39575;1736@1853633215:0.89726;1206@1894315770:0.122108;1202@1246094563:0.34097|67@0.763278,0.92023,0.347409,0.764403,0.127945,0.957183,0.978823,0.932923,0.010839,0.48639,0.009277;56@0.530996,0.135615,0.713107,0.487208,0.534398,0.730777,0.126568,0.634624,0.848677,0.666436,0.937012,0.841461;73@0.506053,0.106411;38@0.834087,0.408302,0.02162,0.842927,0.871846,0.034318,0.750786,0.342739,0.221201,0.611728;1@;14@0.289924,0.219047,0.040785,0.151106,0.699793,0.514593,0.960269,0.398744,0.310291;41@;32@0.780625,0.694394,0.875383,0.171297;70@0.793367,0.369728,0.368044,0.778811;43@0.917977,0.387725,0.514771,0.856415,0.805431,0.976217,0.166556,0.059743,0.688236,0.173049,0.299434;65@0.243993,0.076733,0.84263,0.791089;20@0.142293,0.710899,0.596278,0.081274;40@0.548297,0.061567,0.542048;100@0.504149;37@0.882257,0.59595,0.06714,0.470498,0.783039,0.022592,0.857768,0.601534,0.689398,0.047429,0.481782,0.846972,0.773362;27@0.509204,0.171956,0.074622,0.449419,0.638888,0.380031,0.143593;92@0.416098,0.575863,0.395676,0.252509,0.461863;10@0.782889,0.321638,0.230953,0.482533,0.950856,0.875835,0.612997,0.991791,0.670916,0.281647,0.495579,0.595365;75@0.873371,0.634439,0.93319,0.221832,0.071971,0.895548,0.017871,0.307388,0.888698,0.08371;84@0.670539,0.984636,0.191249,0.793646,0.472392,0.46867,0.830478,0.01639,0.445903,0.350777,0.803514;82@0.762027;47@0.106843,0.502301,0.424955,0.745308,0.134744,0.737173,0.763666,0.476887,0.547374,0.501256,0.929795;9@0.709506,0.403715,0.994424,0.857297,0.872929,0.640229,0.041272,0.285374,0.108552,0.202342,0.287633;39@0.321699,0.662368,0.920918,0.233267,0.068483,0.867818,0.64106,0.715069,0.873454;88@0.327588,0.450097,0.424545,0.321128,0.776546,0.777948,0.699478;30@0.190141,0.1253,0.431523,0.602914,0.584702,0.883159,0.218186,0.542382,0.182055,0.074876|1|1762487393
I20251108 00:02:58.889430 139717798590272 data_text_parser.cc:116] beg_pos: 14119,end_pos: 16318
I20251108 00:02:58.889442 139717798590272 data_text_parser.cc:59] line: 933|78|1720@3696509427:0.874754;1185@4137453451:0.808427;1587@1941012449:0.445314;1048@3391228595:0.327731;1413@3234955523:0.8503;1472@822681935:0.337543;1861@1530591542:0.112046;1430@3889702438:0.685492;1384@2515546404:0.219091;1829@2350247984:0.133977;1635@1337914447:0.110052;1785@319539356:0.585234;1712@1784020451:0.322381;1116@1677730112:0.142824;1010@1559483059:0.30222;1371@3310875680:0.105315;1381@2856707182:0.090719;1736@1815940615:0.351038;1206@166423836:0.938072;1202@1398618172:0.917137|67@0.815012,0.186663,0.567172,0.514014,0.079464,0.012942,0.030421,0.180627,0.992747,0.21798,0.068512;56@0.685095,0.932663,0.948973,0.641528,0.410409,0.588863,0.473648,0.90356,0.391966,0.30445,0.702345,0.419712;73@0.547811,0.33517;38@0.31712,0.384463,0.987645,0.463888,0.845706,0.00789,0.930443,0.310488,0.448875,0.234192;1@;14@0.118353,0.054093,0.682922,0.414914,0.282713,0.221127,0.417812,0.491087,0.663201;41@;32@0.16344,0.212019,0.066413,0.301672;70@0.139503,0.079019,0.569092,0.305012;43@0.60804,0.939204,0.667551,0.478165,0.849488,0.061021,0.012103,0.285212,0.232704,0.084676,0.326064;65@0.759826,0.646006,0.658555,0.126272;20@0.151205,0.643988,0.37785,0.541708;40@0.064245,0.649653,0.30144;100@0.602813;37@0.71571,0.811354,0.9313,0.395802,0.375828,0.687633,0.276188,0.1134,0.092011,0.107887,0.614248,0.909927,0.878738;27@0.620883,0.815593,0.865993,0.585684,0.83316,0.709354,0.783756;92@0.997369,0.780101,0.437596,0.281056,0.38907;10@0.651464,0.930877,0.844235,0.427137,0.08488,0.080316,0.515282,0.050711,0.571993,0.40321,0.344541,0.73914;75@0.800606,0.096061,0.270595,0.967443,0.998938,0.203991,0.55132,0.941484,0.125145,0.19583;84@0.149186,0.444175,0.491613,0.853667,0.959289,0.86857,0.080483,0.368944,0.897462,0.75997,0.622012;82@0.587525;47@0.74411,0.241845,0.00626,0.246345,0.14484,0.179047,0.927458,0.890208,0.38662,0.917069,0.772904;9@0.215755,0.599996,0.565176,0.617745,0.093069,0.655654,0.793899,0.924853,0.804826,0.182427,0.347006;39@0.904444,0.445313,0.01543,0.258058,0.190825,0.286171,0.401887,0.646407,0.719551;88@0.973817,0.197722,0.220575,0.277477,0.772148,0.144186,0.102724;30@0.13001,0.419403,0.545523,0.015635,0.715103,0.674892,0.252649,0.766795,0.19404,0.170892|0|1762487393
I20251108 00:02:58.889484 139717798590272 data_text_parser.cc:116] beg_pos: 16319,end_pos: 18528
I20251108 00:02:58.889496 139717798590272 data_text_parser.cc:59] line: 934|919|1720@2510833558:0.266293;1185@2589580883:0.994737;1587@2169500098:0.619757;1048@636351568:0.899987;1413@882104032:0.536994;1472@1541100501:0.785243;1861@851467165:0.74269;1430@2394650487:0.789646;1384@145657224:0.691619;1829@3267006537:0.85594;1635@2929346450:0.402932;1785@3657331587:0.34144;1712@1395368486:0.035552;1116@3338889561:0.76624;1010@3997196514:0.541185;1371@2806330915:0.165921;1381@3106663907:0.20286;1736@3271707454:0.260415;1206@147644938:0.877107;1202@3320759029:0.611883|67@0.422229,0.809787,0.406422,0.66397,0.873782,0.607089,0.20188,0.645384,0.482554,0.852555,0.698243;56@0.274148,0.062718,0.734365,0.306122,0.59791,0.297292,0.527016,0.760052,0.88345,0.78745,0.437416,0.497214;73@0.315293,0.255327;38@0.729764,0.568727,0.514956,0.65299,0.14925,0.814447,0.421997,0.087713,0.537964,0.853118;1@;14@0.136367,0.578455,0.273414,0.889083,0.264833,0.228006,0.441934,0.627042,0.334117;41@;32@0.228015,0.856021,0.55058,0.110435;70@0.295397,0.619944,0.292935,0.392368;43@0.197978,0.895241,0.253885,0.780738,0.158467,0.249133,0.8162,0.847661,0.432763,0.487372,0.950038;65@0.466813,0.386201,0.933094,0.663172;20@0.908767,0.252939,0.753088,0.62265;40@0.896495,0.815214,0.978366;100@0.450653;37@0.528465,0.429053,0.496812,0.761055,0.163682,0.393046,0.988871,0.15272,0.598763,0.36093,0.122222,0.598183,0.175085;27@0.921412,0.64287,0.425466,0.095749,0.266004,0.654305,0.822724;92@0.943228,0.244003,0.835408,0.856346,0.684841;10@0.280524,0.13067,0.917812,0.086933,0.437679,0.961513,0.888295,0.07812,0.962404,0.280108,0.792431,0.408072;75@0.990016,0.461908,0.498296,0.972914,0.28568,0.525629,0.155265,0.658468,0.228295,0.647243;84@0.498107,0.880075,0.413075,0.975886,0.138299,0.936362,0.032662,0.490698,0.715689,0.046248,0.331556;82@0.628308;47@0.300062,0.191917,0.069466,0.782687,0.092483,0.528701,0.283876,0.94144,0.278859,0.327875,0.175478;9@0.520567,0.691005,0.853091,0.614516,0.027585,0.385511,0.117791,0.329886,0.013356,0.655763,0.369123;39@0.977471,0.200852,0.674132,0.723983,0.398875,0.442973,0.309977,0.541675,0.976786;88@0.992935,0.270043,0.642927,0.005205,0.183252,0.029268,0.548642;30@0.141212,0.760841,0.768169,0.498422,0.742087,0.679452,0.805276,0.380281,0.085891,0.616447|1|1762487393
I20251108 00:02:58.889532 139717798590272 data_text_parser.cc:116] beg_pos: 18529,end_pos: 20480
I20251108 00:02:58.889784 139717798590272 data_text_parser.cc:101] get chunk buffer, size: 20480
I20251108 00:02:58.889796 139717798590272 data_text_parser.cc:116] beg_pos: 0,end_pos: 254
I20251108 00:02:58.889804 139717798590272 data_text_parser.cc:61] buffer line: 935|359|1720@3811658471:0.557942;1185@2792604677:0.557196;1587@2739906793:0.1751;1048@1053486629:0.947348;1413@2078995343:0.918609;1472@2213700324:0.592328;1861@1769507815:0.148597;1430@2338102081:0.535044;1384@3422083413:0.395155;1829@1815340570:0.664344;1635@1968217766:0.77505;1785@3586910948:0.064262;1712@296375594:0.956703;1116@3315701544:0.276547;1010@365235962:0.792662;1371@1760859973:0.77592;1381@2615955489:0.437012;1736@2222706849:0.032295;1206@2153159974:0.410743;1202@1141769072:0.355254|67@0.344961,0.288175,0.259326,0.195025,0.894164,0.437458,0.629152,0.534484,0.527616,0.642126,0.28711;56@0.757764,0.052191,0.357958,0.242711,0.754784,0.697618,0.267563,0.834948,0.24282,0.805362,0.872848,0.966541;73@0.95279,0.530939;38@0.871615,0.214233,0.540934,0.73462,0.586801,0.240252,0.67783,0.69029,0.564821,0.060382;1@;14@0.048994,0.621336,0.386192,0.995718,0.31584,0.935202,0.862623,0.907548,0.561214;41@;32@0.078121,0.111791,0.303218,0.217537;70@0.3183,0.43257,0.331428,0.183714;43@0.846383,0.931389,0.298741,0.742253,0.57049,0.081252,0.377598,0.18529,0.737553,0.305765,0.846063;65@0.461002,0.787475,0.541371,0.578107;20@0.379891,0.639791,0.835532,0.932807;40@0.484307,0.219955,0.382208;100@0.149265;37@0.152127,0.461902,0.908648,0.79143,0.381154,0.986658,0.913737,0.734767,0.121243,0.395391,0.313912,0.884125,0.539658;27@0.652839,0.248625,0.712561,0.24191,0.002512,0.058193,0.92681;92@0.45735,0.841726,0.013068,0.161455,0.377667;10@0.953745,0.514069,0.49645,0.250199,0.907237,0.507002,0.305406,0.999404,0.470251,0.809598,0.657711,0.717115;75@0.882477,0.555995,0.234465,0.34912,0.189892,0.044138,0.333275,0.346548,0.342625,0.313034;84@0.270322,0.789098,0.272842,0.3688,0.828918,0.249935,0.67433,0.975966,0.658965,0.360753,0.488653;82@0.611258;47@0.344246,0.105931,0.79343,0.95043,0.63784,0.313896,0.420703,0.117314,0.491861,0.010781,0.960523;9@0.083026,0.753954,0.677627,0.742331,0.864037,0.143336,0.439608,0.838083,0.130582,0.660612,0.804959;39@0.407182,0.540552,0.799372,0.215262,0.431683,0.764355,0.695909,0.602549,0.147947;88@0.24943,0.08235,0.942269,0.979748,0.304423,0.292931,0.819342;30@0.631387,0.679741,0.118959,0.047724,0.683645,0.875278,0.905386,0.715867,0.572026,0.459417|1|1762487393
I20251108 00:02:58.889840 139717798590272 data_text_parser.cc:116] beg_pos: 255,end_pos: 2470
I20251108 00:02:58.889852 139717798590272 data_text_parser.cc:59] line: 936|168|1720@2510741352:0.603896;1185@3699497786:0.050313;1587@301151506:0.002819;1048@1392069106:0.468028;1413@103427188:0.86031;1472@3302163868:0.87034;1861@1835432299:0.624025;1430@3597495879:0.697393;1384@2675368648:0.647442;1829@1908951659:0.340243;1635@2197197151:0.742627;1785@1116419039:0.110715;1712@1668479552:0.175105;1116@3487424434:0.10787;1010@1649448218:0.209248;1371@2568397258:0.950653;1381@4133006488:0.50692;1736@1805143234:0.572598;1206@3888777589:0.51032;1202@3995478698:0.681428|67@0.078372,0.281666,0.846693,0.726856,0.465679,0.002893,0.646859,0.661618,0.798849,0.099054,0.314512;56@0.110597,0.421464,0.739105,0.151165,0.058035,0.584838,0.558938,0.774229,0.90783,0.495849,0.403998,0.152891;73@0.279952,0.933059;38@0.736286,0.953444,0.733187,0.819327,0.781124,0.113652,0.091929,0.598512,0.591277,0.210843;1@;14@0.725282,0.481187,0.280788,0.746594,0.429171,0.587023,0.280313,0.972637,0.877512;41@;32@0.747608,0.904479,0.972263,0.69332;70@0.463663,0.437953,0.082366,0.742334;43@0.039495,0.038338,0.775371,0.295399,0.059312,0.166278,0.823735,0.805744,0.628168,0.818655,0.981536;65@0.418778,0.723908,0.005427,0.403425;20@0.964334,0.132683,0.662589,0.155221;40@0.304677,0.822561,0.867687;100@0.848205;37@0.092464,0.700103,0.05192,0.230466,0.063997,0.982377,0.311977,0.680557,0.630004,0.612468,0.771613,0.677675,0.922159;27@0.043624,0.003005,0.853069,0.659771,0.73464,0.615685,0.063723;92@0.886024,0.248975,0.305384,0.421297,0.71298;10@0.087503,0.492324,0.979607,0.036358,0.837268,0.989051,0.798177,0.006869,0.72387,0.514248,0.206064,0.802142;75@0.017496,0.973677,0.730895,0.640937,0.54267,0.250712,0.623088,0.925156,0.942937,0.475074;84@0.47426,0.853099,0.919351,0.827968,0.95116,0.727595,0.77681,0.998739,0.566715,0.463967,0.31294;82@0.38767;47@0.140681,0.262845,0.812571,0.277082,0.415945,0.932945,0.902769,0.745511,0.786278,0.277322,0.118394;9@0.000229,0.306408,0.784014,0.885882,0.495438,0.2731,0.136309,0.607257,0.260708,0.408006,0.548021;39@0.077046,0.052058,0.676937,0.535428,0.374953,0.646893,0.175167,0.279792,0.128504;88@0.131434,0.863451,0.218833,0.500775,0.704277,0.901727,0.043863;30@0.749546,0.122962,0.731925,0.397186,0.238653,0.54383,0.795485,0.728129,0.659347,0.778444|1|1762487393
I20251108 00:02:58.889890 139717798590272 data_text_parser.cc:116] beg_pos: 2471,end_pos: 4687
I20251108 00:02:58.889906 139717798590272 data_text_parser.cc:59] line: 937|389|1720@3444891921:0.335586;1185@2194225457:0.797939;1587@269517681:0.588144;1048@4248228835:0.987822;1413@2541368995:0.323088;1472@331785472:0.303555;1861@511559778:0.568667;1430@3139759616:0.232545;1384@2203308287:0.472132;1829@1995534919:0.653908;1635@1980740801:0.342495;1785@1951349964:0.072585;1712@1129381261:0.690194;1116@3663866032:0.773238;1010@4015082937:0.396356;1371@41633505:0.528094;1381@1352045319:0.285425;1736@776754695:0.955649;1206@941354362:0.168105;1202@2007739050:0.10595|67@0.402315,0.692856,0.916308,0.256743,0.994981,0.072186,0.63529,0.464554,0.317642,0.593918,0.215041;56@0.625928,0.714967,0.964217,0.89581,0.495312,0.545098,0.224969,0.090697,0.745269,0.679812,0.695672,0.871925;73@0.133989,0.320269;38@0.058821,0.294887,0.875631,0.42547,0.821573,0.062529,0.35821,0.186922,0.716119,0.431721;1@;14@0.401427,0.606754,0.232708,0.339747,0.103319,0.151283,0.762681,0.978515,0.101796;41@;32@0.300429,0.790436,0.503032,0.200203;70@0.461544,0.905762,0.780872,0.907285;43@0.834008,0.178152,0.386386,0.197533,0.583389,0.951708,0.265087,0.580467,0.026808,0.686301,0.975745;65@0.859689,0.03026,0.845745,0.496628;20@0.829005,0.826067,0.998564,0.351373;40@0.62055,0.609115,0.411479;100@0.769516;37@0.14024,0.125761,0.578834,0.933464,0.735835,0.321596,0.837375,0.000975,0.531556,0.583797,0.919579,0.855173,0.465787;27@0.44706,0.371521,0.785613,0.938193,0.111149,0.686288,0.537511;92@0.203763,0.546877,0.017029,0.980077,0.439497;10@0.816606,0.165023,0.19638,0.331224,0.807993,0.631155,0.500566,0.865227,0.815264,0.394319,0.424637,0.347307;75@0.166535,0.977746,0.423577,0.909333,0.480635,0.844651,0.019886,0.283469,0.22423,0.018847;84@0.594285,0.956187,0.451636,0.564603,0.005974,0.214279,0.716701,0.46165,0.578078,0.697228,0.868553;82@0.034593;47@0.901777,0.564371,0.35637,0.979378,0.692009,0.511707,0.319837,0.230122,0.411083,0.684978,0.446409;9@0.130808,0.45236,0.833769,0.242665,0.976299,0.678392,0.339922,0.981537,0.582261,0.645899,0.771272;39@0.552332,0.456234,0.961239,0.305077,0.520707,0.215483,0.356835,0.385061,0.566848;88@0.219914,0.377087,0.006107,0.671914,0.069976,0.045464,0.083442;30@0.979774,0.527315,0.109347,0.146788,0.282113,0.994834,0.565523,0.424776,0.451585,0.051262|1|1762487393
I20251108 00:02:58.889938 139717798590272 data_text_parser.cc:116] beg_pos: 4688,end_pos: 6891
I20251108 00:02:58.889950 139717798590272 data_text_parser.cc:59] line: 938|285|1720@3638208376:0.776366;1185@111943411:0.47967;1587@1556908893:0.200576;1048@1583133282:0.62571;1413@1776586808:0.361135;1472@2053841527:0.356336;1861@3728371861:0.008388;1430@2032281467:0.265919;1384@71612063:0.8766;1829@1668958910:0.362834;1635@1984392963:0.102918;1785@1819753940:0.599156;1712@2727026996:0.755622;1116@1515197632:0.335064;1010@416947533:0.127952;1371@3375516735:0.620485;1381@559125312:0.384097;1736@2881189206:0.42078;1206@185328820:0.237175;1202@1627398857:0.701683|67@0.657293,0.239343,0.413571,0.764807,0.765018,0.013081,0.49852,0.292488,0.588671,0.964018,0.876832;56@0.828948,0.038491,0.525654,0.559727,0.014917,0.105945,0.58784,0.515797,0.951419,0.059122,0.816605,0.574475;73@0.876139,0.632253;38@0.386405,0.692585,0.225168,0.855867,0.13784,0.268854,0.754041,0.30927,0.177985,0.508035;1@;14@0.594925,0.772733,0.504753,0.670288,0.411787,0.586608,0.933974,0.62146,0.763488;41@;32@0.950078,0.252673,0.59393,0.874803;70@0.856518,0.758254,0.592206,0.117543;43@0.908553,0.288738,0.438961,0.603803,0.056112,0.732777,0.642631,0.13152,0.892622,0.402085,0.276934;65@0.032928,0.91531,0.71871,0.436444;20@0.637399,0.195378,0.816163,0.815677;40@0.128576,0.4043,0.499899;100@0.702436;37@0.092802,0.2205,0.141359,0.818127,0.356235,0.367797,0.600674,0.126255,0.234705,0.220181,0.290962,0.073013,0.019022;27@0.280166,0.304049,0.353417,0.895564,0.405613,0.845788,0.744571;92@0.06199,0.1183,0.929829,0.161388,0.440682;10@0.414643,0.423475,0.772208,0.066341,0.420525,0.060706,0.319843,0.52662,0.348723,0.989714,0.442671,0.117855;75@0.158621,0.166953,0.951512,0.606086,0.484767,0.08693,0.805833,0.509004,0.964096,0.786829;84@0.132911,0.875871,0.402582,0.795711,0.177821,0.184232,0.933718,0.339064,0.989271,0.337056,0.754467;82@0.036394;47@0.261518,0.387411,0.68531,0.329912,0.967381,0.995262,0.772095,0.163443,0.189858,0.382588,0.199063;9@0.972313,0.667296,0.185269,0.271807,0.843977,0.385074,0.897406,0.838359,0.660079,0.81221,0.164666;39@0.719338,0.037077,0.980005,0.715957,0.96372,0.207636,0.201819,0.643509,0.753668;88@0.8987,0.117979,0.312152,0.698625,0.999047,0.615775,0.281328;30@0.830153,0.969272,0.931639,0.953194,0.834817,0.344188,0.502248,0.079177,0.771968,0.183456|0|1762487393
I20251108 00:02:58.889990 139717798590272 data_text_parser.cc:116] beg_pos: 6892,end_pos: 9102
I20251108 00:02:58.890003 139717798590272 data_text_parser.cc:59] line: 939|347|1720@137331101:0.884658;1185@2478264324:0.129881;1587@4043325763:0.196315;1048@3264297140:0.226199;1413@4189938414:0.362454;1472@1218452536:0.059826;1861@4075977064:0.090064;1430@851015319:0.710955;1384@3739713047:0.060801;1829@3822750722:0.299958;1635@811093356:0.53467;1785@3305366414:0.748002;1712@3290045958:0.071607;1116@2142025767:0.335501;1010@3136831755:0.739381;1371@1823286622:0.921233;1381@3386642954:0.665009;1736@107280036:0.603692;1206@180698763:0.257143;1202@3825737564:0.855861|67@0.838605,0.328463,0.214857,0.300374,0.952453,0.899369,0.206238,0.183463,0.366271,0.631957,0.83554;56@0.804551,0.76882,0.979241,0.296186,0.666322,0.691831,0.945496,0.067772,0.741063,0.11631,0.750691,0.773816;73@0.801672,0.805343;38@0.905269,0.477769,0.068919,0.173736,0.121239,0.856983,0.696735,0.671248,0.397531,0.936731;1@;14@0.882051,0.519375,0.961361,0.463613,0.246932,0.875582,0.224479,0.587247,0.863667;41@;32@0.389583,0.27309,0.666909,0.682849;70@0.898403,0.462029,0.245919,0.978769;43@0.461215,0.85466,0.187697,0.525518,0.020413,0.39377,0.430938,0.416541,0.628081,0.15685,0.616165;65@0.056443,0.238311,0.361768,0.973761;20@0.136824,0.97954,0.002579,0.461856;40@0.365393,0.345,0.329523;100@0.103961;37@0.386605,0.805085,0.118925,0.283771,0.792775,0.851533,0.299836,0.710487,0.983201,0.203486,0.347468,0.559769,0.735054;27@0.478598,0.724718,0.154717,0.238896,0.470649,0.887387,0.193786;92@0.758775,0.842483,0.156182,0.921126,0.347082;10@0.176493,0.328617,0.077366,0.939477,0.470775,0.631919,0.38604,0.246781,0.210676,0.182442,0.767119,0.010984;75@0.380378,0.888406,0.216724,0.14465,0.998005,0.046985,0.304261,0.295975,0.723159,0.798038;84@0.432405,0.938048,0.512725,0.100078,0.85897,0.424457,0.930109,0.766223,0.991936,0.868072,0.010182;82@0.859126;47@0.339964,0.431008,0.293849,0.850532,0.009068,0.71757,0.600766,0.516801,0.425676,0.554163,0.960173;9@0.424145,0.16367,0.730494,0.387827,0.511117,0.30488,0.665527,0.12977,0.961519,0.802676,0.54321;39@0.517139,0.127756,0.117878,0.705151,0.736611,0.530412,0.763789,0.686101,0.97454;88@0.254594,0.015614,0.885999,0.55593,0.234479,0.982563,0.766872;30@0.677286,0.927596,0.599707,0.224374,0.129055,0.575052,0.204997,0.472372,0.154258,0.511068|1|1762487393
I20251108 00:02:58.890040 139717798590272 data_text_parser.cc:116] beg_pos: 9103,end_pos: 11314
I20251108 00:02:58.890054 139717798590272 data_text_parser.cc:59] line: 940|116|1720@805270804:0.94809;1185@1214402662:0.463777;1587@1099021994:0.885452;1048@3588536986:0.638968;1413@776547392:0.705675;1472@1860125064:0.924367;1861@4110336323:0.913838;1430@2400433834:0.774007;1384@2251907954:0.275693;1829@717409185:0.802978;1635@3192899604:0.680677;1785@1069963008:0.45305;1712@3966481286:0.27187;1116@4103719429:0.628816;1010@4229809510:0.986166;1371@3621345521:0.540094;1381@967524502:0.504453;1736@3080327342:0.689241;1206@4193173408:0.337682;1202@1815340570:0.8024|67@0.926918,0.988077,0.069316,0.957824,0.684824,0.624464,0.64848,0.963298,0.791586,0.898087,0.39909;56@0.73015,0.555274,0.109326,0.796746,0.639155,0.688442,0.278543,0.154508,0.368185,0.945356,0.41877,0.766782;73@0.416191,0.584346;38@0.923729,0.77879,0.654238,0.362488,0.506923,0.633462,0.243784,0.647944,0.895141,0.073044;1@;14@0.871676,0.702298,0.897584,0.616981,0.788816,0.212003,0.406653,0.05686,0.529636;41@;32@0.778442,0.228367,0.931352,0.762339;70@0.226888,0.857994,0.444687,0.424684;43@0.287695,0.795511,0.650972,0.75658,0.324669,0.712594,0.618303,0.382438,0.955333,0.85532,0.269679;65@0.868254,0.415843,0.102219,0.347844;20@0.569636,0.509819,0.312635,0.184035;40@0.330427,0.341661,0.089355;100@0.706227;37@0.49078,0.061019,0.608736,0.530889,0.868216,0.22789,0.504966,0.507562,0.86373,0.148007,0.302459,0.359169,0.648278;27@0.367735,0.161194,0.951897,0.744129,0.265649,0.720264,0.523821;92@0.267278,0.821755,0.032735,0.852763,0.829957;10@0.731077,0.375294,0.734034,0.387748,0.077868,0.953409,0.729403,0.32899,0.302574,0.253836,0.445866,0.808344;75@0.362394,0.879977,0.027853,0.755842,0.441926,0.353874,0.290231,0.75423,0.560276,0.042957;84@0.156809,0.999603,0.001538,0.579411,0.573417,0.613766,0.864585,0.745621,0.644284,0.102873,0.858062;82@0.592431;47@0.874841,0.370878,0.846041,0.093294,0.84415,0.027189,0.492409,0.518523,0.825881,0.048345,0.372134;9@0.343575,0.395561,0.793902,0.901866,0.499227,0.099458,0.327614,0.809145,0.801867,0.712024,0.705968;39@0.604559,0.864765,0.747653,0.653648,0.925294,0.528228,0.543775,0.733894,0.787378;88@0.089598,0.640547,0.620792,0.083051,0.453439,0.129223,0.409261;30@0.606243,0.260274,0.226114,0.71365,0.356608,0.34999,0.743113,0.203085,0.79032,0.619683|1|1762487393
I20251108 00:02:58.890089 139717798590272 data_text_parser.cc:116] beg_pos: 11315,end_pos: 13532
I20251108 00:02:58.890102 139717798590272 data_text_parser.cc:59] line: 941|947|1720@143128297:0.282502;1185@964045399:0.458451;1587@1240580368:0.869499;1048@3838273555:0.56941;1413@1636875025:0.492915;1472@2195125415:0.960015;1861@3485510052:0.105822;1430@2091136492:0.442723;1384@3369745040:0.469894;1829@1549409493:0.491324;1635@2267228939:0.002447;1785@3027840275:0.867384;1712@3863580785:0.937328;1116@3779192377:0.31526;1010@2876470388:0.385015;1371@3454631312:0.655003;1381@1228658054:0.816378;1736@1359854952:0.564139;1206@691312102:0.034772;1202@211621926:0.866498|67@0.009664,0.373778,0.559112,0.879086,0.443503,0.379501,0.510288,0.161533,0.077796,0.279739,0.768514;56@0.774162,0.011158,0.363361,0.235201,0.533129,0.66534,0.769545,0.622406,0.190755,0.663091,0.306269,0.401574;73@0.526915,0.403766;38@0.742408,0.079918,0.07174,0.689982,0.53276,0.262308,0.669109,0.461949,0.486654,0.094927;1@;14@0.417228,0.919373,0.640854,0.440659,0.481455,0.557426,0.544212,0.399147,0.651412;41@;32@0.278882,0.594903,0.040423,0.061979;70@0.452915,0.720752,0.32069,0.027152;43@0.006957,0.19359,0.130228,0.570367,0.787242,0.464167,0.814351,0.965939,0.284607,0.226688,0.198909;65@0.808955,0.69622,0.301283,0.056022;20@0.256761,0.089832,0.112124,0.791031;40@0.252364,0.196624,0.039198;100@0.787914;37@0.581681,0.800037,0.270615,0.529372,0.835676,0.545966,0.906859,0.661752,0.398794,0.617724,0.952842,0.187583,0.412721;27@0.565698,0.531671,0.21214,0.106334,0.227838,0.620128,0.56518;92@0.093319,0.612057,0.341921,0.110765,0.708477;10@0.52179,0.725438,0.713863,0.05784,0.070371,0.101203,0.712086,0.607106,0.133894,0.579286,0.081362,0.466938;75@0.275526,0.892814,0.850994,0.970289,0.686944,0.740782,0.084209,0.071653,0.401233,0.903179;84@0.951934,0.055906,0.511901,0.515884,0.372577,0.254965,0.1195,0.076278,0.865408,0.68455,0.739626;82@0.045311;47@0.934036,0.213385,0.317501,0.662465,0.171298,0.809345,0.381769,0.91165,0.018014,0.151128,0.987552;9@0.409726,0.610949,0.606318,0.900712,0.995862,0.527151,0.290537,0.913559,0.456843,0.386958,0.503192;39@0.701954,0.011842,0.115723,0.597397,0.439305,0.219735,0.991442,0.959844,0.349052;88@0.128792,0.269533,0.761411,0.414228,0.040781,0.038899,0.180248;30@0.393142,0.674343,0.865838,0.085317,0.489516,0.570401,0.666116,0.149772,0.377787,0.823619|0|1762487393
I20251108 00:02:58.890139 139717798590272 data_text_parser.cc:116] beg_pos: 13533,end_pos: 15741
I20251108 00:02:58.890152 139717798590272 data_text_parser.cc:59] line: 942|20|1720@2282413461:0.989809;1185@2208034751:0.234015;1587@713055169:0.48346;1048@3268872998:0.333223;1413@1515809171:0.274712;1472@1266299351:0.102478;1861@2936121823:0.896102;1430@3544501278:0.131522;1384@1955966261:0.543242;1829@651411251:0.871492;1635@1382301924:0.215391;1785@2745410194:0.427694;1712@1338099323:0.231454;1116@2811735962:0.199901;1010@397612667:0.588971;1371@1787276537:0.41198;1381@4162406171:0.260669;1736@1371696845:0.654816;1206@2963368388:0.877519;1202@1391677648:0.112973|67@0.229265,0.885764,0.566005,0.38289,0.280913,0.678965,0.044772,0.387191,0.601847,0.526171,0.188026;56@0.783785,0.272575,0.12775,0.465332,0.746893,0.269762,0.902748,0.389147,0.106742,0.909623,0.116967,0.235931;73@0.926786,0.952874;38@0.706505,0.427321,0.366124,0.107451,0.050361,0.507616,0.168804,0.42716,0.268174,0.001443;1@;14@0.145527,0.59809,0.615234,0.139627,0.157992,0.275451,0.274522,0.823089,0.059401;41@;32@0.798779,0.959787,0.251114,0.539603;70@0.897784,0.36014,0.36066,0.989282;43@0.044637,0.790955,0.86245,0.7114,0.310969,0.826958,0.591732,0.750308,0.283351,0.929142,0.943538;65@0.074637,0.835394,0.614321,0.262617;20@0.785216,0.943415,0.6847,0.55012;40@0.656604,0.319444,0.768735;100@0.127014;37@0.831597,0.179006,0.249892,0.226875,0.010428,0.579173,0.55501,0.89594,0.995058,0.220269,0.157524,0.886405,0.486429;27@0.124427,0.427875,0.517672,0.915672,0.588186,0.899746,0.95048;92@0.299358,0.670168,0.484943,0.730463,0.628538;10@0.709482,0.638303,0.701721,0.17395,0.177625,0.559823,0.587108,0.022427,0.559069,0.579199,0.549204,0.109807;75@0.203054,0.34952,0.034923,0.876921,0.907518,0.584205,0.065343,0.53417,0.742882,0.944241;84@0.261547,0.011068,0.592306,0.281863,0.669008,0.600923,0.41207,0.16241,0.019834,0.066322,0.203889;82@0.553848;47@0.324703,0.420201,0.095587,0.32673,0.732309,0.192201,0.370993,0.987721,0.126986,0.246493,0.053197;9@0.776859,0.362069,0.763076,0.570923,0.437737,0.828608,0.466099,0.477304,0.150411,0.685589,0.772246;39@0.052012,0.819822,0.918683,0.235541,0.1242,0.314297,0.947959,0.384174,0.574955;88@0.667475,0.841761,0.013513,0.616978,0.669806,0.924434,0.591181;30@0.058439,0.397372,0.013301,0.910404,0.340861,0.535551,0.742521,0.804116,0.754307,0.707244|1|1762487393
I20251108 00:02:58.890187 139717798590272 data_text_parser.cc:116] beg_pos: 15742,end_pos: 17949
I20251108 00:02:58.890200 139717798590272 data_text_parser.cc:59] line: 943|697|1720@3901113226:0.014669;1185@1642948896:0.700009;1587@2766501502:0.474774;1048@3909701730:0.052155;1413@4063766604:0.866464;1472@3335940685:0.759098;1861@1358772904:0.28808;1430@148288949:0.858636;1384@504185182:0.951927;1829@1272261200:0.576857;1635@976208083:0.895814;1785@4224158244:0.014249;1712@2388967739:0.447288;1116@4237006980:0.854069;1010@2055300698:0.342774;1371@3380394777:0.07782;1381@581023914:0.440045;1736@1321049610:0.471826;1206@4074806939:0.074392;1202@393655332:0.834746|67@0.807051,0.954784,0.15532,0.698583,0.044568,0.859347,0.39422,0.625564,0.482719,0.316992,0.276258;56@0.607987,0.426802,0.510567,0.865405,0.6674,0.830242,0.400165,0.036817,0.762834,0.210762,0.053189,0.701571;73@0.10185,0.499581;38@0.548248,0.182048,0.272458,0.520304,0.52504,0.322704,0.621172,0.701195,0.262487,0.225285;1@;14@0.315109,0.95132,0.712262,0.744267,0.359794,0.820074,0.826064,0.026197,0.380022;41@;32@0.389583,0.005959,0.838053,0.507781;70@0.663066,0.726076,0.549753,0.851379;43@0.713786,0.142255,0.608214,0.720652,0.898444,0.932187,0.526016,0.909107,0.72275,0.672922,0.397011;65@0.508132,0.653639,0.667697,0.351414;20@0.520022,0.088068,0.209583,0.678763;40@0.151101,0.27916,0.271807;100@0.534391;37@0.766809,0.330411,0.107923,0.924491,0.719313,0.75314,0.959894,0.557851,0.923177,0.271701,0.106517,0.974321,0.540451;27@0.985368,0.260166,0.18202,0.291626,0.948293,0.262316,0.537534;92@0.999032,0.660739,0.320437,0.882699,0.904883;10@0.411243,0.637425,0.446074,0.772408,0.575246,0.69738,0.860076,0.781548,0.145466,0.621183,0.025666,0.53316;75@0.358482,0.187748,0.306146,0.91738,0.796852,0.037406,0.913377,0.806928,0.398086,0.515267;84@0.23541,0.785878,0.58721,0.05861,0.408087,0.796277,0.621996,0.12414,0.97593,0.246233,0.882947;82@0.030326;47@0.097349,0.047798,0.839545,0.266272,0.275043,0.360986,0.997731,0.929052,0.335363,0.416768,0.035734;9@0.423256,0.56635,0.280366,0.345578,0.545334,0.65023,0.676968,0.092085,0.513846,0.679776,0.316235;39@0.986047,0.230714,0.881757,0.731591,0.311625,0.975302,0.01407,0.638742,0.099155;88@0.429053,0.880915,0.413028,0.265851,0.371914,0.508366,0.012333;30@0.359642,0.200103,0.52774,0.915233,0.777541,0.134176,0.691127,0.064105,0.365504,0.889184|1|1762487393
I20251108 00:02:58.890244 139717798590272 data_text_parser.cc:116] beg_pos: 17950,end_pos: 20157
I20251108 00:02:58.890257 139717798590272 data_text_parser.cc:59] line: 944|535|1720@1270507282:0.830668;1185@2421871798:0.068981;1587@2151206599:0.517363;1048@3422083413:0.023701;1413@762203580:0.053792;1472@2433446269:0.650493;1861@2339153006:0.057464;1430@1899039149:0.835782;1384@3417217908:0.044666;1829@1633952233:0.686545;1635@1574483272:0.593906;1785@3981709967:0.389703;1712@3375516735:0.685505;1116@765632468:0.517231;1010@578780084:0.117421;1371@3044580123:0.364905;1381@1032101265:0.44767;1736@4260961369:0.481636;1206@2320073828:0.138251;1202@3218196422:0.555287|67@0.532757,0.909771,0.841468,0.673398,0.588439,0.854571,0.012828,0.56802,0.395804,0.8638,0.961686;56@0.456294,0.157415,0.512706,0.462336,0.718924,0.559465,0.002033,0.914475,0.07247,0.372535,0.318842,0.64297;73@0.261863,0.99841;38@0.655795,0.603709,0.707136,0.847543,0.001921,0.15121,0.219751,0.761614,0.005214,0.942964;1@;14@0.770308,0.273431,0.32847,0.970427,0.254879,0.133917,0.095821,0.063439,0.061778;41@;32@0.444328,0.194788,0.10689,0.842698;70@0.270825,0.77668,0.804759,0.77184;43@0.159071,0.970974,0.53503,0.548342,0.204129,0.735542,0.326751,0.415596,0.823517,0.561344,0.441942;65@0.626146,0.255349,0.708944,0.579338;20@0.118976,0.834811,0.985565,0.989928;40@0.245843,0.128406,0.744514;100@0.325485;37@0.096543,0.709618,0.233248,0.464579,0.248597,0.963125,0.71417,0.414383,0.221736,0.622555,0.345142,0.364488,0.529475;27@0.460421,0.580332,0.367331,0.836984,0.025498,0.952727,0.996507;92@0.178664,0.024931,0.393525,0.652798,0.229023;10@0.985325,0.692205,0.121205,0.334928,0.803848,0.054874,0.104036,0.346656,0.153211,0.493029,0.820852,0.648074;75@0.727512,0.673326,0.75341,0.75759,0.96023,0.45119,0.482919,0.328588,0.098126,0.259238;84@0.6624,0.586282,0.770931,0.643494,0.116233,0.285863,0.27751,0.036621,0.64954,0.531781,0.762741;82@0.637176;47@0.397502,0.565478,0.333378,0.463294,0.034748,0.479819,0.974565,0.612302,0.178393,0.635606,0.191563;9@0.878628,0.663557,0.25936,0.600487,0.070499,0.98397,0.193376,0.487736,0.99318,0.137596,0.684571;39@0.807037,0.306243,0.131624,0.155279,0.163732,0.643752,0.609722,0.739133,0.741311;88@0.639091,0.617163,0.089044,0.27286,0.221917,0.834638,0.760133;30@0.138886,0.608648,0.27047,0.584802,0.648508,0.010611,0.002894,0.456979,0.540815,0.303647|0|1762487393
I20251108 00:02:58.890275 139717798590272 data_text_parser.cc:116] beg_pos: 20158,end_pos: 20480
I20251108 00:02:58.890533 139717798590272 data_text_parser.cc:101] get chunk buffer, size: 20480
I20251108 00:02:58.890558 139717798590272 data_text_parser.cc:116] beg_pos: 0,end_pos: 1879
I20251108 00:02:58.890565 139717798590272 data_text_parser.cc:61] buffer line: 945|47|1720@1470718452:0.431768;1185@2174339186:0.829855;1587@531215680:0.778473;1048@2406453815:0.619599;1413@3892619255:0.82237;1472@3208098034:0.223034;1861@2618138640:0.932933;1430@1934148209:0.786095;1384@4001203139:0.19966;1829@1151772093:0.769589;1635@820862182:0.42674;1785@121727037:0.209995;1712@1195116504:0.128068;1116@3668333123:0.870706;1010@408991260:0.73487;1371@127605533:0.022479;1381@2289760529:0.77585;1736@3790579322:0.001994;1206@3945247310:0.935049;1202@791187066:0.33063|67@0.247964,0.74689,0.299551,0.532844,0.559403,0.824754,0.432384,0.142882,0.816342,0.913862,0.166457;56@0.461632,0.620942,0.465586,0.465721,0.39463,0.773458,0.434119,0.473313,0.352694,0.448396,0.746501,0.572142;73@0.202532,0.476037;38@0.862594,0.78392,0.011952,0.563809,0.113066,0.869814,0.707995,0.522715,0.601847,0.437941;1@;14@0.007721,0.722362,0.744505,0.136935,0.19728,0.410159,0.918036,0.730657,0.461548;41@;32@0.54051,0.387794,0.121257,0.124824;70@0.050114,0.583298,0.328411,0.509115;43@0.806581,0.508195,0.005882,0.5649,0.314946,0.637236,0.818733,0.046395,0.476743,0.59957,0.674584;65@0.43426,0.160531,0.271103,0.682839;20@0.61689,0.809962,0.864149,0.210228;40@0.693214,0.548465,0.752496;100@0.408951;37@0.433019,0.148882,0.558368,0.534414,0.286711,0.485768,0.951735,0.455988,0.761115,0.700552,0.522369,0.041277,0.847271;27@0.518927,0.661961,0.043097,0.836347,0.377619,0.821912,0.275201;92@0.677546,0.689203,0.033485,0.225381,0.188572;10@0.381411,0.193271,0.282546,0.458624,0.751035,0.735963,0.323902,0.977869,0.596527,0.36318,0.99879,0.279017;75@0.280307,0.525675,0.206702,0.037162,0.572625,0.860121,0.134691,0.75478,0.389757,0.616558;84@0.956818,0.49926,0.924031,0.599188,0.955093,0.664514,0.410379,0.643393,0.084808,0.006527,0.615557;82@0.889815;47@0.606533,0.39229,0.510855,0.843492,0.177368,0.534115,0.847578,0.232964,0.883486,0.835907,0.399566;9@0.512192,0.648785,0.757675,0.560855,0.078811,0.691196,0.051939,0.952535,0.068943,0.521284,0.788633;39@0.321217,0.247948,0.496596,0.873836,0.782299,0.496202,0.630149,0.360267,0.350178;88@0.4885,0.274904,0.503768,0.841031,0.210692,0.100496,0.6583;30@0.384822,0.342881,0.544789,0.213,0.561785,0.338197,0.94795,0.093128,0.862078,0.324277|0|1762487393
I20251108 00:02:58.890602 139717798590272 data_text_parser.cc:116] beg_pos: 1880,end_pos: 4083
I20251108 00:02:58.890615 139717798590272 data_text_parser.cc:59] line: 946|573|1720@1406196239:0.535658;1185@3476598819:0.716522;1587@3028850356:0.34415;1048@3201848378:0.661359;1413@3822750722:0.60498;1472@3411006928:0.71484;1861@891791442:0.923616;1430@443683703:0.341777;1384@1516728461:0.767614;1829@3089215981:0.734939;1635@2374294798:0.716697;1785@323721729:0.094502;1712@1624009053:0.484207;1116@2133373530:0.626657;1010@608357551:0.034098;1371@1495701648:0.737831;1381@136575167:0.928089;1736@3811741105:0.864513;1206@1185006463:0.733758;1202@1269543198:0.951026|67@0.305227,0.634464,0.443427,0.974425,0.460267,0.116071,0.672695,0.41699,0.655152,0.605301,0.099769;56@0.466556,0.564445,0.923106,0.40873,0.488675,0.359962,0.982207,0.813534,0.786955,0.86028,0.577378,0.511225;73@0.798828,0.512731;38@0.665339,0.245335,0.097887,0.27752,0.608028,0.94048,0.285379,0.92656,0.513465,0.721693;1@;14@0.535279,0.760526,0.868038,0.097472,0.487535,0.166002,0.124058,0.182485,0.78709;41@;32@0.657826,0.565101,0.499707,0.989375;70@0.045697,0.515533,0.881812,0.977209;43@0.803844,0.526735,0.007891,0.801526,0.277673,0.86201,0.928143,0.620265,0.058866,0.582705,0.655746;65@0.272767,0.854513,0.817475,0.826665;20@0.695587,0.566178,0.820976,0.66239;40@0.77717,0.082081,0.05389;100@0.634376;37@0.925105,0.978803,0.963857,0.280092,0.908321,0.094064,0.42366,0.216711,0.496863,0.32672,0.844809,0.993286,0.107114;27@0.216858,0.606425,0.915528,0.844843,0.591214,0.267053,0.937934;92@0.017079,0.43471,0.56306,0.401898,0.274337;10@0.877409,0.953326,0.240255,0.779771,0.755576,0.286601,0.587156,0.250505,0.322,0.812556,0.159216,0.656912;75@0.01078,0.852066,0.347204,0.887596,0.462334,0.601134,0.747031,0.119007,0.528902,0.625803;84@0.297778,0.369986,0.247335,0.349397,0.236471,0.145384,0.986111,0.886766,0.982907,0.313528,0.848294;82@0.965617;47@0.425897,0.515946,0.821166,0.171739,0.147989,0.722854,0.119376,0.049474,0.035,0.129676,0.961538;9@0.677694,0.308265,0.669255,0.024907,0.99427,0.251754,0.42182,0.525414,0.406593,0.117052,0.418297;39@0.706483,0.233573,0.480337,0.434181,0.08683,0.342463,0.766416,0.473441,0.505634;88@0.554404,0.446594,0.311491,0.754074,0.366978,0.053774,0.020561;30@0.915702,0.94523,0.023006,0.501115,0.120381,0.063193,0.061344,0.830513,0.195463,0.405423|0|1762487393
I20251108 00:02:58.890652 139717798590272 data_text_parser.cc:116] beg_pos: 4084,end_pos: 6300
I20251108 00:02:58.890665 139717798590272 data_text_parser.cc:59] line: 947|51|1720@4164496684:0.937537;1185@1949187758:0.873968;1587@951424762:0.839674;1048@1238348999:0.458208;1413@2340817420:0.500596;1472@78360542:0.077287;1861@2726396985:0.824829;1430@2325254377:0.538025;1384@1640482660:0.999724;1829@2367989578:0.489286;1635@2433714301:0.462574;1785@996765963:0.471562;1712@259268642:0.95967;1116@1634201358:0.855316;1010@1638802281:0.390211;1371@1883869796:0.01461;1381@3111915116:0.612717;1736@420664879:0.970291;1206@3161563700:0.499136;1202@3553572596:0.400848|67@0.177483,0.618887,0.132153,0.140434,0.775038,0.792074,0.385323,0.627554,0.460909,0.841662,0.814152;56@0.004767,0.170201,0.468801,0.783259,0.602201,0.631214,0.30077,0.365363,0.949549,0.241627,0.191517,0.736047;73@0.127536,0.283416;38@0.094169,0.692211,0.207797,0.825163,0.548607,0.025327,0.599352,0.134663,0.421576,0.388737;1@;14@0.430064,0.308908,0.071917,0.710269,0.967745,0.969598,0.528888,0.819419,0.002383;41@;32@0.421381,0.599892,0.374762,0.755379;70@0.46602,0.851554,0.402291,0.200078;43@0.889849,0.293737,0.981539,0.65359,0.494985,0.192397,0.416775,0.061766,0.252925,0.751161,0.287692;65@0.784138,0.966689,0.781203,0.33386;20@0.008134,0.089973,0.469209,0.739012;40@0.955956,0.103294,0.647836;100@0.956779;37@0.673854,0.150274,0.106229,0.023505,0.354222,0.367378,0.421323,0.951039,0.842754,0.983922,0.189281,0.446062,0.643739;27@0.313529,0.891369,0.370757,0.31956,0.432569,0.487334,0.340894;92@0.118953,0.429283,0.959792,0.47331,0.811349;10@0.421339,0.155028,0.175972,0.823907,0.574877,0.993927,0.024371,0.842605,0.936202,0.842401,0.855196,0.096825;75@0.201374,0.722158,0.593059,0.186705,0.995549,0.440314,0.81503,0.766952,0.154816,0.929061;84@0.709915,0.251827,0.520062,0.183723,0.867398,0.058494,0.359069,0.378681,0.518497,0.623417,0.07004;82@0.382914;47@0.818926,0.315113,0.868397,0.645282,0.156055,0.948601,0.666088,0.32707,0.749294,0.53815,0.692423;9@0.97172,0.192611,0.327468,0.725338,0.254278,0.404433,0.289702,0.194193,0.009293,0.901711,0.183133;39@0.991246,0.203277,0.82281,0.903764,0.125397,0.159943,0.652615,0.789667,0.879361;88@0.870615,0.085032,0.255096,0.270187,0.660385,0.601274,0.609483;30@0.452628,0.052522,0.061341,0.566385,0.315522,0.877674,0.923216,0.116128,0.799479,0.899453|0|1762487393
I20251108 00:02:58.890715 139717798590272 data_text_parser.cc:116] beg_pos: 6301,end_pos: 8513
I20251108 00:02:58.890730 139717798590272 data_text_parser.cc:59] line: 948|946|1720@969739877:0.514479;1185@1220019441:0.865768;1587@1077288996:0.427964;1048@2697381468:0.9598;1413@1516728461:0.261782;1472@3559241348:0.43445;1861@2269482927:0.615905;1430@3749963489:0.104233;1384@2043232097:0.201167;1829@1050409069:0.64511;1635@2763449711:0.496251;1785@956114529:0.1098;1712@1202928902:0.697542;1116@36744639:0.441417;1010@2758202660:0.471467;1371@3254963123:0.593333;1381@343175831:0.354383;1736@4191680764:0.566254;1206@701684712:0.38026;1202@3545526605:0.405527|67@0.391656,0.569948,0.364079,0.033245,0.350442,0.608604,0.540719,0.759758,0.955332,0.053479,0.251426;56@0.174328,0.640078,0.912186,0.429075,0.630069,0.194403,0.487636,0.577658,0.561078,0.106854,0.013578,0.572996;73@0.443059,0.521209;38@0.149551,0.581615,0.044512,0.084727,0.932154,0.454455,0.258422,0.246001,0.960623,0.010247;1@;14@0.50699,0.730108,0.326721,0.688629,0.062737,0.573082,0.293066,0.373138,0.951988;41@;32@0.323041,0.25738,0.826094,0.949023;70@0.068285,0.011611,0.869132,0.701501;43@0.764122,0.696875,0.184151,0.710227,0.492307,0.667564,0.810557,0.424139,0.134529,0.190808,0.238598;65@0.486279,0.473137,0.510097,0.063687;20@0.11754,0.005773,0.456605,0.86888;40@0.92048,0.963945,0.998363;100@0.133761;37@0.602007,0.362759,0.882364,0.699928,0.696749,0.363219,0.466294,0.02244,0.207615,0.759578,0.846507,0.480312,0.569802;27@0.322847,0.763411,0.438349,0.737875,0.536268,0.677214,0.929409;92@0.673957,0.301565,0.952667,0.352741,0.158306;10@0.880286,0.728867,0.976992,0.559493,0.001117,0.045024,0.89266,0.853178,0.410319,0.047593,0.551454,0.787892;75@0.100238,0.798227,0.492912,0.327958,0.692982,0.176597,0.244433,0.63425,0.668164,0.396809;84@0.193682,0.496993,0.532674,0.490531,0.443992,0.642928,0.199626,0.088222,0.411198,0.058237,0.646441;82@0.943897;47@0.336585,0.620964,0.732743,0.431442,0.05146,0.240445,0.292632,0.179448,0.492205,0.950689,0.796982;9@0.602128,0.274906,0.08521,0.021584,0.780227,0.99841,0.152504,0.131863,0.960169,0.428123,0.275925;39@0.840957,0.205206,0.226029,0.215365,0.922406,0.880891,0.661612,0.965178,0.291619;88@0.434435,0.992539,0.047435,0.505455,0.742832,0.683691,0.49592;30@0.308987,0.372545,0.185901,0.538083,0.937919,0.242777,0.894321,0.426444,0.413052,0.907991|0|1762487393
I20251108 00:02:58.890770 139717798590272 data_text_parser.cc:116] beg_pos: 8514,end_pos: 10727
I20251108 00:02:58.890787 139717798590272 data_text_parser.cc:59] line: 949|385|1720@3717807030:0.507748;1185@1786678458:0.332278;1587@4267180762:0.979032;1048@929300556:0.756178;1413@2708190708:0.199304;1472@654301202:0.430993;1861@482116484:0.763247;1430@4240554191:0.546414;1384@3730801408:0.247611;1829@331785472:0.058186;1635@1059653251:0.417242;1785@914530346:0.936229;1712@280048453:0.51836;1116@3942798131:0.751782;1010@2891911665:0.163186;1371@2007278075:0.961171;1381@1196799256:0.019379;1736@4099340999:0.355201;1206@3689785685:0.30123;1202@3956427290:0.560371|67@0.322826,0.792472,0.693135,0.7039,0.14074,0.92602,0.943164,0.789739,0.183102,0.486887,0.62738;56@0.691984,0.706719,0.869931,0.262394,0.600549,0.184799,0.242319,0.825938,0.803836,0.581151,0.138802,0.849146;73@0.79399,0.815042;38@0.05793,0.584316,0.389426,0.821338,0.13676,0.025024,0.325976,0.997229,0.617776,0.700724;1@;14@0.91672,0.022674,0.786028,0.535202,0.149824,0.209762,0.760758,0.002816,0.562044;41@;32@0.299983,0.292538,0.395618,0.162986;70@0.666765,0.031788,0.078474,0.049755;43@0.448713,0.500231,0.572056,0.228687,0.400671,0.546444,0.965019,0.231145,0.481579,0.130667,0.746994;65@0.338607,0.856068,0.669274,0.288934;20@0.10222,0.920298,0.644678,0.897572;40@0.008493,0.883405,0.667535;100@0.376797;37@0.649979,0.924209,0.090588,0.919843,0.610075,0.487281,0.984821,0.337954,0.243186,0.084051,0.372941,0.411266,0.701674;27@0.101865,0.041186,0.310995,0.741366,0.728961,0.418475,0.158786;92@0.672205,0.890276,0.235349,0.836268,3.7e-05;10@0.273874,0.329505,0.859595,0.400139,0.704356,0.694886,0.413351,0.382424,0.247878,0.420243,0.585186,0.487608;75@0.996592,0.963831,0.767438,0.290455,0.850657,0.592279,0.949757,0.908586,0.006627,0.692082;84@0.01048,0.245534,0.678221,0.062017,0.515844,0.416971,0.787641,0.277355,0.971446,0.629879,0.705677;82@0.606232;47@0.180959,0.559045,0.372054,0.274568,0.397205,0.457356,0.607868,0.824404,0.91853,0.288199,0.94125;9@0.433261,0.294989,0.938428,0.435162,0.319499,0.737217,0.130235,0.910928,0.612288,0.718907,0.91299;39@0.359046,0.821858,0.076576,0.64504,0.773453,0.265666,0.821413,0.411216,0.261454;88@0.711919,0.475237,0.468376,0.490279,0.173235,0.635628,0.293416;30@0.105212,0.268305,0.220719,0.958144,0.118682,0.645895,0.562638,0.516793,0.366427,0.245832|1|1762487393
I20251108 00:02:58.890819 139717798590272 data_text_parser.cc:116] beg_pos: 10728,end_pos: 12938
I20251108 00:02:58.890832 139717798590272 data_text_parser.cc:59] line: 950|109|1720@1838913896:0.351209;1185@3454208001:0.928484;1587@3811211900:0.97765;1048@154921337:0.388625;1413@1994787187:0.674585;1472@413876767:0.044197;1861@2550818687:0.761279;1430@262212798:0.232843;1384@2141595658:0.615006;1829@3712965742:0.733036;1635@631027976:0.350666;1785@159994195:0.611048;1712@549355208:0.657646;1116@224666234:0.464751;1010@3523697283:0.559601;1371@3109045653:0.301848;1381@746295570:0.864029;1736@1227794049:0.713753;1206@1764840628:0.765275;1202@799365429:0.438977|67@0.016946,0.136891,0.770662,0.762874,0.047479,0.315031,0.167082,0.034616,0.497393,0.707835,0.168227;56@0.234588,0.562047,0.31006,0.708387,0.519203,0.488199,0.23577,0.289225,0.174965,0.383776,0.008524,0.974994;73@0.515992,0.50736;38@0.779622,0.400101,0.161733,0.27033,0.154092,0.396526,0.66474,0.579131,0.164176,0.597583;1@;14@0.01396,0.952223,0.915247,0.241303,0.965724,0.067895,0.997987,0.620668,0.671024;41@;32@0.169792,0.300598,0.490589,0.318026;70@0.827988,0.263321,0.588339,0.756627;43@0.110727,0.313197,0.383635,0.462381,0.579694,0.422228,0.046624,0.897786,0.396345,0.744384,0.211126;65@0.499467,0.328187,0.955014,0.255484;20@0.587865,0.696878,0.620893,0.780442;40@0.872771,0.615494,0.954683;100@0.503202;37@0.375072,0.907674,0.447316,0.306912,0.666437,0.652243,0.273102,0.176581,0.67394,0.212677,0.488275,0.246808,0.050268;27@0.034427,0.999559,0.117334,0.069813,0.829275,0.937538,0.132437;92@0.8091,0.379752,0.494695,0.997601,0.162911;10@0.184782,0.332898,0.232183,0.232037,0.90724,0.756261,0.616975,0.042145,0.948769,0.015256,0.009944,0.710505;75@0.929985,0.862805,0.475648,0.899637,0.265475,0.221234,0.718575,0.296581,0.56865,0.316895;84@0.834671,0.560018,0.195506,0.383112,0.597551,0.829745,0.828418,0.423961,0.536009,0.072696,0.480034;82@0.474135;47@0.477548,0.039826,0.317937,0.738928,0.160117,0.460061,0.319111,0.367161,0.89126,0.965015,0.018297;9@0.530303,0.240713,0.163519,0.503078,0.114442,0.631348,0.122983,0.008565,0.189538,0.624147,0.841232;39@0.001342,0.758733,0.219296,0.172796,0.046705,0.346824,0.371002,0.901037,0.749064;88@0.3096,0.820841,0.680072,0.831286,0.001213,0.122482,0.255571;30@0.72664,0.85671,0.089381,0.384075,0.380285,0.29317,0.172587,0.383705,0.680791,0.537095|0|1762487393
I20251108 00:02:58.890873 139717798590272 data_text_parser.cc:116] beg_pos: 12939,end_pos: 15150
I20251108 00:02:58.890886 139717798590272 data_text_parser.cc:59] line: 951|887|1720@1081356716:0.114822;1185@2879400764:0.688548;1587@678121091:0.842597;1048@1477837553:0.881555;1413@1176681109:0.247929;1472@561030528:0.490586;1861@3578209118:0.499006;1430@2358142063:0.174193;1384@1850306269:0.388245;1829@2745410194:0.856583;1635@3485030685:0.822575;1785@1989954929:0.948275;1712@876684930:0.311368;1116@3424842665:0.185394;1010@2785741259:0.75318;1371@137966252:0.61799;1381@1372702222:0.380294;1736@804432638:0.174566;1206@4099563677:0.615012;1202@2187507821:0.349214|67@0.332699,0.768883,0.184921,0.592087,0.625665,0.297269,0.501013,0.610346,0.127609,0.827685,0.279537;56@0.733246,0.499281,0.669921,0.837331,0.294337,0.244115,0.349543,0.047654,0.194321,0.422625,0.328887,0.803137;73@0.822164,0.700942;38@0.778275,0.421563,0.635018,0.902352,0.323835,0.426135,0.380857,0.319018,0.152627,0.009018;1@;14@0.562755,0.802494,0.263393,0.971963,0.161628,0.530341,0.23921,0.705178,0.83572;41@;32@0.210108,0.679758,0.694236,0.387626;70@0.365552,0.43825,0.857923,0.250401;43@0.499058,0.943626,0.000869,0.656254,0.275351,0.236644,0.42444,0.712105,0.513361,0.665929,0.320033;65@0.312933,0.683589,0.388414,0.628014;20@0.892539,0.855428,0.901958,0.074036;40@0.495021,0.321478,0.567105;100@0.304451;37@0.94944,0.730309,0.602078,0.091332,0.875256,0.583685,0.632349,0.68786,0.747187,0.07955,0.593389,0.997519,0.602137;27@0.376997,0.683404,0.598067,0.170597,0.513874,0.933661,0.270183;92@0.281559,0.410397,0.260547,0.187799,0.90033;10@0.630752,0.727273,0.011338,0.37066,0.428138,0.040969,0.754629,0.770204,0.376213,0.729623,0.873414,0.273047;75@0.332365,0.782279,0.948835,0.19495,0.534837,0.017855,0.013434,0.493388,0.036023,0.165484;84@0.352149,0.593076,0.126258,0.077893,0.042442,0.22343,0.959183,0.281358,0.061705,0.745506,0.152311;82@0.22443;47@0.858326,0.914518,0.029191,0.138564,0.742359,0.584056,0.350747,0.362111,0.8242,0.66771,0.610811;9@0.824216,0.858686,0.506735,0.452892,0.441436,0.917365,0.584171,0.776007,0.772514,0.622199,0.321425;39@0.602297,0.84067,0.182495,0.544088,0.144651,0.812156,0.713148,0.088527,0.303592;88@0.332356,0.655251,0.332976,0.28782,0.894717,0.570536,0.9893;30@0.269303,0.086475,0.061278,0.996271,0.299741,0.227269,0.609108,0.736344,0.032699,0.818332|0|1762487393

s:  <DataFlow.csrc.pybind_module.BatchRow object at 0x7f1288b26630>
s:  <DataFlow.csrc.pybind_module.BatchRow object at 0x7f1288b26c70>
s:  <DataFlow.csrc.pybind_module.BatchRow object at 0x7f1288cf6ef0>
s:  <DataFlow.csrc.pybind_module.BatchRow object at 0x7f1288b26c70>
s:  <DataFlow.csrc.pybind_module.BatchRow object at 0x7f1288cf6ef0>
s:  <DataFlow.csrc.pybind_module.BatchRow object at 0x7f1288b26c70>
s:  <DataFlow.csrc.pybind_module.BatchRow object at 0x7f1288cf6ef0>
s:  <DataFlow.csrc.pybind_module.BatchRow object at 0x7f1288b26c70>
s:  <DataFlow.csrc.pybind_module.BatchRow object at 0x7f1288cf6ef0>
s:  <DataFlow.csrc.pybind_module.BatchRow object at 0x7f1288b26c70>
s:  <DataFlow.csrc.pybind_module.BatchRow object at 0x7f1288cf6ef0>
s:  <DataFlow.csrc.pybind_module.BatchRow object at 0x7f1288b26c70>
s:  <DataFlow.csrc.pybind_module.BatchRow object at 0x7f1288cf6ef0>
s:  <DataFlow.csrc.pybind_module.BatchRow object at 0x7f1288b26c70>
s:  <DataFlow.csrc.pybind_module.BatchRow object at 0x7f1288cf6ef0>
s:  <DataFlow.csrc.pybind_module.BatchRow object at 0x7f1288b26c70>
s:  <DataFlow.csrc.pybind_module.BatchRow object at 0x7f1288cf6ef0>
s:  <DataFlow.csrc.pybind_module.BatchRow object at 0x7f1288b26c70>
s:  <DataFlow.csrc.pybind_module.BatchRow object at 0x7f1288cf6ef0>
s:  <DataFlow.csrc.pybind_module.BatchRow object at 0x7f1288b26c70>
s:  <DataFlow.csrc.pybind_module.BatchRow object at 0x7f1288cf6ef0>
s:  <DataFlow.csrc.pybind_module.BatchRow object at 0x7f1288b26c70>
s:  <DataFlow.csrc.pybind_module.BatchRow object at 0x7f1288cf6ef0>
s:  <DataFlow.csrc.pybind_module.BatchRow object at 0x7f1288b26c70>
s:  <DataFlow.csrc.pybind_module.BatchRow object at 0x7f1288cf6ef0>
s:  <DataFlow.csrc.pybind_module.BatchRow object at 0x7f1288b26c70>
s:  <DataFlow.csrc.pybind_module.BatchRow object at 0x7f1288cf6ef0>
s:  <DataFlow.csrc.pybind_module.BatchRow object at 0x7f1288b26c70>
s:  <DataFlow.csrc.pybind_module.BatchRow object at 0x7f1288cf6ef0>
s:  <DataFlow.csrc.pybind_module.BatchRow object at 0x7f1288b26c70>
s:  <DataFlow.csrc.pybind_module.BatchRow object at 0x7f1288cf6ef0>
s:  <DataFlow.csrc.pybind_module.BatchRow object at 0x7f1288b26c70>
s:  <DataFlow.csrc.pybind_module.BatchRow object at 0x7f1288cf6ef0>
s:  <DataFlow.csrc.pybind_module.BatchRow object at 0x7f1288b26c70>
s:  <DataFlow.csrc.pybind_module.BatchRow object at 0x7f1288cf6ef0>
s:  <DataFlow.csrc.pybind_module.BatchRow object at 0x7f1288b26c70>
s:  <DataFlow.csrc.pybind_module.BatchRow object at 0x7f1288cf6ef0>
s:  <DataFlow.csrc.pybind_module.BatchRow object at 0x7f1288b26c70>
s:  <DataFlow.csrc.pybind_module.BatchRow object at 0x7f1288cf6ef0>
s:  <DataFlow.csrc.pybind_module.BatchRow object at 0x7f1288b26c70>
s:  <DataFlow.csrc.pybind_module.BatchRow object at 0x7f1288cf6ef0>
s:  <DataFlow.csrc.pybind_module.BatchRow object at 0x7f1288b26c70>
s:  <DataFlow.csrc.pybind_module.BatchRow object at 0x7f1288cf6ef0>
s:  <DataFlow.csrc.pybind_module.BatchRow object at 0x7f1288b26c70>
s:  <DataFlow.csrc.pybind_module.BatchRow object at 0x7f1288cf6ef0>
s:  <DataFlow.csrc.pybind_module.BatchRow object at 0x7f1288b26c70>
s:  <DataFlow.csrc.pybind_module.BatchRow object at 0x7f1288cf6ef0>
s:  <DataFlow.csrc.pybind_module.BatchRow object at 0x7f1288b26c70>
s:  <DataFlow.csrc.pybind_module.BatchRow object at 0x7f1288cf6ef0>
s:  <DataFlow.csrc.pybind_module.BatchRow object at 0x7f1288b26c70>
s:  <DataFlow.csrc.pybind_module.BatchRow object at 0x7f1288cf6ef0>
s:  <DataFlow.csrc.pybind_module.BatchRow object at 0x7f1288b26c70>
s:  <DataFlow.csrc.pybind_module.BatchRow object at 0x7f1288cf6ef0>
s:  <DataFlow.csrc.pybind_module.BatchRow object at 0x7f1288b26c70>
s:  <DataFlow.csrc.pybind_module.BatchRow object at 0x7f1288cf6ef0>
s:  <DataFlow.csrc.pybind_module.BatchRow object at 0x7f1288b26c70>
s:  <DataFlow.csrc.pybind_module.BatchRow object at 0x7f1288cf6ef0>
s:  <DataFlow.csrc.pybind_module.BatchRow object at 0x7f1288b26c70>
s:  <DataFlow.csrc.pybind_module.BatchRow object at 0x7f1288cf6ef0>
s:  <DataFlow.csrc.pybind_module.BatchRow object at 0x7f1288b26c70>
s:  <DataFlow.csrc.pybind_module.BatchRow object at 0x7f1288cf6ef0>
s:  <DataFlow.csrc.pybind_module.BatchRow object at 0x7f1288b26c70>
s:  <DataFlow.csrc.pybind_module.BatchRow object at 0x7f1288cf6ef0>
s:  <DataFlow.csrc.pybind_module.BatchRow object at 0x7f1288b26c70>
s:  <DataFlow.csrc.pybind_module.BatchRow object at 0x7f1288cf6ef0>
s:  <DataFlow.csrc.pybind_module.BatchRow object at 0x7f1288b26c70>
s:  <DataFlow.csrc.pybind_module.BatchRow object at 0x7f1288cf6ef0>
s:  <DataFlow.csrc.pybind_module.BatchRow object at 0x7f1288b26c70>
s:  <DataFlow.csrc.pybind_module.BatchRow object at 0x7f1288cf6ef0>
s:  <DataFlow.csrc.pybind_module.BatchRow object at 0x7f1288b26c70>
s:  <DataFlow.csrc.pybind_module.BatchRow object at 0x7f1288cf6ef0>
s:  <DataFlow.csrc.pybind_module.BatchRow object at 0x7f1288b26c70>
s:  <DataFlow.csrc.pybind_module.BatchRow object at 0x7f1288cf6ef0>
s:  <DataFlow.csrc.pybind_module.BatchRow object at 0x7f1288b26c70>
s:  <DataFlow.csrc.pybind_module.BatchRow object at 0x7f1288cf6ef0>
s:  <DataFlow.csrc.pybind_module.BatchRow object at 0x7f1288b26c70>
s:  <DataFlow.csrc.pybind_module.BatchRow object at 0x7f1288cf6ef0>
s:  <DataFlow.csrc.pybind_module.BatchRow object at 0x7f1288b26c70>
s:  <DataFlow.csrc.pybind_module.BatchRow object at 0x7f1288cf6ef0>
s:  <DataFlow.csrc.pybind_module.BatchRow object at 0x7f1288b26c70>
s:  <DataFlow.csrc.pybind_module.BatchRow object at 0x7f1288cf6ef0>
s:  <DataFlow.csrc.pybind_module.BatchRow object at 0x7f1288b26c70>
s:  <DataFlow.csrc.pybind_module.BatchRow object at 0x7f1288cf6ef0>
s:  <DataFlow.csrc.pybind_module.BatchRow object at 0x7f1288b26c70>
s:  <DataFlow.csrc.pybind_module.BatchRow object at 0x7f1288cf6ef0>
s:  <DataFlow.csrc.pybind_module.BatchRow object at 0x7f1288b26c70>
s:  <DataFlow.csrc.pybind_module.BatchRow object at 0x7f1288cf6ef0>
s:  <DataFlow.csrc.pybind_module.BatchRow object at 0x7f1288b26c70>
s:  <DataFlow.csrc.pybind_module.BatchRow object at 0x7f1288cf6ef0>
s:  <DataFlow.csrc.pybind_module.BatchRow object at 0x7f1288b26c70>
s:  <DataFlow.csrc.pybind_module.BatchRow object at 0x7f1288cf6ef0>
s:  <DataFlow.csrc.pybind_module.BatchRow object at 0x7f1288b26c70>
s:  <DataFlow.csrc.pybind_module.BatchRow object at 0x7f1288cf6ef0>
s:  <DataFlow.csrc.pybind_module.BatchRow object at 0x7f1288b26c70>
s:  <DataFlow.csrc.pybind_module.BatchRow object at 0x7f1288cf6ef0>
s:  <DataFlow.csrc.pybind_module.BatchRow object at 0x7f1288b26c70>
s:  <DataFlow.csrc.pybind_module.BatchRow object at 0x7f1288cf6ef0>
s:  <DataFlow.csrc.pybind_module.BatchRow object at 0x7f1288b26c70>
s:  <DataFlow.csrc.pybind_module.BatchRow object at 0x7f1288cf6ef0>
s:  <DataFlow.csrc.pybind_module.BatchRow object at 0x7f1288b26c70>
s:  <DataFlow.csrc.pybind_module.BatchRow object at 0x7f1288cf6ef0>
s:  <DataFlow.csrc.pybind_module.BatchRow object at 0x7f1288b26c70>
s:  <DataFlow.csrc.pybind_module.BatchRow object at 0x7f1288cf6ef0>
s:  <DataFlow.csrc.pybind_module.BatchRow object at 0x7f1288b26c70>
s:  <DataFlow.csrc.pybind_module.BatchRow object at 0x7f1288cf6ef0>
s:  <DataFlow.csrc.pybind_module.BatchRow object at 0x7f1288b26c70>
s:  <DataFlow.csrc.pybind_module.BatchRow object at 0x7f1288cf6ef0>
s:  <DataFlow.csrc.pybind_module.BatchRow object at 0x7f1288b26c70>
s:  <DataFlow.csrc.pybind_module.BatchRow object at 0x7f1288cf6ef0>
s:  <DataFlow.csrc.pybind_module.BatchRow object at 0x7f1288b26c70>
s:  <DataFlow.csrc.pybind_module.BatchRow object at 0x7f1288cf6ef0>
s:  <DataFlow.csrc.pybind_module.BatchRow object at 0x7f1288b26c70>
s:  <DataFlow.csrc.pybind_module.BatchRow object at 0x7f1288cf6ef0>
s:  <DataFlow.csrc.pybind_module.BatchRow object at 0x7f1288b26c70>
s:  <DataFlow.csrc.pybind_module.BatchRow object at 0x7f1288cf6ef0>
s:  <DataFlow.csrc.pybind_module.BatchRow object at 0x7f1288b26c70>
s:  <DataFlow.csrc.pybind_module.BatchRow object at 0x7f1288cf6ef0>
s:  <DataFlow.csrc.pybind_module.BatchRow object at 0x7f1288b26c70>
s:  <DataFlow.csrc.pybind_module.BatchRow object at 0x7f1288cf6ef0>
s:  <DataFlow.csrc.pybind_module.BatchRow object at 0x7f1288b26c70>
s:  <DataFlow.csrc.pybind_module.BatchRow object at 0x7f1288cf6ef0>I20251108 00:02:58.890948 139717798590272 data_text_parser.cc:116] beg_pos: 15151,end_pos: 17354
I20251108 00:02:58.890956 139717798590272 data_text_parser.cc:59] line: 952|182|1720@460321203:0.82175;1185@3386807361:0.778474;1587@2708190708:0.844064;1048@2962892445:0.494735;1413@3992469676:0.304442;1472@40312268:0.539871;1861@1937133788:0.797738;1430@4162248678:0.953831;1384@581023914:0.679133;1829@1456919779:0.772173;1635@1160076448:0.684734;1785@2965791107:0.09057;1712@934930779:0.752797;1116@2190975809:0.169142;1010@311046463:0.044101;1371@1487132287:0.180163;1381@4131161848:0.271127;1736@638308969:0.02024;1206@3575560712:0.987384;1202@21333744:0.969247|67@0.941716,0.978066,0.819401,0.383746,0.740826,0.880924,0.528544,0.399778,0.909032,0.634063,0.00286;56@0.467842,0.859112,0.298689,0.315547,0.773534,0.339782,0.806464,0.42466,0.173522,0.434806,0.936974,0.840858;73@0.50488,0.312767;38@0.551981,0.61931,0.852769,0.992012,0.103971,0.278561,0.908826,0.991078,0.980727,0.726333;1@;14@0.22521,0.291664,0.532724,0.920928,0.595134,0.748778,0.058832,0.722289,0.181865;41@;32@0.592154,0.808236,0.550703,0.329651;70@0.946879,0.958709,0.875957,0.109186;43@0.110202,0.631647,0.231973,0.042448,0.262163,0.872548,0.904314,0.620393,0.626533,0.649491,0.065869;65@0.542496,0.872175,0.483398,0.798037;20@0.87983,0.22917,0.694318,0.316816;40@0.494499,0.53233,0.431177;100@0.537425;37@0.821409,0.984382,0.498255,0.697743,0.528947,0.441007,0.812575,0.642052,0.081333,0.041267,0.420309,0.78269,0.589578;27@0.470767,0.526924,0.809762,0.81228,0.800835,0.203229,0.929914;92@0.345059,0.202463,0.685952,0.639468,0.151779;10@0.684014,0.635165,0.545103,0.451596,0.908709,0.007613,0.785097,0.23888,0.791356,0.375228,0.762264,0.463921;75@0.653132,0.079813,0.37259,0.335723,0.494362,0.317723,0.827551,0.409203,0.67387,0.118329;84@0.899976,0.809799,0.813768,0.340604,0.132747,0.582547,0.27661,0.256106,0.568554,0.969997,0.395078;82@0.556438;47@0.343058,0.482893,0.548802,0.696241,0.005031,0.175437,0.199981,0.899371,0.746888,0.522476,0.007593;9@0.476068,0.270046,0.286535,0.102598,0.969661,0.764918,0.906867,0.435299,0.367965,0.29901,2e-06;39@0.785123,0.444841,0.755394,0.629671,0.166518,0.744812,0.010145,0.061114,0.994164;88@0.696109,0.513091,0.021145,0.737917,0.356098,0.848218,0.8269;30@0.797956,0.85554,0.223864,0.077428,0.942399,0.339044,0.29491,0.078293,0.946546,0.270299|0|1762487393
I20251108 00:02:58.890991 139717798590272 data_text_parser.cc:116] beg_pos: 17355,end_pos: 19562
I20251108 00:02:58.891004 139717798590272 data_text_parser.cc:59] line: 953|836|1720@839862586:0.215153;1185@1896464807:0.273245;1587@1579844746:0.5466;1048@2644046346:0.884346;1413@2346400575:0.338339;1472@538847593:0.511265;1861@3629472244:0.455672;1430@4205875499:0.443317;1384@2755545504:0.530029;1829@3379977358:0.859084;1635@1840169763:0.663349;1785@3601716449:0.997332;1712@1592952106:0.373713;1116@365594064:0.72179;1010@3438484462:0.837412;1371@4105431645:0.673624;1381@2179958522:0.051509;1736@884980253:0.147636;1206@3171388589:0.44182;1202@1237581040:0.579391|67@0.058385,0.458883,0.704818,0.682322,0.712224,0.508642,0.007629,0.963588,0.018952,0.332755,0.312165;56@0.982224,0.582569,0.493135,0.112817,0.334837,0.847338,0.414701,0.140844,0.265218,0.38943,0.95292,0.328481;73@0.043486,0.017273;38@0.773242,0.701052,0.428787,0.853602,0.973335,0.359324,0.610697,0.361095,0.121466,0.179924;1@;14@0.82719,0.476231,0.005273,0.36106,0.458593,0.62439,0.872487,0.280404,0.368668;41@;32@0.954214,0.530644,0.326891,0.769175;70@0.020445,0.609078,0.214992,0.239983;43@0.33391,0.978903,0.707536,0.446788,0.755,0.302586,0.558586,0.708652,0.126554,0.611457,0.726758;65@0.252555,0.463685,0.997084,0.815453;20@0.363524,0.189189,0.859441,0.127753;40@0.895823,0.529336,0.797363;100@0.776037;37@0.958025,0.360944,0.500389,0.429747,0.969777,0.520501,0.00122,0.589045,0.63603,0.333395,0.337451,0.131977,0.310791;27@0.871048,0.71123,0.372273,0.165791,0.280297,0.564596,0.695559;92@0.527225,0.317249,0.33922,0.822564,0.910799;10@0.814834,0.632191,0.5042,0.817903,0.261615,0.771991,0.239571,0.404421,0.402723,0.440766,0.342615,0.954107;75@0.400974,0.955531,0.451276,0.557126,0.416722,0.331772,0.489284,0.56136,0.331736,0.814626;84@0.812662,0.126437,0.998868,0.500957,0.62067,0.994981,0.38058,0.656861,0.581204,0.583969,0.887789;82@0.9204;47@0.796951,0.26168,0.412825,0.799217,0.762904,0.081336,0.336923,0.958515,0.787381,0.538166,0.081488;9@0.127777,0.83801,0.710527,0.231994,0.273742,0.835898,0.122262,0.544601,0.054815,0.628641,0.880448;39@0.870052,0.463201,0.497392,0.529185,0.518952,0.082846,0.674101,0.532375,0.947123;88@0.443237,0.271385,0.523222,0.454493,0.565865,0.814969,0.684311;30@0.327639,0.816388,0.227542,0.889987,0.749897,0.970445,0.217769,0.987832,0.378443,0.710265|0|1762487393
I20251108 00:02:58.891033 139717798590272 data_text_parser.cc:116] beg_pos: 19563,end_pos: 20480
I20251108 00:02:58.891276 139717798590272 data_text_parser.cc:101] get chunk buffer, size: 20480
I20251108 00:02:58.891297 139717798590272 data_text_parser.cc:116] beg_pos: 0,end_pos: 1297
I20251108 00:02:58.891304 139717798590272 data_text_parser.cc:61] buffer line: 954|903|1720@3586293721:0.418318;1185@638308969:0.226254;1587@3106847759:0.955995;1048@3914390230:0.403859;1413@1045718492:0.525733;1472@188224331:0.80185;1861@600532070:0.3417;1430@1066815972:0.925227;1384@1775859491:0.603925;1829@476320870:0.714216;1635@1657398930:0.458816;1785@1199351277:0.48281;1712@1165812326:0.702405;1116@3321481276:0.859499;1010@1405712631:0.033249;1371@2168199671:0.660322;1381@3787587749:0.072178;1736@934930779:0.507248;1206@1663086804:0.770468;1202@1422086813:0.185716|67@0.973771,0.498165,0.171228,0.191868,0.155073,0.497066,0.810652,0.533828,0.667318,0.119942,0.61035;56@0.128932,0.923666,0.456152,0.065279,0.326071,0.871981,0.500812,0.851899,0.37552,0.820649,0.154032,0.276896;73@0.460909,0.914365;38@0.318431,0.240953,0.393341,0.084301,0.439188,0.546239,0.813082,0.016312,0.936433,0.580918;1@;14@0.469883,0.208187,0.71056,0.783539,0.620224,0.200751,0.296014,0.620035,0.031731;41@;32@0.977016,0.283747,0.124192,0.664797;70@0.91087,0.949679,0.862662,0.826928;43@0.744808,0.219295,0.262147,0.672124,0.987093,0.209771,0.401814,0.953123,0.314945,0.605903,0.047169;65@0.864686,0.197048,0.541723,0.755192;20@0.707437,0.443765,0.520852,0.452867;40@0.319611,0.867637,0.882627;100@0.024661;37@0.872293,0.156037,0.307122,0.327759,0.173378,0.582376,0.081942,0.808161,0.901795,0.283798,0.622387,0.675111,0.027856;27@0.560463,0.398374,0.637969,0.473916,0.550688,0.779895,0.441684;92@0.830156,0.318236,0.721347,0.338392,0.940884;10@0.63192,0.754743,0.11171,0.918584,0.364408,0.445162,0.681912,0.32194,0.059909,0.305529,0.487562,0.354131;75@0.064112,0.986097,0.402796,0.372874,0.50245,0.019086,0.068856,0.156086,0.520117,0.069388;84@0.662347,0.34446,0.711618,0.428102,0.680851,0.506056,0.738304,0.482925,0.386736,0.51446,0.475401;82@0.789943;47@0.618632,0.728438,0.434261,0.715047,0.149105,0.666033,0.505143,0.924598,0.909956,0.36947,0.402617;9@0.208832,0.039714,0.386027,0.801735,0.375027,0.045384,0.577784,0.121798,0.434855,0.141788,0.249843;39@0.185706,0.951135,0.923862,0.853463,0.035196,0.785273,0.50959,0.871781,0.825377;88@0.809262,0.476584,0.526985,0.471881,0.446717,0.105559,0.838139;30@0.536029,0.217927,0.255882,0.719361,0.545686,0.155247,0.48595,0.704421,0.18201,0.691564|0|1762487393
I20251108 00:02:58.891351 139717798590272 data_text_parser.cc:116] beg_pos: 1298,end_pos: 3505
I20251108 00:02:58.891369 139717798590272 data_text_parser.cc:59] line: 955|937|1720@3536221780:0.33572;1185@1435286917:0.664615;1587@251650175:0.125682;1048@3412573216:0.979693;1413@826980148:0.843677;1472@593626515:0.960035;1861@677823208:0.78419;1430@983582818:0.993979;1384@3833737840:0.874101;1829@210987430:0.080176;1635@552421456:0.691459;1785@961580187:0.930334;1712@1237142147:0.443479;1116@4231232200:0.836912;1010@3836557074:0.274784;1371@2083166962:0.215113;1381@3777803744:0.359456;1736@528003570:0.543225;1206@811093356:0.421885;1202@3298453578:0.229543|67@0.532305,0.98353,0.679452,0.964895,0.910679,0.041138,0.76204,0.886044,0.299341,0.173347,0.213614;56@0.520555,0.714604,0.634294,0.569558,0.388751,0.555904,0.815098,0.895667,0.175472,0.813117,0.166579,0.886861;73@0.722004,0.700424;38@0.207958,0.523116,0.759776,0.373793,0.508547,0.627497,0.545555,0.573476,0.384218,0.440242;1@;14@0.333894,0.874885,0.660282,0.038112,0.089315,0.730721,0.527395,0.237741,0.272353;41@;32@0.190042,0.602581,0.520661,0.959261;70@0.511469,0.076761,0.552927,0.78673;43@0.363524,0.216204,0.28349,0.399059,0.145251,0.796994,0.223308,0.160099,0.983305,0.408839,0.104797;65@0.772334,0.233395,0.36413,0.067051;20@0.544517,0.954644,0.353038,0.321057;40@0.467969,0.982905,0.425195;100@0.409042;37@0.444651,0.113735,0.886929,0.86053,0.917181,0.326012,0.559414,0.602985,0.121895,0.109409,0.1381,0.373443,0.425566;27@0.974724,0.941465,0.962312,0.436941,0.185887,0.47916,0.168107;92@0.152934,0.753893,0.234479,0.581573,0.513703;10@0.045948,0.851906,0.683583,0.940973,0.614314,0.037415,0.310314,0.487173,0.087854,0.805949,0.707544,0.643935;75@0.00713,0.210202,0.920324,0.585535,0.49709,0.060992,0.557085,0.806468,0.134664,0.045394;84@0.785204,0.62147,0.402408,0.185755,0.633366,0.688572,0.701456,0.719379,0.335847,0.368063,0.384995;82@0.42681;47@0.884024,0.329566,0.54246,0.086439,0.594318,0.71494,0.856373,0.110608,0.303793,0.655782,0.290459;9@0.152615,0.650435,0.247335,0.486701,0.505034,0.846586,0.712792,0.356489,0.180055,0.693617,0.223167;39@0.698295,0.83285,0.559182,0.860979,0.841405,0.131813,0.825871,0.268178,0.759182;88@0.943749,0.226214,0.491828,0.65557,0.731611,0.090249,0.954084;30@0.759227,0.415641,0.352894,0.584045,0.407544,0.009692,0.752378,0.469033,0.860674,0.41995|0|1762487393
I20251108 00:02:58.891415 139717798590272 data_text_parser.cc:116] beg_pos: 3506,end_pos: 5709
I20251108 00:02:58.891427 139717798590272 data_text_parser.cc:59] line: 956|941|1720@2661645441:0.504806;1185@1714603744:0.85387;1587@920039812:0.257585;1048@555704816:0.041991;1413@3745986131:0.55839;1472@25743164:0.355814;1861@3773658615:0.625702;1430@1243994507:0.394277;1384@2162812933:0.394899;1829@4214507971:0.488992;1635@2043790570:0.997073;1785@3034166418:0.834344;1712@3061110510:0.060038;1116@138858326:0.571113;1010@1357017270:0.229054;1371@277427187:0.229557;1381@2589580883:0.30761;1736@3507301829:0.877299;1206@3757241441:0.26738;1202@3260441886:0.625373|67@0.045505,0.250164,0.106733,0.781397,0.777162,0.095815,0.724938,0.986941,0.648306,0.649228,0.001771;56@0.286609,0.994974,0.13414,0.689998,0.312709,0.365211,0.092435,0.920466,0.472193,0.437289,0.292929,0.067364;73@0.660225,0.26206;38@0.055096,0.475768,0.05428,0.420334,0.065781,0.832167,0.047063,0.708315,0.065095,0.775661;1@;14@0.028311,0.934245,0.233857,0.643145,0.135876,0.479625,0.06446,0.74758,0.172505;41@;32@0.915154,0.082647,0.10346,0.958358;70@0.796941,0.370417,0.91975,0.883917;43@0.268623,0.424804,0.466618,0.187113,0.12235,0.389437,0.632153,0.243009,0.787535,0.731768,0.383193;65@0.590491,0.316975,0.051573,0.68751;20@0.901466,0.57608,0.82928,0.887268;40@0.743968,0.852747,0.360392;100@0.072737;37@0.452859,0.129612,0.6258,0.791386,0.112401,0.590297,0.436393,0.944108,0.130312,0.886644,0.945957,0.153204,0.512958;27@0.848787,0.325182,0.886909,0.209699,0.220947,0.692247,0.961749;92@0.070735,0.41377,0.642187,0.567469,0.952648;10@0.902313,0.601005,0.987031,0.758776,0.254144,0.017997,0.924794,0.874088,0.77311,0.046678,0.793213,0.335176;75@0.841613,0.779351,0.782719,0.031608,0.513612,0.033902,0.48479,0.969355,0.930862,0.546605;84@0.971765,0.861442,0.3587,0.397436,0.729965,0.578708,0.488712,0.717117,0.05234,0.410119,0.217304;82@0.311055;47@0.748629,0.080469,0.071428,0.703131,0.422426,0.467809,0.470339,0.393508,0.076072,0.384611,0.428381;9@0.400305,0.634684,0.11012,0.587261,0.299951,0.512699,0.550343,0.273972,0.646182,0.238482,0.260374;39@0.9325,0.300993,0.797364,0.503032,0.055577,0.471277,0.521366,0.890173,0.425069;88@0.184469,0.51781,0.049887,0.065145,0.624492,0.041537,0.541353;30@0.745388,0.290956,0.773762,0.490301,0.763042,0.514136,0.13376,0.282528,0.490576,0.716608|1|1762487393
I20251108 00:02:58.891479 139717798590272 data_text_parser.cc:116] beg_pos: 5710,end_pos: 7918
I20251108 00:02:58.891493 139717798590272 data_text_parser.cc:59] line: 957|762|1720@1957386785:0.706013;1185@194751316:0.958004;1587@3121517033:0.621586;1048@259268642:0.504653;1413@624584858:0.650755;1472@3283963572:0.125418;1861@2032274972:0.224088;1430@4131523269:0.279016;1384@2696943595:0.344066;1829@2111969221:0.459641;1635@1195802298:0.650454;1785@3773658615:0.523158;1712@135923725:0.834536;1116@3339167656:0.278738;1010@1068174126:0.429928;1371@4002910526:0.331827;1381@840769797:0.157847;1736@222705318:0.490453;1206@3964250465:0.739948;1202@2247235009:0.68841|67@0.20052,0.626867,0.47173,0.550385,0.547094,0.858653,0.800987,0.145308,0.639664,0.481263,0.945715;56@0.400539,0.526085,0.420817,0.60597,0.593572,0.752335,0.792942,0.627117,0.744835,0.441102,0.91034,0.759488;73@0.896429,0.796903;38@0.851071,0.439407,0.392105,0.643375,0.106831,0.253615,0.609607,0.281944,0.605391,0.073134;1@;14@0.570557,0.606925,0.762371,0.614936,0.914879,0.096955,0.433654,0.545383,0.05248;41@;32@0.405396,0.84594,0.565466,0.475029;70@0.733987,0.549079,0.080335,0.983766;43@0.88453,0.71728,0.857798,0.762971,0.939119,0.875219,0.968418,0.887336,0.734288,0.588235,0.718533;65@0.701035,0.390094,0.441326,0.102116;20@0.639354,0.682539,0.061784,0.212566;40@0.315333,0.062343,0.498624;100@0.82678;37@0.522748,0.647351,0.378698,0.598902,0.315749,0.630145,0.524201,0.239448,0.458129,0.492554,0.058875,0.600699,0.939262;27@0.939895,0.463444,0.858377,0.647272,0.413963,0.087251,0.884524;92@0.482075,0.569663,0.386517,0.05329,0.39327;10@0.044611,0.517247,0.947745,0.878462,0.112841,0.229378,0.077563,0.062985,0.589577,0.069068,0.96542,0.659965;75@0.003157,0.422743,0.604143,0.881758,0.822858,0.447976,0.407889,0.271325,0.887606,0.035466;84@0.212101,0.816938,0.088139,0.11504,0.003558,0.21953,0.530453,0.117886,0.163849,0.521242,0.360064;82@0.906621;47@0.932393,0.022434,0.37307,0.558558,0.413622,0.613735,0.070073,0.316068,0.871691,0.299473,0.491365;9@0.788545,0.374336,0.201032,0.266723,0.45785,0.577939,0.829437,0.871841,0.906139,0.145132,0.950136;39@0.065191,0.137595,0.434375,0.28127,0.566294,0.669937,0.217271,0.988776,0.791095;88@0.933014,0.78922,0.911026,0.85188,0.513633,0.517323,0.629254;30@0.180706,0.254924,0.84095,0.032528,0.2793,0.943332,0.035197,0.235974,0.757943,0.151952|0|1762487393
I20251108 00:02:58.891530 139717798590272 data_text_parser.cc:116] beg_pos: 7919,end_pos: 10130
I20251108 00:02:58.891543 139717798590272 data_text_parser.cc:59] line: 958|69|1720@3395367132:0.920702;1185@1199008882:0.861478;1587@104219174:0.233915;1048@1721399037:0.120913;1413@560432328:0.784544;1472@2859534610:0.958853;1861@1688254137:0.794025;1430@1800756410:0.732375;1384@1213860421:0.795794;1829@2487262076:0.044306;1635@1277301742:0.665255;1785@2986900666:0.03144;1712@362053893:0.282211;1116@2452420870:0.334741;1010@1897383087:0.67658;1371@3937398965:0.340997;1381@3532937832:0.760797;1736@2828662277:0.182667;1206@838483902:0.244867;1202@3505794963:0.303814|67@0.646299,0.822735,0.125071,0.617089,0.713049,0.057819,0.916546,0.81439,0.565338,0.247588,0.597355;56@0.669051,0.165693,0.83396,0.863606,0.44633,0.531694,0.503595,0.407594,0.031979,0.53155,0.575018,0.196288;73@0.943363,0.889521;38@0.419812,0.167574,0.558395,0.524111,0.515299,0.397083,0.006604,0.369335,0.497926,0.366067;1@;14@0.270821,0.100839,0.051663,0.586445,0.961519,0.578428,0.070231,0.853552,0.221613;41@;32@0.473726,0.115021,0.384559,0.928192;70@0.889736,0.393037,0.802964,0.294291;43@0.271465,0.844531,0.559657,0.144168,0.650707,0.609179,0.448273,0.067116,0.207494,0.792878,0.831483;65@0.328161,0.623253,0.087769,0.501126;20@0.31909,0.64926,0.765142,0.61367;40@0.796661,0.063157,0.214145;100@0.014254;37@0.747384,0.146933,0.000737,0.414526,0.832676,0.911872,0.60283,0.030889,0.889429,0.815012,0.254932,0.176191,0.084679;27@0.009726,0.109147,0.231244,0.641477,0.412139,0.647251,0.313844;92@0.526124,0.868838,0.01462,0.094482,0.944069;10@0.452602,0.297581,0.167387,0.184648,0.600001,0.902612,0.728776,0.048114,0.628464,0.469785,0.026662,0.731312;75@0.368944,0.150569,0.63532,0.588814,0.093326,0.694369,0.922346,0.68732,0.918809,0.350991;84@0.775167,0.622054,0.706305,0.087376,0.921074,0.465177,0.791783,0.926684,0.57427,0.362251,0.639453;82@0.872977;47@0.085061,0.300217,0.196961,0.359503,0.761925,0.743798,0.492842,0.15884,0.167314,0.272399,0.718939;9@0.789457,0.730148,0.99547,0.218057,0.173799,0.799351,0.898808,0.095851,0.09664,0.014911,0.563133;39@0.463277,0.873011,0.886896,0.081286,0.038995,0.718002,0.237818,0.18188,0.3995;88@0.493198,0.290265,0.869364,0.911768,0.697516,0.861845,0.247008;30@0.32537,0.215429,0.146167,0.474067,0.253192,0.545664,0.872599,0.919196,0.727157,0.101205|0|1762487393
I20251108 00:02:58.891580 139717798590272 data_text_parser.cc:116] beg_pos: 10131,end_pos: 12337
I20251108 00:02:58.891593 139717798590272 data_text_parser.cc:59] line: 959|982|1720@1760372935:0.363233;1185@57554618:0.320341;1587@905681416:0.358582;1048@2638712866:0.266289;1413@1883341548:0.026963;1472@2390321013:0.232306;1861@524248150:0.813547;1430@3784956248:0.242437;1384@3831450650:0.911758;1829@4227827374:0.503822;1635@527343025:0.910307;1785@2561146651:0.238574;1712@165251484:0.148892;1116@2101387271:0.90205;1010@1174339063:0.660581;1371@802613738:0.302956;1381@3653103198:0.235232;1736@444536901:0.922082;1206@4142455973:0.606146;1202@3377867328:0.231068|67@0.60247,0.513839,0.742569,0.614366,0.506685,0.476898,0.817079,0.002804,0.278889,0.62794,0.928293;56@0.08602,0.466882,0.90513,0.260442,0.490435,0.872992,0.216154,0.28334,0.538163,0.642708,0.806502,0.668339;73@0.086824,0.205891;38@0.778845,0.508616,0.316332,0.764613,0.718194,0.856907,0.315653,0.351879,0.511228,0.343724;1@;14@0.679686,0.426656,0.0969,0.581622,0.608664,0.736478,0.987659,0.381316,0.327144;41@;32@0.537218,0.827178,0.238175,0.542429;70@0.354685,0.006781,0.534441,0.981044;43@0.807516,0.382755,0.45376,0.600149,0.878743,0.21791,0.965405,0.803825,0.1772,0.652105,0.288552;65@0.899635,0.311276,0.712242,0.275481;20@0.002316,0.565761,0.602969,0.134593;40@0.681219,0.692529,0.652188;100@0.857026;37@0.840116,0.481281,0.939293,0.261961,0.424513,0.20644,0.296254,0.498072,0.28608,0.815699,0.838275,0.862288,0.989146;27@0.158774,0.004041,0.371814,0.965872,0.328327,0.89879,0.462722;92@0.018051,0.118575,0.936986,0.572178,0.597614;10@0.294537,0.938086,0.177412,0.796405,0.250277,0.629434,0.061751,0.422802,0.609537,0.433299,0.045962,0.087234;75@0.470188,0.299848,0.641621,0.552573,0.066755,0.857326,0.048988,0.749833,0.563905,0.669399;84@0.638188,0.648571,0.069773,0.470671,0.96218,0.142731,0.832949,0.383281,0.838792,0.028416,0.846925;82@0.604812;47@0.195866,0.42995,0.967124,0.463597,0.17347,0.145254,0.293877,0.022308,0.139592,0.377795,0.471909;9@0.542017,0.259813,0.040409,0.050363,0.30984,0.40369,0.80426,0.352233,0.412625,0.962331,0.059649;39@0.682703,0.434519,0.085759,0.293119,0.862252,0.409433,0.706605,0.14893,0.256995;88@0.128411,0.414014,0.299189,0.013068,0.827649,0.345462,0.902463;30@0.986463,0.375416,0.724724,0.037407,0.841934,0.988853,0.09067,0.463864,0.613555,0.456641|1|1762487393
I20251108 00:02:58.891628 139717798590272 data_text_parser.cc:116] beg_pos: 12338,end_pos: 14551
I20251108 00:02:58.891642 139717798590272 data_text_parser.cc:59] line: 960|566|1720@260553121:0.037045;1185@260789066:0.319507;1587@666617181:0.325778;1048@2885741600:0.501498;1413@4160794934:0.539037;1472@100347393:0.593068;1861@1780091353:0.962225;1430@2574648857:0.748704;1384@3428545800:0.801185;1829@2727026996:0.150861;1635@1258478712:0.268468;1785@517228248:0.142111;1712@2712430533:0.470886;1116@3783922871:0.608841;1010@322538332:0.756542;1371@2316700053:0.778294;1381@2069587346:0.44341;1736@1422086813:0.044256;1206@3383253182:0.140847;1202@700530703:0.865517|67@0.072882,0.399719,0.232832,0.590705,0.251418,0.380021,0.424953,0.62478,0.315556,0.558644,0.4551;56@0.072623,0.761506,0.323259,0.632797,0.678573,0.202301,0.586492,0.499323,0.876398,0.865664,0.40341,0.158746;73@0.185855,0.629052;38@0.470782,0.218674,0.234393,0.705964,0.896488,0.008678,0.366017,0.552058,0.732959,0.406587;1@;14@0.622261,0.238554,0.32315,0.528102,0.098854,0.518843,0.247,0.839796,0.162715;41@;32@0.399853,0.737499,0.397683,0.164446;70@0.284412,0.863047,0.837804,0.580901;43@0.703712,0.104207,0.377532,0.384738,0.517101,0.935303,0.369965,0.076596,0.011227,0.292864,0.056177;65@0.180909,0.551529,0.373491,0.638742;20@0.555943,0.490538,0.510757,0.89066;40@0.470004,0.910505,0.549892;100@0.369467;37@0.574187,0.418066,0.996188,0.865975,0.094765,0.212601,0.847503,0.459539,0.17264,0.900003,0.051075,0.469607,0.956726;27@0.854835,0.303668,0.213683,0.109315,0.919838,0.969316,0.736872;92@0.545542,0.65916,0.198182,0.963796,0.551428;10@0.838623,0.980489,0.936521,0.330827,0.903909,0.204229,0.437725,0.858495,0.731541,0.935293,0.36505,0.900578;75@0.661108,0.849151,0.546874,0.33104,0.126012,0.109735,0.674824,0.310952,0.192862,0.529459;84@0.293092,0.673993,0.689824,0.121489,0.518131,0.443551,0.853571,0.815111,0.095766,0.314829,0.292084;82@0.267533;47@0.923264,0.245816,0.229859,0.547331,0.121325,0.965646,0.876661,0.668528,0.151591,0.120356,0.019869;9@0.802619,0.948431,0.275324,0.213588,0.921695,0.756966,0.301301,0.280378,0.986977,0.001912,0.78783;39@0.399027,0.046766,0.551491,0.350001,0.001699,0.43215,0.797133,0.114262,0.067284;88@0.153065,0.382253,0.156288,0.866551,0.85827,0.264323,0.672628;30@0.680294,0.287235,0.152321,0.475811,0.070821,0.950698,0.093831,0.332179,0.962699,0.441023|0|1762487393
I20251108 00:02:58.891683 139717798590272 data_text_parser.cc:116] beg_pos: 14552,end_pos: 16756
I20251108 00:02:58.891695 139717798590272 data_text_parser.cc:59] line: 961|380|1720@2932118365:0.062507;1185@697166963:0.834929;1587@2720895267:0.835627;1048@957757760:0.046403;1413@926215115:0.875738;1472@700530703:0.567291;1861@448649387:0.616921;1430@23926290:0.870819;1384@4218497789:0.862863;1829@1683779324:0.417255;1635@2346392974:0.369948;1785@3075762172:0.671071;1712@1589612355:0.370603;1116@2837516871:0.307322;1010@2003078233:0.14819;1371@3004803810:0.51162;1381@1548927466:0.914116;1736@329388575:0.962314;1206@360790217:0.445278;1202@385691562:0.7959|67@0.260326,0.24516,0.05897,0.016082,0.540967,0.817446,0.708251,0.478857,0.996167,0.577187,0.208728;56@0.79488,0.691665,0.171633,0.246109,0.573822,0.544457,0.011509,0.257111,0.683092,0.084868,0.856824,0.68977;73@0.05301,0.527048;38@0.910281,0.601921,0.526495,0.478897,0.031429,0.69914,0.07253,0.047216,0.902955,0.439466;1@;14@0.165049,0.974113,0.793922,0.502188,0.165347,0.751695,0.78321,0.94079,0.771056;41@;32@0.558043,0.941703,0.769268,0.094878;70@0.713763,0.274469,0.986957,0.449365;43@0.894403,0.602925,0.292526,0.959716,0.437134,0.185965,0.745177,0.967231,0.828955,0.501124,0.825337;65@0.836569,0.909565,0.430481,0.498589;20@0.729489,0.419988,0.126375,0.747994;40@0.78236,0.86663,0.181696;100@0.092613;37@0.626018,0.816681,0.903302,0.98824,0.395206,0.240227,0.033951,0.851276,0.668783,0.843826,0.018075,0.208465,0.853672;27@0.297658,0.249557,0.064497,0.245411,0.798519,0.140116,0.842985;92@0.229455,0.064533,0.15513,0.983407,0.145777;10@0.051608,0.969489,0.487762,0.65651,0.931005,0.401922,0.401408,0.198638,0.658216,0.308178,0.393367,0.92172;75@0.707943,0.741524,0.328226,0.239077,0.119401,0.617471,0.34951,0.639781,0.976407,0.198306;84@0.574956,0.589068,0.721844,0.761825,0.966784,0.937239,0.670043,0.675357,0.991539,0.715908,0.134784;82@0.964859;47@0.850467,0.217504,0.097737,0.746051,0.411186,0.674975,0.770282,0.022428,0.992464,0.781477,0.08877;9@0.65761,0.605516,0.901382,0.169327,0.138669,0.546035,0.891242,0.744747,0.175948,0.106193,0.302208;39@0.329519,0.823021,0.100577,0.025757,0.684318,0.428476,0.682979,0.662249,0.834049;88@0.516317,0.665334,0.048389,0.979154,0.272795,0.199879,0.789739;30@0.03853,0.064773,0.375848,0.225068,0.573933,0.606493,0.721807,0.664084,0.621356,0.050397|1|1762487393
I20251108 00:02:58.891726 139717798590272 data_text_parser.cc:116] beg_pos: 16757,end_pos: 18963
I20251108 00:02:58.891738 139717798590272 data_text_parser.cc:59] line: 962|369|1720@381871221:0.050068;1185@568518617:0.731432;1587@3593700852:0.353927;1048@464534866:0.997576;1413@581550850:0.127695;1472@3426687871:0.977832;1861@3939884200:0.789289;1430@2493133923:0.117275;1384@3728830192:0.326876;1829@1824873661:0.319846;1635@241213376:0.066088;1785@2350204036:0.016372;1712@2738624628:0.356709;1116@3137466113:0.222159;1010@2966320448:0.501313;1371@1951644527:0.805887;1381@1388271675:0.367574;1736@1329812520:0.471547;1206@1095723372:0.375179;1202@1814543034:0.530085|67@0.495109,0.778576,0.504223,0.325628,0.711191,0.25475,0.528625,0.01978,0.563641,0.242779,0.775111;56@0.634385,0.445688,0.089262,0.614374,0.787123,0.636866,0.187355,0.737588,0.792576,0.917593,0.090431,0.691305;73@0.854877,0.944762;38@0.447816,0.18009,0.568818,0.05924,0.612292,0.734279,0.837223,0.015135,0.957828,0.61344;1@;14@0.751785,0.230555,0.84923,0.69894,0.721753,0.350943,0.302693,0.833587,0.711008;41@;32@0.854632,0.32977,0.750636,0.648508;70@0.688079,0.158085,0.032423,0.319639;43@0.147107,0.549492,0.575535,0.578997,0.925516,0.451575,0.461288,0.011043,0.123282,0.257218,0.368673;65@0.069191,0.218718,0.920866,0.411821;20@0.389866,0.053668,0.123057,0.458163;40@0.695381,0.193249,0.146663;100@0.942856;37@0.083993,0.22998,0.147086,0.374576,0.233003,0.595023,0.232636,0.707346,0.732991,0.11491,0.306344,0.482911,0.835697;27@0.418221,0.556272,0.108725,0.004876,0.572387,0.060014,0.130726;92@0.744932,0.520228,0.660826,0.322883,0.131766;10@0.23061,0.327196,0.029022,0.888285,0.860297,0.72228,0.27606,0.795129,0.902131,0.148295,0.585213,0.520516;75@0.440222,0.263457,0.127363,0.595693,0.828826,0.1265,0.186915,0.305088,0.973974,0.997601;84@0.967207,0.390184,0.121527,0.18816,0.20237,0.890682,0.228357,0.186112,0.787738,0.912245,0.517372;82@0.607967;47@0.993613,0.850914,0.07326,0.797569,0.635394,0.130198,0.060499,0.165116,0.983422,0.384241,0.089091;9@0.702502,0.30018,0.975187,0.95895,0.754653,0.686253,0.792384,0.384921,0.989792,0.56868,0.952219;39@0.428153,0.039445,0.091264,0.128835,0.627521,0.076786,0.715719,0.414327,0.663566;88@0.90766,0.197702,0.220848,0.279227,0.533445,0.632528,0.393711;30@0.581042,0.180796,0.35477,0.078828,0.74128,0.413333,0.30661,0.07873,0.859667,0.054239|0|1762487393
I20251108 00:02:58.891783 139717798590272 data_text_parser.cc:116] beg_pos: 18964,end_pos: 20480
I20251108 00:02:58.892041 139717798590272 data_text_parser.cc:101] get chunk buffer, size: 20480
I20251108 00:02:58.892057 139717798590272 data_text_parser.cc:116] beg_pos: 0,end_pos: 704
I20251108 00:02:58.892065 139717798590272 data_text_parser.cc:61] buffer line: 963|973|1720@3727606429:0.211991;1185@2326200770:0.562777;1587@3627419827:0.632065;1048@2031445103:0.651832;1413@3585732712:0.258571;1472@2573277831:0.099053;1861@1199008882:0.697042;1430@559854562:0.226781;1384@4064551238:0.472638;1829@2020862487:0.393725;1635@1504713467:0.114781;1785@3762513122:0.122319;1712@1396158365:0.463782;1116@4244336359:0.712081;1010@1845030187:0.319048;1371@3519411699:0.682478;1381@2954004003:0.439705;1736@539662221:0.837372;1206@3027116475:0.433024;1202@2886327952:0.470414|67@0.351524,0.849832,0.959772,0.17503,0.564491,0.190815,0.787407,0.402224,0.529878,0.675055,0.946365;56@0.682394,0.324574,0.531137,0.280866,0.233898,0.812563,0.759248,0.542746,0.220791,0.800416,0.096195,0.211283;73@0.880808,0.386032;38@0.892681,0.765756,0.369401,0.217959,0.890427,0.2089,0.777698,0.71153,0.805398,0.684983;1@;14@0.048493,0.669368,0.469038,0.273027,0.642565,0.210587,0.276813,0.980379,0.925715;41@;32@0.366101,0.957856,0.648336,0.485022;70@0.768918,0.743943,0.927221,0.476299;43@0.519804,0.755742,0.229293,0.779183,0.809633,0.034248,0.384997,0.07121,0.564053,0.980785,0.607523;65@0.213503,0.424034,0.630179,0.446157;20@0.7842,0.067137,0.793406,0.593789;40@0.434322,0.431968,0.445603;100@0.899876;37@0.880372,0.04416,0.598553,0.859621,0.583876,0.570721,0.113386,0.181972,0.559763,0.928555,0.686083,0.898004,0.775368;27@0.886514,0.449711,0.266922,0.081291,0.518241,0.826673,0.762539;92@0.562756,0.973264,0.847026,0.913024,0.810417;10@0.895807,0.941991,0.844114,0.11579,0.845669,0.971758,0.540484,0.797942,0.875867,0.778452,0.411519,0.212392;75@0.799333,0.727161,0.40729,0.828335,0.802434,0.437884,0.533718,0.791958,0.630115,0.895695;84@0.732721,0.466502,0.399988,0.299071,0.691354,0.687337,0.524524,0.490867,0.578265,0.841181,0.415587;82@0.3921;47@0.549539,0.130088,0.515139,0.448619,0.746028,0.539372,0.616958,0.224202,0.806222,0.369061,0.481492;9@0.635589,0.481911,0.643286,0.999556,0.034119,0.769833,0.132202,0.037129,0.588563,0.732674,0.770448;39@0.756032,0.94145,0.957659,0.257006,0.171843,0.067306,0.974576,0.647325,0.647391;88@0.994469,0.08772,0.05471,0.602749,0.369814,0.452147,0.773326;30@0.421352,0.274511,0.429898,0.991521,0.957781,0.262042,0.713591,0.725778,0.918994,0.252817|0|1762487393
I20251108 00:02:58.892106 139717798590272 data_text_parser.cc:116] beg_pos: 705,end_pos: 2908
I20251108 00:02:58.892119 139717798590272 data_text_parser.cc:59] line: 964|369|1720@1636598381:0.185102;1185@3086043324:0.668566;1587@2533374417:0.179543;1048@1703652069:0.177545;1413@185825666:0.235156;1472@2354923494:0.785162;1861@1802516407:0.354583;1430@2689478983:0.122986;1384@4286415286:0.666859;1829@3104364309:0.17863;1635@641749679:0.5842;1785@1473271997:0.386775;1712@3064556946:0.119064;1116@1486671542:0.930577;1010@1271116111:0.023367;1371@2893608610:0.814257;1381@3686823650:0.764359;1736@3038178265:0.741137;1206@2657168008:0.996956;1202@1248041632:0.242897|67@0.127119,0.371271,0.83396,0.524148,0.895617,0.187729,0.725714,0.507011,0.216841,0.771261,0.381013;56@0.160821,0.238311,0.469659,0.615955,0.440082,0.376631,0.652972,0.387766,0.574409,0.34688,0.049563,0.017881;73@0.901473,0.27981;38@0.37062,0.097584,0.29022,0.545598,0.913583,0.222161,0.273411,0.861543,0.697607,0.855289;1@;14@0.132803,0.86506,0.959159,0.773722,0.260628,0.89252,0.452425,0.224614,0.409761;41@;32@0.6452,0.324064,0.919046,0.956509;70@0.159567,0.696834,0.254349,0.308914;43@0.75734,0.710789,0.448114,0.139847,0.301387,0.182411,0.293411,0.13415,0.305367,0.082844,0.429613;65@0.99677,0.78455,0.96344,0.955205;20@0.720435,0.019917,0.079418,0.732699;40@0.104446,0.293074,0.682259;100@0.242287;37@0.570643,0.857632,0.070567,0.123897,0.038928,0.284848,0.732084,0.369907,0.52615,0.301065,0.418601,0.91143,0.787683;27@0.114904,0.73607,0.298716,0.388665,0.209382,0.267919,0.991712;92@0.232519,0.865115,0.388143,0.104729,0.328537;10@0.622731,0.1441,0.480222,0.676455,0.905151,0.073718,0.857169,0.319039,0.53722,0.802978,0.600836,0.381129;75@0.989844,0.331019,0.994962,0.521714,0.878718,0.10575,0.408925,0.175898,0.829666,0.502098;84@0.3385,0.124993,0.322447,0.377544,0.304775,0.283467,0.960454,0.094809,0.948645,0.94871,0.77507;82@0.779381;47@0.829373,0.820094,0.813175,0.414184,0.257549,0.54244,0.47116,0.493189,0.902699,0.488665,0.928834;9@0.787284,0.238039,0.09771,0.122547,0.497041,0.344271,0.456069,0.274381,0.169263,0.584797,0.921091;39@0.351108,0.696289,0.940092,0.099076,0.353803,0.643661,0.097793,0.654262,0.567677;88@0.334469,0.708675,0.157392,0.502347,0.766046,0.648232,0.459878;30@0.814699,0.898589,0.592709,0.399943,0.719347,0.645616,0.953124,0.289438,0.663927,0.69135|1|1762487393
I20251108 00:02:58.892155 139717798590272 data_text_parser.cc:116] beg_pos: 2909,end_pos: 5114
I20251108 00:02:58.892168 139717798590272 data_text_parser.cc:59] line: 965|77|1720@140460678:0.244497;1185@2495109132:0.973635;1587@530747068:0.104166;1048@455813843:0.757901;1413@4090254189:0.999499;1472@3730194693:0.762641;1861@3545806034:0.767855;1430@1731796881:0.087501;1384@3323083653:0.020041;1829@3920743884:0.525363;1635@34414951:0.046453;1785@825182297:0.567153;1712@3808873118:0.3324;1116@4224456808:0.554675;1010@1550057492:0.906358;1371@1426301965:0.589378;1381@644531993:0.773842;1736@3979985857:0.358564;1206@2564203763:0.078758;1202@959924013:0.769703|67@0.66234,0.378504,0.302,0.763137,0.022061,0.41298,0.105308,0.874216,0.302544,0.303327,0.034512;56@0.656902,0.357855,0.175056,0.411501,0.921312,0.251091,0.36534,0.617867,0.898416,0.151091,0.273146,0.147235;73@0.775439,0.958973;38@0.366808,0.352203,0.128218,0.260266,0.601489,0.795548,0.450866,0.998191,0.635148,0.759748;1@;14@0.642244,0.706314,0.429772,0.346371,0.488242,0.770776,0.418707,0.018617,0.433364;41@;32@0.035963,0.975051,0.600771,0.383005;70@0.86408,0.876887,0.7769,0.937596;43@0.992076,0.696756,0.362771,0.782993,0.953577,0.45091,0.655768,0.187669,0.014007,0.623442,0.798302;65@0.557042,0.872048,0.409603,0.523139;20@0.850075,0.177832,0.809995,0.300943;40@0.449574,0.794512,0.102596;100@0.301364;37@0.649045,0.502006,0.792467,0.490081,0.22966,0.191424,0.057739,0.902164,0.738738,0.59485,0.071616,0.322281,0.68487;27@0.519098,0.963739,0.023602,0.520263,0.765507,0.424873,0.065893;92@0.317052,0.625315,0.828749,0.702377,0.205944;10@0.706404,0.375877,0.768903,0.609779,0.539069,0.759088,0.063551,0.179071,0.493479,0.344471,0.383925,0.480619;75@0.265189,0.95506,0.552053,0.26756,0.466387,0.632191,0.37064,0.658626,0.234313,0.041369;84@0.679997,0.243665,0.052915,0.536321,0.915243,0.173114,0.005555,0.368967,0.137354,0.13516,0.535706;82@0.910861;47@0.245729,0.635206,0.212907,0.621978,0.686938,0.397684,0.689962,0.339802,0.09872,0.219036,0.782403;9@0.652555,0.854189,0.701994,0.068929,0.694052,0.897631,0.420639,0.9115,0.873295,0.680681,0.461092;39@0.158475,0.506477,0.986192,0.293359,0.411762,0.378293,0.498379,0.740776,0.576468;88@0.38916,0.334772,0.722009,0.063233,0.573139,0.753231,0.868989;30@0.719286,0.722522,0.546848,0.024803,0.282869,0.429887,0.299774,0.708563,0.060237,0.641409|0|1762487393
I20251108 00:02:58.892206 139717798590272 data_text_parser.cc:116] beg_pos: 5115,end_pos: 7321
I20251108 00:02:58.892217 139717798590272 data_text_parser.cc:59] line: 966|294|1720@1437104783:0.816686;1185@373015374:0.812256;1587@2716999141:0.366795;1048@1116419039:0.84261;1413@4081601514:0.683716;1472@1049193272:0.546932;1861@1845745250:0.874606;1430@1994787187:0.364219;1384@2365445008:0.623595;1829@2763572433:0.108684;1635@3375789278:0.434182;1785@2202997065:0.904193;1712@4127208955:0.022428;1116@700027204:0.726921;1010@2390621756:0.228083;1371@1213889771:0.933186;1381@2908239012:0.872171;1736@920039812:0.481875;1206@4069865944:0.074409;1202@1307834546:0.706051|67@0.046928,0.066113,0.536058,0.434941,0.879748,0.643213,0.42274,0.4235,0.140826,0.585133,0.958548;56@0.612413,0.035062,0.931327,0.436285,0.187676,0.638231,0.245377,0.945729,0.663609,0.21724,0.913817,0.462122;73@0.540623,0.870537;38@0.904009,0.183759,0.631339,0.652492,0.654897,0.251318,0.079243,0.439828,0.021057,0.998717;1@;14@0.558098,0.362129,0.606919,0.722559,0.855047,0.791822,0.129242,0.405795,0.427469;41@;32@0.045397,0.943641,0.603439,0.815207;70@0.650755,0.737482,0.736576,0.610156;43@0.555162,0.074066,0.511346,0.612384,0.621689,0.05502,0.739955,0.078322,0.5128,0.024423,0.938712;65@0.361414,0.756046,0.538964,0.48288;20@0.951621,0.777467,0.927805,0.603732;40@0.7173,0.929139,0.579809;100@0.946924;37@0.624191,0.305442,0.150806,0.928009,0.164615,0.214508,0.669374,0.774376,0.684128,0.89955,0.145254,0.375935,0.242473;27@0.790469,0.529004,0.282969,0.772963,0.880476,0.276165,0.113833;92@0.137364,0.281565,0.338889,0.570706,0.520855;10@0.069097,0.874642,0.501926,0.24773,0.000242,0.426354,0.97244,0.907829,0.227258,0.875405,0.451369,0.746707;75@0.985511,0.865477,0.567709,0.298886,0.637297,0.943062,0.27543,0.554757,0.00394,0.43301;84@0.749916,0.942438,0.956575,0.783893,0.069067,0.140142,0.291556,0.244555,0.712677,0.727658,0.96678;82@0.707932;47@0.480255,0.605467,0.458765,0.757317,0.817045,0.986871,0.24121,0.726841,0.09778,0.202085,0.25408;9@0.786043,0.364898,0.448428,0.1025,0.595394,0.26184,0.287482,0.03308,0.922859,0.025229,0.850729;39@0.22614,0.752692,0.559471,0.633628,0.983737,0.771027,0.081423,0.021418,0.174188;88@0.606004,0.522025,0.456492,0.497642,0.03027,0.800658,0.650895;30@0.975497,0.876699,0.844319,0.219917,0.006634,0.800759,0.94121,0.379729,0.486252,0.292574|1|1762487393
I20251108 00:02:58.892252 139717798590272 data_text_parser.cc:116] beg_pos: 7322,end_pos: 9534
I20251108 00:02:58.892265 139717798590272 data_text_parser.cc:59] line: 967|667|1720@1418085599:0.43657;1185@2807419796:0.652595;1587@4180922086:0.419542;1048@2257350856:0.80382;1413@3513113930:0.421001;1472@2269960623:0.232985;1861@3553080362:0.165308;1430@2388919097:0.385649;1384@2565649395:0.65858;1829@3927779408:0.516781;1635@1460809917:0.349705;1785@3118692971:0.302697;1712@506319359:0.574825;1116@3953041521:0.400669;1010@179695458:0.112628;1371@4077830005:0.712531;1381@3926344096:0.711684;1736@2277247460:0.742643;1206@4105343340:0.696945;1202@2574857927:0.455326|67@0.235923,0.144086,0.275653,0.842685,0.820103,0.946423,0.220728,0.534824,0.684867,0.100722,0.064783;56@0.225871,0.734556,0.971716,0.030335,0.483845,0.692507,0.47504,0.181088,0.874078,0.537901,0.723727,0.246654;73@0.887962,0.635866;38@0.209133,0.708633,0.675788,0.671719,0.605773,0.871132,0.82249,0.028952,0.811185,0.891818;1@;14@0.373126,0.919404,0.078452,0.179885,0.060647,0.986724,0.494463,0.745145,0.819731;41@;32@0.375526,0.759681,0.488067,0.910308;70@0.477671,0.469588,0.177533,0.979467;43@0.797069,0.09686,0.030526,0.161796,0.269673,0.116922,0.266375,0.649822,0.653197,0.516109,0.158055;65@0.296385,0.108244,0.09758,0.849789;20@0.92735,0.012993,0.414943,0.938257;40@0.66343,0.122515,0.663712;100@0.394773;37@0.950468,0.68331,0.239924,0.413306,0.694969,0.56725,0.753012,0.640579,0.181389,0.804201,0.856889,0.815032,0.427161;27@0.383036,0.594113,0.664854,0.210434,0.861649,0.88104,0.7646;92@0.015726,0.559006,0.542014,0.632168,0.816399;10@0.951195,0.953078,0.373367,0.083121,0.174404,0.769342,0.92479,0.168454,0.88926,0.914255,0.432502,0.49622;75@0.376826,0.358128,0.048849,0.219285,0.288997,0.309767,0.767079,0.806909,0.919047,0.434013;84@0.120753,0.991457,0.091451,0.326256,0.066658,0.624954,0.747811,0.80858,0.438326,0.043033,0.435626;82@0.653931;47@0.838482,0.173542,0.803549,0.2971,0.714812,0.518859,0.90368,0.467044,0.425154,0.814433,0.836364;9@0.408639,0.301754,0.624967,0.408659,0.547016,0.66161,0.250774,0.209854,0.948524,0.492339,0.734013;39@0.735393,0.777302,0.014178,0.997221,0.233623,0.755273,0.329915,0.972984,0.231246;88@0.629941,0.204302,0.098258,0.748763,0.533039,0.955075,0.630683;30@0.833346,0.277711,0.394802,0.721468,0.73726,0.477184,0.307601,0.260125,0.532753,0.959518|0|1762487393
I20251108 00:02:58.892306 139717798590272 data_text_parser.cc:116] beg_pos: 9535,end_pos: 11743
I20251108 00:02:58.892318 139717798590272 data_text_parser.cc:59] line: 968|776|1720@1240806862:0.220832;1185@606102906:0.254216;1587@183994011:0.777938;1048@1858415375:0.447054;1413@373545807:0.558244;1472@2232020502:0.834959;1861@1604628428:0.994218;1430@1839849930:0.079712;1384@3822461669:0.489666;1829@996951034:0.014395;1635@574654644:0.966105;1785@1064451435:0.279307;1712@1619415183:0.245011;1116@595796913:0.836803;1010@3527167932:0.619286;1371@4271309955:0.974905;1381@3021254777:0.118432;1736@3450118312:0.759491;1206@2726776578:0.692217;1202@2678393923:0.398355|67@0.285132,0.315139,0.026527,0.004273,0.437984,0.860338,0.905261,0.795621,0.896174,0.320038,0.028442;56@0.860901,0.255696,0.268262,0.375921,0.065274,0.856666,0.309263,0.040868,0.771838,0.10602,0.929432,0.398455;73@0.878189,0.276413;38@0.805742,0.139955,0.853774,0.135723,0.3239,0.100462,0.566744,0.035762,0.897855,0.814485;1@;14@0.900401,0.019766,0.581397,0.924402,0.51107,0.327319,0.42198,0.428134,0.32501;41@;32@0.208345,0.58254,0.581318,0.554375;70@0.566143,0.293747,0.275341,0.791635;43@0.043873,0.088136,0.353525,0.231369,0.089463,0.25074,0.073498,0.359334,0.567235,0.467904,0.621344;65@0.32319,0.618256,0.096485,0.269374;20@0.01577,0.725696,0.219047,0.442128;40@0.428668,0.874809,0.912672;100@0.812957;37@0.312499,0.11017,0.330746,0.093052,0.388585,0.765556,0.688799,0.190712,0.616184,0.424748,0.817645,0.2407,0.930555;27@0.855254,0.828525,0.647725,0.941701,0.759626,0.040452,0.321653;92@0.512069,0.794295,0.433113,0.095507,0.746909;10@0.32892,0.205791,0.061843,0.725909,0.203006,0.888941,0.10029,0.376576,0.031069,0.045889,0.727434,0.927982;75@0.951518,0.734615,0.045846,0.915519,0.367676,0.671764,0.968251,0.761669,0.921276,0.860554;84@0.315907,0.899985,0.756622,0.125005,0.481264,0.546778,0.775642,0.580265,0.605066,0.415862,0.923689;82@0.11769;47@0.297418,0.749855,0.673761,0.775513,0.414104,0.14648,0.350164,0.529559,0.960006,0.270983,0.815263;9@0.591877,0.969586,0.227643,0.773589,0.25475,0.739287,0.540509,0.436469,0.65362,0.94576,0.043444;39@0.944951,0.737885,0.508457,0.986449,0.444486,0.451835,0.821207,0.182235,0.293202;88@0.776666,0.579115,0.847585,0.622158,0.620152,0.4464,0.47884;30@0.303765,0.701968,0.772095,0.097118,0.131924,0.138268,0.969847,0.943509,0.258025,0.431835|1|1762487393
I20251108 00:02:58.892356 139717798590272 data_text_parser.cc:116] beg_pos: 11744,end_pos: 13950
I20251108 00:02:58.892368 139717798590272 data_text_parser.cc:59] line: 969|387|1720@2361308083:0.169913;1185@341541287:0.348674;1587@3279304361:0.551484;1048@3575621457:0.104619;1413@2190975809:0.817081;1472@540916661:0.907744;1861@3924280816:0.36604;1430@3800352156:0.778446;1384@2682369685:0.115713;1829@626337286:0.380149;1635@1245859142:0.109432;1785@4156330028:0.907874;1712@3942713588:0.722346;1116@2356571140:0.635276;1010@3929427996:0.312063;1371@784187:0.956509;1381@1479506252:0.426004;1736@912544562:0.66485;1206@115900645:0.512232;1202@3242286324:0.339351|67@0.099879,0.177611,0.424091,0.607168,0.234381,0.950122,0.982246,0.853842,0.939448,0.270159,0.22774;56@0.275582,0.459669,0.543478,0.149824,0.714478,0.406656,0.913729,0.217841,0.498546,0.558427,0.030394,0.134115;73@0.341599,0.983122;38@0.830725,0.851601,0.538368,0.000242,0.941835,0.166578,0.176154,0.421321,0.213232,0.931574;1@;14@0.85421,0.820922,0.234676,0.666486,0.540807,0.078679,0.885948,0.468993,0.242701;41@;32@0.42717,0.263484,0.499154,0.484991;70@0.316539,0.728692,0.682434,0.458591;43@0.788582,0.231617,0.277796,0.309139,0.607638,0.872892,0.079283,0.067752,0.899908,0.098212,0.162573;65@0.683351,0.617734,0.968618,0.682664;20@0.649608,0.113338,0.818101,0.851346;40@0.047308,0.830608,0.514829;100@0.193706;37@0.694682,0.339149,0.608657,0.983884,0.925009,0.360642,0.651772,0.419441,0.139475,0.236433,0.741656,0.813749,0.61375;27@0.533483,0.188343,0.109,0.127107,0.500468,0.55682,0.2887;92@0.690997,0.718637,0.122949,0.884616,0.618532;10@0.793649,0.680527,0.858873,0.071649,0.758035,0.948485,0.154906,0.432613,0.967909,0.00557,0.800639,0.272428;75@0.69166,0.075877,0.630483,0.757961,0.037223,0.13661,0.036872,0.008654,0.206422,0.000882;84@0.317709,0.139068,0.741184,0.010867,0.882638,0.527288,0.563732,0.111473,0.958888,0.20091,0.354644;82@0.653865;47@0.16272,0.146824,0.771382,0.010273,0.206955,0.940062,0.520792,0.816273,0.858307,0.441441,0.592154;9@0.913562,0.302865,0.789593,0.161481,0.010188,0.820861,0.595469,0.811915,0.541119,0.093382,0.371795;39@0.99578,0.475818,0.9508,0.715061,0.456816,0.141207,0.081864,0.363506,0.127572;88@0.796001,0.011117,0.742339,0.572908,0.896786,0.884465,0.865115;30@0.242379,0.639398,0.291073,0.739856,0.98917,0.480473,0.239014,0.601843,0.765808,0.98285|0|1762487393
I20251108 00:02:58.892405 139717798590272 data_text_parser.cc:116] beg_pos: 13951,end_pos: 16163
I20251108 00:02:58.892418 139717798590272 data_text_parser.cc:59] line: 970|589|1720@1528831599:0.452306;1185@1765308373:0.083077;1587@1101719896:0.565815;1048@2414479467:0.762639;1413@3202175139:0.190761;1472@2074214346:0.471006;1861@816816699:0.759244;1430@30656000:0.610217;1384@2951518731:0.156053;1829@2090760939:0.347725;1635@1120904971:0.532906;1785@34414951:0.893762;1712@4088283260:0.366338;1116@1199008882:0.550839;1010@3932171007:0.792912;1371@613419922:0.957136;1381@3686823650:0.147194;1736@1406132489:0.820996;1206@1772780419:0.434214;1202@4082789905:0.682815|67@0.7775,0.187826,0.075534,0.007182,0.977518,0.834973,0.594983,0.186929,0.083877,0.227115,0.343663;56@0.719283,0.912205,0.472861,0.450022,0.880602,0.630184,0.38972,0.102675,0.598296,0.197874,0.205515,0.244219;73@0.357311,0.990283;38@0.692172,0.49093,0.901741,0.398854,0.159419,0.486737,0.67503,0.410286,0.010892,0.345969;1@;14@0.685916,0.567744,0.44747,0.688014,0.281888,0.429177,0.909995,0.731001,0.946281;41@;32@0.538912,0.51329,0.033337,0.70682;70@0.04922,0.20182,0.112189,0.469002;43@0.259973,0.274628,0.610714,0.794518,0.487998,0.420097,0.001458,0.555016,0.310359,0.155004,0.165369;65@0.934549,0.598311,0.703331,0.358766;20@0.658422,0.24747,0.38949,0.458774;40@0.334608,0.15327,0.137131;100@0.90208;37@0.731889,0.479467,0.522452,0.194164,0.417341,0.428984,0.662391,0.776804,0.756657,0.073536,0.076983,0.565803,0.512939;27@0.476639,0.589221,0.568792,0.905697,0.692018,0.052676,0.57017;92@0.647525,0.153422,0.9145,0.964142,0.02936;10@0.833072,0.806609,0.114564,0.297522,0.519231,0.567391,0.913945,0.688098,0.551364,0.425832,0.196867,0.509073;75@0.232072,0.936005,0.230582,0.653461,0.029053,0.047899,0.393197,0.106208,0.705652,0.217407;84@0.812314,0.958877,0.621004,0.425132,0.281952,0.021717,0.033109,0.676209,0.255698,0.026008,0.437427;82@0.374719;47@0.533788,0.344943,0.287151,0.753161,0.437548,0.293652,0.692957,0.068839,0.606018,0.674191,0.339498;9@0.467553,0.894425,0.999534,0.993631,0.215517,0.714538,0.757012,0.609945,0.597405,0.364166,0.193763;39@0.787572,0.161235,0.132242,0.594254,0.832838,0.629771,0.501098,0.693605,0.38841;88@0.195393,0.553888,0.480506,0.730068,0.731827,0.318276,0.591742;30@0.830768,0.407465,0.307865,0.935777,0.715841,0.807525,0.610933,0.357978,0.146563,0.159174|1|1762487393
I20251108 00:02:58.892456 139717798590272 data_text_parser.cc:116] beg_pos: 16164,end_pos: 18372
I20251108 00:02:58.892468 139717798590272 data_text_parser.cc:59] line: 971|115|1720@394776598:0.275342;1185@1807717891:0.048576;1587@3894885994:0.756121;1048@119318979:0.084497;1413@355862957:0.888675;1472@1415540885:0.612844;1861@260759728:0.894994;1430@2214585178:0.918975;1384@2733206752:0.767784;1829@1241498683:0.121539;1635@3193878650:0.460019;1785@969408413:0.8809;1712@2116329884:0.12025;1116@1648986113:0.8993;1010@3322026665:0.09261;1371@643838911:0.645936;1381@3375728737:0.269532;1736@1176075115:0.937997;1206@471773130:0.697134;1202@3884554469:0.17758|67@0.888071,0.431955,0.916268,0.311075,0.559784,0.565656,0.782351,0.968413,0.636758,0.969166,0.059431;56@0.867255,0.894527,0.721312,0.875292,0.020986,0.160128,0.809242,0.515335,0.945152,0.310988,0.071169,0.554593;73@0.386364,0.206402;38@0.812867,0.828728,0.568132,0.49915,0.068429,0.969674,0.558536,0.949724,0.616603,0.357216;1@;14@0.008137,0.886945,0.982397,0.068999,0.825099,0.391061,0.324373,0.513746,0.143415;41@;32@0.622378,0.016824,0.764533,0.16065;70@0.267893,0.962368,0.221844,0.088702;43@0.752847,0.062708,0.128509,0.546196,0.292961,0.802009,0.036956,0.730051,0.648525,0.89102,0.21719;65@0.195051,0.608614,0.089776,0.793681;20@0.997282,0.468684,0.642719,0.389982;40@0.235987,0.974597,0.036989;100@0.68557;37@0.680755,0.991118,0.543395,0.78437,0.307256,0.794019,0.877555,0.786061,0.779481,0.723284,0.786338,0.244426,0.973123;27@0.759524,0.987517,0.938667,0.023331,0.89613,0.032059,0.013049;92@0.620494,0.064715,0.08128,0.181889,0.095315;10@0.470863,0.057266,0.788517,0.219799,0.277047,0.083093,0.260729,0.666522,0.103669,0.902565,0.802702,0.233741;75@0.938264,0.675812,0.120415,0.540339,0.588934,0.577318,0.684779,0.418149,0.535138,0.200058;84@0.556729,0.557554,0.871284,0.926527,0.847249,0.544909,0.295371,0.380631,0.306588,0.639129,0.589834;82@0.418463;47@0.370723,0.580091,0.918076,0.637935,0.866591,0.108284,0.682263,0.688113,0.210136,0.07052,0.688148;9@0.707588,0.446326,0.935481,0.120998,0.17752,0.470875,0.266686,0.470123,0.91186,0.5713,0.306088;39@0.948512,0.311256,0.564367,0.417867,0.437517,0.354273,0.921331,0.690279,0.195239;88@0.666247,0.223426,0.943449,0.324676,0.35369,0.812538,0.284871;30@0.990558,0.450733,0.16386,0.261886,0.082707,0.507935,0.502399,0.832172,0.657425,0.167173|0|1762487393
I20251108 00:02:58.892516 139717798590272 data_text_parser.cc:116] beg_pos: 18373,end_pos: 20480
I20251108 00:02:58.892767 139717798590272 data_text_parser.cc:101] get chunk buffer, size: 20480
I20251108 00:02:58.892780 139717798590272 data_text_parser.cc:116] beg_pos: 0,end_pos: 100
I20251108 00:02:58.892788 139717798590272 data_text_parser.cc:61] buffer line: 972|710|1720@852976159:0.382169;1185@4012208238:0.303303;1587@2605117035:0.710293;1048@736812003:0.346187;1413@2072858431:0.741885;1472@2414479467:0.106541;1861@3218196422:0.775921;1430@2814919539:0.35814;1384@3872458891:0.885954;1829@3610811262:0.482763;1635@3470317300:0.916592;1785@621758680:0.98342;1712@2622476862:0.166112;1116@2712681248:0.324475;1010@1488482039:0.74928;1371@3873915534:0.782397;1381@978155309:0.990318;1736@2584148222:0.514458;1206@762203580:0.916238;1202@656584062:0.31104|67@0.017462,0.890281,0.976686,0.579596,0.543652,0.117541,0.188671,0.79219,0.151684,0.981527,0.728004;56@0.835177,0.221513,0.403309,0.169392,0.120674,0.328961,0.527674,0.413061,0.097376,0.290472,0.764977,0.556038;73@0.016317,0.422941;38@0.929954,0.745562,0.404439,0.0216,0.750801,0.803423,0.481975,0.822247,0.140513,0.468527;1@;14@0.557428,0.472847,0.18359,0.57122,0.282293,0.078202,0.198639,0.376539,0.08074;41@;32@0.230147,0.323083,0.905864,0.005039;70@0.926112,0.801693,0.813155,0.631857;43@0.577148,0.799149,0.900522,0.878923,0.093065,0.827749,0.60549,0.312804,0.81499,0.070843,0.736054;65@0.774829,0.51108,0.425525,0.85188;20@0.568458,0.738201,0.290544,0.540452;40@0.214931,0.451749,0.22633;100@0.720699;37@0.999081,0.229405,0.940317,0.692134,0.564915,0.58934,0.450754,0.631475,0.856332,0.485417,0.967831,0.267008,0.183045;27@0.909207,0.032559,0.894978,0.328412,0.691651,0.43948,0.378917;92@0.047691,0.151082,0.543101,0.126257,0.386688;10@0.981681,0.252147,0.6279,0.804174,0.165357,0.146204,0.638735,0.068341,0.334818,0.896962,0.407179,0.832094;75@0.739592,0.642942,0.626278,0.418233,0.055557,0.316093,0.152378,0.484371,0.821192,0.083556;84@0.964253,0.019781,0.109715,0.432729,0.699459,0.555864,0.160139,0.183681,0.165766,0.360641,0.519386;82@0.858039;47@0.129387,0.318831,0.399075,0.613445,0.331174,0.718386,0.049607,0.130123,0.507572,0.118872,0.298547;9@0.892939,0.149924,0.633063,0.097433,0.848996,0.678685,0.327324,0.658443,0.509656,0.095304,0.860085;39@0.150534,0.007451,0.631428,0.800852,0.697087,0.190179,0.976819,0.49441,0.207123;88@0.023682,0.89673,0.134096,0.755607,0.40793,0.014807,0.10547;30@0.589048,0.418463,0.859586,0.384859,0.389907,0.83504,0.091723,0.926655,0.358251,0.949479|1|1762487393
I20251108 00:02:58.892834 139717798590272 data_text_parser.cc:116] beg_pos: 101,end_pos: 2302
I20251108 00:02:58.892846 139717798590272 data_text_parser.cc:59] line: 973|127|1720@3403233365:0.351867;1185@2764785871:0.795863;1587@3635046763:0.196522;1048@1421829981:0.23205;1413@1176807072:0.948743;1472@244283994:0.988692;1861@3266891516:0.65634;1430@3923244995:0.921731;1384@161848203:0.029332;1829@2336501475:0.17936;1635@3190777116:0.372838;1785@3303890554:0.276167;1712@871158023:0.503225;1116@807924856:0.47177;1010@1075898091:0.71486;1371@3573165247:0.714632;1381@4074806939:0.625076;1736@3161342729:0.141669;1206@3686247165:0.445064;1202@4063523750:0.186623|67@0.672344,0.431687,0.13335,0.857694,0.748611,0.161448,0.093962,0.872498,0.773373,0.693836,0.1733;56@0.381169,0.369214,0.43027,0.120869,0.039077,0.040274,0.312764,0.956911,0.818648,0.772723,0.047321,0.791778;73@0.944559,0.16271;38@0.262649,0.369137,0.975923,0.996539,0.971699,0.727438,0.30141,0.595154,0.852494,0.263303;1@;14@0.278237,0.287053,0.738003,0.950278,0.729316,0.047673,0.705852,0.340676,0.92945;41@;32@0.965301,0.937149,0.982106,0.714561;70@0.746582,0.501931,0.45673,0.659127;43@0.499117,0.317614,0.03217,0.267249,0.570231,0.911406,0.45448,0.690698,0.048038,0.533394,0.372262;65@0.810748,0.318505,0.657641,0.156861;20@0.38873,0.725765,0.409247,0.591423;40@0.742729,0.364174,0.179533;100@0.025242;37@0.085472,0.230206,0.223218,0.297052,0.779719,0.702043,0.612336,0.078113,0.303836,0.269303,0.600669,0.634474,0.262387;27@0.443904,0.060862,0.71194,0.175243,0.789924,0.27322,0.936506;92@0.730626,0.031636,0.0119,0.978228,0.123515;10@0.562815,0.00214,0.099258,0.95878,0.623212,0.247484,0.95049,0.356412,0.489389,0.656008,0.380061,0.031243;75@0.662139,0.655438,0.546088,0.508006,0.530605,0.539838,0.986443,0.064108,0.881267,0.679884;84@0.743213,0.298289,0.303708,0.904685,0.614286,0.40107,0.366272,0.408491,0.622,0.964479,0.922216;82@0.171099;47@0.686863,0.094314,0.599715,0.549331,0.622493,0.058642,0.593362,0.828142,0.491553,0.748484,0.137121;9@0.375652,0.872359,0.556171,0.535563,0.808671,0.943266,0.920785,0.323674,0.682294,0.542837,0.897199;39@0.198958,0.099202,0.868409,0.82503,0.710059,0.54935,0.998956,0.481694,0.959624;88@0.183323,0.805016,0.42798,0.370275,0.96312,0.153167,0.931901;30@0.738848,0.809417,0.81208,0.021337,0.837511,0.123666,0.695414,0.710304,0.516252,0.787961|0|1762487393
I20251108 00:02:58.892878 139717798590272 data_text_parser.cc:116] beg_pos: 2303,end_pos: 4510
I20251108 00:02:58.892896 139717798590272 data_text_parser.cc:59] line: 974|12|1720@3798713879:0.464296;1185@905378456:0.214967;1587@76353554:0.165068;1048@1198939211:0.407465;1413@1317475107:0.942702;1472@1842536504:0.02167;1861@2667780048:0.093144;1430@1942123044:0.949323;1384@2849232091:0.535241;1829@4064338616:0.170864;1635@1162863239:0.928748;1785@271646842:0.046144;1712@1033538374:0.130152;1116@2819200720:0.724916;1010@2005551100:0.072913;1371@725544060:0.566304;1381@2527994944:0.382036;1736@2822784586:0.31325;1206@1973873810:0.189636;1202@3671269315:0.195296|67@0.297967,0.531024,0.841895,0.627339,0.223673,0.695581,0.327088,0.154039,0.523827,0.211625,0.375569;56@0.876683,0.634576,0.424252,0.115188,0.05917,0.0186,0.59294,0.670899,0.436002,0.17829,0.317456,0.524126;73@0.078974,0.724112;38@0.098838,0.561338,0.69489,0.730322,0.561058,0.248866,0.392797,0.060857,0.998177,0.077633;1@;14@0.675141,0.933604,0.036192,0.531632,0.971301,0.567442,0.34482,0.578954,0.576943;41@;32@0.153211,0.80462,0.479781,0.867834;70@0.80215,0.887461,0.076533,0.181795;43@0.090802,0.097499,0.479009,0.612911,0.642175,0.835444,0.122547,0.82052,0.851686,0.359638,0.129189;65@0.551304,0.475261,0.874295,0.593038;20@0.776221,0.489732,0.009597,0.160909;40@0.601158,0.578529,0.832437;100@0.249586;37@0.183549,0.57499,0.999758,0.356982,0.944544,0.812319,0.41081,0.45184,0.924397,0.731631,0.047381,0.144775,0.979657;27@0.041605,0.610915,0.355912,0.368099,0.777554,0.114725,0.33541;92@0.646876,0.405172,0.547396,0.605147,0.777426;10@0.12717,0.289147,0.36902,0.473475,0.082968,0.469714,0.847871,0.485939,0.981547,0.238518,0.104904,0.849833;75@0.392587,0.710594,0.307967,0.837997,0.841621,0.307004,0.083763,0.78344,0.918073,0.786919;84@0.510547,0.758796,0.681066,0.683778,0.909457,0.110088,0.42718,0.580839,0.649742,0.453395,0.494899;82@0.945957;47@0.33221,0.808646,0.856024,0.052765,0.827711,0.778432,0.360567,0.069107,0.647925,0.628192,0.566751;9@0.763155,0.263556,0.467465,0.79566,0.877995,0.782874,0.100549,0.060853,0.929341,0.925594,0.794497;39@0.701832,0.318517,0.199965,0.165122,0.362174,0.251071,0.973506,0.244549,0.055454;88@0.489049,0.982274,0.786434,0.455169,0.743585,0.530842,0.993061;30@0.174625,0.700209,0.200627,0.64938,0.49365,0.143833,0.216273,0.494189,0.850755,0.912719|0|1762487394
I20251108 00:02:58.892932 139717798590272 data_text_parser.cc:116] beg_pos: 4511,end_pos: 6721
I20251108 00:02:58.892945 139717798590272 data_text_parser.cc:59] line: 975|593|1720@2039179821:0.032231;1185@3751201250:0.945955;1587@663617563:0.506768;1048@2951518731:0.485482;1413@1402829264:0.195356;1472@3411006928:0.563179;1861@2166937041:0.657424;1430@3200414428:0.066;1384@1100481293:0.101715;1829@1555318465:0.657057;1635@153972685:0.537474;1785@25526359:0.789012;1712@34414951:0.450694;1116@3443703399:0.178067;1010@2493419899:0.815836;1371@173251153:0.390307;1381@2862665670:0.363948;1736@777813184:0.102129;1206@201390799:0.927918;1202@2681129478:0.815545|67@0.026848,0.000745,0.103493,0.653577,0.046945,0.906351,0.425129,0.148748,0.371708,0.590107,0.324741;56@0.385198,0.742594,0.050521,0.189445,0.144682,0.818444,0.900214,0.293356,0.628791,0.621885,0.867207,0.068477;73@0.927446,0.981738;38@0.94987,0.879903,0.613551,0.895662,0.160247,0.713669,0.046022,0.76878,0.916498,0.483357;1@;14@0.755041,0.300617,0.976429,0.367203,0.830335,0.848062,0.422824,0.221864,0.937388;41@;32@0.729612,0.497768,0.748978,0.336424;70@0.464675,0.842144,0.156902,0.23111;43@0.575663,0.071016,0.293099,0.758527,0.465245,0.111511,0.951769,0.697854,0.829265,0.032176,0.683518;65@0.259856,0.995968,0.272008,0.361098;20@0.701938,0.918767,0.87852,0.4017;40@0.936471,0.153858,0.626466;100@0.360668;37@0.446192,0.393998,0.353585,0.006312,0.997134,0.725807,0.434006,0.837568,0.882402,0.682969,0.466053,0.319165,0.568775;27@0.384596,0.200003,0.075637,0.043944,0.062788,0.259288,0.391315;92@0.609601,0.351478,0.175782,0.081518,0.132213;10@0.459421,0.861507,0.757684,0.611504,0.465868,0.698248,0.631818,0.066882,0.232568,0.893676,0.234693,0.694592;75@0.832005,0.146771,0.5779,0.758536,0.669777,0.872515,0.470095,0.590144,0.989905,0.908197;84@0.47528,0.15519,0.951086,0.343442,0.658602,0.408704,0.177031,0.656052,0.349742,0.037956,0.834524;82@0.614453;47@0.150211,0.469665,0.90575,0.827052,0.16139,0.738721,0.465957,0.485684,0.396174,0.486682,0.694566;9@0.419326,0.985965,0.830002,0.749998,0.990307,0.310129,0.730819,0.49104,0.952112,0.468195,0.182876;39@0.117019,0.789206,0.749131,0.479928,0.035228,0.166417,0.643737,0.377349,0.787628;88@0.472841,0.503849,0.009329,0.337074,0.161609,0.365255,0.631365;30@0.537546,0.108953,0.980637,0.18956,0.549771,0.600647,0.24561,0.667666,0.506988,0.232444|1|1762487394
I20251108 00:02:58.892982 139717798590272 data_text_parser.cc:116] beg_pos: 6722,end_pos: 8935
I20251108 00:02:58.892995 139717798590272 data_text_parser.cc:59] line: 976|545|1720@3489707358:0.937188;1185@2763449711:0.574159;1587@3177212145:0.365748;1048@2804551122:0.951893;1413@3442613856:0.095658;1472@1314727009:0.123209;1861@1011642731:0.3472;1430@3112610810:0.551929;1384@399061289:0.658346;1829@2260720912:0.35212;1635@125887005:0.774972;1785@677823208:0.508807;1712@1967037445:0.214127;1116@1096635575:0.871314;1010@803678944:0.204519;1371@1948550055:0.946068;1381@1845030187:0.06977;1736@4127208955:0.460066;1206@3847355552:0.809411;1202@2352165238:0.082017|67@0.8701,0.461285,0.99823,0.35278,0.306454,0.103842,0.070955,0.189035,0.837561,0.673675,0.280429;56@0.672119,0.085943,0.031305,0.722541,0.618203,0.796329,0.825957,0.872052,0.206614,0.721277,0.09658,0.200703;73@0.096571,0.205183;38@0.943505,0.111871,0.402971,0.299221,0.089839,0.691532,0.67117,0.268907,0.12436,0.05281;1@;14@0.114643,0.887687,0.701246,0.856094,0.207356,0.431788,0.710019,0.375499,0.522736;41@;32@0.388827,0.206399,0.510051,0.046845;70@0.913233,0.817666,0.913421,0.971998;43@0.824906,0.841757,0.929327,0.562363,0.621401,0.066836,0.458511,0.558201,0.48104,0.645444,0.386855;65@0.432773,0.897917,0.185536,0.058122;20@0.236531,0.087505,0.96115,0.934756;40@0.007371,0.415176,0.712845;100@0.881181;37@0.897773,0.314257,0.331428,0.988526,0.210319,0.672786,0.86642,0.623447,0.018165,0.086749,0.486009,0.638214,0.933456;27@0.911128,0.285015,0.24419,0.731973,0.057103,0.662816,0.079849;92@0.936621,0.564073,0.154134,0.755444,0.207547;10@0.336346,0.739482,0.287137,0.308026,0.843572,0.19989,0.029367,0.243951,0.769692,0.976129,0.684142,0.972926;75@0.355818,0.603296,0.390504,0.352315,0.118968,0.202925,0.790562,0.745768,0.985509,0.113255;84@0.363217,0.792737,0.222067,0.200769,0.871682,0.981331,0.874733,0.29202,0.898971,0.137259,0.118964;82@0.254539;47@0.142159,0.695611,0.048618,0.373235,0.828609,0.558106,0.341702,0.723914,0.335954,0.698846,0.854909;9@0.115143,0.900613,0.969377,0.308753,0.700229,0.509247,0.830518,0.40837,0.963999,0.677225,0.607004;39@0.777894,0.724001,0.331457,0.988127,0.059956,0.144292,0.161582,0.125545,0.633789;88@0.556671,0.909933,0.590193,0.411011,0.773885,0.293995,0.87989;30@0.195437,0.871173,0.405424,0.946316,0.150886,0.137823,0.954179,0.996641,0.984129,0.293826|0|1762487394
I20251108 00:02:58.893030 139717798590272 data_text_parser.cc:116] beg_pos: 8936,end_pos: 11141
I20251108 00:02:58.893043 139717798590272 data_text_parser.cc:59] line: 977|697|1720@3432810788:0.199649;1185@2059146458:0.547204;1587@3556485341:0.643072;1048@2872666668:0.429765;1413@1853633215:0.68487;1472@2882729754:0.759753;1861@974821340:0.394569;1430@2169970669:0.123785;1384@2510401142:0.437402;1829@2111969221:0.666152;1635@2999563653:0.074707;1785@3624993861:0.387355;1712@2063956429:0.010336;1116@3218130429:0.324211;1010@3535889654:0.355498;1371@1909115534:0.912962;1381@3714441965:0.31352;1736@948730102:0.891896;1206@3057739945:0.032486;1202@3335049241:0.701502|67@0.452028,0.00925,0.61471,0.162192,0.581391,0.163479,0.43965,0.946059,0.070482,0.302506,0.540008;56@0.902009,0.24819,0.222962,0.27192,0.250517,0.5812,0.479843,0.578113,0.356024,0.211702,0.596802,0.343444;73@0.959999,0.289012;38@0.04284,0.976032,0.697194,0.228744,0.169388,0.106756,0.118253,0.987457,0.271237,0.79724;1@;14@0.51069,0.566098,0.021017,0.011528,0.402282,0.039024,0.968735,0.67493,0.857411;41@;32@0.372564,0.042125,0.145026,0.417948;70@0.34545,0.632539,0.757725,0.332238;43@0.082548,0.630747,0.985875,0.932479,0.343281,0.662753,0.066644,0.070679,0.503363,0.467361,0.348219;65@0.982537,0.678825,0.099588,0.508115;20@0.869039,0.440124,0.290896,0.412773;40@0.982041,0.154403,0.47213;100@0.147854;37@0.307345,0.614863,0.121729,0.806171,0.575881,0.830262,0.832939,0.712773,0.220782,0.167492,0.324007,0.950819,0.640071;27@0.906391,0.890509,0.202136,0.947042,0.98004,0.597854,0.112965;92@0.407732,0.751352,0.527093,0.536712,0.592684;10@0.801801,0.204961,0.725657,0.5582,0.823266,0.346682,0.445297,0.383691,0.615737,0.573076,0.020408,0.529797;75@0.649533,0.32939,0.791649,0.224675,0.662361,0.038177,0.297588,0.524331,0.434104,0.422476;84@0.296048,0.320917,0.104211,0.414155,0.473458,0.716674,0.428538,0.614904,0.952062,0.728919,0.435662;82@0.382579;47@0.421708,0.698783,0.840298,0.15286,0.274093,0.915756,0.906417,0.962805,0.341305,0.227689,0.54872;9@0.214231,0.415722,0.021401,0.697008,0.59145,0.458226,0.441394,0.833926,0.806677,0.975633,0.323639;39@0.590555,0.45457,0.663591,0.83806,0.224526,0.062561,0.400156,0.483308,0.912436;88@0.84665,0.321338,0.001333,0.1077,0.761051,0.779939,0.08055;30@0.984155,0.807318,0.849156,0.677254,0.39351,0.081287,0.489853,0.942205,0.787452,0.03731|1|1762487394
I20251108 00:02:58.893080 139717798590272 data_text_parser.cc:116] beg_pos: 11142,end_pos: 13359
I20251108 00:02:58.893093 139717798590272 data_text_parser.cc:59] line: 978|492|1720@3060257633:0.322484;1185@3935746716:0.918745;1587@1621347381:0.326631;1048@1225165347:0.426432;1413@3319913884:0.785759;1472@3919152192:0.338091;1861@1551045109:0.526502;1430@138231296:0.308378;1384@2133373530:0.871546;1829@2822784586:0.185116;1635@3289998358:0.33987;1785@2642466374:0.168441;1712@928173820:0.651415;1116@3598222538:0.13759;1010@2420004239:0.107828;1371@1912913292:0.336619;1381@2388919097:0.585029;1736@4179066649:0.776637;1206@3490678812:0.67045;1202@3939423672:0.960999|67@0.136902,0.14212,0.130137,0.501682,0.075819,0.738898,0.164121,0.678831,0.396592,0.623062,0.663535;56@0.715084,0.682913,0.103557,0.422713,0.486992,0.206696,0.833046,0.199948,0.668414,0.57178,0.781304,0.134751;73@0.734793,0.912827;38@0.490916,0.846085,0.199597,0.252117,0.586364,0.927826,0.761441,0.992229,0.05387,0.913695;1@;14@0.043612,0.024087,0.084053,0.802089,0.68877,0.767084,0.901087,0.53804,0.56376;41@;32@0.494869,0.730739,0.101889,0.335735;70@0.533131,0.189632,0.151106,0.957614;43@0.674962,0.472867,0.171097,0.764083,0.271618,0.162197,0.030724,0.853833,0.407332,0.877069,0.755525;65@0.489936,0.838631,0.015496,0.412003;20@0.886653,0.206622,0.831817,0.085982;40@0.8318,0.489866,0.794708;100@0.591532;37@0.000717,0.747453,0.916983,0.132172,0.997284,0.713058,0.901238,0.001024,0.268948,0.080696,0.742553,0.097802,0.665415;27@0.716041,0.66327,0.875091,0.83952,0.053783,0.660085,0.840208;92@0.676115,0.295858,0.575649,0.433042,0.659485;10@0.381049,0.074414,0.38313,0.937061,0.296588,0.624994,0.327195,0.435552,0.477112,0.781806,0.939196,0.083459;75@0.473143,0.303903,0.983589,0.827847,0.130612,0.004844,0.858385,0.276726,0.712047,0.562165;84@0.342069,0.429887,0.719984,0.206671,0.893184,0.450354,0.98407,0.028922,0.870682,0.296347,0.588361;82@0.823762;47@0.634973,0.350413,0.791338,0.457721,0.708509,0.274943,0.378246,0.719851,0.046248,0.062032,0.659587;9@0.741662,0.103957,0.052044,0.979714,0.076462,0.274309,0.304395,0.071417,0.014117,0.316106,0.746702;39@0.32901,0.847218,0.237546,0.647256,0.706785,0.783087,0.66243,0.379302,0.366688;88@0.723701,0.877943,0.892586,0.53777,0.606897,0.671272,0.394551;30@0.407048,0.560618,0.304531,0.784063,0.067266,0.358808,0.763629,0.695627,0.970989,0.177966|0|1762487394
I20251108 00:02:58.893128 139717798590272 data_text_parser.cc:116] beg_pos: 13360,end_pos: 15567
I20251108 00:02:58.893141 139717798590272 data_text_parser.cc:59] line: 979|985|1720@4242874336:0.977808;1185@3040248829:0.126676;1587@805270804:0.720794;1048@613732446:0.145037;1413@4085408523:0.384252;1472@2361308083:0.073416;1861@1896425404:0.476031;1430@2865869589:0.720525;1384@653816883:0.205468;1829@4115768266:0.525761;1635@2721838119:0.25773;1785@649382350:0.932338;1712@2759671996:0.88521;1116@2131954466:0.052055;1010@1027130474:0.998919;1371@3786461514:0.175889;1381@2289760529:0.571412;1736@1010781373:0.715449;1206@1199351277:0.83253;1202@2923190454:0.775205|67@0.43271,0.103916,0.804277,0.794569,0.458074,0.636185,0.631735,0.081851,0.680456,0.747161,0.321589;56@0.58631,0.215591,0.199138,0.486055,0.463335,0.725613,0.334771,0.22787,0.758719,0.652577,0.864138,0.865253;73@0.85832,0.458259;38@0.913177,0.79691,0.507939,0.647711,0.780474,0.137786,0.682072,0.627864,0.884601,0.620368;1@;14@0.191981,0.747329,0.7354,0.191196,0.857085,0.866575,0.432854,0.213157,0.75179;41@;32@0.532411,0.103386,0.571644,0.777961;70@0.861138,0.949017,0.335354,0.81986;43@0.664823,0.209018,0.125432,0.389724,0.973794,0.0954,0.193351,0.373639,0.860211,0.806462,0.407084;65@0.691747,0.40942,0.482811,0.034801;20@0.302499,0.642852,0.923775,0.013932;40@0.360273,0.237586,0.171267;100@0.22895;37@0.391944,0.988374,0.80482,0.959976,0.371782,0.959735,0.717006,0.580543,0.012952,0.148757,0.420119,0.670888,0.559453;27@0.034256,0.267422,0.665571,0.600173,0.049263,0.295708,0.216663;92@0.49948,0.313251,0.918103,0.798525,0.399194;10@0.973947,0.905259,0.280797,0.268621,0.787272,0.127592,0.299192,0.229315,0.025061,0.357266,0.427525,0.166748;75@0.019669,0.482015,0.691052,0.392191,0.227467,0.738988,0.543882,0.281728,0.016257,0.172491;84@0.571117,0.681385,0.581914,0.953655,0.295249,0.043344,0.722866,0.33442,0.986525,0.87591,0.684189;82@0.330268;47@0.204889,0.772144,0.104376,0.566357,0.075169,0.072286,0.525277,0.96165,0.860656,0.247641,0.789728;9@0.037879,0.833433,0.136634,0.741315,0.639677,0.829121,0.605269,0.677624,0.717158,0.26529,0.38998;39@0.924801,0.509974,0.704465,0.574233,0.829642,0.501931,0.171456,0.073652,0.542793;88@0.11284,0.190756,0.548204,0.433455,0.310981,0.153415,0.617427;30@0.9933,0.097162,0.593098,0.622535,0.170178,0.724266,0.821003,0.754668,0.295148,0.783163|0|1762487394
I20251108 00:02:58.893182 139717798590272 data_text_parser.cc:116] beg_pos: 15568,end_pos: 17782
I20251108 00:02:58.893194 139717798590272 data_text_parser.cc:59] line: 980|896|1720@3001733534:0.740616;1185@1005965200:0.905131;1587@1907792748:0.877645;1048@1398515501:0.665415;1413@2531542397:0.303979;1472@2063649427:0.15048;1861@707596762:0.428911;1430@2779272080:0.55753;1384@3129437086:0.558963;1829@607013985:0.472779;1635@1369515345:0.774495;1785@3429393910:0.482223;1712@2763572433:0.710196;1116@3193441415:0.249398;1010@4167539488:0.239986;1371@2397100602:0.714559;1381@3781513200:0.356262;1736@3949667100:0.175409;1206@1452956309:0.998842;1202@1095561240:0.580936|67@0.381226,0.784883,0.775431,0.887246,0.662883,0.81825,0.615706,0.609075,0.426669,0.460218,0.865763;56@0.602581,0.801245,0.781208,0.667689,0.520964,0.125584,0.079047,0.35996,0.385834,0.816484,0.29264,0.513774;73@0.953104,0.015672;38@0.74851,0.907483,0.604922,0.285429,0.038364,0.349695,0.202216,0.436387,0.156312,0.007032;1@;14@0.684077,0.872031,0.439182,0.756656,0.281696,0.252308,0.26589,0.848813,0.422776;41@;32@0.371904,0.991879,0.88318,0.733982;70@0.530633,0.844176,0.34183,0.930139;43@0.163918,0.075349,0.376012,0.008491,0.430028,0.420943,0.707535,0.839848,0.475842,0.614999,0.328613;65@0.91341,0.429313,0.16108,0.369705;20@0.100686,0.776014,0.024121,0.053345;40@0.478011,0.610669,0.696003;100@0.691826;37@0.28803,0.387542,0.509532,0.799258,0.690589,0.226564,0.915446,0.660807,0.350424,0.399731,0.064456,0.569472,0.120283;27@0.552347,0.284032,0.930739,0.454106,0.544593,0.472277,0.844948;92@0.006655,0.458955,0.982159,0.518878,0.143903;10@0.360552,0.089455,0.846075,0.149485,0.621508,0.358708,0.932168,0.761241,0.055937,0.415448,0.479873,0.915017;75@0.90663,0.410975,0.784221,0.244289,0.676026,0.917311,0.315599,0.841052,0.290095,0.762325;84@0.610544,0.976942,0.046451,0.722863,0.196649,0.445623,0.225048,0.82307,0.733627,0.997796,0.118541;82@0.130345;47@0.651429,0.015775,0.354025,0.975604,0.972784,0.04734,0.094839,0.494109,0.105572,0.783018,0.349221;9@0.576056,0.188687,0.089562,0.35954,0.998756,0.620944,0.462078,0.08496,0.842546,0.901982,0.592348;39@0.664151,0.052058,0.842235,0.354442,0.622648,0.454716,0.303079,0.236658,0.73412;88@0.401139,0.638469,0.30517,0.728583,0.872815,0.421148,0.991794;30@0.96675,0.380351,0.562399,0.25377,0.086907,0.664793,0.619921,0.408178,0.513098,0.552383|1|1762487394
I20251108 00:02:58.893231 139717798590272 data_text_parser.cc:116] beg_pos: 17783,end_pos: 19991
I20251108 00:02:58.893240 139717798590272 data_text_parser.cc:59] line: 981|864|1720@607013985:0.741853;1185@3253841339:0.493539;1587@2001035203:0.163409;1048@330077362:0.086828;1413@3579911706:0.59701;1472@83224881:0.734301;1861@936769573:0.680625;1430@1100515851:0.745097;1384@2951964490:0.871431;1829@4196922506:0.705761;1635@1382264527:0.42595;1785@611232306:0.009295;1712@2207226308:0.792344;1116@1859692494:0.907385;1010@3804452109:0.977173;1371@3124420394:0.065306;1381@2489824579:0.88541;1736@3891831383:0.175958;1206@3769114836:0.668491;1202@2101387271:0.65738|67@0.240905,0.983761,0.060553,0.2057,0.381707,0.055121,0.834499,0.057501,0.838593,0.748007,0.086472;56@0.701837,0.202258,0.339211,0.037693,0.630588,0.25103,0.777652,0.463768,0.962833,0.182399,0.873434,0.210262;73@0.99835,0.105401;38@0.937291,0.035878,0.276921,0.115035,0.266454,0.593769,0.112926,0.856774,0.611504,0.923072;1@;14@0.714771,0.879104,0.838629,0.435383,0.986836,0.777886,0.198409,0.997381,0.227303;41@;32@0.931458,0.439455,0.382765,0.715153;70@0.237464,0.89645,0.355522,0.664438;43@0.818285,0.819309,0.721891,0.907348,0.90652,0.704269,0.799813,0.443008,0.433409,0.668811,0.278225;65@0.892983,0.009733,0.010845,0.184077;20@0.726393,0.472232,0.783965,0.907995;40@0.760327,0.599134,0.11249;100@0.185316;37@0.049263,0.116097,0.548452,0.015392,0.112779,0.275977,0.833047,0.385513,0.439204,0.585609,0.421889,0.067203,0.82622;27@0.852281,0.726971,0.459863,0.230779,0.856874,0.391219,0.217737;92@0.739284,0.678148,0.85383,0.147879,0.386301;10@0.143631,0.980979,0.912822,0.122545,0.433514,0.813211,0.4563,0.978766,0.39769,0.159438,0.827637,0.248529;75@0.467494,0.532258,0.60452,0.963642,0.345719,0.555177,0.852009,0.501531,0.564388,0.483156;84@0.997569,0.142495,0.482876,0.793785,0.052551,0.612469,0.251453,0.931225,0.174837,0.561772,0.47845;82@0.55854;47@0.416726,0.635311,0.313939,0.104976,0.375389,0.181945,0.68221,0.675108,0.127039,0.732234,0.216513;9@0.456477,0.68059,0.144539,0.262347,0.586088,0.040158,0.715921,0.987434,0.022669,0.566729,0.130102;39@0.442056,0.71888,0.283496,0.758289,0.941153,0.541165,0.902213,0.897713,0.155377;88@0.437016,0.452293,0.832594,0.102403,0.231761,0.348323,0.968324;30@0.727532,0.855111,0.612608,0.443328,0.86557,0.757619,0.265715,0.880668,0.725834,0.226759|1|1762487394
I20251108 00:02:58.893263 139717798590272 data_text_parser.cc:116] beg_pos: 19992,end_pos: 20480
I20251108 00:02:58.893520 139717798590272 data_text_parser.cc:101] get chunk buffer, size: 20480
I20251108 00:02:58.893543 139717798590272 data_text_parser.cc:116] beg_pos: 0,end_pos: 1715
I20251108 00:02:58.893550 139717798590272 data_text_parser.cc:61] buffer line: 982|718|1720@1095561240:0.56041;1185@346674777:0.749056;1587@2748811650:0.360407;1048@2381748345:0.18251;1413@1332827490:0.130169;1472@3168699394:0.015061;1861@3943238002:0.767722;1430@3779904096:0.849417;1384@2172116531:0.987235;1829@3185100720:0.287356;1635@754679560:0.520659;1785@1649586141:0.615221;1712@4079949486:0.894471;1116@2319888103:0.99481;1010@2807419796:0.301841;1371@964210868:0.288513;1381@3059510038:0.273707;1736@139543599:0.825706;1206@1450270850:0.66762;1202@2301556045:0.987445|67@0.336727,0.533809,0.908211,0.0078,0.182754,0.009268,0.621065,0.237682,0.167362,0.056303,0.016449;56@0.716162,0.427032,0.280849,0.519829,0.267159,0.183288,0.475883,0.940721,0.978164,0.360211,0.16247,0.401051;73@0.299876,0.89732;38@0.924662,0.700328,0.488561,0.116009,0.418879,0.757241,0.707862,0.291321,0.160163,0.688927;1@;14@0.99931,0.224827,0.941194,0.51914,0.469498,0.37576,0.558814,0.741578,0.639728;41@;32@0.50481,0.27259,0.955074,0.301889;70@0.13665,0.581758,0.037997,0.544425;43@0.63431,0.33929,0.412133,0.961995,0.083088,0.340358,0.850194,0.263774,0.906105,0.772767,0.265292;65@0.432244,0.392576,0.939922,0.74479;20@0.062294,0.565423,0.38125,0.35169;40@0.576294,0.595914,0.253774;100@0.092933;37@0.923261,0.416537,0.055395,0.773489,0.222126,0.950717,0.087726,0.575723,0.612997,0.60224,0.800186,0.624663,0.543626;27@0.397977,0.79185,0.867539,0.812995,0.83746,0.041313,0.194878;92@0.494118,0.219289,0.853364,0.070359,0.321329;10@0.838037,0.474649,0.597833,0.383514,0.167039,0.857648,0.959326,0.434872,0.520975,0.08446,0.778264,0.687255;75@0.868201,0.549842,0.027218,0.865154,0.459367,0.232498,0.025941,0.032535,0.701337,0.116138;84@0.530827,0.011898,0.824792,0.293732,0.883394,0.363773,0.508732,0.893202,0.921889,0.860878,0.856292;82@0.502821;47@0.487611,0.911865,0.492811,0.769336,0.135637,0.492871,0.420881,0.866331,0.267674,0.099782,0.908136;9@0.920352,0.444412,0.669156,0.305536,0.209152,0.084317,0.142683,0.404635,0.02704,0.253067,0.040912;39@0.888438,0.47918,0.282788,0.31915,0.461572,0.83956,0.95216,0.085486,0.682935;88@0.03469,0.340292,0.498539,0.764901,0.551892,0.468211,0.773511;30@0.397397,0.393297,0.56232,0.022686,0.252774,0.001916,0.383712,0.866386,0.661456,0.184342|1|1762487394
I20251108 00:02:58.893590 139717798590272 data_text_parser.cc:116] beg_pos: 1716,end_pos: 3923
I20251108 00:02:58.893602 139717798590272 data_text_parser.cc:59] line: 983|823|1720@2158920389:0.334543;1185@452562901:0.112125;1587@918084095:0.121127;1048@896968605:0.455634;1413@3138280713:0.221863;1472@4007794354:0.152209;1861@4055035950:0.613573;1430@2093174183:0.842684;1384@1574483272:0.160594;1829@278374360:0.185366;1635@3685218401:0.433592;1785@3999533181:0.589109;1712@1175690873:0.505754;1116@1432400862:0.457433;1010@2508326120:0.142574;1371@1251023269:0.457404;1381@424090125:0.749319;1736@1584954522:0.09255;1206@2578951553:0.127915;1202@3749963489:0.672887|67@0.003529,0.732108,0.847278,0.995193,0.250999,0.64604,0.135154,0.037808,0.802782,0.182439,0.081546;56@0.754982,0.520917,0.585693,0.332101,0.515188,0.052991,0.572846,0.271329,0.151732,0.957586,0.178489,0.409385;73@0.486097,0.637586;38@0.376193,0.078271,0.17911,0.668089,0.733158,0.655896,0.135732,0.77858,0.30124,0.944324;1@;14@0.47952,0.263954,0.057728,0.17995,0.640154,0.284211,0.815216,0.490499,0.459575;41@;32@0.555604,0.28274,0.170504,0.342033;70@0.646858,0.580787,0.974386,0.230431;43@0.930845,0.150812,0.637028,0.281941,0.506995,0.550947,0.774769,0.255652,0.196449,0.950136,0.149562;65@0.689366,0.575171,0.100785,0.275384;20@0.359605,0.828295,0.417391,0.460009;40@0.907119,0.038007,0.021127;100@0.16544;37@0.92772,0.163456,0.531785,0.197237,0.053661,0.960562,0.96001,0.52186,0.657841,0.378351,0.73201,0.402975,0.309385;27@0.218275,0.486241,0.741155,0.4829,0.870541,0.003596,0.072938;92@0.848652,0.823584,0.166277,0.288426,0.833306;10@0.896037,0.355713,0.922732,0.213074,0.460927,0.047151,0.774197,0.145724,0.959651,0.051607,0.486452,0.326516;75@0.606128,0.425913,0.680937,0.577132,0.469855,0.690897,0.55821,0.446786,0.025002,0.007945;84@0.014742,0.196767,0.100167,0.971984,0.079552,0.469724,0.661704,0.827084,0.75824,0.069798,0.92499;82@0.957967;47@0.115998,0.617043,0.09725,0.916244,0.005173,0.15544,0.262517,0.943217,0.694091,0.502405,0.046942;9@0.22475,0.935529,0.621106,0.819182,0.074076,0.500149,0.990257,0.645218,0.704931,0.748703,0.888408;39@0.064233,0.185736,0.89955,0.920749,0.409829,0.941493,0.348063,0.001276,0.15219;88@0.431624,0.216242,0.567149,0.992852,0.040769,0.168111,0.547395;30@0.530364,0.730081,0.334065,0.508051,0.463832,0.102244,0.91462,0.61042,0.180372,0.592589|1|1762487394
I20251108 00:02:58.893636 139717798590272 data_text_parser.cc:116] beg_pos: 3924,end_pos: 6129
I20251108 00:02:58.893649 139717798590272 data_text_parser.cc:59] line: 984|689|1720@1473742792:0.267553;1185@147968099:0.559293;1587@1363361646:0.569401;1048@2043953335:0.032206;1413@2248275918:0.127435;1472@2520675545:0.68236;1861@1928413283:0.796491;1430@3393680189:0.219487;1384@1381054923:0.543617;1829@3511630774:0.950978;1635@3561524604:0.246667;1785@884980253:0.236391;1712@1156322652:0.345123;1116@928273721:0.490137;1010@553821920:0.325465;1371@1726139266:0.986592;1381@1056600285:0.358228;1736@3653523038:0.102819;1206@3484555265:0.448995;1202@238989440:0.150016|67@0.265757,0.422644,0.026143,0.978706,0.353429,0.655709,0.45284,0.834218,0.971601,0.527931,0.086398;56@0.756591,0.696814,0.911601,0.053638,0.516378,0.312272,0.827483,0.186965,0.862274,0.388539,0.105209,0.053493;73@0.368003,0.00363;38@0.401619,0.704703,0.132624,0.140964,0.03293,0.593789,0.445647,0.84352,0.176843,0.417564;1@;14@0.004151,0.35104,0.037472,0.524954,0.77166,0.181025,0.172492,0.152607,0.311742;41@;32@0.089134,0.651423,0.062689,0.379496;70@0.299888,0.19926,0.602009,0.351026;43@0.224844,0.12696,0.042901,0.437091,0.899465,0.141361,0.284169,0.04532,0.054182,0.760895,0.378;65@0.420731,0.821691,0.336688,0.77664;20@0.29728,0.998736,0.023171,0.024303;40@0.140712,0.442764,0.99187;100@0.366723;37@0.876122,0.403772,0.00948,0.975924,0.667204,0.943797,0.098654,0.006546,0.028215,0.379285,0.404621,0.108062,0.966861;27@0.782364,0.733037,0.666988,0.37168,0.114432,0.686209,0.849531;92@0.279233,0.989123,0.864104,0.301657,0.66047;10@0.267286,0.668169,0.625966,0.486165,0.027949,0.566377,0.604606,0.100186,0.142189,0.001372,0.634575,0.153762;75@0.891627,0.102869,0.185289,0.669134,0.132754,0.78322,0.599812,0.683751,0.142488,0.497591;84@0.857553,0.47037,0.734358,0.102318,0.61796,0.497024,0.620789,0.746597,0.183927,0.562815,0.844259;82@0.909255;47@0.411867,0.917712,0.759339,0.867404,0.10433,0.735014,0.403239,0.577678,0.973871,0.750831,0.982741;9@0.054795,0.570467,0.949999,0.306216,0.420711,0.214098,0.788857,0.38665,0.994579,0.283218,0.876216;39@0.99872,0.522159,0.393457,0.649466,0.21201,0.375209,0.316346,0.511686,0.401691;88@0.166251,0.670906,0.847531,0.267475,0.301998,0.643695,0.920223;30@0.812115,0.47675,0.717536,0.212629,0.530904,0.436153,0.735805,0.004996,0.980346,0.819148|0|1762487394
I20251108 00:02:58.893690 139717798590272 data_text_parser.cc:116] beg_pos: 6130,end_pos: 8347
I20251108 00:02:58.893709 139717798590272 data_text_parser.cc:59] line: 985|711|1720@2945417047:0.700434;1185@2193399721:0.230513;1587@3985679283:0.555039;1048@2237013582:0.737835;1413@2283737863:0.136872;1472@990375882:0.767325;1861@3727071680:0.665013;1430@284937348:0.146845;1384@1917161777:0.184041;1829@4006319640:0.365782;1635@4095893138:0.593311;1785@1576041270:0.086141;1712@1469314039:0.379354;1116@36744639:0.996633;1010@2260713451:0.124893;1371@2095291241:0.616887;1381@1559483059:0.512302;1736@2774299883:0.991138;1206@4159109498:0.907632;1202@1354944626:0.868842|67@0.970791,0.371717,0.049475,0.274159,0.958273,0.32607,0.039318,0.294914,0.075163,0.697637,0.067508;56@0.791103,0.816806,0.447676,0.75957,0.492953,0.820788,0.561731,0.853155,0.060914,0.668281,0.389035,0.32248;73@0.52835,0.322098;38@0.400098,0.323502,0.341815,0.866088,0.613872,0.940323,0.924099,0.568374,0.388729,0.214198;1@;14@0.89673,0.363649,0.234622,0.764794,0.85166,0.335694,0.402562,0.666808,0.218373;41@;32@0.287193,0.257984,0.262131,0.290512;70@0.357261,0.417224,0.111664,0.461037;43@0.039328,0.533402,0.524986,0.485828,0.446828,0.049564,0.513556,0.643541,0.903708,0.492115,0.588028;65@0.748928,0.798165,0.670839,0.520044;20@0.095637,0.030917,0.849799,0.913562;40@0.261133,0.963197,0.686633;100@0.769704;37@0.138169,0.177409,0.322431,0.332766,0.478158,0.654068,0.276217,0.920855,0.142068,0.219887,0.684271,0.417848,0.314947;27@0.395251,0.017929,0.093322,0.325284,0.262461,0.447504,0.369981;92@0.978123,0.493369,0.945089,0.754894,0.216775;10@0.627778,0.354431,0.42886,0.86812,0.848687,0.340676,0.512993,0.120156,0.681643,0.317006,0.458491,0.409376;75@0.20303,0.701367,0.150025,0.037216,0.510522,0.884898,0.12614,0.137579,0.543758,0.055101;84@0.045081,0.208847,0.978423,0.229681,0.575123,0.07709,0.804993,0.980648,0.632184,0.901297,0.660394;82@0.914678;47@0.716838,0.671312,0.491518,0.751666,0.140354,0.495374,0.315867,0.657566,0.785596,0.212968,0.323141;9@0.999857,0.847597,0.207234,0.525781,0.746062,0.737664,0.204223,0.455574,0.046065,0.88316,0.80124;39@0.258491,0.912338,0.641193,0.816648,0.259437,0.112784,0.447168,0.378529,0.975421;88@0.017522,0.451748,0.232012,0.80919,0.873952,0.652458,0.937456;30@0.79572,0.424479,0.473994,0.629698,0.782978,0.171632,0.341314,0.36896,0.885078,0.001906|1|1762487394
I20251108 00:02:58.893746 139717798590272 data_text_parser.cc:116] beg_pos: 8348,end_pos: 10561
I20251108 00:02:58.893759 139717798590272 data_text_parser.cc:59] line: 986|266|1720@3871412801:0.306884;1185@2416698963:0.333451;1587@2137604117:0.755416;1048@2061516014:0.511735;1413@4115768266:0.282491;1472@3640048488:0.439401;1861@4289978046:0.449783;1430@3767970278:0.564649;1384@2317567759:0.98941;1829@2269441858:0.872805;1635@1677443378:0.211137;1785@1406399804:0.257105;1712@3872430213:0.042853;1116@207921365:0.362594;1010@927822855:0.983461;1371@3920569829:0.303538;1381@787963247:0.060108;1736@3302909151:0.017387;1206@2277051903:0.873392;1202@1806224267:0.390793|67@0.02334,0.228441,0.275051,0.501348,0.04226,0.16009,0.996707,0.873946,0.119091,0.729268,0.164907;56@0.794513,0.509397,0.404509,0.118998,0.047371,0.281757,0.439321,0.794286,0.177827,0.792743,0.891728,0.366985;73@0.068602,0.623901;38@0.497296,0.725345,0.642439,0.461647,0.657803,0.204701,0.618073,0.764358,0.312961,0.590468;1@;14@0.834583,0.08504,0.281733,0.714927,0.724777,0.932545,0.568658,0.616403,0.613537;41@;32@0.756514,0.295113,0.176773,0.408955;70@0.263053,0.087366,0.283519,0.747045;43@0.071409,0.134927,0.987937,0.612151,0.910602,0.08924,0.137851,0.905177,0.943351,0.562156,0.740591;65@0.149176,0.878528,0.807435,0.441142;20@0.92476,0.195889,0.923389,0.890992;40@0.21912,0.185349,0.798363;100@0.657581;37@0.802912,0.423831,0.684181,0.299523,0.886248,0.924151,0.506875,0.210833,0.237898,0.182052,0.978727,0.56463,0.711619;27@0.284031,0.75403,0.588415,0.902731,0.363918,0.92872,0.708372;92@0.534411,0.566218,0.751855,0.838992,0.362455;10@0.715543,0.884465,0.417958,0.973678,0.078418,0.500023,0.01433,0.917543,0.182912,0.433161,0.443872,0.166553;75@0.453027,0.260554,0.695395,0.607732,0.988873,0.67945,0.288259,0.917197,0.736298,0.611397;84@0.652599,0.978476,0.916316,0.266099,0.961236,0.561457,0.547101,0.334308,0.951039,0.993157,0.56084;82@0.654547;47@0.082871,0.640673,0.15453,0.581341,0.867351,0.129081,0.472735,0.348017,0.157899,0.943461,0.17212;9@0.817536,0.491046,0.493603,0.574713,0.309985,0.174361,0.494218,0.598482,0.558555,0.470189,0.439028;39@0.8592,0.903543,0.127207,0.325785,0.335397,0.38787,0.505382,0.736162,0.890996;88@0.780797,0.057752,0.508791,0.516811,0.007513,0.379813,0.411158;30@0.57435,0.468165,0.337859,0.848013,0.16244,0.387408,0.954133,0.190827,0.942845,0.692395|0|1762487394
I20251108 00:02:58.893794 139717798590272 data_text_parser.cc:116] beg_pos: 10562,end_pos: 12779
I20251108 00:02:58.893808 139717798590272 data_text_parser.cc:59] line: 987|3|1720@3235253553:0.441352;1185@3011681659:0.318338;1587@1195518253:0.349438;1048@385691562:0.946992;1413@1370490965:0.682563;1472@287485728:0.392101;1861@4064338616:0.544995;1430@1266140914:0.765415;1384@3039575840:0.954215;1829@4129133486:0.225594;1635@1997920519:0.323402;1785@964278205:0.885473;1712@1057146477:0.417208;1116@1268227382:0.31568;1010@1577729390:0.217281;1371@3181213226:0.190758;1381@3560890740:0.115123;1736@3509659284:0.063046;1206@1734257700:0.292983;1202@1854822940:0.230432|67@0.108864,0.308215,0.786464,0.252635,0.866865,0.870298,0.110415,0.271085,0.54561,0.942145,0.156745;56@0.29819,0.853207,0.459212,0.350403,0.841614,0.784011,0.734541,0.296386,0.978819,0.093278,0.112046,0.868785;73@0.389043,0.290884;38@0.258645,0.436132,0.539707,0.40777,0.407778,0.234267,0.017354,0.394944,0.644486,0.015646;1@;14@0.687523,0.362854,0.749577,0.449156,0.147645,0.020754,0.562559,0.359663,0.449074;41@;32@0.888643,0.176766,0.029454,0.611543;70@0.223421,0.252128,0.158257,0.469295;43@0.93721,0.990768,0.60829,0.745118,0.814194,0.746861,0.024866,0.852972,0.703735,0.111419,0.273741;65@0.250738,0.01113,0.519598,0.450803;20@0.451055,0.912345,0.402282,0.090391;40@0.799607,0.628797,0.793097;100@0.215108;37@0.048945,0.280132,0.463909,0.549778,0.46801,0.36563,0.289653,0.960523,0.819089,0.33768,0.894013,0.961757,0.296734;27@0.716604,0.313762,0.335269,0.048767,0.652177,0.459134,0.028609;92@0.324363,0.887212,0.650084,0.222995,0.636077;10@0.30972,0.027241,0.390268,0.305878,0.950402,0.495622,0.892886,0.586102,0.557903,0.398074,0.469394,0.424801;75@0.996582,0.794389,0.607974,0.340169,0.513636,0.920121,0.699697,0.144771,0.828959,0.763861;84@0.542013,0.733099,0.862366,0.219967,0.913958,0.184885,0.139519,0.563297,0.300981,0.563189,0.444233;82@0.84431;47@0.592055,0.207663,0.326122,0.368701,0.641607,0.909291,0.789394,0.041959,0.338881,0.472932,0.763471;9@0.237331,0.227621,0.859064,0.224191,0.027931,0.624403,0.534888,0.892677,0.258483,0.917828,0.228114;39@0.704469,0.643287,0.516435,0.339399,0.955629,0.497025,0.407105,0.404512,0.703157;88@0.23768,0.577706,0.412967,0.067591,0.792441,0.287631,0.470243;30@0.359514,0.666207,0.443701,0.177126,0.18409,0.13633,0.186783,0.014074,0.655152,0.071045|1|1762487394
I20251108 00:02:58.893845 139717798590272 data_text_parser.cc:116] beg_pos: 12780,end_pos: 14991
I20251108 00:02:58.893858 139717798590272 data_text_parser.cc:59] line: 988|582|1720@18529310:0.465027;1185@246910951:0.751667;1587@60305121:0.930062;1048@2982442936:0.676824;1413@960807377:0.811867;1472@1295952612:0.595533;1861@1892189920:0.292081;1430@3804642031:0.505435;1384@3190777116:0.896108;1829@1290055087:0.883403;1635@478810572:0.618813;1785@185803107:0.555882;1712@2319685625:0.244929;1116@2840994480:0.696946;1010@1674283204:0.108487;1371@2400807622:0.033189;1381@3867680211:0.146208;1736@1066815972:0.182867;1206@500371833:0.923211;1202@1146157120:0.128559|67@0.161236,0.514511,0.16542,0.331645,0.058769,0.389416,0.261871,0.426973,0.156689,0.14194,0.005405;56@0.044841,0.716769,0.054894,0.750775,0.497652,0.916487,0.484802,0.506502,0.86048,0.451434,0.620295,0.658279;73@0.965144,0.104728;38@0.030668,0.301958,0.61234,0.698146,0.637317,0.037702,0.61005,0.015542,0.365008,0.077885;1@;14@0.964251,0.247384,0.168581,0.940854,0.477827,0.096614,0.784183,0.582654,0.285547;41@;32@0.250167,0.937844,0.569067,0.891805;70@0.808196,0.094828,0.28158,0.758757;43@0.719446,0.65506,0.322602,0.09486,0.565099,0.364423,0.573319,0.883621,0.356082,0.024024,0.693526;65@0.932883,0.062606,0.477337,0.05309;20@0.498753,0.500955,0.584333,0.507941;40@0.349618,0.859244,0.645172;100@0.279946;37@0.711027,0.485455,0.99054,0.817262,0.395886,0.986386,0.002516,0.653926,0.427248,0.191991,0.913791,0.773467,0.864665;27@0.960023,0.921904,0.514444,0.50995,0.808666,0.693711,0.726661;92@0.938039,0.366666,0.848865,0.228069,0.406167;10@0.333427,0.957248,0.172018,0.203671,0.70948,0.919162,0.714781,0.678562,0.013174,0.886439,0.490215,0.249606;75@0.078208,0.606889,0.360586,0.851459,0.496613,0.246132,0.184146,0.049489,0.778115,0.654379;84@0.904373,0.007957,0.476458,0.108522,0.963649,0.456486,0.902803,0.609493,0.541569,0.907364,0.280025;82@0.991727;47@0.084552,0.904938,0.867916,0.66489,0.590768,0.639998,0.043018,0.506281,0.109901,0.285826,0.195072;9@0.659758,0.280029,0.159736,0.510028,0.141942,0.39971,0.31751,0.099744,0.168141,0.919047,0.268994;39@0.947374,0.825322,0.409122,0.633398,0.56518,0.940557,0.114584,0.914655,0.044387;88@0.250858,0.99564,0.272229,0.473649,0.062924,0.892462,0.810397;30@0.413692,0.378957,0.547998,0.459607,0.793143,0.046448,0.243459,0.835595,0.097928,0.192608|0|1762487394
I20251108 00:02:58.893894 139717798590272 data_text_parser.cc:116] beg_pos: 14992,end_pos: 17208
I20251108 00:02:58.893906 139717798590272 data_text_parser.cc:59] line: 989|404|1720@1749003215:0.622824;1185@1937095967:0.40258;1587@3711815334:0.487345;1048@3044580123:0.144101;1413@2031445103:0.244628;1472@1641130760:0.704122;1861@3815673281:0.156448;1430@1292983171:0.432417;1384@2216671262:0.970956;1829@2361402931:0.363939;1635@3662774946:0.922308;1785@1390866690:0.662494;1712@3600431843:0.659846;1116@2255023404:0.535879;1010@3475935685:0.127324;1371@1937095967:0.120901;1381@2513345904:0.578178;1736@3095432747:0.860722;1206@4055035950:0.037208;1202@2531542397:0.286386|67@0.768505,0.526445,0.408723,0.587037,0.363181,0.425396,0.138124,0.863398,0.33416,0.843898,0.706829;56@0.607662,0.061664,0.148196,0.219446,0.376494,0.399849,0.087645,0.844533,0.873565,0.024432,0.488093,0.394847;73@0.217113,0.703546;38@0.437421,0.99846,0.394088,0.28531,0.199872,0.968999,0.080005,0.536285,0.006466,0.326919;1@;14@0.391522,0.102341,0.674191,0.523927,0.645859,0.584473,0.501464,0.549464,0.240167;41@;32@0.911164,0.227666,0.119032,0.855697;70@0.363137,0.351394,0.991837,0.167421;43@0.631929,0.4449,0.100467,0.016662,0.06904,0.29003,0.829591,0.204435,0.574304,0.801481,0.943786;65@0.806279,0.310097,0.541637,0.9914;20@0.532632,0.354232,0.623805,0.338664;40@0.87282,0.880109,0.2166;100@0.323977;37@0.409534,0.79407,0.008834,0.771096,0.215997,0.010309,0.935701,0.08897,0.772921,0.817461,0.508583,0.844359,0.702341;27@0.274896,0.439453,0.466503,0.721232,0.714703,0.715382,0.267695;92@0.216412,0.516377,0.387469,0.145647,0.481276;10@0.961918,0.582913,0.62668,0.718375,0.793548,0.567299,0.00787,0.730692,0.863571,0.889899,0.238112,0.188338;75@0.060308,0.989411,0.807421,0.962756,0.642389,0.649723,0.463157,0.407758,0.118884,0.467152;84@0.097648,0.014354,0.073511,0.154165,0.719943,0.402008,0.537721,0.032346,0.631583,0.887302,0.048151;82@0.595952;47@0.836335,0.463912,0.682954,0.450049,0.159568,0.865977,0.089723,0.075303,0.531308,0.078356,0.360524;9@0.106243,0.969662,0.047883,0.54597,0.966365,0.213352,0.348082,0.670167,0.616127,0.899533,0.818945;39@0.250087,0.798058,0.379666,0.192437,0.056948,0.609234,0.827652,0.566573,0.886832;88@0.486588,0.961979,0.10338,0.023661,0.59622,0.41243,0.066995;30@0.082184,0.731058,0.918665,0.032711,0.635982,0.057678,0.881652,0.989943,0.872138,0.087816|1|1762487394
I20251108 00:02:58.893943 139717798590272 data_text_parser.cc:116] beg_pos: 17209,end_pos: 19406
I20251108 00:02:58.893962 139717798590272 data_text_parser.cc:59] line: 990|793|1720@1620114528:0.358136;1185@3290045958:0.973497;1587@1772611130:0.773664;1048@1744493816:0.082259;1413@58938611:0.65425;1472@2015670579:0.038421;1861@4277349646:0.130385;1430@3418876364:0.05363;1384@646729656:0.040639;1829@3748577077:0.139503;1635@2133373530:0.301529;1785@2709621026:0.98553;1712@2183844235:0.178789;1116@314993624:0.632598;1010@380649756:0.628747;1371@804023819:0.076385;1381@1990325111:0.568675;1736@3779626714:0.70056;1206@403239728:0.659507;1202@4268954049:0.955204|67@0.749353,0.453101,0.012257,0.498972,0.618622,0.915478,0.962727,0.024163,0.232891,0.21213,0.302174;56@0.257647,0.59392,0.870884,0.48497,0.624161,0.543016,0.103759,0.255575,0.607307,0.997136,0.435313,0.82974;73@0.485304,0.243746;38@0.46295,0.315101,0.619714,0.89978,0.576275,0.23035,0.953287,0.362289,0.234493,0.046662;1@;14@0.745536,0.996175,0.584072,0.927858,0.912973,0.93082,0.20129,0.997213,0.515318;41@;32@0.612067,0.279941,0.7978,0.170623;70@0.80925,0.127482,0.257847,0.540237;43@0.859828,0.503113,0.950725,0.240992,0.631088,0.948488,0.112034,0.024908,0.41314,0.49672,0.192223;65@0.706457,0.640735,0.361769,0.651446;20@0.308242,0.712385,0.820743,0.984944;40@0.948277,0.161315,0.573727;100@0.231752;37@0.192534,0.021936,0.81339,0.292375,0.954097,0.341864,0.479677,0.349614,0.889785,0.968115,0.738325,0.085312,0.90725;27@0.945262,0.383772,0.2946,0.179432,0.593285,0.559002,0.759526;92@0.24334,0.677079,0.107795,0.314067,0.126397;10@0.016028,0.620979,0.619068,0.893268,0.661601,0.71603,0.160767,0.830426,0.662234,0.529361,0.027178,0.736013;75@0.677012,0.033703,0.080674,0.614139,0.48321,0.644504,0.462283,0.664349,0.678311,0.858778;84@0.187649,0.457727,0.741867,0.486847,0.329735,0.545683,0.091411,0.935103,0.70019,0.878492,0.043498;82@0.972829;47@0.106507,0.515451,0.557102,0.454768,0.820116,0.823501,0.751426,0.423444,0.040303,0.42047,0.578386;9@0.628088,0.582266,0.23429,0.401513,0.568737,0.242189,0.116344,0.930782,0.88435,0.892693,0.04108;39@0.771932,0.691871,0.072865,0.197282,0.19439,0.998608,0.226826,0.032835,0.495235;88@0.498823,0.265082,0.57607,0.36051,0.850485,0.053441,0.865981;30@0.020033,0.126575,0.391284,0.444346,0.098449,0.269758,0.860569,0.043834,0.460955,0.969093|1|1762487394
I20251108 00:02:58.893986 139717798590272 data_text_parser.cc:116] beg_pos: 19407,end_pos: 20480
I20251108 00:02:58.894214 139717798590272 data_text_parser.cc:101] get chunk buffer, size: 18823
I20251108 00:02:58.894234 139717798590272 data_text_parser.cc:116] beg_pos: 0,end_pos: 1148
I20251108 00:02:58.894241 139717798590272 data_text_parser.cc:61] buffer line: 991|842|1720@2058981767:0.263587;1185@3211415092:0.406421;1587@3227719217:0.551277;1048@1703210761:0.638907;1413@1631302992:0.847155;1472@1316823113:0.014765;1861@3589467322:0.284578;1430@1006103542:0.510844;1384@3268807007:0.606626;1829@3071370439:0.796178;1635@2293014465:0.593112;1785@3224956295:0.857852;1712@2355948384:0.635061;1116@3502989535:0.828448;1010@670269425:0.583209;1371@1497604263:0.164568;1381@3537494850:0.593228;1736@2558641444:0.759621;1206@856828996:0.507457;1202@3322603485:0.534508|67@0.693703,0.579911,0.625463,0.164076,0.843419,0.263861,0.573406,0.046366,0.471298,0.023587,0.387945;56@0.980856,0.046874,0.425878,0.070939,0.141833,0.077752,0.714803,0.921252,0.183386,0.965278,0.904675,0.097776;73@0.289846,0.030635;38@0.394262,0.087615,0.442011,0.917989,0.518001,0.494873,0.394756,0.229489,0.475996,0.391968;1@;14@0.677379,0.942825,0.509699,0.323991,0.504841,0.549577,0.203333,0.800998,0.747978;41@;32@0.442171,0.404066,0.468965,0.837741;70@0.244931,0.363187,0.480921,0.402385;43@0.774422,0.713275,0.527182,0.662806,0.560734,0.351924,0.856447,0.806392,0.315381,0.286062,0.256591;65@0.068333,0.880754,0.215044,0.350437;20@0.893571,0.146144,0.849249,0.515891;40@0.783826,0.18706,0.379714;100@0.556705;37@0.205638,0.733658,0.452936,0.784253,0.649774,0.880219,0.369025,0.853779,0.151673,0.242774,0.796748,0.069798,0.643671;27@0.734782,0.105534,0.572163,0.420639,0.800993,0.714122,0.28988;92@0.292682,0.568446,0.549191,0.398381,0.7075;10@0.583745,0.030324,0.112267,0.939822,0.374663,0.716227,0.561858,0.285494,0.020306,0.24681,0.233808,0.519672;75@0.099455,0.577848,0.331509,0.636512,0.107684,0.585107,0.834855,0.673398,0.20571,0.671445;84@0.492327,0.48638,0.696581,0.130225,0.131093,0.845237,0.208987,0.859576,0.991195,0.096859,0.650872;82@0.156899;47@0.684469,0.828405,0.789759,0.542819,0.537534,0.024895,0.285879,0.770817,0.973082,0.153495,0.779765;9@0.58163,0.066016,0.358357,0.50729,0.720703,0.665165,0.308157,0.680406,0.690994,0.278716,0.114917;39@0.697779,0.64344,0.48593,0.875606,0.467387,0.924941,0.793256,0.67628,0.588474;88@0.937638,0.964213,0.352959,0.056311,0.827775,0.003219,0.173809;30@0.43779,0.353679,0.973833,0.328467,0.869272,0.07957,0.329472,0.956595,0.295198,0.644288|1|1762487394
I20251108 00:02:58.894289 139717798590272 data_text_parser.cc:116] beg_pos: 1149,end_pos: 3352
I20251108 00:02:58.894306 139717798590272 data_text_parser.cc:59] line: 992|26|1720@3416152667:0.420634;1185@530747068:0.695018;1587@3949667100:0.817158;1048@2999330746:0.559799;1413@3549326432:0.372834;1472@3900966566:0.990761;1861@2687539007:0.194644;1430@120166187:0.703658;1384@2012673267:0.386195;1829@3021825018:0.015562;1635@634734591:0.010581;1785@3735839220:0.551707;1712@2938912377:0.575473;1116@2082495130:0.069505;1010@1259839825:0.863318;1371@4037154949:0.205966;1381@3357246432:0.872196;1736@185720613:0.10008;1206@1853774765:0.521118;1202@1824873661:0.701995|67@0.394911,0.505821,0.874423,0.155523,0.107609,0.564999,0.874622,0.359193,0.330754,0.425874,0.245876;56@0.944168,0.492526,0.214888,0.843047,0.96714,0.559997,0.213605,0.89679,0.661101,0.202606,0.011893,0.765632;73@0.553669,0.337916;38@0.698399,0.0146,0.43622,0.100778,0.711381,0.588856,0.895765,0.565244,0.310767,0.874558;1@;14@0.144121,0.893002,0.042251,0.687056,0.867724,0.270371,0.803962,0.918834,0.884166;41@;32@0.715004,0.943856,0.079079,0.071514;70@0.321831,0.20696,0.048777,0.631661;43@0.120635,0.824314,0.862613,0.358663,0.933088,0.519176,0.278138,0.680695,0.249897,0.584215,0.767153;65@0.953901,0.39503,0.237379,0.001855;20@0.276385,0.122498,0.79397,0.970794;40@0.044034,0.878163,0.336441;100@0.056962;37@0.333306,0.716877,0.586997,0.690439,0.01295,0.446584,0.042632,0.310246,0.173574,0.759589,0.972366,0.049055,0.31056;27@0.27499,0.939091,0.967344,0.330597,0.213163,0.384515,0.360436;92@0.303126,0.91407,0.105087,0.798787,0.158921;10@0.901933,0.57234,0.535003,0.438374,0.18383,0.648016,0.725939,0.993316,0.014299,0.074162,0.030253,0.634144;75@0.707014,0.020448,0.707886,0.291705,0.077019,0.252898,0.877091,0.038241,0.800317,0.699942;84@0.645679,0.060639,0.768324,0.889943,0.996579,0.727962,0.5807,0.506618,0.99843,0.37296,0.404823;82@0.749823;47@0.333331,0.455169,0.477553,0.324755,0.494912,0.216883,0.847136,0.122843,0.468895,0.326018,0.129062;9@0.675016,0.829492,0.728765,0.437583,0.25151,0.54912,0.186979,0.600858,0.291188,0.02495,0.168622;39@0.35103,0.221248,0.39604,0.403325,0.364745,0.13324,0.758741,0.986418,0.681223;88@0.039575,0.922362,0.840227,0.894159,0.558685,0.931197,0.810277;30@0.506969,0.348412,0.89442,0.480563,0.837743,0.90683,0.651759,0.97879,0.382565,0.45778|0|1762487394
I20251108 00:02:58.894352 139717798590272 data_text_parser.cc:116] beg_pos: 3353,end_pos: 5565
I20251108 00:02:58.894365 139717798590272 data_text_parser.cc:59] line: 993|810|1720@1045419940:0.702094;1185@3942798131:0.955488;1587@3208098034:0.237412;1048@1770673893:0.814019;1413@63338498:0.418801;1472@1330693859:0.827822;1861@2821135893:0.630678;1430@3753071667:0.644665;1384@3878516975:0.8558;1829@2210154629:0.25364;1635@1902390599:0.469329;1785@3424842665:0.409983;1712@1604101227:0.693118;1116@2093902722:0.742906;1010@2329106810:0.802444;1371@203090791:0.567017;1381@3199710096:0.004056;1736@2739958880:0.623971;1206@1523021809:0.887353;1202@3321779455:0.739135|67@0.143363,0.836066,0.597155,0.73093,0.710194,0.209421,0.325072,0.759543,0.439011,0.008144,0.575078;56@0.043297,0.187228,0.724245,0.238634,0.372338,0.40987,0.957119,0.481659,0.837577,0.9878,0.70921,0.715614;73@0.169387,0.731904;38@0.857688,0.387989,0.363472,0.399594,0.692807,0.120829,0.899456,0.847328,0.230697,0.301377;1@;14@0.746066,0.668106,0.120047,0.729182,0.60499,0.87695,0.413272,0.93121,0.68758;41@;32@0.120641,0.705262,0.388964,0.022229;70@0.394765,0.509214,0.750754,0.094162;43@0.203731,0.366475,0.619371,0.069588,0.585913,0.683189,0.590188,0.914312,0.280501,0.667576,0.196173;65@0.723373,0.005716,0.767573,0.560682;20@0.021627,0.572098,0.580779,0.587973;40@0.451081,0.912725,0.649003;100@0.207962;37@0.450879,0.518884,0.036037,0.228825,0.594678,0.835465,0.009268,0.684812,0.789605,0.785621,0.943148,0.339295,0.315171;27@0.943797,0.950862,0.891018,0.507037,0.664505,0.863101,0.300173;92@0.145881,0.843941,0.593795,0.558587,0.522474;10@0.989399,0.227719,0.865481,0.425725,0.918377,0.992405,0.258427,0.900478,0.39118,0.525245,0.429604,0.552362;75@0.514282,0.49426,0.043258,0.468242,0.616081,0.376221,0.741198,0.952754,0.325571,0.200195;84@0.569922,0.293512,0.11388,0.005642,0.907814,0.318757,0.743323,0.11621,0.361093,0.783436,0.819895;82@0.322804;47@0.216278,0.420122,0.926423,0.207667,0.990339,0.939413,0.077581,0.637944,0.203029,0.939948,0.023863;9@0.757359,0.829696,0.327231,0.032878,0.461487,0.103907,0.787449,0.561283,0.422008,0.079402,0.76466;39@0.241769,0.88463,0.212086,0.139548,0.865243,0.407136,0.655461,0.0288,0.86599;88@0.826129,0.662376,0.059127,0.757366,0.048662,0.074537,0.074319;30@0.998497,0.930299,0.248162,0.086942,0.11964,0.962685,0.339431,0.947038,0.189054,0.539775|1|1762487394
I20251108 00:02:58.894401 139717798590272 data_text_parser.cc:116] beg_pos: 5566,end_pos: 7781
I20251108 00:02:58.894414 139717798590272 data_text_parser.cc:59] line: 994|928|1720@2739906793:0.404034;1185@1790724546:0.349534;1587@1729897480:0.345454;1048@3406907496:0.034999;1413@1632224046:0.139883;1472@1205488549:0.880754;1861@2890058868:0.865831;1430@4212880600:0.574686;1384@1391005586:0.012936;1829@3021608229:0.624778;1635@523149577:0.858069;1785@3398649579:0.836959;1712@4133805870:0.375452;1116@1209205888:0.140115;1010@3299062035:0.714169;1371@1846060370:0.650454;1381@4246090680:0.605087;1736@2055300698:0.789239;1206@922505277:0.03486;1202@684912543:0.451947|67@0.623463,0.086245,0.248751,0.287879,0.907412,0.030267,0.315517,0.15716,0.465095,0.135493,0.554122;56@0.271412,0.75682,0.671305,0.307733,0.751112,0.28645,0.626212,0.023645,0.247486,0.836215,0.842196,0.55197;73@0.310197,0.132153;38@0.836175,0.685744,0.423303,0.230701,0.175825,0.130489,0.89827,0.939139,0.928093,0.339987;1@;14@0.36709,0.919934,0.762993,0.135864,0.029529,0.591115,0.026063,0.75844,0.007375;41@;32@0.136599,0.270376,0.920054,0.544543;70@0.188842,0.673254,0.083309,0.650816;43@0.804589,0.847232,0.265169,0.068303,0.79616,0.41134,0.94104,0.905939,0.418925,0.760337,0.037562;65@0.062272,0.760648,0.04629,0.240442;20@0.726537,0.246965,0.253463,0.544296;40@0.995241,0.35341,0.218285;100@0.213388;37@0.471078,0.03234,0.341973,0.667272,0.373492,0.315933,0.699806,0.799456,0.40665,0.510152,0.813575,0.937846,0.128548;27@0.055866,0.263159,0.840366,0.941057,0.398433,0.373651,0.589204;92@0.813151,0.600128,0.065572,0.045157,0.413566;10@0.926876,0.390954,0.298463,0.006222,0.641158,0.831682,0.935361,0.968473,0.977934,0.68844,0.858962,0.394786;75@0.009023,0.588042,0.551858,0.791107,0.646275,0.919805,0.895981,0.733591,0.475236,0.507947;84@0.694786,0.187331,0.383299,0.317931,0.587884,0.070884,0.983315,0.454021,0.720412,0.802236,0.263989;82@0.735928;47@0.157933,0.401631,0.636442,0.400067,0.742239,0.822792,0.775493,0.789071,0.439045,0.663354,0.835494;9@0.362105,0.146183,0.914318,0.325842,0.476117,0.556501,0.509888,0.1017,0.513991,0.390649,0.200014;39@0.537172,0.233989,0.778017,0.899072,0.181376,0.097525,0.452793,0.604806,0.806748;88@0.654421,0.319862,0.709416,0.208149,0.261617,0.586154,0.575483;30@0.914727,0.05087,0.079824,0.395307,0.248253,0.295413,0.639911,0.419113,0.725302,0.320412|0|1762487394
I20251108 00:02:58.894452 139717798590272 data_text_parser.cc:116] beg_pos: 7782,end_pos: 9984
I20251108 00:02:58.894464 139717798590272 data_text_parser.cc:59] line: 995|801|1720@1955907676:0.807466;1185@392167731:0.08869;1587@64099272:0.355266;1048@2979127701:0.028341;1413@332917918:0.25075;1472@4285948926:0.812689;1861@1877376644:0.200658;1430@3012809083:0.597405;1384@237784065:0.307146;1829@752471169:0.442294;1635@3125326995:0.79698;1785@2434904239:0.537421;1712@2351001140:0.200661;1116@4134806252:0.508815;1010@1070162933:0.659766;1371@1995053175:0.375927;1381@291413227:0.940632;1736@4110680171:0.867702;1206@3379271736:0.963988;1202@1300481546:0.123898|67@0.875434,0.106484,0.46312,0.856429,0.369553,0.680897,0.375713,0.170944,0.21982,0.185164,0.669847;56@0.835114,0.233925,0.790538,0.81307,0.14984,0.332336,0.425915,0.85528,0.190578,0.966902,0.517816,0.369712;73@0.130407,0.127932;38@0.539558,0.162464,0.73937,0.069134,0.993471,0.48036,0.987312,0.967182,0.874012,0.130532;1@;14@0.957124,0.857128,0.47093,0.351148,0.844253,0.173433,0.835753,0.042045,0.764089;41@;32@0.475505,0.160322,0.802977,0.774311;70@0.263182,0.98383,0.889393,0.251908;43@0.757091,0.915617,0.217795,0.350818,0.617708,0.206102,0.834018,0.64751,0.70529,0.51318,0.659755;65@0.149523,0.689105,0.978125,0.859581;20@0.586384,0.473601,0.388738,0.652373;40@0.815374,0.940141,0.125686;100@0.687439;37@0.090264,0.480566,0.712879,0.199929,0.66223,0.177744,0.020935,0.435876,0.751309,0.97301,0.416557,0.759551,0.275468;27@0.11032,0.519054,0.2581,0.99047,0.922371,0.319637,0.066411;92@0.06514,0.499595,0.028611,0.08753,0.799069;10@0.242986,0.089859,0.201207,0.128795,0.233544,0.134238,0.267499,0.516751,0.53724,0.734061,0.831915,0.355395;75@0.744528,0.306965,0.793482,0.961134,0.832821,0.499686,0.333674,0.465884,0.650946,0.875583;84@0.231622,0.132181,0.356514,0.419376,0.681338,0.772456,0.085411,0.160394,0.929617,0.280443,0.259485;82@0.228712;47@0.461638,0.582933,0.35676,0.988887,0.295393,0.508472,0.90886,0.209976,0.772809,0.922979,0.649918;9@0.680444,0.294204,0.279311,0.489898,0.240372,0.500249,0.89565,0.495443,0.450371,0.976029,0.040789;39@0.462663,0.162674,0.593175,0.23181,0.439352,0.625002,0.030726,0.634212,0.220775;88@0.233461,0.269069,0.598579,0.793425,0.982941,0.244671,0.613316;30@0.115899,0.870445,0.881362,0.923716,0.107261,0.580279,0.989623,0.052659,0.592861,0.452542|1|1762487394
I20251108 00:02:58.894504 139717798590272 data_text_parser.cc:116] beg_pos: 9985,end_pos: 12185
I20251108 00:02:58.894516 139717798590272 data_text_parser.cc:59] line: 996|446|1720@2551811491:0.947136;1185@2294087452:0.167528;1587@376580375:0.287739;1048@521503941:0.769824;1413@752129406:0.702197;1472@2329106810:0.088336;1861@3712311671:0.516802;1430@2535067336:0.949032;1384@106137809:0.949659;1829@3825737564:0.248354;1635@4031015206:0.319971;1785@336085958:0.947074;1712@2975257200:0.175478;1116@84671134:0.114054;1010@3491006586:0.271799;1371@1537610209:0.669402;1381@3366400057:0.522293;1736@2785771063:0.32249;1206@2926868473:0.235049;1202@560666337:0.609415|67@0.75867,0.616508,0.945201,0.230616,0.359878,0.116017,0.260978,0.502834,0.199784,0.620285,0.49784;56@0.187695,0.11706,0.967586,0.479678,0.068488,0.606944,0.412175,0.719301,0.990137,0.050528,0.041305,0.497707;73@0.448167,0.320927;38@0.264456,0.105155,0.755571,0.95765,0.692423,0.956482,0.261935,0.834752,0.557225,0.792818;1@;14@0.192378,0.4734,0.344124,0.785395,0.102596,0.431042,0.004214,0.415522,0.635507;41@;32@0.035297,0.409223,0.793771,0.12771;70@0.974149,0.450076,0.707877,0.857582;43@0.558587,0.745948,0.661166,0.137357,0.76956,0.518496,0.91623,0.168166,0.378247,0.328984,0.923676;65@0.220599,0.33193,0.16665,0.001416;20@0.841499,0.1592,0.113435,0.34374;40@0.22146,0.730432,0.634358;100@0.419608;37@0.235159,0.452631,0.074556,0.859809,0.385154,0.310255,0.978983,0.507875,0.363418,0.764408,0.742021,0.266037,0.142704;27@0.075614,0.527505,0.414825,0.424385,0.441686,0.218465,0.839528;92@0.73299,0.0553,0.819328,0.74656,0.969412;10@0.697737,0.093393,0.282527,0.358414,0.468886,0.298573,0.678926,0.841304,0.72142,0.829497,0.388627,0.49095;75@0.316647,0.771107,0.48693,0.737955,0.953851,0.261007,0.10056,0.953423,0.959448,0.636824;84@0.558369,0.058788,0.388291,0.60507,0.165628,0.219804,0.004343,0.193716,0.730224,0.103724,0.881807;82@0.081378;47@0.65693,0.440161,0.128712,0.308323,0.574354,0.746455,0.161152,0.180878,0.382663,0.049053,0.234116;9@0.722354,0.418606,0.788031,0.163756,0.786946,0.47486,0.449685,0.646704,0.146298,0.917464,0.085399;39@0.302913,0.132479,0.274758,0.58988,0.055353,0.000285,0.104814,0.23247,0.089223;88@0.675437,0.198826,0.493932,0.369569,0.384233,0.566961,0.807461;30@0.384569,0.428872,0.044292,0.733535,0.130174,0.669831,0.585627,0.499499,0.212346,0.058272|1|1762487394
I20251108 00:02:58.894582 139717798590272 data_text_parser.cc:116] beg_pos: 12186,end_pos: 14404
I20251108 00:02:58.894595 139717798590272 data_text_parser.cc:59] line: 997|532|1720@3560890740:0.395793;1185@320550786:0.155973;1587@1731244253:0.758352;1048@3964585413:0.779084;1413@1479506252:0.954849;1472@3018160254:0.060514;1861@4267755220:0.322774;1430@1116261277:0.659117;1384@1865623089:0.238138;1829@1955907676:0.946165;1635@3892452926:0.646782;1785@486065304:0.128947;1712@2204934973:0.617079;1116@1359925602:0.271813;1010@298675368:0.063952;1371@1251511871:0.295929;1381@998869518:0.553367;1736@330077362:0.824474;1206@1430437857:0.348059;1202@1300481546:0.718116|67@0.857226,0.289839,0.085646,0.443472,0.930532,0.567139,0.352877,0.391358,0.850775,0.165972,0.520856;56@0.80002,0.722494,0.471516,0.799294,0.307303,0.967933,0.37444,0.323803,0.163646,0.488289,0.936926,0.70852;73@0.222705,0.391604;38@0.851613,0.040162,0.527406,0.05498,0.348339,0.529032,0.520893,0.31074,0.03811,0.812736;1@;14@0.566224,0.240023,0.319507,0.449548,0.365648,0.136925,0.249545,0.987413,0.595674;41@;32@0.253561,0.194443,0.381338,0.394429;70@0.722989,0.702021,0.044452,0.542984;43@0.13792,0.801012,0.751451,0.741729,0.660627,0.657688,0.39299,0.870953,0.047488,0.778437,0.881092;65@0.844848,0.755501,0.841333,0.092173;20@0.966337,0.86315,0.773551,0.711756;40@0.308834,0.755338,0.044383;100@0.172819;37@0.940618,0.011564,0.548854,0.596689,0.458457,0.487553,0.812759,0.452109,0.414297,0.07622,0.456687,0.373569,0.730005;27@0.515943,0.651661,0.015029,0.058546,0.256772,0.136581,0.429809;92@0.101256,0.708567,0.891109,0.627578,0.608383;10@0.272439,0.028319,0.485945,0.685699,0.826964,0.060424,0.499732,0.858062,0.807287,0.098445,0.784739,0.866933;75@0.637736,0.292026,0.786388,0.311449,0.054953,0.317213,0.252156,0.375261,0.611409,0.88356;84@0.215414,0.718466,0.877098,0.868132,0.195455,0.589499,0.044127,0.943761,0.172542,0.825206,0.396328;82@0.268468;47@0.016691,0.326164,0.162194,0.944053,0.372756,0.377761,0.883838,0.320389,0.444674,0.264145,0.051629;9@0.475839,0.378334,0.744232,0.799051,0.353631,0.620197,0.624723,0.825524,0.217511,0.318676,0.831217;39@0.307592,0.558869,0.213289,0.146917,0.209957,0.70808,0.955088,0.508026,0.116431;88@0.088672,0.273599,0.927193,0.171575,0.753591,0.78009,0.254926;30@0.620858,0.384273,0.833408,0.479403,0.750799,0.50157,0.909149,0.968136,0.978662,0.529542|0|1762487394
I20251108 00:02:58.894633 139717798590272 data_text_parser.cc:116] beg_pos: 14405,end_pos: 16609
I20251108 00:02:58.894645 139717798590272 data_text_parser.cc:59] line: 998|873|1720@1487132287:0.278711;1185@368714847:0.997847;1587@700011878:0.566417;1048@1665092541:0.044356;1413@1095346906:0.601038;1472@878666113:0.877702;1861@2975150450:0.108228;1430@593278313:0.367204;1384@2811627758:0.439411;1829@3256475484:0.22283;1635@1522856271:0.642601;1785@3985843876:0.932677;1712@1324443726:0.344621;1116@3586293721:0.568168;1010@557740510:0.384888;1371@1465389066:0.234484;1381@904786984:0.87254;1736@2756608350:0.195196;1206@1880634992:0.067228;1202@4214320470:0.230473|67@0.211401,0.190365,0.456757,0.349611,0.167441,0.989583,0.912924,0.868199,0.784665,0.894262,0.91456;56@0.556158,0.309098,0.666288,0.820955,0.941404,0.753832,0.060626,0.627133,0.578497,0.833756,0.35781,0.846682;73@0.256678,0.218535;38@0.185589,0.362286,0.40845,0.107162,0.736642,0.266356,0.549339,0.136603,0.468912,0.473003;1@;14@0.840748,0.060831,0.752608,0.080376,0.469634,0.387173,0.49854,0.778647,0.471729;41@;32@0.072207,0.37578,0.044381,0.437518;70@0.446651,0.540699,0.861811,0.317554;43@0.644913,0.837885,0.766507,0.284897,0.299097,0.086466,0.713665,0.244028,0.028611,0.479253,0.393399;65@0.488684,0.651916,0.442085,0.552973;20@0.08759,0.509228,0.713933,0.210503;40@0.955272,0.456726,0.036075;100@0.413005;37@0.682768,0.176178,0.714403,0.010247,0.117981,0.442872,0.927793,0.186257,0.922416,0.033214,0.880301,0.56933,0.936572;27@0.34724,0.223021,0.041137,0.264709,0.959781,0.957528,0.64444;92@0.582672,0.311192,0.542967,0.599162,0.296576;10@0.864348,0.110873,0.126271,0.489378,0.926685,0.113659,0.878133,0.080224,0.269674,0.671681,0.897611,0.759494;75@0.713597,0.719286,0.782538,0.577251,0.760532,0.32334,0.699214,0.115106,0.79839,0.911853;84@0.699919,0.653344,0.605427,0.693415,0.357621,0.469,0.89465,0.604947,0.922251,0.938324,0.81024;82@0.61444;47@0.792941,0.684865,0.767691,0.648967,0.36583,0.9043,0.730389,0.450473,0.424903,0.695197,0.937598;9@0.779323,0.372566,0.0414,0.318992,0.823899,0.15049,0.146408,0.387235,0.726515,0.410241,0.172853;39@0.515728,0.172487,0.096891,0.330666,0.801383,0.795571,0.418077,0.578691,0.776865;88@0.10808,0.839904,0.745895,0.442623,0.278392,0.40418,0.441338;30@0.500238,0.574334,0.224691,0.956054,0.989126,0.021809,0.989014,0.468846,0.031475,0.297561|0|1762487394
I20251108 00:02:58.894681 139717798590272 data_text_parser.cc:116] beg_pos: 16610,end_pos: 18822
I20251108 00:02:58.894694 139717798590272 data_text_parser.cc:59] line: 999|873|1720@1205488549:0.159876;1185@3936967341:0.154535;1587@2657631841:0.745008;1048@397612667:0.642947;1413@4001203139:0.458035;1472@512817609:0.039684;1861@1762573004:0.23302;1430@941079203:0.078055;1384@1599670772:0.203965;1829@1405456449:0.375692;1635@2843139495:0.404069;1785@2208034751:0.393608;1712@1880997759:0.255114;1116@1210485021:0.885344;1010@1682121139:0.824058;1371@1874588049:0.069314;1381@2232708298:0.419385;1736@3713776499:0.018011;1206@96343719:0.927889;1202@3379271736:0.027057|67@0.126649,0.77909,0.877602,0.527179,0.617456,0.02563,0.971955,0.336864,0.482591,0.947519,0.097798;56@0.114161,0.634997,0.481074,0.099047,0.116314,0.775591,0.839465,0.19409,0.795016,0.098008,0.301792,0.646991;73@0.243639,0.392994;38@0.849921,0.738323,0.945988,0.806463,0.23317,0.018666,0.558245,0.43985,0.814118,0.142091;1@;14@0.163334,0.672845,0.918537,0.228108,0.266817,0.912553,0.383413,0.444919,0.376777;41@;32@0.713634,0.735115,0.314637,0.242296;70@0.939135,0.713375,0.877945,0.321545;43@0.456913,0.903164,0.911175,0.089533,0.523826,0.102559,0.645481,0.774787,0.327737,0.048768,0.726776;65@0.93818,0.885067,0.113808,0.704378;20@0.044356,0.708248,0.747323,0.487117;40@0.622745,0.563324,0.715218;100@0.261703;37@0.538876,0.084119,0.974436,0.010517,0.418043,0.122645,0.629782,0.802035,0.019826,0.840839,0.281763,0.127295,0.48459;27@0.229817,0.597609,0.328259,0.391652,0.130319,0.8815,0.415248;92@0.315743,0.424937,0.210384,0.803742,0.250199;10@0.73143,0.891931,0.202833,0.911062,0.470777,0.810421,0.055984,0.304289,0.806348,0.145925,0.147181,0.147111;75@0.041316,0.351248,0.660131,0.99122,0.27483,0.849695,0.771124,0.688684,0.487593,0.330679;84@0.630308,0.743896,0.600089,0.19844,0.881738,0.532239,0.820934,0.276805,0.363481,0.495132,0.537673;82@0.403646;47@0.825384,0.148998,0.29644,0.810347,0.875913,0.272354,0.395145,0.731333,0.010583,0.186261,0.16069;9@0.541995,0.366163,0.629734,0.097531,0.028699,0.042901,0.000816,0.036298,0.44459,0.316007,0.046521;39@0.37167,0.670752,0.043996,0.784842,0.518702,0.381689,0.013607,0.928981,0.319064;88@0.410688,0.67402,0.78635,0.785406,0.382388,0.161818,0.632609;30@0.457092,0.606836,0.976265,0.808175,0.682776,0.299859,0.371665,0.710971,0.836728,0.465409|1|1762487394
I20251108 00:02:58.894716 139717798590272 data_text_parser.cc:101] get chunk buffer, size: 0
.
----------------------------------------------------------------------
Ran 1 test in 0.081s

OK

s:  <DataFlow.csrc.pybind_module.BatchRow object at 0x7f1288b26c70>
s:  <DataFlow.csrc.pybind_module.BatchRow object at 0x7f1288b26630>
s:  <DataFlow.csrc.pybind_module.BatchRow object at 0x7f1288cf6ef0>
s:  <DataFlow.csrc.pybind_module.BatchRow object at 0x7f1288b26630>
s:  <DataFlow.csrc.pybind_module.BatchRow object at 0x7f1288cf6ef0>
s:  <DataFlow.csrc.pybind_module.BatchRow object at 0x7f1288b26630>
s:  <DataFlow.csrc.pybind_module.BatchRow object at 0x7f1288cf6ef0>
s:  <DataFlow.csrc.pybind_module.BatchRow object at 0x7f1288b26630>
s:  <DataFlow.csrc.pybind_module.BatchRow object at 0x7f1288cf6ef0>
s:  <DataFlow.csrc.pybind_module.BatchRow object at 0x7f1288b26630>
s:  <DataFlow.csrc.pybind_module.BatchRow object at 0x7f1288cf6ef0>
s:  <DataFlow.csrc.pybind_module.BatchRow object at 0x7f1288b26630>
s:  <DataFlow.csrc.pybind_module.BatchRow object at 0x7f1288cf6ef0>
s:  <DataFlow.csrc.pybind_module.BatchRow object at 0x7f1288b26630>
s:  <DataFlow.csrc.pybind_module.BatchRow object at 0x7f1288cf6ef0>
s:  <DataFlow.csrc.pybind_module.BatchRow object at 0x7f1288b26630>
s:  <DataFlow.csrc.pybind_module.BatchRow object at 0x7f1288cf6ef0>
s:  <DataFlow.csrc.pybind_module.BatchRow object at 0x7f1288b26630>
s:  <DataFlow.csrc.pybind_module.BatchRow object at 0x7f1288cf6ef0>
s:  <DataFlow.csrc.pybind_module.BatchRow object at 0x7f1288b26630>
s:  <DataFlow.csrc.pybind_module.BatchRow object at 0x7f1288cf6ef0>
s:  <DataFlow.csrc.pybind_module.BatchRow object at 0x7f1288b26630>
s:  <DataFlow.csrc.pybind_module.BatchRow object at 0x7f1288cf6ef0>
s:  <DataFlow.csrc.pybind_module.BatchRow object at 0x7f1288b26630>
s:  <DataFlow.csrc.pybind_module.BatchRow object at 0x7f1288cf6ef0>
s:  <DataFlow.csrc.pybind_module.BatchRow object at 0x7f1288b26630>
s:  <DataFlow.csrc.pybind_module.BatchRow object at 0x7f1288cf6ef0>
s:  <DataFlow.csrc.pybind_module.BatchRow object at 0x7f1288b26630>
s:  <DataFlow.csrc.pybind_module.BatchRow object at 0x7f1288cf6ef0>
s:  <DataFlow.csrc.pybind_module.BatchRow object at 0x7f1288b26630>
s:  <DataFlow.csrc.pybind_module.BatchRow object at 0x7f1288cf6ef0>
s:  <DataFlow.csrc.pybind_module.BatchRow object at 0x7f1288b26630>
s:  <DataFlow.csrc.pybind_module.BatchRow object at 0x7f1288cf6ef0>
s:  <DataFlow.csrc.pybind_module.BatchRow object at 0x7f1288b26630>
s:  <DataFlow.csrc.pybind_module.BatchRow object at 0x7f1288cf6ef0>
s:  <DataFlow.csrc.pybind_module.BatchRow object at 0x7f1288b26630>
s:  <DataFlow.csrc.pybind_module.BatchRow object at 0x7f1288cf6ef0>
s:  <DataFlow.csrc.pybind_module.BatchRow object at 0x7f1288b26630>
s:  <DataFlow.csrc.pybind_module.BatchRow object at 0x7f1288cf6ef0>
s:  <DataFlow.csrc.pybind_module.BatchRow object at 0x7f1288b26630>
s:  <DataFlow.csrc.pybind_module.BatchRow object at 0x7f1288cf6ef0>
s:  <DataFlow.csrc.pybind_module.BatchRow object at 0x7f1288b26630>
s:  <DataFlow.csrc.pybind_module.BatchRow object at 0x7f1288cf6ef0>
s:  <DataFlow.csrc.pybind_module.BatchRow object at 0x7f1288b26630>
s:  <DataFlow.csrc.pybind_module.BatchRow object at 0x7f1288cf6ef0>
s:  <DataFlow.csrc.pybind_module.BatchRow object at 0x7f1288b26630>
s:  <DataFlow.csrc.pybind_module.BatchRow object at 0x7f1288cf6ef0>
s:  <DataFlow.csrc.pybind_module.BatchRow object at 0x7f1288b26630>
<DataFlow.csrc.pybind_module.DataTextParser object at 0x7f1288c9c1b0>
